[INFO] [1791381580.092617117] [probe_a]: PROCESSING_RATES control=50.0 Hz depth_limit=0.0 Hz (0=unlimited)
[INFO] [1791381580.095044910] [probe_a]: C++ controller commands publish on /probe_a/position_cmd; horizontal views=1
[INFO] [1791381580.115113856] [probe_a]: WAITING_ODOMETRY
[INFO] [1791381580.156566047] [probe_a]: OMNI_DEPTH views=1 azimuth_bins=180 elevation_bins=37 valid=0 certificates=64 short=0 held=0 local_candidates=0 yaw=0.00
[INFO] [1791381580.156606543] [probe_a]: UNOBSERVED_BODY_ENVELOPE
[INFO] [1791381580.156610892] [probe_a]: PAPER_BUILD reason= required=0.0000 best=0.0000 free=0 refined=0 tubes=0 revoked_tubes=0 proofs=0
[INFO] [1791381580.156615049] [probe_a]: PAPER_EVIDENCE retained=0 balls=0 revoked_balls=0 expired_views=0 evicted_views=0 radius=0.580 clearance=0.000 best_prefix=0.000
[INFO] [1791381581.156674093] [probe_a]: OMNI_DEPTH views=1 azimuth_bins=180 elevation_bins=37 valid=0 certificates=64 short=0 held=0 local_candidates=0 yaw=0.00
[INFO] [1791381581.156731611] [probe_a]: PAPER_BUILD reason= required=0.0000 best=0.0000 free=0 refined=0 tubes=0 revoked_tubes=0 proofs=0
[INFO] [1791381581.156738183] [probe_a]: PAPER_EVIDENCE retained=0 balls=0 revoked_balls=0 expired_views=0 evicted_views=0 radius=0.580 clearance=0.000 best_prefix=0.000
[INFO] [1791381582.176549808] [probe_a]: OMNI_DEPTH views=1 azimuth_bins=180 elevation_bins=37 valid=0 certificates=64 short=0 held=0 local_candidates=0 yaw=0.00
[INFO] [1791381582.176615201] [probe_a]: PAPER_BUILD reason= required=0.0000 best=0.0000 free=0 refined=0 tubes=0 revoked_tubes=0 proofs=0
[INFO] [1791381582.176621764] [probe_a]: PAPER_EVIDENCE retained=0 balls=0 revoked_balls=0 expired_views=0 evicted_views=0 radius=0.580 clearance=0.000 best_prefix=0.000
[INFO] [1791381583.196270623] [probe_a]: OMNI_DEPTH views=1 azimuth_bins=180 elevation_bins=37 valid=0 certificates=64 short=0 held=0 local_candidates=0 yaw=0.00
[INFO] [1791381583.196340855] [probe_a]: PAPER_BUILD reason= required=0.0000 best=0.0000 free=0 refined=0 tubes=0 revoked_tubes=0 proofs=0
[INFO] [1791381583.196347627] [probe_a]: PAPER_EVIDENCE retained=0 balls=0 revoked_balls=0 expired_views=0 evicted_views=0 radius=0.580 clearance=0.000 best_prefix=0.000
[INFO] [1791381584.196490458] [probe_a]: OMNI_DEPTH views=1 azimuth_bins=180 elevation_bins=37 valid=0 certificates=64 short=0 held=0 local_candidates=0 yaw=0.00
[INFO] [1791381584.196546934] [probe_a]: PAPER_BUILD reason= required=0.0000 best=0.0000 free=0 refined=0 tubes=0 revoked_tubes=0 proofs=0
[INFO] [1791381584.196553547] [probe_a]: PAPER_EVIDENCE retained=0 balls=0 revoked_balls=0 expired_views=0 evicted_views=0 radius=0.580 clearance=0.000 best_prefix=0.000
[INFO] [1791381585.092409781] [rclcpp]: signal_handler(SIGINT/SIGTERM)
[INFO] [1791381585.092987597] [probe_a]: [PERF CTRL FINAL] run=unspecified elapsed=5.00s callbacks=249 commands=247 guidance=247 command_fps(ros/wall)=50.00/50.00 guidance_wall_fps=49.99 avoid_ms(mean/p50/p95/max)=1.255/1.215/1.646/1.862 cycle_ms(mean/p95/max)=20.000/20.419/20.700 depth_to_cmd_ms(mean/p95/max)=28.282/53.321/53.821 callback_to_publish_ms(mean/p95/max)=1.299/1.701/1.917
[INFO] [1791381585.093049383] [probe_a]: EVIDENCE_COST ingest(mean/p95/max)=0.024/0.071/0.104 record=0.001/0.002/0.003 ms
[INFO] [1791381585.093058420] [probe_a]: EVIDENCE_PHASE per_view_mean_ms balls=0.000 tubes=0.000 history=0.000 eviction=0.000
