[INFO] [1790244078.753276138] [depth_angular_controller]: C++ controller commands publish on /position_cmd; horizontal views=4
[INFO] [1790244078.773330083] [depth_angular_controller]: WAITING_ODOMETRY
[INFO] [1790244078.793411799] [depth_angular_controller]: ZERO_INTENT
[INFO] [1790244080.333402302] [depth_angular_controller]: 3D guidance switched to view 0
[INFO] [1790244080.333529713] [depth_angular_controller]: UNOBSERVED_BODY_ENVELOPE
[INFO] [1790244080.333540093] [depth_angular_controller]: PAPER_EVIDENCE retained=0 clearance=0.000
[INFO] [1790244081.353378874] [depth_angular_controller]: PAPER_EVIDENCE retained=0 clearance=0.000
[INFO] [1790244081.553358029] [depth_angular_controller]: 3D guidance switched to view 1
[INFO] [1790244082.353466193] [depth_angular_controller]: PAPER_EVIDENCE retained=0 clearance=0.000
[INFO] [1790244082.753335647] [depth_angular_controller]: 3D guidance switched to view 2
[INFO] [1790244083.373525765] [depth_angular_controller]: PAPER_EVIDENCE retained=0 clearance=0.000
[INFO] [1790244083.793450444] [depth_angular_controller]: [PERF CTRL] run=unspecified elapsed=5.04s callbacks=252 commands=251 guidance=174 command_fps(ros/wall)=50.00/50.00 guidance_wall_fps=50.00 avoid_ms(mean/p50/p95/max)=0.011/0.009/0.018/0.028 cycle_ms(mean/p95/max)=20.000/20.105/20.185 depth_to_cmd_ms(mean/p95/max)=24.356/44.237/44.465 callback_to_publish_ms(mean/p95/max)=0.088/0.162/0.200
[INFO] [1790244083.973387404] [depth_angular_controller]: 3D guidance switched to view 3
[INFO] [1790244084.393420718] [depth_angular_controller]: PAPER_EVIDENCE retained=0 clearance=0.000
[INFO] [1790244085.193421517] [depth_angular_controller]: 3D guidance switched to view 0
[INFO] [1790244085.413393051] [depth_angular_controller]: PAPER_EVIDENCE retained=0 clearance=0.000
[INFO] [1790244086.413448074] [depth_angular_controller]: PAPER_EVIDENCE retained=0 clearance=0.000
[INFO] [1790244087.433373002] [depth_angular_controller]: PAPER_EVIDENCE retained=0 clearance=0.000
[INFO] [1790244088.433499251] [depth_angular_controller]: PAPER_EVIDENCE retained=0 clearance=0.000
[INFO] [1790244088.813519020] [depth_angular_controller]: [PERF CTRL] run=unspecified elapsed=10.06s callbacks=503 commands=502 guidance=425 command_fps(ros/wall)=50.00/50.00 guidance_wall_fps=50.00 avoid_ms(mean/p50/p95/max)=0.011/0.009/0.019/0.037 cycle_ms(mean/p95/max)=20.000/20.117/20.185 depth_to_cmd_ms(mean/p95/max)=24.443/44.307/44.465 callback_to_publish_ms(mean/p95/max)=0.098/0.172/0.230
[INFO] [1790244089.453518746] [depth_angular_controller]: PAPER_EVIDENCE retained=0 clearance=0.000
[INFO] [1790244090.473477126] [depth_angular_controller]: PAPER_EVIDENCE retained=0 clearance=0.000
[INFO] [1790244091.113349964] [depth_angular_controller]: STALE_DEPTH
[INFO] [1790244092.093582954] [depth_angular_controller]: UNOBSERVED_BODY_ENVELOPE
[INFO] [1790244092.094997109] [depth_angular_controller]: PAPER_EVIDENCE retained=0 clearance=0.000
[INFO] [1790244092.293399730] [depth_angular_controller]: STALE_INTENT
[INFO] [1790244093.313405509] [depth_angular_controller]: ZERO_INTENT
[INFO] [1790244093.833692104] [depth_angular_controller]: [PERF CTRL] run=unspecified elapsed=15.08s callbacks=754 commands=753 guidance=549 command_fps(ros/wall)=50.00/50.00 guidance_wall_fps=45.90 avoid_ms(mean/p50/p95/max)=0.010/0.009/0.019/0.037 cycle_ms(mean/p95/max)=20.000/20.114/20.185 depth_to_cmd_ms(mean/p95/max)=27.826/44.357/289.282 callback_to_publish_ms(mean/p95/max)=0.094/0.172/0.239
[INFO] [1790244094.515810894] [rclcpp]: signal_handler(SIGINT/SIGTERM)
[INFO] [1790244094.516234064] [depth_angular_controller]: [PERF CTRL FINAL] run=unspecified elapsed=15.76s callbacks=788 commands=787 guidance=549 command_fps(ros/wall)=50.00/50.00 guidance_wall_fps=45.90 avoid_ms(mean/p50/p95/max)=0.010/0.009/0.019/0.037 cycle_ms(mean/p95/max)=20.000/20.114/20.185 depth_to_cmd_ms(mean/p95/max)=27.826/44.357/289.282 callback_to_publish_ms(mean/p95/max)=0.094/0.172/0.239
