[PERF] run=p5_refine_execution_jitter_20261007_jitter_before_1 log=/home/starry/isaac-data/EGO1P5/performance/six_axis_refinement_20261007/closed_loop/p5_refine_execution_jitter_20261007/p5_refine_execution_jitter_20261007_jitter_before_1_performance.md
[INPUT] mode=trace scene_mode=cloud
[LOCK] Waiting for shared Isaac navigation slot
[INFO] [launch]: All log files can be found below /tmp/fov_gvf_ego1p5_isaac_ros_log/2026-10-07-22-13-00-016585-starry-System-Product-Name-283012
[INFO] [launch]: Default logging verbosity is set to INFO
[INFO] [depth_angular_controller-1]: process started with pid [283014]
[INFO] [position_cmd_to_twist-2]: process started with pid [283016]
[depth_angular_controller-1] [INFO] [1791382380.051451651] [depth_angular_controller]: PROCESSING_RATES control=60.0 Hz depth_limit=10.0 Hz (0=unlimited)
[depth_angular_controller-1] [INFO] [1791382380.053562478] [depth_angular_controller]: C++ controller commands publish on /position_cmd; horizontal views=4
[ROS CHECK] ROS_DOMAIN_ID=42 /position_cmd publishers=1
Type: pc_gvf_msgs/msg/PositionCommand
Publisher count: 1
Subscription count: 1
/depth_angular_controller
/position_cmd_to_twist
WARNING: All log messages before absl::InitializeLog() is called are written to STDERR
E0000 00:00:1791382381.006685  283055 descriptor_database.cc:633] File already exists in database: grpc/health/v1/health.proto
W0000 00:00:1791382381.006707  283055 message.cc:301] Protobuf GeneratedMessageFactory: File is already registered: grpc/health/v1/health.proto
2026-10-07T14:13:00Z [Info] [carb] Logging to file: /home/starry/isaac-data/isaacsim/kit/logs/Kit/Isaac-Sim Python/6.0/kit_20261007_221300.log
[0.044s] [ext: omni.assets.plugins-0.0.0] startup
[0.045s] [ext: omni.blobkey-1.1.2] startup
[0.045s] [ext: omni.kit.async_engine-0.0.3] startup
[0.310s] [ext: omni.client.lib-1.1.1] startup
[0.318s] [ext: omni.client-1.3.0] startup
[0.320s] [ext: omni.protobuf.lib-1.0.0] startup
[0.321s] [ext: omni.grpc.lib-1.0.0] startup
[0.324s] [ext: omni.metrics.core-0.0.3] startup
[0.324s] [ext: omni.datastore-0.0.0] startup
[0.325s] [ext: omni.gpu_foundation.shadercache.vulkan-1.0.0] startup
[0.327s] [ext: omni.hsscclient-1.1.4] startup
[0.327s] [ext: omni.stats-1.0.1] startup
[0.327s] [ext: omni.ujitso.default-1.0.0] startup
[0.330s] [ext: omni.gpu_foundation-0.0.0] startup
[0.454s] [ext: carb.windowing.plugins-1.0.1] startup
[0.454s] [ext: omni.kit.renderer.init-1.0.1] startup
2026-10-07T14:13:01Z [654ms] [Warning] [omni.rtx] Skipping unsupported non-NVIDIA GPU: AMD Unknown (RADV RAPHAEL_MENDOCINO)
2026-10-07T14:13:01Z [654ms] [Warning] [omni.rtx] Skipping unsupported non-NVIDIA GPU: AMD Unknown (RADV RAPHAEL_MENDOCINO)

|---------------------------------------------------------------------------------------------|
| Driver Version: 580.178.04    | Graphics API: Vulkan
|=============================================================================================|
| GPU | Name                             | Active | LDA | GPU Memory | Vendor-ID | LUID       |
|     |                                  |        |     |            | Device-ID | UUID       |
|     |                                  |        |     |            | Bus-ID    |            |
|---------------------------------------------------------------------------------------------|
| 0   | NVIDIA GeForce RTX 5070          | Yes: 0 |     | 12227   MB | 10de      | 0          |
|     |                                  |        |     |            | 2f04      | 348d89fe.. |
|     |                                  |        |     |            | 1         |            |
|---------------------------------------------------------------------------------------------|
| 1   | AMD Unknown (RADV RAPHAEL_MEND.. |        |     | 10755   MB | 1002      | 0          |
|     |                                  |        |     |            | 13c0      | 00000000.. |
|     |                                  |        |     |            | c         |            |
|=============================================================================================|
| OS: 22.04.5 LTS (Jammy Jellyfish) ubuntu, Version: 22.04.5, Kernel: 6.8.0-138-generic
| XServer Vendor: The X.Org Foundation, XServer Version: 12101004 (1.21.1.4)
| Processor: AMD Ryzen 5 9600X 6-Core Processor
| Cores: 6 | Logical Cores: 12
|---------------------------------------------------------------------------------------------|
| Total Memory (MB): 31241 | Free Memory: 23113
| Total Page/Swap (MB): 15624 | Free Page/Swap: 15624
|---------------------------------------------------------------------------------------------|
2026-10-07T14:13:01Z [862ms] [Warning] [omni.rtx] CPU performance profile is set to powersave. This profile sets the CPU to the lowest frequency reducing performance.
2026-10-07T14:13:01Z [870ms] [Warning] [omni.rtx] IOMMU is enabled.
[0.975s] [ext: omni.kit.pipapi-0.0.0] startup
[0.976s] [ext: omni.kit.pip_archive-0.0.0] startup
[0.976s] [ext: isaacsim.pip.newton-0.6.1] startup
[0.977s] [ext: omni.pip.compute-1.9.2] startup
[0.977s] [ext: omni.isaac.core_archive-5.3.1] startup
[0.977s] [ext: omni.kit.telemetry-0.5.2] startup
[0.994s] [ext: omni.kit.loop-isaac-1.6.0] startup
[0.995s] [ext: omni.kit.test-2.0.7] startup
[1.046s] [ext: omni.materialx.libs-1.0.9] startup
[1.051s] [ext: omni.gpucompute.plugins-0.0.0] startup
[1.052s] [ext: omni.usd.config-1.0.7] startup
[1.055s] [ext: omni.usd.libs-1.0.3] startup
[1.109s] [ext: omni.iray.libs-0.0.1] startup
[1.112s] [ext: omni.mdl-57.0.3] startup
[1.171s] [ext: omni.mdl.neuraylib-0.2.20] startup
[1.173s] [ext: omni.kit.usd.mdl-1.1.9] startup
[1.257s] [ext: omni.appwindow-1.2.2] startup
[1.259s] [ext: omni.kit.renderer.core-1.2.2] startup
2026-10-07T14:13:07Z [6,472ms] [Warning] [carb.windowing-glfw.gamepad] Joystick with unknown remapping detected (will be ignored):  BEITONG BEITONG A2P3A BFM DONGLE [03000000bc2000001c51000011010000]
[6.503s] [ext: omni.kit.renderer.capture-2.0.1] startup
[6.504s] [ext: omni.kit.renderer.imgui-2.0.6] startup
[6.540s] [ext: omni.ui-3.2.0] startup
[6.547s] [ext: omni.kit.mainwindow-1.0.3] startup
[6.548s] [ext: carb.audio-0.1.0] startup
[6.550s] [ext: omni.uiaudio-1.0.0] startup
[6.550s] [ext: omni.kit.uiapp-0.0.0] startup
[6.550s] [ext: omni.usd.schema.metrics.assembler-110.1.0] startup
[6.553s] [ext: omni.usd.schema.audio-0.0.1] startup
[6.555s] [ext: omni.usd_resolver-1.0.0] startup
[6.557s] [ext: omni.usd.core-1.8.3] startup
[6.559s] [ext: omni.metropolis.schema-0.0.3] startup
[6.560s] [ext: isaacsim.anim.robot.schema-0.1.1] startup
[6.561s] [ext: omni.usd.schema.anim-0.0.1] startup
[6.573s] [ext: omni.usd.schema.geospatial-0.0.1] startup
[6.575s] [ext: omni.usd.schema.omnigraph-1.0.1] startup
[6.579s] [ext: omni.usd.schema.semantics-0.0.0] startup
[6.581s] [ext: omni.activity.core-1.0.3] startup
[6.582s] [ext: omni.cubric-0.1.0] startup
[6.582s] [ext: omni.graph.exec-0.9.6] startup
[6.582s] [ext: omni.hydra.scene_delegate-0.3.5] startup
[6.585s] [ext: usdrt.scenegraph-7.6.3] startup
[6.603s] [ext: omni.hydra.usdrt_delegate-7.5.2] startup
[6.607s] [ext: omni.inspect-1.0.2] startup
[6.608s] [ext: omni.kit.actions.core-1.0.0] startup
[6.609s] [ext: omni.kit.audiodeviceenum-1.0.2] startup
[6.610s] [ext: omni.kit.commands-1.5.0] startup
[6.612s] [ext: omni.kit.exec.core-0.13.5] startup
[6.613s] [ext: omni.kit.usd_undo-0.1.8] startup
[6.614s] [ext: omni.kit.window.popup_dialog-2.0.25] startup
[6.616s] [ext: omni.kit.widget.nucleus_connector-2.3.1] startup
[6.618s] [ext: omni.timeline-1.1.0] startup
[6.619s] [ext: omni.usd-1.16.0] startup
[6.644s] [ext: omni.graph.core-3.1.2] startup
[6.646s] [ext: omni.kit.notification_manager-1.0.11] startup
[6.647s] [ext: isaacsim.core.deprecation_manager-0.4.2] startup
[6.648s] [ext: isaacsim.replicator.agent.schema-0.1.1] startup
[6.649s] [ext: isaacsim.robot.schema-6.3.7] startup
[6.653s] [ext: isaacsim.robot_motion.schema-0.2.1] startup
[6.653s] [ext: omni.anim.behavior.schema-110.1.0] startup
[6.656s] [ext: omni.anim.graph.schema-110.1.1] startup
[6.660s] [ext: omni.anim.navigation.schema-110.1.0] startup
[6.663s] [ext: omni.behavior.tree.schema-110.1.0] startup
[6.663s] [ext: omni.isaac.ml_archive-3.3.0] startup
[6.664s] [ext: omni.kit.asset_converter-6.0.1] startup
[6.672s] [ext: omni.pip.cloud-1.5.4] startup
[6.674s] [ext: omni.usd.schema.flow-110.0.0] startup
[6.675s] [ext: omni.usd.schema.mujoco-1.1.1] startup
[6.675s] [ext: omni.usd.schema.newton-1.2.1] startup
[6.676s] [ext: omni.usd.schema.omni_lens_distortion-1.0.0] startup
[6.676s] [ext: omni.usd.schema.omni_projectors-1.0.0] startup
[6.676s] [ext: omni.usd.schema.omni_sensors-0.0.0] startup
[6.683s] [ext: omni.usd.schema.omniscripting-1.0.1] startup
[6.685s] [ext: omni.usd.schema.physical_lighting-0.1.0] startup
[6.688s] [ext: omni.usd.schema.physx-110.1.13] startup
[6.711s] [ext: omni.usd.schema.render_settings.rtx-1.0.2] startup
[6.714s] [ext: omni.usd.schema.usd_particle_field-1.0.0] startup
[6.714s] [ext: isaacsim.core.version-2.1.1] startup
[6.715s] [ext: omni.kit.menu.core-1.2.0] startup
[6.715s] [ext: omni.kit.menu.utils-2.2.4] startup
[6.721s] [ext: isaacsim.app.about-2.3.1] startup
[6.724s] [ext: isaacsim.asset.transformer-1.2.5] startup
[6.726s] [ext: omni.scene.optimizer.core-110.1.0] startup
[6.756s] [ext: isaacsim.asset.importer.utils-1.8.1] startup
[6.758s] [ext: omni.convexdecomposition-110.1.13] startup
[6.759s] [ext: omni.physics-110.1.13] startup
[6.761s] [ext: omni.physx.gpu-110.1.13] startup
[6.762s] [ext: omni.physx.foundation-110.1.13] startup
[6.763s] [ext: omni.usdphysics-110.1.13] startup
[6.764s] [ext: omni.physx.cooking-110.1.13] startup
[6.765s] [ext: omni.physx-110.1.13] startup
[6.772s] [ext: omni.physics.physx-110.1.13] startup
[6.773s] [ext: isaacsim.asset.exporter.urdf-2.0.5] startup
[6.780s] [ext: omni.kit.clipboard-1.1.1] startup
[6.780s] [ext: omni.kit.usd.layers-2.6.1] startup
[6.785s] [ext: omni.kit.widget.context_menu-1.4.0] startup
[6.786s] [ext: omni.kit.context_menu-1.9.0] startup
[6.788s] [ext: omni.kit.helper.file_utils-0.1.10] startup
[6.789s] [ext: omni.kit.widget.nucleus_info-2.0.2] startup
[6.789s] [ext: omni.kit.search_core-1.0.8] startup
[6.790s] [ext: omni.kit.widget.path_field-2.0.13] startup
[6.790s] [ext: omni.kit.widget.browser_bar-2.0.10] startup
[6.791s] [ext: omni.kit.widget.filebrowser-2.13.4] startup
[6.794s] [ext: omni.kit.widget.options_menu-1.1.6] startup
[6.796s] [ext: omni.kit.widget.options_button-1.0.3] startup
[6.796s] [ext: omni.kit.widget.search_delegate-1.0.9] startup
[6.797s] [ext: omni.ui.scene-2.0.3] startup
[6.800s] [ext: omni.kit.window.filepicker-2.15.5] startup
[6.810s] [ext: omni.kit.window.file_importer-1.1.21] startup
[6.811s] [ext: omni.kit.material.library-3.1.2] startup
[6.815s] [ext: isaacsim.asset.transformer.rules-1.7.10] startup
[6.823s] [ext: omni.usdex.libs-2.2.2] startup
[6.828s] [ext: isaacsim.asset.importer.mjcf-3.10.1] startup
[6.830s] [ext: isaacsim.asset.importer.urdf-3.11.2] startup
[6.833s] [ext: omni.kit.primitive.mesh-1.1.0] startup
[6.835s] [ext: omni.kit.stage_template.core-1.1.22] startup
[6.836s] [ext: omni.kit.stage_templates-2.0.2] startup
[6.837s] [ext: omni.usd.metrics.assembler-110.1.2] startup
[6.839s] [ext: omni.warp.core-1.13.0] startup
[7.015s] [ext: isaacsim.core.experimental.utils-0.17.2] startup
[7.016s] [ext: omni.physics.stageupdate-110.1.13] startup
[7.018s] [ext: omni.physics.tensors-110.1.13] startup
[7.021s] [ext: omni.physx.tensors-110.1.13] startup
[7.024s] [ext: isaacsim.core.simulation_manager-1.15.6] startup
[7.034s] [ext: isaacsim.storage.native-1.9.3] startup
[7.035s] [ext: omni.usd.metrics.assembler.physics-110.1.13] startup
[7.036s] [ext: isaacsim.core.utils-4.1.7] startup
[7.037s] [ext: isaacsim.core.prims-0.11.7] startup
[7.908s] [ext: isaacsim.core.api-5.2.13] startup
[7.913s] [ext: isaacsim.core.cloner-1.7.3] startup
[7.914s] [ext: isaacsim.test.docstring-1.3.2] startup
[7.916s] [ext: isaacsim.core.experimental.prims-1.8.9] startup
[7.934s] [ext: isaacsim.core.experimental.primdata-0.3.2] startup
[7.935s] [ext: omni.graph.tools-1.81.0] startup
[7.954s] [ext: omni.graph-1.142.5] startup
[7.984s] [ext: isaacsim.core.experimental.actuators-0.1.2] startup
[7.997s] [ext: isaacsim.core.experimental.materials-0.7.1] startup
[8.000s] [ext: isaacsim.core.experimental.objects-0.8.1] startup
[8.054s] [ext: omni.hydra.engine.stats-1.0.5] startup
[8.056s] [ext: omni.hydra.rtx.shadercache.vulkan-1.0.0] startup
[8.057s] [ext: omni.index.libs-387500.4413.0] startup
[8.057s] [ext: omni.index-1.0.1] startup
[8.057s] [ext: omni.ujitso.client-0.0.0] startup
[8.057s] [ext: omni.usd.schema.playback-1.0.0] startup
[8.060s] [ext: omni.volume-0.5.2] startup
[8.064s] [ext: omni.hydra.rtx-1.0.4] startup
2026-10-07T14:13:08Z [8,053ms] [Warning] [omni.log] Source: omni.hydra was already registered.
[8.084s] [ext: omni.kit.hydra_texture-1.6.0] startup
[8.087s] [ext: omni.kit.raycast.query-1.2.0] startup
[8.090s] [ext: omni.kit.viewport.legacy_gizmos-1.0.24] startup
[8.092s] [ext: omni.kit.viewport.registry-104.0.6] startup
[8.092s] [ext: omni.kit.viewport.scene_camera_model-1.0.7] startup
[8.095s] [ext: omni.kit.widget.viewport-109.2.0] startup
[8.098s] [ext: omni.kit.window.drop_support-1.0.8] startup
[8.099s] [ext: omni.kit.viewport.window-109.0.2] startup
[8.112s] [ext: omni.kit.viewport.utility-2.0.1] startup
[8.113s] [ext: isaacsim.core.rendering_manager-0.4.3] startup
[8.132s] [ext: omni.graph.action_core-1.1.9] startup
[8.134s] [ext: omni.graph.action_nodes_core-2.11.0] startup
[8.136s] [ext: omni.graph.action_nodes-2.11.0] startup
[8.152s] [ext: omni.graph.action-2.10.2] startup
[8.153s] [ext: omni.graph.image.core-0.6.1] startup
[8.153s] [ext: omni.graph.image.nodes-1.3.1] startup
[8.154s] [ext: omni.graph.nodes_core-2.11.0] startup
[8.158s] [ext: omni.graph.nodes-2.12.0] startup
[8.162s] [ext: omni.kit.hotkeys.core-1.3.12] startup
[8.163s] [ext: omni.kit.property.adapter.core-1.1.1] startup
[8.165s] [ext: omni.kit.property.adapter.usd-1.0.5] startup
[8.166s] [ext: omni.kit.widget.filter-1.1.5] startup
[8.167s] [ext: omni.kit.widget.highlight_label-1.0.3] startup
[8.168s] [ext: omni.kit.widget.searchfield-1.1.8] startup
[8.169s] [ext: omni.kit.window.file_exporter-1.0.36] startup
[8.170s] [ext: omni.kit.widget.stage-4.4.0] startup
[8.177s] [ext: omni.kit.window.content_browser_registry-0.0.6] startup
[8.178s] [ext: omni.kit.window.file-2.0.10] startup
[8.180s] [ext: omni.kit.window.content_browser-3.1.8] startup
[8.189s] [ext: omni.kit.window.property-1.15.1] startup
[8.198s] [ext: omni.kit.property.usd-4.9.4] startup
[8.207s] [ext: omni.graph.scriptnode-2.10.2] startup
[8.214s] [ext: omni.kit.widget.searchable_combobox-1.0.7] startup
[8.215s] [ext: omni.kit.widget.settings-2.0.0] startup
[8.217s] [ext: omni.kit.window.preferences-1.8.3] startup
[8.221s] [ext: omni.kit.viewport.menubar.core-107.2.2] startup
[8.231s] [ext: omni.syntheticdata-0.6.15] startup
[8.254s] [ext: omni.replicator.nv-1.1.1] startup
[8.258s] [ext: omni.videoencoding-0.2.1] startup
[8.260s] [ext: omni.replicator.core-1.13.27] startup
2026-10-07T14:13:08Z [8,245ms] [Warning] [pxr.Semantics] pxr.Semantics is deprecated - please use Semantics instead
2026-10-07T14:13:09Z [8,309ms] [Warning] [omni.replicator.core.scripts.extension] No material configuration file, adding configuration to material settings directly.
[8.455s] [ext: isaacsim.core.nodes-5.10.5] startup
[8.481s] [ext: isaacsim.core.throttling-2.3.5] startup
[8.482s] [ext: omni.kit.manipulator.viewport-107.0.1] startup
[8.483s] [ext: omni.graph.visualization.nodes-2.1.4] startup
[8.495s] [ext: omni.kit.window.extensions-1.5.10] startup
[8.500s] [ext: isaacsim.gui.components-1.8.5] startup
[8.503s] [ext: isaacsim.robot.surface_gripper-3.6.2] startup
[8.513s] [ext: isaacsim.robot.manipulators-3.4.4] startup
[8.522s] [ext: isaacsim.robot_motion.lula-4.1.3] startup
[8.527s] [ext: isaacsim.robot_motion.motion_generation-8.2.9] startup
[8.532s] [ext: isaacsim.cortex.framework-1.0.18] startup
[8.533s] [ext: isaacsim.cortex.behaviors-2.0.17] startup
[8.535s] [ext: isaacsim.examples.base-1.3.2] startup
[8.536s] [ext: omni.kit.widget.zoombar-1.0.7] startup
[8.537s] [ext: omni.kit.browser.core-2.3.18] startup
[8.540s] [ext: omni.kit.browser.folder.core-2.0.2] startup
[8.543s] [ext: omni.kit.widget.stage_icons-1.0.8] startup
[8.544s] [ext: omni.kit.window.stage-2.6.1] startup
[8.547s] [ext: omni.kit.menu.stage-1.2.7] startup
[8.548s] [ext: omni.kit.usd.collect-3.0.6] startup
[8.551s] [ext: omni.kit.widget.prompt-1.0.7] startup
[8.551s] [ext: omni.kit.tool.collect-2.2.19] startup
[8.553s] [ext: isaacsim.examples.browser-0.3.2] startup
[8.555s] [ext: omni.kit.search.files-1.0.4] startup
[8.556s] [ext: omni.kit.widget.calendar-1.0.9] startup
[8.557s] [ext: omni.kit.widget.extended_searchfield-1.0.31] startup
[8.563s] [ext: omni.simready.content.browser-0.3.7] startup
[8.651s] [ext: isaacsim.gui.content_browser-0.4.3] startup
[8.653s] [ext: omni.kit.selection-0.1.6] startup
[8.654s] [ext: isaacsim.gui.menu-2.10.5] startup
[8.661s] [ext: isaacsim.gui.property-1.6.4] startup
[8.667s] [ext: omni.kit.viewport.actions-110.0.0] startup
[8.671s] [ext: omni.kit.viewport.menubar.display-107.1.3] startup
[8.672s] [ext: isaacsim.gui.sensors.icon-2.2.1] startup
[8.674s] [ext: omni.behavior.scripting.core-110.1.0] startup
[8.677s] [ext: isaacsim.replicator.behavior-1.5.4] startup
[8.678s] [ext: isaacsim.replicator.experimental.domain_randomization-1.2.5] startup
[8.691s] [ext: isaacsim.replicator.domain_randomization-1.2.2] startup
[8.760s] [ext: isaacsim.replicator.writers-1.5.4] startup
[8.782s] [ext: isaacsim.robot.experimental.wheeled_robots-0.2.11] startup
[8.802s] [ext: isaacsim.robot.policy.examples-5.2.12] startup
[8.820s] [ext: isaacsim.robot.wheeled_robots-5.2.4] startup
[8.824s] [ext: isaacsim.robot.wheeled_robots.nodes-0.1.5] startup
[8.840s] [ext: isaacsim.robot_motion.experimental.motion_generation-6.1.3] startup
[8.850s] [ext: isaacsim.robot_motion.cumotion-1.3.1] startup
[8.862s] [ext: omni.kit.numpy.common-0.1.3] startup
[8.863s] [ext: isaacsim.sensors.camera-1.7.9] startup
[8.890s] [ext: isaacsim.sensors.experimental.physics-3.0.2] startup
[8.896s] [ext: omni.sensors.net-1.0.1] startup
[8.898s] [ext: omni.sensors.nv.common-3.0.0] startup
[8.906s] [ext: omni.sensors.nv.materials-2.0.0] startup
[8.909s] [ext: omni.sensors.nv.acoustic-3.0.0] startup
[8.911s] [ext: omni.sensors.nv.ids-2.0.1] startup
[8.912s] [ext: omni.sensors.nv.lidar-3.0.0] startup
[8.915s] [ext: omni.sensors.nv.radar-3.0.0] startup
[8.917s] [ext: isaacsim.sensors.experimental.rtx-1.4.6] startup
[9.146s] [ext: isaacsim.sensors.physics.nodes-1.5.3] startup
[9.152s] [ext: isaacsim.util.debug_draw-3.2.3] startup
[9.156s] [ext: isaacsim.sensors.physx-2.5.5] startup
[9.162s] [ext: isaacsim.sensors.rtx-15.17.1] startup
[9.171s] [ext: isaacsim.simulation_app-2.18.4] startup
[9.171s] [ext: omni.anim.curve.core-1.6.0] startup
[9.180s] [ext: omni.graph.ui_nodes-2.11.1] startup
[9.199s] [ext: omni.hydra.scene_api-0.1.3] startup
[9.202s] [ext: omni.kit.manipulator.camera-110.0.0] startup
[9.205s] [ext: omni.kit.manipulator.selector-1.1.4] startup
[9.206s] [ext: omni.kit.manipulator.transform-107.0.0] startup
[9.210s] [ext: omni.kit.widget.toolbar-2.1.0] startup
[9.215s] [ext: omni.kit.manipulator.tool.snap-1.5.14] startup
[9.218s] [ext: omni.kit.viewport.manipulator.transform-107.0.4] startup
[9.220s] [ext: omni.kit.manipulator.prim.core-108.0.2] startup
[9.225s] [ext: omni.kit.manipulator.prim.usd-107.0.3] startup
[9.226s] [ext: omni.kit.manipulator.prim-108.0.0] startup
[9.226s] [ext: omni.kit.manipulator.selection-109.0.1] startup
[9.227s] [ext: omni.kit.menu.create-2.0.2] startup
[9.228s] [ext: omni.kit.property.audio-1.0.16] startup
[9.231s] [ext: omni.kit.property.camera-1.0.14] startup
[9.232s] [ext: omni.kit.property.geometry-2.1.2] startup
[9.235s] [ext: omni.kit.property.light-1.0.14] startup
2026-10-07T14:13:09Z [9,237ms] [Warning] [omni.usd] Encountered USD Warnings but USD Diagnostics are currently muted. To view USD Warnings, please set the '/persistent/app/usd/muteUsdDiagnostics' setting to false in Preferences page.
[9.263s] [ext: omni.kit.property.material-1.14.6] startup
[9.268s] [ext: omni.kit.property.render-1.2.2] startup
[9.269s] [ext: omni.kit.property.transform-1.6.9] startup
[9.272s] [ext: omni.kit.property.bundle-1.5.1] startup
[9.273s] [ext: omni.kit.usdz_export-1.1.0] startup
[9.276s] [ext: omni.kit.tool.asset_importer-6.0.1] startup
[9.280s] [ext: omni.kit.ui.actions-1.0.5] startup
[9.282s] [ext: omni.kit.viewport.menubar.camera-107.0.10] startup
[9.287s] [ext: omni.kit.viewport.menubar.lighting-107.3.2] startup
[9.289s] [ext: omni.kit.viewport.menubar.render-110.0.0] startup
[9.291s] [ext: omni.kit.viewport.menubar.settings-110.0.1] startup
[9.294s] [ext: omni.kit.window.console-1.1.9] startup
[9.297s] [ext: omni.kit.window.status_bar-0.1.11] startup
[9.299s] [ext: omni.kit.window.toolbar-3.0.3] startup
[9.301s] [ext: omni.ocio-0.1.1] startup
[9.302s] [ext: omni.physx.commands-110.1.13] startup
[9.305s] [ext: omni.replicator.replicator_yaml-2.0.12] startup
[9.314s] [ext: omni.rtx.window.settings-0.8.0] startup
[9.318s] [ext: omni.rtx.settings.core-0.7.1] startup
[9.320s] [ext: omni.usd.metrics.assembler.ui-110.1.1] startup
[9.326s] [ext: semantics.schema.editor-2.0.2] startup
[9.328s] [ext: semantics.schema.property-2.0.2] startup
[9.330s] [ext: omni.kit.menu.common-2.0.2] startup
[9.331s] [ext: isaacsim.exp.base-6.0.1] startup
[9.331s] [ext: isaacsim.exp.base.python-6.0.1] startup
[9.332s] Simulation App Starting
[10.363s] Simulation App Startup Complete
[10.368s] app ready
Starting kit application with the following args:  ['/home/starry/isaac-data/isaacsim/exts/isaacsim.simulation_app/isaacsim/simulation_app/simulation_app.py', '/home/starry/isaac-data/isaacsim/apps/isaacsim.exp.base.python.kit', '--/app/tokens/exe-path=/home/starry/isaac-data/isaacsim/kit', '--/persistent/app/viewport/displayOptions=3094', '--/rtx/materialDb/syncLoads=True', '--/rtx/hydra/materialSyncLoads=True', '--/omni/kit/plugin/syncUsdLoads=True', '--/app/renderer/resolution/width=1280', '--/app/renderer/resolution/height=720', '--/app/window/width=1440', '--/app/window/height=900', '--/renderer/multiGpu/enabled=False', '--/app/fastShutdown=True', '--/app/installSignalHandlers=0', '--ext-folder', '/home/starry/isaac-data/isaacsim/exts', '--ext-folder', '/home/starry/isaac-data/isaacsim/apps', '--/renderer/activeGpu=0', '--/physics/cudaDevice=0', '--/plugins/carb.tasking.plugin/threadCount=12', '--/plugins/omni.tbb.globalcontrol/maxThreadCount=12', '--portable', '--no-window', '--/app/window/hideUi=1']
Passing the following args to the base kit application:  []
Warp 1.13.0 initialized:
   CUDA Toolkit 12.9, Driver 13.0
   Devices:
     "cpu"      : "x86_64"
     "cuda:0"   : "NVIDIA GeForce RTX 5070" (11 GiB, sm_120, mempool enabled)
   Kernel cache:
     /home/starry/.cache/warp/1.13.0
[LIGHTING] sun=800.0 (1) dome=0.0 (1) ambient=0.05 constant_color=(0.6, 0.65, 0.7)
[RENDER] mode=MinimalRendering minimal_shading_mode=2 anti_aliasing=TAA
[DEPTH CAMERAS] count=4 resolution_each=320x240 horizontal_coverage=360deg
[ESDF] path=/home/starry/isaac-data/EGO1P5/scenes/ego_swarm_cloud/occupancy.bin shape=(400, 300, 50) resolution=0.40m
[depth_angular_controller-1] [INFO] [1791382393.381423756] [depth_angular_controller]: WAITING_ODOMETRY
[NAV] t=0.0s position=(-64.00,-11.20,2.80) yaw=0.0deg command=(0.00,0.00,0.00) manual_active=0 collision_blocks=0
[depth_angular_controller-1] [INFO] [1791382393.752663051] [depth_angular_controller]: WAITING_VERIFIED_START_POSE
[depth_angular_controller-1] [INFO] [1791382393.787303080] [depth_angular_controller]: VERIFIED_FREE_SEED center=(-64.000,-11.200,2.800) radius=2.500 balls=1: verified fixed Cloud free ball; USD and occupancy SHA-256 matched
[depth_angular_controller-1] [INFO] [1791382393.787434517] [depth_angular_controller]: ZERO_INTENT
[depth_angular_controller-1] [INFO] [1791382394.744512095] [depth_angular_controller]: OMNI_DEPTH views=4 azimuth_bins=180 elevation_bins=37 valid=1 certificates=1 short=0 held=0 local_candidates=0 yaw=0.00
[depth_angular_controller-1] [INFO] [1791382394.744605060] [depth_angular_controller]: DEPTH_PROPOSAL_CERTIFIED
[depth_angular_controller-1] [INFO] [1791382394.744613125] [depth_angular_controller]: PAPER_BUILD reason=FULL_MOTION_CERTIFICATE required=0.0000 best=0.0000 free=0 refined=0 tubes=0 revoked_tubes=0 proofs=0
[depth_angular_controller-1] [INFO] [1791382394.744619607] [depth_angular_controller]: PAPER_EVIDENCE retained=4 balls=1 revoked_balls=0 expired_views=0 evicted_views=0 radius=0.580 clearance=0.000 best_prefix=0.000
[depth_angular_controller-1] [INFO] [1791382395.768070642] [depth_angular_controller]: OMNI_DEPTH views=4 azimuth_bins=180 elevation_bins=37 valid=1 certificates=1 short=0 held=0 local_candidates=0 yaw=0.03
[depth_angular_controller-1] [INFO] [1791382395.768161272] [depth_angular_controller]: PAPER_BUILD reason=FULL_MOTION_CERTIFICATE required=0.0000 best=0.0000 free=0 refined=0 tubes=1 revoked_tubes=0 proofs=54
[depth_angular_controller-1] [INFO] [1791382395.768170329] [depth_angular_controller]: PAPER_EVIDENCE retained=8 balls=4 revoked_balls=0 expired_views=0 evicted_views=0 radius=0.580 clearance=0.000 best_prefix=0.000
[depth_angular_controller-1] [INFO] [1791382396.732318615] [depth_angular_controller]: OMNI_DEPTH views=4 azimuth_bins=180 elevation_bins=37 valid=1 certificates=1 short=0 held=0 local_candidates=0 yaw=-0.03
[depth_angular_controller-1] [INFO] [1791382396.732404917] [depth_angular_controller]: PAPER_BUILD reason=FULL_MOTION_CERTIFICATE required=0.0000 best=0.0000 free=0 refined=0 tubes=3 revoked_tubes=0 proofs=113
[depth_angular_controller-1] [INFO] [1791382396.732412191] [depth_angular_controller]: PAPER_EVIDENCE retained=12 balls=9 revoked_balls=0 expired_views=0 evicted_views=0 radius=0.580 clearance=0.000 best_prefix=0.000
[10.885s] [ext: isaacsim.sensors.rtx.nodes-0.1.2] startup
[10.893s] [ext: isaacsim.ros2.core-1.9.4] startup
[10.906s] Attempting to load system rclpy
[10.906s] Could not import system rclpy: No module named 'rclpy'
[10.906s] Attempting to load internal rclpy for ROS Distro: humble
[10.917s] rclpy loaded
[10.920s] [ext: isaacsim.ros2.nodes-1.18.13] startup
[10.955s] [ext: isaacsim.ros2.examples-1.2.4] startup
[10.959s] [ext: isaacsim.ros2.ui-1.6.5] startup
[11.162s] [ext: isaacsim.ros2.bridge-5.1.2] startup
2026-10-07T14:13:13Z [13,084ms] [Warning] [omni.timeline.plugin] Deprecated: direct use of ITimeline callbacks is deprecated. Use ITimeline::getTimeline (Python: omni.timeline.get_timeline_interface) instead.
[depth_angular_controller-1] [INFO] [1791382397.771186713] [depth_angular_controller]: OMNI_DEPTH views=4 azimuth_bins=180 elevation_bins=37 valid=1 certificates=1 short=0 held=1 local_candidates=0 yaw=14.00
[depth_angular_controller-1] [INFO] [1791382397.771343688] [depth_angular_controller]: PAPER_BUILD reason=FULL_MOTION_CERTIFICATE required=0.0000 best=0.0000 free=0 refined=0 tubes=4 revoked_tubes=0 proofs=128
[depth_angular_controller-1] [INFO] [1791382397.771350551] [depth_angular_controller]: PAPER_EVIDENCE retained=16 balls=14 revoked_balls=0 expired_views=0 evicted_views=0 radius=0.580 clearance=0.000 best_prefix=0.000
[position_cmd_to_twist-2] [INFO] [1791382398.669347097] [position_cmd_to_twist]: [PERF BRIDGE] run=p5_refine_execution_jitter_20261007_jitter_before_1 elapsed=18.50s received=295 published=295 fps(ros/wall)=60.00/60.08 controller_to_bridge_ms(mean/p50/p95/max)=0.000/0.000/0.000/0.000 bridge_process_ms(mean/p95/max)=0.091/0.121/0.438
[NAV] t=5.0s position=(-61.31,-11.08,2.70) yaw=34.5deg command=(0.74,0.23,-0.19) manual_active=1 collision_blocks=0
[depth_angular_controller-1] [INFO] [1791382398.743332088] [depth_angular_controller]: OMNI_DEPTH views=4 azimuth_bins=180 elevation_bins=37 valid=1 certificates=1 short=0 held=1 local_candidates=0 yaw=24.00
[depth_angular_controller-1] [INFO] [1791382398.743465158] [depth_angular_controller]: PAPER_BUILD reason=FULL_MOTION_CERTIFICATE required=0.0000 best=0.0000 free=0 refined=0 tubes=7 revoked_tubes=0 proofs=128
[depth_angular_controller-1] [INFO] [1791382398.743472402] [depth_angular_controller]: PAPER_EVIDENCE retained=16 balls=20 revoked_balls=0 expired_views=0 evicted_views=4 radius=0.580 clearance=0.000 best_prefix=0.000
[depth_angular_controller-1] [INFO] [1791382398.761236005] [depth_angular_controller]: [PERF CTRL] run=p5_refine_execution_jitter_20261007_jitter_before_1 elapsed=18.71s callbacks=303 commands=302 guidance=242 command_fps(ros/wall)=60.00/60.10 guidance_wall_fps=60.00 avoid_ms(mean/p50/p95/max)=0.209/0.161/0.240/2.488 cycle_ms(mean/p95/max)=16.640/20.309/77.132 depth_to_cmd_ms(mean/p95/max)=53.306/100.000/100.000 callback_to_publish_ms(mean/p95/max)=1.496/5.055/13.819
[depth_angular_controller-1] [INFO] [1791382398.761339951] [depth_angular_controller]: EVIDENCE_COST ingest(mean/p95/max)=1.239/4.765/13.760 record=0.011/0.017/0.036 ms
[depth_angular_controller-1] [INFO] [1791382398.761347855] [depth_angular_controller]: EVIDENCE_PHASE per_view_mean_ms balls=0.070 tubes=0.009 history=0.204 eviction=0.000
[depth_angular_controller-1] [INFO] [1791382399.728024814] [depth_angular_controller]: OMNI_DEPTH views=4 azimuth_bins=180 elevation_bins=37 valid=1 certificates=1 short=0 held=1 local_candidates=0 yaw=30.00
[depth_angular_controller-1] [INFO] [1791382399.728158435] [depth_angular_controller]: PAPER_BUILD reason=FULL_MOTION_CERTIFICATE required=0.0000 best=0.0000 free=0 refined=0 tubes=8 revoked_tubes=0 proofs=128
[depth_angular_controller-1] [INFO] [1791382399.728165137] [depth_angular_controller]: PAPER_EVIDENCE retained=16 balls=26 revoked_balls=0 expired_views=0 evicted_views=8 radius=0.580 clearance=0.000 best_prefix=0.000
[depth_angular_controller-1] [INFO] [1791382400.777875071] [depth_angular_controller]: OMNI_DEPTH views=4 azimuth_bins=180 elevation_bins=37 valid=1 certificates=1 short=0 held=1 local_candidates=0 yaw=22.00
[depth_angular_controller-1] [INFO] [1791382400.778755395] [depth_angular_controller]: PAPER_BUILD reason=FULL_MOTION_CERTIFICATE required=0.0000 best=0.0000 free=0 refined=0 tubes=10 revoked_tubes=0 proofs=128
[depth_angular_controller-1] [INFO] [1791382400.778921978] [depth_angular_controller]: PAPER_EVIDENCE retained=16 balls=31 revoked_balls=0 expired_views=0 evicted_views=12 radius=0.580 clearance=0.000 best_prefix=0.000
[depth_angular_controller-1] [INFO] [1791382401.771573891] [depth_angular_controller]: OMNI_DEPTH views=4 azimuth_bins=180 elevation_bins=37 valid=1 certificates=1 short=0 held=0 local_candidates=0 yaw=0.03
[depth_angular_controller-1] [INFO] [1791382401.771712362] [depth_angular_controller]: PAPER_BUILD reason=FULL_MOTION_CERTIFICATE required=0.0000 best=0.0000 free=0 refined=0 tubes=12 revoked_tubes=0 proofs=128
[depth_angular_controller-1] [INFO] [1791382401.771719425] [depth_angular_controller]: PAPER_EVIDENCE retained=16 balls=32 revoked_balls=0 expired_views=0 evicted_views=16 radius=0.580 clearance=0.000 best_prefix=0.000
[depth_angular_controller-1] [INFO] [1791382402.890042423] [depth_angular_controller]: OMNI_DEPTH views=4 azimuth_bins=180 elevation_bins=37 valid=1 certificates=1 short=0 held=0 local_candidates=0 yaw=-0.02
[depth_angular_controller-1] [INFO] [1791382402.890182366] [depth_angular_controller]: PAPER_BUILD reason=FULL_MOTION_CERTIFICATE required=0.0000 best=0.0000 free=0 refined=0 tubes=14 revoked_tubes=0 proofs=128
[depth_angular_controller-1] [INFO] [1791382402.890189810] [depth_angular_controller]: PAPER_EVIDENCE retained=16 balls=32 revoked_balls=0 expired_views=0 evicted_views=20 radius=0.580 clearance=0.000 best_prefix=0.000
[depth_angular_controller-1] [INFO] [1791382403.773953659] [depth_angular_controller]: [PERF CTRL] run=p5_refine_execution_jitter_20261007_jitter_before_1 elapsed=23.72s callbacks=595 commands=594 guidance=534 command_fps(ros/wall)=60.00/59.17 guidance_wall_fps=59.03 avoid_ms(mean/p50/p95/max)=0.312/0.215/0.751/2.921 cycle_ms(mean/p95/max)=16.899/21.890/82.451 depth_to_cmd_ms(mean/p95/max)=46.348/83.333/100.000 callback_to_publish_ms(mean/p95/max)=1.961/6.526/13.819
[depth_angular_controller-1] [INFO] [1791382403.774029131] [depth_angular_controller]: EVIDENCE_COST ingest(mean/p95/max)=1.582/6.233/13.760 record=0.014/0.018/0.195 ms
[depth_angular_controller-1] [INFO] [1791382403.774034190] [depth_angular_controller]: EVIDENCE_PHASE per_view_mean_ms balls=0.073 tubes=0.012 history=0.285 eviction=0.001
[position_cmd_to_twist-2] [INFO] [1791382403.802913123] [position_cmd_to_twist]: [PERF BRIDGE] run=p5_refine_execution_jitter_20261007_jitter_before_1 elapsed=23.64s received=595 published=595 fps(ros/wall)=60.00/59.20 controller_to_bridge_ms(mean/p50/p95/max)=0.000/0.000/0.000/0.000 bridge_process_ms(mean/p95/max)=0.091/0.115/0.488
[NAV] t=10.0s position=(-57.54,-10.23,2.37) yaw=77.5deg command=(0.80,0.00,0.00) manual_active=1 collision_blocks=0
[depth_angular_controller-1] [INFO] [1791382403.886705214] [depth_angular_controller]: OMNI_DEPTH views=4 azimuth_bins=180 elevation_bins=37 valid=1 certificates=1 short=0 held=0 local_candidates=0 yaw=0.02
[depth_angular_controller-1] [INFO] [1791382403.886834127] [depth_angular_controller]: PAPER_BUILD reason=FULL_MOTION_CERTIFICATE required=0.0000 best=0.0000 free=0 refined=0 tubes=16 revoked_tubes=0 proofs=128
[depth_angular_controller-1] [INFO] [1791382403.886842012] [depth_angular_controller]: PAPER_EVIDENCE retained=16 balls=32 revoked_balls=0 expired_views=0 evicted_views=24 radius=0.580 clearance=0.000 best_prefix=0.000
[depth_angular_controller-1] [INFO] [1791382404.951248905] [depth_angular_controller]: OMNI_DEPTH views=4 azimuth_bins=180 elevation_bins=37 valid=1 certificates=1 short=0 held=1 local_candidates=0 yaw=16.00
[depth_angular_controller-1] [INFO] [1791382404.951397634] [depth_angular_controller]: PAPER_BUILD reason=FULL_MOTION_CERTIFICATE required=0.0000 best=0.0000 free=0 refined=0 tubes=17 revoked_tubes=0 proofs=128
[depth_angular_controller-1] [INFO] [1791382404.951407393] [depth_angular_controller]: PAPER_EVIDENCE retained=16 balls=32 revoked_balls=0 expired_views=0 evicted_views=28 radius=0.580 clearance=0.000 best_prefix=0.000
[depth_angular_controller-1] [INFO] [1791382406.037144322] [depth_angular_controller]: OMNI_DEPTH views=4 azimuth_bins=180 elevation_bins=37 valid=1 certificates=1 short=0 held=1 local_candidates=0 yaw=28.00
[depth_angular_controller-1] [INFO] [1791382406.037280708] [depth_angular_controller]: PAPER_BUILD reason=FULL_MOTION_CERTIFICATE required=0.0000 best=0.0000 free=0 refined=0 tubes=19 revoked_tubes=0 proofs=128
[depth_angular_controller-1] [INFO] [1791382406.037287281] [depth_angular_controller]: PAPER_EVIDENCE retained=16 balls=32 revoked_balls=0 expired_views=0 evicted_views=32 radius=0.580 clearance=0.000 best_prefix=0.000
[depth_angular_controller-1] [INFO] [1791382407.120319226] [depth_angular_controller]: OMNI_DEPTH views=4 azimuth_bins=180 elevation_bins=37 valid=1 certificates=1 short=0 held=0 local_candidates=0 yaw=22.00
[depth_angular_controller-1] [INFO] [1791382407.120620082] [depth_angular_controller]: PAPER_BUILD reason=FULL_MOTION_CERTIFICATE required=0.0000 best=0.0000 free=0 refined=0 tubes=21 revoked_tubes=0 proofs=128
[depth_angular_controller-1] [INFO] [1791382407.120631693] [depth_angular_controller]: PAPER_EVIDENCE retained=16 balls=32 revoked_balls=0 expired_views=0 evicted_views=36 radius=0.580 clearance=0.000 best_prefix=0.000
[depth_angular_controller-1] [INFO] [1791382408.196460963] [depth_angular_controller]: OMNI_DEPTH views=4 azimuth_bins=180 elevation_bins=37 valid=1 certificates=1 short=0 held=0 local_candidates=0 yaw=-0.01
[depth_angular_controller-1] [INFO] [1791382408.196607398] [depth_angular_controller]: PAPER_BUILD reason=FULL_MOTION_CERTIFICATE required=0.0000 best=0.0000 free=0 refined=0 tubes=23 revoked_tubes=0 proofs=128
[depth_angular_controller-1] [INFO] [1791382408.196615283] [depth_angular_controller]: PAPER_EVIDENCE retained=16 balls=32 revoked_balls=0 expired_views=0 evicted_views=40 radius=0.580 clearance=0.000 best_prefix=0.000
[depth_angular_controller-1] [INFO] [1791382408.795108349] [depth_angular_controller]: [PERF CTRL] run=p5_refine_execution_jitter_20261007_jitter_before_1 elapsed=28.74s callbacks=873 commands=872 guidance=812 command_fps(ros/wall)=60.00/57.90 guidance_wall_fps=57.72 avoid_ms(mean/p50/p95/max)=0.395/0.220/2.311/3.423 cycle_ms(mean/p95/max)=17.270/24.018/82.451 depth_to_cmd_ms(mean/p95/max)=42.878/83.333/100.000 callback_to_publish_ms(mean/p95/max)=2.395/7.416/13.819
[depth_angular_controller-1] [INFO] [1791382408.795197186] [depth_angular_controller]: EVIDENCE_COST ingest(mean/p95/max)=1.918/6.803/13.760 record=0.024/0.139/0.206 ms
[depth_angular_controller-1] [INFO] [1791382408.795202245] [depth_angular_controller]: EVIDENCE_PHASE per_view_mean_ms balls=0.076 tubes=0.028 history=0.350 eviction=0.001
[position_cmd_to_twist-2] [INFO] [1791382409.268833116] [position_cmd_to_twist]: [PERF BRIDGE] run=p5_refine_execution_jitter_20261007_jitter_before_1 elapsed=29.11s received=895 published=895 fps(ros/wall)=60.00/57.68 controller_to_bridge_ms(mean/p50/p95/max)=0.000/0.000/0.000/0.000 bridge_process_ms(mean/p95/max)=0.090/0.113/0.488
[NAV] t=15.0s position=(-53.77,-9.29,1.99) yaw=120.3deg command=(0.78,0.02,-0.01) manual_active=0 collision_blocks=0
[depth_angular_controller-1] [INFO] [1791382409.352982549] [depth_angular_controller]: ZERO_INTENT
[depth_angular_controller-1] [INFO] [1791382411.411577142] [depth_angular_controller]: OMNI_DEPTH views=4 azimuth_bins=180 elevation_bins=37 valid=1 certificates=1 short=0 held=0 local_candidates=0 yaw=0.00
[depth_angular_controller-1] [INFO] [1791382411.411677240] [depth_angular_controller]: DEPTH_PROPOSAL_CERTIFIED
[depth_angular_controller-1] [INFO] [1791382411.411688100] [depth_angular_controller]: PAPER_BUILD reason=FULL_MOTION_CERTIFICATE required=0.0000 best=0.0000 free=0 refined=0 tubes=25 revoked_tubes=0 proofs=128
[depth_angular_controller-1] [INFO] [1791382411.411695053] [depth_angular_controller]: PAPER_EVIDENCE retained=16 balls=32 revoked_balls=0 expired_views=0 evicted_views=49 radius=0.580 clearance=0.000 best_prefix=0.000
[depth_angular_controller-1] [INFO] [1791382412.450624657] [depth_angular_controller]: OMNI_DEPTH views=4 azimuth_bins=180 elevation_bins=37 valid=1 certificates=1 short=0 held=0 local_candidates=0 yaw=5.73
[depth_angular_controller-1] [INFO] [1791382412.450743380] [depth_angular_controller]: PAPER_BUILD reason=FULL_MOTION_CERTIFICATE required=0.0000 best=0.0000 free=0 refined=0 tubes=26 revoked_tubes=0 proofs=128
[depth_angular_controller-1] [INFO] [1791382412.450749441] [depth_angular_controller]: PAPER_EVIDENCE retained=16 balls=32 revoked_balls=0 expired_views=0 evicted_views=53 radius=0.580 clearance=0.000 best_prefix=0.000
[depth_angular_controller-1] [INFO] [1791382413.623534731] [depth_angular_controller]: OMNI_DEPTH views=4 azimuth_bins=180 elevation_bins=37 valid=1 certificates=1 short=0 held=0 local_candidates=0 yaw=11.46
[depth_angular_controller-1] [INFO] [1791382413.623676598] [depth_angular_controller]: PAPER_BUILD reason=FULL_MOTION_CERTIFICATE required=0.0000 best=0.0000 free=0 refined=0 tubes=27 revoked_tubes=0 proofs=128
[depth_angular_controller-1] [INFO] [1791382413.623683591] [depth_angular_controller]: PAPER_EVIDENCE retained=16 balls=32 revoked_balls=0 expired_views=0 evicted_views=57 radius=0.580 clearance=0.000 best_prefix=0.000
[depth_angular_controller-1] [INFO] [1791382413.799500666] [depth_angular_controller]: [PERF CTRL] run=p5_refine_execution_jitter_20261007_jitter_before_1 elapsed=33.75s callbacks=1152 commands=1151 guidance=971 command_fps(ros/wall)=60.00/57.37 guidance_wall_fps=50.91 avoid_ms(mean/p50/p95/max)=0.366/0.219/2.185/3.423 cycle_ms(mean/p95/max)=17.432/24.930/82.451 depth_to_cmd_ms(mean/p95/max)=41.692/83.333/100.000 callback_to_publish_ms(mean/p95/max)=2.538/8.004/13.819
[depth_angular_controller-1] [INFO] [1791382413.799625381] [depth_angular_controller]: EVIDENCE_COST ingest(mean/p95/max)=2.128/7.547/13.760 record=0.021/0.122/0.206 ms
[depth_angular_controller-1] [INFO] [1791382413.799637403] [depth_angular_controller]: EVIDENCE_PHASE per_view_mean_ms balls=0.079 tubes=0.026 history=0.401 eviction=0.001
[position_cmd_to_twist-2] [INFO] [1791382414.732417649] [position_cmd_to_twist]: [PERF BRIDGE] run=p5_refine_execution_jitter_20261007_jitter_before_1 elapsed=34.57s received=1195 published=1195 fps(ros/wall)=60.00/56.96 controller_to_bridge_ms(mean/p50/p95/max)=0.000/0.000/0.000/0.000 bridge_process_ms(mean/p95/max)=0.088/0.112/0.488
[NAV] t=20.0s position=(-52.08,-9.09,1.99) yaw=94.4deg command=(0.58,0.15,0.00) manual_active=1 collision_blocks=0
[depth_angular_controller-1] [INFO] [1791382414.819395167] [depth_angular_controller]: OMNI_DEPTH views=4 azimuth_bins=180 elevation_bins=37 valid=1 certificates=1 short=0 held=0 local_candidates=0 yaw=17.19
[depth_angular_controller-1] [INFO] [1791382414.819535671] [depth_angular_controller]: PAPER_BUILD reason=FULL_MOTION_CERTIFICATE required=0.0000 best=0.0000 free=0 refined=0 tubes=28 revoked_tubes=0 proofs=128
[depth_angular_controller-1] [INFO] [1791382414.819544798] [depth_angular_controller]: PAPER_EVIDENCE retained=16 balls=32 revoked_balls=0 expired_views=0 evicted_views=61 radius=0.580 clearance=0.000 best_prefix=0.000
[depth_angular_controller-1] [INFO] [1791382415.875264005] [depth_angular_controller]: OMNI_DEPTH views=4 azimuth_bins=180 elevation_bins=37 valid=1 certificates=1 short=0 held=0 local_candidates=0 yaw=22.92
[depth_angular_controller-1] [INFO] [1791382415.875398528] [depth_angular_controller]: PAPER_BUILD reason=FULL_MOTION_CERTIFICATE required=0.0000 best=0.0000 free=0 refined=0 tubes=30 revoked_tubes=0 proofs=128
[depth_angular_controller-1] [INFO] [1791382415.875406142] [depth_angular_controller]: PAPER_EVIDENCE retained=16 balls=32 revoked_balls=0 expired_views=0 evicted_views=65 radius=0.580 clearance=0.000 best_prefix=0.000
[depth_angular_controller-1] [INFO] [1791382417.111699153] [depth_angular_controller]: OMNI_DEPTH views=4 azimuth_bins=180 elevation_bins=37 valid=1 certificates=1 short=0 held=0 local_candidates=0 yaw=28.65
[depth_angular_controller-1] [INFO] [1791382417.112654899] [depth_angular_controller]: PAPER_BUILD reason=FULL_MOTION_CERTIFICATE required=0.0000 best=0.0000 free=0 refined=0 tubes=31 revoked_tubes=0 proofs=128
[depth_angular_controller-1] [INFO] [1791382417.112686969] [depth_angular_controller]: PAPER_EVIDENCE retained=16 balls=32 revoked_balls=0 expired_views=0 evicted_views=69 radius=0.580 clearance=0.000 best_prefix=0.000
[depth_angular_controller-1] [INFO] [1791382418.293769443] [depth_angular_controller]: OMNI_DEPTH views=4 azimuth_bins=180 elevation_bins=37 valid=1 certificates=1 short=0 held=0 local_candidates=0 yaw=180.00
[depth_angular_controller-1] [INFO] [1791382418.293857789] [depth_angular_controller]: INTENT_REVERSAL_BRAKE
[depth_angular_controller-1] [INFO] [1791382418.293864672] [depth_angular_controller]: PAPER_BUILD reason= required=0.0000 best=0.0000 free=0 refined=0 tubes=32 revoked_tubes=0 proofs=128
[depth_angular_controller-1] [INFO] [1791382418.293871274] [depth_angular_controller]: PAPER_EVIDENCE retained=16 balls=32 revoked_balls=0 expired_views=0 evicted_views=73 radius=0.580 clearance=0.000 best_prefix=0.000
[depth_angular_controller-1] [INFO] [1791382418.800151002] [depth_angular_controller]: [PERF CTRL] run=p5_refine_execution_jitter_20261007_jitter_before_1 elapsed=38.75s callbacks=1407 commands=1406 guidance=1226 command_fps(ros/wall)=60.00/56.09 guidance_wall_fps=50.92 avoid_ms(mean/p50/p95/max)=0.333/0.216/1.983/3.423 cycle_ms(mean/p95/max)=17.827/25.648/87.303 depth_to_cmd_ms(mean/p95/max)=40.416/83.333/100.000 callback_to_publish_ms(mean/p95/max)=2.656/8.582/13.819
[depth_angular_controller-1] [INFO] [1791382418.800272320] [depth_angular_controller]: EVIDENCE_COST ingest(mean/p95/max)=2.264/8.132/13.760 record=0.021/0.098/0.891 ms
[depth_angular_controller-1] [INFO] [1791382418.800277470] [depth_angular_controller]: EVIDENCE_PHASE per_view_mean_ms balls=0.082 tubes=0.035 history=0.423 eviction=0.001
[depth_angular_controller-1] [INFO] [1791382418.877790060] [depth_angular_controller]: DEPTH_PROPOSAL_CERTIFIED
[depth_angular_controller-1] [INFO] [1791382419.468347021] [depth_angular_controller]: OMNI_DEPTH views=4 azimuth_bins=180 elevation_bins=37 valid=1 certificates=1 short=0 held=0 local_candidates=0 yaw=180.00
[depth_angular_controller-1] [INFO] [1791382419.468450886] [depth_angular_controller]: PAPER_BUILD reason=FULL_MOTION_CERTIFICATE required=0.0000 best=0.0000 free=0 refined=0 tubes=33 revoked_tubes=0 proofs=128
[depth_angular_controller-1] [INFO] [1791382419.468458781] [depth_angular_controller]: PAPER_EVIDENCE retained=16 balls=32 revoked_balls=0 expired_views=0 evicted_views=76 radius=0.580 clearance=0.000 best_prefix=0.000
[position_cmd_to_twist-2] [INFO] [1791382420.491843731] [position_cmd_to_twist]: [PERF BRIDGE] run=p5_refine_execution_jitter_20261007_jitter_before_1 elapsed=40.33s received=1495 published=1495 fps(ros/wall)=60.00/55.91 controller_to_bridge_ms(mean/p50/p95/max)=0.000/0.000/0.000/0.000 bridge_process_ms(mean/p95/max)=0.088/0.111/0.488
[NAV] t=25.0s position=(-50.87,-8.31,1.99) yaw=68.8deg command=(-0.59,-0.00,0.00) manual_active=1 collision_blocks=0
[depth_angular_controller-1] [INFO] [1791382420.578064948] [depth_angular_controller]: OMNI_DEPTH views=4 azimuth_bins=180 elevation_bins=37 valid=1 certificates=1 short=0 held=0 local_candidates=0 yaw=180.00
[depth_angular_controller-1] [INFO] [1791382420.578193109] [depth_angular_controller]: PAPER_BUILD reason=FULL_MOTION_CERTIFICATE required=0.0000 best=0.0000 free=0 refined=0 tubes=34 revoked_tubes=0 proofs=128
[depth_angular_controller-1] [INFO] [1791382420.578199842] [depth_angular_controller]: PAPER_EVIDENCE retained=16 balls=32 revoked_balls=0 expired_views=0 evicted_views=80 radius=0.580 clearance=0.000 best_prefix=0.000
[depth_angular_controller-1] [INFO] [1791382421.690575493] [depth_angular_controller]: ZERO_INTENT
[depth_angular_controller-1] [INFO] [1791382423.631443912] [depth_angular_controller]: OMNI_DEPTH views=4 azimuth_bins=180 elevation_bins=37 valid=1 certificates=1 short=0 held=0 local_candidates=0 yaw=0.00
[depth_angular_controller-1] [INFO] [1791382423.631532889] [depth_angular_controller]: DEPTH_PROPOSAL_CERTIFIED
[depth_angular_controller-1] [INFO] [1791382423.631539331] [depth_angular_controller]: PAPER_BUILD reason=FULL_MOTION_CERTIFICATE required=0.0000 best=0.0000 free=0 refined=0 tubes=35 revoked_tubes=0 proofs=128
[depth_angular_controller-1] [INFO] [1791382423.631545653] [depth_angular_controller]: PAPER_EVIDENCE retained=16 balls=32 revoked_balls=0 expired_views=0 evicted_views=91 radius=0.580 clearance=0.000 best_prefix=0.000
[depth_angular_controller-1] [INFO] [1791382423.807688641] [depth_angular_controller]: [PERF CTRL] run=p5_refine_execution_jitter_20261007_jitter_before_1 elapsed=43.75s callbacks=1692 commands=1691 guidance=1391 command_fps(ros/wall)=60.00/56.23 guidance_wall_fps=47.83 avoid_ms(mean/p50/p95/max)=0.316/0.212/1.857/3.423 cycle_ms(mean/p95/max)=17.784/25.785/87.303 depth_to_cmd_ms(mean/p95/max)=39.983/83.333/100.000 callback_to_publish_ms(mean/p95/max)=2.656/8.587/13.819
[depth_angular_controller-1] [INFO] [1791382423.808254073] [depth_angular_controller]: EVIDENCE_COST ingest(mean/p95/max)=2.300/8.286/13.760 record=0.019/0.029/0.891 ms
[depth_angular_controller-1] [INFO] [1791382423.808263902] [depth_angular_controller]: EVIDENCE_PHASE per_view_mean_ms balls=0.082 tubes=0.038 history=0.429 eviction=0.001
[depth_angular_controller-1] [INFO] [1791382424.685835764] [depth_angular_controller]: OMNI_DEPTH views=4 azimuth_bins=180 elevation_bins=37 valid=1 certificates=1 short=0 held=0 local_candidates=0 yaw=0.00
[depth_angular_controller-1] [INFO] [1791382424.685960889] [depth_angular_controller]: PAPER_BUILD reason=FULL_MOTION_CERTIFICATE required=0.0000 best=0.0000 free=0 refined=0 tubes=36 revoked_tubes=0 proofs=128
[depth_angular_controller-1] [INFO] [1791382424.685967932] [depth_angular_controller]: PAPER_EVIDENCE retained=16 balls=32 revoked_balls=0 expired_views=0 evicted_views=95 radius=0.580 clearance=0.000 best_prefix=0.000
[position_cmd_to_twist-2] [INFO] [1791382425.727437800] [position_cmd_to_twist]: [PERF BRIDGE] run=p5_refine_execution_jitter_20261007_jitter_before_1 elapsed=45.56s received=1795 published=1795 fps(ros/wall)=60.00/56.14 controller_to_bridge_ms(mean/p50/p95/max)=0.000/0.000/0.000/0.000 bridge_process_ms(mean/p95/max)=0.087/0.110/0.488
[NAV] t=30.0s position=(-50.89,-8.31,2.42) yaw=68.8deg command=(0.50,0.00,0.30) manual_active=1 collision_blocks=0
[depth_angular_controller-1] [INFO] [1791382425.815379670] [depth_angular_controller]: OMNI_DEPTH views=4 azimuth_bins=180 elevation_bins=37 valid=1 certificates=1 short=0 held=0 local_candidates=0 yaw=0.00
[depth_angular_controller-1] [INFO] [1791382425.815509644] [depth_angular_controller]: PAPER_BUILD reason=FULL_MOTION_CERTIFICATE required=0.0000 best=0.0000 free=0 refined=0 tubes=37 revoked_tubes=0 proofs=128
[depth_angular_controller-1] [INFO] [1791382425.815516607] [depth_angular_controller]: PAPER_EVIDENCE retained=16 balls=32 revoked_balls=0 expired_views=0 evicted_views=99 radius=0.580 clearance=0.000 best_prefix=0.000
[depth_angular_controller-1] [INFO] [1791382426.921808846] [depth_angular_controller]: OMNI_DEPTH views=4 azimuth_bins=180 elevation_bins=37 valid=1 certificates=1 short=0 held=0 local_candidates=0 yaw=0.00
[depth_angular_controller-1] [INFO] [1791382426.921939081] [depth_angular_controller]: PAPER_BUILD reason=FULL_MOTION_CERTIFICATE required=0.0000 best=0.0000 free=0 refined=0 tubes=38 revoked_tubes=0 proofs=128
[depth_angular_controller-1] [INFO] [1791382426.921945864] [depth_angular_controller]: PAPER_EVIDENCE retained=16 balls=32 revoked_balls=0 expired_views=0 evicted_views=103 radius=0.580 clearance=0.000 best_prefix=0.000
[depth_angular_controller-1] [INFO] [1791382427.969243774] [depth_angular_controller]: ZERO_INTENT
[depth_angular_controller-1] [INFO] [1791382428.825052697] [depth_angular_controller]: [PERF CTRL] run=p5_refine_execution_jitter_20261007_jitter_before_1 elapsed=48.77s callbacks=1973 commands=1972 guidance=1620 command_fps(ros/wall)=60.00/56.20 guidance_wall_fps=48.74 avoid_ms(mean/p50/p95/max)=0.299/0.210/0.525/3.423 cycle_ms(mean/p95/max)=17.794/25.543/87.303 depth_to_cmd_ms(mean/p95/max)=39.290/66.667/100.000 callback_to_publish_ms(mean/p95/max)=2.668/8.417/13.819
[depth_angular_controller-1] [INFO] [1791382428.825236552] [depth_angular_controller]: EVIDENCE_COST ingest(mean/p95/max)=2.326/8.131/13.760 record=0.019/0.022/0.891 ms
[depth_angular_controller-1] [INFO] [1791382428.825243746] [depth_angular_controller]: EVIDENCE_PHASE per_view_mean_ms balls=0.082 tubes=0.037 history=0.437 eviction=0.001
[MANUAL RESULT] TIMEOUT position=(-49.780,-8.306,3.084)
[PERF ISAAC FINAL] run=p5_refine_execution_jitter_20261007_jitter_before_1 result=MANUAL_TIMEOUT wall=36.62s sim_frames=2043 fps(sim/wall)=60.06/55.80 command_changes=1320 collision_blocks=0 frame_interval_ms(mean/p50/p95/max)=17.760/16.858/19.036/78.745
[49.562s] Simulation App Shutting Down
[depth_angular_controller-1] [INFO] [1791382430.557801603] [rclcpp]: signal_handler(SIGINT/SIGTERM)
[position_cmd_to_twist-2] [INFO] [1791382430.558401551] [position_cmd_to_twist]: [PERF BRIDGE FINAL] run=p5_refine_execution_jitter_20261007_jitter_before_1 elapsed=50.40s received=2041 published=2041 fps(ros/wall)=60.00/56.31 controller_to_bridge_ms(mean/p50/p95/max)=0.000/0.000/0.000/0.000 bridge_process_ms(mean/p95/max)=0.086/0.108/0.488
[position_cmd_to_twist-2] Failed to publish log message to rosout: publisher's context is invalid, at ./src/rcl/publisher.c:389
[depth_angular_controller-1] [INFO] [1791382430.558534872] [depth_angular_controller]: [PERF CTRL FINAL] run=p5_refine_execution_jitter_20261007_jitter_before_1 elapsed=50.50s callbacks=2042 commands=2041 guidance=1620 command_fps(ros/wall)=60.00/56.31 guidance_wall_fps=48.74 avoid_ms(mean/p50/p95/max)=0.299/0.210/0.525/3.423 cycle_ms(mean/p95/max)=17.759/25.479/87.303 depth_to_cmd_ms(mean/p95/max)=39.290/66.667/100.000 callback_to_publish_ms(mean/p95/max)=2.655/8.383/13.819
[depth_angular_controller-1] [INFO] [1791382430.558674444] [depth_angular_controller]: EVIDENCE_COST ingest(mean/p95/max)=2.323/8.078/13.760 record=0.018/0.022/0.891 ms
[depth_angular_controller-1] [INFO] [1791382430.558677359] [depth_angular_controller]: EVIDENCE_PHASE per_view_mean_ms balls=0.082 tubes=0.037 history=0.437 eviction=0.001
[INFO] [depth_angular_controller-1]: process has finished cleanly [pid 283014]
[INFO] [position_cmd_to_twist-2]: process has finished cleanly [pid 283016]
