Starting >>> pc_gvf_msgs
Finished <<< pc_gvf_msgs [0.16s]
Starting >>> pc_gvf_platforms
Finished <<< pc_gvf_platforms [0.31s]
Starting >>> pc_gvf
--- stderr: pc_gvf
/home/starry/isaac-data/EGO1P1/src/pc_gvf/src/paper_replay.cpp: In member function ‘void pc_gvf::depth_angular::{anonymous}::Archive::numbers(std::vector<T>&)’:
/home/starry/isaac-data/EGO1P1/src/pc_gvf/src/paper_replay.cpp:29:9: warning: this ‘if’ clause does not guard... [-Wmisleading-indentation]
   29 |         if(in)x.resize(n);for(auto& v:x)number(v);
      |         ^~
/home/starry/isaac-data/EGO1P1/src/pc_gvf/src/paper_replay.cpp:29:27: note: ...this statement, but the latter is misleadingly indented as if it were guarded by the ‘if’
   29 |         if(in)x.resize(n);for(auto& v:x)number(v);
      |                           ^~~
/home/starry/isaac-data/EGO1P1/src/pc_gvf/src/paper_replay.cpp: In member function ‘void pc_gvf::depth_angular::{anonymous}::Archive::balls(std::vector<std::pair<Eigen::Matrix<double, 3, 1>, double> >&)’:
/home/starry/isaac-data/EGO1P1/src/pc_gvf/src/paper_replay.cpp:63:9: warning: this ‘if’ clause does not guard... [-Wmisleading-indentation]
   63 |         if(in)v.resize(n);for(auto& b:v){eigen(b.first);number(b.second);}
      |         ^~
/home/starry/isaac-data/EGO1P1/src/pc_gvf/src/paper_replay.cpp:63:27: note: ...this statement, but the latter is misleadingly indented as if it were guarded by the ‘if’
   63 |         if(in)v.resize(n);for(auto& b:v){eigen(b.first);number(b.second);}
      |                           ^~~
/home/starry/isaac-data/EGO1P1/src/pc_gvf/src/paper_replay.cpp: In static member function ‘static void pc_gvf::depth_angular::PaperReplayCodec::state(pc_gvf::depth_angular::{anonymous}::Archive&, pc_gvf::depth_angular::PaperGuidance&)’:
/home/starry/isaac-data/EGO1P1/src/pc_gvf/src/paper_replay.cpp:165:9: warning: this ‘if’ clause does not guard... [-Wmisleading-indentation]
  165 |         if(io.in)p.reference_world_.resize(n);for(auto& point:p.reference_world_)io.eigen(point);
      |         ^~
/home/starry/isaac-data/EGO1P1/src/pc_gvf/src/paper_replay.cpp:165:47: note: ...this statement, but the latter is misleadingly indented as if it were guarded by the ‘if’
  165 |         if(io.in)p.reference_world_.resize(n);for(auto& point:p.reference_world_)io.eigen(point);
      |                                               ^~~
---
Finished <<< pc_gvf [17.4s]

Summary: 3 packages finished [17.9s]
  1 package had stderr output: pc_gvf
