[PERF] run=continuous8 log=/home/starry/isaac-data/EGO1P1/performance/continuous_20260928/performance.md
[INPUT] mode=trace scene_mode=cloud
[INFO] [launch]: All log files can be found below /tmp/fov_gvf_ego1p1_isaac_ros_log/2026-09-28-21-44-21-732547-starry-System-Product-Name-20092
[INFO] [launch]: Default logging verbosity is set to INFO
[INFO] [depth_angular_controller-1]: process started with pid [20096]
[INFO] [position_cmd_to_twist-2]: process started with pid [20098]
[depth_angular_controller-1] [INFO] [1790603061.765909740] [depth_angular_controller]: C++ controller commands publish on /position_cmd; horizontal views=4
[ROS CHECK] ROS_DOMAIN_ID=84 /position_cmd publishers=1
Type: pc_gvf_msgs/msg/PositionCommand
Publisher count: 1
Subscription count: 0
/depth_angular_controller
/position_cmd_to_twist
WARNING: All log messages before absl::InitializeLog() is called are written to STDERR
E0000 00:00:1790603062.722969   20137 descriptor_database.cc:633] File already exists in database: grpc/health/v1/health.proto
W0000 00:00:1790603062.722992   20137 message.cc:301] Protobuf GeneratedMessageFactory: File is already registered: grpc/health/v1/health.proto
2026-09-28T13:44:22Z [Info] [carb] Logging to file: /home/starry/isaac-data/isaacsim/kit/logs/Kit/Isaac-Sim Python/6.0/kit_20260928_214422.log
[0.043s] [ext: omni.assets.plugins-0.0.0] startup
[0.044s] [ext: omni.blobkey-1.1.2] startup
[0.044s] [ext: omni.kit.async_engine-0.0.3] startup
[0.316s] [ext: omni.client.lib-1.1.1] startup
[0.323s] [ext: omni.client-1.3.0] startup
[0.325s] [ext: omni.protobuf.lib-1.0.0] startup
[0.326s] [ext: omni.grpc.lib-1.0.0] startup
[0.329s] [ext: omni.metrics.core-0.0.3] startup
[0.329s] [ext: omni.datastore-0.0.0] startup
[0.330s] [ext: omni.gpu_foundation.shadercache.vulkan-1.0.0] startup
[0.331s] [ext: omni.hsscclient-1.1.4] startup
[0.332s] [ext: omni.stats-1.0.1] startup
[0.332s] [ext: omni.ujitso.default-1.0.0] startup
[0.335s] [ext: omni.gpu_foundation-0.0.0] startup
[0.452s] [ext: carb.windowing.plugins-1.0.1] startup
[0.453s] [ext: omni.kit.renderer.init-1.0.1] startup
2026-09-28T13:44:23Z [653ms] [Warning] [omni.rtx] Skipping unsupported non-NVIDIA GPU: AMD Unknown (RADV RAPHAEL_MENDOCINO)
2026-09-28T13:44:23Z [653ms] [Warning] [omni.rtx] Skipping unsupported non-NVIDIA GPU: AMD Unknown (RADV RAPHAEL_MENDOCINO)

|---------------------------------------------------------------------------------------------|
| Driver Version: 580.178.04    | Graphics API: Vulkan
|=============================================================================================|
| GPU | Name                             | Active | LDA | GPU Memory | Vendor-ID | LUID       |
|     |                                  |        |     |            | Device-ID | UUID       |
|     |                                  |        |     |            | Bus-ID    |            |
|---------------------------------------------------------------------------------------------|
| 0   | NVIDIA GeForce RTX 5070          | Yes: 0 |     | 12227   MB | 10de      | 0          |
|     |                                  |        |     |            | 2f04      | 348d89fe.. |
|     |                                  |        |     |            | 1         |            |
|---------------------------------------------------------------------------------------------|
| 1   | AMD Unknown (RADV RAPHAEL_MEND.. |        |     | 10755   MB | 1002      | 0          |
|     |                                  |        |     |            | 13c0      | 00000000.. |
|     |                                  |        |     |            | c         |            |
|=============================================================================================|
| OS: 22.04.5 LTS (Jammy Jellyfish) ubuntu, Version: 22.04.5, Kernel: 6.8.0-138-generic
| XServer Vendor: The X.Org Foundation, XServer Version: 12101004 (1.21.1.4)
| Processor: AMD Ryzen 5 9600X 6-Core Processor
| Cores: 6 | Logical Cores: 12
|---------------------------------------------------------------------------------------------|
| Total Memory (MB): 31241 | Free Memory: 22683
| Total Page/Swap (MB): 15624 | Free Page/Swap: 15624
|---------------------------------------------------------------------------------------------|
2026-09-28T13:44:23Z [869ms] [Warning] [omni.rtx] CPU performance profile is set to powersave. This profile sets the CPU to the lowest frequency reducing performance.
2026-09-28T13:44:23Z [879ms] [Warning] [omni.rtx] IOMMU is enabled.
[0.976s] [ext: omni.kit.pipapi-0.0.0] startup
[0.977s] [ext: omni.kit.pip_archive-0.0.0] startup
[0.977s] [ext: isaacsim.pip.newton-0.6.1] startup
[0.977s] [ext: omni.pip.compute-1.9.2] startup
[0.978s] [ext: omni.isaac.core_archive-5.3.1] startup
[0.978s] [ext: omni.kit.telemetry-0.5.2] startup
[0.992s] [ext: omni.kit.loop-isaac-1.6.0] startup
[0.994s] [ext: omni.kit.test-2.0.7] startup
[1.049s] [ext: omni.materialx.libs-1.0.9] startup
[1.055s] [ext: omni.gpucompute.plugins-0.0.0] startup
[1.055s] [ext: omni.usd.config-1.0.7] startup
[1.058s] [ext: omni.usd.libs-1.0.3] startup
[1.113s] [ext: omni.iray.libs-0.0.1] startup
[1.116s] [ext: omni.mdl-57.0.3] startup
[1.176s] [ext: omni.mdl.neuraylib-0.2.20] startup
[1.177s] [ext: omni.kit.usd.mdl-1.1.9] startup
[1.261s] [ext: omni.appwindow-1.2.2] startup
[1.262s] [ext: omni.kit.renderer.core-1.2.2] startup
2026-09-28T13:44:28Z [6,491ms] [Warning] [carb.windowing-glfw.gamepad] Joystick with unknown remapping detected (will be ignored):  BEITONG BEITONG A2P3A BFM DONGLE [03000000bc2000001c51000011010000]
[6.521s] [ext: omni.kit.renderer.capture-2.0.1] startup
[6.523s] [ext: omni.kit.renderer.imgui-2.0.6] startup
[6.560s] [ext: omni.ui-3.2.0] startup
[6.567s] [ext: omni.kit.mainwindow-1.0.3] startup
[6.568s] [ext: carb.audio-0.1.0] startup
[6.570s] [ext: omni.uiaudio-1.0.0] startup
[6.570s] [ext: omni.kit.uiapp-0.0.0] startup
[6.570s] [ext: omni.usd.schema.metrics.assembler-110.1.0] startup
[6.572s] [ext: omni.usd.schema.audio-0.0.1] startup
[6.575s] [ext: omni.usd_resolver-1.0.0] startup
[6.577s] [ext: omni.usd.core-1.8.3] startup
[6.579s] [ext: omni.metropolis.schema-0.0.3] startup
[6.580s] [ext: isaacsim.anim.robot.schema-0.1.1] startup
[6.580s] [ext: omni.usd.schema.anim-0.0.1] startup
[6.593s] [ext: omni.usd.schema.geospatial-0.0.1] startup
[6.595s] [ext: omni.usd.schema.omnigraph-1.0.1] startup
[6.599s] [ext: omni.usd.schema.semantics-0.0.0] startup
[6.600s] [ext: omni.activity.core-1.0.3] startup
[6.601s] [ext: omni.cubric-0.1.0] startup
[6.601s] [ext: omni.graph.exec-0.9.6] startup
[6.602s] [ext: omni.hydra.scene_delegate-0.3.5] startup
[6.604s] [ext: usdrt.scenegraph-7.6.3] startup
[6.622s] [ext: omni.hydra.usdrt_delegate-7.5.2] startup
[6.626s] [ext: omni.inspect-1.0.2] startup
[6.626s] [ext: omni.kit.actions.core-1.0.0] startup
[6.628s] [ext: omni.kit.audiodeviceenum-1.0.2] startup
[6.629s] [ext: omni.kit.commands-1.5.0] startup
[6.631s] [ext: omni.kit.exec.core-0.13.5] startup
[6.632s] [ext: omni.kit.usd_undo-0.1.8] startup
[6.632s] [ext: omni.kit.window.popup_dialog-2.0.25] startup
[6.635s] [ext: omni.kit.widget.nucleus_connector-2.3.1] startup
[6.637s] [ext: omni.timeline-1.1.0] startup
[6.638s] [ext: omni.usd-1.16.0] startup
[6.662s] [ext: omni.graph.core-3.1.2] startup
[6.664s] [ext: omni.kit.notification_manager-1.0.11] startup
[6.666s] [ext: isaacsim.core.deprecation_manager-0.4.2] startup
[6.666s] [ext: isaacsim.replicator.agent.schema-0.1.1] startup
[6.667s] [ext: isaacsim.robot.schema-6.3.7] startup
[6.671s] [ext: isaacsim.robot_motion.schema-0.2.1] startup
[6.671s] [ext: omni.anim.behavior.schema-110.1.0] startup
[6.674s] [ext: omni.anim.graph.schema-110.1.1] startup
[6.679s] [ext: omni.anim.navigation.schema-110.1.0] startup
[6.681s] [ext: omni.behavior.tree.schema-110.1.0] startup
[6.681s] [ext: omni.isaac.ml_archive-3.3.0] startup
[6.682s] [ext: omni.kit.asset_converter-6.0.1] startup
[6.690s] [ext: omni.pip.cloud-1.5.4] startup
[6.692s] [ext: omni.usd.schema.flow-110.0.0] startup
[6.692s] [ext: omni.usd.schema.mujoco-1.1.1] startup
[6.693s] [ext: omni.usd.schema.newton-1.2.1] startup
[6.693s] [ext: omni.usd.schema.omni_lens_distortion-1.0.0] startup
[6.694s] [ext: omni.usd.schema.omni_projectors-1.0.0] startup
[6.694s] [ext: omni.usd.schema.omni_sensors-0.0.0] startup
[6.700s] [ext: omni.usd.schema.omniscripting-1.0.1] startup
[6.703s] [ext: omni.usd.schema.physical_lighting-0.1.0] startup
[6.706s] [ext: omni.usd.schema.physx-110.1.13] startup
[6.729s] [ext: omni.usd.schema.render_settings.rtx-1.0.2] startup
[6.731s] [ext: omni.usd.schema.usd_particle_field-1.0.0] startup
[6.732s] [ext: isaacsim.core.version-2.1.1] startup
[6.732s] [ext: omni.kit.menu.core-1.2.0] startup
[6.733s] [ext: omni.kit.menu.utils-2.2.4] startup
[6.738s] [ext: isaacsim.app.about-2.3.1] startup
[6.742s] [ext: isaacsim.asset.transformer-1.2.5] startup
[6.745s] [ext: omni.scene.optimizer.core-110.1.0] startup
[6.774s] [ext: isaacsim.asset.importer.utils-1.8.1] startup
[6.776s] [ext: omni.convexdecomposition-110.1.13] startup
[6.778s] [ext: omni.physics-110.1.13] startup
[6.780s] [ext: omni.physx.gpu-110.1.13] startup
[6.780s] [ext: omni.physx.foundation-110.1.13] startup
[6.781s] [ext: omni.usdphysics-110.1.13] startup
[6.782s] [ext: omni.physx.cooking-110.1.13] startup
[6.784s] [ext: omni.physx-110.1.13] startup
[6.791s] [ext: omni.physics.physx-110.1.13] startup
[6.792s] [ext: isaacsim.asset.exporter.urdf-2.0.5] startup
[6.798s] [ext: omni.kit.clipboard-1.1.1] startup
[6.799s] [ext: omni.kit.usd.layers-2.6.1] startup
[6.804s] [ext: omni.kit.widget.context_menu-1.4.0] startup
[6.805s] [ext: omni.kit.context_menu-1.9.0] startup
[6.806s] [ext: omni.kit.helper.file_utils-0.1.10] startup
[6.807s] [ext: omni.kit.widget.nucleus_info-2.0.2] startup
[6.807s] [ext: omni.kit.search_core-1.0.8] startup
[6.808s] [ext: omni.kit.widget.path_field-2.0.13] startup
[6.808s] [ext: omni.kit.widget.browser_bar-2.0.10] startup
[6.809s] [ext: omni.kit.widget.filebrowser-2.13.4] startup
[6.812s] [ext: omni.kit.widget.options_menu-1.1.6] startup
[6.814s] [ext: omni.kit.widget.options_button-1.0.3] startup
[6.815s] [ext: omni.kit.widget.search_delegate-1.0.9] startup
[6.815s] [ext: omni.ui.scene-2.0.3] startup
[6.818s] [ext: omni.kit.window.filepicker-2.15.5] startup
[6.828s] [ext: omni.kit.window.file_importer-1.1.21] startup
[6.829s] [ext: omni.kit.material.library-3.1.2] startup
[6.833s] [ext: isaacsim.asset.transformer.rules-1.7.10] startup
[6.841s] [ext: omni.usdex.libs-2.2.2] startup
[6.846s] [ext: isaacsim.asset.importer.mjcf-3.10.1] startup
[6.848s] [ext: isaacsim.asset.importer.urdf-3.11.2] startup
[6.851s] [ext: omni.kit.primitive.mesh-1.1.0] startup
[6.853s] [ext: omni.kit.stage_template.core-1.1.22] startup
[6.853s] [ext: omni.kit.stage_templates-2.0.2] startup
[6.854s] [ext: omni.usd.metrics.assembler-110.1.2] startup
[6.856s] [ext: omni.warp.core-1.13.0] startup
[7.033s] [ext: isaacsim.core.experimental.utils-0.17.2] startup
[7.034s] [ext: omni.physics.stageupdate-110.1.13] startup
[7.036s] [ext: omni.physics.tensors-110.1.13] startup
[7.039s] [ext: omni.physx.tensors-110.1.13] startup
[7.042s] [ext: isaacsim.core.simulation_manager-1.15.6] startup
[7.052s] [ext: isaacsim.storage.native-1.9.3] startup
[7.053s] [ext: omni.usd.metrics.assembler.physics-110.1.13] startup
[7.054s] [ext: isaacsim.core.utils-4.1.7] startup
[7.055s] [ext: isaacsim.core.prims-0.11.7] startup
[7.902s] [ext: isaacsim.core.api-5.2.13] startup
[7.907s] [ext: isaacsim.core.cloner-1.7.3] startup
[7.908s] [ext: isaacsim.test.docstring-1.3.2] startup
[7.910s] [ext: isaacsim.core.experimental.prims-1.8.9] startup
[7.928s] [ext: isaacsim.core.experimental.primdata-0.3.2] startup
[7.929s] [ext: omni.graph.tools-1.81.0] startup
[7.947s] [ext: omni.graph-1.142.5] startup
[7.977s] [ext: isaacsim.core.experimental.actuators-0.1.2] startup
[7.990s] [ext: isaacsim.core.experimental.materials-0.7.1] startup
[7.992s] [ext: isaacsim.core.experimental.objects-0.8.1] startup
[8.043s] [ext: omni.hydra.engine.stats-1.0.5] startup
[8.045s] [ext: omni.hydra.rtx.shadercache.vulkan-1.0.0] startup
[8.046s] [ext: omni.index.libs-387500.4413.0] startup
[8.046s] [ext: omni.index-1.0.1] startup
[8.046s] [ext: omni.ujitso.client-0.0.0] startup
[8.047s] [ext: omni.usd.schema.playback-1.0.0] startup
[8.049s] [ext: omni.volume-0.5.2] startup
[8.053s] [ext: omni.hydra.rtx-1.0.4] startup
2026-09-28T13:44:30Z [8,043ms] [Warning] [omni.log] Source: omni.hydra was already registered.
[8.074s] [ext: omni.kit.hydra_texture-1.6.0] startup
[8.076s] [ext: omni.kit.raycast.query-1.2.0] startup
[8.079s] [ext: omni.kit.viewport.legacy_gizmos-1.0.24] startup
[8.081s] [ext: omni.kit.viewport.registry-104.0.6] startup
[8.082s] [ext: omni.kit.viewport.scene_camera_model-1.0.7] startup
[8.084s] [ext: omni.kit.widget.viewport-109.2.0] startup
[8.088s] [ext: omni.kit.window.drop_support-1.0.8] startup
[8.088s] [ext: omni.kit.viewport.window-109.0.2] startup
[8.102s] [ext: omni.kit.viewport.utility-2.0.1] startup
[8.102s] [ext: isaacsim.core.rendering_manager-0.4.3] startup
[8.121s] [ext: omni.graph.action_core-1.1.9] startup
[8.123s] [ext: omni.graph.action_nodes_core-2.11.0] startup
[8.125s] [ext: omni.graph.action_nodes-2.11.0] startup
[8.140s] [ext: omni.graph.action-2.10.2] startup
[8.141s] [ext: omni.graph.image.core-0.6.1] startup
[8.142s] [ext: omni.graph.image.nodes-1.3.1] startup
[8.143s] [ext: omni.graph.nodes_core-2.11.0] startup
[8.147s] [ext: omni.graph.nodes-2.12.0] startup
[8.151s] [ext: omni.kit.hotkeys.core-1.3.12] startup
[8.152s] [ext: omni.kit.property.adapter.core-1.1.1] startup
[8.154s] [ext: omni.kit.property.adapter.usd-1.0.5] startup
[8.155s] [ext: omni.kit.widget.filter-1.1.5] startup
[8.156s] [ext: omni.kit.widget.highlight_label-1.0.3] startup
[8.157s] [ext: omni.kit.widget.searchfield-1.1.8] startup
[8.158s] [ext: omni.kit.window.file_exporter-1.0.36] startup
[8.159s] [ext: omni.kit.widget.stage-4.4.0] startup
[8.166s] [ext: omni.kit.window.content_browser_registry-0.0.6] startup
[8.166s] [ext: omni.kit.window.file-2.0.10] startup
[8.169s] [ext: omni.kit.window.content_browser-3.1.8] startup
[8.177s] [ext: omni.kit.window.property-1.15.1] startup
[8.186s] [ext: omni.kit.property.usd-4.9.4] startup
[8.195s] [ext: omni.graph.scriptnode-2.10.2] startup
[8.202s] [ext: omni.kit.widget.searchable_combobox-1.0.7] startup
[8.203s] [ext: omni.kit.widget.settings-2.0.0] startup
[8.205s] [ext: omni.kit.window.preferences-1.8.3] startup
[8.209s] [ext: omni.kit.viewport.menubar.core-107.2.2] startup
[8.219s] [ext: omni.syntheticdata-0.6.15] startup
[8.242s] [ext: omni.replicator.nv-1.1.1] startup
[8.246s] [ext: omni.videoencoding-0.2.1] startup
[8.247s] [ext: omni.replicator.core-1.13.27] startup
2026-09-28T13:44:30Z [8,233ms] [Warning] [pxr.Semantics] pxr.Semantics is deprecated - please use Semantics instead
2026-09-28T13:44:30Z [8,297ms] [Warning] [omni.replicator.core.scripts.extension] No material configuration file, adding configuration to material settings directly.
[8.440s] [ext: isaacsim.core.nodes-5.10.5] startup
[8.465s] [ext: isaacsim.core.throttling-2.3.5] startup
[8.467s] [ext: omni.kit.manipulator.viewport-107.0.1] startup
[8.467s] [ext: omni.graph.visualization.nodes-2.1.4] startup
[8.478s] [ext: omni.kit.window.extensions-1.5.10] startup
[8.483s] [ext: isaacsim.gui.components-1.8.5] startup
[8.487s] [ext: isaacsim.robot.surface_gripper-3.6.2] startup
[8.496s] [ext: isaacsim.robot.manipulators-3.4.4] startup
[8.505s] [ext: isaacsim.robot_motion.lula-4.1.3] startup
[8.510s] [ext: isaacsim.robot_motion.motion_generation-8.2.9] startup
[8.514s] [ext: isaacsim.cortex.framework-1.0.18] startup
[8.515s] [ext: isaacsim.cortex.behaviors-2.0.17] startup
[8.517s] [ext: isaacsim.examples.base-1.3.2] startup
[8.518s] [ext: omni.kit.widget.zoombar-1.0.7] startup
[8.518s] [ext: omni.kit.browser.core-2.3.18] startup
[8.521s] [ext: omni.kit.browser.folder.core-2.0.2] startup
[8.524s] [ext: omni.kit.widget.stage_icons-1.0.8] startup
[8.525s] [ext: omni.kit.window.stage-2.6.1] startup
[8.528s] [ext: omni.kit.menu.stage-1.2.7] startup
[8.529s] [ext: omni.kit.usd.collect-3.0.6] startup
[8.531s] [ext: omni.kit.widget.prompt-1.0.7] startup
[8.531s] [ext: omni.kit.tool.collect-2.2.19] startup
[8.533s] [ext: isaacsim.examples.browser-0.3.2] startup
[8.535s] [ext: omni.kit.search.files-1.0.4] startup
[8.535s] [ext: omni.kit.widget.calendar-1.0.9] startup
[8.537s] [ext: omni.kit.widget.extended_searchfield-1.0.31] startup
[8.542s] [ext: omni.simready.content.browser-0.3.7] startup
[8.625s] [ext: isaacsim.gui.content_browser-0.4.3] startup
[8.627s] [ext: omni.kit.selection-0.1.6] startup
[8.628s] [ext: isaacsim.gui.menu-2.10.5] startup
[8.635s] [ext: isaacsim.gui.property-1.6.4] startup
[8.641s] [ext: omni.kit.viewport.actions-110.0.0] startup
[8.644s] [ext: omni.kit.viewport.menubar.display-107.1.3] startup
[8.645s] [ext: isaacsim.gui.sensors.icon-2.2.1] startup
[8.648s] [ext: omni.behavior.scripting.core-110.1.0] startup
[8.650s] [ext: isaacsim.replicator.behavior-1.5.4] startup
[8.651s] [ext: isaacsim.replicator.experimental.domain_randomization-1.2.5] startup
[8.663s] [ext: isaacsim.replicator.domain_randomization-1.2.2] startup
[8.728s] [ext: isaacsim.replicator.writers-1.5.4] startup
[8.750s] [ext: isaacsim.robot.experimental.wheeled_robots-0.2.11] startup
[8.769s] [ext: isaacsim.robot.policy.examples-5.2.12] startup
[8.786s] [ext: isaacsim.robot.wheeled_robots-5.2.4] startup
[8.789s] [ext: isaacsim.robot.wheeled_robots.nodes-0.1.5] startup
[8.804s] [ext: isaacsim.robot_motion.experimental.motion_generation-6.1.3] startup
[8.814s] [ext: isaacsim.robot_motion.cumotion-1.3.1] startup
[8.825s] [ext: omni.kit.numpy.common-0.1.3] startup
[8.826s] [ext: isaacsim.sensors.camera-1.7.9] startup
[8.852s] [ext: isaacsim.sensors.experimental.physics-3.0.2] startup
[8.858s] [ext: omni.sensors.net-1.0.1] startup
[8.860s] [ext: omni.sensors.nv.common-3.0.0] startup
[8.869s] [ext: omni.sensors.nv.materials-2.0.0] startup
[8.871s] [ext: omni.sensors.nv.acoustic-3.0.0] startup
[8.873s] [ext: omni.sensors.nv.ids-2.0.1] startup
[8.875s] [ext: omni.sensors.nv.lidar-3.0.0] startup
[8.877s] [ext: omni.sensors.nv.radar-3.0.0] startup
[8.880s] [ext: isaacsim.sensors.experimental.rtx-1.4.6] startup
[9.101s] [ext: isaacsim.sensors.physics.nodes-1.5.3] startup
[9.106s] [ext: isaacsim.util.debug_draw-3.2.3] startup
[9.111s] [ext: isaacsim.sensors.physx-2.5.5] startup
[9.116s] [ext: isaacsim.sensors.rtx-15.17.1] startup
[9.125s] [ext: isaacsim.simulation_app-2.18.4] startup
[9.125s] [ext: omni.anim.curve.core-1.6.0] startup
[9.134s] [ext: omni.graph.ui_nodes-2.11.1] startup
[9.153s] [ext: omni.hydra.scene_api-0.1.3] startup
[9.156s] [ext: omni.kit.manipulator.camera-110.0.0] startup
[9.159s] [ext: omni.kit.manipulator.selector-1.1.4] startup
[9.160s] [ext: omni.kit.manipulator.transform-107.0.0] startup
[9.163s] [ext: omni.kit.widget.toolbar-2.1.0] startup
[9.168s] [ext: omni.kit.manipulator.tool.snap-1.5.14] startup
[9.171s] [ext: omni.kit.viewport.manipulator.transform-107.0.4] startup
[9.173s] [ext: omni.kit.manipulator.prim.core-108.0.2] startup
[9.178s] [ext: omni.kit.manipulator.prim.usd-107.0.3] startup
[9.179s] [ext: omni.kit.manipulator.prim-108.0.0] startup
[9.179s] [ext: omni.kit.manipulator.selection-109.0.1] startup
[9.180s] [ext: omni.kit.menu.create-2.0.2] startup
[9.181s] [ext: omni.kit.property.audio-1.0.16] startup
[9.184s] [ext: omni.kit.property.camera-1.0.14] startup
[9.185s] [ext: omni.kit.property.geometry-2.1.2] startup
[9.187s] [ext: omni.kit.property.light-1.0.14] startup
2026-09-28T13:44:31Z [9,186ms] [Warning] [omni.usd] Encountered USD Warnings but USD Diagnostics are currently muted. To view USD Warnings, please set the '/persistent/app/usd/muteUsdDiagnostics' setting to false in Preferences page.
[9.213s] [ext: omni.kit.property.material-1.14.6] startup
[9.218s] [ext: omni.kit.property.render-1.2.2] startup
[9.219s] [ext: omni.kit.property.transform-1.6.9] startup
[9.221s] [ext: omni.kit.property.bundle-1.5.1] startup
[9.223s] [ext: omni.kit.usdz_export-1.1.0] startup
[9.225s] [ext: omni.kit.tool.asset_importer-6.0.1] startup
[9.229s] [ext: omni.kit.ui.actions-1.0.5] startup
[9.231s] [ext: omni.kit.viewport.menubar.camera-107.0.10] startup
[9.234s] [ext: omni.kit.viewport.menubar.lighting-107.3.2] startup
[9.236s] [ext: omni.kit.viewport.menubar.render-110.0.0] startup
[9.238s] [ext: omni.kit.viewport.menubar.settings-110.0.1] startup
[9.241s] [ext: omni.kit.window.console-1.1.9] startup
[9.244s] [ext: omni.kit.window.status_bar-0.1.11] startup
[9.246s] [ext: omni.kit.window.toolbar-3.0.3] startup
[9.248s] [ext: omni.ocio-0.1.1] startup
[9.249s] [ext: omni.physx.commands-110.1.13] startup
[9.252s] [ext: omni.replicator.replicator_yaml-2.0.12] startup
[9.261s] [ext: omni.rtx.window.settings-0.8.0] startup
[9.264s] [ext: omni.rtx.settings.core-0.7.1] startup
[9.267s] [ext: omni.usd.metrics.assembler.ui-110.1.1] startup
[9.273s] [ext: semantics.schema.editor-2.0.2] startup
[9.275s] [ext: semantics.schema.property-2.0.2] startup
[9.277s] [ext: omni.kit.menu.common-2.0.2] startup
[9.278s] [ext: isaacsim.exp.base-6.0.1] startup
[9.278s] [ext: isaacsim.exp.base.python-6.0.1] startup
[9.279s] Simulation App Starting
[10.115s] Simulation App Startup Complete
[10.119s] app ready
Starting kit application with the following args:  ['/home/starry/isaac-data/isaacsim/exts/isaacsim.simulation_app/isaacsim/simulation_app/simulation_app.py', '/home/starry/isaac-data/isaacsim/apps/isaacsim.exp.base.python.kit', '--/app/tokens/exe-path=/home/starry/isaac-data/isaacsim/kit', '--/persistent/app/viewport/displayOptions=3094', '--/rtx/materialDb/syncLoads=True', '--/rtx/hydra/materialSyncLoads=True', '--/omni/kit/plugin/syncUsdLoads=True', '--/app/renderer/resolution/width=1280', '--/app/renderer/resolution/height=720', '--/app/window/width=1440', '--/app/window/height=900', '--/renderer/multiGpu/enabled=False', '--/app/fastShutdown=True', '--/app/installSignalHandlers=0', '--ext-folder', '/home/starry/isaac-data/isaacsim/exts', '--ext-folder', '/home/starry/isaac-data/isaacsim/apps', '--/renderer/activeGpu=0', '--/physics/cudaDevice=0', '--/plugins/carb.tasking.plugin/threadCount=12', '--/plugins/omni.tbb.globalcontrol/maxThreadCount=12', '--portable', '--no-window', '--/app/window/hideUi=1']
Passing the following args to the base kit application:  []
Warp 1.13.0 initialized:
   CUDA Toolkit 12.9, Driver 13.0
   Devices:
     "cpu"      : "x86_64"
     "cuda:0"   : "NVIDIA GeForce RTX 5070" (11 GiB, sm_120, mempool enabled)
   Kernel cache:
     /home/starry/.cache/warp/1.13.0
[LIGHTING] sun=800.0 (1) dome=0.0 (1) ambient=0.05 constant_color=(0.6, 0.65, 0.7)
[RENDER] mode=MinimalRendering minimal_shading_mode=2 anti_aliasing=TAA
[DEPTH CAMERAS] count=4 resolution_each=320x240 horizontal_coverage=360deg
[ESDF] path=/home/starry/isaac-data/EGO1P1/scenes/ego_swarm_cloud/occupancy.bin shape=(400, 300, 50) resolution=0.40m
[depth_angular_controller-1] [INFO] [1790603074.613077033] [depth_angular_controller]: WAITING_ODOMETRY
[NAV] t=0.0s position=(-64.00,-11.20,2.80) yaw=0.0deg command=(0.00,0.00,0.00) manual_active=0 collision_blocks=0
[depth_angular_controller-1] [INFO] [1790603075.184694349] [depth_angular_controller]: WAITING_VERIFIED_START_POSE
[depth_angular_controller-1] [INFO] [1790603075.216868029] [depth_angular_controller]: VERIFIED_FREE_SEED center=(-64.000,-11.200,2.800) radius=2.500 balls=1: verified fixed Cloud free ball; USD and occupancy SHA-256 matched
[depth_angular_controller-1] [INFO] [1790603075.217073459] [depth_angular_controller]: ZERO_INTENT
[depth_angular_controller-1] [INFO] [1790603076.138718414] [depth_angular_controller]: 3D guidance switched to view 0
[depth_angular_controller-1] [INFO] [1790603076.140309154] [depth_angular_controller]: TARGET_HOLD
[depth_angular_controller-1] [INFO] [1790603076.140324594] [depth_angular_controller]: PAPER_BUILD reason=READY required=0.0100 best=3.6217 free=76 refined=0 tubes=0 revoked_tubes=0
[depth_angular_controller-1] [INFO] [1790603076.140334152] [depth_angular_controller]: PAPER_EVIDENCE retained=4 balls=1 revoked_balls=0 expired_views=0 evicted_views=0 radius=0.580 clearance=0.667 best_prefix=3.622
[depth_angular_controller-1] [INFO] [1790603077.046559314] [depth_angular_controller]: PAPER_BUILD reason=READY required=0.5673 best=3.6217 free=111 refined=0 tubes=2 revoked_tubes=0
[depth_angular_controller-1] [INFO] [1790603077.046603711] [depth_angular_controller]: PAPER_EVIDENCE retained=8 balls=5 revoked_balls=0 expired_views=0 evicted_views=0 radius=0.580 clearance=0.667 best_prefix=3.622
[depth_angular_controller-1] [INFO] [1790603077.501962854] [depth_angular_controller]: ANGULAR_STEP_BLOCKED
[depth_angular_controller-1] [INFO] [1790603077.817953480] [depth_angular_controller]: TARGET_HOLD
[depth_angular_controller-1] [INFO] [1790603078.042715625] [depth_angular_controller]: PAPER_BUILD reason=READY required=0.4367 best=3.6217 free=352 refined=0 tubes=3 revoked_tubes=0
[depth_angular_controller-1] [INFO] [1790603078.042749952] [depth_angular_controller]: PAPER_EVIDENCE retained=12 balls=11 revoked_balls=0 expired_views=0 evicted_views=0 radius=0.580 clearance=0.667 best_prefix=3.622
[10.632s] [ext: isaacsim.sensors.rtx.nodes-0.1.2] startup
[10.640s] [ext: isaacsim.ros2.core-1.9.4] startup
[10.653s] Attempting to load system rclpy
[10.654s] Could not import system rclpy: No module named 'rclpy'
[10.654s] Attempting to load internal rclpy for ROS Distro: humble
[10.665s] rclpy loaded
[10.668s] [ext: isaacsim.ros2.nodes-1.18.13] startup
[10.702s] [ext: isaacsim.ros2.examples-1.2.4] startup
[10.706s] [ext: isaacsim.ros2.ui-1.6.5] startup
[10.913s] [ext: isaacsim.ros2.bridge-5.1.2] startup
2026-09-28T13:44:35Z [12,801ms] [Warning] [omni.timeline.plugin] Deprecated: direct use of ITimeline callbacks is deprecated. Use ITimeline::getTimeline (Python: omni.timeline.get_timeline_interface) instead.
[depth_angular_controller-1] [INFO] [1790603078.961663998] [depth_angular_controller]: PAPER_BUILD reason=READY required=0.6194 best=3.6217 free=328 refined=0 tubes=5 revoked_tubes=0
[depth_angular_controller-1] [INFO] [1790603078.961702754] [depth_angular_controller]: PAPER_EVIDENCE retained=16 balls=18 revoked_balls=0 expired_views=0 evicted_views=0 radius=0.580 clearance=0.667 best_prefix=3.622
[position_cmd_to_twist-2] [INFO] [1790603079.998336735] [position_cmd_to_twist]: [PERF BRIDGE] run=continuous8 elapsed=17.78s received=246 published=246 fps(ros/wall)=50.00/51.08 controller_to_bridge_ms(mean/p50/p95/max)=0.068/0.000/0.000/16.667 bridge_process_ms(mean/p95/max)=0.098/0.124/0.635
[NAV] t=5.0s position=(-60.61,-11.20,2.80) yaw=0.0deg command=(1.00,0.00,0.00) manual_active=1 collision_blocks=0
[depth_angular_controller-1] [INFO] [1790603080.075523226] [depth_angular_controller]: PAPER_BUILD reason=READY required=0.6216 best=3.6217 free=352 refined=0 tubes=7 revoked_tubes=0
[depth_angular_controller-1] [INFO] [1790603080.075563635] [depth_angular_controller]: PAPER_EVIDENCE retained=20 balls=25 revoked_balls=0 expired_views=0 evicted_views=0 radius=0.580 clearance=0.667 best_prefix=3.622
[depth_angular_controller-1] [INFO] [1790603080.214906711] [depth_angular_controller]: [PERF CTRL] run=continuous8 elapsed=18.45s callbacks=259 commands=258 guidance=208 command_fps(ros/wall)=49.90/51.09 guidance_wall_fps=50.78 avoid_ms(mean/p50/p95/max)=0.763/0.035/5.147/8.501 cycle_ms(mean/p95/max)=19.573/32.832/95.067 depth_to_cmd_ms(mean/p95/max)=29.407/33.333/33.333 callback_to_publish_ms(mean/p95/max)=5.699/10.301/17.351
[depth_angular_controller-1] [INFO] [1790603081.146601016] [depth_angular_controller]: PAPER_BUILD reason=READY required=0.3531 best=3.6217 free=326 refined=0 tubes=9 revoked_tubes=0
[depth_angular_controller-1] [INFO] [1790603081.146641464] [depth_angular_controller]: PAPER_EVIDENCE retained=24 balls=32 revoked_balls=0 expired_views=0 evicted_views=0 radius=0.580 clearance=0.547 best_prefix=3.622
[depth_angular_controller-1] [INFO] [1790603082.109467132] [depth_angular_controller]: PAPER_BUILD reason=READY required=0.0868 best=0.9092 free=352 refined=0 tubes=10 revoked_tubes=0
[depth_angular_controller-1] [INFO] [1790603082.109506178] [depth_angular_controller]: PAPER_EVIDENCE retained=28 balls=32 revoked_balls=0 expired_views=0 evicted_views=0 radius=0.580 clearance=0.136 best_prefix=0.909
[depth_angular_controller-1] [INFO] [1790603082.513937815] [depth_angular_controller]: BRAKING_FALLBACK
[depth_angular_controller-1] [INFO] [1790603082.562224139] [depth_angular_controller]: TARGET_HOLD
[depth_angular_controller-1] [INFO] [1790603082.889367556] [depth_angular_controller]: BRAKING_FALLBACK
[depth_angular_controller-1] [INFO] [1790603083.011789728] [depth_angular_controller]: TARGET_HOLD
[depth_angular_controller-1] [INFO] [1790603083.244595316] [depth_angular_controller]: BRAKING_FALLBACK
[depth_angular_controller-1] [INFO] [1790603083.280986523] [depth_angular_controller]: TARGET_HOLD
[depth_angular_controller-1] [INFO] [1790603083.294342180] [depth_angular_controller]: PAPER_BUILD reason=READY required=0.0163 best=0.0213 free=322 refined=0 tubes=10 revoked_tubes=0
[depth_angular_controller-1] [INFO] [1790603083.294377919] [depth_angular_controller]: PAPER_EVIDENCE retained=28 balls=32 revoked_balls=0 expired_views=0 evicted_views=0 radius=0.580 clearance=0.021 best_prefix=0.021
[depth_angular_controller-1] [INFO] [1790603083.560782954] [depth_angular_controller]: BRAKING_FALLBACK
[depth_angular_controller-1] [INFO] [1790603083.579468818] [depth_angular_controller]: TARGET_HOLD
[depth_angular_controller-1] [INFO] [1790603083.668812285] [depth_angular_controller]: BRAKING_FALLBACK
[depth_angular_controller-1] [INFO] [1790603083.708543812] [depth_angular_controller]: TARGET_HOLD
[depth_angular_controller-1] [INFO] [1790603083.778581297] [depth_angular_controller]: 3D guidance switched to view 1
[depth_angular_controller-1] [INFO] [1790603084.007954387] [depth_angular_controller]: TRACKING
[depth_angular_controller-1] [INFO] [1790603084.028426423] [depth_angular_controller]: TARGET_HOLD
[depth_angular_controller-1] [INFO] [1790603084.071357377] [depth_angular_controller]: 3D guidance switched to view 0
[depth_angular_controller-1] [INFO] [1790603084.102415814] [depth_angular_controller]: TRACKING
[depth_angular_controller-1] [INFO] [1790603084.122089935] [depth_angular_controller]: TARGET_HOLD
[depth_angular_controller-1] [INFO] [1790603084.478692846] [depth_angular_controller]: PAPER_BUILD reason=READY required=0.3806 best=3.6217 free=134 refined=0 tubes=11 revoked_tubes=0
[depth_angular_controller-1] [INFO] [1790603084.478732874] [depth_angular_controller]: PAPER_EVIDENCE retained=32 balls=32 revoked_balls=0 expired_views=0 evicted_views=0 radius=0.580 clearance=0.667 best_prefix=3.622
[depth_angular_controller-1] [INFO] [1790603084.663894198] [depth_angular_controller]: TRACKING
[depth_angular_controller-1] [INFO] [1790603084.898675682] [depth_angular_controller]: TARGET_HOLD
[depth_angular_controller-1] [INFO] [1790603085.218347996] [depth_angular_controller]: [PERF CTRL] run=continuous8 elapsed=23.45s callbacks=486 commands=485 guidance=435 command_fps(ros/wall)=49.90/48.24 guidance_wall_fps=47.80 avoid_ms(mean/p50/p95/max)=1.722/0.368/10.450/21.793 cycle_ms(mean/p95/max)=20.731/39.175/107.056 depth_to_cmd_ms(mean/p95/max)=28.161/33.333/33.333 callback_to_publish_ms(mean/p95/max)=8.585/19.481/31.907
[position_cmd_to_twist-2] [INFO] [1790603085.404855847] [position_cmd_to_twist]: [PERF BRIDGE] run=continuous8 elapsed=23.20s received=494 published=494 fps(ros/wall)=49.88/48.34 controller_to_bridge_ms(mean/p50/p95/max)=2.395/0.000/16.667/33.333 bridge_process_ms(mean/p95/max)=0.109/0.139/2.708
[NAV] t=10.0s position=(-58.71,-10.07,2.61) yaw=66.9deg command=(0.38,0.90,-0.16) manual_active=1 collision_blocks=0
[depth_angular_controller-1] [INFO] [1790603085.565142615] [depth_angular_controller]: PAPER_BUILD reason=READY required=0.6169 best=3.6217 free=301 refined=0 tubes=13 revoked_tubes=0
[depth_angular_controller-1] [INFO] [1790603085.565185679] [depth_angular_controller]: PAPER_EVIDENCE retained=32 balls=32 revoked_balls=0 expired_views=0 evicted_views=4 radius=0.580 clearance=0.667 best_prefix=3.622
[depth_angular_controller-1] [INFO] [1790603086.582351535] [depth_angular_controller]: PAPER_BUILD reason=READY required=0.6212 best=3.6217 free=274 refined=0 tubes=15 revoked_tubes=0
[depth_angular_controller-1] [INFO] [1790603086.582394679] [depth_angular_controller]: PAPER_EVIDENCE retained=32 balls=32 revoked_balls=0 expired_views=0 evicted_views=8 radius=0.580 clearance=0.667 best_prefix=3.622
[depth_angular_controller-1] [INFO] [1790603087.679643784] [depth_angular_controller]: OUTSIDE_FLOW_BOX
[depth_angular_controller-1] [INFO] [1790603087.692896002] [depth_angular_controller]: TARGET_HOLD
[depth_angular_controller-1] [INFO] [1790603087.720715101] [depth_angular_controller]: PAPER_BUILD reason=READY required=0.6213 best=3.6217 free=227 refined=0 tubes=17 revoked_tubes=0
[depth_angular_controller-1] [INFO] [1790603087.721140721] [depth_angular_controller]: PAPER_EVIDENCE retained=32 balls=32 revoked_balls=0 expired_views=0 evicted_views=12 radius=0.580 clearance=0.667 best_prefix=3.622
[depth_angular_controller-1] [INFO] [1790603088.254018738] [depth_angular_controller]: OUTSIDE_FLOW_BOX
[depth_angular_controller-1] [INFO] [1790603088.270176490] [depth_angular_controller]: TARGET_HOLD
[depth_angular_controller-1] [INFO] [1790603088.734713735] [depth_angular_controller]: PAPER_BUILD reason=READY required=0.1795 best=3.6217 free=352 refined=0 tubes=18 revoked_tubes=0
[depth_angular_controller-1] [INFO] [1790603088.734753322] [depth_angular_controller]: PAPER_EVIDENCE retained=32 balls=32 revoked_balls=0 expired_views=0 evicted_views=16 radius=0.580 clearance=0.263 best_prefix=3.622
[depth_angular_controller-1] [INFO] [1790603089.580886098] [depth_angular_controller]: BRAKING_FALLBACK
[depth_angular_controller-1] [INFO] [1790603089.597043060] [depth_angular_controller]: TARGET_HOLD
[depth_angular_controller-1] [INFO] [1790603089.738144615] [depth_angular_controller]: PAPER_BUILD reason=READY required=0.0298 best=0.4571 free=278 refined=0 tubes=19 revoked_tubes=0
[depth_angular_controller-1] [INFO] [1790603089.738679678] [depth_angular_controller]: PAPER_EVIDENCE retained=32 balls=32 revoked_balls=0 expired_views=0 evicted_views=20 radius=0.580 clearance=0.037 best_prefix=0.457
[depth_angular_controller-1] [INFO] [1790603089.812099683] [depth_angular_controller]: OUTSIDE_FLOW_BOX
[depth_angular_controller-1] [INFO] [1790603089.828491543] [depth_angular_controller]: BRAKING_FALLBACK
[depth_angular_controller-1] [INFO] [1790603089.955801717] [depth_angular_controller]: COMPUTE_DEADLINE
[depth_angular_controller-1] [INFO] [1790603089.969968220] [depth_angular_controller]: TARGET_HOLD
[depth_angular_controller-1] [INFO] [1790603090.034218574] [depth_angular_controller]: 3D guidance switched to view 3
[depth_angular_controller-1] [INFO] [1790603090.212194073] [depth_angular_controller]: 3D guidance switched to view 0
[depth_angular_controller-1] [INFO] [1790603090.271093599] [depth_angular_controller]: [PERF CTRL] run=continuous8 elapsed=28.51s callbacks=696 commands=695 guidance=645 command_fps(ros/wall)=47.86/46.00 guidance_wall_fps=45.57 avoid_ms(mean/p50/p95/max)=3.264/0.510/14.035/75.602 cycle_ms(mean/p95/max)=21.738/52.404/107.056 depth_to_cmd_ms(mean/p95/max)=26.770/33.333/50.000 callback_to_publish_ms(mean/p95/max)=11.263/23.737/88.793
[position_cmd_to_twist-2] [INFO] [1790603090.619433151] [position_cmd_to_twist]: [PERF BRIDGE] run=continuous8 elapsed=28.41s received=711 published=711 fps(ros/wall)=47.70/46.02 controller_to_bridge_ms(mean/p50/p95/max)=5.696/0.000/16.667/100.000 bridge_process_ms(mean/p95/max)=0.108/0.136/2.708
[NAV] t=15.0s position=(-56.84,-7.74,2.24) yaw=-9.8deg command=(0.79,-0.24,0.00) manual_active=1 collision_blocks=0
[depth_angular_controller-1] [INFO] [1790603090.721135328] [depth_angular_controller]: PAPER_BUILD reason=READY required=0.4115 best=3.6217 free=188 refined=0 tubes=20 revoked_tubes=0
[depth_angular_controller-1] [INFO] [1790603090.721170717] [depth_angular_controller]: PAPER_EVIDENCE retained=32 balls=32 revoked_balls=0 expired_views=0 evicted_views=24 radius=0.580 clearance=0.667 best_prefix=3.622
[depth_angular_controller-1] [INFO] [1790603091.751776073] [depth_angular_controller]: PAPER_BUILD reason=READY required=0.6200 best=3.6217 free=227 refined=0 tubes=22 revoked_tubes=0
[depth_angular_controller-1] [INFO] [1790603091.751814578] [depth_angular_controller]: PAPER_EVIDENCE retained=32 balls=32 revoked_balls=0 expired_views=0 evicted_views=28 radius=0.580 clearance=0.667 best_prefix=3.622
[depth_angular_controller-1] [INFO] [1790603092.795708633] [depth_angular_controller]: PAPER_BUILD reason=READY required=0.6214 best=3.6217 free=195 refined=0 tubes=24 revoked_tubes=0
[depth_angular_controller-1] [INFO] [1790603092.795752138] [depth_angular_controller]: PAPER_EVIDENCE retained=32 balls=32 revoked_balls=0 expired_views=0 evicted_views=32 radius=0.580 clearance=0.667 best_prefix=3.622
[depth_angular_controller-1] [INFO] [1790603093.870318883] [depth_angular_controller]: PAPER_BUILD reason=READY required=0.6213 best=3.6217 free=208 refined=0 tubes=26 revoked_tubes=0
[depth_angular_controller-1] [INFO] [1790603093.870725586] [depth_angular_controller]: PAPER_EVIDENCE retained=32 balls=32 revoked_balls=0 expired_views=0 evicted_views=36 radius=0.580 clearance=0.667 best_prefix=3.622
[depth_angular_controller-1] [INFO] [1790603094.946065298] [depth_angular_controller]: PAPER_BUILD reason=READY required=0.6217 best=3.6217 free=232 refined=0 tubes=28 revoked_tubes=0
[depth_angular_controller-1] [INFO] [1790603094.946106438] [depth_angular_controller]: PAPER_EVIDENCE retained=32 balls=32 revoked_balls=0 expired_views=0 evicted_views=40 radius=0.580 clearance=0.667 best_prefix=3.622
[depth_angular_controller-1] [INFO] [1790603095.274900529] [depth_angular_controller]: [PERF CTRL] run=continuous8 elapsed=33.51s callbacks=937 commands=936 guidance=886 command_fps(ros/wall)=48.15/46.54 guidance_wall_fps=46.25 avoid_ms(mean/p50/p95/max)=3.005/0.248/13.947/75.602 cycle_ms(mean/p95/max)=21.487/49.607/107.056 depth_to_cmd_ms(mean/p95/max)=26.242/33.333/50.000 callback_to_publish_ms(mean/p95/max)=12.214/24.391/88.793
[position_cmd_to_twist-2] [INFO] [1790603095.801282400] [position_cmd_to_twist]: [PERF BRIDGE] run=continuous8 elapsed=33.59s received=960 published=960 fps(ros/wall)=48.19/46.66 controller_to_bridge_ms(mean/p50/p95/max)=6.267/0.000/16.667/100.000 bridge_process_ms(mean/p95/max)=0.111/0.143/2.708
[NAV] t=20.0s position=(-51.93,-8.26,2.24) yaw=-0.0deg command=(1.00,-0.00,0.00) manual_active=1 collision_blocks=0
[depth_angular_controller-1] [INFO] [1790603095.963051750] [depth_angular_controller]: PAPER_BUILD reason=READY required=0.6217 best=3.6217 free=235 refined=0 tubes=30 revoked_tubes=0
[depth_angular_controller-1] [INFO] [1790603095.963091377] [depth_angular_controller]: PAPER_EVIDENCE retained=32 balls=32 revoked_balls=0 expired_views=0 evicted_views=44 radius=0.580 clearance=0.667 best_prefix=3.622
[depth_angular_controller-1] [INFO] [1790603096.564504255] [depth_angular_controller]: OUTSIDE_FLOW_BOX
[depth_angular_controller-1] [INFO] [1790603096.583181618] [depth_angular_controller]: STATE_OUTSIDE_FREE_DOMAIN
[depth_angular_controller-1] [INFO] [1790603096.700858576] [depth_angular_controller]: OUTSIDE_FLOW_BOX
[depth_angular_controller-1] [INFO] [1790603096.920198583] [depth_angular_controller]: PAPER_BUILD reason=READY required=0.3185 best=3.6217 free=129 refined=0 tubes=32 revoked_tubes=0
[depth_angular_controller-1] [INFO] [1790603096.920996779] [depth_angular_controller]: PAPER_EVIDENCE retained=32 balls=32 revoked_balls=0 expired_views=0 evicted_views=48 radius=0.580 clearance=0.000 best_prefix=3.622
[depth_angular_controller-1] [INFO] [1790603097.439614582] [depth_angular_controller]: REFERENCE_INITIALIZATION
[depth_angular_controller-1] [INFO] [1790603097.484714629] [depth_angular_controller]: TRACKING
[depth_angular_controller-1] [INFO] [1790603097.501625469] [depth_angular_controller]: REFERENCE_INITIALIZATION
[depth_angular_controller-1] [INFO] [1790603097.517056865] [depth_angular_controller]: TRACKING
[depth_angular_controller-1] [INFO] [1790603097.599500348] [depth_angular_controller]: TARGET_HOLD
[depth_angular_controller-1] [INFO] [1790603097.714270777] [depth_angular_controller]: TRACKING
[depth_angular_controller-1] [INFO] [1790603097.942586315] [depth_angular_controller]: PAPER_BUILD reason=READY required=0.2090 best=3.6217 free=70 refined=0 tubes=34 revoked_tubes=0
[depth_angular_controller-1] [INFO] [1790603097.960837819] [depth_angular_controller]: PAPER_EVIDENCE retained=32 balls=32 revoked_balls=0 expired_views=0 evicted_views=52 radius=0.580 clearance=0.667 best_prefix=3.622
[depth_angular_controller-1] [INFO] [1790603098.265300220] [depth_angular_controller]: ANGULAR_STEP_BLOCKED
[depth_angular_controller-1] [INFO] [1790603098.279479204] [depth_angular_controller]: STATE_OUTSIDE_FREE_DOMAIN
[depth_angular_controller-1] [INFO] [1790603098.350125372] [depth_angular_controller]: ANGULAR_STEP_BLOCKED
[depth_angular_controller-1] [INFO] [1790603098.564559559] [depth_angular_controller]: TARGET_HOLD
[depth_angular_controller-1] [INFO] [1790603098.942710102] [depth_angular_controller]: PAPER_BUILD reason=READY required=0.4607 best=3.6217 free=268 refined=0 tubes=35 revoked_tubes=0
[depth_angular_controller-1] [INFO] [1790603098.970497318] [depth_angular_controller]: PAPER_EVIDENCE retained=32 balls=32 revoked_balls=0 expired_views=0 evicted_views=56 radius=0.580 clearance=0.667 best_prefix=3.622
[depth_angular_controller-1] [INFO] [1790603099.907589140] [depth_angular_controller]: ANGULAR_STEP_BLOCKED
[depth_angular_controller-1] [INFO] [1790603099.924700643] [depth_angular_controller]: STATE_OUTSIDE_FREE_DOMAIN
[depth_angular_controller-1] [INFO] [1790603099.984292340] [depth_angular_controller]: ANGULAR_STEP_BLOCKED
[depth_angular_controller-1] [INFO] [1790603100.013818960] [depth_angular_controller]: PAPER_BUILD reason=READY required=0.5790 best=3.6217 free=129 refined=0 tubes=37 revoked_tubes=0
[depth_angular_controller-1] [INFO] [1790603100.055353204] [depth_angular_controller]: PAPER_EVIDENCE retained=32 balls=32 revoked_balls=0 expired_views=0 evicted_views=60 radius=0.580 clearance=0.000 best_prefix=3.622
[depth_angular_controller-1] [INFO] [1790603100.223627213] [depth_angular_controller]: TARGET_HOLD
[depth_angular_controller-1] [INFO] [1790603100.282033293] [depth_angular_controller]: [PERF CTRL] run=continuous8 elapsed=38.52s callbacks=1177 commands=1176 guidance=1126 command_fps(ros/wall)=48.25/46.82 guidance_wall_fps=46.60 avoid_ms(mean/p50/p95/max)=2.988/0.169/15.338/75.602 cycle_ms(mean/p95/max)=21.359/45.929/107.056 depth_to_cmd_ms(mean/p95/max)=25.770/33.333/50.000 callback_to_publish_ms(mean/p95/max)=13.106/27.102/88.793
[position_cmd_to_twist-2] [INFO] [1790603100.860124653] [position_cmd_to_twist]: [PERF BRIDGE] run=continuous8 elapsed=38.65s received=1201 published=1201 fps(ros/wall)=48.23/46.77 controller_to_bridge_ms(mean/p50/p95/max)=7.286/0.000/16.667/100.000 bridge_process_ms(mean/p95/max)=0.115/0.144/2.708
[NAV] t=25.0s position=(-48.30,-8.69,2.87) yaw=-5.9deg command=(0.96,-0.10,0.15) manual_active=1 collision_blocks=0
[depth_angular_controller-1] [INFO] [1790603101.006978158] [depth_angular_controller]: ANGULAR_STEP_BLOCKED
[depth_angular_controller-1] [INFO] [1790603101.020898020] [depth_angular_controller]: STATE_OUTSIDE_FREE_DOMAIN
[depth_angular_controller-1] [INFO] [1790603101.020932487] [depth_angular_controller]: PAPER_BUILD reason=READY required=0.6029 best=3.6217 free=271 refined=0 tubes=39 revoked_tubes=0
[depth_angular_controller-1] [INFO] [1790603101.066507792] [depth_angular_controller]: PAPER_EVIDENCE retained=32 balls=32 revoked_balls=0 expired_views=0 evicted_views=64 radius=0.580 clearance=0.000 best_prefix=3.622
[depth_angular_controller-1] [INFO] [1790603101.136228206] [depth_angular_controller]: TARGET_HOLD
[depth_angular_controller-1] [INFO] [1790603101.672235973] [depth_angular_controller]: ANGULAR_STEP_BLOCKED
[depth_angular_controller-1] [INFO] [1790603101.689887781] [depth_angular_controller]: STATE_OUTSIDE_FREE_DOMAIN
[depth_angular_controller-1] [INFO] [1790603101.787472427] [depth_angular_controller]: TARGET_HOLD
[depth_angular_controller-1] [INFO] [1790603102.085031859] [depth_angular_controller]: PAPER_BUILD reason=READY required=0.1857 best=0.9092 free=352 refined=0 tubes=40 revoked_tubes=0
[depth_angular_controller-1] [INFO] [1790603102.130589122] [depth_angular_controller]: PAPER_EVIDENCE retained=32 balls=32 revoked_balls=0 expired_views=0 evicted_views=68 radius=0.580 clearance=0.216 best_prefix=0.909
[depth_angular_controller-1] [INFO] [1790603102.662665753] [depth_angular_controller]: OUTSIDE_FLOW_BOX
[depth_angular_controller-1] [INFO] [1790603102.679408590] [depth_angular_controller]: STATE_OUTSIDE_FREE_DOMAIN
[depth_angular_controller-1] [INFO] [1790603102.817512651] [depth_angular_controller]: TARGET_HOLD
[depth_angular_controller-1] [INFO] [1790603103.094174402] [depth_angular_controller]: OUTSIDE_FLOW_BOX
[depth_angular_controller-1] [INFO] [1790603103.112372748] [depth_angular_controller]: STATE_OUTSIDE_FREE_DOMAIN
[depth_angular_controller-1] [INFO] [1790603103.194046539] [depth_angular_controller]: TARGET_HOLD
[depth_angular_controller-1] [INFO] [1790603103.228426258] [depth_angular_controller]: PAPER_BUILD reason=READY required=0.0166 best=0.0216 free=265 refined=0 tubes=41 revoked_tubes=0
[depth_angular_controller-1] [INFO] [1790603103.249786300] [depth_angular_controller]: PAPER_EVIDENCE retained=32 balls=32 revoked_balls=0 expired_views=0 evicted_views=72 radius=0.580 clearance=0.032 best_prefix=0.022
[depth_angular_controller-1] [INFO] [1790603103.537501685] [depth_angular_controller]: BRAKING_FALLBACK
[depth_angular_controller-1] [INFO] [1790603103.567245475] [depth_angular_controller]: OUTSIDE_FLOW_BOX
[depth_angular_controller-1] [INFO] [1790603103.584303487] [depth_angular_controller]: TARGET_HOLD
[depth_angular_controller-1] [INFO] [1790603103.766671709] [depth_angular_controller]: OUTSIDE_FLOW_BOX
[depth_angular_controller-1] [INFO] [1790603103.782736966] [depth_angular_controller]: STATE_OUTSIDE_FREE_DOMAIN
[depth_angular_controller-1] [INFO] [1790603103.835346783] [depth_angular_controller]: TARGET_HOLD
[depth_angular_controller-1] [INFO] [1790603103.869003202] [depth_angular_controller]: TRACKING
[depth_angular_controller-1] [INFO] [1790603103.981535687] [depth_angular_controller]: BRAKING_FALLBACK
[depth_angular_controller-1] [INFO] [1790603104.012841523] [depth_angular_controller]: ANGULAR_STEP_BLOCKED
[depth_angular_controller-1] [INFO] [1790603104.035698425] [depth_angular_controller]: TARGET_HOLD
[depth_angular_controller-1] [INFO] [1790603104.229918729] [depth_angular_controller]: COMPUTE_DEADLINE
[depth_angular_controller-1] [INFO] [1790603104.229954148] [depth_angular_controller]: PAPER_BUILD reason=READY required=0.0100 best=0.0150 free=170 refined=0 tubes=62 revoked_tubes=0
[depth_angular_controller-1] [INFO] [1790603104.259997784] [depth_angular_controller]: ANGULAR_STEP_BLOCKED
[depth_angular_controller-1] [INFO] [1790603104.260034435] [depth_angular_controller]: PAPER_EVIDENCE retained=32 balls=32 revoked_balls=0 expired_views=0 evicted_views=72 radius=0.580 clearance=0.000 best_prefix=0.018
[depth_angular_controller-1] [INFO] [1790603104.281649034] [depth_angular_controller]: TARGET_HOLD
[depth_angular_controller-1] [INFO] [1790603104.462358822] [depth_angular_controller]: ANGULAR_STEP_BLOCKED
[depth_angular_controller-1] [INFO] [1790603104.487892644] [depth_angular_controller]: TARGET_HOLD
[depth_angular_controller-1] [INFO] [1790603104.684839385] [depth_angular_controller]: ANGULAR_STEP_BLOCKED
[depth_angular_controller-1] [INFO] [1790603104.710241229] [depth_angular_controller]: TARGET_HOLD
[depth_angular_controller-1] [INFO] [1790603104.805128141] [depth_angular_controller]: ANGULAR_STEP_BLOCKED
[depth_angular_controller-1] [INFO] [1790603104.830896840] [depth_angular_controller]: TARGET_HOLD
[depth_angular_controller-1] [INFO] [1790603105.077032525] [depth_angular_controller]: ANGULAR_STEP_BLOCKED
[depth_angular_controller-1] [INFO] [1790603105.105447076] [depth_angular_controller]: TARGET_HOLD
[depth_angular_controller-1] [INFO] [1790603105.233142001] [depth_angular_controller]: PAPER_BUILD reason=READY required=0.0118 best=0.0168 free=214 refined=0 tubes=93 revoked_tubes=0
[depth_angular_controller-1] [INFO] [1790603105.276996150] [depth_angular_controller]: BRAKING_FALLBACK
[depth_angular_controller-1] [INFO] [1790603105.277027200] [depth_angular_controller]: PAPER_EVIDENCE retained=32 balls=32 revoked_balls=0 expired_views=0 evicted_views=76 radius=0.580 clearance=0.023 best_prefix=0.022
[depth_angular_controller-1] [INFO] [1790603105.305361404] [depth_angular_controller]: [PERF CTRL] run=continuous8 elapsed=43.54s callbacks=1369 commands=1368 guidance=1318 command_fps(ros/wall)=46.90/45.38 guidance_wall_fps=45.15 avoid_ms(mean/p50/p95/max)=3.418/0.233/17.372/112.559 cycle_ms(mean/p95/max)=22.034/49.080/133.042 depth_to_cmd_ms(mean/p95/max)=24.924/33.333/50.000 callback_to_publish_ms(mean/p95/max)=14.466/31.724/132.924
[depth_angular_controller-1] [INFO] [1790603105.516525281] [depth_angular_controller]: COMPUTE_DEADLINE
[depth_angular_controller-1] [INFO] [1790603105.556704453] [depth_angular_controller]: TARGET_HOLD
[depth_angular_controller-1] [INFO] [1790603105.713410162] [depth_angular_controller]: BRAKING_FALLBACK
[depth_angular_controller-1] [INFO] [1790603105.751220394] [depth_angular_controller]: NO_REGULAR_FIELD
[depth_angular_controller-1] [INFO] [1790603105.845689707] [depth_angular_controller]: COMPUTE_DEADLINE
[position_cmd_to_twist-2] [INFO] [1790603105.932699964] [position_cmd_to_twist]: [PERF BRIDGE] run=continuous8 elapsed=43.73s received=1378 published=1375 fps(ros/wall)=46.39/44.81 controller_to_bridge_ms(mean/p50/p95/max)=9.555/0.000/33.333/216.667 bridge_process_ms(mean/p95/max)=0.114/0.145/2.708
[NAV] t=30.0s position=(-47.30,-8.78,2.98) yaw=-21.9deg command=(0.00,0.00,0.00) manual_active=0 collision_blocks=0
[depth_angular_controller-1] [INFO] [1790603106.036176584] [depth_angular_controller]: TRACKING
[depth_angular_controller-1] [INFO] [1790603106.066825253] [depth_angular_controller]: ZERO_INTENT
[depth_angular_controller-1] [INFO] [1790603109.637996337] [depth_angular_controller]: 3D guidance switched to view 1
[depth_angular_controller-1] [INFO] [1790603109.738040723] [depth_angular_controller]: COMPUTE_DEADLINE
[depth_angular_controller-1] [INFO] [1790603109.738077735] [depth_angular_controller]: PAPER_BUILD reason=READY required=0.0100 best=0.0150 free=124 refined=0 tubes=102 revoked_tubes=0
[depth_angular_controller-1] [INFO] [1790603109.738089548] [depth_angular_controller]: PAPER_EVIDENCE retained=32 balls=32 revoked_balls=0 expired_views=0 evicted_views=80 radius=0.580 clearance=0.016 best_prefix=0.015
[depth_angular_controller-1] [INFO] [1790603109.774461164] [depth_angular_controller]: NO_REGULAR_FIELD
[depth_angular_controller-1] [INFO] [1790603109.866932430] [depth_angular_controller]: COMPUTE_DEADLINE
[depth_angular_controller-1] [INFO] [1790603110.058045912] [depth_angular_controller]: TARGET_HOLD
[depth_angular_controller-1] [INFO] [1790603110.154450996] [depth_angular_controller]: 3D guidance switched to view 3
[depth_angular_controller-1] [INFO] [1790603110.265816147] [depth_angular_controller]: COMPUTE_DEADLINE
[depth_angular_controller-1] [INFO] [1790603110.296173314] [depth_angular_controller]: TARGET_HOLD
[depth_angular_controller-1] [INFO] [1790603110.383093780] [depth_angular_controller]: [PERF CTRL] run=continuous8 elapsed=48.62s callbacks=1518 commands=1517 guidance=1341 command_fps(ros/wall)=43.65/43.07 guidance_wall_fps=39.13 avoid_ms(mean/p50/p95/max)=4.007/0.243/18.465/155.790 cycle_ms(mean/p95/max)=23.218/51.874/180.808 depth_to_cmd_ms(mean/p95/max)=24.783/33.333/50.000 callback_to_publish_ms(mean/p95/max)=16.225/32.629/180.720
[depth_angular_controller-1] [INFO] [1790603110.383200157] [depth_angular_controller]: COMPUTE_DEADLINE
[depth_angular_controller-1] [INFO] [1790603110.412080554] [depth_angular_controller]: TRACKING
[depth_angular_controller-1] [INFO] [1790603110.484647224] [depth_angular_controller]: ANGULAR_STEP_BLOCKED
[depth_angular_controller-1] [INFO] [1790603110.503605319] [depth_angular_controller]: REFERENCE_INITIALIZATION
[position_cmd_to_twist-2] [INFO] [1790603110.517980246] [position_cmd_to_twist]: [PERF BRIDGE] run=continuous8 elapsed=48.31s received=1520 published=1514 fps(ros/wall)=43.52/42.84 controller_to_bridge_ms(mean/p50/p95/max)=12.007/0.000/33.333/216.667 bridge_process_ms(mean/p95/max)=0.113/0.144/2.708
[depth_angular_controller-1] [INFO] [1790603110.578163424] [depth_angular_controller]: TRACKING
[NAV] t=35.0s position=(-47.37,-8.86,3.02) yaw=-58.2deg command=(-0.25,-0.26,0.16) manual_active=1 collision_blocks=0
[depth_angular_controller-1] [INFO] [1790603110.690490542] [depth_angular_controller]: COMPUTE_DEADLINE
[depth_angular_controller-1] [INFO] [1790603110.690527313] [depth_angular_controller]: PAPER_BUILD reason=READY required=0.1503 best=3.6217 free=147 refined=0 tubes=106 revoked_tubes=0
[depth_angular_controller-1] [INFO] [1790603110.690537904] [depth_angular_controller]: PAPER_EVIDENCE retained=32 balls=32 revoked_balls=0 expired_views=0 evicted_views=84 radius=0.580 clearance=0.000 best_prefix=3.622
[depth_angular_controller-1] [INFO] [1790603110.718182711] [depth_angular_controller]: TRACKING
[depth_angular_controller-1] [INFO] [1790603110.801328445] [depth_angular_controller]: COMPUTE_DEADLINE
[depth_angular_controller-1] [INFO] [1790603110.830834461] [depth_angular_controller]: TARGET_HOLD
[depth_angular_controller-1] [INFO] [1790603110.915860492] [depth_angular_controller]: COMPUTE_DEADLINE
[depth_angular_controller-1] [INFO] [1790603110.946602951] [depth_angular_controller]: TARGET_HOLD
[depth_angular_controller-1] [INFO] [1790603111.056382332] [depth_angular_controller]: COMPUTE_DEADLINE
[depth_angular_controller-1] [INFO] [1790603111.189192626] [depth_angular_controller]: 3D guidance switched to view 0
[depth_angular_controller-1] [INFO] [1790603111.357074053] [depth_angular_controller]: TRACKING
[depth_angular_controller-1] [INFO] [1790603111.503454194] [depth_angular_controller]: TARGET_HOLD
[depth_angular_controller-1] [INFO] [1790603111.691063247] [depth_angular_controller]: PAPER_BUILD reason=READY required=0.2551 best=0.9092 free=352 refined=0 tubes=108 revoked_tubes=0
[depth_angular_controller-1] [INFO] [1790603111.691103476] [depth_angular_controller]: PAPER_EVIDENCE retained=32 balls=32 revoked_balls=0 expired_views=0 evicted_views=88 radius=0.580 clearance=0.360 best_prefix=0.909
[depth_angular_controller-1] [INFO] [1790603112.496592713] [depth_angular_controller]: BRAKING_FALLBACK
[depth_angular_controller-1] [INFO] [1790603112.545547547] [depth_angular_controller]: TARGET_HOLD
[depth_angular_controller-1] [INFO] [1790603112.649137956] [depth_angular_controller]: PAPER_BUILD reason=READY required=0.0226 best=0.0276 free=352 refined=0 tubes=109 revoked_tubes=0
[depth_angular_controller-1] [INFO] [1790603112.649186391] [depth_angular_controller]: PAPER_EVIDENCE retained=32 balls=32 revoked_balls=0 expired_views=0 evicted_views=92 radius=0.580 clearance=0.043 best_prefix=0.028
[depth_angular_controller-1] [INFO] [1790603112.707797650] [depth_angular_controller]: BRAKING_FALLBACK
[depth_angular_controller-1] [INFO] [1790603112.750907604] [depth_angular_controller]: OUTSIDE_FLOW_BOX
[depth_angular_controller-1] [INFO] [1790603112.778104009] [depth_angular_controller]: STATE_OUTSIDE_FREE_DOMAIN
[depth_angular_controller-1] [INFO] [1790603112.804831680] [depth_angular_controller]: 3D guidance switched to view 3
[depth_angular_controller-1] [INFO] [1790603112.807120034] [depth_angular_controller]: REFERENCE_INITIALIZATION
[depth_angular_controller-1] [INFO] [1790603112.863417670] [depth_angular_controller]: TARGET_HOLD
[depth_angular_controller-1] [INFO] [1790603112.918336627] [depth_angular_controller]: STATE_OUTSIDE_FREE_DOMAIN
[depth_angular_controller-1] [INFO] [1790603112.975272147] [depth_angular_controller]: TARGET_HOLD
[depth_angular_controller-1] [INFO] [1790603113.075389506] [depth_angular_controller]: ANGULAR_STEP_BLOCKED
[depth_angular_controller-1] [INFO] [1790603113.101558609] [depth_angular_controller]: REFERENCE_INITIALIZATION
[depth_angular_controller-1] [INFO] [1790603113.177811922] [depth_angular_controller]: TARGET_HOLD
[depth_angular_controller-1] [INFO] [1790603113.611666570] [depth_angular_controller]: PAPER_BUILD reason=READY required=0.3170 best=3.6217 free=170 refined=0 tubes=111 revoked_tubes=0
[depth_angular_controller-1] [INFO] [1790603113.611708662] [depth_angular_controller]: PAPER_EVIDENCE retained=32 balls=32 revoked_balls=0 expired_views=0 evicted_views=96 radius=0.580 clearance=0.667 best_prefix=3.622
[depth_angular_controller-1] [INFO] [1790603113.664504521] [depth_angular_controller]: 3D guidance switched to view 0
[depth_angular_controller-1] [INFO] [1790603114.678933942] [depth_angular_controller]: PAPER_BUILD reason=READY required=0.6170 best=3.6217 free=245 refined=0 tubes=113 revoked_tubes=0
[depth_angular_controller-1] [INFO] [1790603114.678980573] [depth_angular_controller]: PAPER_EVIDENCE retained=32 balls=32 revoked_balls=0 expired_views=0 evicted_views=100 radius=0.580 clearance=0.667 best_prefix=3.622
[position_cmd_to_twist-2] [INFO] [1790603115.383130672] [position_cmd_to_twist]: [PERF BRIDGE] run=continuous8 elapsed=53.18s received=1647 published=1638 fps(ros/wall)=41.29/40.72 controller_to_bridge_ms(mean/p50/p95/max)=14.046/16.667/50.000/216.667 bridge_process_ms(mean/p95/max)=0.113/0.145/2.708
[depth_angular_controller-1] [INFO] [1790603115.430975779] [depth_angular_controller]: [PERF CTRL] run=continuous8 elapsed=53.66s callbacks=1649 commands=1648 guidance=1472 command_fps(ros/wall)=41.28/40.92 guidance_wall_fps=37.44 avoid_ms(mean/p50/p95/max)=4.545/0.352/21.573/155.790 cycle_ms(mean/p95/max)=24.436/54.949/180.808 depth_to_cmd_ms(mean/p95/max)=24.117/33.333/50.000 callback_to_publish_ms(mean/p95/max)=17.871/42.439/180.720
[NAV] t=40.0s position=(-48.21,-7.66,3.50) yaw=-269.9deg command=(-0.00,0.33,0.00) manual_active=1 collision_blocks=0
[depth_angular_controller-1] [INFO] [1790603115.620377570] [depth_angular_controller]: PAPER_BUILD reason=READY required=0.1008 best=3.6217 free=352 refined=0 tubes=114 revoked_tubes=0
[depth_angular_controller-1] [INFO] [1790603115.620796346] [depth_angular_controller]: PAPER_EVIDENCE retained=32 balls=32 revoked_balls=0 expired_views=0 evicted_views=104 radius=0.580 clearance=0.161 best_prefix=3.622
[depth_angular_controller-1] [INFO] [1790603116.108699383] [depth_angular_controller]: BRAKING_FALLBACK
[depth_angular_controller-1] [INFO] [1790603116.165536864] [depth_angular_controller]: TARGET_HOLD
[depth_angular_controller-1] [INFO] [1790603116.414051483] [depth_angular_controller]: BRAKING_FALLBACK
[depth_angular_controller-1] [INFO] [1790603116.498423344] [depth_angular_controller]: TARGET_HOLD
[depth_angular_controller-1] [INFO] [1790603116.647021199] [depth_angular_controller]: STATE_OUTSIDE_FREE_DOMAIN
[depth_angular_controller-1] [INFO] [1790603116.667056662] [depth_angular_controller]: PAPER_BUILD reason=READY required=0.0100 best=3.6217 free=64 refined=0 tubes=114 revoked_tubes=0
[depth_angular_controller-1] [INFO] [1790603116.667531197] [depth_angular_controller]: PAPER_EVIDENCE retained=32 balls=32 revoked_balls=0 expired_views=0 evicted_views=108 radius=0.580 clearance=0.000 best_prefix=3.622
[depth_angular_controller-1] [INFO] [1790603116.717615285] [depth_angular_controller]: TARGET_HOLD
[depth_angular_controller-1] [INFO] [1790603116.879699096] [depth_angular_controller]: STATE_OUTSIDE_FREE_DOMAIN
[depth_angular_controller-1] [INFO] [1790603116.965693783] [depth_angular_controller]: TARGET_HOLD
[depth_angular_controller-1] [INFO] [1790603117.307419090] [depth_angular_controller]: COMPUTE_DEADLINE
[depth_angular_controller-1] [INFO] [1790603117.342525313] [depth_angular_controller]: TARGET_HOLD
[depth_angular_controller-1] [INFO] [1790603117.430564112] [depth_angular_controller]: COMPUTE_DEADLINE
[depth_angular_controller-1] [INFO] [1790603117.565043894] [depth_angular_controller]: NO_REGULAR_FIELD
[depth_angular_controller-1] [INFO] [1790603117.652814349] [depth_angular_controller]: COMPUTE_DEADLINE
[depth_angular_controller-1] [INFO] [1790603117.653238336] [depth_angular_controller]: PAPER_BUILD reason=READY required=0.0100 best=3.6217 free=259 refined=0 tubes=127 revoked_tubes=0
[depth_angular_controller-1] [INFO] [1790603117.653252644] [depth_angular_controller]: PAPER_EVIDENCE retained=32 balls=32 revoked_balls=0 expired_views=0 evicted_views=112 radius=0.580 clearance=0.159 best_prefix=3.622
[depth_angular_controller-1] [INFO] [1790603117.995568325] [depth_angular_controller]: TARGET_HOLD
[depth_angular_controller-1] [INFO] [1790603118.703287310] [depth_angular_controller]: PAPER_BUILD reason=READY required=0.3032 best=3.6217 free=336 refined=0 tubes=132 revoked_tubes=0
[depth_angular_controller-1] [INFO] [1790603118.703332769] [depth_angular_controller]: PAPER_EVIDENCE retained=32 balls=32 revoked_balls=0 expired_views=0 evicted_views=116 radius=0.580 clearance=0.667 best_prefix=3.622
[depth_angular_controller-1] [INFO] [1790603119.494623167] [depth_angular_controller]: ZERO_INTENT
[depth_angular_controller-1] [INFO] [1790603120.435590973] [depth_angular_controller]: [PERF CTRL] run=continuous8 elapsed=58.67s callbacks=1772 commands=1771 guidance=1567 command_fps(ros/wall)=39.45/39.12 guidance_wall_fps=36.14 avoid_ms(mean/p50/p95/max)=4.788/0.449/22.198/155.790 cycle_ms(mean/p95/max)=25.565/56.935/180.808 depth_to_cmd_ms(mean/p95/max)=23.782/33.333/50.000 callback_to_publish_ms(mean/p95/max)=19.269/44.682/180.720
[position_cmd_to_twist-2] [INFO] [1790603120.506064748] [position_cmd_to_twist]: [PERF BRIDGE] run=continuous8 elapsed=58.30s received=1772 published=1761 fps(ros/wall)=39.46/38.87 controller_to_bridge_ms(mean/p50/p95/max)=15.764/16.667/50.000/216.667 bridge_process_ms(mean/p95/max)=0.113/0.146/2.708
[NAV] t=45.0s position=(-49.23,-6.53,3.50) yaw=-225.9deg command=(0.00,0.00,0.00) manual_active=0 collision_blocks=0
[depth_angular_controller-1] [INFO] [1790603122.340552573] [depth_angular_controller]: 3D guidance switched to view 1
[depth_angular_controller-1] [INFO] [1790603122.354297769] [depth_angular_controller]: TARGET_HOLD
[depth_angular_controller-1] [INFO] [1790603122.354329481] [depth_angular_controller]: PAPER_BUILD reason=READY required=0.0100 best=3.6217 free=302 refined=0 tubes=135 revoked_tubes=0
[depth_angular_controller-1] [INFO] [1790603122.354339190] [depth_angular_controller]: PAPER_EVIDENCE retained=32 balls=32 revoked_balls=0 expired_views=0 evicted_views=124 radius=0.580 clearance=0.667 best_prefix=3.622
[depth_angular_controller-1] [INFO] [1790603122.464207930] [depth_angular_controller]: 3D guidance switched to view 0
[depth_angular_controller-1] [INFO] [1790603123.538305714] [depth_angular_controller]: PAPER_BUILD reason=READY required=0.5475 best=3.6217 free=299 refined=0 tubes=137 revoked_tubes=0
[depth_angular_controller-1] [INFO] [1790603123.538347285] [depth_angular_controller]: PAPER_EVIDENCE retained=32 balls=32 revoked_balls=0 expired_views=0 evicted_views=128 radius=0.580 clearance=0.667 best_prefix=3.622
[depth_angular_controller-1] [INFO] [1790603124.719581614] [depth_angular_controller]: PAPER_BUILD reason=READY required=0.6211 best=3.6217 free=352 refined=0 tubes=139 revoked_tubes=0
[depth_angular_controller-1] [INFO] [1790603124.719622123] [depth_angular_controller]: PAPER_EVIDENCE retained=32 balls=32 revoked_balls=0 expired_views=0 evicted_views=132 radius=0.580 clearance=0.667 best_prefix=3.622
[depth_angular_controller-1] [INFO] [1790603125.499822767] [depth_angular_controller]: [PERF CTRL] run=continuous8 elapsed=63.73s callbacks=1910 commands=1909 guidance=1649 command_fps(ros/wall)=38.35/37.92 guidance_wall_fps=33.39 avoid_ms(mean/p50/p95/max)=4.808/0.395/22.399/155.790 cycle_ms(mean/p95/max)=26.371/56.935/180.808 depth_to_cmd_ms(mean/p95/max)=23.600/33.333/50.000 callback_to_publish_ms(mean/p95/max)=20.218/46.408/180.720
[position_cmd_to_twist-2] [INFO] [1790603125.629486576] [position_cmd_to_twist]: [PERF BRIDGE] run=continuous8 elapsed=63.42s received=1911 published=1900 fps(ros/wall)=38.33/37.68 controller_to_bridge_ms(mean/p50/p95/max)=17.033/16.667/50.000/216.667 bridge_process_ms(mean/p95/max)=0.112/0.145/2.708
[NAV] t=50.0s position=(-51.71,-6.55,3.50) yaw=-180.0deg command=(-1.00,-0.00,0.00) manual_active=1 collision_blocks=0
[depth_angular_controller-1] [INFO] [1790603125.783487318] [depth_angular_controller]: PAPER_BUILD reason=READY required=0.6217 best=3.6217 free=352 refined=0 tubes=141 revoked_tubes=0
[depth_angular_controller-1] [INFO] [1790603125.783902739] [depth_angular_controller]: PAPER_EVIDENCE retained=32 balls=32 revoked_balls=0 expired_views=0 evicted_views=136 radius=0.580 clearance=0.667 best_prefix=3.622
[depth_angular_controller-1] [INFO] [1790603126.858288364] [depth_angular_controller]: PAPER_BUILD reason=READY required=0.6217 best=3.6217 free=352 refined=0 tubes=143 revoked_tubes=0
[depth_angular_controller-1] [INFO] [1790603126.858735185] [depth_angular_controller]: PAPER_EVIDENCE retained=32 balls=32 revoked_balls=0 expired_views=0 evicted_views=140 radius=0.580 clearance=0.667 best_prefix=3.622
[depth_angular_controller-1] [INFO] [1790603127.914724419] [depth_angular_controller]: PAPER_BUILD reason=READY required=0.5811 best=3.6217 free=214 refined=0 tubes=145 revoked_tubes=0
[depth_angular_controller-1] [INFO] [1790603127.915136474] [depth_angular_controller]: PAPER_EVIDENCE retained=32 balls=32 revoked_balls=0 expired_views=0 evicted_views=144 radius=0.580 clearance=0.667 best_prefix=3.622
[depth_angular_controller-1] [INFO] [1790603128.889991516] [depth_angular_controller]: PAPER_BUILD reason=READY required=0.0510 best=0.0560 free=352 refined=0 tubes=146 revoked_tubes=0
[depth_angular_controller-1] [INFO] [1790603128.890032326] [depth_angular_controller]: PAPER_EVIDENCE retained=32 balls=32 revoked_balls=0 expired_views=0 evicted_views=148 radius=0.580 clearance=0.075 best_prefix=0.056
[depth_angular_controller-1] [INFO] [1790603128.994759895] [depth_angular_controller]: BRAKING_FALLBACK
[depth_angular_controller-1] [INFO] [1790603129.070702131] [depth_angular_controller]: TARGET_HOLD
[depth_angular_controller-1] [INFO] [1790603129.272123283] [depth_angular_controller]: BRAKING_FALLBACK
[depth_angular_controller-1] [INFO] [1790603129.361269986] [depth_angular_controller]: COMPUTE_DEADLINE
[depth_angular_controller-1] [INFO] [1790603129.400729372] [depth_angular_controller]: TARGET_HOLD
[depth_angular_controller-1] [INFO] [1790603129.680441323] [depth_angular_controller]: BRAKING_FALLBACK
[depth_angular_controller-1] [INFO] [1790603129.742482625] [depth_angular_controller]: TARGET_HOLD
[depth_angular_controller-1] [INFO] [1790603129.891805448] [depth_angular_controller]: PAPER_BUILD reason=READY required=0.0100 best=0.0150 free=248 refined=0 tubes=146 revoked_tubes=0
[depth_angular_controller-1] [INFO] [1790603129.891844264] [depth_angular_controller]: PAPER_EVIDENCE retained=32 balls=32 revoked_balls=0 expired_views=0 evicted_views=152 radius=0.580 clearance=0.016 best_prefix=0.015
[depth_angular_controller-1] [INFO] [1790603129.921745580] [depth_angular_controller]: BRAKING_FALLBACK
[depth_angular_controller-1] [INFO] [1790603129.996272514] [depth_angular_controller]: NO_REGULAR_FIELD
[depth_angular_controller-1] [INFO] [1790603130.088488489] [depth_angular_controller]: COMPUTE_DEADLINE
[depth_angular_controller-1] [INFO] [1790603130.374176895] [depth_angular_controller]: TARGET_HOLD
[depth_angular_controller-1] [INFO] [1790603130.474521422] [depth_angular_controller]: COMPUTE_DEADLINE
[depth_angular_controller-1] [INFO] [1790603130.506855246] [depth_angular_controller]: 3D guidance switched to view 1
[depth_angular_controller-1] [INFO] [1790603130.529776253] [depth_angular_controller]: [PERF CTRL] run=continuous8 elapsed=68.76s callbacks=2036 commands=2035 guidance=1775 command_fps(ros/wall)=37.22/36.75 guidance_wall_fps=32.62 avoid_ms(mean/p50/p95/max)=5.103/0.474/22.564/155.790 cycle_ms(mean/p95/max)=27.210/57.092/180.808 depth_to_cmd_ms(mean/p95/max)=23.211/33.333/50.000 callback_to_publish_ms(mean/p95/max)=21.278/47.697/180.720
[depth_angular_controller-1] [INFO] [1790603130.529846660] [depth_angular_controller]: TARGET_HOLD
[depth_angular_controller-1] [INFO] [1790603130.648099111] [depth_angular_controller]: ANGULAR_STEP_BLOCKED
[depth_angular_controller-1] [INFO] [1790603130.680572187] [depth_angular_controller]: TARGET_HOLD
[position_cmd_to_twist-2] [INFO] [1790603130.731047101] [position_cmd_to_twist]: [PERF BRIDGE] run=continuous8 elapsed=68.52s received=2039 published=2026 fps(ros/wall)=37.18/36.49 controller_to_bridge_ms(mean/p50/p95/max)=18.350/16.667/50.000/216.667 bridge_process_ms(mean/p95/max)=0.114/0.146/2.873
[depth_angular_controller-1] [INFO] [1790603130.757257266] [depth_angular_controller]: 3D guidance switched to view 0
[NAV] t=55.0s position=(-54.31,-6.62,3.49) yaw=-147.5deg command=(-0.11,-0.28,-0.05) manual_active=1 collision_blocks=0
[depth_angular_controller-1] [INFO] [1790603130.942429491] [depth_angular_controller]: PAPER_BUILD reason=READY required=0.1024 best=3.6217 free=157 refined=0 tubes=148 revoked_tubes=0
[depth_angular_controller-1] [INFO] [1790603130.942469950] [depth_angular_controller]: PAPER_EVIDENCE retained=32 balls=32 revoked_balls=0 expired_views=0 evicted_views=156 radius=0.580 clearance=0.667 best_prefix=3.622
[depth_angular_controller-1] [INFO] [1790603131.983451106] [depth_angular_controller]: ANGULAR_STEP_BLOCKED
[depth_angular_controller-1] [INFO] [1790603132.011315521] [depth_angular_controller]: TARGET_HOLD
[depth_angular_controller-1] [INFO] [1790603132.100422638] [depth_angular_controller]: PAPER_BUILD reason=READY required=0.5747 best=3.6217 free=253 refined=0 tubes=149 revoked_tubes=0
[depth_angular_controller-1] [INFO] [1790603132.100462886] [depth_angular_controller]: PAPER_EVIDENCE retained=32 balls=32 revoked_balls=0 expired_views=0 evicted_views=160 radius=0.580 clearance=0.667 best_prefix=3.622
[depth_angular_controller-1] [INFO] [1790603132.700306542] [depth_angular_controller]: ANGULAR_STEP_BLOCKED
[depth_angular_controller-1] [INFO] [1790603132.731903431] [depth_angular_controller]: TARGET_HOLD
[depth_angular_controller-1] [INFO] [1790603133.107236363] [depth_angular_controller]: PAPER_BUILD reason=READY required=0.5945 best=3.6217 free=253 refined=0 tubes=152 revoked_tubes=0
[depth_angular_controller-1] [INFO] [1790603133.107275930] [depth_angular_controller]: PAPER_EVIDENCE retained=32 balls=32 revoked_balls=0 expired_views=0 evicted_views=164 radius=0.580 clearance=0.667 best_prefix=3.622
[depth_angular_controller-1] [INFO] [1790603133.872947201] [depth_angular_controller]: ANGULAR_STEP_BLOCKED
[depth_angular_controller-1] [INFO] [1790603133.905374673] [depth_angular_controller]: TRACKING
[depth_angular_controller-1] [INFO] [1790603133.995592802] [depth_angular_controller]: ANGULAR_STEP_BLOCKED
[depth_angular_controller-1] [INFO] [1790603134.028977122] [depth_angular_controller]: REFERENCE_INITIALIZATION
[depth_angular_controller-1] [INFO] [1790603134.061159526] [depth_angular_controller]: TRACKING
[depth_angular_controller-1] [INFO] [1790603134.234871820] [depth_angular_controller]: TARGET_HOLD
[depth_angular_controller-1] [INFO] [1790603134.234908241] [depth_angular_controller]: PAPER_BUILD reason=READY required=0.5826 best=3.6217 free=205 refined=0 tubes=155 revoked_tubes=0
[depth_angular_controller-1] [INFO] [1790603134.234918371] [depth_angular_controller]: PAPER_EVIDENCE retained=32 balls=32 revoked_balls=0 expired_views=0 evicted_views=168 radius=0.580 clearance=0.667 best_prefix=3.622
[depth_angular_controller-1] [INFO] [1790603134.267946285] [depth_angular_controller]: TRACKING
[depth_angular_controller-1] [INFO] [1790603134.431485295] [depth_angular_controller]: TARGET_HOLD
[depth_angular_controller-1] [INFO] [1790603134.618983813] [depth_angular_controller]: TRACKING
[depth_angular_controller-1] [INFO] [1790603134.732401440] [depth_angular_controller]: TARGET_HOLD
[depth_angular_controller-1] [INFO] [1790603135.328174159] [depth_angular_controller]: COMPUTE_DEADLINE
[depth_angular_controller-1] [INFO] [1790603135.328210981] [depth_angular_controller]: PAPER_BUILD reason=STATE_DIRECTION_UNCERTIFIED required=0.6181 best=3.6217 free=712 refined=1 tubes=156 revoked_tubes=0
[depth_angular_controller-1] [INFO] [1790603135.328220019] [depth_angular_controller]: PAPER_EVIDENCE retained=32 balls=32 revoked_balls=0 expired_views=0 evicted_views=172 radius=0.580 clearance=0.000 best_prefix=3.622
[depth_angular_controller-1] [INFO] [1790603135.359218835] [depth_angular_controller]: ZERO_INTENT
[depth_angular_controller-1] [INFO] [1790603135.539909074] [depth_angular_controller]: [PERF CTRL] run=continuous8 elapsed=73.77s callbacks=2150 commands=2149 guidance=1882 command_fps(ros/wall)=36.15/35.59 guidance_wall_fps=31.78 avoid_ms(mean/p50/p95/max)=5.545/0.513/23.782/452.897 cycle_ms(mean/p95/max)=28.098/58.721/483.979 depth_to_cmd_ms(mean/p95/max)=22.945/33.333/50.000 callback_to_publish_ms(mean/p95/max)=22.342/49.440/483.844
[position_cmd_to_twist-2] [INFO] [1790603135.944172401] [position_cmd_to_twist]: [PERF BRIDGE] run=continuous8 elapsed=73.74s received=2162 published=2148 fps(ros/wall)=36.11/35.34 controller_to_bridge_ms(mean/p50/p95/max)=19.573/16.667/50.000/450.000 bridge_process_ms(mean/p95/max)=0.116/0.146/2.873
[NAV] t=60.0s position=(-56.74,-9.73,2.90) yaw=-141.6deg command=(0.00,0.00,0.00) manual_active=0 collision_blocks=0
[depth_angular_controller-1] [INFO] [1790603138.140822612] [depth_angular_controller]: 3D guidance switched to view 1
[depth_angular_controller-1] [INFO] [1790603138.176126033] [depth_angular_controller]: REFERENCE_INITIALIZATION
[depth_angular_controller-1] [INFO] [1790603138.176158236] [depth_angular_controller]: PAPER_BUILD reason=READY required=0.0100 best=3.6217 free=39 refined=0 tubes=157 revoked_tubes=0
[depth_angular_controller-1] [INFO] [1790603138.176166553] [depth_angular_controller]: PAPER_EVIDENCE retained=28 balls=32 revoked_balls=0 expired_views=4 evicted_views=176 radius=0.580 clearance=0.667 best_prefix=3.622
[depth_angular_controller-1] [INFO] [1790603138.205490454] [depth_angular_controller]: TRACKING
[depth_angular_controller-1] [INFO] [1790603138.380619203] [depth_angular_controller]: ANGULAR_STEP_BLOCKED
[depth_angular_controller-1] [INFO] [1790603138.414538823] [depth_angular_controller]: TRACKING
[depth_angular_controller-1] [INFO] [1790603138.470968277] [depth_angular_controller]: TARGET_HOLD
[depth_angular_controller-1] [INFO] [1790603138.760577486] [depth_angular_controller]: 3D guidance switched to view 0
[depth_angular_controller-1] [INFO] [1790603139.195434454] [depth_angular_controller]: PAPER_BUILD reason=READY required=0.5189 best=3.6217 free=55 refined=0 tubes=158 revoked_tubes=0
[depth_angular_controller-1] [INFO] [1790603139.195544569] [depth_angular_controller]: PAPER_EVIDENCE retained=32 balls=32 revoked_balls=0 expired_views=4 evicted_views=176 radius=0.580 clearance=0.667 best_prefix=3.622
[depth_angular_controller-1] [INFO] [1790603140.275276388] [depth_angular_controller]: PAPER_BUILD reason=READY required=0.6200 best=3.6217 free=171 refined=0 tubes=161 revoked_tubes=0
[depth_angular_controller-1] [INFO] [1790603140.275317337] [depth_angular_controller]: PAPER_EVIDENCE retained=32 balls=32 revoked_balls=0 expired_views=4 evicted_views=180 radius=0.580 clearance=0.667 best_prefix=3.622
[depth_angular_controller-1] [INFO] [1790603140.542200515] [depth_angular_controller]: [PERF CTRL] run=continuous8 elapsed=78.78s callbacks=2292 commands=2291 guidance=1944 command_fps(ros/wall)=35.61/35.04 guidance_wall_fps=30.17 avoid_ms(mean/p50/p95/max)=5.605/0.526/24.044/452.897 cycle_ms(mean/p95/max)=28.540/58.438/483.979 depth_to_cmd_ms(mean/p95/max)=22.788/33.333/50.000 callback_to_publish_ms(mean/p95/max)=22.894/50.421/483.844
[position_cmd_to_twist-2] [INFO] [1790603141.057031787] [position_cmd_to_twist]: [PERF BRIDGE] run=continuous8 elapsed=78.85s received=2304 published=2290 fps(ros/wall)=35.52/34.77 controller_to_bridge_ms(mean/p50/p95/max)=20.378/16.667/50.000/450.000 bridge_process_ms(mean/p95/max)=0.116/0.147/2.873
[NAV] t=65.0s position=(-55.55,-11.75,2.34) yaw=-68.6deg command=(0.36,-0.92,-0.16) manual_active=1 collision_blocks=0
[depth_angular_controller-1] [INFO] [1790603141.213865659] [depth_angular_controller]: PAPER_BUILD reason=READY required=0.6211 best=3.6217 free=158 refined=0 tubes=163 revoked_tubes=0
[depth_angular_controller-1] [INFO] [1790603141.213932009] [depth_angular_controller]: PAPER_EVIDENCE retained=32 balls=32 revoked_balls=0 expired_views=4 evicted_views=184 radius=0.580 clearance=0.667 best_prefix=3.622
[depth_angular_controller-1] [INFO] [1790603142.193618363] [depth_angular_controller]: PAPER_BUILD reason=READY required=0.6209 best=3.6217 free=166 refined=0 tubes=165 revoked_tubes=0
[depth_angular_controller-1] [INFO] [1790603142.193658692] [depth_angular_controller]: PAPER_EVIDENCE retained=32 balls=32 revoked_balls=0 expired_views=4 evicted_views=188 radius=0.580 clearance=0.667 best_prefix=3.622
[depth_angular_controller-1] [INFO] [1790603142.971174731] [depth_angular_controller]: OUTSIDE_FLOW_BOX
[depth_angular_controller-1] [INFO] [1790603143.004734545] [depth_angular_controller]: TARGET_HOLD
[depth_angular_controller-1] [INFO] [1790603143.097743059] [depth_angular_controller]: OUTSIDE_FLOW_BOX
[depth_angular_controller-1] [INFO] [1790603143.133257339] [depth_angular_controller]: TARGET_HOLD
[depth_angular_controller-1] [INFO] [1790603143.229612817] [depth_angular_controller]: PAPER_BUILD reason=READY required=0.5603 best=3.6217 free=331 refined=0 tubes=167 revoked_tubes=0
[depth_angular_controller-1] [INFO] [1790603143.229655780] [depth_angular_controller]: PAPER_EVIDENCE retained=32 balls=32 revoked_balls=0 expired_views=4 evicted_views=192 radius=0.580 clearance=0.667 best_prefix=3.622
[depth_angular_controller-1] [INFO] [1790603144.280834377] [depth_angular_controller]: PAPER_BUILD reason=READY required=0.6209 best=3.6217 free=324 refined=0 tubes=169 revoked_tubes=0
[depth_angular_controller-1] [INFO] [1790603144.280875958] [depth_angular_controller]: PAPER_EVIDENCE retained=32 balls=32 revoked_balls=0 expired_views=4 evicted_views=196 radius=0.580 clearance=0.667 best_prefix=3.622
[depth_angular_controller-1] [INFO] [1790603144.785497304] [depth_angular_controller]: OUTSIDE_FLOW_BOX
[depth_angular_controller-1] [INFO] [1790603144.809988158] [depth_angular_controller]: STATE_OUTSIDE_FREE_DOMAIN
[depth_angular_controller-1] [INFO] [1790603144.977963147] [depth_angular_controller]: TARGET_HOLD
[depth_angular_controller-1] [INFO] [1790603145.481109373] [depth_angular_controller]: PAPER_BUILD reason=READY required=0.5821 best=3.6217 free=352 refined=0 tubes=171 revoked_tubes=0
[depth_angular_controller-1] [INFO] [1790603145.482043596] [depth_angular_controller]: PAPER_EVIDENCE retained=28 balls=32 revoked_balls=0 expired_views=8 evicted_views=200 radius=0.580 clearance=0.667 best_prefix=3.622
[depth_angular_controller-1] [INFO] [1790603145.592923002] [depth_angular_controller]: [PERF CTRL] run=continuous8 elapsed=83.83s callbacks=2411 commands=2410 guidance=2063 command_fps(ros/wall)=34.82/34.21 guidance_wall_fps=29.69 avoid_ms(mean/p50/p95/max)=5.729/0.487/25.038/452.897 cycle_ms(mean/p95/max)=29.227/59.998/483.979 depth_to_cmd_ms(mean/p95/max)=22.532/33.333/50.000 callback_to_publish_ms(mean/p95/max)=23.743/52.301/483.844
[position_cmd_to_twist-2] [INFO] [1790603146.253744580] [position_cmd_to_twist]: [PERF BRIDGE] run=continuous8 elapsed=84.05s received=2424 published=2410 fps(ros/wall)=34.71/33.91 controller_to_bridge_ms(mean/p50/p95/max)=21.349/16.667/50.000/450.000 bridge_process_ms(mean/p95/max)=0.116/0.147/2.873
[NAV] t=70.0s position=(-55.12,-16.53,2.10) yaw=-90.0deg command=(0.00,-0.64,-0.00) manual_active=1 collision_blocks=0
[depth_angular_controller-1] [INFO] [1790603146.553986131] [depth_angular_controller]: PAPER_BUILD reason=READY required=0.2567 best=1.8133 free=352 refined=0 tubes=173 revoked_tubes=0
[depth_angular_controller-1] [INFO] [1790603146.554024126] [depth_angular_controller]: PAPER_EVIDENCE retained=32 balls=32 revoked_balls=0 expired_views=8 evicted_views=200 radius=0.580 clearance=0.432 best_prefix=1.813
[depth_angular_controller-1] [INFO] [1790603147.498353877] [depth_angular_controller]: PAPER_BUILD reason=READY required=0.0631 best=0.4571 free=282 refined=0 tubes=173 revoked_tubes=0
[depth_angular_controller-1] [INFO] [1790603147.498395117] [depth_angular_controller]: PAPER_EVIDENCE retained=32 balls=32 revoked_balls=0 expired_views=8 evicted_views=204 radius=0.580 clearance=0.071 best_prefix=0.457
[depth_angular_controller-1] [INFO] [1790603147.594121592] [depth_angular_controller]: BRAKING_FALLBACK
[depth_angular_controller-1] [INFO] [1790603147.630024487] [depth_angular_controller]: TARGET_HOLD
[depth_angular_controller-1] [INFO] [1790603148.048399888] [depth_angular_controller]: OUTSIDE_FLOW_BOX
[depth_angular_controller-1] [INFO] [1790603148.083073565] [depth_angular_controller]: STATE_OUTSIDE_FREE_DOMAIN
[depth_angular_controller-1] [INFO] [1790603148.171950775] [depth_angular_controller]: TARGET_HOLD
[depth_angular_controller-1] [INFO] [1790603148.465316167] [depth_angular_controller]: COMPUTE_DEADLINE
[depth_angular_controller-1] [INFO] [1790603148.553175709] [depth_angular_controller]: PAPER_BUILD reason=STATE_DIRECTION_UNCERTIFIED required=0.0155 best=0.0205 free=441 refined=1 tubes=174 revoked_tubes=0
[depth_angular_controller-1] [INFO] [1790603148.553212591] [depth_angular_controller]: PAPER_EVIDENCE retained=32 balls=32 revoked_balls=0 expired_views=8 evicted_views=208 radius=0.580 clearance=0.000 best_prefix=0.021
[depth_angular_controller-1] [INFO] [1790603148.704828321] [depth_angular_controller]: TARGET_HOLD
[depth_angular_controller-1] [INFO] [1790603148.918141022] [depth_angular_controller]: BRAKING_FALLBACK
[depth_angular_controller-1] [INFO] [1790603149.045168174] [depth_angular_controller]: COMPUTE_DEADLINE
[depth_angular_controller-1] [INFO] [1790603149.182562719] [depth_angular_controller]: TARGET_HOLD
[depth_angular_controller-1] [INFO] [1790603149.405783420] [depth_angular_controller]: OUTSIDE_FLOW_BOX
[depth_angular_controller-1] [INFO] [1790603149.442591986] [depth_angular_controller]: BRAKING_FALLBACK
[depth_angular_controller-1] [INFO] [1790603149.481440614] [depth_angular_controller]: REFERENCE_INITIALIZATION
[depth_angular_controller-1] [INFO] [1790603149.547348716] [depth_angular_controller]: TARGET_HOLD
[depth_angular_controller-1] [INFO] [1790603149.547384586] [depth_angular_controller]: PAPER_BUILD reason=READY required=0.0100 best=0.0150 free=43 refined=0 tubes=187 revoked_tubes=0
[depth_angular_controller-1] [INFO] [1790603149.547395768] [depth_angular_controller]: PAPER_EVIDENCE retained=32 balls=32 revoked_balls=0 expired_views=8 evicted_views=208 radius=0.580 clearance=0.019 best_prefix=0.015
[depth_angular_controller-1] [INFO] [1790603149.953959412] [depth_angular_controller]: COMPUTE_DEADLINE
[depth_angular_controller-1] [INFO] [1790603150.026231399] [depth_angular_controller]: BRAKING_FALLBACK
[depth_angular_controller-1] [INFO] [1790603150.118927639] [depth_angular_controller]: COMPUTE_DEADLINE
[depth_angular_controller-1] [INFO] [1790603150.252154183] [depth_angular_controller]: ZERO_INTENT
[depth_angular_controller-1] [INFO] [1790603150.599146658] [depth_angular_controller]: [PERF CTRL] run=continuous8 elapsed=88.83s callbacks=2516 commands=2515 guidance=2158 command_fps(ros/wall)=33.78/33.34 guidance_wall_fps=29.12 avoid_ms(mean/p50/p95/max)=6.100/0.572/27.387/452.897 cycle_ms(mean/p95/max)=29.998/61.424/483.979 depth_to_cmd_ms(mean/p95/max)=22.382/33.333/50.000 callback_to_publish_ms(mean/p95/max)=24.683/53.535/483.844
[position_cmd_to_twist-2] [INFO] [1790603150.981756966] [position_cmd_to_twist]: [PERF BRIDGE] run=continuous8 elapsed=88.77s received=2524 published=2505 fps(ros/wall)=33.71/33.05 controller_to_bridge_ms(mean/p50/p95/max)=22.425/16.667/50.000/450.000 bridge_process_ms(mean/p95/max)=0.116/0.147/2.873
[NAV] t=75.0s position=(-55.11,-17.03,2.09) yaw=-69.9deg command=(0.00,0.00,0.00) manual_active=0 collision_blocks=0
[depth_angular_controller-1] [INFO] [1790603153.828475996] [depth_angular_controller]: 3D guidance switched to view 1
[depth_angular_controller-1] [INFO] [1790603153.928464164] [depth_angular_controller]: COMPUTE_DEADLINE
[depth_angular_controller-1] [INFO] [1790603153.928502158] [depth_angular_controller]: PAPER_BUILD reason=READY required=0.0100 best=3.6668 free=138 refined=0 tubes=192 revoked_tubes=0
[depth_angular_controller-1] [INFO] [1790603153.928512087] [depth_angular_controller]: PAPER_EVIDENCE retained=24 balls=32 revoked_balls=0 expired_views=16 evicted_views=216 radius=0.580 clearance=0.678 best_prefix=3.667
[depth_angular_controller-1] [INFO] [1790603153.999070489] [depth_angular_controller]: TRACKING
[depth_angular_controller-1] [INFO] [1790603154.032217132] [depth_angular_controller]: TARGET_HOLD
[depth_angular_controller-1] [INFO] [1790603154.211947257] [depth_angular_controller]: TRACKING
[depth_angular_controller-1] [INFO] [1790603154.865631324] [depth_angular_controller]: PAPER_BUILD reason=READY required=0.5346 best=3.6668 free=152 refined=0 tubes=197 revoked_tubes=0
[depth_angular_controller-1] [INFO] [1790603154.865667815] [depth_angular_controller]: PAPER_EVIDENCE retained=28 balls=32 revoked_balls=0 expired_views=16 evicted_views=216 radius=0.580 clearance=0.678 best_prefix=3.667
[depth_angular_controller-1] [INFO] [1790603155.119834590] [depth_angular_controller]: 3D guidance switched to view 0
[depth_angular_controller-1] [INFO] [1790603155.184032269] [depth_angular_controller]: TARGET_HOLD
[depth_angular_controller-1] [INFO] [1790603155.454521928] [depth_angular_controller]: TRACKING
[position_cmd_to_twist-2] [INFO] [1790603155.579738118] [position_cmd_to_twist]: [PERF BRIDGE] run=continuous8 elapsed=93.37s received=2632 published=2612 fps(ros/wall)=32.96/32.48 controller_to_bridge_ms(mean/p50/p95/max)=23.347/16.667/50.000/450.000 bridge_process_ms(mean/p95/max)=0.116/0.147/2.873
[depth_angular_controller-1] [INFO] [1790603155.601992517] [depth_angular_controller]: [PERF CTRL] run=continuous8 elapsed=93.84s callbacks=2634 commands=2633 guidance=2191 command_fps(ros/wall)=32.95/32.73 guidance_wall_fps=27.56 avoid_ms(mean/p50/p95/max)=6.252/0.590/27.938/452.897 cycle_ms(mean/p95/max)=30.554/63.128/483.979 depth_to_cmd_ms(mean/p95/max)=22.326/33.333/50.000 callback_to_publish_ms(mean/p95/max)=25.380/54.168/483.844
[NAV] t=80.0s position=(-54.36,-16.01,1.76) yaw=49.5deg command=(0.64,0.74,-0.25) manual_active=1 collision_blocks=0
[depth_angular_controller-1] [INFO] [1790603155.821316241] [depth_angular_controller]: PAPER_BUILD reason=READY required=0.6307 best=3.6668 free=118 refined=0 tubes=199 revoked_tubes=0
[depth_angular_controller-1] [INFO] [1790603155.821357561] [depth_angular_controller]: PAPER_EVIDENCE retained=32 balls=32 revoked_balls=0 expired_views=16 evicted_views=216 radius=0.580 clearance=0.678 best_prefix=3.667
[depth_angular_controller-1] [INFO] [1790603156.002736602] [depth_angular_controller]: TARGET_HOLD
[depth_angular_controller-1] [INFO] [1790603156.388949111] [depth_angular_controller]: TRACKING
[depth_angular_controller-1] [INFO] [1790603156.428462989] [depth_angular_controller]: TARGET_HOLD
[depth_angular_controller-1] [INFO] [1790603156.490813283] [depth_angular_controller]: TRACKING
[depth_angular_controller-1] [INFO] [1790603156.593852589] [depth_angular_controller]: TARGET_HOLD
[depth_angular_controller-1] [INFO] [1790603156.793080756] [depth_angular_controller]: PAPER_BUILD reason=READY required=0.6314 best=3.6668 free=111 refined=0 tubes=201 revoked_tubes=0
[depth_angular_controller-1] [INFO] [1790603156.793125002] [depth_angular_controller]: PAPER_EVIDENCE retained=32 balls=32 revoked_balls=0 expired_views=16 evicted_views=220 radius=0.580 clearance=0.678 best_prefix=3.667
[depth_angular_controller-1] [INFO] [1790603157.766001954] [depth_angular_controller]: PAPER_BUILD reason=READY required=0.6321 best=3.6668 free=141 refined=0 tubes=203 revoked_tubes=0
[depth_angular_controller-1] [INFO] [1790603157.766049287] [depth_angular_controller]: PAPER_EVIDENCE retained=32 balls=32 revoked_balls=0 expired_views=16 evicted_views=224 radius=0.580 clearance=0.678 best_prefix=3.667
[depth_angular_controller-1] [INFO] [1790603157.884249458] [depth_angular_controller]: ANGULAR_STEP_BLOCKED
[depth_angular_controller-1] [INFO] [1790603157.931122856] [depth_angular_controller]: TARGET_HOLD
[depth_angular_controller-1] [INFO] [1790603158.249115062] [depth_angular_controller]: COMPUTE_DEADLINE
[depth_angular_controller-1] [INFO] [1790603158.289228613] [depth_angular_controller]: TARGET_HOLD
[depth_angular_controller-1] [INFO] [1790603158.752178780] [depth_angular_controller]: PAPER_BUILD reason=READY required=0.6205 best=3.6668 free=302 refined=0 tubes=205 revoked_tubes=0
[depth_angular_controller-1] [INFO] [1790603158.752219951] [depth_angular_controller]: PAPER_EVIDENCE retained=32 balls=32 revoked_balls=0 expired_views=16 evicted_views=228 radius=0.580 clearance=0.678 best_prefix=3.667
[depth_angular_controller-1] [INFO] [1790603159.071142077] [depth_angular_controller]: COMPUTE_DEADLINE
[depth_angular_controller-1] [INFO] [1790603159.205830119] [depth_angular_controller]: TARGET_HOLD
[depth_angular_controller-1] [INFO] [1790603159.795541969] [depth_angular_controller]: PAPER_BUILD reason=READY required=0.6077 best=3.6668 free=349 refined=0 tubes=207 revoked_tubes=0
[depth_angular_controller-1] [INFO] [1790603159.795583510] [depth_angular_controller]: PAPER_EVIDENCE retained=32 balls=32 revoked_balls=0 expired_views=16 evicted_views=232 radius=0.580 clearance=0.678 best_prefix=3.667
[position_cmd_to_twist-2] [INFO] [1790603160.547722334] [position_cmd_to_twist]: [PERF BRIDGE] run=continuous8 elapsed=98.34s received=2722 published=2702 fps(ros/wall)=32.09/31.66 controller_to_bridge_ms(mean/p50/p95/max)=24.388/16.667/66.667/450.000 bridge_process_ms(mean/p95/max)=0.116/0.147/2.873
[depth_angular_controller-1] [INFO] [1790603160.589651443] [depth_angular_controller]: COMPUTE_DEADLINE
[NAV] t=85.0s position=(-49.86,-14.54,1.58) yaw=0.0deg command=(0.96,0.00,0.14) manual_active=1 collision_blocks=0
[depth_angular_controller-1] [INFO] [1790603160.683326570] [depth_angular_controller]: [PERF CTRL] run=continuous8 elapsed=98.92s callbacks=2725 commands=2724 guidance=2282 command_fps(ros/wall)=32.05/31.85 guidance_wall_fps=26.98 avoid_ms(mean/p50/p95/max)=6.555/0.574/29.706/452.897 cycle_ms(mean/p95/max)=31.399/69.378/483.979 depth_to_cmd_ms(mean/p95/max)=22.152/33.333/50.000 callback_to_publish_ms(mean/p95/max)=26.373/58.536/483.844
[depth_angular_controller-1] [INFO] [1790603160.731283018] [depth_angular_controller]: TARGET_HOLD
[depth_angular_controller-1] [INFO] [1790603160.826220740] [depth_angular_controller]: COMPUTE_DEADLINE
[depth_angular_controller-1] [INFO] [1790603160.921688037] [depth_angular_controller]: PAPER_BUILD reason=READY required=0.5123 best=3.6668 free=344 refined=0 tubes=209 revoked_tubes=0
[depth_angular_controller-1] [INFO] [1790603160.921723606] [depth_angular_controller]: PAPER_EVIDENCE retained=32 balls=32 revoked_balls=0 expired_views=16 evicted_views=236 radius=0.580 clearance=0.678 best_prefix=3.667
[depth_angular_controller-1] [INFO] [1790603161.045959597] [depth_angular_controller]: TARGET_HOLD
[depth_angular_controller-1] [INFO] [1790603161.190179671] [depth_angular_controller]: COMPUTE_DEADLINE
[depth_angular_controller-1] [INFO] [1790603161.240231142] [depth_angular_controller]: TARGET_HOLD
[depth_angular_controller-1] [INFO] [1790603162.184948447] [depth_angular_controller]: PAPER_BUILD reason=READY required=0.1460 best=0.9205 free=352 refined=0 tubes=211 revoked_tubes=0
[depth_angular_controller-1] [INFO] [1790603162.184986451] [depth_angular_controller]: PAPER_EVIDENCE retained=32 balls=32 revoked_balls=0 expired_views=16 evicted_views=240 radius=0.580 clearance=0.241 best_prefix=0.920
[depth_angular_controller-1] [INFO] [1790603162.817922877] [depth_angular_controller]: BRAKING_FALLBACK
[depth_angular_controller-1] [INFO] [1790603162.919130659] [depth_angular_controller]: TARGET_HOLD
[depth_angular_controller-1] [INFO] [1790603163.137151450] [depth_angular_controller]: PAPER_BUILD reason=READY required=0.0232 best=0.0282 free=352 refined=0 tubes=211 revoked_tubes=0
[depth_angular_controller-1] [INFO] [1790603163.137195566] [depth_angular_controller]: PAPER_EVIDENCE retained=32 balls=32 revoked_balls=0 expired_views=16 evicted_views=244 radius=0.580 clearance=0.036 best_prefix=0.028
[depth_angular_controller-1] [INFO] [1790603163.188391835] [depth_angular_controller]: BRAKING_FALLBACK
[depth_angular_controller-1] [INFO] [1790603163.281005810] [depth_angular_controller]: COMPUTE_DEADLINE
[depth_angular_controller-1] [INFO] [1790603163.324875754] [depth_angular_controller]: TARGET_HOLD
[depth_angular_controller-1] [INFO] [1790603163.671107702] [depth_angular_controller]: COMPUTE_DEADLINE
[depth_angular_controller-1] [INFO] [1790603163.837923579] [depth_angular_controller]: BRAKING_FALLBACK
[depth_angular_controller-1] [INFO] [1790603163.914350636] [depth_angular_controller]: TARGET_HOLD
[depth_angular_controller-1] [INFO] [1790603164.057065734] [depth_angular_controller]: 3D guidance switched to view 1
[depth_angular_controller-1] [INFO] [1790603164.099842404] [depth_angular_controller]: COMPUTE_DEADLINE
[depth_angular_controller-1] [INFO] [1790603164.197782322] [depth_angular_controller]: PAPER_BUILD reason=READY required=0.0544 best=3.6668 free=125 refined=0 tubes=212 revoked_tubes=0
[depth_angular_controller-1] [INFO] [1790603164.197819685] [depth_angular_controller]: PAPER_EVIDENCE retained=32 balls=32 revoked_balls=0 expired_views=16 evicted_views=248 radius=0.580 clearance=0.000 best_prefix=3.667
[depth_angular_controller-1] [INFO] [1790603164.247830261] [depth_angular_controller]: ANGULAR_STEP_BLOCKED
[depth_angular_controller-1] [INFO] [1790603164.300461415] [depth_angular_controller]: 3D guidance switched to view 0
[depth_angular_controller-1] [INFO] [1790603164.307472235] [depth_angular_controller]: TARGET_HOLD
[depth_angular_controller-1] [INFO] [1790603164.518280061] [depth_angular_controller]: OUTSIDE_FLOW_BOX
[depth_angular_controller-1] [INFO] [1790603164.568318602] [depth_angular_controller]: BRAKING_FALLBACK
[depth_angular_controller-1] [INFO] [1790603164.737212941] [depth_angular_controller]: COMPUTE_DEADLINE
[depth_angular_controller-1] [INFO] [1790603164.881707891] [depth_angular_controller]: TARGET_HOLD
[depth_angular_controller-1] [INFO] [1790603165.079031265] [depth_angular_controller]: 3D guidance switched to view 1
[depth_angular_controller-1] [INFO] [1790603165.164310298] [depth_angular_controller]: COMPUTE_DEADLINE
[depth_angular_controller-1] [INFO] [1790603165.164344160] [depth_angular_controller]: PAPER_BUILD reason=READY required=0.0476 best=3.6668 free=111 refined=0 tubes=214 revoked_tubes=0
[depth_angular_controller-1] [INFO] [1790603165.164355431] [depth_angular_controller]: PAPER_EVIDENCE retained=32 balls=32 revoked_balls=0 expired_views=16 evicted_views=252 radius=0.580 clearance=0.000 best_prefix=3.667
[depth_angular_controller-1] [INFO] [1790603165.215356478] [depth_angular_controller]: STATE_OUTSIDE_FREE_DOMAIN
[depth_angular_controller-1] [INFO] [1790603165.306160180] [depth_angular_controller]: COMPUTE_DEADLINE
[depth_angular_controller-1] [INFO] [1790603165.352822226] [depth_angular_controller]: ANGULAR_STEP_BLOCKED
[depth_angular_controller-1] [INFO] [1790603165.467416526] [depth_angular_controller]: COMPUTE_DEADLINE
[depth_angular_controller-1] [INFO] [1790603165.513579616] [depth_angular_controller]: 3D guidance switched to view 0
[depth_angular_controller-1] [INFO] [1790603165.522305617] [depth_angular_controller]: TARGET_HOLD
[position_cmd_to_twist-2] [INFO] [1790603165.628636535] [position_cmd_to_twist]: [PERF BRIDGE] run=continuous8 elapsed=103.42s received=2810 published=2785 fps(ros/wall)=31.26/30.78 controller_to_bridge_ms(mean/p50/p95/max)=25.338/16.667/66.667/450.000 bridge_process_ms(mean/p95/max)=0.116/0.147/2.873
[NAV] t=90.0s position=(-48.80,-14.46,1.77) yaw=32.5deg command=(0.05,-0.00,0.01) manual_active=0 collision_blocks=0
[depth_angular_controller-1] [INFO] [1790603165.729039623] [depth_angular_controller]: [PERF CTRL] run=continuous8 elapsed=103.96s callbacks=2813 commands=2812 guidance=2370 command_fps(ros/wall)=31.25/31.05 guidance_wall_fps=26.44 avoid_ms(mean/p50/p95/max)=6.776/0.668/31.074/452.897 cycle_ms(mean/p95/max)=32.211/71.774/483.979 depth_to_cmd_ms(mean/p95/max)=22.068/33.333/50.000 callback_to_publish_ms(mean/p95/max)=27.273/60.803/483.844
[depth_angular_controller-1] [INFO] [1790603165.774208556] [depth_angular_controller]: ZERO_INTENT
[MANUAL RESULT] TIMEOUT position=(-48.799,-14.463,1.769)
[PERF ISAAC FINAL] run=continuous8 result=MANUAL_TIMEOUT wall=94.60s sim_frames=5643 fps(sim/wall)=60.02/59.65 command_changes=1765 collision_blocks=0 frame_interval_ms(mean/p50/p95/max)=16.669/15.280/18.050/80.681
[107.066s] Simulation App Shutting Down
[depth_angular_controller-1] [INFO] [1790603169.767950297] [rclcpp]: signal_handler(SIGINT/SIGTERM)
[depth_angular_controller-1] [INFO] [1790603169.768821930] [depth_angular_controller]: [PERF CTRL FINAL] run=continuous8 elapsed=108.00s callbacks=2888 commands=2887 guidance=2370 command_fps(ros/wall)=30.70/30.68 guidance_wall_fps=26.44 avoid_ms(mean/p50/p95/max)=6.776/0.668/31.074/452.897 cycle_ms(mean/p95/max)=32.596/71.260/483.979 depth_to_cmd_ms(mean/p95/max)=22.068/33.333/50.000 callback_to_publish_ms(mean/p95/max)=27.759/60.351/483.844
[position_cmd_to_twist-2] [INFO] [1790603169.768969100] [position_cmd_to_twist]: [PERF BRIDGE FINAL] run=continuous8 elapsed=107.56s received=2887 published=2862 fps(ros/wall)=30.70/30.41 controller_to_bridge_ms(mean/p50/p95/max)=26.100/16.667/66.667/450.000 bridge_process_ms(mean/p95/max)=0.117/0.147/2.873
[position_cmd_to_twist-2] Failed to publish log message to rosout: publisher's context is invalid, at ./src/rcl/publisher.c:389
[INFO] [depth_angular_controller-1]: process has finished cleanly [pid 20096]
[INFO] [position_cmd_to_twist-2]: process has finished cleanly [pid 20098]
