[PERF] run=expiry9 log=/home/starry/isaac-data/EGO1P1/performance/continuous_20260928/performance.md
[INPUT] mode=trace scene_mode=cloud
[INFO] [launch]: All log files can be found below /tmp/fov_gvf_ego1p1_isaac_ros_log/2026-09-28-21-50-18-893159-starry-System-Product-Name-21392
[INFO] [launch]: Default logging verbosity is set to INFO
[INFO] [depth_angular_controller-1]: process started with pid [21394]
[INFO] [position_cmd_to_twist-2]: process started with pid [21396]
[depth_angular_controller-1] [INFO] [1790603418.925818145] [depth_angular_controller]: C++ controller commands publish on /position_cmd; horizontal views=4
[ROS CHECK] ROS_DOMAIN_ID=84 /position_cmd publishers=1
Type: pc_gvf_msgs/msg/PositionCommand
Publisher count: 1
Subscription count: 1
/depth_angular_controller
/position_cmd_to_twist
WARNING: All log messages before absl::InitializeLog() is called are written to STDERR
E0000 00:00:1790603419.884598   21438 descriptor_database.cc:633] File already exists in database: grpc/health/v1/health.proto
W0000 00:00:1790603419.884621   21438 message.cc:301] Protobuf GeneratedMessageFactory: File is already registered: grpc/health/v1/health.proto
2026-09-28T13:50:19Z [Info] [carb] Logging to file: /home/starry/isaac-data/isaacsim/kit/logs/Kit/Isaac-Sim Python/6.0/kit_20260928_215019.log
[0.043s] [ext: omni.assets.plugins-0.0.0] startup
[0.044s] [ext: omni.blobkey-1.1.2] startup
[0.044s] [ext: omni.kit.async_engine-0.0.3] startup
[0.316s] [ext: omni.client.lib-1.1.1] startup
[0.324s] [ext: omni.client-1.3.0] startup
[0.326s] [ext: omni.protobuf.lib-1.0.0] startup
[0.327s] [ext: omni.grpc.lib-1.0.0] startup
[0.330s] [ext: omni.metrics.core-0.0.3] startup
[0.330s] [ext: omni.datastore-0.0.0] startup
[0.330s] [ext: omni.gpu_foundation.shadercache.vulkan-1.0.0] startup
[0.332s] [ext: omni.hsscclient-1.1.4] startup
[0.333s] [ext: omni.stats-1.0.1] startup
[0.333s] [ext: omni.ujitso.default-1.0.0] startup
[0.336s] [ext: omni.gpu_foundation-0.0.0] startup
[0.453s] [ext: carb.windowing.plugins-1.0.1] startup
[0.453s] [ext: omni.kit.renderer.init-1.0.1] startup
2026-09-28T13:50:20Z [652ms] [Warning] [omni.rtx] Skipping unsupported non-NVIDIA GPU: AMD Unknown (RADV RAPHAEL_MENDOCINO)
2026-09-28T13:50:20Z [653ms] [Warning] [omni.rtx] Skipping unsupported non-NVIDIA GPU: AMD Unknown (RADV RAPHAEL_MENDOCINO)

|---------------------------------------------------------------------------------------------|
| Driver Version: 580.178.04    | Graphics API: Vulkan
|=============================================================================================|
| GPU | Name                             | Active | LDA | GPU Memory | Vendor-ID | LUID       |
|     |                                  |        |     |            | Device-ID | UUID       |
|     |                                  |        |     |            | Bus-ID    |            |
|---------------------------------------------------------------------------------------------|
| 0   | NVIDIA GeForce RTX 5070          | Yes: 0 |     | 12227   MB | 10de      | 0          |
|     |                                  |        |     |            | 2f04      | 348d89fe.. |
|     |                                  |        |     |            | 1         |            |
|---------------------------------------------------------------------------------------------|
| 1   | AMD Unknown (RADV RAPHAEL_MEND.. |        |     | 10755   MB | 1002      | 0          |
|     |                                  |        |     |            | 13c0      | 00000000.. |
|     |                                  |        |     |            | c         |            |
|=============================================================================================|
| OS: 22.04.5 LTS (Jammy Jellyfish) ubuntu, Version: 22.04.5, Kernel: 6.8.0-138-generic
| XServer Vendor: The X.Org Foundation, XServer Version: 12101004 (1.21.1.4)
| Processor: AMD Ryzen 5 9600X 6-Core Processor
| Cores: 6 | Logical Cores: 12
|---------------------------------------------------------------------------------------------|
| Total Memory (MB): 31241 | Free Memory: 22714
| Total Page/Swap (MB): 15624 | Free Page/Swap: 15624
|---------------------------------------------------------------------------------------------|
2026-09-28T13:50:20Z [851ms] [Warning] [omni.rtx] CPU performance profile is set to powersave. This profile sets the CPU to the lowest frequency reducing performance.
2026-09-28T13:50:20Z [860ms] [Warning] [omni.rtx] IOMMU is enabled.
[0.957s] [ext: omni.kit.pipapi-0.0.0] startup
[0.958s] [ext: omni.kit.pip_archive-0.0.0] startup
[0.958s] [ext: isaacsim.pip.newton-0.6.1] startup
[0.958s] [ext: omni.pip.compute-1.9.2] startup
[0.958s] [ext: omni.isaac.core_archive-5.3.1] startup
[0.959s] [ext: omni.kit.telemetry-0.5.2] startup
[0.973s] [ext: omni.kit.loop-isaac-1.6.0] startup
[0.974s] [ext: omni.kit.test-2.0.7] startup
[1.023s] [ext: omni.materialx.libs-1.0.9] startup
[1.029s] [ext: omni.gpucompute.plugins-0.0.0] startup
[1.030s] [ext: omni.usd.config-1.0.7] startup
[1.032s] [ext: omni.usd.libs-1.0.3] startup
[1.086s] [ext: omni.iray.libs-0.0.1] startup
[1.089s] [ext: omni.mdl-57.0.3] startup
[1.148s] [ext: omni.mdl.neuraylib-0.2.20] startup
[1.150s] [ext: omni.kit.usd.mdl-1.1.9] startup
[1.232s] [ext: omni.appwindow-1.2.2] startup
[1.234s] [ext: omni.kit.renderer.core-1.2.2] startup
2026-09-28T13:50:26Z [6,461ms] [Warning] [carb.windowing-glfw.gamepad] Joystick with unknown remapping detected (will be ignored):  BEITONG BEITONG A2P3A BFM DONGLE [03000000bc2000001c51000011010000]
[6.491s] [ext: omni.kit.renderer.capture-2.0.1] startup
[6.493s] [ext: omni.kit.renderer.imgui-2.0.6] startup
[6.528s] [ext: omni.ui-3.2.0] startup
[6.535s] [ext: omni.kit.mainwindow-1.0.3] startup
[6.535s] [ext: carb.audio-0.1.0] startup
[6.537s] [ext: omni.uiaudio-1.0.0] startup
[6.538s] [ext: omni.kit.uiapp-0.0.0] startup
[6.538s] [ext: omni.usd.schema.metrics.assembler-110.1.0] startup
[6.540s] [ext: omni.usd.schema.audio-0.0.1] startup
[6.542s] [ext: omni.usd_resolver-1.0.0] startup
[6.545s] [ext: omni.usd.core-1.8.3] startup
[6.547s] [ext: omni.metropolis.schema-0.0.3] startup
[6.547s] [ext: isaacsim.anim.robot.schema-0.1.1] startup
[6.548s] [ext: omni.usd.schema.anim-0.0.1] startup
[6.560s] [ext: omni.usd.schema.geospatial-0.0.1] startup
[6.562s] [ext: omni.usd.schema.omnigraph-1.0.1] startup
[6.566s] [ext: omni.usd.schema.semantics-0.0.0] startup
[6.568s] [ext: omni.activity.core-1.0.3] startup
[6.569s] [ext: omni.cubric-0.1.0] startup
[6.569s] [ext: omni.graph.exec-0.9.6] startup
[6.569s] [ext: omni.hydra.scene_delegate-0.3.5] startup
[6.571s] [ext: usdrt.scenegraph-7.6.3] startup
[6.589s] [ext: omni.hydra.usdrt_delegate-7.5.2] startup
[6.593s] [ext: omni.inspect-1.0.2] startup
[6.594s] [ext: omni.kit.actions.core-1.0.0] startup
[6.595s] [ext: omni.kit.audiodeviceenum-1.0.2] startup
[6.596s] [ext: omni.kit.commands-1.5.0] startup
[6.598s] [ext: omni.kit.exec.core-0.13.5] startup
[6.599s] [ext: omni.kit.usd_undo-0.1.8] startup
[6.599s] [ext: omni.kit.window.popup_dialog-2.0.25] startup
[6.602s] [ext: omni.kit.widget.nucleus_connector-2.3.1] startup
[6.604s] [ext: omni.timeline-1.1.0] startup
[6.605s] [ext: omni.usd-1.16.0] startup
[6.630s] [ext: omni.graph.core-3.1.2] startup
[6.632s] [ext: omni.kit.notification_manager-1.0.11] startup
[6.633s] [ext: isaacsim.core.deprecation_manager-0.4.2] startup
[6.634s] [ext: isaacsim.replicator.agent.schema-0.1.1] startup
[6.635s] [ext: isaacsim.robot.schema-6.3.7] startup
[6.639s] [ext: isaacsim.robot_motion.schema-0.2.1] startup
[6.639s] [ext: omni.anim.behavior.schema-110.1.0] startup
[6.642s] [ext: omni.anim.graph.schema-110.1.1] startup
[6.646s] [ext: omni.anim.navigation.schema-110.1.0] startup
[6.649s] [ext: omni.behavior.tree.schema-110.1.0] startup
[6.649s] [ext: omni.isaac.ml_archive-3.3.0] startup
[6.649s] [ext: omni.kit.asset_converter-6.0.1] startup
[6.658s] [ext: omni.pip.cloud-1.5.4] startup
[6.660s] [ext: omni.usd.schema.flow-110.0.0] startup
[6.660s] [ext: omni.usd.schema.mujoco-1.1.1] startup
[6.661s] [ext: omni.usd.schema.newton-1.2.1] startup
[6.661s] [ext: omni.usd.schema.omni_lens_distortion-1.0.0] startup
[6.662s] [ext: omni.usd.schema.omni_projectors-1.0.0] startup
[6.662s] [ext: omni.usd.schema.omni_sensors-0.0.0] startup
[6.668s] [ext: omni.usd.schema.omniscripting-1.0.1] startup
[6.671s] [ext: omni.usd.schema.physical_lighting-0.1.0] startup
[6.673s] [ext: omni.usd.schema.physx-110.1.13] startup
[6.696s] [ext: omni.usd.schema.render_settings.rtx-1.0.2] startup
[6.699s] [ext: omni.usd.schema.usd_particle_field-1.0.0] startup
[6.699s] [ext: isaacsim.core.version-2.1.1] startup
[6.700s] [ext: omni.kit.menu.core-1.2.0] startup
[6.700s] [ext: omni.kit.menu.utils-2.2.4] startup
[6.706s] [ext: isaacsim.app.about-2.3.1] startup
[6.709s] [ext: isaacsim.asset.transformer-1.2.5] startup
[6.712s] [ext: omni.scene.optimizer.core-110.1.0] startup
[6.740s] [ext: isaacsim.asset.importer.utils-1.8.1] startup
[6.742s] [ext: omni.convexdecomposition-110.1.13] startup
[6.744s] [ext: omni.physics-110.1.13] startup
[6.746s] [ext: omni.physx.gpu-110.1.13] startup
[6.746s] [ext: omni.physx.foundation-110.1.13] startup
[6.747s] [ext: omni.usdphysics-110.1.13] startup
[6.748s] [ext: omni.physx.cooking-110.1.13] startup
[6.750s] [ext: omni.physx-110.1.13] startup
[6.756s] [ext: omni.physics.physx-110.1.13] startup
[6.758s] [ext: isaacsim.asset.exporter.urdf-2.0.5] startup
[6.764s] [ext: omni.kit.clipboard-1.1.1] startup
[6.764s] [ext: omni.kit.usd.layers-2.6.1] startup
[6.769s] [ext: omni.kit.widget.context_menu-1.4.0] startup
[6.770s] [ext: omni.kit.context_menu-1.9.0] startup
[6.771s] [ext: omni.kit.helper.file_utils-0.1.10] startup
[6.772s] [ext: omni.kit.widget.nucleus_info-2.0.2] startup
[6.773s] [ext: omni.kit.search_core-1.0.8] startup
[6.773s] [ext: omni.kit.widget.path_field-2.0.13] startup
[6.774s] [ext: omni.kit.widget.browser_bar-2.0.10] startup
[6.774s] [ext: omni.kit.widget.filebrowser-2.13.4] startup
[6.778s] [ext: omni.kit.widget.options_menu-1.1.6] startup
[6.780s] [ext: omni.kit.widget.options_button-1.0.3] startup
[6.780s] [ext: omni.kit.widget.search_delegate-1.0.9] startup
[6.781s] [ext: omni.ui.scene-2.0.3] startup
[6.784s] [ext: omni.kit.window.filepicker-2.15.5] startup
[6.794s] [ext: omni.kit.window.file_importer-1.1.21] startup
[6.795s] [ext: omni.kit.material.library-3.1.2] startup
[6.799s] [ext: isaacsim.asset.transformer.rules-1.7.10] startup
[6.807s] [ext: omni.usdex.libs-2.2.2] startup
[6.812s] [ext: isaacsim.asset.importer.mjcf-3.10.1] startup
[6.814s] [ext: isaacsim.asset.importer.urdf-3.11.2] startup
[6.817s] [ext: omni.kit.primitive.mesh-1.1.0] startup
[6.819s] [ext: omni.kit.stage_template.core-1.1.22] startup
[6.820s] [ext: omni.kit.stage_templates-2.0.2] startup
[6.821s] [ext: omni.usd.metrics.assembler-110.1.2] startup
[6.823s] [ext: omni.warp.core-1.13.0] startup
[6.999s] [ext: isaacsim.core.experimental.utils-0.17.2] startup
[7.000s] [ext: omni.physics.stageupdate-110.1.13] startup
[7.001s] [ext: omni.physics.tensors-110.1.13] startup
[7.004s] [ext: omni.physx.tensors-110.1.13] startup
[7.007s] [ext: isaacsim.core.simulation_manager-1.15.6] startup
[7.017s] [ext: isaacsim.storage.native-1.9.3] startup
[7.018s] [ext: omni.usd.metrics.assembler.physics-110.1.13] startup
[7.019s] [ext: isaacsim.core.utils-4.1.7] startup
[7.020s] [ext: isaacsim.core.prims-0.11.7] startup
[7.870s] [ext: isaacsim.core.api-5.2.13] startup
[7.876s] [ext: isaacsim.core.cloner-1.7.3] startup
[7.877s] [ext: isaacsim.test.docstring-1.3.2] startup
[7.879s] [ext: isaacsim.core.experimental.prims-1.8.9] startup
[7.897s] [ext: isaacsim.core.experimental.primdata-0.3.2] startup
[7.899s] [ext: omni.graph.tools-1.81.0] startup
[7.919s] [ext: omni.graph-1.142.5] startup
[7.951s] [ext: isaacsim.core.experimental.actuators-0.1.2] startup
[7.964s] [ext: isaacsim.core.experimental.materials-0.7.1] startup
[7.966s] [ext: isaacsim.core.experimental.objects-0.8.1] startup
[8.018s] [ext: omni.hydra.engine.stats-1.0.5] startup
[8.019s] [ext: omni.hydra.rtx.shadercache.vulkan-1.0.0] startup
[8.020s] [ext: omni.index.libs-387500.4413.0] startup
[8.020s] [ext: omni.index-1.0.1] startup
[8.021s] [ext: omni.ujitso.client-0.0.0] startup
[8.021s] [ext: omni.usd.schema.playback-1.0.0] startup
[8.024s] [ext: omni.volume-0.5.2] startup
[8.027s] [ext: omni.hydra.rtx-1.0.4] startup
2026-09-28T13:50:27Z [8,017ms] [Warning] [omni.log] Source: omni.hydra was already registered.
[8.048s] [ext: omni.kit.hydra_texture-1.6.0] startup
[8.051s] [ext: omni.kit.raycast.query-1.2.0] startup
[8.054s] [ext: omni.kit.viewport.legacy_gizmos-1.0.24] startup
[8.055s] [ext: omni.kit.viewport.registry-104.0.6] startup
[8.056s] [ext: omni.kit.viewport.scene_camera_model-1.0.7] startup
[8.059s] [ext: omni.kit.widget.viewport-109.2.0] startup
[8.062s] [ext: omni.kit.window.drop_support-1.0.8] startup
[8.063s] [ext: omni.kit.viewport.window-109.0.2] startup
[8.076s] [ext: omni.kit.viewport.utility-2.0.1] startup
[8.077s] [ext: isaacsim.core.rendering_manager-0.4.3] startup
[8.096s] [ext: omni.graph.action_core-1.1.9] startup
[8.098s] [ext: omni.graph.action_nodes_core-2.11.0] startup
[8.099s] [ext: omni.graph.action_nodes-2.11.0] startup
[8.116s] [ext: omni.graph.action-2.10.2] startup
[8.117s] [ext: omni.graph.image.core-0.6.1] startup
[8.117s] [ext: omni.graph.image.nodes-1.3.1] startup
[8.118s] [ext: omni.graph.nodes_core-2.11.0] startup
[8.122s] [ext: omni.graph.nodes-2.12.0] startup
[8.126s] [ext: omni.kit.hotkeys.core-1.3.12] startup
[8.127s] [ext: omni.kit.property.adapter.core-1.1.1] startup
[8.129s] [ext: omni.kit.property.adapter.usd-1.0.5] startup
[8.130s] [ext: omni.kit.widget.filter-1.1.5] startup
[8.131s] [ext: omni.kit.widget.highlight_label-1.0.3] startup
[8.131s] [ext: omni.kit.widget.searchfield-1.1.8] startup
[8.132s] [ext: omni.kit.window.file_exporter-1.0.36] startup
[8.133s] [ext: omni.kit.widget.stage-4.4.0] startup
[8.140s] [ext: omni.kit.window.content_browser_registry-0.0.6] startup
[8.141s] [ext: omni.kit.window.file-2.0.10] startup
[8.143s] [ext: omni.kit.window.content_browser-3.1.8] startup
[8.151s] [ext: omni.kit.window.property-1.15.1] startup
[8.160s] [ext: omni.kit.property.usd-4.9.4] startup
[8.169s] [ext: omni.graph.scriptnode-2.10.2] startup
[8.176s] [ext: omni.kit.widget.searchable_combobox-1.0.7] startup
[8.177s] [ext: omni.kit.widget.settings-2.0.0] startup
[8.179s] [ext: omni.kit.window.preferences-1.8.3] startup
[8.182s] [ext: omni.kit.viewport.menubar.core-107.2.2] startup
[8.192s] [ext: omni.syntheticdata-0.6.15] startup
[8.214s] [ext: omni.replicator.nv-1.1.1] startup
[8.218s] [ext: omni.videoencoding-0.2.1] startup
[8.220s] [ext: omni.replicator.core-1.13.27] startup
2026-09-28T13:50:27Z [8,206ms] [Warning] [pxr.Semantics] pxr.Semantics is deprecated - please use Semantics instead
2026-09-28T13:50:27Z [8,271ms] [Warning] [omni.replicator.core.scripts.extension] No material configuration file, adding configuration to material settings directly.
[8.417s] [ext: isaacsim.core.nodes-5.10.5] startup
[8.442s] [ext: isaacsim.core.throttling-2.3.5] startup
[8.444s] [ext: omni.kit.manipulator.viewport-107.0.1] startup
[8.445s] [ext: omni.graph.visualization.nodes-2.1.4] startup
[8.456s] [ext: omni.kit.window.extensions-1.5.10] startup
[8.460s] [ext: isaacsim.gui.components-1.8.5] startup
[8.464s] [ext: isaacsim.robot.surface_gripper-3.6.2] startup
[8.473s] [ext: isaacsim.robot.manipulators-3.4.4] startup
[8.482s] [ext: isaacsim.robot_motion.lula-4.1.3] startup
[8.487s] [ext: isaacsim.robot_motion.motion_generation-8.2.9] startup
[8.491s] [ext: isaacsim.cortex.framework-1.0.18] startup
[8.493s] [ext: isaacsim.cortex.behaviors-2.0.17] startup
[8.494s] [ext: isaacsim.examples.base-1.3.2] startup
[8.495s] [ext: omni.kit.widget.zoombar-1.0.7] startup
[8.496s] [ext: omni.kit.browser.core-2.3.18] startup
[8.499s] [ext: omni.kit.browser.folder.core-2.0.2] startup
[8.502s] [ext: omni.kit.widget.stage_icons-1.0.8] startup
[8.502s] [ext: omni.kit.window.stage-2.6.1] startup
[8.505s] [ext: omni.kit.menu.stage-1.2.7] startup
[8.506s] [ext: omni.kit.usd.collect-3.0.6] startup
[8.508s] [ext: omni.kit.widget.prompt-1.0.7] startup
[8.509s] [ext: omni.kit.tool.collect-2.2.19] startup
[8.510s] [ext: isaacsim.examples.browser-0.3.2] startup
[8.512s] [ext: omni.kit.search.files-1.0.4] startup
[8.513s] [ext: omni.kit.widget.calendar-1.0.9] startup
[8.514s] [ext: omni.kit.widget.extended_searchfield-1.0.31] startup
[8.520s] [ext: omni.simready.content.browser-0.3.7] startup
[8.604s] [ext: isaacsim.gui.content_browser-0.4.3] startup
[8.606s] [ext: omni.kit.selection-0.1.6] startup
[8.607s] [ext: isaacsim.gui.menu-2.10.5] startup
[8.614s] [ext: isaacsim.gui.property-1.6.4] startup
[8.620s] [ext: omni.kit.viewport.actions-110.0.0] startup
[8.623s] [ext: omni.kit.viewport.menubar.display-107.1.3] startup
[8.625s] [ext: isaacsim.gui.sensors.icon-2.2.1] startup
[8.627s] [ext: omni.behavior.scripting.core-110.1.0] startup
[8.629s] [ext: isaacsim.replicator.behavior-1.5.4] startup
[8.630s] [ext: isaacsim.replicator.experimental.domain_randomization-1.2.5] startup
[8.643s] [ext: isaacsim.replicator.domain_randomization-1.2.2] startup
[8.708s] [ext: isaacsim.replicator.writers-1.5.4] startup
[8.730s] [ext: isaacsim.robot.experimental.wheeled_robots-0.2.11] startup
[8.749s] [ext: isaacsim.robot.policy.examples-5.2.12] startup
[8.766s] [ext: isaacsim.robot.wheeled_robots-5.2.4] startup
[8.769s] [ext: isaacsim.robot.wheeled_robots.nodes-0.1.5] startup
[8.785s] [ext: isaacsim.robot_motion.experimental.motion_generation-6.1.3] startup
[8.795s] [ext: isaacsim.robot_motion.cumotion-1.3.1] startup
[8.807s] [ext: omni.kit.numpy.common-0.1.3] startup
[8.808s] [ext: isaacsim.sensors.camera-1.7.9] startup
[8.834s] [ext: isaacsim.sensors.experimental.physics-3.0.2] startup
[8.841s] [ext: omni.sensors.net-1.0.1] startup
[8.843s] [ext: omni.sensors.nv.common-3.0.0] startup
[8.851s] [ext: omni.sensors.nv.materials-2.0.0] startup
[8.854s] [ext: omni.sensors.nv.acoustic-3.0.0] startup
[8.856s] [ext: omni.sensors.nv.ids-2.0.1] startup
[8.857s] [ext: omni.sensors.nv.lidar-3.0.0] startup
[8.860s] [ext: omni.sensors.nv.radar-3.0.0] startup
[8.862s] [ext: isaacsim.sensors.experimental.rtx-1.4.6] startup
[9.087s] [ext: isaacsim.sensors.physics.nodes-1.5.3] startup
[9.092s] [ext: isaacsim.util.debug_draw-3.2.3] startup
[9.097s] [ext: isaacsim.sensors.physx-2.5.5] startup
[9.103s] [ext: isaacsim.sensors.rtx-15.17.1] startup
[9.112s] [ext: isaacsim.simulation_app-2.18.4] startup
[9.112s] [ext: omni.anim.curve.core-1.6.0] startup
[9.120s] [ext: omni.graph.ui_nodes-2.11.1] startup
[9.140s] [ext: omni.hydra.scene_api-0.1.3] startup
[9.143s] [ext: omni.kit.manipulator.camera-110.0.0] startup
[9.146s] [ext: omni.kit.manipulator.selector-1.1.4] startup
[9.148s] [ext: omni.kit.manipulator.transform-107.0.0] startup
[9.151s] [ext: omni.kit.widget.toolbar-2.1.0] startup
[9.156s] [ext: omni.kit.manipulator.tool.snap-1.5.14] startup
[9.159s] [ext: omni.kit.viewport.manipulator.transform-107.0.4] startup
[9.161s] [ext: omni.kit.manipulator.prim.core-108.0.2] startup
[9.166s] [ext: omni.kit.manipulator.prim.usd-107.0.3] startup
[9.167s] [ext: omni.kit.manipulator.prim-108.0.0] startup
[9.167s] [ext: omni.kit.manipulator.selection-109.0.1] startup
[9.168s] [ext: omni.kit.menu.create-2.0.2] startup
[9.169s] [ext: omni.kit.property.audio-1.0.16] startup
[9.172s] [ext: omni.kit.property.camera-1.0.14] startup
[9.174s] [ext: omni.kit.property.geometry-2.1.2] startup
[9.176s] [ext: omni.kit.property.light-1.0.14] startup
2026-09-28T13:50:28Z [9,178ms] [Warning] [omni.usd] Encountered USD Warnings but USD Diagnostics are currently muted. To view USD Warnings, please set the '/persistent/app/usd/muteUsdDiagnostics' setting to false in Preferences page.
[9.205s] [ext: omni.kit.property.material-1.14.6] startup
[9.209s] [ext: omni.kit.property.render-1.2.2] startup
[9.211s] [ext: omni.kit.property.transform-1.6.9] startup
[9.213s] [ext: omni.kit.property.bundle-1.5.1] startup
[9.214s] [ext: omni.kit.usdz_export-1.1.0] startup
[9.216s] [ext: omni.kit.tool.asset_importer-6.0.1] startup
[9.221s] [ext: omni.kit.ui.actions-1.0.5] startup
[9.222s] [ext: omni.kit.viewport.menubar.camera-107.0.10] startup
[9.226s] [ext: omni.kit.viewport.menubar.lighting-107.3.2] startup
[9.228s] [ext: omni.kit.viewport.menubar.render-110.0.0] startup
[9.230s] [ext: omni.kit.viewport.menubar.settings-110.0.1] startup
[9.233s] [ext: omni.kit.window.console-1.1.9] startup
[9.236s] [ext: omni.kit.window.status_bar-0.1.11] startup
[9.237s] [ext: omni.kit.window.toolbar-3.0.3] startup
[9.239s] [ext: omni.ocio-0.1.1] startup
[9.240s] [ext: omni.physx.commands-110.1.13] startup
[9.243s] [ext: omni.replicator.replicator_yaml-2.0.12] startup
[9.252s] [ext: omni.rtx.window.settings-0.8.0] startup
[9.255s] [ext: omni.rtx.settings.core-0.7.1] startup
[9.258s] [ext: omni.usd.metrics.assembler.ui-110.1.1] startup
[9.263s] [ext: semantics.schema.editor-2.0.2] startup
[9.266s] [ext: semantics.schema.property-2.0.2] startup
[9.267s] [ext: omni.kit.menu.common-2.0.2] startup
[9.268s] [ext: isaacsim.exp.base-6.0.1] startup
[9.268s] [ext: isaacsim.exp.base.python-6.0.1] startup
[9.269s] Simulation App Starting
[10.083s] Simulation App Startup Complete
[10.087s] app ready
Starting kit application with the following args:  ['/home/starry/isaac-data/isaacsim/exts/isaacsim.simulation_app/isaacsim/simulation_app/simulation_app.py', '/home/starry/isaac-data/isaacsim/apps/isaacsim.exp.base.python.kit', '--/app/tokens/exe-path=/home/starry/isaac-data/isaacsim/kit', '--/persistent/app/viewport/displayOptions=3094', '--/rtx/materialDb/syncLoads=True', '--/rtx/hydra/materialSyncLoads=True', '--/omni/kit/plugin/syncUsdLoads=True', '--/app/renderer/resolution/width=1280', '--/app/renderer/resolution/height=720', '--/app/window/width=1440', '--/app/window/height=900', '--/renderer/multiGpu/enabled=False', '--/app/fastShutdown=True', '--/app/installSignalHandlers=0', '--ext-folder', '/home/starry/isaac-data/isaacsim/exts', '--ext-folder', '/home/starry/isaac-data/isaacsim/apps', '--/renderer/activeGpu=0', '--/physics/cudaDevice=0', '--/plugins/carb.tasking.plugin/threadCount=12', '--/plugins/omni.tbb.globalcontrol/maxThreadCount=12', '--portable', '--no-window', '--/app/window/hideUi=1']
Passing the following args to the base kit application:  []
Warp 1.13.0 initialized:
   CUDA Toolkit 12.9, Driver 13.0
   Devices:
     "cpu"      : "x86_64"
     "cuda:0"   : "NVIDIA GeForce RTX 5070" (11 GiB, sm_120, mempool enabled)
   Kernel cache:
     /home/starry/.cache/warp/1.13.0
[LIGHTING] sun=800.0 (1) dome=0.0 (1) ambient=0.05 constant_color=(0.6, 0.65, 0.7)
[RENDER] mode=MinimalRendering minimal_shading_mode=2 anti_aliasing=TAA
[DEPTH CAMERAS] count=4 resolution_each=320x240 horizontal_coverage=360deg
[ESDF] path=/home/starry/isaac-data/EGO1P1/scenes/ego_swarm_cloud/occupancy.bin shape=(400, 300, 50) resolution=0.40m
[depth_angular_controller-1] [INFO] [1790603431.740332011] [depth_angular_controller]: WAITING_VERIFIED_START_POSE
[NAV] t=0.0s position=(-64.00,-11.20,2.80) yaw=0.0deg command=(0.00,0.00,0.00) manual_active=0 collision_blocks=0
[depth_angular_controller-1] [INFO] [1790603432.344358508] [depth_angular_controller]: VERIFIED_FREE_SEED center=(-64.000,-11.200,2.800) radius=2.500 balls=1: verified fixed Cloud free ball; USD and occupancy SHA-256 matched
[depth_angular_controller-1] [INFO] [1790603432.344466474] [depth_angular_controller]: ZERO_INTENT
[depth_angular_controller-1] [INFO] [1790603433.192050850] [depth_angular_controller]: 3D guidance switched to view 0
[depth_angular_controller-1] [INFO] [1790603433.193690846] [depth_angular_controller]: TARGET_HOLD
[depth_angular_controller-1] [INFO] [1790603433.193710263] [depth_angular_controller]: PAPER_BUILD reason=READY required=0.0100 best=3.6217 free=76 refined=0 tubes=0 revoked_tubes=0
[depth_angular_controller-1] [INFO] [1790603433.193717698] [depth_angular_controller]: PAPER_EVIDENCE retained=4 balls=1 revoked_balls=0 expired_views=0 evicted_views=0 radius=0.580 clearance=0.667 best_prefix=3.622
[depth_angular_controller-1] [INFO] [1790603434.212287340] [depth_angular_controller]: PAPER_BUILD reason=READY required=0.5673 best=3.6217 free=111 refined=0 tubes=2 revoked_tubes=0
[depth_angular_controller-1] [INFO] [1790603434.212330031] [depth_angular_controller]: PAPER_EVIDENCE retained=8 balls=5 revoked_balls=0 expired_views=0 evicted_views=0 radius=0.580 clearance=0.667 best_prefix=3.622
[depth_angular_controller-1] [INFO] [1790603434.595867914] [depth_angular_controller]: ANGULAR_STEP_BLOCKED
[depth_angular_controller-1] [INFO] [1790603434.909454386] [depth_angular_controller]: TARGET_HOLD
[depth_angular_controller-1] [INFO] [1790603435.135240095] [depth_angular_controller]: PAPER_BUILD reason=READY required=0.4367 best=3.6217 free=352 refined=0 tubes=3 revoked_tubes=0
[depth_angular_controller-1] [INFO] [1790603435.135280592] [depth_angular_controller]: PAPER_EVIDENCE retained=12 balls=12 revoked_balls=0 expired_views=0 evicted_views=0 radius=0.580 clearance=0.667 best_prefix=3.622
[10.604s] [ext: isaacsim.sensors.rtx.nodes-0.1.2] startup
[10.612s] [ext: isaacsim.ros2.core-1.9.4] startup
[10.625s] Attempting to load system rclpy
[10.626s] Could not import system rclpy: No module named 'rclpy'
[10.626s] Attempting to load internal rclpy for ROS Distro: humble
[10.637s] rclpy loaded
[10.640s] [ext: isaacsim.ros2.nodes-1.18.13] startup
[10.674s] [ext: isaacsim.ros2.examples-1.2.4] startup
[10.678s] [ext: isaacsim.ros2.ui-1.6.5] startup
[10.888s] [ext: isaacsim.ros2.bridge-5.1.2] startup
2026-09-28T13:50:32Z [12,769ms] [Warning] [omni.timeline.plugin] Deprecated: direct use of ITimeline callbacks is deprecated. Use ITimeline::getTimeline (Python: omni.timeline.get_timeline_interface) instead.
[depth_angular_controller-1] [INFO] [1790603436.061304907] [depth_angular_controller]: PAPER_BUILD reason=READY required=0.6194 best=3.6217 free=328 refined=0 tubes=5 revoked_tubes=0
[depth_angular_controller-1] [INFO] [1790603436.061344041] [depth_angular_controller]: PAPER_EVIDENCE retained=16 balls=18 revoked_balls=0 expired_views=0 evicted_views=0 radius=0.580 clearance=0.667 best_prefix=3.622
[depth_angular_controller-1] [INFO] [1790603436.755279738] [depth_angular_controller]: [PERF CTRL] run=expiry9 elapsed=17.83s callbacks=236 commands=236 guidance=185 command_fps(ros/wall)=50.00/46.86 guidance_wall_fps=51.64 avoid_ms(mean/p50/p95/max)=0.672/0.032/4.191/6.522 cycle_ms(mean/p95/max)=21.340/32.619/571.409 depth_to_cmd_ms(mean/p95/max)=31.712/33.333/33.333 callback_to_publish_ms(mean/p95/max)=6.249/10.873/14.840
[position_cmd_to_twist-2] [INFO] [1790603436.970329259] [position_cmd_to_twist]: [PERF BRIDGE] run=expiry9 elapsed=17.93s received=247 published=247 fps(ros/wall)=50.03/47.15 controller_to_bridge_ms(mean/p50/p95/max)=0.067/0.000/0.000/16.667 bridge_process_ms(mean/p95/max)=0.092/0.116/0.186
[NAV] t=5.0s position=(-60.61,-11.20,2.80) yaw=0.0deg command=(1.00,0.00,0.00) manual_active=1 collision_blocks=0
[depth_angular_controller-1] [INFO] [1790603437.044905145] [depth_angular_controller]: PAPER_BUILD reason=READY required=0.6216 best=3.6217 free=352 refined=0 tubes=7 revoked_tubes=0
[depth_angular_controller-1] [INFO] [1790603437.044940272] [depth_angular_controller]: PAPER_EVIDENCE retained=20 balls=25 revoked_balls=0 expired_views=0 evicted_views=0 radius=0.580 clearance=0.667 best_prefix=3.622
[depth_angular_controller-1] [INFO] [1790603438.092773136] [depth_angular_controller]: PAPER_BUILD reason=READY required=0.3507 best=3.6217 free=319 refined=0 tubes=9 revoked_tubes=0
[depth_angular_controller-1] [INFO] [1790603438.092818442] [depth_angular_controller]: PAPER_EVIDENCE retained=24 balls=32 revoked_balls=0 expired_views=0 evicted_views=0 radius=0.580 clearance=0.540 best_prefix=3.622
[depth_angular_controller-1] [INFO] [1790603439.073542723] [depth_angular_controller]: PAPER_BUILD reason=READY required=0.0831 best=1.8133 free=352 refined=0 tubes=10 revoked_tubes=0
[depth_angular_controller-1] [INFO] [1790603439.073583991] [depth_angular_controller]: PAPER_EVIDENCE retained=28 balls=32 revoked_balls=0 expired_views=0 evicted_views=0 radius=0.580 clearance=0.129 best_prefix=1.813
[depth_angular_controller-1] [INFO] [1790603439.465618868] [depth_angular_controller]: BRAKING_FALLBACK
[depth_angular_controller-1] [INFO] [1790603439.527568638] [depth_angular_controller]: TARGET_HOLD
[depth_angular_controller-1] [INFO] [1790603439.741926693] [depth_angular_controller]: BRAKING_FALLBACK
[depth_angular_controller-1] [INFO] [1790603439.805877249] [depth_angular_controller]: TARGET_HOLD
[depth_angular_controller-1] [INFO] [1790603440.115551070] [depth_angular_controller]: BRAKING_FALLBACK
[depth_angular_controller-1] [INFO] [1790603440.122053764] [depth_angular_controller]: PAPER_BUILD reason=READY required=0.0148 best=0.0198 free=352 refined=0 tubes=10 revoked_tubes=0
[depth_angular_controller-1] [INFO] [1790603440.122088961] [depth_angular_controller]: PAPER_EVIDENCE retained=28 balls=32 revoked_balls=0 expired_views=0 evicted_views=0 radius=0.580 clearance=0.021 best_prefix=0.020
[depth_angular_controller-1] [INFO] [1790603440.179450217] [depth_angular_controller]: TARGET_HOLD
[depth_angular_controller-1] [INFO] [1790603440.376709367] [depth_angular_controller]: BRAKING_FALLBACK
[depth_angular_controller-1] [INFO] [1790603440.433746084] [depth_angular_controller]: NO_REGULAR_FIELD
[depth_angular_controller-1] [INFO] [1790603440.576252743] [depth_angular_controller]: COMPUTE_DEADLINE
[depth_angular_controller-1] [INFO] [1790603440.608782474] [depth_angular_controller]: TARGET_HOLD
[depth_angular_controller-1] [INFO] [1790603440.677710213] [depth_angular_controller]: 3D guidance switched to view 1
[depth_angular_controller-1] [INFO] [1790603441.066151931] [depth_angular_controller]: 3D guidance switched to view 0
[depth_angular_controller-1] [INFO] [1790603441.102507614] [depth_angular_controller]: PAPER_BUILD reason=READY required=0.2611 best=3.6217 free=169 refined=0 tubes=11 revoked_tubes=0
[depth_angular_controller-1] [INFO] [1790603441.102549163] [depth_angular_controller]: PAPER_EVIDENCE retained=32 balls=32 revoked_balls=0 expired_views=0 evicted_views=0 radius=0.580 clearance=0.667 best_prefix=3.622
[depth_angular_controller-1] [INFO] [1790603441.758467283] [depth_angular_controller]: [PERF CTRL] run=expiry9 elapsed=22.83s callbacks=481 commands=481 guidance=430 command_fps(ros/wall)=49.40/47.91 guidance_wall_fps=50.08 avoid_ms(mean/p50/p95/max)=1.897/0.385/10.591/93.529 cycle_ms(mean/p95/max)=20.871/34.762/571.409 depth_to_cmd_ms(mean/p95/max)=30.349/33.333/50.000 callback_to_publish_ms(mean/p95/max)=9.391/19.336/104.224
[depth_angular_controller-1] [INFO] [1790603441.851166960] [depth_angular_controller]: TRACKING
[position_cmd_to_twist-2] [INFO] [1790603441.937704321] [position_cmd_to_twist]: [PERF BRIDGE] run=expiry9 elapsed=22.90s received=491 published=490 fps(ros/wall)=49.41/47.97 controller_to_bridge_ms(mean/p50/p95/max)=2.817/0.000/16.667/116.667 bridge_process_ms(mean/p95/max)=0.096/0.122/0.236
[depth_angular_controller-1] [INFO] [1790603441.957897302] [depth_angular_controller]: TARGET_HOLD
[NAV] t=10.0s position=(-58.93,-10.16,2.79) yaw=75.7deg command=(0.25,0.96,-0.01) manual_active=1 collision_blocks=0
[depth_angular_controller-1] [INFO] [1790603442.038427789] [depth_angular_controller]: PAPER_BUILD reason=READY required=0.6148 best=3.6217 free=301 refined=0 tubes=13 revoked_tubes=0
[depth_angular_controller-1] [INFO] [1790603442.038469920] [depth_angular_controller]: PAPER_EVIDENCE retained=32 balls=32 revoked_balls=0 expired_views=0 evicted_views=4 radius=0.580 clearance=0.667 best_prefix=3.622
[depth_angular_controller-1] [INFO] [1790603443.090108710] [depth_angular_controller]: PAPER_BUILD reason=READY required=0.6213 best=3.6217 free=352 refined=0 tubes=15 revoked_tubes=0
[depth_angular_controller-1] [INFO] [1790603443.090152874] [depth_angular_controller]: PAPER_EVIDENCE retained=32 balls=32 revoked_balls=0 expired_views=0 evicted_views=8 radius=0.580 clearance=0.667 best_prefix=3.622
[depth_angular_controller-1] [INFO] [1790603444.038282499] [depth_angular_controller]: PAPER_BUILD reason=READY required=0.6213 best=3.6217 free=352 refined=0 tubes=17 revoked_tubes=0
[depth_angular_controller-1] [INFO] [1790603444.038324409] [depth_angular_controller]: PAPER_EVIDENCE retained=32 balls=32 revoked_balls=0 expired_views=0 evicted_views=12 radius=0.580 clearance=0.667 best_prefix=3.622
[depth_angular_controller-1] [INFO] [1790603445.125308350] [depth_angular_controller]: PAPER_BUILD reason=READY required=0.2164 best=0.9092 free=352 refined=0 tubes=18 revoked_tubes=0
[depth_angular_controller-1] [INFO] [1790603445.125350259] [depth_angular_controller]: PAPER_EVIDENCE retained=32 balls=32 revoked_balls=0 expired_views=0 evicted_views=16 radius=0.580 clearance=0.349 best_prefix=0.909
[depth_angular_controller-1] [INFO] [1790603446.121534357] [depth_angular_controller]: PAPER_BUILD reason=READY required=0.0511 best=0.4571 free=327 refined=0 tubes=19 revoked_tubes=0
[depth_angular_controller-1] [INFO] [1790603446.121575325] [depth_angular_controller]: PAPER_EVIDENCE retained=32 balls=32 revoked_balls=0 expired_views=0 evicted_views=20 radius=0.580 clearance=0.063 best_prefix=0.457
[depth_angular_controller-1] [INFO] [1790603446.136929105] [depth_angular_controller]: BRAKING_FALLBACK
[depth_angular_controller-1] [INFO] [1790603446.211104627] [depth_angular_controller]: TARGET_HOLD
[depth_angular_controller-1] [INFO] [1790603446.418052432] [depth_angular_controller]: BRAKING_FALLBACK
[depth_angular_controller-1] [INFO] [1790603446.557670891] [depth_angular_controller]: 3D guidance switched to view 3
[depth_angular_controller-1] [INFO] [1790603446.558898484] [depth_angular_controller]: TARGET_HOLD
[depth_angular_controller-1] [INFO] [1790603446.657358027] [depth_angular_controller]: STATE_OUTSIDE_FREE_DOMAIN
[depth_angular_controller-1] [INFO] [1790603446.736140640] [depth_angular_controller]: TARGET_HOLD
[depth_angular_controller-1] [INFO] [1790603446.747753742] [depth_angular_controller]: 3D guidance switched to view 0
[depth_angular_controller-1] [INFO] [1790603446.765163406] [depth_angular_controller]: [PERF CTRL] run=expiry9 elapsed=27.84s callbacks=724 commands=724 guidance=673 command_fps(ros/wall)=49.46/48.12 guidance_wall_fps=49.51 avoid_ms(mean/p50/p95/max)=2.327/0.451/13.641/93.529 cycle_ms(mean/p95/max)=20.781/37.027/571.409 depth_to_cmd_ms(mean/p95/max)=29.495/33.333/50.000 callback_to_publish_ms(mean/p95/max)=10.744/23.713/104.224
[depth_angular_controller-1] [INFO] [1790603446.793798591] [depth_angular_controller]: 3D guidance switched to view 3
[depth_angular_controller-1] [INFO] [1790603446.921212690] [depth_angular_controller]: 3D guidance switched to view 0
[position_cmd_to_twist-2] [INFO] [1790603447.034339909] [position_cmd_to_twist]: [PERF BRIDGE] run=expiry9 elapsed=28.00s received=737 published=736 fps(ros/wall)=49.40/48.08 controller_to_bridge_ms(mean/p50/p95/max)=4.387/0.000/16.667/116.667 bridge_process_ms(mean/p95/max)=0.100/0.126/0.819
[depth_angular_controller-1] [INFO] [1790603447.067143182] [depth_angular_controller]: ANGULAR_STEP_BLOCKED
[depth_angular_controller-1] [INFO] [1790603447.078897135] [depth_angular_controller]: REFERENCE_INITIALIZATION
[NAV] t=15.0s position=(-57.56,-7.35,2.74) yaw=14.9deg command=(0.17,-0.04,0.02) manual_active=1 collision_blocks=0
[depth_angular_controller-1] [INFO] [1790603447.107191634] [depth_angular_controller]: TRACKING
[depth_angular_controller-1] [INFO] [1790603447.155344863] [depth_angular_controller]: ANGULAR_STEP_BLOCKED
[depth_angular_controller-1] [INFO] [1790603447.155782668] [depth_angular_controller]: PAPER_BUILD reason=READY required=0.0532 best=3.6217 free=193 refined=0 tubes=20 revoked_tubes=0
[depth_angular_controller-1] [INFO] [1790603447.155917045] [depth_angular_controller]: PAPER_EVIDENCE retained=32 balls=32 revoked_balls=0 expired_views=0 evicted_views=24 radius=0.580 clearance=0.000 best_prefix=3.622
[depth_angular_controller-1] [INFO] [1790603447.169550414] [depth_angular_controller]: TRACKING
[depth_angular_controller-1] [INFO] [1790603447.257566590] [depth_angular_controller]: ANGULAR_STEP_BLOCKED
[depth_angular_controller-1] [INFO] [1790603447.273057554] [depth_angular_controller]: REFERENCE_INITIALIZATION
[depth_angular_controller-1] [INFO] [1790603447.287445614] [depth_angular_controller]: TRACKING
[depth_angular_controller-1] [INFO] [1790603447.346539422] [depth_angular_controller]: ANGULAR_STEP_BLOCKED
[depth_angular_controller-1] [INFO] [1790603447.359097489] [depth_angular_controller]: TRACKING
[depth_angular_controller-1] [INFO] [1790603447.477117958] [depth_angular_controller]: ANGULAR_STEP_BLOCKED
[depth_angular_controller-1] [INFO] [1790603447.492471189] [depth_angular_controller]: TRACKING
[depth_angular_controller-1] [INFO] [1790603447.588883189] [depth_angular_controller]: ANGULAR_STEP_BLOCKED
[depth_angular_controller-1] [INFO] [1790603447.605611544] [depth_angular_controller]: STATE_OUTSIDE_FREE_DOMAIN
[depth_angular_controller-1] [INFO] [1790603447.700575290] [depth_angular_controller]: ANGULAR_STEP_BLOCKED
[depth_angular_controller-1] [INFO] [1790603447.718749204] [depth_angular_controller]: TARGET_HOLD
[depth_angular_controller-1] [INFO] [1790603447.909836609] [depth_angular_controller]: ANGULAR_STEP_BLOCKED
[depth_angular_controller-1] [INFO] [1790603447.927252346] [depth_angular_controller]: STATE_OUTSIDE_FREE_DOMAIN
[depth_angular_controller-1] [INFO] [1790603448.010002895] [depth_angular_controller]: ANGULAR_STEP_BLOCKED
[depth_angular_controller-1] [INFO] [1790603448.074620214] [depth_angular_controller]: PAPER_BUILD reason=READY required=0.0490 best=3.6217 free=113 refined=0 tubes=52 revoked_tubes=0
[depth_angular_controller-1] [INFO] [1790603448.075036138] [depth_angular_controller]: PAPER_EVIDENCE retained=32 balls=32 revoked_balls=0 expired_views=0 evicted_views=28 radius=0.580 clearance=0.000 best_prefix=3.622
[depth_angular_controller-1] [INFO] [1790603448.103380056] [depth_angular_controller]: TARGET_HOLD
[depth_angular_controller-1] [INFO] [1790603448.298529480] [depth_angular_controller]: ANGULAR_STEP_BLOCKED
[depth_angular_controller-1] [INFO] [1790603448.324300006] [depth_angular_controller]: TARGET_HOLD
[depth_angular_controller-1] [INFO] [1790603448.396162353] [depth_angular_controller]: ANGULAR_STEP_BLOCKED
[depth_angular_controller-1] [INFO] [1790603448.420009638] [depth_angular_controller]: TARGET_HOLD
[depth_angular_controller-1] [INFO] [1790603448.514698252] [depth_angular_controller]: ANGULAR_STEP_BLOCKED
[depth_angular_controller-1] [INFO] [1790603448.540110474] [depth_angular_controller]: TARGET_HOLD
[depth_angular_controller-1] [INFO] [1790603448.609704261] [depth_angular_controller]: ANGULAR_STEP_BLOCKED
[depth_angular_controller-1] [INFO] [1790603448.634502822] [depth_angular_controller]: REFERENCE_INITIALIZATION
[depth_angular_controller-1] [INFO] [1790603448.657456421] [depth_angular_controller]: TRACKING
[depth_angular_controller-1] [INFO] [1790603448.704515489] [depth_angular_controller]: ANGULAR_STEP_BLOCKED
[depth_angular_controller-1] [INFO] [1790603448.727324743] [depth_angular_controller]: TRACKING
[depth_angular_controller-1] [INFO] [1790603448.825069499] [depth_angular_controller]: ANGULAR_STEP_BLOCKED
[depth_angular_controller-1] [INFO] [1790603448.850083782] [depth_angular_controller]: REFERENCE_INITIALIZATION
[depth_angular_controller-1] [INFO] [1790603448.923320141] [depth_angular_controller]: ANGULAR_STEP_BLOCKED
[depth_angular_controller-1] [INFO] [1790603448.947592808] [depth_angular_controller]: REFERENCE_INITIALIZATION
[depth_angular_controller-1] [INFO] [1790603449.046546088] [depth_angular_controller]: TARGET_HOLD
[depth_angular_controller-1] [INFO] [1790603449.070379690] [depth_angular_controller]: PAPER_BUILD reason=READY required=0.2604 best=3.6217 free=143 refined=0 tubes=61 revoked_tubes=0
[depth_angular_controller-1] [INFO] [1790603449.070417562] [depth_angular_controller]: PAPER_EVIDENCE retained=32 balls=32 revoked_balls=0 expired_views=0 evicted_views=32 radius=0.580 clearance=0.667 best_prefix=3.622
[depth_angular_controller-1] [INFO] [1790603449.917665374] [depth_angular_controller]: TRACKING
[depth_angular_controller-1] [INFO] [1790603450.087343238] [depth_angular_controller]: TARGET_HOLD
[depth_angular_controller-1] [INFO] [1790603450.106557226] [depth_angular_controller]: ZERO_INTENT
[depth_angular_controller-1] [INFO] [1790603451.780228067] [depth_angular_controller]: [PERF CTRL] run=expiry9 elapsed=32.85s callbacks=930 commands=930 guidance=794 command_fps(ros/wall)=47.00/46.36 guidance_wall_fps=46.94 avoid_ms(mean/p50/p95/max)=3.098/0.608/15.933/93.529 cycle_ms(mean/p95/max)=21.571/43.213/571.409 depth_to_cmd_ms(mean/p95/max)=28.002/33.333/50.000 callback_to_publish_ms(mean/p95/max)=13.225/26.267/104.224
[position_cmd_to_twist-2] [INFO] [1790603451.896968507] [position_cmd_to_twist]: [PERF BRIDGE] run=expiry9 elapsed=32.86s received=936 published=935 fps(ros/wall)=46.98/46.35 controller_to_bridge_ms(mean/p50/p95/max)=8.173/0.000/33.333/116.667 bridge_process_ms(mean/p95/max)=0.102/0.135/1.009
[NAV] t=20.0s position=(-55.91,-7.74,3.16) yaw=-10.0deg command=(0.00,0.00,0.00) manual_active=0 collision_blocks=0
[position_cmd_to_twist-2] [INFO] [1790603456.681625061] [position_cmd_to_twist]: [PERF BRIDGE] run=expiry9 elapsed=37.65s received=1171 published=1170 fps(ros/wall)=46.99/46.88 controller_to_bridge_ms(mean/p50/p95/max)=10.305/0.000/33.333/116.667 bridge_process_ms(mean/p95/max)=0.104/0.135/1.800
[depth_angular_controller-1] [INFO] [1790603456.786703198] [depth_angular_controller]: [PERF CTRL] run=expiry9 elapsed=37.86s callbacks=1174 commands=1174 guidance=794 command_fps(ros/wall)=46.98/46.83 guidance_wall_fps=46.94 avoid_ms(mean/p50/p95/max)=3.098/0.608/15.933/93.529 cycle_ms(mean/p95/max)=21.352/42.196/571.409 depth_to_cmd_ms(mean/p95/max)=28.002/33.333/50.000 callback_to_publish_ms(mean/p95/max)=14.070/25.205/104.224
[NAV] t=25.0s position=(-55.91,-7.74,3.16) yaw=-10.0deg command=(0.00,0.00,0.00) manual_active=0 collision_blocks=0
[position_cmd_to_twist-2] [INFO] [1790603461.428989105] [position_cmd_to_twist]: [PERF BRIDGE] run=expiry9 elapsed=42.40s received=1408 published=1407 fps(ros/wall)=47.06/47.37 controller_to_bridge_ms(mean/p50/p95/max)=11.719/16.667/33.333/116.667 bridge_process_ms(mean/p95/max)=0.103/0.134/1.800
[NAV] t=30.0s position=(-55.91,-7.74,3.16) yaw=-10.0deg command=(0.00,0.00,0.00) manual_active=0 collision_blocks=0
[depth_angular_controller-1] [INFO] [1790603461.802576932] [depth_angular_controller]: [PERF CTRL] run=expiry9 elapsed=42.88s callbacks=1429 commands=1429 guidance=794 command_fps(ros/wall)=47.05/47.50 guidance_wall_fps=46.94 avoid_ms(mean/p50/p95/max)=3.098/0.608/15.933/93.529 cycle_ms(mean/p95/max)=21.052/41.638/571.409 depth_to_cmd_ms(mean/p95/max)=28.002/33.333/50.000 callback_to_publish_ms(mean/p95/max)=14.637/24.685/104.224
[position_cmd_to_twist-2] [INFO] [1790603465.791508703] [position_cmd_to_twist]: [PERF BRIDGE] run=expiry9 elapsed=46.76s received=1638 published=1637 fps(ros/wall)=46.91/48.05 controller_to_bridge_ms(mean/p50/p95/max)=12.841/16.667/33.333/116.667 bridge_process_ms(mean/p95/max)=0.103/0.135/1.800
[NAV] t=35.0s position=(-55.91,-7.74,3.16) yaw=-10.0deg command=(0.00,0.00,0.00) manual_active=0 collision_blocks=0
[depth_angular_controller-1] [INFO] [1790603466.803757109] [depth_angular_controller]: [PERF CTRL] run=expiry9 elapsed=47.88s callbacks=1689 commands=1689 guidance=794 command_fps(ros/wall)=46.85/48.14 guidance_wall_fps=46.94 avoid_ms(mean/p50/p95/max)=3.098/0.608/15.933/93.529 cycle_ms(mean/p95/max)=20.772/40.220/571.409 depth_to_cmd_ms(mean/p95/max)=28.002/33.333/50.000 callback_to_publish_ms(mean/p95/max)=15.092/23.713/104.224
[position_cmd_to_twist-2] [INFO] [1790603470.077021556] [position_cmd_to_twist]: [PERF BRIDGE] run=expiry9 elapsed=51.04s received=1864 published=1863 fps(ros/wall)=46.69/48.58 controller_to_bridge_ms(mean/p50/p95/max)=13.725/16.667/33.333/116.667 bridge_process_ms(mean/p95/max)=0.103/0.137/1.800
[NAV] t=40.0s position=(-55.91,-7.74,3.16) yaw=-10.0deg command=(0.00,0.00,0.00) manual_active=0 collision_blocks=0
[depth_angular_controller-1] [INFO] [1790603471.805639871] [depth_angular_controller]: [PERF CTRL] run=expiry9 elapsed=52.88s callbacks=1958 commands=1958 guidance=794 command_fps(ros/wall)=46.71/48.85 guidance_wall_fps=46.94 avoid_ms(mean/p50/p95/max)=3.098/0.608/15.933/93.529 cycle_ms(mean/p95/max)=20.473/36.070/571.409 depth_to_cmd_ms(mean/p95/max)=28.002/33.333/50.000 callback_to_publish_ms(mean/p95/max)=15.431/23.256/104.224
[position_cmd_to_twist-2] [INFO] [1790603474.673107756] [position_cmd_to_twist]: [PERF BRIDGE] run=expiry9 elapsed=55.64s received=2094 published=2093 fps(ros/wall)=46.63/48.75 controller_to_bridge_ms(mean/p50/p95/max)=14.406/16.667/33.333/116.667 bridge_process_ms(mean/p95/max)=0.103/0.135/1.800
[NAV] t=45.0s position=(-55.91,-7.74,3.16) yaw=-10.0deg command=(0.00,0.00,0.00) manual_active=0 collision_blocks=0
[depth_angular_controller-1] [INFO] [1790603476.816868785] [depth_angular_controller]: [PERF CTRL] run=expiry9 elapsed=57.89s callbacks=2203 commands=2203 guidance=794 command_fps(ros/wall)=46.62/48.85 guidance_wall_fps=46.94 avoid_ms(mean/p50/p95/max)=3.098/0.608/15.933/93.529 cycle_ms(mean/p95/max)=20.471/34.885/571.409 depth_to_cmd_ms(mean/p95/max)=28.002/33.333/50.000 callback_to_publish_ms(mean/p95/max)=15.670/22.541/104.224
[position_cmd_to_twist-2] [INFO] [1790603479.304956388] [position_cmd_to_twist]: [PERF BRIDGE] run=expiry9 elapsed=60.27s received=2326 published=2325 fps(ros/wall)=46.59/48.87 controller_to_bridge_ms(mean/p50/p95/max)=14.925/16.667/33.333/116.667 bridge_process_ms(mean/p95/max)=0.104/0.135/2.196
[NAV] t=50.0s position=(-55.91,-7.74,3.16) yaw=-10.0deg command=(0.00,0.00,0.00) manual_active=0 collision_blocks=0
[depth_angular_controller-1] [INFO] [1790603481.828233010] [depth_angular_controller]: [PERF CTRL] run=expiry9 elapsed=62.90s callbacks=2452 commands=2452 guidance=794 command_fps(ros/wall)=46.54/48.93 guidance_wall_fps=46.94 avoid_ms(mean/p50/p95/max)=3.098/0.608/15.933/93.529 cycle_ms(mean/p95/max)=20.436/34.574/571.409 depth_to_cmd_ms(mean/p95/max)=28.002/33.333/50.000 callback_to_publish_ms(mean/p95/max)=15.864/22.113/104.224
[position_cmd_to_twist-2] [INFO] [1790603483.762494584] [position_cmd_to_twist]: [PERF BRIDGE] run=expiry9 elapsed=64.73s received=2556 published=2555 fps(ros/wall)=46.54/49.11 controller_to_bridge_ms(mean/p50/p95/max)=15.369/16.667/33.333/116.667 bridge_process_ms(mean/p95/max)=0.105/0.135/2.196
[NAV] t=55.0s position=(-55.91,-7.74,3.16) yaw=-10.0deg command=(0.00,0.00,0.00) manual_active=0 collision_blocks=0
[depth_angular_controller-1] [INFO] [1790603486.889763034] [depth_angular_controller]: [PERF CTRL] run=expiry9 elapsed=67.96s callbacks=2713 commands=2713 guidance=794 command_fps(ros/wall)=46.54/49.18 guidance_wall_fps=46.94 avoid_ms(mean/p50/p95/max)=3.098/0.608/15.933/93.529 cycle_ms(mean/p95/max)=20.335/33.407/571.409 depth_to_cmd_ms(mean/p95/max)=28.002/33.333/50.000 callback_to_publish_ms(mean/p95/max)=15.999/21.826/104.224
[position_cmd_to_twist-2] [INFO] [1790603488.376326871] [position_cmd_to_twist]: [PERF BRIDGE] run=expiry9 elapsed=69.34s received=2788 published=2787 fps(ros/wall)=46.53/49.20 controller_to_bridge_ms(mean/p50/p95/max)=15.692/16.667/33.333/116.667 bridge_process_ms(mean/p95/max)=0.105/0.135/2.196
[NAV] t=60.0s position=(-55.91,-7.74,3.16) yaw=-10.0deg command=(0.00,0.00,0.00) manual_active=0 collision_blocks=0
[depth_angular_controller-1] [INFO] [1790603491.903305176] [depth_angular_controller]: [PERF CTRL] run=expiry9 elapsed=72.98s callbacks=2968 commands=2968 guidance=794 command_fps(ros/wall)=46.58/49.32 guidance_wall_fps=46.94 avoid_ms(mean/p50/p95/max)=3.098/0.608/15.933/93.529 cycle_ms(mean/p95/max)=20.277/33.269/571.409 depth_to_cmd_ms(mean/p95/max)=28.002/33.333/50.000 callback_to_publish_ms(mean/p95/max)=16.099/21.574/104.224
[position_cmd_to_twist-2] [INFO] [1790603493.098831604] [position_cmd_to_twist]: [PERF BRIDGE] run=expiry9 elapsed=74.07s received=3028 published=3027 fps(ros/wall)=46.64/49.34 controller_to_bridge_ms(mean/p50/p95/max)=15.902/16.667/33.333/116.667 bridge_process_ms(mean/p95/max)=0.105/0.135/2.196
[NAV] t=65.0s position=(-55.91,-7.74,3.16) yaw=-10.0deg command=(0.00,0.00,0.00) manual_active=0 collision_blocks=0
[depth_angular_controller-1] [INFO] [1790603496.923531581] [depth_angular_controller]: [PERF CTRL] run=expiry9 elapsed=78.00s callbacks=3222 commands=3222 guidance=794 command_fps(ros/wall)=46.79/49.41 guidance_wall_fps=46.94 avoid_ms(mean/p50/p95/max)=3.098/0.608/15.933/93.529 cycle_ms(mean/p95/max)=20.237/33.269/571.409 depth_to_cmd_ms(mean/p95/max)=28.002/33.333/50.000 callback_to_publish_ms(mean/p95/max)=16.045/21.461/104.224
[position_cmd_to_twist-2] [INFO] [1790603497.888064701] [position_cmd_to_twist]: [PERF BRIDGE] run=expiry9 elapsed=78.85s received=3275 published=3274 fps(ros/wall)=46.84/49.49 controller_to_bridge_ms(mean/p50/p95/max)=15.817/16.667/33.333/116.667 bridge_process_ms(mean/p95/max)=0.105/0.135/2.196
[NAV] t=70.0s position=(-55.91,-7.74,3.16) yaw=-10.0deg command=(0.00,0.00,0.00) manual_active=0 collision_blocks=0
[depth_angular_controller-1] [INFO] [1790603501.929173720] [depth_angular_controller]: [PERF CTRL] run=expiry9 elapsed=83.00s callbacks=3502 commands=3502 guidance=794 command_fps(ros/wall)=47.01/49.88 guidance_wall_fps=46.94 avoid_ms(mean/p50/p95/max)=3.098/0.608/15.933/93.529 cycle_ms(mean/p95/max)=20.048/32.660/571.409 depth_to_cmd_ms(mean/p95/max)=28.002/33.333/50.000 callback_to_publish_ms(mean/p95/max)=15.770/21.317/104.224
[position_cmd_to_twist-2] [INFO] [1790603502.294647272] [position_cmd_to_twist]: [PERF BRIDGE] run=expiry9 elapsed=83.26s received=3525 published=3524 fps(ros/wall)=47.04/49.93 controller_to_bridge_ms(mean/p50/p95/max)=15.191/16.667/33.333/116.667 bridge_process_ms(mean/p95/max)=0.105/0.134/2.196
[NAV] t=75.0s position=(-55.91,-7.74,3.16) yaw=-10.0deg command=(0.00,0.00,0.00) manual_active=0 collision_blocks=0
[position_cmd_to_twist-2] [INFO] [1790603506.731603616] [position_cmd_to_twist]: [PERF BRIDGE] run=expiry9 elapsed=87.70s received=3773 published=3772 fps(ros/wall)=47.21/50.30 controller_to_bridge_ms(mean/p50/p95/max)=14.502/16.667/33.333/116.667 bridge_process_ms(mean/p95/max)=0.105/0.135/2.196
[NAV] t=80.0s position=(-55.91,-7.74,3.16) yaw=-10.0deg command=(0.00,0.00,0.00) manual_active=0 collision_blocks=0
[depth_angular_controller-1] [INFO] [1790603506.931341267] [depth_angular_controller]: [PERF CTRL] run=expiry9 elapsed=88.01s callbacks=3786 commands=3786 guidance=794 command_fps(ros/wall)=47.21/50.34 guidance_wall_fps=46.94 avoid_ms(mean/p50/p95/max)=3.098/0.608/15.933/93.529 cycle_ms(mean/p95/max)=19.865/32.407/571.409 depth_to_cmd_ms(mean/p95/max)=28.002/33.333/50.000 callback_to_publish_ms(mean/p95/max)=15.487/21.253/104.224
[position_cmd_to_twist-2] [INFO] [1790603511.092800471] [position_cmd_to_twist]: [PERF BRIDGE] run=expiry9 elapsed=92.06s received=4024 published=4023 fps(ros/wall)=47.38/50.69 controller_to_bridge_ms(mean/p50/p95/max)=13.896/16.667/33.333/116.667 bridge_process_ms(mean/p95/max)=0.105/0.134/2.196
[NAV] t=85.0s position=(-55.91,-7.74,3.16) yaw=-10.0deg command=(0.00,0.00,0.00) manual_active=1 collision_blocks=0
[depth_angular_controller-1] [INFO] [1790603511.173396788] [depth_angular_controller]: 3D guidance switched to view 1
[depth_angular_controller-1] [INFO] [1790603511.176101321] [depth_angular_controller]: TARGET_HOLD
[depth_angular_controller-1] [INFO] [1790603511.176122481] [depth_angular_controller]: PAPER_BUILD reason=READY required=0.0100 best=0.0150 free=352 refined=0 tubes=63 revoked_tubes=0
[depth_angular_controller-1] [INFO] [1790603511.176131759] [depth_angular_controller]: PAPER_EVIDENCE retained=4 balls=32 revoked_balls=0 expired_views=32 evicted_views=40 radius=0.580 clearance=0.101 best_prefix=0.015
[depth_angular_controller-1] [INFO] [1790603511.639890685] [depth_angular_controller]: BRAKING_FALLBACK
[depth_angular_controller-1] [INFO] [1790603511.675294129] [depth_angular_controller]: TARGET_HOLD
[depth_angular_controller-1] [INFO] [1790603511.872811513] [depth_angular_controller]: BRAKING_FALLBACK
[depth_angular_controller-1] [INFO] [1790603511.913931572] [depth_angular_controller]: TARGET_HOLD
[depth_angular_controller-1] [INFO] [1790603511.942743204] [depth_angular_controller]: [PERF CTRL] run=expiry9 elapsed=93.02s callbacks=4064 commands=4064 guidance=830 command_fps(ros/wall)=47.40/50.66 guidance_wall_fps=10.53 avoid_ms(mean/p50/p95/max)=2.989/0.542/15.817/93.529 cycle_ms(mean/p95/max)=19.740/32.270/571.409 depth_to_cmd_ms(mean/p95/max)=28.173/33.333/50.000 callback_to_publish_ms(mean/p95/max)=15.255/21.059/104.224
[depth_angular_controller-1] [INFO] [1790603512.049959970] [depth_angular_controller]: BRAKING_FALLBACK
[depth_angular_controller-1] [INFO] [1790603512.096417693] [depth_angular_controller]: 3D guidance switched to view 0
[depth_angular_controller-1] [INFO] [1790603512.096663534] [depth_angular_controller]: TARGET_HOLD
[depth_angular_controller-1] [INFO] [1790603512.227578462] [depth_angular_controller]: PAPER_BUILD reason=READY required=0.0100 best=0.0150 free=352 refined=0 tubes=64 revoked_tubes=0
[depth_angular_controller-1] [INFO] [1790603512.227612167] [depth_angular_controller]: PAPER_EVIDENCE retained=8 balls=32 revoked_balls=0 expired_views=32 evicted_views=40 radius=0.580 clearance=0.021 best_prefix=0.015
[depth_angular_controller-1] [INFO] [1790603512.292366282] [depth_angular_controller]: BRAKING_FALLBACK
[depth_angular_controller-1] [INFO] [1790603512.327085839] [depth_angular_controller]: TARGET_HOLD
[depth_angular_controller-1] [INFO] [1790603512.415124889] [depth_angular_controller]: BRAKING_FALLBACK
[depth_angular_controller-1] [INFO] [1790603512.454319011] [depth_angular_controller]: TARGET_HOLD
[depth_angular_controller-1] [INFO] [1790603512.512892493] [depth_angular_controller]: 3D guidance switched to view 1
[depth_angular_controller-1] [INFO] [1790603513.028067786] [depth_angular_controller]: ANGULAR_STEP_BLOCKED
[depth_angular_controller-1] [INFO] [1790603513.058028847] [depth_angular_controller]: TARGET_HOLD
[depth_angular_controller-1] [INFO] [1790603513.155150573] [depth_angular_controller]: ANGULAR_STEP_BLOCKED
[depth_angular_controller-1] [INFO] [1790603513.171257673] [depth_angular_controller]: STATE_OUTSIDE_FREE_DOMAIN
[depth_angular_controller-1] [INFO] [1790603513.204532766] [depth_angular_controller]: PAPER_BUILD reason=READY required=0.3488 best=0.9092 free=4 refined=0 tubes=65 revoked_tubes=0
[depth_angular_controller-1] [INFO] [1790603513.204566881] [depth_angular_controller]: PAPER_EVIDENCE retained=12 balls=32 revoked_balls=0 expired_views=32 evicted_views=40 radius=0.580 clearance=0.000 best_prefix=0.909
[depth_angular_controller-1] [INFO] [1790603513.269224259] [depth_angular_controller]: TARGET_HOLD
[depth_angular_controller-1] [INFO] [1790603513.547401282] [depth_angular_controller]: ANGULAR_STEP_BLOCKED
[depth_angular_controller-1] [INFO] [1790603513.563600698] [depth_angular_controller]: STATE_OUTSIDE_FREE_DOMAIN
[depth_angular_controller-1] [INFO] [1790603513.589937694] [depth_angular_controller]: 3D guidance switched to view 0
[depth_angular_controller-1] [INFO] [1790603513.641581721] [depth_angular_controller]: SINGULAR_FIELD
[depth_angular_controller-1] [INFO] [1790603513.861295588] [depth_angular_controller]: TARGET_HOLD
[depth_angular_controller-1] [INFO] [1790603514.086486741] [depth_angular_controller]: ANGULAR_STEP_BLOCKED
[depth_angular_controller-1] [INFO] [1790603514.105702481] [depth_angular_controller]: STATE_OUTSIDE_FREE_DOMAIN
[depth_angular_controller-1] [INFO] [1790603514.124846934] [depth_angular_controller]: TARGET_HOLD
[depth_angular_controller-1] [INFO] [1790603514.279029435] [depth_angular_controller]: PAPER_BUILD reason=READY required=0.1621 best=0.4571 free=151 refined=0 tubes=66 revoked_tubes=0
[depth_angular_controller-1] [INFO] [1790603514.279072708] [depth_angular_controller]: PAPER_EVIDENCE retained=16 balls=32 revoked_balls=0 expired_views=32 evicted_views=40 radius=0.580 clearance=0.280 best_prefix=0.457
[depth_angular_controller-1] [INFO] [1790603515.039546159] [depth_angular_controller]: ANGULAR_STEP_BLOCKED
[depth_angular_controller-1] [INFO] [1790603515.063856896] [depth_angular_controller]: TARGET_HOLD
[depth_angular_controller-1] [INFO] [1790603515.223345234] [depth_angular_controller]: PAPER_BUILD reason=READY required=0.0361 best=0.0411 free=227 refined=0 tubes=67 revoked_tubes=0
[depth_angular_controller-1] [INFO] [1790603515.223385250] [depth_angular_controller]: PAPER_EVIDENCE retained=20 balls=32 revoked_balls=0 expired_views=32 evicted_views=40 radius=0.580 clearance=0.047 best_prefix=0.041
[depth_angular_controller-1] [INFO] [1790603515.247866324] [depth_angular_controller]: ANGULAR_STEP_BLOCKED
[depth_angular_controller-1] [INFO] [1790603515.272614279] [depth_angular_controller]: STATE_OUTSIDE_FREE_DOMAIN
[depth_angular_controller-1] [INFO] [1790603515.414010979] [depth_angular_controller]: TARGET_HOLD
[depth_angular_controller-1] [INFO] [1790603515.434474282] [depth_angular_controller]: 3D guidance switched to view 3
[depth_angular_controller-1] [INFO] [1790603515.591045278] [depth_angular_controller]: 3D guidance switched to view 0
[depth_angular_controller-1] [INFO] [1790603515.705534033] [depth_angular_controller]: ANGULAR_STEP_BLOCKED
[depth_angular_controller-1] [INFO] [1790603515.728280502] [depth_angular_controller]: TARGET_HOLD
[depth_angular_controller-1] [INFO] [1790603515.824127806] [depth_angular_controller]: ANGULAR_STEP_BLOCKED
[depth_angular_controller-1] [INFO] [1790603515.844181213] [depth_angular_controller]: TARGET_HOLD
[depth_angular_controller-1] [INFO] [1790603515.950582507] [depth_angular_controller]: ANGULAR_STEP_BLOCKED
[depth_angular_controller-1] [INFO] [1790603515.973287656] [depth_angular_controller]: TARGET_HOLD
[depth_angular_controller-1] [INFO] [1790603516.064155634] [depth_angular_controller]: ANGULAR_STEP_BLOCKED
[depth_angular_controller-1] [INFO] [1790603516.084347688] [depth_angular_controller]: TARGET_HOLD
[depth_angular_controller-1] [INFO] [1790603516.248283788] [depth_angular_controller]: ANGULAR_STEP_BLOCKED
[position_cmd_to_twist-2] [INFO] [1790603516.254429589] [position_cmd_to_twist]: [PERF BRIDGE] run=expiry9 elapsed=97.22s received=4260 published=4259 fps(ros/wall)=47.38/50.39 controller_to_bridge_ms(mean/p50/p95/max)=13.928/16.667/33.333/116.667 bridge_process_ms(mean/p95/max)=0.106/0.134/3.156
[depth_angular_controller-1] [INFO] [1790603516.279576111] [depth_angular_controller]: TARGET_HOLD
[NAV] t=90.0s position=(-57.13,-7.52,2.91) yaw=154.2deg command=(-0.10,0.05,-0.04) manual_active=1 collision_blocks=0
[depth_angular_controller-1] [INFO] [1790603516.366870701] [depth_angular_controller]: PAPER_BUILD reason=READY required=0.0347 best=0.0397 free=216 refined=0 tubes=91 revoked_tubes=0
[depth_angular_controller-1] [INFO] [1790603516.366910056] [depth_angular_controller]: PAPER_EVIDENCE retained=24 balls=32 revoked_balls=0 expired_views=32 evicted_views=40 radius=0.580 clearance=0.056 best_prefix=0.040
[depth_angular_controller-1] [INFO] [1790603516.548207335] [depth_angular_controller]: OUTSIDE_FLOW_BOX
[depth_angular_controller-1] [INFO] [1790603516.577824246] [depth_angular_controller]: STATE_OUTSIDE_FREE_DOMAIN
[depth_angular_controller-1] [INFO] [1790603516.655065545] [depth_angular_controller]: TARGET_HOLD
[depth_angular_controller-1] [INFO] [1790603516.719081874] [depth_angular_controller]: 3D guidance switched to view 3
[depth_angular_controller-1] [INFO] [1790603516.780608071] [depth_angular_controller]: 3D guidance switched to view 0
[depth_angular_controller-1] [INFO] [1790603516.952174456] [depth_angular_controller]: [PERF CTRL] run=expiry9 elapsed=98.03s callbacks=4281 commands=4281 guidance=1047 command_fps(ros/wall)=47.33/50.23 guidance_wall_fps=12.49 avoid_ms(mean/p50/p95/max)=2.505/0.373/14.872/93.529 cycle_ms(mean/p95/max)=19.909/32.407/571.409 depth_to_cmd_ms(mean/p95/max)=27.030/33.333/50.000 callback_to_publish_ms(mean/p95/max)=15.438/21.676/104.224
[depth_angular_controller-1] [INFO] [1790603517.018582672] [depth_angular_controller]: ANGULAR_STEP_BLOCKED
[depth_angular_controller-1] [INFO] [1790603517.055427101] [depth_angular_controller]: STATE_OUTSIDE_FREE_DOMAIN
[depth_angular_controller-1] [INFO] [1790603517.115584981] [depth_angular_controller]: 3D guidance switched to view 3
[depth_angular_controller-1] [INFO] [1790603517.119246480] [depth_angular_controller]: TARGET_HOLD
[depth_angular_controller-1] [INFO] [1790603517.400648172] [depth_angular_controller]: BRAKING_FALLBACK
[depth_angular_controller-1] [INFO] [1790603517.428144491] [depth_angular_controller]: 3D guidance switched to view 0
[depth_angular_controller-1] [INFO] [1790603517.429851033] [depth_angular_controller]: OUTSIDE_FLOW_BOX
[depth_angular_controller-1] [INFO] [1790603517.456436446] [depth_angular_controller]: BRAKING_FALLBACK
[depth_angular_controller-1] [INFO] [1790603517.536854734] [depth_angular_controller]: TARGET_HOLD
[depth_angular_controller-1] [INFO] [1790603517.536887687] [depth_angular_controller]: PAPER_BUILD reason=READY required=0.0358 best=0.0408 free=216 refined=0 tubes=116 revoked_tubes=0
[depth_angular_controller-1] [INFO] [1790603517.536920259] [depth_angular_controller]: PAPER_EVIDENCE retained=28 balls=32 revoked_balls=0 expired_views=32 evicted_views=40 radius=0.580 clearance=0.038 best_prefix=0.041
[depth_angular_controller-1] [INFO] [1790603517.733230456] [depth_angular_controller]: OUTSIDE_FLOW_BOX
[depth_angular_controller-1] [INFO] [1790603517.767686957] [depth_angular_controller]: STATE_OUTSIDE_FREE_DOMAIN
[depth_angular_controller-1] [INFO] [1790603517.885647862] [depth_angular_controller]: TARGET_HOLD
[depth_angular_controller-1] [INFO] [1790603518.247052572] [depth_angular_controller]: NO_REGULAR_FIELD
[depth_angular_controller-1] [INFO] [1790603518.366441057] [depth_angular_controller]: TARGET_HOLD
[depth_angular_controller-1] [INFO] [1790603518.520259655] [depth_angular_controller]: BRAKING_FALLBACK
[depth_angular_controller-1] [INFO] [1790603518.592842941] [depth_angular_controller]: TARGET_HOLD
[depth_angular_controller-1] [INFO] [1790603518.630883557] [depth_angular_controller]: PAPER_BUILD reason=READY required=0.0107 best=0.0157 free=169 refined=0 tubes=125 revoked_tubes=0
[depth_angular_controller-1] [INFO] [1790603518.630920478] [depth_angular_controller]: PAPER_EVIDENCE retained=32 balls=32 revoked_balls=0 expired_views=32 evicted_views=40 radius=0.580 clearance=0.017 best_prefix=0.016
[depth_angular_controller-1] [INFO] [1790603518.752953492] [depth_angular_controller]: BRAKING_FALLBACK
[depth_angular_controller-1] [INFO] [1790603518.819466391] [depth_angular_controller]: REFERENCE_INITIALIZATION
[depth_angular_controller-1] [INFO] [1790603518.856963995] [depth_angular_controller]: BRAKING_FALLBACK
[depth_angular_controller-1] [INFO] [1790603518.901408778] [depth_angular_controller]: TARGET_HOLD
[depth_angular_controller-1] [INFO] [1790603518.982960137] [depth_angular_controller]: 3D guidance switched to view 3
[depth_angular_controller-1] [INFO] [1790603519.026770416] [depth_angular_controller]: ANGULAR_STEP_BLOCKED
[depth_angular_controller-1] [INFO] [1790603519.063929987] [depth_angular_controller]: REFERENCE_INITIALIZATION
[depth_angular_controller-1] [INFO] [1790603519.139851831] [depth_angular_controller]: ANGULAR_STEP_BLOCKED
[depth_angular_controller-1] [INFO] [1790603519.172166894] [depth_angular_controller]: TARGET_HOLD
[depth_angular_controller-1] [INFO] [1790603519.318490219] [depth_angular_controller]: ANGULAR_STEP_BLOCKED
[depth_angular_controller-1] [INFO] [1790603519.358814858] [depth_angular_controller]: TARGET_HOLD
[depth_angular_controller-1] [INFO] [1790603519.445272962] [depth_angular_controller]: ANGULAR_STEP_BLOCKED
[depth_angular_controller-1] [INFO] [1790603519.491552727] [depth_angular_controller]: TARGET_HOLD
[depth_angular_controller-1] [INFO] [1790603519.628135689] [depth_angular_controller]: PAPER_BUILD reason=READY required=0.1494 best=0.9092 free=5 refined=0 tubes=137 revoked_tubes=0
[depth_angular_controller-1] [INFO] [1790603519.628556736] [depth_angular_controller]: PAPER_EVIDENCE retained=32 balls=32 revoked_balls=0 expired_views=32 evicted_views=44 radius=0.580 clearance=0.667 best_prefix=0.909
[depth_angular_controller-1] [INFO] [1790603519.676411221] [depth_angular_controller]: ANGULAR_STEP_BLOCKED
[depth_angular_controller-1] [INFO] [1790603519.721407406] [depth_angular_controller]: STATE_OUTSIDE_FREE_DOMAIN
[depth_angular_controller-1] [INFO] [1790603519.766415022] [depth_angular_controller]: ANGULAR_STEP_BLOCKED
[depth_angular_controller-1] [INFO] [1790603519.847702764] [depth_angular_controller]: 3D guidance switched to view 0
[depth_angular_controller-1] [INFO] [1790603520.226812170] [depth_angular_controller]: 3D guidance switched to view 1
[depth_angular_controller-1] [INFO] [1790603520.232208837] [depth_angular_controller]: TARGET_HOLD
[depth_angular_controller-1] [INFO] [1790603520.532285743] [depth_angular_controller]: BRAKING_FALLBACK
[depth_angular_controller-1] [INFO] [1790603520.620908877] [depth_angular_controller]: TARGET_HOLD
[depth_angular_controller-1] [INFO] [1790603520.621315387] [depth_angular_controller]: PAPER_BUILD reason=READY required=0.0237 best=0.0287 free=352 refined=0 tubes=138 revoked_tubes=0
[depth_angular_controller-1] [INFO] [1790603520.621440527] [depth_angular_controller]: PAPER_EVIDENCE retained=32 balls=32 revoked_balls=0 expired_views=32 evicted_views=48 radius=0.580 clearance=0.039 best_prefix=0.029
[depth_angular_controller-1] [INFO] [1790603520.888419686] [depth_angular_controller]: BRAKING_FALLBACK
[depth_angular_controller-1] [INFO] [1790603520.961739669] [depth_angular_controller]: NO_REGULAR_FIELD
[depth_angular_controller-1] [INFO] [1790603521.011564137] [depth_angular_controller]: TARGET_HOLD
[depth_angular_controller-1] [INFO] [1790603521.234218167] [depth_angular_controller]: 3D guidance switched to view 0
[depth_angular_controller-1] [INFO] [1790603521.260532792] [depth_angular_controller]: NO_REGULAR_FIELD
[depth_angular_controller-1] [INFO] [1790603521.370517412] [depth_angular_controller]: TARGET_HOLD
[position_cmd_to_twist-2] [INFO] [1790603521.405638022] [position_cmd_to_twist]: [PERF BRIDGE] run=expiry9 elapsed=102.37s received=4387 published=4386 fps(ros/wall)=46.21/48.91 controller_to_bridge_ms(mean/p50/p95/max)=14.619/16.667/33.333/116.667 bridge_process_ms(mean/p95/max)=0.106/0.135/3.156
[NAV] t=95.0s position=(-56.80,-7.48,2.99) yaw=55.0deg command=(0.00,0.00,0.00) manual_active=0 collision_blocks=0
[depth_angular_controller-1] [INFO] [1790603521.518179225] [depth_angular_controller]: ZERO_INTENT
[depth_angular_controller-1] [INFO] [1790603521.957596258] [depth_angular_controller]: [PERF CTRL] run=expiry9 elapsed=103.03s callbacks=4400 commands=4400 guidance=1155 command_fps(ros/wall)=46.08/48.76 guidance_wall_fps=13.07 avoid_ms(mean/p50/p95/max)=2.567/0.386/14.872/93.529 cycle_ms(mean/p95/max)=20.509/40.726/571.409 depth_to_cmd_ms(mean/p95/max)=26.349/33.333/50.000 callback_to_publish_ms(mean/p95/max)=16.098/24.126/104.224
[MANUAL RESULT] TIMEOUT position=(-56.797,-7.481,2.991)
[PERF ISAAC FINAL] run=expiry9 result=MANUAL_TIMEOUT wall=93.23s sim_frames=5943 fps(sim/wall)=60.02/63.75 command_changes=752 collision_blocks=0 frame_interval_ms(mean/p50/p95/max)=15.597/14.231/17.085/78.565
[105.664s] Simulation App Shutting Down
[depth_angular_controller-1] [INFO] [1790603525.515491539] [rclcpp]: signal_handler(SIGINT/SIGTERM)
[depth_angular_controller-1] [INFO] [1790603525.516361508] [depth_angular_controller]: [PERF CTRL FINAL] run=expiry9 elapsed=106.59s callbacks=4471 commands=4471 guidance=1155 command_fps(ros/wall)=45.14/47.92 guidance_wall_fps=13.07 avoid_ms(mean/p50/p95/max)=2.567/0.386/14.872/93.529 cycle_ms(mean/p95/max)=20.869/43.213/571.409 depth_to_cmd_ms(mean/p95/max)=26.349/33.333/50.000 callback_to_publish_ms(mean/p95/max)=16.503/28.327/104.224
[position_cmd_to_twist-2] [INFO] [1790603525.516722690] [position_cmd_to_twist]: [PERF BRIDGE FINAL] run=expiry9 elapsed=106.48s received=4471 published=4470 fps(ros/wall)=45.14/47.91 controller_to_bridge_ms(mean/p50/p95/max)=15.235/16.667/33.333/116.667 bridge_process_ms(mean/p95/max)=0.106/0.135/3.156
[position_cmd_to_twist-2] Failed to publish log message to rosout: publisher's context is invalid, at ./src/rcl/publisher.c:389
[INFO] [depth_angular_controller-1]: process has finished cleanly [pid 21394]
[INFO] [position_cmd_to_twist-2]: process has finished cleanly [pid 21396]
