[INFO] [1791364225.726567180] [shared_local]: PROCESSING_RATES control=50.0 Hz depth_limit=0.0 Hz (0=unlimited)
[INFO] [1791364225.729315085] [shared_local]: C++ controller commands publish on /shared_local/position_cmd; horizontal views=1
[INFO] [1791364225.749383359] [shared_local]: WAITING_ODOMETRY
[INFO] [1791364225.769488683] [shared_local]: DEPTH_PROPOSAL conservative_grid=32x24 measured_state=1 direction_only=1
[INFO] [1791364225.769587379] [shared_local]: DEPTH_PROPOSAL_CERTIFIED
[INFO] [1791364225.769593771] [shared_local]: PAPER_BUILD reason=FULL_MOTION_CERTIFICATE required=0.0000 best=0.0000 free=0 refined=0 tubes=0 revoked_tubes=0 proofs=0
[INFO] [1791364225.769598670] [shared_local]: PAPER_EVIDENCE retained=1 balls=0 revoked_balls=0 expired_views=0 evicted_views=0 radius=0.580 clearance=0.000 best_prefix=0.000
[INFO] [1791364226.789360381] [shared_local]: PAPER_BUILD reason=FULL_MOTION_CERTIFICATE required=0.0000 best=0.0000 free=0 refined=0 tubes=0 revoked_tubes=0 proofs=0
[INFO] [1791364226.789399655] [shared_local]: PAPER_EVIDENCE retained=1 balls=0 revoked_balls=0 expired_views=1 evicted_views=0 radius=0.580 clearance=0.000 best_prefix=0.000
[INFO] [1791364227.789440504] [shared_local]: PAPER_BUILD reason=FULL_MOTION_CERTIFICATE required=0.0000 best=0.0000 free=0 refined=0 tubes=0 revoked_tubes=0 proofs=0
[INFO] [1791364227.789476702] [shared_local]: PAPER_EVIDENCE retained=1 balls=0 revoked_balls=0 expired_views=3 evicted_views=0 radius=0.580 clearance=0.000 best_prefix=0.000
[INFO] [1791364228.731576262] [shared_local]: BRAKING_FALLBACK
[INFO] [1791364228.791680276] [shared_local]: PAPER_BUILD reason=READY required=0.5000 best=1.7092 free=212 refined=0 tubes=0 revoked_tubes=0 proofs=0
[INFO] [1791364228.791711014] [shared_local]: PAPER_EVIDENCE retained=1 balls=0 revoked_balls=0 expired_views=5 evicted_views=0 radius=0.580 clearance=0.500 best_prefix=1.709
[INFO] [1791364229.811528430] [shared_local]: PAPER_BUILD reason=READY required=0.5000 best=1.7092 free=212 refined=0 tubes=0 revoked_tubes=0 proofs=0
[INFO] [1791364229.811565610] [shared_local]: PAPER_EVIDENCE retained=1 balls=0 revoked_balls=0 expired_views=7 evicted_views=0 radius=0.580 clearance=0.500 best_prefix=1.709
[INFO] [1791364230.771573495] [shared_local]: [PERF CTRL] run=unspecified elapsed=5.04s callbacks=252 commands=251 guidance=251 command_fps(ros/wall)=50.00/49.98 guidance_wall_fps=49.98 avoid_ms(mean/p50/p95/max)=0.338/0.045/2.158/2.655 cycle_ms(mean/p95/max)=20.008/22.109/22.595 depth_to_cmd_ms(mean/p95/max)=23.924/44.436/44.618 callback_to_publish_ms(mean/p95/max)=0.376/2.210/2.680
[INFO] [1791364230.771650700] [shared_local]: EVIDENCE_COST ingest(mean/p95/max)=0.019/0.050/0.087 record=0.001/0.002/0.004 ms
[INFO] [1791364230.771661290] [shared_local]: EVIDENCE_PHASE per_view_mean_ms balls=0.000 tubes=0.000 history=0.001 eviction=0.000
[INFO] [1791364230.832018610] [shared_local]: PAPER_BUILD reason=READY required=0.5000 best=1.7092 free=212 refined=0 tubes=0 revoked_tubes=0 proofs=0
[INFO] [1791364230.832046412] [shared_local]: PAPER_EVIDENCE retained=1 balls=0 revoked_balls=0 expired_views=9 evicted_views=0 radius=0.580 clearance=0.500 best_prefix=1.709
[INFO] [1791364231.851521204] [shared_local]: PAPER_BUILD reason=READY required=0.5000 best=1.7092 free=212 refined=0 tubes=0 revoked_tubes=0 proofs=0
[INFO] [1791364231.851559897] [shared_local]: PAPER_EVIDENCE retained=1 balls=0 revoked_balls=0 expired_views=11 evicted_views=0 radius=0.580 clearance=0.500 best_prefix=1.709
[INFO] [1791364232.209435126] [shared_local]: DEPTH_PROPOSAL_CERTIFIED
[INFO] [1791364232.869434952] [shared_local]: PAPER_BUILD reason=FULL_MOTION_CERTIFICATE required=0.0000 best=0.0000 free=0 refined=0 tubes=0 revoked_tubes=0 proofs=0
[INFO] [1791364232.869472583] [shared_local]: PAPER_EVIDENCE retained=1 balls=0 revoked_balls=0 expired_views=13 evicted_views=0 radius=0.580 clearance=0.000 best_prefix=1.709
[INFO] [1791364233.889434751] [shared_local]: PAPER_BUILD reason=FULL_MOTION_CERTIFICATE required=0.0000 best=0.0000 free=0 refined=0 tubes=0 revoked_tubes=0 proofs=0
[INFO] [1791364233.889483162] [shared_local]: PAPER_EVIDENCE retained=1 balls=0 revoked_balls=0 expired_views=15 evicted_views=0 radius=0.580 clearance=0.000 best_prefix=1.709
[INFO] [1791364234.742377918] [rclcpp]: signal_handler(SIGINT/SIGTERM)
[INFO] [1791364234.742746080] [shared_local]: [PERF CTRL FINAL] run=unspecified elapsed=9.01s callbacks=450 commands=449 guidance=449 command_fps(ros/wall)=50.00/50.00 guidance_wall_fps=50.00 avoid_ms(mean/p50/p95/max)=0.316/0.035/2.166/2.655 cycle_ms(mean/p95/max)=20.000/22.114/22.595 depth_to_cmd_ms(mean/p95/max)=23.940/44.415/44.618 callback_to_publish_ms(mean/p95/max)=0.356/2.223/2.680
[INFO] [1791364234.742795773] [shared_local]: EVIDENCE_COST ingest(mean/p95/max)=0.020/0.051/0.087 record=0.001/0.002/0.004 ms
[INFO] [1791364234.742800211] [shared_local]: EVIDENCE_PHASE per_view_mean_ms balls=0.000 tubes=0.000 history=0.001 eviction=0.000
