[INFO] [1791291380.569530928] [depth_angular_controller]: PROCESSING_RATES control=60.0 Hz depth_limit=10.0 Hz (0=unlimited)
[INFO] [1791291380.571661783] [depth_angular_controller]: C++ controller commands publish on /position_cmd; horizontal views=4
[INFO] [1791291394.043704974] [depth_angular_controller]: WAITING_ODOMETRY
[INFO] [1791291394.296606205] [depth_angular_controller]: WAITING_VERIFIED_START_POSE
[INFO] [1791291394.340671497] [depth_angular_controller]: VERIFIED_FREE_SEED center=(-64.000,-11.200,2.800) radius=2.500 balls=1: verified fixed Cloud free ball; USD and occupancy SHA-256 matched
[INFO] [1791291394.340766536] [depth_angular_controller]: ZERO_INTENT
[INFO] [1791291396.352547852] [depth_angular_controller]: 3D guidance switched to view 1
[INFO] [1791291396.352599489] [depth_angular_controller]: DEPTH_PROPOSAL conservative_grid=64x48 measured_state=1 direction_only=1
[INFO] [1791291396.353736876] [depth_angular_controller]: DEPTH_PROPOSAL_CERTIFIED
[INFO] [1791291396.353760811] [depth_angular_controller]: PAPER_BUILD reason=FULL_MOTION_CERTIFICATE required=0.0000 best=0.0000 free=0 refined=0 tubes=0 revoked_tubes=0 proofs=0
[INFO] [1791291396.353769167] [depth_angular_controller]: PAPER_EVIDENCE retained=4 balls=1 revoked_balls=0 expired_views=0 evicted_views=0 radius=0.580 clearance=0.000 best_prefix=0.000
[INFO] [1791291396.708835237] [depth_angular_controller]: ZERO_INTENT
[INFO] [1791291397.281935081] [depth_angular_controller]: 3D guidance switched to view 3
[INFO] [1791291397.282260052] [depth_angular_controller]: DEPTH_PROPOSAL_CERTIFIED
[INFO] [1791291397.282267516] [depth_angular_controller]: PAPER_BUILD reason=FULL_MOTION_CERTIFICATE required=0.0000 best=0.0000 free=0 refined=0 tubes=1 revoked_tubes=0 proofs=32
[INFO] [1791291397.282275521] [depth_angular_controller]: PAPER_EVIDENCE retained=4 balls=2 revoked_balls=0 expired_views=0 evicted_views=0 radius=0.580 clearance=0.000 best_prefix=0.000
[INFO] [1791291397.550768473] [depth_angular_controller]: ZERO_INTENT
[INFO] [1791291397.946626624] [depth_angular_controller]: 3D guidance switched to view 0
[INFO] [1791291397.946976231] [depth_angular_controller]: DEPTH_PROPOSAL_CERTIFIED
[INFO] [1791291397.946998213] [depth_angular_controller]: PAPER_BUILD reason=FULL_MOTION_CERTIFICATE required=0.0000 best=0.0000 free=0 refined=0 tubes=2 revoked_tubes=0 proofs=55
[INFO] [1791291397.947006478] [depth_angular_controller]: PAPER_EVIDENCE retained=4 balls=2 revoked_balls=0 expired_views=0 evicted_views=0 radius=0.580 clearance=0.000 best_prefix=0.000
[INFO] [1791291398.423840829] [depth_angular_controller]: ZERO_INTENT
[INFO] [1791291399.075144953] [depth_angular_controller]: 3D guidance switched to view 1
[INFO] [1791291399.075458322] [depth_angular_controller]: DEPTH_PROPOSAL_CERTIFIED
[INFO] [1791291399.075468671] [depth_angular_controller]: PAPER_BUILD reason=FULL_MOTION_CERTIFICATE required=0.0000 best=0.0000 free=0 refined=0 tubes=3 revoked_tubes=0 proofs=92
[INFO] [1791291399.075476837] [depth_angular_controller]: PAPER_EVIDENCE retained=4 balls=3 revoked_balls=0 expired_views=0 evicted_views=0 radius=0.580 clearance=0.000 best_prefix=0.000
[INFO] [1791291399.297990710] [depth_angular_controller]: [PERF CTRL] run=20261006_205620 elapsed=18.73s callbacks=421 commands=420 guidance=111 command_fps(ros/wall)=59.43/83.78 guidance_wall_fps=37.35 avoid_ms(mean/p50/p95/max)=0.256/0.246/0.293/0.710 cycle_ms(mean/p95/max)=11.936/14.647/74.318 depth_to_cmd_ms(mean/p95/max)=69.970/116.667/133.333 callback_to_publish_ms(mean/p95/max)=0.994/2.599/17.090
[INFO] [1791291399.298063176] [depth_angular_controller]: EVIDENCE_COST ingest(mean/p95/max)=0.825/2.351/17.049 record=0.010/0.013/0.033 ms
[INFO] [1791291399.298070510] [depth_angular_controller]: EVIDENCE_PHASE per_view_mean_ms balls=0.065 tubes=0.007 history=0.106 eviction=0.000
[INFO] [1791291399.478756756] [depth_angular_controller]: INTENT_REVERSAL_BRAKE
[INFO] [1791291399.738689180] [depth_angular_controller]: 3D guidance switched to view 3
[INFO] [1791291399.739064936] [depth_angular_controller]: DEPTH_PROPOSAL_CERTIFIED
[INFO] [1791291399.785923027] [depth_angular_controller]: PAPER_BUILD reason=FULL_MOTION_CERTIFICATE required=0.0000 best=0.0000 free=0 refined=0 tubes=4 revoked_tubes=0 proofs=120
[INFO] [1791291399.785962772] [depth_angular_controller]: PAPER_EVIDENCE retained=8 balls=4 revoked_balls=0 expired_views=0 evicted_views=0 radius=0.580 clearance=0.000 best_prefix=0.000
[INFO] [1791291399.905851009] [depth_angular_controller]: 3D guidance switched to view 0
[INFO] [1791291399.957260915] [depth_angular_controller]: 3D guidance switched to view 3
[INFO] [1791291400.254740983] [depth_angular_controller]: TARGET_HOLD
[INFO] [1791291400.256844225] [depth_angular_controller]: INTENT_REVERSAL_BRAKE
[INFO] [1791291400.487086292] [depth_angular_controller]: 3D guidance switched to view 1
[INFO] [1791291400.488028563] [depth_angular_controller]: DEPTH_PROPOSAL_CERTIFIED
[INFO] [1791291400.635626466] [depth_angular_controller]: PAPER_BUILD reason=FULL_MOTION_CERTIFICATE required=0.0000 best=0.0000 free=0 refined=0 tubes=5 revoked_tubes=0 proofs=128
[INFO] [1791291400.635667022] [depth_angular_controller]: PAPER_EVIDENCE retained=8 balls=4 revoked_balls=0 expired_views=0 evicted_views=0 radius=0.580 clearance=0.000 best_prefix=8.072
[INFO] [1791291400.884557114] [depth_angular_controller]: INTENT_REVERSAL_BRAKE
[INFO] [1791291401.142870706] [depth_angular_controller]: 3D guidance switched to view 3
[INFO] [1791291401.143196849] [depth_angular_controller]: DEPTH_PROPOSAL_CERTIFIED
[INFO] [1791291401.229051908] [depth_angular_controller]: ZERO_INTENT
[INFO] [1791291401.448851490] [depth_angular_controller]: 3D guidance switched to view 1
[INFO] [1791291401.449206687] [depth_angular_controller]: DEPTH_PROPOSAL_CERTIFIED
[INFO] [1791291401.449216015] [depth_angular_controller]: PAPER_BUILD reason=FULL_MOTION_CERTIFICATE required=0.0000 best=0.0000 free=0 refined=0 tubes=6 revoked_tubes=0 proofs=128
[INFO] [1791291401.449223419] [depth_angular_controller]: PAPER_EVIDENCE retained=8 balls=4 revoked_balls=0 expired_views=0 evicted_views=0 radius=0.580 clearance=0.000 best_prefix=8.072
[INFO] [1791291402.299322841] [depth_angular_controller]: PAPER_BUILD reason=FULL_MOTION_CERTIFICATE required=0.0000 best=0.0000 free=0 refined=0 tubes=7 revoked_tubes=0 proofs=128
[INFO] [1791291402.299364600] [depth_angular_controller]: PAPER_EVIDENCE retained=12 balls=6 revoked_balls=0 expired_views=0 evicted_views=0 radius=0.580 clearance=0.000 best_prefix=8.072
[INFO] [1791291402.416171326] [depth_angular_controller]: ZERO_INTENT
[INFO] [1791291402.529025865] [depth_angular_controller]: INTENT_REVERSAL_BRAKE
[INFO] [1791291403.084525062] [depth_angular_controller]: PAPER_BUILD reason= required=0.0000 best=0.0000 free=0 refined=0 tubes=8 revoked_tubes=0 proofs=128
[INFO] [1791291403.084569245] [depth_angular_controller]: PAPER_EVIDENCE retained=16 balls=11 revoked_balls=0 expired_views=0 evicted_views=0 radius=0.580 clearance=0.000 best_prefix=8.072
[INFO] [1791291403.129641560] [depth_angular_controller]: 3D guidance switched to view 3
[INFO] [1791291403.130006556] [depth_angular_controller]: DEPTH_PROPOSAL_CERTIFIED
[INFO] [1791291403.408674841] [depth_angular_controller]: ZERO_INTENT
[INFO] [1791291404.264453186] [depth_angular_controller]: 3D guidance switched to view 0
[INFO] [1791291404.264844932] [depth_angular_controller]: DEPTH_PROPOSAL_CERTIFIED
[INFO] [1791291404.264855752] [depth_angular_controller]: PAPER_BUILD reason=FULL_MOTION_CERTIFICATE required=0.0000 best=0.0000 free=0 refined=0 tubes=9 revoked_tubes=0 proofs=128
[INFO] [1791291404.264863787] [depth_angular_controller]: PAPER_EVIDENCE retained=16 balls=11 revoked_balls=0 expired_views=0 evicted_views=0 radius=0.580 clearance=0.000 best_prefix=8.072
[INFO] [1791291404.298795125] [depth_angular_controller]: [PERF CTRL] run=20261006_205620 elapsed=23.73s callbacks=810 commands=809 guidance=389 command_fps(ros/wall)=59.48/80.78 guidance_wall_fps=48.83 avoid_ms(mean/p50/p95/max)=0.305/0.252/0.328/17.948 cycle_ms(mean/p95/max)=12.379/15.242/74.318 depth_to_cmd_ms(mean/p95/max)=72.022/116.667/133.333 callback_to_publish_ms(mean/p95/max)=1.262/3.044/19.301
[INFO] [1791291404.298895033] [depth_angular_controller]: EVIDENCE_COST ingest(mean/p95/max)=1.004/2.632/17.049 record=0.010/0.014/0.033 ms
[INFO] [1791291404.298903779] [depth_angular_controller]: EVIDENCE_PHASE per_view_mean_ms balls=0.067 tubes=0.009 history=0.150 eviction=0.000
[INFO] [1791291404.996479833] [depth_angular_controller]: PAPER_BUILD reason=FULL_MOTION_CERTIFICATE required=0.0000 best=0.0000 free=0 refined=0 tubes=10 revoked_tubes=0 proofs=128
[INFO] [1791291404.996907136] [depth_angular_controller]: PAPER_EVIDENCE retained=16 balls=13 revoked_balls=0 expired_views=0 evicted_views=4 radius=0.580 clearance=0.000 best_prefix=8.072
[INFO] [1791291405.774413072] [depth_angular_controller]: PAPER_BUILD reason=FULL_MOTION_CERTIFICATE required=0.0000 best=0.0000 free=0 refined=0 tubes=13 revoked_tubes=0 proofs=128
[INFO] [1791291405.774452346] [depth_angular_controller]: PAPER_EVIDENCE retained=16 balls=25 revoked_balls=0 expired_views=0 evicted_views=8 radius=0.580 clearance=0.000 best_prefix=8.072
[INFO] [1791291406.570311715] [depth_angular_controller]: PAPER_BUILD reason=FULL_MOTION_CERTIFICATE required=0.0000 best=0.0000 free=0 refined=0 tubes=17 revoked_tubes=0 proofs=128
[INFO] [1791291406.570351660] [depth_angular_controller]: PAPER_EVIDENCE retained=16 balls=32 revoked_balls=0 expired_views=0 evicted_views=12 radius=0.580 clearance=0.000 best_prefix=8.072
[INFO] [1791291407.485264678] [depth_angular_controller]: PAPER_BUILD reason=FULL_MOTION_CERTIFICATE required=0.0000 best=0.0000 free=0 refined=0 tubes=21 revoked_tubes=0 proofs=128
[INFO] [1791291407.485303170] [depth_angular_controller]: PAPER_EVIDENCE retained=16 balls=32 revoked_balls=0 expired_views=0 evicted_views=16 radius=0.580 clearance=0.000 best_prefix=8.072
[INFO] [1791291408.472347515] [depth_angular_controller]: PAPER_BUILD reason=FULL_MOTION_CERTIFICATE required=0.0000 best=0.0000 free=0 refined=0 tubes=25 revoked_tubes=0 proofs=128
[INFO] [1791291408.472386588] [depth_angular_controller]: PAPER_EVIDENCE retained=16 balls=32 revoked_balls=0 expired_views=0 evicted_views=20 radius=0.580 clearance=0.000 best_prefix=8.072
[INFO] [1791291409.302817618] [depth_angular_controller]: [PERF CTRL] run=20261006_205620 elapsed=28.73s callbacks=1165 commands=1164 guidance=744 command_fps(ros/wall)=59.64/77.50 guidance_wall_fps=57.37 avoid_ms(mean/p50/p95/max)=0.736/0.279/4.279/17.948 cycle_ms(mean/p95/max)=12.903/18.602/81.184 depth_to_cmd_ms(mean/p95/max)=65.838/116.667/133.333 callback_to_publish_ms(mean/p95/max)=1.846/6.529/19.301
[INFO] [1791291409.302936872] [depth_angular_controller]: EVIDENCE_COST ingest(mean/p95/max)=1.261/5.238/17.049 record=0.021/0.018/0.914 ms
[INFO] [1791291409.302947141] [depth_angular_controller]: EVIDENCE_PHASE per_view_mean_ms balls=0.068 tubes=0.010 history=0.212 eviction=0.000
[INFO] [1791291409.330998909] [depth_angular_controller]: PAPER_BUILD reason=FULL_MOTION_CERTIFICATE required=0.0000 best=0.0000 free=0 refined=0 tubes=29 revoked_tubes=0 proofs=128
[INFO] [1791291409.331038704] [depth_angular_controller]: PAPER_EVIDENCE retained=16 balls=32 revoked_balls=0 expired_views=0 evicted_views=24 radius=0.580 clearance=0.000 best_prefix=8.072
[INFO] [1791291410.248051157] [depth_angular_controller]: PAPER_BUILD reason=FULL_MOTION_CERTIFICATE required=0.0000 best=0.0000 free=0 refined=0 tubes=33 revoked_tubes=0 proofs=128
[INFO] [1791291410.248089970] [depth_angular_controller]: PAPER_EVIDENCE retained=16 balls=32 revoked_balls=0 expired_views=0 evicted_views=27 radius=0.580 clearance=0.000 best_prefix=8.072
[INFO] [1791291411.056181216] [depth_angular_controller]: PAPER_BUILD reason=FULL_MOTION_CERTIFICATE required=0.0000 best=0.0000 free=0 refined=0 tubes=37 revoked_tubes=0 proofs=128
[INFO] [1791291411.056225900] [depth_angular_controller]: PAPER_EVIDENCE retained=16 balls=32 revoked_balls=0 expired_views=0 evicted_views=31 radius=0.580 clearance=0.000 best_prefix=8.072
[INFO] [1791291411.817344330] [depth_angular_controller]: PAPER_BUILD reason=FULL_MOTION_CERTIFICATE required=0.0000 best=0.0000 free=0 refined=0 tubes=41 revoked_tubes=0 proofs=128
[INFO] [1791291411.817383283] [depth_angular_controller]: PAPER_EVIDENCE retained=16 balls=32 revoked_balls=0 expired_views=0 evicted_views=35 radius=0.580 clearance=0.000 best_prefix=8.072
[INFO] [1791291412.559924630] [depth_angular_controller]: PAPER_BUILD reason=FULL_MOTION_CERTIFICATE required=0.0000 best=0.0000 free=0 refined=0 tubes=45 revoked_tubes=0 proofs=128
[INFO] [1791291412.559959335] [depth_angular_controller]: PAPER_EVIDENCE retained=16 balls=32 revoked_balls=0 expired_views=0 evicted_views=39 radius=0.580 clearance=0.000 best_prefix=8.072
[INFO] [1791291412.785887365] [depth_angular_controller]: CERTIFIED_TRACKING
[INFO] [1791291412.796731044] [depth_angular_controller]: NO_REGULAR_FIELD
[INFO] [1791291413.373330324] [depth_angular_controller]: UNOBSERVED_BODY_ENVELOPE
[INFO] [1791291413.388576326] [depth_angular_controller]: NO_REGULAR_FIELD
[INFO] [1791291413.431175703] [depth_angular_controller]: PAPER_BUILD reason=NO_CERTIFIED_DIRECTION required=0.8447 best=0.0000 free=0 refined=0 tubes=62 revoked_tubes=0 proofs=128
[INFO] [1791291413.431214005] [depth_angular_controller]: PAPER_EVIDENCE retained=13 balls=32 revoked_balls=0 expired_views=0 evicted_views=39 radius=0.580 clearance=0.000 best_prefix=0.000
[INFO] [1791291413.490295237] [depth_angular_controller]: UNOBSERVED_BODY_ENVELOPE
[INFO] [1791291413.508149401] [depth_angular_controller]: NO_REGULAR_FIELD
[INFO] [1791291413.520481477] [depth_angular_controller]: UNOBSERVED_BODY_ENVELOPE
[INFO] [1791291413.533218333] [depth_angular_controller]: NO_REGULAR_FIELD
[INFO] [1791291413.575045089] [depth_angular_controller]: UNOBSERVED_BODY_ENVELOPE
[INFO] [1791291413.599128870] [depth_angular_controller]: NO_REGULAR_FIELD
[INFO] [1791291414.231190271] [depth_angular_controller]: DEPTH_PROPOSAL_CERTIFIED
[INFO] [1791291414.246853277] [depth_angular_controller]: TARGET_HOLD
[INFO] [1791291414.246886850] [depth_angular_controller]: PAPER_BUILD reason=READY required=0.0100 best=0.0680 free=145 refined=0 tubes=85 revoked_tubes=0 proofs=128
[INFO] [1791291414.246895807] [depth_angular_controller]: PAPER_EVIDENCE retained=16 balls=32 revoked_balls=0 expired_views=0 evicted_views=40 radius=0.580 clearance=0.066 best_prefix=0.068
[INFO] [1791291414.335629976] [depth_angular_controller]: [PERF CTRL] run=20261006_205620 elapsed=33.76s callbacks=1512 commands=1511 guidance=1091 command_fps(ros/wall)=59.02/75.35 guidance_wall_fps=60.61 avoid_ms(mean/p50/p95/max)=1.330/0.441/6.334/57.987 cycle_ms(mean/p95/max)=13.271/19.385/81.184 depth_to_cmd_ms(mean/p95/max)=63.917/116.667/133.333 callback_to_publish_ms(mean/p95/max)=2.529/7.793/66.104
[INFO] [1791291414.335872902] [depth_angular_controller]: EVIDENCE_COST ingest(mean/p95/max)=1.454/6.225/17.049 record=0.024/0.083/1.587 ms
[INFO] [1791291414.335881338] [depth_angular_controller]: EVIDENCE_PHASE per_view_mean_ms balls=0.077 tubes=0.026 history=0.236 eviction=0.000
[INFO] [1791291414.389211442] [depth_angular_controller]: 3D guidance switched to view 1
[INFO] [1791291414.409425601] [depth_angular_controller]: CERTIFIED_TRACKING
[INFO] [1791291414.437258848] [depth_angular_controller]: TARGET_HOLD
[INFO] [1791291414.449543705] [depth_angular_controller]: CERTIFIED_TRACKING
[INFO] [1791291414.466364266] [depth_angular_controller]: TARGET_HOLD
[INFO] [1791291414.544653366] [depth_angular_controller]: BRAKING_FALLBACK
[INFO] [1791291414.648298357] [depth_angular_controller]: COMPUTE_DEADLINE
[INFO] [1791291414.656190169] [depth_angular_controller]: 3D guidance switched to view 0
[INFO] [1791291414.667835985] [depth_angular_controller]: TARGET_HOLD
[INFO] [1791291414.677667151] [depth_angular_controller]: CERTIFIED_TRACKING
[INFO] [1791291414.720367518] [depth_angular_controller]: 3D guidance switched to view 1
[INFO] [1791291414.724282916] [depth_angular_controller]: TARGET_HOLD
[INFO] [1791291414.757764929] [depth_angular_controller]: CERTIFIED_TRACKING
[INFO] [1791291414.767350854] [depth_angular_controller]: TARGET_HOLD
[INFO] [1791291414.916933286] [depth_angular_controller]: COMPUTE_DEADLINE
[INFO] [1791291415.024568386] [depth_angular_controller]: PAPER_BUILD reason=STATE_DIRECTION_UNCERTIFIED required=0.0187 best=0.0365 free=706 refined=1 tubes=97 revoked_tubes=0 proofs=128
[INFO] [1791291415.024603883] [depth_angular_controller]: PAPER_EVIDENCE retained=16 balls=32 revoked_balls=0 expired_views=0 evicted_views=40 radius=0.580 clearance=0.000 best_prefix=0.037
[INFO] [1791291415.033540889] [depth_angular_controller]: 3D guidance switched to view 0
[INFO] [1791291415.045394756] [depth_angular_controller]: TARGET_HOLD
[INFO] [1791291415.052016179] [depth_angular_controller]: CERTIFIED_TRACKING
[INFO] [1791291415.107160463] [depth_angular_controller]: 3D guidance switched to view 3
[INFO] [1791291415.117468014] [depth_angular_controller]: OUTSIDE_FLOW_BOX
[INFO] [1791291415.118803123] [depth_angular_controller]: CERTIFIED_TRACKING
[INFO] [1791291415.210904520] [depth_angular_controller]: TARGET_HOLD
[INFO] [1791291415.254898178] [depth_angular_controller]: TRACKING
[INFO] [1791291415.343633920] [depth_angular_controller]: OUTSIDE_FLOW_BOX
[INFO] [1791291415.352374166] [depth_angular_controller]: STATE_OUTSIDE_FREE_DOMAIN
[INFO] [1791291415.363333903] [depth_angular_controller]: CERTIFIED_TRACKING
[INFO] [1791291415.393838841] [depth_angular_controller]: 3D guidance switched to view 0
[INFO] [1791291415.395365600] [depth_angular_controller]: REFERENCE_INITIALIZATION
[INFO] [1791291415.401151774] [depth_angular_controller]: CERTIFIED_TRACKING
[INFO] [1791291415.438559355] [depth_angular_controller]: REFERENCE_INITIALIZATION
[INFO] [1791291415.452123526] [depth_angular_controller]: CERTIFIED_TRACKING
[INFO] [1791291415.502652626] [depth_angular_controller]: TARGET_HOLD
[INFO] [1791291415.513341374] [depth_angular_controller]: CERTIFIED_TRACKING
[INFO] [1791291415.528442984] [depth_angular_controller]: TARGET_HOLD
[INFO] [1791291415.543823860] [depth_angular_controller]: STATE_OUTSIDE_FREE_DOMAIN
[INFO] [1791291415.549099204] [depth_angular_controller]: CERTIFIED_TRACKING
[INFO] [1791291415.564364101] [depth_angular_controller]: STATE_OUTSIDE_FREE_DOMAIN
[INFO] [1791291415.580544920] [depth_angular_controller]: TARGET_HOLD
[INFO] [1791291415.619496402] [depth_angular_controller]: CERTIFIED_TRACKING
[INFO] [1791291415.668229327] [depth_angular_controller]: TARGET_HOLD
[INFO] [1791291415.677223730] [depth_angular_controller]: CERTIFIED_TRACKING
[INFO] [1791291415.692965053] [depth_angular_controller]: 3D guidance switched to view 1
[INFO] [1791291415.694570550] [depth_angular_controller]: STATE_OUTSIDE_FREE_DOMAIN
[INFO] [1791291415.700299276] [depth_angular_controller]: CERTIFIED_TRACKING
[INFO] [1791291415.723001931] [depth_angular_controller]: 3D guidance switched to view 0
[INFO] [1791291415.754915637] [depth_angular_controller]: TARGET_HOLD
[INFO] [1791291415.847849830] [depth_angular_controller]: 3D guidance switched to view 1
[INFO] [1791291415.929855023] [depth_angular_controller]: NO_REGULAR_FIELD
[INFO] [1791291415.929882455] [depth_angular_controller]: PAPER_BUILD reason=STATE_OUTSIDE_COMPONENT required=0.0120 best=0.0365 free=781 refined=1 tubes=115 revoked_tubes=0 proofs=128
[INFO] [1791291415.929891061] [depth_angular_controller]: PAPER_EVIDENCE retained=16 balls=32 revoked_balls=0 expired_views=0 evicted_views=40 radius=0.580 clearance=0.000 best_prefix=0.037
[INFO] [1791291415.999585889] [depth_angular_controller]: 3D guidance switched to view 0
[INFO] [1791291416.005990145] [depth_angular_controller]: CERTIFIED_TRACKING
[INFO] [1791291416.013116247] [depth_angular_controller]: TARGET_HOLD
[INFO] [1791291416.025481235] [depth_angular_controller]: CERTIFIED_TRACKING
[INFO] [1791291416.049844160] [depth_angular_controller]: TARGET_HOLD
[INFO] [1791291416.063444580] [depth_angular_controller]: CERTIFIED_TRACKING
[INFO] [1791291416.078552171] [depth_angular_controller]: NO_REGULAR_FIELD
[INFO] [1791291416.089193129] [depth_angular_controller]: CERTIFIED_TRACKING
[INFO] [1791291416.094034989] [depth_angular_controller]: 3D guidance switched to view 3
[INFO] [1791291416.142679898] [depth_angular_controller]: NO_REGULAR_FIELD
[INFO] [1791291416.149309797] [depth_angular_controller]: 3D guidance switched to view 0
[INFO] [1791291416.165565717] [depth_angular_controller]: CERTIFIED_TRACKING
[INFO] [1791291416.176365012] [depth_angular_controller]: NO_REGULAR_FIELD
[INFO] [1791291416.190427470] [depth_angular_controller]: CERTIFIED_TRACKING
[INFO] [1791291416.209164393] [depth_angular_controller]: NO_REGULAR_FIELD
[INFO] [1791291416.221681166] [depth_angular_controller]: CERTIFIED_TRACKING
[INFO] [1791291416.248383017] [depth_angular_controller]: NO_REGULAR_FIELD
[INFO] [1791291416.264783589] [depth_angular_controller]: CERTIFIED_TRACKING
[INFO] [1791291416.284468092] [depth_angular_controller]: NO_REGULAR_FIELD
[INFO] [1791291416.295589933] [depth_angular_controller]: CERTIFIED_TRACKING
[INFO] [1791291416.321063466] [depth_angular_controller]: NO_REGULAR_FIELD
[INFO] [1791291416.334887115] [depth_angular_controller]: CERTIFIED_TRACKING
[INFO] [1791291416.355711360] [depth_angular_controller]: NO_REGULAR_FIELD
[INFO] [1791291416.366356135] [depth_angular_controller]: CERTIFIED_TRACKING
[INFO] [1791291416.380299870] [depth_angular_controller]: NO_REGULAR_FIELD
[INFO] [1791291416.391270778] [depth_angular_controller]: CERTIFIED_TRACKING
[INFO] [1791291416.414862203] [depth_angular_controller]: NO_REGULAR_FIELD
[INFO] [1791291416.427085475] [depth_angular_controller]: CERTIFIED_TRACKING
[INFO] [1791291416.513157591] [depth_angular_controller]: NO_REGULAR_FIELD
[INFO] [1791291416.527882564] [depth_angular_controller]: CERTIFIED_TRACKING
[INFO] [1791291416.543425083] [depth_angular_controller]: NO_REGULAR_FIELD
[INFO] [1791291416.552430547] [depth_angular_controller]: CERTIFIED_TRACKING
[INFO] [1791291416.573142401] [depth_angular_controller]: NO_REGULAR_FIELD
[INFO] [1791291416.585715670] [depth_angular_controller]: CERTIFIED_TRACKING
[INFO] [1791291416.598642143] [depth_angular_controller]: NO_REGULAR_FIELD
[INFO] [1791291416.613366465] [depth_angular_controller]: CERTIFIED_TRACKING
[INFO] [1791291416.631026914] [depth_angular_controller]: NO_REGULAR_FIELD
[INFO] [1791291416.643485828] [depth_angular_controller]: CERTIFIED_TRACKING
[INFO] [1791291416.671577441] [depth_angular_controller]: NO_REGULAR_FIELD
[INFO] [1791291416.686322372] [depth_angular_controller]: CERTIFIED_TRACKING
[INFO] [1791291416.698166681] [depth_angular_controller]: NO_REGULAR_FIELD
[INFO] [1791291416.698200024] [depth_angular_controller]: PAPER_BUILD reason=NO_CERTIFIED_DIRECTION required=0.0100 best=0.0000 free=0 refined=0 tubes=145 revoked_tubes=0 proofs=128
[INFO] [1791291416.698228146] [depth_angular_controller]: PAPER_EVIDENCE retained=16 balls=32 revoked_balls=0 expired_views=0 evicted_views=40 radius=0.580 clearance=0.000 best_prefix=0.000
[INFO] [1791291416.707467831] [depth_angular_controller]: CERTIFIED_TRACKING
[INFO] [1791291416.729309097] [depth_angular_controller]: NO_REGULAR_FIELD
[INFO] [1791291416.744148505] [depth_angular_controller]: CERTIFIED_TRACKING
[INFO] [1791291416.760495446] [depth_angular_controller]: NO_REGULAR_FIELD
[INFO] [1791291416.770658305] [depth_angular_controller]: CERTIFIED_TRACKING
[INFO] [1791291416.794949616] [depth_angular_controller]: NO_REGULAR_FIELD
[INFO] [1791291416.807118405] [depth_angular_controller]: CERTIFIED_TRACKING
[INFO] [1791291416.820494002] [depth_angular_controller]: NO_REGULAR_FIELD
[INFO] [1791291416.834266735] [depth_angular_controller]: CERTIFIED_TRACKING
[INFO] [1791291416.853144433] [depth_angular_controller]: NO_REGULAR_FIELD
[INFO] [1791291416.864976148] [depth_angular_controller]: CERTIFIED_TRACKING
[INFO] [1791291416.878249433] [depth_angular_controller]: NO_REGULAR_FIELD
[INFO] [1791291416.889004595] [depth_angular_controller]: CERTIFIED_TRACKING
[INFO] [1791291416.914361759] [depth_angular_controller]: NO_REGULAR_FIELD
[INFO] [1791291416.924085212] [depth_angular_controller]: CERTIFIED_TRACKING
[INFO] [1791291416.935466361] [depth_angular_controller]: NO_REGULAR_FIELD
[INFO] [1791291416.958593745] [depth_angular_controller]: CERTIFIED_TRACKING
[INFO] [1791291416.982963303] [depth_angular_controller]: NO_REGULAR_FIELD
[INFO] [1791291416.993191124] [depth_angular_controller]: CERTIFIED_TRACKING
[INFO] [1791291417.004742974] [depth_angular_controller]: NO_REGULAR_FIELD
[INFO] [1791291417.049322723] [depth_angular_controller]: CERTIFIED_TRACKING
[INFO] [1791291417.058384613] [depth_angular_controller]: NO_REGULAR_FIELD
[INFO] [1791291417.068474565] [depth_angular_controller]: CERTIFIED_TRACKING
[INFO] [1791291417.078137645] [depth_angular_controller]: NO_REGULAR_FIELD
[INFO] [1791291417.086569511] [depth_angular_controller]: CERTIFIED_TRACKING
[INFO] [1791291417.100949355] [depth_angular_controller]: NO_REGULAR_FIELD
[INFO] [1791291417.114909140] [depth_angular_controller]: CERTIFIED_TRACKING
[INFO] [1791291417.124111074] [depth_angular_controller]: NO_REGULAR_FIELD
[INFO] [1791291417.132561034] [depth_angular_controller]: CERTIFIED_TRACKING
[INFO] [1791291417.144190880] [depth_angular_controller]: NO_REGULAR_FIELD
[INFO] [1791291417.156329121] [depth_angular_controller]: CERTIFIED_TRACKING
[INFO] [1791291417.170946352] [depth_angular_controller]: NO_REGULAR_FIELD
[INFO] [1791291417.188587836] [depth_angular_controller]: CERTIFIED_TRACKING
[INFO] [1791291417.198175774] [depth_angular_controller]: NO_REGULAR_FIELD
[INFO] [1791291417.205354535] [depth_angular_controller]: CERTIFIED_TRACKING
[INFO] [1791291417.215925702] [depth_angular_controller]: NO_REGULAR_FIELD
[INFO] [1791291417.226259442] [depth_angular_controller]: CERTIFIED_TRACKING
[INFO] [1791291417.241126172] [depth_angular_controller]: NO_REGULAR_FIELD
[INFO] [1791291417.257844961] [depth_angular_controller]: CERTIFIED_TRACKING
[INFO] [1791291417.268273790] [depth_angular_controller]: NO_REGULAR_FIELD
[INFO] [1791291417.275470946] [depth_angular_controller]: CERTIFIED_TRACKING
[INFO] [1791291417.285884226] [depth_angular_controller]: NO_REGULAR_FIELD
[INFO] [1791291417.296336379] [depth_angular_controller]: CERTIFIED_TRACKING
[INFO] [1791291417.312102278] [depth_angular_controller]: NO_REGULAR_FIELD
[INFO] [1791291417.324997833] [depth_angular_controller]: CERTIFIED_TRACKING
[INFO] [1791291417.334659350] [depth_angular_controller]: NO_REGULAR_FIELD
[INFO] [1791291417.344789347] [depth_angular_controller]: CERTIFIED_TRACKING
[INFO] [1791291417.357651669] [depth_angular_controller]: NO_REGULAR_FIELD
[INFO] [1791291417.368762330] [depth_angular_controller]: CERTIFIED_TRACKING
[INFO] [1791291417.384049269] [depth_angular_controller]: NO_REGULAR_FIELD
[INFO] [1791291417.398772118] [depth_angular_controller]: CERTIFIED_TRACKING
[INFO] [1791291417.409579448] [depth_angular_controller]: NO_REGULAR_FIELD
[INFO] [1791291417.417708455] [depth_angular_controller]: CERTIFIED_TRACKING
[INFO] [1791291417.417735916] [depth_angular_controller]: PAPER_BUILD reason=NO_CERTIFIED_DIRECTION required=0.0100 best=0.0000 free=0 refined=0 tubes=174 revoked_tubes=0 proofs=128
[INFO] [1791291417.417743030] [depth_angular_controller]: PAPER_EVIDENCE retained=16 balls=32 revoked_balls=0 expired_views=0 evicted_views=40 radius=0.580 clearance=0.000 best_prefix=0.000
[INFO] [1791291417.429989294] [depth_angular_controller]: NO_REGULAR_FIELD
[INFO] [1791291417.438985030] [depth_angular_controller]: CERTIFIED_TRACKING
[INFO] [1791291417.453026909] [depth_angular_controller]: NO_REGULAR_FIELD
[INFO] [1791291417.467241894] [depth_angular_controller]: CERTIFIED_TRACKING
[INFO] [1791291417.476534988] [depth_angular_controller]: NO_REGULAR_FIELD
[INFO] [1791291417.486716753] [depth_angular_controller]: CERTIFIED_TRACKING
[INFO] [1791291417.496471706] [depth_angular_controller]: NO_REGULAR_FIELD
[INFO] [1791291417.510339417] [depth_angular_controller]: CERTIFIED_TRACKING
[INFO] [1791291417.523847624] [depth_angular_controller]: NO_REGULAR_FIELD
[INFO] [1791291417.538761592] [depth_angular_controller]: CERTIFIED_TRACKING
[INFO] [1791291417.548120320] [depth_angular_controller]: NO_REGULAR_FIELD
[INFO] [1791291417.609956289] [depth_angular_controller]: ZERO_INTENT
[INFO] [1791291417.749227172] [depth_angular_controller]: TARGET_HOLD
[INFO] [1791291417.836256377] [depth_angular_controller]: 3D guidance switched to view 2
[INFO] [1791291417.837219137] [depth_angular_controller]: DEPTH_PROPOSAL_CERTIFIED
[INFO] [1791291417.913138242] [depth_angular_controller]: INTENT_REVERSAL_BRAKE
[INFO] [1791291417.974091322] [depth_angular_controller]: 3D guidance switched to view 0
[INFO] [1791291417.988219383] [depth_angular_controller]: TARGET_HOLD
[INFO] [1791291417.998531092] [depth_angular_controller]: CERTIFIED_TRACKING
[INFO] [1791291418.061589118] [depth_angular_controller]: TARGET_HOLD
[INFO] [1791291418.066017921] [depth_angular_controller]: CERTIFIED_TRACKING
[INFO] [1791291418.073220377] [depth_angular_controller]: TARGET_HOLD
[INFO] [1791291418.089353826] [depth_angular_controller]: STATE_OUTSIDE_FREE_DOMAIN
[INFO] [1791291418.097990337] [depth_angular_controller]: CERTIFIED_TRACKING
[INFO] [1791291418.108968699] [depth_angular_controller]: STATE_OUTSIDE_FREE_DOMAIN
[INFO] [1791291418.119123243] [depth_angular_controller]: TARGET_HOLD
[INFO] [1791291418.160724334] [depth_angular_controller]: CERTIFIED_TRACKING
[INFO] [1791291418.181926309] [depth_angular_controller]: PAPER_BUILD reason=READY required=0.0100 best=0.0208 free=198 refined=0 tubes=191 revoked_tubes=0 proofs=128
[INFO] [1791291418.182742834] [depth_angular_controller]: PAPER_EVIDENCE retained=16 balls=32 revoked_balls=0 expired_views=0 evicted_views=40 radius=0.580 clearance=0.021 best_prefix=0.021
[INFO] [1791291418.208474331] [depth_angular_controller]: TARGET_HOLD
[INFO] [1791291418.236494430] [depth_angular_controller]: CERTIFIED_TRACKING
[INFO] [1791291418.241827142] [depth_angular_controller]: TARGET_HOLD
[INFO] [1791291418.322467921] [depth_angular_controller]: NO_REGULAR_FIELD
[INFO] [1791291418.327934995] [depth_angular_controller]: 3D guidance switched to view 3
[INFO] [1791291418.354242255] [depth_angular_controller]: 3D guidance switched to view 0
[INFO] [1791291418.364027845] [depth_angular_controller]: TARGET_HOLD
[INFO] [1791291418.367720965] [depth_angular_controller]: CERTIFIED_TRACKING
[INFO] [1791291418.468699926] [depth_angular_controller]: TARGET_HOLD
[INFO] [1791291418.485443924] [depth_angular_controller]: CERTIFIED_TRACKING
[INFO] [1791291418.493651919] [depth_angular_controller]: REFERENCE_INITIALIZATION
[INFO] [1791291418.504185745] [depth_angular_controller]: CERTIFIED_TRACKING
[INFO] [1791291418.524192965] [depth_angular_controller]: REFERENCE_INITIALIZATION
[INFO] [1791291418.532404627] [depth_angular_controller]: TRACKING
[INFO] [1791291418.564267638] [depth_angular_controller]: 3D guidance switched to view 1
[INFO] [1791291418.676157965] [depth_angular_controller]: COMPUTE_DEADLINE
[INFO] [1791291418.683803363] [depth_angular_controller]: 3D guidance switched to view 0
[INFO] [1791291418.694160237] [depth_angular_controller]: NO_REGULAR_FIELD
[INFO] [1791291418.747624813] [depth_angular_controller]: CERTIFIED_TRACKING
[INFO] [1791291418.774949094] [depth_angular_controller]: NO_REGULAR_FIELD
[INFO] [1791291418.787171955] [depth_angular_controller]: CERTIFIED_TRACKING
[INFO] [1791291418.802090031] [depth_angular_controller]: NO_REGULAR_FIELD
[INFO] [1791291418.819007153] [depth_angular_controller]: CERTIFIED_TRACKING
[INFO] [1791291418.844712091] [depth_angular_controller]: NO_REGULAR_FIELD
[INFO] [1791291418.858704196] [depth_angular_controller]: CERTIFIED_TRACKING
[INFO] [1791291418.872132292] [depth_angular_controller]: NO_REGULAR_FIELD
[INFO] [1791291418.891823277] [depth_angular_controller]: CERTIFIED_TRACKING
[INFO] [1791291418.905164580] [depth_angular_controller]: NO_REGULAR_FIELD
[INFO] [1791291418.917011434] [depth_angular_controller]: CERTIFIED_TRACKING
[INFO] [1791291418.927760094] [depth_angular_controller]: NO_REGULAR_FIELD
[INFO] [1791291418.993116229] [depth_angular_controller]: CERTIFIED_TRACKING
[INFO] [1791291419.026692810] [depth_angular_controller]: NO_REGULAR_FIELD
[INFO] [1791291419.039168004] [depth_angular_controller]: CERTIFIED_TRACKING
[INFO] [1791291419.053314280] [depth_angular_controller]: NO_REGULAR_FIELD
[INFO] [1791291419.065451670] [depth_angular_controller]: CERTIFIED_TRACKING
[INFO] [1791291419.100462536] [depth_angular_controller]: NO_REGULAR_FIELD
[INFO] [1791291419.114824877] [depth_angular_controller]: PAPER_BUILD reason=NO_CERTIFIED_DIRECTION required=0.0100 best=0.0000 free=0 refined=0 tubes=224 revoked_tubes=0 proofs=128
[INFO] [1791291419.114862067] [depth_angular_controller]: PAPER_EVIDENCE retained=16 balls=32 revoked_balls=0 expired_views=0 evicted_views=40 radius=0.580 clearance=0.000 best_prefix=0.000
[INFO] [1791291419.141371807] [depth_angular_controller]: CERTIFIED_TRACKING
[INFO] [1791291419.161792775] [depth_angular_controller]: NO_REGULAR_FIELD
[INFO] [1791291419.185723648] [depth_angular_controller]: CERTIFIED_TRACKING
[INFO] [1791291419.257010418] [depth_angular_controller]: NO_REGULAR_FIELD
[INFO] [1791291419.269908798] [depth_angular_controller]: CERTIFIED_TRACKING
[INFO] [1791291419.287402254] [depth_angular_controller]: NO_REGULAR_FIELD
[INFO] [1791291419.303251790] [depth_angular_controller]: CERTIFIED_TRACKING
[INFO] [1791291419.316152164] [depth_angular_controller]: NO_REGULAR_FIELD
[INFO] [1791291419.328979922] [depth_angular_controller]: CERTIFIED_TRACKING
[INFO] [1791291419.343670610] [depth_angular_controller]: [PERF CTRL] run=20261006_205620 elapsed=38.77s callbacks=1836 commands=1835 guidance=1404 command_fps(ros/wall)=57.67/73.22 guidance_wall_fps=61.02 avoid_ms(mean/p50/p95/max)=2.839/0.535/9.860/111.790 cycle_ms(mean/p95/max)=13.657/20.172/120.810 depth_to_cmd_ms(mean/p95/max)=63.616/116.667/133.333 callback_to_publish_ms(mean/p95/max)=3.805/12.127/112.106
[INFO] [1791291419.343840379] [depth_angular_controller]: EVIDENCE_COST ingest(mean/p95/max)=1.507/6.392/17.049 record=0.037/0.127/1.587 ms
[INFO] [1791291419.343848574] [depth_angular_controller]: EVIDENCE_PHASE per_view_mean_ms balls=0.079 tubes=0.035 history=0.238 eviction=0.000
[INFO] [1791291419.343860126] [depth_angular_controller]: NO_REGULAR_FIELD
[INFO] [1791291419.362260356] [depth_angular_controller]: CERTIFIED_TRACKING
[INFO] [1791291419.375071833] [depth_angular_controller]: NO_REGULAR_FIELD
[INFO] [1791291419.387637027] [depth_angular_controller]: CERTIFIED_TRACKING
[INFO] [1791291419.401173947] [depth_angular_controller]: NO_REGULAR_FIELD
[INFO] [1791291419.415174187] [depth_angular_controller]: CERTIFIED_TRACKING
[INFO] [1791291419.430733258] [depth_angular_controller]: NO_REGULAR_FIELD
[INFO] [1791291419.449083293] [depth_angular_controller]: CERTIFIED_TRACKING
[INFO] [1791291419.462559269] [depth_angular_controller]: NO_REGULAR_FIELD
[INFO] [1791291419.476306805] [depth_angular_controller]: CERTIFIED_TRACKING
[INFO] [1791291419.489912534] [depth_angular_controller]: NO_REGULAR_FIELD
[INFO] [1791291419.509498512] [depth_angular_controller]: CERTIFIED_TRACKING
[INFO] [1791291419.524157662] [depth_angular_controller]: NO_REGULAR_FIELD
[INFO] [1791291419.552202026] [depth_angular_controller]: CERTIFIED_TRACKING
[INFO] [1791291419.586711149] [depth_angular_controller]: NO_REGULAR_FIELD
[INFO] [1791291419.630088619] [depth_angular_controller]: CERTIFIED_TRACKING
[INFO] [1791291419.647265690] [depth_angular_controller]: NO_REGULAR_FIELD
[INFO] [1791291419.664851279] [depth_angular_controller]: CERTIFIED_TRACKING
[INFO] [1791291419.678195777] [depth_angular_controller]: NO_REGULAR_FIELD
[INFO] [1791291419.704589850] [depth_angular_controller]: CERTIFIED_TRACKING
[INFO] [1791291419.722269976] [depth_angular_controller]: NO_REGULAR_FIELD
[INFO] [1791291419.749546708] [depth_angular_controller]: CERTIFIED_TRACKING
[INFO] [1791291419.762855620] [depth_angular_controller]: NO_REGULAR_FIELD
[INFO] [1791291419.775065756] [depth_angular_controller]: CERTIFIED_TRACKING
[INFO] [1791291419.793102733] [depth_angular_controller]: NO_REGULAR_FIELD
[INFO] [1791291419.819251786] [depth_angular_controller]: CERTIFIED_TRACKING
[INFO] [1791291419.832081567] [depth_angular_controller]: NO_REGULAR_FIELD
[INFO] [1791291419.844357066] [depth_angular_controller]: CERTIFIED_TRACKING
[INFO] [1791291419.861021744] [depth_angular_controller]: NO_REGULAR_FIELD
[INFO] [1791291419.876158361] [depth_angular_controller]: CERTIFIED_TRACKING
[INFO] [1791291419.876190822] [depth_angular_controller]: PAPER_BUILD reason=NO_CERTIFIED_DIRECTION required=0.0100 best=0.0000 free=0 refined=0 tubes=249 revoked_tubes=0 proofs=128
[INFO] [1791291419.876201171] [depth_angular_controller]: PAPER_EVIDENCE retained=16 balls=32 revoked_balls=0 expired_views=0 evicted_views=40 radius=0.580 clearance=0.000 best_prefix=0.000
[INFO] [1791291419.890028387] [depth_angular_controller]: NO_REGULAR_FIELD
[INFO] [1791291419.903537335] [depth_angular_controller]: CERTIFIED_TRACKING
[INFO] [1791291419.916016336] [depth_angular_controller]: NO_REGULAR_FIELD
[INFO] [1791291419.935339280] [depth_angular_controller]: CERTIFIED_TRACKING
[INFO] [1791291419.951241225] [depth_angular_controller]: NO_REGULAR_FIELD
[INFO] [1791291419.962999282] [depth_angular_controller]: CERTIFIED_TRACKING
[INFO] [1791291419.975871874] [depth_angular_controller]: NO_REGULAR_FIELD
[INFO] [1791291419.987831700] [depth_angular_controller]: CERTIFIED_TRACKING
[INFO] [1791291420.006154685] [depth_angular_controller]: NO_REGULAR_FIELD
[INFO] [1791291420.034600313] [depth_angular_controller]: CERTIFIED_TRACKING
[INFO] [1791291420.050540119] [depth_angular_controller]: NO_REGULAR_FIELD
[INFO] [1791291420.113372751] [depth_angular_controller]: CERTIFIED_TRACKING
[INFO] [1791291420.126780588] [depth_angular_controller]: NO_REGULAR_FIELD
[INFO] [1791291420.142485453] [depth_angular_controller]: CERTIFIED_TRACKING
[INFO] [1791291420.158504668] [depth_angular_controller]: NO_REGULAR_FIELD
[INFO] [1791291420.170689687] [depth_angular_controller]: CERTIFIED_TRACKING
[INFO] [1791291420.185733950] [depth_angular_controller]: NO_REGULAR_FIELD
[INFO] [1791291420.197988801] [depth_angular_controller]: CERTIFIED_TRACKING
[INFO] [1791291420.214091252] [depth_angular_controller]: NO_REGULAR_FIELD
[INFO] [1791291420.261289142] [depth_angular_controller]: CERTIFIED_TRACKING
[INFO] [1791291420.274134002] [depth_angular_controller]: NO_REGULAR_FIELD
[INFO] [1791291420.293753863] [depth_angular_controller]: CERTIFIED_TRACKING
[INFO] [1791291420.307403585] [depth_angular_controller]: NO_REGULAR_FIELD
[INFO] [1791291420.391030737] [depth_angular_controller]: CERTIFIED_TRACKING
[INFO] [1791291420.403413318] [depth_angular_controller]: NO_REGULAR_FIELD
[INFO] [1791291420.420006622] [depth_angular_controller]: CERTIFIED_TRACKING
[INFO] [1791291420.436353102] [depth_angular_controller]: NO_REGULAR_FIELD
[INFO] [1791291420.448491454] [depth_angular_controller]: CERTIFIED_TRACKING
[INFO] [1791291420.462999148] [depth_angular_controller]: NO_REGULAR_FIELD
[INFO] [1791291420.527721041] [depth_angular_controller]: CERTIFIED_TRACKING
[INFO] [1791291420.541331429] [depth_angular_controller]: NO_REGULAR_FIELD
[INFO] [1791291420.560004902] [depth_angular_controller]: CERTIFIED_TRACKING
[INFO] [1791291420.572491699] [depth_angular_controller]: NO_REGULAR_FIELD
[INFO] [1791291420.584837901] [depth_angular_controller]: CERTIFIED_TRACKING
[INFO] [1791291420.599479738] [depth_angular_controller]: NO_REGULAR_FIELD
[INFO] [1791291420.647089371] [depth_angular_controller]: CERTIFIED_TRACKING
[INFO] [1791291420.647122393] [depth_angular_controller]: PAPER_BUILD reason=NO_CERTIFIED_DIRECTION required=0.0100 best=0.0000 free=0 refined=0 tubes=256 revoked_tubes=0 proofs=128
[INFO] [1791291420.647132142] [depth_angular_controller]: PAPER_EVIDENCE retained=16 balls=32 revoked_balls=0 expired_views=0 evicted_views=40 radius=0.580 clearance=0.000 best_prefix=0.000
[INFO] [1791291420.661497529] [depth_angular_controller]: NO_REGULAR_FIELD
[INFO] [1791291420.673051763] [depth_angular_controller]: CERTIFIED_TRACKING
[INFO] [1791291420.688317281] [depth_angular_controller]: NO_REGULAR_FIELD
[INFO] [1791291420.718449900] [depth_angular_controller]: CERTIFIED_TRACKING
[INFO] [1791291420.732419303] [depth_angular_controller]: NO_REGULAR_FIELD
[INFO] [1791291420.742268853] [depth_angular_controller]: CERTIFIED_TRACKING
[INFO] [1791291420.806737069] [depth_angular_controller]: NO_REGULAR_FIELD
[INFO] [1791291420.835331758] [depth_angular_controller]: CERTIFIED_TRACKING
[INFO] [1791291420.901566513] [depth_angular_controller]: NO_REGULAR_FIELD
[INFO] [1791291420.945184385] [depth_angular_controller]: CERTIFIED_TRACKING
[INFO] [1791291420.962048318] [depth_angular_controller]: NO_REGULAR_FIELD
[INFO] [1791291421.001437282] [depth_angular_controller]: CERTIFIED_TRACKING
[INFO] [1791291421.017167584] [depth_angular_controller]: NO_REGULAR_FIELD
[INFO] [1791291421.034161110] [depth_angular_controller]: CERTIFIED_TRACKING
[INFO] [1791291421.048367418] [depth_angular_controller]: NO_REGULAR_FIELD
[INFO] [1791291421.061230742] [depth_angular_controller]: CERTIFIED_TRACKING
[INFO] [1791291421.071869095] [depth_angular_controller]: NO_REGULAR_FIELD
[INFO] [1791291421.156373105] [depth_angular_controller]: CERTIFIED_TRACKING
[INFO] [1791291421.174728470] [depth_angular_controller]: NO_REGULAR_FIELD
[INFO] [1791291421.187274939] [depth_angular_controller]: CERTIFIED_TRACKING
[INFO] [1791291421.200701451] [depth_angular_controller]: NO_REGULAR_FIELD
[INFO] [1791291421.212274070] [depth_angular_controller]: CERTIFIED_TRACKING
[INFO] [1791291421.227583952] [depth_angular_controller]: NO_REGULAR_FIELD
[INFO] [1791291421.245574241] [depth_angular_controller]: CERTIFIED_TRACKING
[INFO] [1791291421.257543415] [depth_angular_controller]: NO_REGULAR_FIELD
[INFO] [1791291421.271621442] [depth_angular_controller]: CERTIFIED_TRACKING
[INFO] [1791291421.283031385] [depth_angular_controller]: NO_REGULAR_FIELD
[INFO] [1791291421.294523032] [depth_angular_controller]: CERTIFIED_TRACKING
[INFO] [1791291421.312177199] [depth_angular_controller]: NO_REGULAR_FIELD
[INFO] [1791291421.366103323] [depth_angular_controller]: TARGET_HOLD
[INFO] [1791291421.383015837] [depth_angular_controller]: CERTIFIED_TRACKING
[INFO] [1791291421.416682387] [depth_angular_controller]: TARGET_HOLD
[INFO] [1791291421.419330243] [depth_angular_controller]: CERTIFIED_TRACKING
[INFO] [1791291421.447593669] [depth_angular_controller]: TARGET_HOLD
[INFO] [1791291421.460698347] [depth_angular_controller]: CERTIFIED_TRACKING
[INFO] [1791291421.467369113] [depth_angular_controller]: 3D guidance switched to view 3
[INFO] [1791291421.469470523] [depth_angular_controller]: STATE_OUTSIDE_FREE_DOMAIN
[INFO] [1791291421.490248240] [depth_angular_controller]: CERTIFIED_TRACKING
[INFO] [1791291421.495903649] [depth_angular_controller]: TARGET_HOLD
[INFO] [1791291421.506857034] [depth_angular_controller]: 3D guidance switched to view 0
[INFO] [1791291421.526554371] [depth_angular_controller]: CERTIFIED_TRACKING
[INFO] [1791291421.567380326] [depth_angular_controller]: TARGET_HOLD
[INFO] [1791291421.567417175] [depth_angular_controller]: PAPER_BUILD reason=READY required=0.0110 best=0.0160 free=22 refined=0 tubes=256 revoked_tubes=0 proofs=128
[INFO] [1791291421.567426543] [depth_angular_controller]: PAPER_EVIDENCE retained=16 balls=32 revoked_balls=0 expired_views=0 evicted_views=44 radius=0.580 clearance=0.016 best_prefix=0.016
[INFO] [1791291421.568505220] [depth_angular_controller]: 3D guidance switched to view 3
[INFO] [1791291421.570546065] [depth_angular_controller]: STATE_OUTSIDE_FREE_DOMAIN
[INFO] [1791291421.583315693] [depth_angular_controller]: CERTIFIED_TRACKING
[INFO] [1791291421.600986262] [depth_angular_controller]: STATE_OUTSIDE_FREE_DOMAIN
[INFO] [1791291421.608874747] [depth_angular_controller]: 3D guidance switched to view 0
[INFO] [1791291421.610511022] [depth_angular_controller]: TARGET_HOLD
[INFO] [1791291421.722259001] [depth_angular_controller]: CERTIFIED_TRACKING
[INFO] [1791291421.749942006] [depth_angular_controller]: TARGET_HOLD
[INFO] [1791291421.761749196] [depth_angular_controller]: CERTIFIED_TRACKING
[INFO] [1791291421.772437683] [depth_angular_controller]: TARGET_HOLD
[INFO] [1791291421.809988031] [depth_angular_controller]: NO_REGULAR_FIELD
[INFO] [1791291421.815370908] [depth_angular_controller]: 3D guidance switched to view 3
[INFO] [1791291421.849853441] [depth_angular_controller]: 3D guidance switched to view 0
[INFO] [1791291421.861360216] [depth_angular_controller]: CERTIFIED_TRACKING
[INFO] [1791291421.871269008] [depth_angular_controller]: NO_REGULAR_FIELD
[INFO] [1791291421.884234434] [depth_angular_controller]: CERTIFIED_TRACKING
[INFO] [1791291421.894972644] [depth_angular_controller]: NO_REGULAR_FIELD
[INFO] [1791291421.906519745] [depth_angular_controller]: CERTIFIED_TRACKING
[INFO] [1791291421.917071605] [depth_angular_controller]: NO_REGULAR_FIELD
[INFO] [1791291421.927950810] [depth_angular_controller]: CERTIFIED_TRACKING
[INFO] [1791291421.940008370] [depth_angular_controller]: NO_REGULAR_FIELD
[INFO] [1791291422.016891327] [depth_angular_controller]: CERTIFIED_TRACKING
[INFO] [1791291422.030134375] [depth_angular_controller]: NO_REGULAR_FIELD
[INFO] [1791291422.042408773] [depth_angular_controller]: CERTIFIED_TRACKING
[INFO] [1791291422.052134330] [depth_angular_controller]: NO_REGULAR_FIELD
[INFO] [1791291422.066719350] [depth_angular_controller]: CERTIFIED_TRACKING
[INFO] [1791291422.078759798] [depth_angular_controller]: NO_REGULAR_FIELD
[INFO] [1791291422.091884483] [depth_angular_controller]: CERTIFIED_TRACKING
[INFO] [1791291422.103984503] [depth_angular_controller]: NO_REGULAR_FIELD
[INFO] [1791291422.118021613] [depth_angular_controller]: CERTIFIED_TRACKING
[INFO] [1791291422.130075336] [depth_angular_controller]: NO_REGULAR_FIELD
[INFO] [1791291422.141666008] [depth_angular_controller]: CERTIFIED_TRACKING
[INFO] [1791291422.156785162] [depth_angular_controller]: NO_REGULAR_FIELD
[INFO] [1791291422.170314728] [depth_angular_controller]: CERTIFIED_TRACKING
[INFO] [1791291422.181843544] [depth_angular_controller]: NO_REGULAR_FIELD
[INFO] [1791291422.193135896] [depth_angular_controller]: CERTIFIED_TRACKING
[INFO] [1791291422.208612121] [depth_angular_controller]: NO_REGULAR_FIELD
[INFO] [1791291422.217682928] [depth_angular_controller]: CERTIFIED_TRACKING
[INFO] [1791291422.290035992] [depth_angular_controller]: NO_REGULAR_FIELD
[INFO] [1791291422.305093439] [depth_angular_controller]: CERTIFIED_TRACKING
[INFO] [1791291422.317335646] [depth_angular_controller]: NO_REGULAR_FIELD
[INFO] [1791291422.331563555] [depth_angular_controller]: CERTIFIED_TRACKING
[INFO] [1791291422.343052616] [depth_angular_controller]: NO_REGULAR_FIELD
[INFO] [1791291422.352692874] [depth_angular_controller]: CERTIFIED_TRACKING
[INFO] [1791291422.366196090] [depth_angular_controller]: NO_REGULAR_FIELD
[INFO] [1791291422.378627002] [depth_angular_controller]: CERTIFIED_TRACKING
[INFO] [1791291422.390918702] [depth_angular_controller]: NO_REGULAR_FIELD
[INFO] [1791291422.401827403] [depth_angular_controller]: CERTIFIED_TRACKING
[INFO] [1791291422.412581774] [depth_angular_controller]: NO_REGULAR_FIELD
[INFO] [1791291422.423117043] [depth_angular_controller]: CERTIFIED_TRACKING
[INFO] [1791291422.435600573] [depth_angular_controller]: NO_REGULAR_FIELD
[INFO] [1791291422.451689209] [depth_angular_controller]: CERTIFIED_TRACKING
[INFO] [1791291422.462398264] [depth_angular_controller]: NO_REGULAR_FIELD
[INFO] [1791291422.473919847] [depth_angular_controller]: CERTIFIED_TRACKING
[INFO] [1791291422.486552828] [depth_angular_controller]: NO_REGULAR_FIELD
[INFO] [1791291422.486579819] [depth_angular_controller]: PAPER_BUILD reason=NO_CERTIFIED_DIRECTION required=0.0100 best=0.0000 free=0 refined=0 tubes=256 revoked_tubes=0 proofs=128
[INFO] [1791291422.486587894] [depth_angular_controller]: PAPER_EVIDENCE retained=16 balls=32 revoked_balls=0 expired_views=0 evicted_views=48 radius=0.580 clearance=0.000 best_prefix=0.000
[INFO] [1791291422.498553702] [depth_angular_controller]: CERTIFIED_TRACKING
[INFO] [1791291422.511007176] [depth_angular_controller]: NO_REGULAR_FIELD
[INFO] [1791291422.524511725] [depth_angular_controller]: CERTIFIED_TRACKING
[INFO] [1791291422.536124198] [depth_angular_controller]: NO_REGULAR_FIELD
[INFO] [1791291422.545291597] [depth_angular_controller]: CERTIFIED_TRACKING
[INFO] [1791291422.619028111] [depth_angular_controller]: NO_REGULAR_FIELD
[INFO] [1791291422.629826655] [depth_angular_controller]: CERTIFIED_TRACKING
[INFO] [1791291422.640769550] [depth_angular_controller]: NO_REGULAR_FIELD
[INFO] [1791291422.656516293] [depth_angular_controller]: CERTIFIED_TRACKING
[INFO] [1791291422.668580495] [depth_angular_controller]: NO_REGULAR_FIELD
[INFO] [1791291422.680146221] [depth_angular_controller]: CERTIFIED_TRACKING
[INFO] [1791291422.692562395] [depth_angular_controller]: NO_REGULAR_FIELD
[INFO] [1791291422.702180710] [depth_angular_controller]: CERTIFIED_TRACKING
[INFO] [1791291422.714892119] [depth_angular_controller]: NO_REGULAR_FIELD
[INFO] [1791291422.729185591] [depth_angular_controller]: CERTIFIED_TRACKING
[INFO] [1791291422.740099161] [depth_angular_controller]: NO_REGULAR_FIELD
[INFO] [1791291422.750886073] [depth_angular_controller]: CERTIFIED_TRACKING
[INFO] [1791291422.762449054] [depth_angular_controller]: NO_REGULAR_FIELD
[INFO] [1791291422.771960869] [depth_angular_controller]: CERTIFIED_TRACKING
[INFO] [1791291422.786873785] [depth_angular_controller]: NO_REGULAR_FIELD
[INFO] [1791291422.800317650] [depth_angular_controller]: CERTIFIED_TRACKING
[INFO] [1791291422.812154185] [depth_angular_controller]: NO_REGULAR_FIELD
[INFO] [1791291422.822744698] [depth_angular_controller]: CERTIFIED_TRACKING
[INFO] [1791291422.835027812] [depth_angular_controller]: NO_REGULAR_FIELD
[INFO] [1791291422.846398190] [depth_angular_controller]: CERTIFIED_TRACKING
[INFO] [1791291422.859106744] [depth_angular_controller]: NO_REGULAR_FIELD
[INFO] [1791291422.874132231] [depth_angular_controller]: CERTIFIED_TRACKING
[INFO] [1791291422.886867124] [depth_angular_controller]: NO_REGULAR_FIELD
[INFO] [1791291422.899611905] [depth_angular_controller]: CERTIFIED_TRACKING
[INFO] [1791291422.913558556] [depth_angular_controller]: NO_REGULAR_FIELD
[INFO] [1791291422.925647975] [depth_angular_controller]: CERTIFIED_TRACKING
[INFO] [1791291422.938515628] [depth_angular_controller]: NO_REGULAR_FIELD
[INFO] [1791291422.955101237] [depth_angular_controller]: CERTIFIED_TRACKING
[INFO] [1791291423.026657684] [depth_angular_controller]: NO_REGULAR_FIELD
[INFO] [1791291423.062269340] [depth_angular_controller]: CERTIFIED_TRACKING
[INFO] [1791291423.077111463] [depth_angular_controller]: TARGET_HOLD
[INFO] [1791291423.085856547] [depth_angular_controller]: CERTIFIED_TRACKING
[INFO] [1791291423.145317663] [depth_angular_controller]: TARGET_HOLD
[INFO] [1791291423.167433696] [depth_angular_controller]: NO_REGULAR_FIELD
[INFO] [1791291423.173018722] [depth_angular_controller]: 3D guidance switched to view 1
[INFO] [1791291423.276693880] [depth_angular_controller]: COMPUTE_DEADLINE
[INFO] [1791291423.283759709] [depth_angular_controller]: 3D guidance switched to view 0
[INFO] [1791291423.289367879] [depth_angular_controller]: NO_REGULAR_FIELD
[INFO] [1791291423.351805408] [depth_angular_controller]: CERTIFIED_TRACKING
[INFO] [1791291423.367670504] [depth_angular_controller]: NO_REGULAR_FIELD
[INFO] [1791291423.381001958] [depth_angular_controller]: CERTIFIED_TRACKING
[INFO] [1791291423.394377414] [depth_angular_controller]: NO_REGULAR_FIELD
[INFO] [1791291423.419448491] [depth_angular_controller]: PAPER_BUILD reason=NO_CERTIFIED_DIRECTION required=0.0100 best=0.0000 free=0 refined=0 tubes=256 revoked_tubes=0 proofs=128
[INFO] [1791291423.419492313] [depth_angular_controller]: PAPER_EVIDENCE retained=16 balls=32 revoked_balls=0 expired_views=0 evicted_views=52 radius=0.580 clearance=0.000 best_prefix=0.000
[INFO] [1791291423.610241671] [depth_angular_controller]: CERTIFIED_TRACKING
[INFO] [1791291423.620813318] [depth_angular_controller]: NO_REGULAR_FIELD
[INFO] [1791291423.634636737] [depth_angular_controller]: CERTIFIED_TRACKING
[INFO] [1791291423.645114247] [depth_angular_controller]: NO_REGULAR_FIELD
[INFO] [1791291424.199990503] [depth_angular_controller]: PAPER_BUILD reason=NO_CERTIFIED_DIRECTION required=0.0100 best=0.0000 free=0 refined=0 tubes=256 revoked_tubes=0 proofs=128
[INFO] [1791291424.200027383] [depth_angular_controller]: PAPER_EVIDENCE retained=16 balls=32 revoked_balls=0 expired_views=0 evicted_views=56 radius=0.580 clearance=0.000 best_prefix=0.000
[INFO] [1791291424.345468482] [depth_angular_controller]: [PERF CTRL] run=20261006_205620 elapsed=43.77s callbacks=2151 commands=2150 guidance=1719 command_fps(ros/wall)=56.88/71.52 guidance_wall_fps=61.37 avoid_ms(mean/p50/p95/max)=3.947/0.696/12.623/111.790 cycle_ms(mean/p95/max)=13.983/20.822/120.810 depth_to_cmd_ms(mean/p95/max)=62.827/100.000/133.333 callback_to_publish_ms(mean/p95/max)=4.854/14.263/112.106
[INFO] [1791291424.345642529] [depth_angular_controller]: EVIDENCE_COST ingest(mean/p95/max)=1.562/6.292/17.049 record=0.050/0.162/3.123 ms
[INFO] [1791291424.345652037] [depth_angular_controller]: EVIDENCE_PHASE per_view_mean_ms balls=0.082 tubes=0.039 history=0.246 eviction=0.000
[INFO] [1791291425.010073593] [depth_angular_controller]: PAPER_BUILD reason=NO_CERTIFIED_DIRECTION required=0.0100 best=0.0000 free=0 refined=0 tubes=256 revoked_tubes=0 proofs=128
[INFO] [1791291425.010112245] [depth_angular_controller]: PAPER_EVIDENCE retained=16 balls=32 revoked_balls=0 expired_views=0 evicted_views=60 radius=0.580 clearance=0.000 best_prefix=0.000
[INFO] [1791291425.657199294] [depth_angular_controller]: PAPER_BUILD reason=NO_CERTIFIED_DIRECTION required=0.0100 best=0.0000 free=0 refined=0 tubes=256 revoked_tubes=0 proofs=128
[INFO] [1791291425.657235172] [depth_angular_controller]: PAPER_EVIDENCE retained=16 balls=32 revoked_balls=0 expired_views=0 evicted_views=60 radius=0.580 clearance=0.000 best_prefix=0.000
[INFO] [1791291425.853809396] [depth_angular_controller]: CERTIFIED_TRACKING
[INFO] [1791291425.866854592] [depth_angular_controller]: NO_REGULAR_FIELD
[INFO] [1791291425.879232785] [depth_angular_controller]: CERTIFIED_TRACKING
[INFO] [1791291425.897192857] [depth_angular_controller]: NO_REGULAR_FIELD
[INFO] [1791291426.000407289] [depth_angular_controller]: TARGET_HOLD
[INFO] [1791291426.002850271] [depth_angular_controller]: CERTIFIED_TRACKING
[INFO] [1791291426.050162455] [depth_angular_controller]: TARGET_HOLD
[INFO] [1791291426.065337243] [depth_angular_controller]: CERTIFIED_TRACKING
[INFO] [1791291426.080352532] [depth_angular_controller]: NO_REGULAR_FIELD
[INFO] [1791291426.115013130] [depth_angular_controller]: CERTIFIED_TRACKING
[INFO] [1791291426.129637684] [depth_angular_controller]: NO_REGULAR_FIELD
[INFO] [1791291426.138034875] [depth_angular_controller]: CERTIFIED_TRACKING
[INFO] [1791291426.149666073] [depth_angular_controller]: NO_REGULAR_FIELD
[INFO] [1791291426.442902947] [depth_angular_controller]: PAPER_BUILD reason=NO_CERTIFIED_DIRECTION required=0.0100 best=0.0000 free=0 refined=0 tubes=256 revoked_tubes=0 proofs=128
[INFO] [1791291426.442939335] [depth_angular_controller]: PAPER_EVIDENCE retained=16 balls=32 revoked_balls=0 expired_views=0 evicted_views=64 radius=0.580 clearance=0.000 best_prefix=0.000
[INFO] [1791291427.190562814] [depth_angular_controller]: PAPER_BUILD reason=NO_CERTIFIED_DIRECTION required=0.0100 best=0.0000 free=0 refined=0 tubes=256 revoked_tubes=0 proofs=128
[INFO] [1791291427.190597088] [depth_angular_controller]: PAPER_EVIDENCE retained=15 balls=32 revoked_balls=0 expired_views=0 evicted_views=68 radius=0.580 clearance=0.000 best_prefix=0.000
[INFO] [1791291427.589724022] [depth_angular_controller]: ZERO_INTENT
[INFO] [1791291429.351113915] [depth_angular_controller]: [PERF CTRL] run=20261006_205620 elapsed=48.78s callbacks=2575 commands=2574 guidance=1981 command_fps(ros/wall)=57.31/73.40 guidance_wall_fps=63.39 avoid_ms(mean/p50/p95/max)=4.418/1.703/12.397/111.790 cycle_ms(mean/p95/max)=13.624/19.837/120.810 depth_to_cmd_ms(mean/p95/max)=62.334/100.000/133.333 callback_to_publish_ms(mean/p95/max)=5.128/13.943/112.106
[INFO] [1791291429.351317838] [depth_angular_controller]: EVIDENCE_COST ingest(mean/p95/max)=1.587/6.219/17.049 record=0.057/0.158/3.123 ms
[INFO] [1791291429.351324831] [depth_angular_controller]: EVIDENCE_PHASE per_view_mean_ms balls=0.082 tubes=0.040 history=0.252 eviction=0.000
[INFO] [1791291434.351332018] [depth_angular_controller]: [PERF CTRL] run=20261006_205620 elapsed=53.78s callbacks=2984 commands=2983 guidance=1981 command_fps(ros/wall)=57.66/74.45 guidance_wall_fps=63.39 avoid_ms(mean/p50/p95/max)=4.418/1.703/12.397/111.790 cycle_ms(mean/p95/max)=13.432/19.541/120.810 depth_to_cmd_ms(mean/p95/max)=62.334/100.000/133.333 callback_to_publish_ms(mean/p95/max)=4.684/13.468/112.106
[INFO] [1791291434.351576928] [depth_angular_controller]: EVIDENCE_COST ingest(mean/p95/max)=1.606/6.128/17.049 record=0.063/0.154/3.123 ms
[INFO] [1791291434.351586536] [depth_angular_controller]: EVIDENCE_PHASE per_view_mean_ms balls=0.082 tubes=0.040 history=0.256 eviction=0.000
[INFO] [1791291435.773217565] [rclcpp]: signal_handler(SIGINT/SIGTERM)
