{
  "front_up": {
    "velocity": [
      1.0,
      0.0,
      0.25000000000000006
    ],
    "direction_cosine": 1.0
  },
  "left_up": {
    "velocity": [
      6.123233995736766e-17,
      1.0,
      0.25000000000000006
    ],
    "direction_cosine": 1.0
  },
  "back_down": {
    "velocity": [
      -1.0,
      -2.5565056701952207e-17,
      -0.25000000000000006
    ],
    "direction_cosine": 1.0
  },
  "right_down": {
    "velocity": [
      6.123233995736766e-17,
      -1.0,
      -0.25000000000000006
    ],
    "direction_cosine": 1.0
  },
  "diagonal": {
    "velocity": [
      1.0000000000000002,
      0.30000000000000004,
      0.20000000000000004
    ],
    "direction_cosine": 1.0
  },
  "obstacle_velocity": [
    0.8934989374435781,
    -0.06509915328810509,
    0.4443216729221844
  ],
  "pure_up": "DIRECTION_OUTSIDE_DEPTH_FOV",
  "pure_down": "DIRECTION_OUTSIDE_DEPTH_FOV",
  "stale_depth": "STALE_DEPTH",
  "stale_intent": "STALE_INTENT",
  "released": "ZERO_INTENT",
  "matched_command_rays": 430,
  "controller_log": "/tmp/ego1p1-vector-controller-ev34f4i9.log"
}
