[INFO] [1790233310.458501956] [depth_angular_controller]: C++ controller commands publish on /position_cmd; horizontal views=4
[INFO] [1790233310.478588473] [depth_angular_controller]: WAITING_ODOMETRY
[INFO] [1790233310.498604739] [depth_angular_controller]: ZERO_INTENT
[INFO] [1790233312.038568487] [depth_angular_controller]: 3D guidance switched to view 0
[INFO] [1790233312.038699444] [depth_angular_controller]: UNOBSERVED_BODY_ENVELOPE
[INFO] [1790233313.238565783] [depth_angular_controller]: 3D guidance switched to view 1
[INFO] [1790233314.458577687] [depth_angular_controller]: 3D guidance switched to view 2
[INFO] [1790233315.498674430] [depth_angular_controller]: [PERF CTRL] run=unspecified elapsed=5.04s callbacks=252 commands=251 guidance=174 command_fps(ros/wall)=50.00/50.00 guidance_wall_fps=50.00 avoid_ms(mean/p50/p95/max)=0.002/0.002/0.003/0.004 cycle_ms(mean/p95/max)=20.000/20.037/20.095 depth_to_cmd_ms(mean/p95/max)=24.523/44.387/44.477 callback_to_publish_ms(mean/p95/max)=0.033/0.055/0.123
[INFO] [1790233315.678568445] [depth_angular_controller]: 3D guidance switched to view 3
[INFO] [1790233316.898568806] [depth_angular_controller]: 3D guidance switched to view 0
[INFO] [1790233320.138595358] [depth_angular_controller]: DIRECTION_OUTSIDE_DEPTH_FOV
[INFO] [1790233320.518666635] [depth_angular_controller]: [PERF CTRL] run=unspecified elapsed=10.06s callbacks=503 commands=502 guidance=425 command_fps(ros/wall)=50.00/50.00 guidance_wall_fps=50.00 avoid_ms(mean/p50/p95/max)=0.002/0.002/0.003/0.004 cycle_ms(mean/p95/max)=20.000/20.038/20.099 depth_to_cmd_ms(mean/p95/max)=24.550/44.389/44.477 callback_to_publish_ms(mean/p95/max)=0.036/0.058/0.123
[INFO] [1790233322.558630443] [depth_angular_controller]: UNOBSERVED_BODY_ENVELOPE
[INFO] [1790233322.818598083] [depth_angular_controller]: STALE_DEPTH
[INFO] [1790233323.778667232] [depth_angular_controller]: UNOBSERVED_BODY_ENVELOPE
[INFO] [1790233323.978606784] [depth_angular_controller]: STALE_INTENT
[INFO] [1790233324.978588442] [depth_angular_controller]: ZERO_INTENT
[INFO] [1790233325.538700364] [depth_angular_controller]: [PERF CTRL] run=unspecified elapsed=15.08s callbacks=754 commands=753 guidance=549 command_fps(ros/wall)=50.00/50.00 guidance_wall_fps=45.97 avoid_ms(mean/p50/p95/max)=0.002/0.002/0.003/0.004 cycle_ms(mean/p95/max)=20.000/20.036/20.099 depth_to_cmd_ms(mean/p95/max)=28.091/44.432/294.525 callback_to_publish_ms(mean/p95/max)=0.036/0.058/0.123
[INFO] [1790233326.191488440] [rclcpp]: signal_handler(SIGINT/SIGTERM)
[INFO] [1790233326.191735546] [depth_angular_controller]: [PERF CTRL FINAL] run=unspecified elapsed=15.73s callbacks=786 commands=785 guidance=549 command_fps(ros/wall)=50.00/50.00 guidance_wall_fps=45.97 avoid_ms(mean/p50/p95/max)=0.002/0.002/0.003/0.004 cycle_ms(mean/p95/max)=20.000/20.037/20.099 depth_to_cmd_ms(mean/p95/max)=28.091/44.432/294.525 callback_to_publish_ms(mean/p95/max)=0.035/0.058/0.123
