[PERF] run=paper_verified_capture log=/tmp/paper-verified-isaac-performance.md
[INPUT] mode=trace scene_mode=cloud
[INFO] [launch]: All log files can be found below /tmp/fov_gvf_ego1p1_isaac_ros_log/2026-09-24-16-36-40-201029-starry-System-Product-Name-16988
[INFO] [launch]: Default logging verbosity is set to INFO
[INFO] [depth_angular_controller-1]: process started with pid [16990]
[INFO] [position_cmd_to_twist-2]: process started with pid [16992]
[depth_angular_controller-1] [INFO] [1790239000.567305241] [depth_angular_controller]: C++ controller commands publish on /position_cmd; horizontal views=4
[ROS CHECK] ROS_DOMAIN_ID=84 /position_cmd publishers=1
Type: pc_gvf_msgs/msg/PositionCommand
Publisher count: 1
Subscription count: 1
/depth_angular_controller
/position_cmd_to_twist
WARNING: All log messages before absl::InitializeLog() is called are written to STDERR
E0000 00:00:1790239001.593258   17040 descriptor_database.cc:633] File already exists in database: grpc/health/v1/health.proto
W0000 00:00:1790239001.593283   17040 message.cc:301] Protobuf GeneratedMessageFactory: File is already registered: grpc/health/v1/health.proto
2026-09-24T08:36:41Z [Info] [carb] Logging to file: /home/starry/isaac-data/isaacsim/kit/logs/Kit/Isaac-Sim Python/6.0/kit_20260924_163641.log
[0.042s] [ext: omni.assets.plugins-0.0.0] startup
[0.043s] [ext: omni.blobkey-1.1.2] startup
[0.043s] [ext: omni.kit.async_engine-0.0.3] startup
[0.317s] [ext: omni.client.lib-1.1.1] startup
[0.325s] [ext: omni.client-1.3.0] startup
[0.327s] [ext: omni.protobuf.lib-1.0.0] startup
[0.328s] [ext: omni.grpc.lib-1.0.0] startup
[0.331s] [ext: omni.metrics.core-0.0.3] startup
[0.331s] [ext: omni.datastore-0.0.0] startup
[0.331s] [ext: omni.gpu_foundation.shadercache.vulkan-1.0.0] startup
[0.333s] [ext: omni.hsscclient-1.1.4] startup
[0.334s] [ext: omni.stats-1.0.1] startup
[0.334s] [ext: omni.ujitso.default-1.0.0] startup
[0.337s] [ext: omni.gpu_foundation-0.0.0] startup
[0.454s] [ext: carb.windowing.plugins-1.0.1] startup
[0.455s] [ext: omni.kit.renderer.init-1.0.1] startup
2026-09-24T08:36:41Z [658ms] [Warning] [omni.rtx] Skipping unsupported non-NVIDIA GPU: AMD Unknown (RADV RAPHAEL_MENDOCINO)
2026-09-24T08:36:41Z [659ms] [Warning] [omni.rtx] Skipping unsupported non-NVIDIA GPU: AMD Unknown (RADV RAPHAEL_MENDOCINO)

|---------------------------------------------------------------------------------------------|
| Driver Version: 580.178.04    | Graphics API: Vulkan
|=============================================================================================|
| GPU | Name                             | Active | LDA | GPU Memory | Vendor-ID | LUID       |
|     |                                  |        |     |            | Device-ID | UUID       |
|     |                                  |        |     |            | Bus-ID    |            |
|---------------------------------------------------------------------------------------------|
| 0   | NVIDIA GeForce RTX 5070          | Yes: 0 |     | 12227   MB | 10de      | 0          |
|     |                                  |        |     |            | 2f04      | 348d89fe.. |
|     |                                  |        |     |            | 1         |            |
|---------------------------------------------------------------------------------------------|
| 1   | AMD Unknown (RADV RAPHAEL_MEND.. |        |     | 10755   MB | 1002      | 0          |
|     |                                  |        |     |            | 13c0      | 00000000.. |
|     |                                  |        |     |            | c         |            |
|=============================================================================================|
| OS: 22.04.5 LTS (Jammy Jellyfish) ubuntu, Version: 22.04.5, Kernel: 6.8.0-138-generic
| XServer Vendor: The X.Org Foundation, XServer Version: 12101004 (1.21.1.4)
| Processor: AMD Ryzen 5 9600X 6-Core Processor
| Cores: 6 | Logical Cores: 12
|---------------------------------------------------------------------------------------------|
| Total Memory (MB): 31241 | Free Memory: 25320
| Total Page/Swap (MB): 15624 | Free Page/Swap: 15624
|---------------------------------------------------------------------------------------------|
2026-09-24T08:36:42Z [868ms] [Warning] [omni.rtx] CPU performance profile is set to powersave. This profile sets the CPU to the lowest frequency reducing performance.
2026-09-24T08:36:42Z [878ms] [Warning] [omni.rtx] IOMMU is enabled.
[0.972s] [ext: omni.kit.pipapi-0.0.0] startup
[0.973s] [ext: omni.kit.pip_archive-0.0.0] startup
[0.973s] [ext: isaacsim.pip.newton-0.6.1] startup
[0.973s] [ext: omni.pip.compute-1.9.2] startup
[0.973s] [ext: omni.isaac.core_archive-5.3.1] startup
[0.974s] [ext: omni.kit.telemetry-0.5.2] startup
[0.988s] [ext: omni.kit.loop-isaac-1.6.0] startup
[0.989s] [ext: omni.kit.test-2.0.7] startup
[1.039s] [ext: omni.materialx.libs-1.0.9] startup
[1.045s] [ext: omni.gpucompute.plugins-0.0.0] startup
[1.045s] [ext: omni.usd.config-1.0.7] startup
[1.048s] [ext: omni.usd.libs-1.0.3] startup
[1.102s] [ext: omni.iray.libs-0.0.1] startup
[1.104s] [ext: omni.mdl-57.0.3] startup
[1.164s] [ext: omni.mdl.neuraylib-0.2.20] startup
[1.167s] [ext: omni.kit.usd.mdl-1.1.9] startup
[1.250s] [ext: omni.appwindow-1.2.2] startup
[1.251s] [ext: omni.kit.renderer.core-1.2.2] startup
2026-09-24T08:36:47Z [6,483ms] [Warning] [carb.windowing-glfw.gamepad] Joystick with unknown remapping detected (will be ignored):  BEITONG BEITONG A2P3A BFM DONGLE [03000000bc2000001c51000011010000]
[6.512s] [ext: omni.kit.renderer.capture-2.0.1] startup
[6.514s] [ext: omni.kit.renderer.imgui-2.0.6] startup
[6.549s] [ext: omni.ui-3.2.0] startup
[6.555s] [ext: omni.kit.mainwindow-1.0.3] startup
[6.556s] [ext: carb.audio-0.1.0] startup
[6.558s] [ext: omni.uiaudio-1.0.0] startup
[6.558s] [ext: omni.kit.uiapp-0.0.0] startup
[6.558s] [ext: omni.usd.schema.metrics.assembler-110.1.0] startup
[6.561s] [ext: omni.usd.schema.audio-0.0.1] startup
[6.563s] [ext: omni.usd_resolver-1.0.0] startup
[6.565s] [ext: omni.usd.core-1.8.3] startup
[6.567s] [ext: omni.metropolis.schema-0.0.3] startup
[6.568s] [ext: isaacsim.anim.robot.schema-0.1.1] startup
[6.569s] [ext: omni.usd.schema.anim-0.0.1] startup
[6.581s] [ext: omni.usd.schema.geospatial-0.0.1] startup
[6.583s] [ext: omni.usd.schema.omnigraph-1.0.1] startup
[6.587s] [ext: omni.usd.schema.semantics-0.0.0] startup
[6.589s] [ext: omni.activity.core-1.0.3] startup
[6.590s] [ext: omni.cubric-0.1.0] startup
[6.590s] [ext: omni.graph.exec-0.9.6] startup
[6.590s] [ext: omni.hydra.scene_delegate-0.3.5] startup
[6.592s] [ext: usdrt.scenegraph-7.6.3] startup
[6.610s] [ext: omni.hydra.usdrt_delegate-7.5.2] startup
[6.614s] [ext: omni.inspect-1.0.2] startup
[6.614s] [ext: omni.kit.actions.core-1.0.0] startup
[6.616s] [ext: omni.kit.audiodeviceenum-1.0.2] startup
[6.617s] [ext: omni.kit.commands-1.5.0] startup
[6.619s] [ext: omni.kit.exec.core-0.13.5] startup
[6.620s] [ext: omni.kit.usd_undo-0.1.8] startup
[6.620s] [ext: omni.kit.window.popup_dialog-2.0.25] startup
[6.623s] [ext: omni.kit.widget.nucleus_connector-2.3.1] startup
[6.625s] [ext: omni.timeline-1.1.0] startup
[6.626s] [ext: omni.usd-1.16.0] startup
[6.651s] [ext: omni.graph.core-3.1.2] startup
[6.653s] [ext: omni.kit.notification_manager-1.0.11] startup
[6.654s] [ext: isaacsim.core.deprecation_manager-0.4.2] startup
[6.655s] [ext: isaacsim.replicator.agent.schema-0.1.1] startup
[6.656s] [ext: isaacsim.robot.schema-6.3.7] startup
[6.659s] [ext: isaacsim.robot_motion.schema-0.2.1] startup
[6.660s] [ext: omni.anim.behavior.schema-110.1.0] startup
[6.663s] [ext: omni.anim.graph.schema-110.1.1] startup
[6.667s] [ext: omni.anim.navigation.schema-110.1.0] startup
[6.669s] [ext: omni.behavior.tree.schema-110.1.0] startup
[6.670s] [ext: omni.isaac.ml_archive-3.3.0] startup
[6.670s] [ext: omni.kit.asset_converter-6.0.1] startup
[6.679s] [ext: omni.pip.cloud-1.5.4] startup
[6.681s] [ext: omni.usd.schema.flow-110.0.0] startup
[6.681s] [ext: omni.usd.schema.mujoco-1.1.1] startup
[6.681s] [ext: omni.usd.schema.newton-1.2.1] startup
[6.682s] [ext: omni.usd.schema.omni_lens_distortion-1.0.0] startup
[6.682s] [ext: omni.usd.schema.omni_projectors-1.0.0] startup
[6.683s] [ext: omni.usd.schema.omni_sensors-0.0.0] startup
[6.689s] [ext: omni.usd.schema.omniscripting-1.0.1] startup
[6.692s] [ext: omni.usd.schema.physical_lighting-0.1.0] startup
[6.694s] [ext: omni.usd.schema.physx-110.1.13] startup
[6.718s] [ext: omni.usd.schema.render_settings.rtx-1.0.2] startup
[6.720s] [ext: omni.usd.schema.usd_particle_field-1.0.0] startup
[6.721s] [ext: isaacsim.core.version-2.1.1] startup
[6.721s] [ext: omni.kit.menu.core-1.2.0] startup
[6.722s] [ext: omni.kit.menu.utils-2.2.4] startup
[6.727s] [ext: isaacsim.app.about-2.3.1] startup
[6.731s] [ext: isaacsim.asset.transformer-1.2.5] startup
[6.733s] [ext: omni.scene.optimizer.core-110.1.0] startup
[6.762s] [ext: isaacsim.asset.importer.utils-1.8.1] startup
[6.764s] [ext: omni.convexdecomposition-110.1.13] startup
[6.766s] [ext: omni.physics-110.1.13] startup
[6.768s] [ext: omni.physx.gpu-110.1.13] startup
[6.768s] [ext: omni.physx.foundation-110.1.13] startup
[6.769s] [ext: omni.usdphysics-110.1.13] startup
[6.770s] [ext: omni.physx.cooking-110.1.13] startup
[6.772s] [ext: omni.physx-110.1.13] startup
[6.778s] [ext: omni.physics.physx-110.1.13] startup
[6.780s] [ext: isaacsim.asset.exporter.urdf-2.0.5] startup
[6.786s] [ext: omni.kit.clipboard-1.1.1] startup
[6.786s] [ext: omni.kit.usd.layers-2.6.1] startup
[6.791s] [ext: omni.kit.widget.context_menu-1.4.0] startup
[6.792s] [ext: omni.kit.context_menu-1.9.0] startup
[6.794s] [ext: omni.kit.helper.file_utils-0.1.10] startup
[6.795s] [ext: omni.kit.widget.nucleus_info-2.0.2] startup
[6.795s] [ext: omni.kit.search_core-1.0.8] startup
[6.796s] [ext: omni.kit.widget.path_field-2.0.13] startup
[6.796s] [ext: omni.kit.widget.browser_bar-2.0.10] startup
[6.797s] [ext: omni.kit.widget.filebrowser-2.13.4] startup
[6.800s] [ext: omni.kit.widget.options_menu-1.1.6] startup
[6.802s] [ext: omni.kit.widget.options_button-1.0.3] startup
[6.802s] [ext: omni.kit.widget.search_delegate-1.0.9] startup
[6.803s] [ext: omni.ui.scene-2.0.3] startup
[6.806s] [ext: omni.kit.window.filepicker-2.15.5] startup
[6.815s] [ext: omni.kit.window.file_importer-1.1.21] startup
[6.817s] [ext: omni.kit.material.library-3.1.2] startup
[6.820s] [ext: isaacsim.asset.transformer.rules-1.7.10] startup
[6.828s] [ext: omni.usdex.libs-2.2.2] startup
[6.833s] [ext: isaacsim.asset.importer.mjcf-3.10.1] startup
[6.835s] [ext: isaacsim.asset.importer.urdf-3.11.2] startup
[6.838s] [ext: omni.kit.primitive.mesh-1.1.0] startup
[6.840s] [ext: omni.kit.stage_template.core-1.1.22] startup
[6.840s] [ext: omni.kit.stage_templates-2.0.2] startup
[6.841s] [ext: omni.usd.metrics.assembler-110.1.2] startup
[6.843s] [ext: omni.warp.core-1.13.0] startup
[7.024s] [ext: isaacsim.core.experimental.utils-0.17.2] startup
[7.025s] [ext: omni.physics.stageupdate-110.1.13] startup
[7.026s] [ext: omni.physics.tensors-110.1.13] startup
[7.029s] [ext: omni.physx.tensors-110.1.13] startup
[7.032s] [ext: isaacsim.core.simulation_manager-1.15.6] startup
[7.042s] [ext: isaacsim.storage.native-1.9.3] startup
[7.043s] [ext: omni.usd.metrics.assembler.physics-110.1.13] startup
[7.044s] [ext: isaacsim.core.utils-4.1.7] startup
[7.046s] [ext: isaacsim.core.prims-0.11.7] startup
[7.905s] [ext: isaacsim.core.api-5.2.13] startup
[7.910s] [ext: isaacsim.core.cloner-1.7.3] startup
[7.911s] [ext: isaacsim.test.docstring-1.3.2] startup
[7.913s] [ext: isaacsim.core.experimental.prims-1.8.9] startup
[7.931s] [ext: isaacsim.core.experimental.primdata-0.3.2] startup
[7.933s] [ext: omni.graph.tools-1.81.0] startup
[7.951s] [ext: omni.graph-1.142.5] startup
[7.982s] [ext: isaacsim.core.experimental.actuators-0.1.2] startup
[7.995s] [ext: isaacsim.core.experimental.materials-0.7.1] startup
[7.997s] [ext: isaacsim.core.experimental.objects-0.8.1] startup
[8.049s] [ext: omni.hydra.engine.stats-1.0.5] startup
[8.051s] [ext: omni.hydra.rtx.shadercache.vulkan-1.0.0] startup
[8.052s] [ext: omni.index.libs-387500.4413.0] startup
[8.052s] [ext: omni.index-1.0.1] startup
[8.053s] [ext: omni.ujitso.client-0.0.0] startup
[8.053s] [ext: omni.usd.schema.playback-1.0.0] startup
[8.055s] [ext: omni.volume-0.5.2] startup
[8.059s] [ext: omni.hydra.rtx-1.0.4] startup
2026-09-24T08:36:49Z [8,050ms] [Warning] [omni.log] Source: omni.hydra was already registered.
[8.079s] [ext: omni.kit.hydra_texture-1.6.0] startup
[8.082s] [ext: omni.kit.raycast.query-1.2.0] startup
[8.085s] [ext: omni.kit.viewport.legacy_gizmos-1.0.24] startup
[8.087s] [ext: omni.kit.viewport.registry-104.0.6] startup
[8.088s] [ext: omni.kit.viewport.scene_camera_model-1.0.7] startup
[8.090s] [ext: omni.kit.widget.viewport-109.2.0] startup
[8.094s] [ext: omni.kit.window.drop_support-1.0.8] startup
[8.095s] [ext: omni.kit.viewport.window-109.0.2] startup
[8.108s] [ext: omni.kit.viewport.utility-2.0.1] startup
[8.109s] [ext: isaacsim.core.rendering_manager-0.4.3] startup
[8.129s] [ext: omni.graph.action_core-1.1.9] startup
[8.131s] [ext: omni.graph.action_nodes_core-2.11.0] startup
[8.132s] [ext: omni.graph.action_nodes-2.11.0] startup
[8.147s] [ext: omni.graph.action-2.10.2] startup
[8.148s] [ext: omni.graph.image.core-0.6.1] startup
[8.149s] [ext: omni.graph.image.nodes-1.3.1] startup
[8.150s] [ext: omni.graph.nodes_core-2.11.0] startup
[8.153s] [ext: omni.graph.nodes-2.12.0] startup
[8.157s] [ext: omni.kit.hotkeys.core-1.3.12] startup
[8.158s] [ext: omni.kit.property.adapter.core-1.1.1] startup
[8.160s] [ext: omni.kit.property.adapter.usd-1.0.5] startup
[8.161s] [ext: omni.kit.widget.filter-1.1.5] startup
[8.162s] [ext: omni.kit.widget.highlight_label-1.0.3] startup
[8.163s] [ext: omni.kit.widget.searchfield-1.1.8] startup
[8.164s] [ext: omni.kit.window.file_exporter-1.0.36] startup
[8.165s] [ext: omni.kit.widget.stage-4.4.0] startup
[8.171s] [ext: omni.kit.window.content_browser_registry-0.0.6] startup
[8.172s] [ext: omni.kit.window.file-2.0.10] startup
[8.175s] [ext: omni.kit.window.content_browser-3.1.8] startup
[8.183s] [ext: omni.kit.window.property-1.15.1] startup
[8.192s] [ext: omni.kit.property.usd-4.9.4] startup
[8.200s] [ext: omni.graph.scriptnode-2.10.2] startup
[8.207s] [ext: omni.kit.widget.searchable_combobox-1.0.7] startup
[8.208s] [ext: omni.kit.widget.settings-2.0.0] startup
[8.209s] [ext: omni.kit.window.preferences-1.8.3] startup
[8.213s] [ext: omni.kit.viewport.menubar.core-107.2.2] startup
[8.223s] [ext: omni.syntheticdata-0.6.15] startup
[8.246s] [ext: omni.replicator.nv-1.1.1] startup
[8.250s] [ext: omni.videoencoding-0.2.1] startup
[8.251s] [ext: omni.replicator.core-1.13.27] startup
2026-09-24T08:36:49Z [8,239ms] [Warning] [pxr.Semantics] pxr.Semantics is deprecated - please use Semantics instead
2026-09-24T08:36:49Z [8,304ms] [Warning] [omni.replicator.core.scripts.extension] No material configuration file, adding configuration to material settings directly.
[8.449s] [ext: isaacsim.core.nodes-5.10.5] startup
[8.474s] [ext: isaacsim.core.throttling-2.3.5] startup
[8.475s] [ext: omni.kit.manipulator.viewport-107.0.1] startup
[8.476s] [ext: omni.graph.visualization.nodes-2.1.4] startup
[8.487s] [ext: omni.kit.window.extensions-1.5.10] startup
[8.492s] [ext: isaacsim.gui.components-1.8.5] startup
[8.496s] [ext: isaacsim.robot.surface_gripper-3.6.2] startup
[8.505s] [ext: isaacsim.robot.manipulators-3.4.4] startup
[8.514s] [ext: isaacsim.robot_motion.lula-4.1.3] startup
[8.519s] [ext: isaacsim.robot_motion.motion_generation-8.2.9] startup
[8.524s] [ext: isaacsim.cortex.framework-1.0.18] startup
[8.525s] [ext: isaacsim.cortex.behaviors-2.0.17] startup
[8.526s] [ext: isaacsim.examples.base-1.3.2] startup
[8.527s] [ext: omni.kit.widget.zoombar-1.0.7] startup
[8.528s] [ext: omni.kit.browser.core-2.3.18] startup
[8.531s] [ext: omni.kit.browser.folder.core-2.0.2] startup
[8.534s] [ext: omni.kit.widget.stage_icons-1.0.8] startup
[8.535s] [ext: omni.kit.window.stage-2.6.1] startup
[8.537s] [ext: omni.kit.menu.stage-1.2.7] startup
[8.538s] [ext: omni.kit.usd.collect-3.0.6] startup
[8.540s] [ext: omni.kit.widget.prompt-1.0.7] startup
[8.541s] [ext: omni.kit.tool.collect-2.2.19] startup
[8.543s] [ext: isaacsim.examples.browser-0.3.2] startup
[8.544s] [ext: omni.kit.search.files-1.0.4] startup
[8.545s] [ext: omni.kit.widget.calendar-1.0.9] startup
[8.546s] [ext: omni.kit.widget.extended_searchfield-1.0.31] startup
[8.552s] [ext: omni.simready.content.browser-0.3.7] startup
[8.635s] [ext: isaacsim.gui.content_browser-0.4.3] startup
[8.637s] [ext: omni.kit.selection-0.1.6] startup
[8.638s] [ext: isaacsim.gui.menu-2.10.5] startup
[8.645s] [ext: isaacsim.gui.property-1.6.4] startup
[8.650s] [ext: omni.kit.viewport.actions-110.0.0] startup
[8.654s] [ext: omni.kit.viewport.menubar.display-107.1.3] startup
[8.655s] [ext: isaacsim.gui.sensors.icon-2.2.1] startup
[8.658s] [ext: omni.behavior.scripting.core-110.1.0] startup
[8.660s] [ext: isaacsim.replicator.behavior-1.5.4] startup
[8.661s] [ext: isaacsim.replicator.experimental.domain_randomization-1.2.5] startup
[8.674s] [ext: isaacsim.replicator.domain_randomization-1.2.2] startup
[8.739s] [ext: isaacsim.replicator.writers-1.5.4] startup
[8.760s] [ext: isaacsim.robot.experimental.wheeled_robots-0.2.11] startup
[8.780s] [ext: isaacsim.robot.policy.examples-5.2.12] startup
[8.796s] [ext: isaacsim.robot.wheeled_robots-5.2.4] startup
[8.799s] [ext: isaacsim.robot.wheeled_robots.nodes-0.1.5] startup
[8.815s] [ext: isaacsim.robot_motion.experimental.motion_generation-6.1.3] startup
[8.825s] [ext: isaacsim.robot_motion.cumotion-1.3.1] startup
[8.836s] [ext: omni.kit.numpy.common-0.1.3] startup
[8.838s] [ext: isaacsim.sensors.camera-1.7.9] startup
[8.864s] [ext: isaacsim.sensors.experimental.physics-3.0.2] startup
[8.870s] [ext: omni.sensors.net-1.0.1] startup
[8.872s] [ext: omni.sensors.nv.common-3.0.0] startup
[8.881s] [ext: omni.sensors.nv.materials-2.0.0] startup
[8.883s] [ext: omni.sensors.nv.acoustic-3.0.0] startup
[8.885s] [ext: omni.sensors.nv.ids-2.0.1] startup
[8.886s] [ext: omni.sensors.nv.lidar-3.0.0] startup
[8.889s] [ext: omni.sensors.nv.radar-3.0.0] startup
[8.891s] [ext: isaacsim.sensors.experimental.rtx-1.4.6] startup
[9.117s] [ext: isaacsim.sensors.physics.nodes-1.5.3] startup
[9.122s] [ext: isaacsim.util.debug_draw-3.2.3] startup
[9.126s] [ext: isaacsim.sensors.physx-2.5.5] startup
[9.132s] [ext: isaacsim.sensors.rtx-15.17.1] startup
[9.141s] [ext: isaacsim.simulation_app-2.18.4] startup
[9.141s] [ext: omni.anim.curve.core-1.6.0] startup
[9.149s] [ext: omni.graph.ui_nodes-2.11.1] startup
[9.169s] [ext: omni.hydra.scene_api-0.1.3] startup
[9.172s] [ext: omni.kit.manipulator.camera-110.0.0] startup
[9.175s] [ext: omni.kit.manipulator.selector-1.1.4] startup
[9.176s] [ext: omni.kit.manipulator.transform-107.0.0] startup
[9.179s] [ext: omni.kit.widget.toolbar-2.1.0] startup
[9.184s] [ext: omni.kit.manipulator.tool.snap-1.5.14] startup
[9.188s] [ext: omni.kit.viewport.manipulator.transform-107.0.4] startup
[9.189s] [ext: omni.kit.manipulator.prim.core-108.0.2] startup
[9.194s] [ext: omni.kit.manipulator.prim.usd-107.0.3] startup
[9.195s] [ext: omni.kit.manipulator.prim-108.0.0] startup
[9.195s] [ext: omni.kit.manipulator.selection-109.0.1] startup
[9.196s] [ext: omni.kit.menu.create-2.0.2] startup
[9.197s] [ext: omni.kit.property.audio-1.0.16] startup
[9.200s] [ext: omni.kit.property.camera-1.0.14] startup
[9.201s] [ext: omni.kit.property.geometry-2.1.2] startup
[9.204s] [ext: omni.kit.property.light-1.0.14] startup
2026-09-24T08:36:50Z [9,204ms] [Warning] [omni.usd] Encountered USD Warnings but USD Diagnostics are currently muted. To view USD Warnings, please set the '/persistent/app/usd/muteUsdDiagnostics' setting to false in Preferences page.
[9.229s] [ext: omni.kit.property.material-1.14.6] startup
[9.234s] [ext: omni.kit.property.render-1.2.2] startup
[9.235s] [ext: omni.kit.property.transform-1.6.9] startup
[9.237s] [ext: omni.kit.property.bundle-1.5.1] startup
[9.239s] [ext: omni.kit.usdz_export-1.1.0] startup
[9.241s] [ext: omni.kit.tool.asset_importer-6.0.1] startup
[9.245s] [ext: omni.kit.ui.actions-1.0.5] startup
[9.246s] [ext: omni.kit.viewport.menubar.camera-107.0.10] startup
[9.250s] [ext: omni.kit.viewport.menubar.lighting-107.3.2] startup
[9.252s] [ext: omni.kit.viewport.menubar.render-110.0.0] startup
[9.254s] [ext: omni.kit.viewport.menubar.settings-110.0.1] startup
[9.257s] [ext: omni.kit.window.console-1.1.9] startup
[9.260s] [ext: omni.kit.window.status_bar-0.1.11] startup
[9.262s] [ext: omni.kit.window.toolbar-3.0.3] startup
[9.264s] [ext: omni.ocio-0.1.1] startup
[9.265s] [ext: omni.physx.commands-110.1.13] startup
[9.268s] [ext: omni.replicator.replicator_yaml-2.0.12] startup
[9.276s] [ext: omni.rtx.window.settings-0.8.0] startup
[9.280s] [ext: omni.rtx.settings.core-0.7.1] startup
[9.282s] [ext: omni.usd.metrics.assembler.ui-110.1.1] startup
[9.288s] [ext: semantics.schema.editor-2.0.2] startup
[9.290s] [ext: semantics.schema.property-2.0.2] startup
[9.291s] [ext: omni.kit.menu.common-2.0.2] startup
[9.292s] [ext: isaacsim.exp.base-6.0.1] startup
[9.293s] [ext: isaacsim.exp.base.python-6.0.1] startup
[9.294s] Simulation App Starting
[10.313s] Simulation App Startup Complete
[10.317s] app ready
Starting kit application with the following args:  ['/home/starry/isaac-data/isaacsim/exts/isaacsim.simulation_app/isaacsim/simulation_app/simulation_app.py', '/home/starry/isaac-data/isaacsim/apps/isaacsim.exp.base.python.kit', '--/app/tokens/exe-path=/home/starry/isaac-data/isaacsim/kit', '--/persistent/app/viewport/displayOptions=3094', '--/rtx/materialDb/syncLoads=True', '--/rtx/hydra/materialSyncLoads=True', '--/omni/kit/plugin/syncUsdLoads=True', '--/app/renderer/resolution/width=1280', '--/app/renderer/resolution/height=720', '--/app/window/width=1440', '--/app/window/height=900', '--/renderer/multiGpu/enabled=False', '--/app/fastShutdown=True', '--/app/installSignalHandlers=0', '--ext-folder', '/home/starry/isaac-data/isaacsim/exts', '--ext-folder', '/home/starry/isaac-data/isaacsim/apps', '--/renderer/activeGpu=0', '--/physics/cudaDevice=0', '--/plugins/carb.tasking.plugin/threadCount=12', '--/plugins/omni.tbb.globalcontrol/maxThreadCount=12', '--portable', '--no-window', '--/app/window/hideUi=1']
Passing the following args to the base kit application:  []
Warp 1.13.0 initialized:
   CUDA Toolkit 12.9, Driver 13.0
   Devices:
     "cpu"      : "x86_64"
     "cuda:0"   : "NVIDIA GeForce RTX 5070" (11 GiB, sm_120, mempool enabled)
   Kernel cache:
     /home/starry/.cache/warp/1.13.0
[LIGHTING] sun=800.0 (1) dome=0.0 (1) ambient=0.05 constant_color=(0.6, 0.65, 0.7)
[RENDER] mode=MinimalRendering minimal_shading_mode=2 anti_aliasing=TAA
[DEPTH CAMERAS] count=4 resolution_each=320x240 horizontal_coverage=360deg
[ESDF] path=/home/starry/isaac-data/EGO1P1/scenes/ego_swarm_cloud/occupancy.bin shape=(400, 300, 50) resolution=0.40m
[depth_angular_controller-1] [INFO] [1790239014.004597700] [depth_angular_controller]: WAITING_ODOMETRY
[NAV] t=0.0s position=(-64.00,-11.20,2.80) yaw=0.0deg command=(0.00,0.00,0.00) manual_active=0 collision_blocks=0
[depth_angular_controller-1] [INFO] [1790239014.566721442] [depth_angular_controller]: WAITING_VERIFIED_START_POSE
[depth_angular_controller-1] [INFO] [1790239014.599217068] [depth_angular_controller]: VERIFIED_FREE_SEED center=(-64.000,-11.200,2.800) radius=2.500: verified fixed Cloud free ball; USD and occupancy SHA-256 matched
[depth_angular_controller-1] [INFO] [1790239014.599898328] [depth_angular_controller]: ZERO_INTENT
[depth_angular_controller-1] [INFO] [1790239015.307154438] [depth_angular_controller]: 3D guidance switched to view 0
[depth_angular_controller-1] [INFO] [1790239015.313285208] [depth_angular_controller]: TARGET_HOLD
[depth_angular_controller-1] [INFO] [1790239017.225473074] [depth_angular_controller]: NO_REGULAR_FIELD
[10.835s] [ext: isaacsim.sensors.rtx.nodes-0.1.2] startup
[10.843s] [ext: isaacsim.ros2.core-1.9.4] startup
[10.857s] Attempting to load system rclpy
[10.857s] Could not import system rclpy: No module named 'rclpy'
[10.857s] Attempting to load internal rclpy for ROS Distro: humble
[10.868s] rclpy loaded
[10.871s] [ext: isaacsim.ros2.nodes-1.18.13] startup
[10.905s] [ext: isaacsim.ros2.examples-1.2.4] startup
[10.909s] [ext: isaacsim.ros2.ui-1.6.5] startup
[11.117s] [ext: isaacsim.ros2.bridge-5.1.2] startup
2026-09-24T08:36:54Z [13,317ms] [Warning] [omni.timeline.plugin] Deprecated: direct use of ITimeline callbacks is deprecated. Use ITimeline::getTimeline (Python: omni.timeline.get_timeline_interface) instead.
[position_cmd_to_twist-2] [INFO] [1790239018.774763311] [position_cmd_to_twist]: [PERF BRIDGE] run=paper_verified_capture elapsed=18.19s received=245 published=245 fps(ros/wall)=49.80/58.22 controller_to_bridge_ms(mean/p50/p95/max)=0.000/0.000/0.000/0.000 bridge_process_ms(mean/p95/max)=0.088/0.112/1.764
[NAV] t=5.0s position=(-62.44,-11.20,2.80) yaw=0.0deg command=(0.00,0.00,0.00) manual_active=1 collision_blocks=0
[depth_angular_controller-1] [INFO] [1790239019.590131029] [depth_angular_controller]: [PERF CTRL] run=paper_verified_capture elapsed=19.02s callbacks=288 commands=287 guidance=238 command_fps(ros/wall)=49.74/56.93 guidance_wall_fps=55.34 avoid_ms(mean/p50/p95/max)=1.343/1.410/2.942/6.392 cycle_ms(mean/p95/max)=17.564/29.110/87.352 depth_to_cmd_ms(mean/p95/max)=16.807/16.667/33.333 callback_to_publish_ms(mean/p95/max)=2.851/8.000/13.501
[position_cmd_to_twist-2] [INFO] [1790239023.272468774] [position_cmd_to_twist]: [PERF BRIDGE] run=paper_verified_capture elapsed=22.70s received=495 published=495 fps(ros/wall)=49.90/56.78 controller_to_bridge_ms(mean/p50/p95/max)=3.266/0.000/16.667/16.667 bridge_process_ms(mean/p95/max)=0.085/0.104/1.764
[NAV] t=10.0s position=(-62.44,-11.20,2.80) yaw=0.0deg command=(0.00,0.00,0.00) manual_active=1 collision_blocks=0
[MANUAL RESULT] TIMEOUT position=(-62.436,-11.200,2.800)
[PERF ISAAC FINAL] run=paper_verified_capture result=MANUAL_TIMEOUT wall=9.34s sim_frames=603 fps(sim/wall)=60.20/64.58 command_changes=5 collision_blocks=0 frame_interval_ms(mean/p50/p95/max)=14.615/13.426/15.430/76.535
[22.327s] Simulation App Shutting Down
[depth_angular_controller-1] [INFO] [1790239023.890735488] [rclcpp]: signal_handler(SIGINT/SIGTERM)
[depth_angular_controller-1] [INFO] [1790239023.890931519] [depth_angular_controller]: [PERF CTRL FINAL] run=paper_verified_capture elapsed=23.32s callbacks=501 commands=500 guidance=451 command_fps(ros/wall)=49.90/56.88 guidance_wall_fps=56.03 avoid_ms(mean/p50/p95/max)=3.003/2.874/5.550/7.801 cycle_ms(mean/p95/max)=17.580/30.589/91.071 depth_to_cmd_ms(mean/p95/max)=19.734/33.333/33.333 callback_to_publish_ms(mean/p95/max)=6.356/15.418/17.464
[position_cmd_to_twist-2] [INFO] [1790239023.891265652] [position_cmd_to_twist]: [PERF BRIDGE FINAL] run=paper_verified_capture elapsed=23.31s received=500 published=500 fps(ros/wall)=49.90/56.89 controller_to_bridge_ms(mean/p50/p95/max)=3.333/0.000/16.667/16.667 bridge_process_ms(mean/p95/max)=0.085/0.104/1.764
[position_cmd_to_twist-2] Failed to publish log message to rosout: publisher's context is invalid, at ./src/rcl/publisher.c:389
[INFO] [depth_angular_controller-1]: process has finished cleanly [pid 16990]
[INFO] [position_cmd_to_twist-2]: process has finished cleanly [pid 16992]
