[PERF] run=paper_verified_latency_model log=/tmp/paper-verified-isaac-performance.md
[INPUT] mode=trace scene_mode=cloud
[INFO] [launch]: All log files can be found below /tmp/fov_gvf_ego1p1_isaac_ros_log/2026-09-24-17-25-20-180693-starry-System-Product-Name-35042
[INFO] [launch]: Default logging verbosity is set to INFO
[INFO] [depth_angular_controller-1]: process started with pid [35044]
[INFO] [position_cmd_to_twist-2]: process started with pid [35046]
[depth_angular_controller-1] [INFO] [1790241920.214402174] [depth_angular_controller]: C++ controller commands publish on /position_cmd; horizontal views=4
[ROS CHECK] ROS_DOMAIN_ID=84 /position_cmd publishers=1
Type: pc_gvf_msgs/msg/PositionCommand
Publisher count: 1
Subscription count: 1
/depth_angular_controller
/position_cmd_to_twist
WARNING: All log messages before absl::InitializeLog() is called are written to STDERR
E0000 00:00:1790241921.165751   35084 descriptor_database.cc:633] File already exists in database: grpc/health/v1/health.proto
W0000 00:00:1790241921.165776   35084 message.cc:301] Protobuf GeneratedMessageFactory: File is already registered: grpc/health/v1/health.proto
2026-09-24T09:25:20Z [Info] [carb] Logging to file: /home/starry/isaac-data/isaacsim/kit/logs/Kit/Isaac-Sim Python/6.0/kit_20260924_172520.log
[0.043s] [ext: omni.assets.plugins-0.0.0] startup
[0.043s] [ext: omni.blobkey-1.1.2] startup
[0.044s] [ext: omni.kit.async_engine-0.0.3] startup
[0.311s] [ext: omni.client.lib-1.1.1] startup
[0.318s] [ext: omni.client-1.3.0] startup
[0.320s] [ext: omni.protobuf.lib-1.0.0] startup
[0.321s] [ext: omni.grpc.lib-1.0.0] startup
[0.324s] [ext: omni.metrics.core-0.0.3] startup
[0.324s] [ext: omni.datastore-0.0.0] startup
[0.325s] [ext: omni.gpu_foundation.shadercache.vulkan-1.0.0] startup
[0.327s] [ext: omni.hsscclient-1.1.4] startup
[0.327s] [ext: omni.stats-1.0.1] startup
[0.328s] [ext: omni.ujitso.default-1.0.0] startup
[0.330s] [ext: omni.gpu_foundation-0.0.0] startup
[0.453s] [ext: carb.windowing.plugins-1.0.1] startup
[0.453s] [ext: omni.kit.renderer.init-1.0.1] startup
2026-09-24T09:25:21Z [653ms] [Warning] [omni.rtx] Skipping unsupported non-NVIDIA GPU: AMD Unknown (RADV RAPHAEL_MENDOCINO)
2026-09-24T09:25:21Z [653ms] [Warning] [omni.rtx] Skipping unsupported non-NVIDIA GPU: AMD Unknown (RADV RAPHAEL_MENDOCINO)

|---------------------------------------------------------------------------------------------|
| Driver Version: 580.178.04    | Graphics API: Vulkan
|=============================================================================================|
| GPU | Name                             | Active | LDA | GPU Memory | Vendor-ID | LUID       |
|     |                                  |        |     |            | Device-ID | UUID       |
|     |                                  |        |     |            | Bus-ID    |            |
|---------------------------------------------------------------------------------------------|
| 0   | NVIDIA GeForce RTX 5070          | Yes: 0 |     | 12227   MB | 10de      | 0          |
|     |                                  |        |     |            | 2f04      | 348d89fe.. |
|     |                                  |        |     |            | 1         |            |
|---------------------------------------------------------------------------------------------|
| 1   | AMD Unknown (RADV RAPHAEL_MEND.. |        |     | 10755   MB | 1002      | 0          |
|     |                                  |        |     |            | 13c0      | 00000000.. |
|     |                                  |        |     |            | c         |            |
|=============================================================================================|
| OS: 22.04.5 LTS (Jammy Jellyfish) ubuntu, Version: 22.04.5, Kernel: 6.8.0-138-generic
| XServer Vendor: The X.Org Foundation, XServer Version: 12101004 (1.21.1.4)
| Processor: AMD Ryzen 5 9600X 6-Core Processor
| Cores: 6 | Logical Cores: 12
|---------------------------------------------------------------------------------------------|
| Total Memory (MB): 31241 | Free Memory: 25394
| Total Page/Swap (MB): 15624 | Free Page/Swap: 15624
|---------------------------------------------------------------------------------------------|
2026-09-24T09:25:21Z [868ms] [Warning] [omni.rtx] CPU performance profile is set to powersave. This profile sets the CPU to the lowest frequency reducing performance.
2026-09-24T09:25:21Z [876ms] [Warning] [omni.rtx] IOMMU is enabled.
[0.976s] [ext: omni.kit.pipapi-0.0.0] startup
[0.977s] [ext: omni.kit.pip_archive-0.0.0] startup
[0.978s] [ext: isaacsim.pip.newton-0.6.1] startup
[0.978s] [ext: omni.pip.compute-1.9.2] startup
[0.978s] [ext: omni.isaac.core_archive-5.3.1] startup
[0.978s] [ext: omni.kit.telemetry-0.5.2] startup
[0.996s] [ext: omni.kit.loop-isaac-1.6.0] startup
[0.998s] [ext: omni.kit.test-2.0.7] startup
[1.048s] [ext: omni.materialx.libs-1.0.9] startup
[1.054s] [ext: omni.gpucompute.plugins-0.0.0] startup
[1.055s] [ext: omni.usd.config-1.0.7] startup
[1.058s] [ext: omni.usd.libs-1.0.3] startup
[1.113s] [ext: omni.iray.libs-0.0.1] startup
[1.115s] [ext: omni.mdl-57.0.3] startup
[1.177s] [ext: omni.mdl.neuraylib-0.2.20] startup
[1.180s] [ext: omni.kit.usd.mdl-1.1.9] startup
[1.263s] [ext: omni.appwindow-1.2.2] startup
[1.265s] [ext: omni.kit.renderer.core-1.2.2] startup
2026-09-24T09:25:27Z [6,487ms] [Warning] [carb.windowing-glfw.gamepad] Joystick with unknown remapping detected (will be ignored):  BEITONG BEITONG A2P3A BFM DONGLE [03000000bc2000001c51000011010000]
[6.518s] [ext: omni.kit.renderer.capture-2.0.1] startup
[6.519s] [ext: omni.kit.renderer.imgui-2.0.6] startup
[6.554s] [ext: omni.ui-3.2.0] startup
[6.561s] [ext: omni.kit.mainwindow-1.0.3] startup
[6.561s] [ext: carb.audio-0.1.0] startup
[6.563s] [ext: omni.uiaudio-1.0.0] startup
[6.564s] [ext: omni.kit.uiapp-0.0.0] startup
[6.564s] [ext: omni.usd.schema.metrics.assembler-110.1.0] startup
[6.566s] [ext: omni.usd.schema.audio-0.0.1] startup
[6.568s] [ext: omni.usd_resolver-1.0.0] startup
[6.571s] [ext: omni.usd.core-1.8.3] startup
[6.573s] [ext: omni.metropolis.schema-0.0.3] startup
[6.573s] [ext: isaacsim.anim.robot.schema-0.1.1] startup
[6.574s] [ext: omni.usd.schema.anim-0.0.1] startup
[6.586s] [ext: omni.usd.schema.geospatial-0.0.1] startup
[6.588s] [ext: omni.usd.schema.omnigraph-1.0.1] startup
[6.592s] [ext: omni.usd.schema.semantics-0.0.0] startup
[6.594s] [ext: omni.activity.core-1.0.3] startup
[6.595s] [ext: omni.cubric-0.1.0] startup
[6.595s] [ext: omni.graph.exec-0.9.6] startup
[6.595s] [ext: omni.hydra.scene_delegate-0.3.5] startup
[6.597s] [ext: usdrt.scenegraph-7.6.3] startup
[6.616s] [ext: omni.hydra.usdrt_delegate-7.5.2] startup
[6.619s] [ext: omni.inspect-1.0.2] startup
[6.620s] [ext: omni.kit.actions.core-1.0.0] startup
[6.622s] [ext: omni.kit.audiodeviceenum-1.0.2] startup
[6.623s] [ext: omni.kit.commands-1.5.0] startup
[6.625s] [ext: omni.kit.exec.core-0.13.5] startup
[6.626s] [ext: omni.kit.usd_undo-0.1.8] startup
[6.626s] [ext: omni.kit.window.popup_dialog-2.0.25] startup
[6.629s] [ext: omni.kit.widget.nucleus_connector-2.3.1] startup
[6.631s] [ext: omni.timeline-1.1.0] startup
[6.632s] [ext: omni.usd-1.16.0] startup
[6.657s] [ext: omni.graph.core-3.1.2] startup
[6.659s] [ext: omni.kit.notification_manager-1.0.11] startup
[6.660s] [ext: isaacsim.core.deprecation_manager-0.4.2] startup
[6.661s] [ext: isaacsim.replicator.agent.schema-0.1.1] startup
[6.662s] [ext: isaacsim.robot.schema-6.3.7] startup
[6.665s] [ext: isaacsim.robot_motion.schema-0.2.1] startup
[6.666s] [ext: omni.anim.behavior.schema-110.1.0] startup
[6.669s] [ext: omni.anim.graph.schema-110.1.1] startup
[6.673s] [ext: omni.anim.navigation.schema-110.1.0] startup
[6.675s] [ext: omni.behavior.tree.schema-110.1.0] startup
[6.676s] [ext: omni.isaac.ml_archive-3.3.0] startup
[6.676s] [ext: omni.kit.asset_converter-6.0.1] startup
[6.685s] [ext: omni.pip.cloud-1.5.4] startup
[6.687s] [ext: omni.usd.schema.flow-110.0.0] startup
[6.687s] [ext: omni.usd.schema.mujoco-1.1.1] startup
[6.687s] [ext: omni.usd.schema.newton-1.2.1] startup
[6.688s] [ext: omni.usd.schema.omni_lens_distortion-1.0.0] startup
[6.688s] [ext: omni.usd.schema.omni_projectors-1.0.0] startup
[6.689s] [ext: omni.usd.schema.omni_sensors-0.0.0] startup
[6.695s] [ext: omni.usd.schema.omniscripting-1.0.1] startup
[6.698s] [ext: omni.usd.schema.physical_lighting-0.1.0] startup
[6.700s] [ext: omni.usd.schema.physx-110.1.13] startup
[6.723s] [ext: omni.usd.schema.render_settings.rtx-1.0.2] startup
[6.726s] [ext: omni.usd.schema.usd_particle_field-1.0.0] startup
[6.726s] [ext: isaacsim.core.version-2.1.1] startup
[6.726s] [ext: omni.kit.menu.core-1.2.0] startup
[6.727s] [ext: omni.kit.menu.utils-2.2.4] startup
[6.732s] [ext: isaacsim.app.about-2.3.1] startup
[6.736s] [ext: isaacsim.asset.transformer-1.2.5] startup
[6.738s] [ext: omni.scene.optimizer.core-110.1.0] startup
[6.767s] [ext: isaacsim.asset.importer.utils-1.8.1] startup
[6.769s] [ext: omni.convexdecomposition-110.1.13] startup
[6.771s] [ext: omni.physics-110.1.13] startup
[6.773s] [ext: omni.physx.gpu-110.1.13] startup
[6.773s] [ext: omni.physx.foundation-110.1.13] startup
[6.774s] [ext: omni.usdphysics-110.1.13] startup
[6.775s] [ext: omni.physx.cooking-110.1.13] startup
[6.777s] [ext: omni.physx-110.1.13] startup
[6.783s] [ext: omni.physics.physx-110.1.13] startup
[6.785s] [ext: isaacsim.asset.exporter.urdf-2.0.5] startup
[6.791s] [ext: omni.kit.clipboard-1.1.1] startup
[6.791s] [ext: omni.kit.usd.layers-2.6.1] startup
[6.797s] [ext: omni.kit.widget.context_menu-1.4.0] startup
[6.798s] [ext: omni.kit.context_menu-1.9.0] startup
[6.799s] [ext: omni.kit.helper.file_utils-0.1.10] startup
[6.800s] [ext: omni.kit.widget.nucleus_info-2.0.2] startup
[6.800s] [ext: omni.kit.search_core-1.0.8] startup
[6.801s] [ext: omni.kit.widget.path_field-2.0.13] startup
[6.801s] [ext: omni.kit.widget.browser_bar-2.0.10] startup
[6.802s] [ext: omni.kit.widget.filebrowser-2.13.4] startup
[6.805s] [ext: omni.kit.widget.options_menu-1.1.6] startup
[6.807s] [ext: omni.kit.widget.options_button-1.0.3] startup
[6.807s] [ext: omni.kit.widget.search_delegate-1.0.9] startup
[6.808s] [ext: omni.ui.scene-2.0.3] startup
[6.811s] [ext: omni.kit.window.filepicker-2.15.5] startup
[6.821s] [ext: omni.kit.window.file_importer-1.1.21] startup
[6.822s] [ext: omni.kit.material.library-3.1.2] startup
[6.826s] [ext: isaacsim.asset.transformer.rules-1.7.10] startup
[6.833s] [ext: omni.usdex.libs-2.2.2] startup
[6.839s] [ext: isaacsim.asset.importer.mjcf-3.10.1] startup
[6.840s] [ext: isaacsim.asset.importer.urdf-3.11.2] startup
[6.843s] [ext: omni.kit.primitive.mesh-1.1.0] startup
[6.845s] [ext: omni.kit.stage_template.core-1.1.22] startup
[6.846s] [ext: omni.kit.stage_templates-2.0.2] startup
[6.847s] [ext: omni.usd.metrics.assembler-110.1.2] startup
[6.849s] [ext: omni.warp.core-1.13.0] startup
[7.031s] [ext: isaacsim.core.experimental.utils-0.17.2] startup
[7.032s] [ext: omni.physics.stageupdate-110.1.13] startup
[7.033s] [ext: omni.physics.tensors-110.1.13] startup
[7.036s] [ext: omni.physx.tensors-110.1.13] startup
[7.039s] [ext: isaacsim.core.simulation_manager-1.15.6] startup
[7.049s] [ext: isaacsim.storage.native-1.9.3] startup
[7.050s] [ext: omni.usd.metrics.assembler.physics-110.1.13] startup
[7.051s] [ext: isaacsim.core.utils-4.1.7] startup
[7.053s] [ext: isaacsim.core.prims-0.11.7] startup
[7.916s] [ext: isaacsim.core.api-5.2.13] startup
[7.921s] [ext: isaacsim.core.cloner-1.7.3] startup
[7.922s] [ext: isaacsim.test.docstring-1.3.2] startup
[7.924s] [ext: isaacsim.core.experimental.prims-1.8.9] startup
[7.942s] [ext: isaacsim.core.experimental.primdata-0.3.2] startup
[7.944s] [ext: omni.graph.tools-1.81.0] startup
[7.962s] [ext: omni.graph-1.142.5] startup
[7.992s] [ext: isaacsim.core.experimental.actuators-0.1.2] startup
[8.005s] [ext: isaacsim.core.experimental.materials-0.7.1] startup
[8.007s] [ext: isaacsim.core.experimental.objects-0.8.1] startup
[8.058s] [ext: omni.hydra.engine.stats-1.0.5] startup
[8.060s] [ext: omni.hydra.rtx.shadercache.vulkan-1.0.0] startup
[8.061s] [ext: omni.index.libs-387500.4413.0] startup
[8.061s] [ext: omni.index-1.0.1] startup
[8.062s] [ext: omni.ujitso.client-0.0.0] startup
[8.062s] [ext: omni.usd.schema.playback-1.0.0] startup
[8.065s] [ext: omni.volume-0.5.2] startup
[8.068s] [ext: omni.hydra.rtx-1.0.4] startup
2026-09-24T09:25:28Z [8,058ms] [Warning] [omni.log] Source: omni.hydra was already registered.
[8.088s] [ext: omni.kit.hydra_texture-1.6.0] startup
[8.091s] [ext: omni.kit.raycast.query-1.2.0] startup
[8.094s] [ext: omni.kit.viewport.legacy_gizmos-1.0.24] startup
[8.096s] [ext: omni.kit.viewport.registry-104.0.6] startup
[8.097s] [ext: omni.kit.viewport.scene_camera_model-1.0.7] startup
[8.099s] [ext: omni.kit.widget.viewport-109.2.0] startup
[8.102s] [ext: omni.kit.window.drop_support-1.0.8] startup
[8.103s] [ext: omni.kit.viewport.window-109.0.2] startup
[8.117s] [ext: omni.kit.viewport.utility-2.0.1] startup
[8.118s] [ext: isaacsim.core.rendering_manager-0.4.3] startup
[8.137s] [ext: omni.graph.action_core-1.1.9] startup
[8.139s] [ext: omni.graph.action_nodes_core-2.11.0] startup
[8.141s] [ext: omni.graph.action_nodes-2.11.0] startup
[8.157s] [ext: omni.graph.action-2.10.2] startup
[8.158s] [ext: omni.graph.image.core-0.6.1] startup
[8.158s] [ext: omni.graph.image.nodes-1.3.1] startup
[8.159s] [ext: omni.graph.nodes_core-2.11.0] startup
[8.163s] [ext: omni.graph.nodes-2.12.0] startup
[8.167s] [ext: omni.kit.hotkeys.core-1.3.12] startup
[8.168s] [ext: omni.kit.property.adapter.core-1.1.1] startup
[8.170s] [ext: omni.kit.property.adapter.usd-1.0.5] startup
[8.171s] [ext: omni.kit.widget.filter-1.1.5] startup
[8.172s] [ext: omni.kit.widget.highlight_label-1.0.3] startup
[8.173s] [ext: omni.kit.widget.searchfield-1.1.8] startup
[8.174s] [ext: omni.kit.window.file_exporter-1.0.36] startup
[8.175s] [ext: omni.kit.widget.stage-4.4.0] startup
[8.181s] [ext: omni.kit.window.content_browser_registry-0.0.6] startup
[8.182s] [ext: omni.kit.window.file-2.0.10] startup
[8.185s] [ext: omni.kit.window.content_browser-3.1.8] startup
[8.193s] [ext: omni.kit.window.property-1.15.1] startup
[8.202s] [ext: omni.kit.property.usd-4.9.4] startup
[8.210s] [ext: omni.graph.scriptnode-2.10.2] startup
[8.217s] [ext: omni.kit.widget.searchable_combobox-1.0.7] startup
[8.218s] [ext: omni.kit.widget.settings-2.0.0] startup
[8.220s] [ext: omni.kit.window.preferences-1.8.3] startup
[8.224s] [ext: omni.kit.viewport.menubar.core-107.2.2] startup
[8.233s] [ext: omni.syntheticdata-0.6.15] startup
[8.255s] [ext: omni.replicator.nv-1.1.1] startup
[8.259s] [ext: omni.videoencoding-0.2.1] startup
[8.261s] [ext: omni.replicator.core-1.13.27] startup
2026-09-24T09:25:29Z [8,246ms] [Warning] [pxr.Semantics] pxr.Semantics is deprecated - please use Semantics instead
2026-09-24T09:25:29Z [8,311ms] [Warning] [omni.replicator.core.scripts.extension] No material configuration file, adding configuration to material settings directly.
[8.459s] [ext: isaacsim.core.nodes-5.10.5] startup
[8.483s] [ext: isaacsim.core.throttling-2.3.5] startup
[8.484s] [ext: omni.kit.manipulator.viewport-107.0.1] startup
[8.485s] [ext: omni.graph.visualization.nodes-2.1.4] startup
[8.496s] [ext: omni.kit.window.extensions-1.5.10] startup
[8.501s] [ext: isaacsim.gui.components-1.8.5] startup
[8.504s] [ext: isaacsim.robot.surface_gripper-3.6.2] startup
[8.513s] [ext: isaacsim.robot.manipulators-3.4.4] startup
[8.523s] [ext: isaacsim.robot_motion.lula-4.1.3] startup
[8.528s] [ext: isaacsim.robot_motion.motion_generation-8.2.9] startup
[8.532s] [ext: isaacsim.cortex.framework-1.0.18] startup
[8.533s] [ext: isaacsim.cortex.behaviors-2.0.17] startup
[8.534s] [ext: isaacsim.examples.base-1.3.2] startup
[8.536s] [ext: omni.kit.widget.zoombar-1.0.7] startup
[8.536s] [ext: omni.kit.browser.core-2.3.18] startup
[8.539s] [ext: omni.kit.browser.folder.core-2.0.2] startup
[8.542s] [ext: omni.kit.widget.stage_icons-1.0.8] startup
[8.543s] [ext: omni.kit.window.stage-2.6.1] startup
[8.546s] [ext: omni.kit.menu.stage-1.2.7] startup
[8.547s] [ext: omni.kit.usd.collect-3.0.6] startup
[8.549s] [ext: omni.kit.widget.prompt-1.0.7] startup
[8.549s] [ext: omni.kit.tool.collect-2.2.19] startup
[8.551s] [ext: isaacsim.examples.browser-0.3.2] startup
[8.553s] [ext: omni.kit.search.files-1.0.4] startup
[8.554s] [ext: omni.kit.widget.calendar-1.0.9] startup
[8.555s] [ext: omni.kit.widget.extended_searchfield-1.0.31] startup
[8.560s] [ext: omni.simready.content.browser-0.3.7] startup
[8.644s] [ext: isaacsim.gui.content_browser-0.4.3] startup
[8.646s] [ext: omni.kit.selection-0.1.6] startup
[8.647s] [ext: isaacsim.gui.menu-2.10.5] startup
[8.654s] [ext: isaacsim.gui.property-1.6.4] startup
[8.660s] [ext: omni.kit.viewport.actions-110.0.0] startup
[8.663s] [ext: omni.kit.viewport.menubar.display-107.1.3] startup
[8.665s] [ext: isaacsim.gui.sensors.icon-2.2.1] startup
[8.667s] [ext: omni.behavior.scripting.core-110.1.0] startup
[8.669s] [ext: isaacsim.replicator.behavior-1.5.4] startup
[8.670s] [ext: isaacsim.replicator.experimental.domain_randomization-1.2.5] startup
[8.683s] [ext: isaacsim.replicator.domain_randomization-1.2.2] startup
[8.749s] [ext: isaacsim.replicator.writers-1.5.4] startup
[8.771s] [ext: isaacsim.robot.experimental.wheeled_robots-0.2.11] startup
[8.790s] [ext: isaacsim.robot.policy.examples-5.2.12] startup
[8.807s] [ext: isaacsim.robot.wheeled_robots-5.2.4] startup
[8.810s] [ext: isaacsim.robot.wheeled_robots.nodes-0.1.5] startup
[8.825s] [ext: isaacsim.robot_motion.experimental.motion_generation-6.1.3] startup
[8.835s] [ext: isaacsim.robot_motion.cumotion-1.3.1] startup
[8.847s] [ext: omni.kit.numpy.common-0.1.3] startup
[8.848s] [ext: isaacsim.sensors.camera-1.7.9] startup
[8.876s] [ext: isaacsim.sensors.experimental.physics-3.0.2] startup
[8.882s] [ext: omni.sensors.net-1.0.1] startup
[8.884s] [ext: omni.sensors.nv.common-3.0.0] startup
[8.893s] [ext: omni.sensors.nv.materials-2.0.0] startup
[8.895s] [ext: omni.sensors.nv.acoustic-3.0.0] startup
[8.897s] [ext: omni.sensors.nv.ids-2.0.1] startup
[8.899s] [ext: omni.sensors.nv.lidar-3.0.0] startup
[8.901s] [ext: omni.sensors.nv.radar-3.0.0] startup
[8.903s] [ext: isaacsim.sensors.experimental.rtx-1.4.6] startup
[9.132s] [ext: isaacsim.sensors.physics.nodes-1.5.3] startup
[9.137s] [ext: isaacsim.util.debug_draw-3.2.3] startup
[9.141s] [ext: isaacsim.sensors.physx-2.5.5] startup
[9.148s] [ext: isaacsim.sensors.rtx-15.17.1] startup
[9.156s] [ext: isaacsim.simulation_app-2.18.4] startup
[9.157s] [ext: omni.anim.curve.core-1.6.0] startup
[9.165s] [ext: omni.graph.ui_nodes-2.11.1] startup
[9.184s] [ext: omni.hydra.scene_api-0.1.3] startup
[9.189s] [ext: omni.kit.manipulator.camera-110.0.0] startup
[9.192s] [ext: omni.kit.manipulator.selector-1.1.4] startup
[9.193s] [ext: omni.kit.manipulator.transform-107.0.0] startup
[9.196s] [ext: omni.kit.widget.toolbar-2.1.0] startup
[9.201s] [ext: omni.kit.manipulator.tool.snap-1.5.14] startup
[9.204s] [ext: omni.kit.viewport.manipulator.transform-107.0.4] startup
[9.206s] [ext: omni.kit.manipulator.prim.core-108.0.2] startup
[9.211s] [ext: omni.kit.manipulator.prim.usd-107.0.3] startup
[9.212s] [ext: omni.kit.manipulator.prim-108.0.0] startup
[9.212s] [ext: omni.kit.manipulator.selection-109.0.1] startup
[9.213s] [ext: omni.kit.menu.create-2.0.2] startup
[9.214s] [ext: omni.kit.property.audio-1.0.16] startup
[9.217s] [ext: omni.kit.property.camera-1.0.14] startup
[9.218s] [ext: omni.kit.property.geometry-2.1.2] startup
[9.221s] [ext: omni.kit.property.light-1.0.14] startup
2026-09-24T09:25:30Z [9,220ms] [Warning] [omni.usd] Encountered USD Warnings but USD Diagnostics are currently muted. To view USD Warnings, please set the '/persistent/app/usd/muteUsdDiagnostics' setting to false in Preferences page.
[9.246s] [ext: omni.kit.property.material-1.14.6] startup
[9.250s] [ext: omni.kit.property.render-1.2.2] startup
[9.251s] [ext: omni.kit.property.transform-1.6.9] startup
[9.254s] [ext: omni.kit.property.bundle-1.5.1] startup
[9.255s] [ext: omni.kit.usdz_export-1.1.0] startup
[9.257s] [ext: omni.kit.tool.asset_importer-6.0.1] startup
[9.262s] [ext: omni.kit.ui.actions-1.0.5] startup
[9.263s] [ext: omni.kit.viewport.menubar.camera-107.0.10] startup
[9.267s] [ext: omni.kit.viewport.menubar.lighting-107.3.2] startup
[9.269s] [ext: omni.kit.viewport.menubar.render-110.0.0] startup
[9.271s] [ext: omni.kit.viewport.menubar.settings-110.0.1] startup
[9.274s] [ext: omni.kit.window.console-1.1.9] startup
[9.277s] [ext: omni.kit.window.status_bar-0.1.11] startup
[9.279s] [ext: omni.kit.window.toolbar-3.0.3] startup
[9.281s] [ext: omni.ocio-0.1.1] startup
[9.281s] [ext: omni.physx.commands-110.1.13] startup
[9.284s] [ext: omni.replicator.replicator_yaml-2.0.12] startup
[9.293s] [ext: omni.rtx.window.settings-0.8.0] startup
[9.296s] [ext: omni.rtx.settings.core-0.7.1] startup
[9.299s] [ext: omni.usd.metrics.assembler.ui-110.1.1] startup
[9.304s] [ext: semantics.schema.editor-2.0.2] startup
[9.307s] [ext: semantics.schema.property-2.0.2] startup
[9.308s] [ext: omni.kit.menu.common-2.0.2] startup
[9.309s] [ext: isaacsim.exp.base-6.0.1] startup
[9.309s] [ext: isaacsim.exp.base.python-6.0.1] startup
[9.310s] Simulation App Starting
[10.137s] Simulation App Startup Complete
[10.142s] app ready
Starting kit application with the following args:  ['/home/starry/isaac-data/isaacsim/exts/isaacsim.simulation_app/isaacsim/simulation_app/simulation_app.py', '/home/starry/isaac-data/isaacsim/apps/isaacsim.exp.base.python.kit', '--/app/tokens/exe-path=/home/starry/isaac-data/isaacsim/kit', '--/persistent/app/viewport/displayOptions=3094', '--/rtx/materialDb/syncLoads=True', '--/rtx/hydra/materialSyncLoads=True', '--/omni/kit/plugin/syncUsdLoads=True', '--/app/renderer/resolution/width=1280', '--/app/renderer/resolution/height=720', '--/app/window/width=1440', '--/app/window/height=900', '--/renderer/multiGpu/enabled=False', '--/app/fastShutdown=True', '--/app/installSignalHandlers=0', '--ext-folder', '/home/starry/isaac-data/isaacsim/exts', '--ext-folder', '/home/starry/isaac-data/isaacsim/apps', '--/renderer/activeGpu=0', '--/physics/cudaDevice=0', '--/plugins/carb.tasking.plugin/threadCount=12', '--/plugins/omni.tbb.globalcontrol/maxThreadCount=12', '--portable', '--no-window', '--/app/window/hideUi=1']
Passing the following args to the base kit application:  []
Warp 1.13.0 initialized:
   CUDA Toolkit 12.9, Driver 13.0
   Devices:
     "cpu"      : "x86_64"
     "cuda:0"   : "NVIDIA GeForce RTX 5070" (11 GiB, sm_120, mempool enabled)
   Kernel cache:
     /home/starry/.cache/warp/1.13.0
[LIGHTING] sun=800.0 (1) dome=0.0 (1) ambient=0.05 constant_color=(0.6, 0.65, 0.7)
[RENDER] mode=MinimalRendering minimal_shading_mode=2 anti_aliasing=TAA
[DEPTH CAMERAS] count=4 resolution_each=320x240 horizontal_coverage=360deg
[ESDF] path=/home/starry/isaac-data/EGO1P1/scenes/ego_swarm_cloud/occupancy.bin shape=(400, 300, 50) resolution=0.40m
[depth_angular_controller-1] [INFO] [1790241933.090502049] [depth_angular_controller]: WAITING_ODOMETRY
[NAV] t=0.0s position=(-64.00,-11.20,2.80) yaw=0.0deg command=(0.00,0.00,0.00) manual_active=0 collision_blocks=0
[depth_angular_controller-1] [INFO] [1790241933.663028697] [depth_angular_controller]: WAITING_VERIFIED_START_POSE
[depth_angular_controller-1] [INFO] [1790241933.695213687] [depth_angular_controller]: VERIFIED_FREE_SEED center=(-64.000,-11.200,2.800) radius=2.500 balls=1: verified fixed Cloud free ball; USD and occupancy SHA-256 matched
[depth_angular_controller-1] [INFO] [1790241933.695343880] [depth_angular_controller]: ZERO_INTENT
[depth_angular_controller-1] [INFO] [1790241934.458330751] [depth_angular_controller]: 3D guidance switched to view 0
[depth_angular_controller-1] [INFO] [1790241934.465571268] [depth_angular_controller]: TARGET_HOLD
[depth_angular_controller-1] [INFO] [1790241934.465585905] [depth_angular_controller]: PAPER_EVIDENCE retained=4 clearance=0.667
[depth_angular_controller-1] [INFO] [1790241935.511855964] [depth_angular_controller]: PAPER_EVIDENCE retained=8 clearance=0.667
[depth_angular_controller-1] [INFO] [1790241935.949404190] [depth_angular_controller]: ANGULAR_STEP_BLOCKED
[depth_angular_controller-1] [INFO] [1790241936.395482907] [depth_angular_controller]: TARGET_HOLD
[depth_angular_controller-1] [INFO] [1790241936.498375428] [depth_angular_controller]: PAPER_EVIDENCE retained=12 clearance=0.667
[10.670s] [ext: isaacsim.sensors.rtx.nodes-0.1.2] startup
[10.678s] [ext: isaacsim.ros2.core-1.9.4] startup
[10.691s] Attempting to load system rclpy
[10.691s] Could not import system rclpy: No module named 'rclpy'
[10.691s] Attempting to load internal rclpy for ROS Distro: humble
[10.703s] rclpy loaded
[10.706s] [ext: isaacsim.ros2.nodes-1.18.13] startup
[10.740s] [ext: isaacsim.ros2.examples-1.2.4] startup
[10.744s] [ext: isaacsim.ros2.ui-1.6.5] startup
[10.957s] [ext: isaacsim.ros2.bridge-5.1.2] startup
2026-09-24T09:25:33Z [12,832ms] [Warning] [omni.timeline.plugin] Deprecated: direct use of ITimeline callbacks is deprecated. Use ITimeline::getTimeline (Python: omni.timeline.get_timeline_interface) instead.
[depth_angular_controller-1] [INFO] [1790241937.518521756] [depth_angular_controller]: PAPER_EVIDENCE retained=16 clearance=0.667
[position_cmd_to_twist-2] [INFO] [1790241938.287013896] [position_cmd_to_twist]: [PERF BRIDGE] run=paper_verified_latency_model elapsed=17.96s received=218 published=218 fps(ros/wall)=45.05/47.56 controller_to_bridge_ms(mean/p50/p95/max)=8.028/0.000/33.333/66.667 bridge_process_ms(mean/p95/max)=0.096/0.139/0.182
[NAV] t=5.0s position=(-60.73,-11.20,2.80) yaw=0.0deg command=(1.00,0.00,0.00) manual_active=1 collision_blocks=0
[depth_angular_controller-1] [INFO] [1790241938.398080819] [depth_angular_controller]: PAPER_EVIDENCE retained=20 clearance=0.667
[depth_angular_controller-1] [INFO] [1790241938.671151433] [depth_angular_controller]: [PERF CTRL] run=paper_verified_latency_model elapsed=18.46s callbacks=229 commands=228 guidance=178 command_fps(ros/wall)=42.83/45.33 guidance_wall_fps=42.02 avoid_ms(mean/p50/p95/max)=4.368/0.017/25.156/39.110 cycle_ms(mean/p95/max)=22.062/57.943/104.470 depth_to_cmd_ms(mean/p95/max)=40.637/83.333/116.667 callback_to_publish_ms(mean/p95/max)=12.660/42.358/63.490
[depth_angular_controller-1] [INFO] [1790241939.286823534] [depth_angular_controller]: PAPER_EVIDENCE retained=24 clearance=0.601
[depth_angular_controller-1] [INFO] [1790241939.289069191] [depth_angular_controller]: WAITING_DEPTH_POSE
[depth_angular_controller-1] [INFO] [1790241939.372736602] [depth_angular_controller]: COMPUTE_DEADLINE
[depth_angular_controller-1] [INFO] [1790241939.407611934] [depth_angular_controller]: OUTSIDE_FLOW_BOX
[depth_angular_controller-1] [INFO] [1790241939.485316905] [depth_angular_controller]: NO_REGULAR_FIELD
[depth_angular_controller-1] [INFO] [1790241939.946921384] [depth_angular_controller]: COMPUTE_DEADLINE
[depth_angular_controller-1] [INFO] [1790241940.029118822] [depth_angular_controller]: NO_REGULAR_FIELD
[depth_angular_controller-1] [INFO] [1790241940.113682844] [depth_angular_controller]: WAITING_DEPTH_POSE
[depth_angular_controller-1] [INFO] [1790241940.205201864] [depth_angular_controller]: COMPUTE_DEADLINE
[depth_angular_controller-1] [INFO] [1790241940.290358829] [depth_angular_controller]: PAPER_EVIDENCE retained=28 clearance=0.667
[depth_angular_controller-1] [INFO] [1790241940.326346061] [depth_angular_controller]: TARGET_HOLD
[depth_angular_controller-1] [INFO] [1790241940.410803034] [depth_angular_controller]: COMPUTE_DEADLINE
[depth_angular_controller-1] [INFO] [1790241940.430789883] [depth_angular_controller]: NO_REGULAR_FIELD
[depth_angular_controller-1] [INFO] [1790241940.879000234] [depth_angular_controller]: TRACKING
[depth_angular_controller-1] [INFO] [1790241940.999370031] [depth_angular_controller]: REFERENCE_INITIALIZATION
[depth_angular_controller-1] [INFO] [1790241940.999515311] [depth_angular_controller]: 3D guidance switched to view 2
[depth_angular_controller-1] [INFO] [1790241940.999537052] [depth_angular_controller]: STATE_OUTSIDE_FREE_DOMAIN
[depth_angular_controller-1] [INFO] [1790241941.031391788] [depth_angular_controller]: NO_REGULAR_FIELD
[depth_angular_controller-1] [INFO] [1790241941.177812959] [depth_angular_controller]: 3D guidance switched to view 1
[depth_angular_controller-1] [INFO] [1790241941.302078908] [depth_angular_controller]: 3D guidance switched to view 3
[depth_angular_controller-1] [INFO] [1790241941.368864983] [depth_angular_controller]: PAPER_EVIDENCE retained=4 clearance=0.000
[depth_angular_controller-1] [INFO] [1790241942.305474449] [depth_angular_controller]: PAPER_EVIDENCE retained=7 clearance=0.000
[position_cmd_to_twist-2] [INFO] [1790241942.994888569] [position_cmd_to_twist]: [PERF BRIDGE] run=paper_verified_latency_model elapsed=22.67s received=368 published=368 fps(ros/wall)=37.20/39.39 controller_to_bridge_ms(mean/p50/p95/max)=16.350/16.667/66.667/100.000 bridge_process_ms(mean/p95/max)=0.101/0.143/1.353
[NAV] t=10.0s position=(-59.39,-11.18,2.79) yaw=46.3deg command=(-0.00,0.00,-0.00) manual_active=1 collision_blocks=0
[depth_angular_controller-1] [INFO] [1790241943.237973432] [depth_angular_controller]: PAPER_EVIDENCE retained=7 clearance=0.000
[depth_angular_controller-1] [INFO] [1790241943.682052227] [depth_angular_controller]: [PERF CTRL] run=paper_verified_latency_model elapsed=23.47s callbacks=399 commands=398 guidance=346 command_fps(ros/wall)=37.22/39.62 guidance_wall_fps=37.40 avoid_ms(mean/p50/p95/max)=6.172/3.009/41.966/51.839 cycle_ms(mean/p95/max)=25.237/74.164/104.470 depth_to_cmd_ms(mean/p95/max)=53.854/83.333/116.667 callback_to_publish_ms(mean/p95/max)=17.740/60.436/82.423
[depth_angular_controller-1] [INFO] [1790241944.199482494] [depth_angular_controller]: PAPER_EVIDENCE retained=7 clearance=0.000
[depth_angular_controller-1] [INFO] [1790241945.055463773] [depth_angular_controller]: PAPER_EVIDENCE retained=7 clearance=0.000
[depth_angular_controller-1] [INFO] [1790241946.126291514] [depth_angular_controller]: PAPER_EVIDENCE retained=7 clearance=0.000
[depth_angular_controller-1] [INFO] [1790241946.898165101] [depth_angular_controller]: PAPER_EVIDENCE retained=7 clearance=0.000
[position_cmd_to_twist-2] [INFO] [1790241947.406793728] [position_cmd_to_twist]: [PERF BRIDGE] run=paper_verified_latency_model elapsed=27.08s received=553 published=553 fps(ros/wall)=37.17/40.22 controller_to_bridge_ms(mean/p50/p95/max)=18.656/16.667/50.000/100.000 bridge_process_ms(mean/p95/max)=0.100/0.137/1.353
[NAV] t=15.0s position=(-59.39,-11.18,2.79) yaw=46.3deg command=(-0.00,0.00,-0.00) manual_active=1 collision_blocks=0
[depth_angular_controller-1] [INFO] [1790241947.666516801] [depth_angular_controller]: PAPER_EVIDENCE retained=7 clearance=0.000
[depth_angular_controller-1] [INFO] [1790241948.502794264] [depth_angular_controller]: PAPER_EVIDENCE retained=7 clearance=0.000
[depth_angular_controller-1] [INFO] [1790241948.682947070] [depth_angular_controller]: [PERF CTRL] run=paper_verified_latency_model elapsed=28.47s callbacks=607 commands=606 guidance=554 command_fps(ros/wall)=36.97/40.28 guidance_wall_fps=38.88 avoid_ms(mean/p50/p95/max)=5.227/3.437/25.156/51.839 cycle_ms(mean/p95/max)=24.826/69.733/104.470 depth_to_cmd_ms(mean/p95/max)=61.763/83.333/116.667 callback_to_publish_ms(mean/p95/max)=18.435/42.358/82.423
[depth_angular_controller-1] [INFO] [1790241949.356169652] [depth_angular_controller]: PAPER_EVIDENCE retained=7 clearance=0.000
[depth_angular_controller-1] [INFO] [1790241950.144374003] [depth_angular_controller]: PAPER_EVIDENCE retained=7 clearance=0.000
[depth_angular_controller-1] [INFO] [1790241951.033240794] [depth_angular_controller]: PAPER_EVIDENCE retained=7 clearance=0.000
[position_cmd_to_twist-2] [INFO] [1790241951.581360205] [position_cmd_to_twist]: [PERF BRIDGE] run=paper_verified_latency_model elapsed=31.26s received=727 published=727 fps(ros/wall)=36.51/40.55 controller_to_bridge_ms(mean/p50/p95/max)=19.968/16.667/33.333/100.000 bridge_process_ms(mean/p95/max)=0.101/0.139/1.353
[NAV] t=20.0s position=(-59.39,-11.18,2.79) yaw=46.3deg command=(-0.00,0.00,-0.00) manual_active=1 collision_blocks=0
[depth_angular_controller-1] [INFO] [1790241951.872012933] [depth_angular_controller]: PAPER_EVIDENCE retained=7 clearance=0.000
[depth_angular_controller-1] [INFO] [1790241952.639515674] [depth_angular_controller]: PAPER_EVIDENCE retained=7 clearance=0.000
[depth_angular_controller-1] [INFO] [1790241953.473519057] [depth_angular_controller]: PAPER_EVIDENCE retained=7 clearance=0.000
[depth_angular_controller-1] [INFO] [1790241953.705897559] [depth_angular_controller]: [PERF CTRL] run=paper_verified_latency_model elapsed=33.49s callbacks=819 commands=818 guidance=766 command_fps(ros/wall)=36.15/40.76 guidance_wall_fps=39.75 avoid_ms(mean/p50/p95/max)=4.797/3.538/17.812/51.839 cycle_ms(mean/p95/max)=24.532/63.442/104.470 depth_to_cmd_ms(mean/p95/max)=66.971/100.000/116.667 callback_to_publish_ms(mean/p95/max)=18.877/28.353/82.423
[depth_angular_controller-1] [INFO] [1790241954.243082404] [depth_angular_controller]: PAPER_EVIDENCE retained=7 clearance=0.000
[depth_angular_controller-1] [INFO] [1790241955.039482270] [depth_angular_controller]: PAPER_EVIDENCE retained=7 clearance=0.000
[position_cmd_to_twist-2] [INFO] [1790241955.484893521] [position_cmd_to_twist]: [PERF BRIDGE] run=paper_verified_latency_model elapsed=35.16s received=893 published=893 fps(ros/wall)=35.85/40.88 controller_to_bridge_ms(mean/p50/p95/max)=21.146/16.667/33.333/100.000 bridge_process_ms(mean/p95/max)=0.103/0.140/2.475
[NAV] t=25.0s position=(-59.39,-11.18,2.79) yaw=46.3deg command=(-0.00,0.00,-0.00) manual_active=1 collision_blocks=0
[depth_angular_controller-1] [INFO] [1790241955.809391377] [depth_angular_controller]: PAPER_EVIDENCE retained=7 clearance=0.000
[depth_angular_controller-1] [INFO] [1790241956.505380989] [depth_angular_controller]: ZERO_INTENT
[depth_angular_controller-1] [INFO] [1790241958.711606290] [depth_angular_controller]: [PERF CTRL] run=paper_verified_latency_model elapsed=38.50s callbacks=1074 commands=1073 guidance=883 command_fps(ros/wall)=36.99/42.80 guidance_wall_fps=40.04 avoid_ms(mean/p50/p95/max)=4.642/3.551/15.357/51.839 cycle_ms(mean/p95/max)=23.366/46.877/104.470 depth_to_cmd_ms(mean/p95/max)=68.667/100.000/116.667 callback_to_publish_ms(mean/p95/max)=18.042/23.918/82.423
[MANUAL RESULT] TIMEOUT position=(-59.390,-11.183,2.787)
[PERF ISAAC FINAL] run=paper_verified_latency_model result=MANUAL_TIMEOUT wall=25.63s sim_frames=1743 fps(sim/wall)=60.07/68.01 command_changes=14 collision_blocks=0 frame_interval_ms(mean/p50/p95/max)=14.396/13.429/15.734/77.409
[38.129s] Simulation App Shutting Down
[depth_angular_controller-1] [INFO] [1790241959.306895656] [rclcpp]: signal_handler(SIGINT/SIGTERM)
[depth_angular_controller-1] [INFO] [1790241959.307158465] [depth_angular_controller]: [PERF CTRL FINAL] run=paper_verified_latency_model elapsed=39.09s callbacks=1075 commands=1074 guidance=883 command_fps(ros/wall)=37.00/42.81 guidance_wall_fps=40.04 avoid_ms(mean/p50/p95/max)=4.642/3.551/15.357/51.839 cycle_ms(mean/p95/max)=23.360/46.877/104.470 depth_to_cmd_ms(mean/p95/max)=68.667/100.000/116.667 callback_to_publish_ms(mean/p95/max)=18.039/23.918/82.423
[position_cmd_to_twist-2] [INFO] [1790241959.307412418] [position_cmd_to_twist]: [PERF BRIDGE FINAL] run=paper_verified_latency_model elapsed=38.99s received=1074 published=1074 fps(ros/wall)=37.00/42.81 controller_to_bridge_ms(mean/p50/p95/max)=20.127/16.667/33.333/100.000 bridge_process_ms(mean/p95/max)=0.098/0.138/2.475
[position_cmd_to_twist-2] Failed to publish log message to rosout: publisher's context is invalid, at ./src/rcl/publisher.c:389
[INFO] [depth_angular_controller-1]: process has finished cleanly [pid 35044]
[INFO] [position_cmd_to_twist-2]: process has finished cleanly [pid 35046]
