[PERF] run=paper_verified_start_third log=/tmp/paper-verified-isaac-performance.md
[INPUT] mode=trace scene_mode=cloud
[INFO] [launch]: All log files can be found below /tmp/fov_gvf_ego1p1_isaac_ros_log/2026-09-24-16-25-41-303444-starry-System-Product-Name-12276
[INFO] [launch]: Default logging verbosity is set to INFO
[INFO] [depth_angular_controller-1]: process started with pid [12278]
[INFO] [position_cmd_to_twist-2]: process started with pid [12280]
[depth_angular_controller-1] [INFO] [1790238341.673870260] [depth_angular_controller]: C++ controller commands publish on /position_cmd; horizontal views=4
[ROS CHECK] ROS_DOMAIN_ID=84 /position_cmd publishers=1
Type: pc_gvf_msgs/msg/PositionCommand
Publisher count: 1
Subscription count: 1
/depth_angular_controller
/position_cmd_to_twist
WARNING: All log messages before absl::InitializeLog() is called are written to STDERR
E0000 00:00:1790238342.716277   12325 descriptor_database.cc:633] File already exists in database: grpc/health/v1/health.proto
W0000 00:00:1790238342.716303   12325 message.cc:301] Protobuf GeneratedMessageFactory: File is already registered: grpc/health/v1/health.proto
2026-09-24T08:25:42Z [Info] [carb] Logging to file: /home/starry/isaac-data/isaacsim/kit/logs/Kit/Isaac-Sim Python/6.0/kit_20260924_162542.log
[0.044s] [ext: omni.assets.plugins-0.0.0] startup
[0.045s] [ext: omni.blobkey-1.1.2] startup
[0.045s] [ext: omni.kit.async_engine-0.0.3] startup
[0.320s] [ext: omni.client.lib-1.1.1] startup
[0.328s] [ext: omni.client-1.3.0] startup
[0.330s] [ext: omni.protobuf.lib-1.0.0] startup
[0.331s] [ext: omni.grpc.lib-1.0.0] startup
[0.334s] [ext: omni.metrics.core-0.0.3] startup
[0.334s] [ext: omni.datastore-0.0.0] startup
[0.335s] [ext: omni.gpu_foundation.shadercache.vulkan-1.0.0] startup
[0.337s] [ext: omni.hsscclient-1.1.4] startup
[0.337s] [ext: omni.stats-1.0.1] startup
[0.338s] [ext: omni.ujitso.default-1.0.0] startup
[0.341s] [ext: omni.gpu_foundation-0.0.0] startup
[0.458s] [ext: carb.windowing.plugins-1.0.1] startup
[0.459s] [ext: omni.kit.renderer.init-1.0.1] startup
2026-09-24T08:25:43Z [655ms] [Warning] [omni.rtx] Skipping unsupported non-NVIDIA GPU: AMD Unknown (RADV RAPHAEL_MENDOCINO)
2026-09-24T08:25:43Z [655ms] [Warning] [omni.rtx] Skipping unsupported non-NVIDIA GPU: AMD Unknown (RADV RAPHAEL_MENDOCINO)

|---------------------------------------------------------------------------------------------|
| Driver Version: 580.178.04    | Graphics API: Vulkan
|=============================================================================================|
| GPU | Name                             | Active | LDA | GPU Memory | Vendor-ID | LUID       |
|     |                                  |        |     |            | Device-ID | UUID       |
|     |                                  |        |     |            | Bus-ID    |            |
|---------------------------------------------------------------------------------------------|
| 0   | NVIDIA GeForce RTX 5070          | Yes: 0 |     | 12227   MB | 10de      | 0          |
|     |                                  |        |     |            | 2f04      | 348d89fe.. |
|     |                                  |        |     |            | 1         |            |
|---------------------------------------------------------------------------------------------|
| 1   | AMD Unknown (RADV RAPHAEL_MEND.. |        |     | 10755   MB | 1002      | 0          |
|     |                                  |        |     |            | 13c0      | 00000000.. |
|     |                                  |        |     |            | c         |            |
|=============================================================================================|
| OS: 22.04.5 LTS (Jammy Jellyfish) ubuntu, Version: 22.04.5, Kernel: 6.8.0-138-generic
| XServer Vendor: The X.Org Foundation, XServer Version: 12101004 (1.21.1.4)
| Processor: AMD Ryzen 5 9600X 6-Core Processor
| Cores: 6 | Logical Cores: 12
|---------------------------------------------------------------------------------------------|
| Total Memory (MB): 31241 | Free Memory: 25220
| Total Page/Swap (MB): 15624 | Free Page/Swap: 15624
|---------------------------------------------------------------------------------------------|
2026-09-24T08:25:43Z [883ms] [Warning] [omni.rtx] CPU performance profile is set to powersave. This profile sets the CPU to the lowest frequency reducing performance.
2026-09-24T08:25:43Z [892ms] [Warning] [omni.rtx] IOMMU is enabled.
[0.990s] [ext: omni.kit.pipapi-0.0.0] startup
[0.991s] [ext: omni.kit.pip_archive-0.0.0] startup
[0.992s] [ext: isaacsim.pip.newton-0.6.1] startup
[0.992s] [ext: omni.pip.compute-1.9.2] startup
[0.992s] [ext: omni.isaac.core_archive-5.3.1] startup
[0.992s] [ext: omni.kit.telemetry-0.5.2] startup
[1.006s] [ext: omni.kit.loop-isaac-1.6.0] startup
[1.007s] [ext: omni.kit.test-2.0.7] startup
[1.058s] [ext: omni.materialx.libs-1.0.9] startup
[1.064s] [ext: omni.gpucompute.plugins-0.0.0] startup
[1.064s] [ext: omni.usd.config-1.0.7] startup
[1.067s] [ext: omni.usd.libs-1.0.3] startup
[1.122s] [ext: omni.iray.libs-0.0.1] startup
[1.124s] [ext: omni.mdl-57.0.3] startup
[1.186s] [ext: omni.mdl.neuraylib-0.2.20] startup
[1.188s] [ext: omni.kit.usd.mdl-1.1.9] startup
[1.272s] [ext: omni.appwindow-1.2.2] startup
[1.273s] [ext: omni.kit.renderer.core-1.2.2] startup
2026-09-24T08:25:48Z [6,546ms] [Warning] [carb.windowing-glfw.gamepad] Joystick with unknown remapping detected (will be ignored):  BEITONG BEITONG A2P3A BFM DONGLE [03000000bc2000001c51000011010000]
[6.576s] [ext: omni.kit.renderer.capture-2.0.1] startup
[6.577s] [ext: omni.kit.renderer.imgui-2.0.6] startup
[6.613s] [ext: omni.ui-3.2.0] startup
[6.620s] [ext: omni.kit.mainwindow-1.0.3] startup
[6.621s] [ext: carb.audio-0.1.0] startup
[6.623s] [ext: omni.uiaudio-1.0.0] startup
[6.624s] [ext: omni.kit.uiapp-0.0.0] startup
[6.624s] [ext: omni.usd.schema.metrics.assembler-110.1.0] startup
[6.626s] [ext: omni.usd.schema.audio-0.0.1] startup
[6.628s] [ext: omni.usd_resolver-1.0.0] startup
[6.631s] [ext: omni.usd.core-1.8.3] startup
[6.633s] [ext: omni.metropolis.schema-0.0.3] startup
[6.633s] [ext: isaacsim.anim.robot.schema-0.1.1] startup
[6.634s] [ext: omni.usd.schema.anim-0.0.1] startup
[6.647s] [ext: omni.usd.schema.geospatial-0.0.1] startup
[6.649s] [ext: omni.usd.schema.omnigraph-1.0.1] startup
[6.653s] [ext: omni.usd.schema.semantics-0.0.0] startup
[6.655s] [ext: omni.activity.core-1.0.3] startup
[6.656s] [ext: omni.cubric-0.1.0] startup
[6.656s] [ext: omni.graph.exec-0.9.6] startup
[6.656s] [ext: omni.hydra.scene_delegate-0.3.5] startup
[6.658s] [ext: usdrt.scenegraph-7.6.3] startup
[6.676s] [ext: omni.hydra.usdrt_delegate-7.5.2] startup
[6.680s] [ext: omni.inspect-1.0.2] startup
[6.681s] [ext: omni.kit.actions.core-1.0.0] startup
[6.683s] [ext: omni.kit.audiodeviceenum-1.0.2] startup
[6.683s] [ext: omni.kit.commands-1.5.0] startup
[6.686s] [ext: omni.kit.exec.core-0.13.5] startup
[6.687s] [ext: omni.kit.usd_undo-0.1.8] startup
[6.687s] [ext: omni.kit.window.popup_dialog-2.0.25] startup
[6.690s] [ext: omni.kit.widget.nucleus_connector-2.3.1] startup
[6.692s] [ext: omni.timeline-1.1.0] startup
[6.693s] [ext: omni.usd-1.16.0] startup
[6.719s] [ext: omni.graph.core-3.1.2] startup
[6.722s] [ext: omni.kit.notification_manager-1.0.11] startup
[6.723s] [ext: isaacsim.core.deprecation_manager-0.4.2] startup
[6.724s] [ext: isaacsim.replicator.agent.schema-0.1.1] startup
[6.724s] [ext: isaacsim.robot.schema-6.3.7] startup
[6.728s] [ext: isaacsim.robot_motion.schema-0.2.1] startup
[6.729s] [ext: omni.anim.behavior.schema-110.1.0] startup
[6.732s] [ext: omni.anim.graph.schema-110.1.1] startup
[6.736s] [ext: omni.anim.navigation.schema-110.1.0] startup
[6.739s] [ext: omni.behavior.tree.schema-110.1.0] startup
[6.740s] [ext: omni.isaac.ml_archive-3.3.0] startup
[6.740s] [ext: omni.kit.asset_converter-6.0.1] startup
[6.753s] [ext: omni.pip.cloud-1.5.4] startup
[6.756s] [ext: omni.usd.schema.flow-110.0.0] startup
[6.756s] [ext: omni.usd.schema.mujoco-1.1.1] startup
[6.757s] [ext: omni.usd.schema.newton-1.2.1] startup
[6.757s] [ext: omni.usd.schema.omni_lens_distortion-1.0.0] startup
[6.758s] [ext: omni.usd.schema.omni_projectors-1.0.0] startup
[6.758s] [ext: omni.usd.schema.omni_sensors-0.0.0] startup
[6.768s] [ext: omni.usd.schema.omniscripting-1.0.1] startup
[6.772s] [ext: omni.usd.schema.physical_lighting-0.1.0] startup
[6.775s] [ext: omni.usd.schema.physx-110.1.13] startup
[6.805s] [ext: omni.usd.schema.render_settings.rtx-1.0.2] startup
[6.808s] [ext: omni.usd.schema.usd_particle_field-1.0.0] startup
[6.808s] [ext: isaacsim.core.version-2.1.1] startup
[6.809s] [ext: omni.kit.menu.core-1.2.0] startup
[6.809s] [ext: omni.kit.menu.utils-2.2.4] startup
[6.815s] [ext: isaacsim.app.about-2.3.1] startup
[6.819s] [ext: isaacsim.asset.transformer-1.2.5] startup
[6.821s] [ext: omni.scene.optimizer.core-110.1.0] startup
[6.851s] [ext: isaacsim.asset.importer.utils-1.8.1] startup
[6.853s] [ext: omni.convexdecomposition-110.1.13] startup
[6.855s] [ext: omni.physics-110.1.13] startup
[6.857s] [ext: omni.physx.gpu-110.1.13] startup
[6.857s] [ext: omni.physx.foundation-110.1.13] startup
[6.859s] [ext: omni.usdphysics-110.1.13] startup
[6.860s] [ext: omni.physx.cooking-110.1.13] startup
[6.862s] [ext: omni.physx-110.1.13] startup
[6.869s] [ext: omni.physics.physx-110.1.13] startup
[6.870s] [ext: isaacsim.asset.exporter.urdf-2.0.5] startup
[6.877s] [ext: omni.kit.clipboard-1.1.1] startup
[6.878s] [ext: omni.kit.usd.layers-2.6.1] startup
[6.883s] [ext: omni.kit.widget.context_menu-1.4.0] startup
[6.884s] [ext: omni.kit.context_menu-1.9.0] startup
[6.886s] [ext: omni.kit.helper.file_utils-0.1.10] startup
[6.887s] [ext: omni.kit.widget.nucleus_info-2.0.2] startup
[6.887s] [ext: omni.kit.search_core-1.0.8] startup
[6.888s] [ext: omni.kit.widget.path_field-2.0.13] startup
[6.888s] [ext: omni.kit.widget.browser_bar-2.0.10] startup
[6.889s] [ext: omni.kit.widget.filebrowser-2.13.4] startup
[6.893s] [ext: omni.kit.widget.options_menu-1.1.6] startup
[6.895s] [ext: omni.kit.widget.options_button-1.0.3] startup
[6.896s] [ext: omni.kit.widget.search_delegate-1.0.9] startup
[6.896s] [ext: omni.ui.scene-2.0.3] startup
[6.901s] [ext: omni.kit.window.filepicker-2.15.5] startup
[6.912s] [ext: omni.kit.window.file_importer-1.1.21] startup
[6.913s] [ext: omni.kit.material.library-3.1.2] startup
[6.917s] [ext: isaacsim.asset.transformer.rules-1.7.10] startup
[6.925s] [ext: omni.usdex.libs-2.2.2] startup
[6.931s] [ext: isaacsim.asset.importer.mjcf-3.10.1] startup
[6.933s] [ext: isaacsim.asset.importer.urdf-3.11.2] startup
[6.936s] [ext: omni.kit.primitive.mesh-1.1.0] startup
[6.938s] [ext: omni.kit.stage_template.core-1.1.22] startup
[6.938s] [ext: omni.kit.stage_templates-2.0.2] startup
[6.939s] [ext: omni.usd.metrics.assembler-110.1.2] startup
[6.941s] [ext: omni.warp.core-1.13.0] startup
[7.129s] [ext: isaacsim.core.experimental.utils-0.17.2] startup
[7.130s] [ext: omni.physics.stageupdate-110.1.13] startup
[7.132s] [ext: omni.physics.tensors-110.1.13] startup
[7.136s] [ext: omni.physx.tensors-110.1.13] startup
[7.139s] [ext: isaacsim.core.simulation_manager-1.15.6] startup
[7.151s] [ext: isaacsim.storage.native-1.9.3] startup
[7.152s] [ext: omni.usd.metrics.assembler.physics-110.1.13] startup
[7.153s] [ext: isaacsim.core.utils-4.1.7] startup
[7.155s] [ext: isaacsim.core.prims-0.11.7] startup
[8.090s] [ext: isaacsim.core.api-5.2.13] startup
[8.095s] [ext: isaacsim.core.cloner-1.7.3] startup
[8.096s] [ext: isaacsim.test.docstring-1.3.2] startup
[8.098s] [ext: isaacsim.core.experimental.prims-1.8.9] startup
[8.118s] [ext: isaacsim.core.experimental.primdata-0.3.2] startup
[8.119s] [ext: omni.graph.tools-1.81.0] startup
[8.141s] [ext: omni.graph-1.142.5] startup
[8.176s] [ext: isaacsim.core.experimental.actuators-0.1.2] startup
[8.189s] [ext: isaacsim.core.experimental.materials-0.7.1] startup
[8.192s] [ext: isaacsim.core.experimental.objects-0.8.1] startup
[8.253s] [ext: omni.hydra.engine.stats-1.0.5] startup
[8.255s] [ext: omni.hydra.rtx.shadercache.vulkan-1.0.0] startup
[8.256s] [ext: omni.index.libs-387500.4413.0] startup
[8.256s] [ext: omni.index-1.0.1] startup
[8.257s] [ext: omni.ujitso.client-0.0.0] startup
[8.257s] [ext: omni.usd.schema.playback-1.0.0] startup
[8.260s] [ext: omni.volume-0.5.2] startup
[8.264s] [ext: omni.hydra.rtx-1.0.4] startup
2026-09-24T08:25:50Z [8,254ms] [Warning] [omni.log] Source: omni.hydra was already registered.
[8.284s] [ext: omni.kit.hydra_texture-1.6.0] startup
[8.287s] [ext: omni.kit.raycast.query-1.2.0] startup
[8.291s] [ext: omni.kit.viewport.legacy_gizmos-1.0.24] startup
[8.292s] [ext: omni.kit.viewport.registry-104.0.6] startup
[8.293s] [ext: omni.kit.viewport.scene_camera_model-1.0.7] startup
[8.295s] [ext: omni.kit.widget.viewport-109.2.0] startup
[8.299s] [ext: omni.kit.window.drop_support-1.0.8] startup
[8.299s] [ext: omni.kit.viewport.window-109.0.2] startup
[8.313s] [ext: omni.kit.viewport.utility-2.0.1] startup
[8.314s] [ext: isaacsim.core.rendering_manager-0.4.3] startup
[8.334s] [ext: omni.graph.action_core-1.1.9] startup
[8.336s] [ext: omni.graph.action_nodes_core-2.11.0] startup
[8.338s] [ext: omni.graph.action_nodes-2.11.0] startup
[8.354s] [ext: omni.graph.action-2.10.2] startup
[8.355s] [ext: omni.graph.image.core-0.6.1] startup
[8.355s] [ext: omni.graph.image.nodes-1.3.1] startup
[8.356s] [ext: omni.graph.nodes_core-2.11.0] startup
[8.360s] [ext: omni.graph.nodes-2.12.0] startup
[8.364s] [ext: omni.kit.hotkeys.core-1.3.12] startup
[8.365s] [ext: omni.kit.property.adapter.core-1.1.1] startup
[8.367s] [ext: omni.kit.property.adapter.usd-1.0.5] startup
[8.368s] [ext: omni.kit.widget.filter-1.1.5] startup
[8.369s] [ext: omni.kit.widget.highlight_label-1.0.3] startup
[8.369s] [ext: omni.kit.widget.searchfield-1.1.8] startup
[8.370s] [ext: omni.kit.window.file_exporter-1.0.36] startup
[8.371s] [ext: omni.kit.widget.stage-4.4.0] startup
[8.378s] [ext: omni.kit.window.content_browser_registry-0.0.6] startup
[8.379s] [ext: omni.kit.window.file-2.0.10] startup
[8.382s] [ext: omni.kit.window.content_browser-3.1.8] startup
[8.390s] [ext: omni.kit.window.property-1.15.1] startup
[8.399s] [ext: omni.kit.property.usd-4.9.4] startup
[8.407s] [ext: omni.graph.scriptnode-2.10.2] startup
[8.415s] [ext: omni.kit.widget.searchable_combobox-1.0.7] startup
[8.416s] [ext: omni.kit.widget.settings-2.0.0] startup
[8.419s] [ext: omni.kit.window.preferences-1.8.3] startup
[8.423s] [ext: omni.kit.viewport.menubar.core-107.2.2] startup
[8.433s] [ext: omni.syntheticdata-0.6.15] startup
[8.457s] [ext: omni.replicator.nv-1.1.1] startup
[8.461s] [ext: omni.videoencoding-0.2.1] startup
[8.462s] [ext: omni.replicator.core-1.13.27] startup
2026-09-24T08:25:50Z [8,449ms] [Warning] [pxr.Semantics] pxr.Semantics is deprecated - please use Semantics instead
2026-09-24T08:25:50Z [8,515ms] [Warning] [omni.replicator.core.scripts.extension] No material configuration file, adding configuration to material settings directly.
[8.665s] [ext: isaacsim.core.nodes-5.10.5] startup
[8.691s] [ext: isaacsim.core.throttling-2.3.5] startup
[8.692s] [ext: omni.kit.manipulator.viewport-107.0.1] startup
[8.693s] [ext: omni.graph.visualization.nodes-2.1.4] startup
[8.705s] [ext: omni.kit.window.extensions-1.5.10] startup
[8.709s] [ext: isaacsim.gui.components-1.8.5] startup
[8.713s] [ext: isaacsim.robot.surface_gripper-3.6.2] startup
[8.722s] [ext: isaacsim.robot.manipulators-3.4.4] startup
[8.731s] [ext: isaacsim.robot_motion.lula-4.1.3] startup
[8.736s] [ext: isaacsim.robot_motion.motion_generation-8.2.9] startup
[8.740s] [ext: isaacsim.cortex.framework-1.0.18] startup
[8.742s] [ext: isaacsim.cortex.behaviors-2.0.17] startup
[8.743s] [ext: isaacsim.examples.base-1.3.2] startup
[8.744s] [ext: omni.kit.widget.zoombar-1.0.7] startup
[8.745s] [ext: omni.kit.browser.core-2.3.18] startup
[8.748s] [ext: omni.kit.browser.folder.core-2.0.2] startup
[8.751s] [ext: omni.kit.widget.stage_icons-1.0.8] startup
[8.752s] [ext: omni.kit.window.stage-2.6.1] startup
[8.754s] [ext: omni.kit.menu.stage-1.2.7] startup
[8.755s] [ext: omni.kit.usd.collect-3.0.6] startup
[8.757s] [ext: omni.kit.widget.prompt-1.0.7] startup
[8.758s] [ext: omni.kit.tool.collect-2.2.19] startup
[8.760s] [ext: isaacsim.examples.browser-0.3.2] startup
[8.762s] [ext: omni.kit.search.files-1.0.4] startup
[8.762s] [ext: omni.kit.widget.calendar-1.0.9] startup
[8.763s] [ext: omni.kit.widget.extended_searchfield-1.0.31] startup
[8.769s] [ext: omni.simready.content.browser-0.3.7] startup
[8.854s] [ext: isaacsim.gui.content_browser-0.4.3] startup
[8.857s] [ext: omni.kit.selection-0.1.6] startup
[8.858s] [ext: isaacsim.gui.menu-2.10.5] startup
[8.865s] [ext: isaacsim.gui.property-1.6.4] startup
[8.871s] [ext: omni.kit.viewport.actions-110.0.0] startup
[8.875s] [ext: omni.kit.viewport.menubar.display-107.1.3] startup
[8.877s] [ext: isaacsim.gui.sensors.icon-2.2.1] startup
[8.879s] [ext: omni.behavior.scripting.core-110.1.0] startup
[8.882s] [ext: isaacsim.replicator.behavior-1.5.4] startup
[8.883s] [ext: isaacsim.replicator.experimental.domain_randomization-1.2.5] startup
[8.896s] [ext: isaacsim.replicator.domain_randomization-1.2.2] startup
[8.963s] [ext: isaacsim.replicator.writers-1.5.4] startup
[8.986s] [ext: isaacsim.robot.experimental.wheeled_robots-0.2.11] startup
[9.005s] [ext: isaacsim.robot.policy.examples-5.2.12] startup
[9.023s] [ext: isaacsim.robot.wheeled_robots-5.2.4] startup
[9.026s] [ext: isaacsim.robot.wheeled_robots.nodes-0.1.5] startup
[9.041s] [ext: isaacsim.robot_motion.experimental.motion_generation-6.1.3] startup
[9.052s] [ext: isaacsim.robot_motion.cumotion-1.3.1] startup
[9.063s] [ext: omni.kit.numpy.common-0.1.3] startup
[9.065s] [ext: isaacsim.sensors.camera-1.7.9] startup
[9.091s] [ext: isaacsim.sensors.experimental.physics-3.0.2] startup
[9.099s] [ext: omni.sensors.net-1.0.1] startup
[9.101s] [ext: omni.sensors.nv.common-3.0.0] startup
[9.109s] [ext: omni.sensors.nv.materials-2.0.0] startup
[9.112s] [ext: omni.sensors.nv.acoustic-3.0.0] startup
[9.114s] [ext: omni.sensors.nv.ids-2.0.1] startup
[9.116s] [ext: omni.sensors.nv.lidar-3.0.0] startup
[9.118s] [ext: omni.sensors.nv.radar-3.0.0] startup
[9.121s] [ext: isaacsim.sensors.experimental.rtx-1.4.6] startup
[9.356s] [ext: isaacsim.sensors.physics.nodes-1.5.3] startup
[9.361s] [ext: isaacsim.util.debug_draw-3.2.3] startup
[9.365s] [ext: isaacsim.sensors.physx-2.5.5] startup
[9.371s] [ext: isaacsim.sensors.rtx-15.17.1] startup
[9.379s] [ext: isaacsim.simulation_app-2.18.4] startup
[9.379s] [ext: omni.anim.curve.core-1.6.0] startup
[9.388s] [ext: omni.graph.ui_nodes-2.11.1] startup
[9.408s] [ext: omni.hydra.scene_api-0.1.3] startup
[9.411s] [ext: omni.kit.manipulator.camera-110.0.0] startup
[9.414s] [ext: omni.kit.manipulator.selector-1.1.4] startup
[9.415s] [ext: omni.kit.manipulator.transform-107.0.0] startup
[9.419s] [ext: omni.kit.widget.toolbar-2.1.0] startup
[9.424s] [ext: omni.kit.manipulator.tool.snap-1.5.14] startup
[9.427s] [ext: omni.kit.viewport.manipulator.transform-107.0.4] startup
[9.429s] [ext: omni.kit.manipulator.prim.core-108.0.2] startup
[9.433s] [ext: omni.kit.manipulator.prim.usd-107.0.3] startup
[9.435s] [ext: omni.kit.manipulator.prim-108.0.0] startup
[9.435s] [ext: omni.kit.manipulator.selection-109.0.1] startup
[9.436s] [ext: omni.kit.menu.create-2.0.2] startup
[9.437s] [ext: omni.kit.property.audio-1.0.16] startup
[9.440s] [ext: omni.kit.property.camera-1.0.14] startup
[9.441s] [ext: omni.kit.property.geometry-2.1.2] startup
[9.444s] [ext: omni.kit.property.light-1.0.14] startup
2026-09-24T08:25:51Z [9,446ms] [Warning] [omni.usd] Encountered USD Warnings but USD Diagnostics are currently muted. To view USD Warnings, please set the '/persistent/app/usd/muteUsdDiagnostics' setting to false in Preferences page.
[9.475s] [ext: omni.kit.property.material-1.14.6] startup
[9.480s] [ext: omni.kit.property.render-1.2.2] startup
[9.481s] [ext: omni.kit.property.transform-1.6.9] startup
[9.484s] [ext: omni.kit.property.bundle-1.5.1] startup
[9.485s] [ext: omni.kit.usdz_export-1.1.0] startup
[9.487s] [ext: omni.kit.tool.asset_importer-6.0.1] startup
[9.491s] [ext: omni.kit.ui.actions-1.0.5] startup
[9.493s] [ext: omni.kit.viewport.menubar.camera-107.0.10] startup
[9.497s] [ext: omni.kit.viewport.menubar.lighting-107.3.2] startup
[9.499s] [ext: omni.kit.viewport.menubar.render-110.0.0] startup
[9.501s] [ext: omni.kit.viewport.menubar.settings-110.0.1] startup
[9.503s] [ext: omni.kit.window.console-1.1.9] startup
[9.506s] [ext: omni.kit.window.status_bar-0.1.11] startup
[9.508s] [ext: omni.kit.window.toolbar-3.0.3] startup
[9.510s] [ext: omni.ocio-0.1.1] startup
[9.511s] [ext: omni.physx.commands-110.1.13] startup
[9.514s] [ext: omni.replicator.replicator_yaml-2.0.12] startup
[9.522s] [ext: omni.rtx.window.settings-0.8.0] startup
[9.526s] [ext: omni.rtx.settings.core-0.7.1] startup
[9.528s] [ext: omni.usd.metrics.assembler.ui-110.1.1] startup
[9.534s] [ext: semantics.schema.editor-2.0.2] startup
[9.536s] [ext: semantics.schema.property-2.0.2] startup
[9.537s] [ext: omni.kit.menu.common-2.0.2] startup
[9.538s] [ext: isaacsim.exp.base-6.0.1] startup
[9.539s] [ext: isaacsim.exp.base.python-6.0.1] startup
[9.540s] Simulation App Starting
[10.567s] Simulation App Startup Complete
[10.572s] app ready
Starting kit application with the following args:  ['/home/starry/isaac-data/isaacsim/exts/isaacsim.simulation_app/isaacsim/simulation_app/simulation_app.py', '/home/starry/isaac-data/isaacsim/apps/isaacsim.exp.base.python.kit', '--/app/tokens/exe-path=/home/starry/isaac-data/isaacsim/kit', '--/persistent/app/viewport/displayOptions=3094', '--/rtx/materialDb/syncLoads=True', '--/rtx/hydra/materialSyncLoads=True', '--/omni/kit/plugin/syncUsdLoads=True', '--/app/renderer/resolution/width=1280', '--/app/renderer/resolution/height=720', '--/app/window/width=1440', '--/app/window/height=900', '--/renderer/multiGpu/enabled=False', '--/app/fastShutdown=True', '--/app/installSignalHandlers=0', '--ext-folder', '/home/starry/isaac-data/isaacsim/exts', '--ext-folder', '/home/starry/isaac-data/isaacsim/apps', '--/renderer/activeGpu=0', '--/physics/cudaDevice=0', '--/plugins/carb.tasking.plugin/threadCount=12', '--/plugins/omni.tbb.globalcontrol/maxThreadCount=12', '--portable', '--no-window', '--/app/window/hideUi=1']
Passing the following args to the base kit application:  []
Warp 1.13.0 initialized:
   CUDA Toolkit 12.9, Driver 13.0
   Devices:
     "cpu"      : "x86_64"
     "cuda:0"   : "NVIDIA GeForce RTX 5070" (11 GiB, sm_120, mempool enabled)
   Kernel cache:
     /home/starry/.cache/warp/1.13.0
[LIGHTING] sun=800.0 (1) dome=0.0 (1) ambient=0.05 constant_color=(0.6, 0.65, 0.7)
[RENDER] mode=MinimalRendering minimal_shading_mode=2 anti_aliasing=TAA
[DEPTH CAMERAS] count=4 resolution_each=320x240 horizontal_coverage=360deg
[ESDF] path=/home/starry/isaac-data/EGO1P1/scenes/ego_swarm_cloud/occupancy.bin shape=(400, 300, 50) resolution=0.40m
[depth_angular_controller-1] [INFO] [1790238355.543615696] [depth_angular_controller]: WAITING_ODOMETRY
[NAV] t=0.0s position=(-64.00,-11.20,2.80) yaw=0.0deg command=(0.00,0.00,0.00) manual_active=0 collision_blocks=0
[depth_angular_controller-1] [INFO] [1790238356.188529730] [depth_angular_controller]: WAITING_VERIFIED_START_POSE
[depth_angular_controller-1] [INFO] [1790238356.222527355] [depth_angular_controller]: VERIFIED_FREE_SEED center=(-64.000,-11.200,2.800) radius=2.500: verified fixed Cloud free ball; USD and occupancy SHA-256 matched
[depth_angular_controller-1] [INFO] [1790238356.222645181] [depth_angular_controller]: ZERO_INTENT
[depth_angular_controller-1] [INFO] [1790238357.137404183] [depth_angular_controller]: 3D guidance switched to view 0
[depth_angular_controller-1] [INFO] [1790238357.142713218] [depth_angular_controller]: TARGET_HOLD
[depth_angular_controller-1] [INFO] [1790238357.904014791] [depth_angular_controller]: STATE_OUTSIDE_FREE_DOMAIN
[depth_angular_controller-1] [INFO] [1790238358.031137288] [depth_angular_controller]: TARGET_HOLD
[11.110s] [ext: isaacsim.sensors.rtx.nodes-0.1.2] startup
[11.118s] [ext: isaacsim.ros2.core-1.9.4] startup
[11.134s] Attempting to load system rclpy
[11.135s] Could not import system rclpy: No module named 'rclpy'
[11.135s] Attempting to load internal rclpy for ROS Distro: humble
[11.148s] rclpy loaded
[11.151s] [ext: isaacsim.ros2.nodes-1.18.13] startup
[11.187s] [ext: isaacsim.ros2.examples-1.2.4] startup
[11.191s] [ext: isaacsim.ros2.ui-1.6.5] startup
[11.410s] [ext: isaacsim.ros2.bridge-5.1.2] startup
2026-09-24T08:25:56Z [13,821ms] [Warning] [omni.timeline.plugin] Deprecated: direct use of ITimeline callbacks is deprecated. Use ITimeline::getTimeline (Python: omni.timeline.get_timeline_interface) instead.
[depth_angular_controller-1] [INFO] [1790238358.860851625] [depth_angular_controller]: STATE_OUTSIDE_FREE_DOMAIN
[VALIDATION DISTURBANCE] t=3.000 delta_velocity=[0.0, 0.2, 0.0]
[depth_angular_controller-1] [INFO] [1790238359.834892199] [depth_angular_controller]: TRACKING
[depth_angular_controller-1] [INFO] [1790238359.847069262] [depth_angular_controller]: REFERENCE_INITIALIZATION
[depth_angular_controller-1] [INFO] [1790238359.877145516] [depth_angular_controller]: STATE_OUTSIDE_FREE_DOMAIN
[depth_angular_controller-1] [INFO] [1790238360.077416489] [depth_angular_controller]: 3D guidance switched to view 3
[depth_angular_controller-1] [INFO] [1790238360.077520130] [depth_angular_controller]: STATE_OUTSIDE_DEPTH_FOV
[depth_angular_controller-1] [INFO] [1790238360.169372259] [depth_angular_controller]: TARGET_HOLD
[depth_angular_controller-1] [INFO] [1790238360.305037636] [depth_angular_controller]: STATE_OUTSIDE_FREE_DOMAIN
[depth_angular_controller-1] [INFO] [1790238360.333600842] [depth_angular_controller]: 3D guidance switched to view 0
[depth_angular_controller-1] [INFO] [1790238360.333711596] [depth_angular_controller]: DIRECTION_OUTSIDE_DEPTH_FOV
[depth_angular_controller-1] [INFO] [1790238360.438586648] [depth_angular_controller]: STATE_OUTSIDE_DEPTH_FOV
[depth_angular_controller-1] [INFO] [1790238360.639981818] [depth_angular_controller]: TRACKING
[depth_angular_controller-1] [INFO] [1790238360.652701472] [depth_angular_controller]: REFERENCE_INITIALIZATION
[depth_angular_controller-1] [INFO] [1790238360.684731338] [depth_angular_controller]: TRACKING
[depth_angular_controller-1] [INFO] [1790238360.697830280] [depth_angular_controller]: STATE_OUTSIDE_FREE_DOMAIN
[depth_angular_controller-1] [INFO] [1790238360.907957697] [depth_angular_controller]: DIRECTION_OUTSIDE_DEPTH_FOV
[depth_angular_controller-1] [INFO] [1790238361.194639710] [depth_angular_controller]: [PERF CTRL] run=paper_verified_start_third elapsed=19.52s callbacks=241 commands=240 guidance=190 command_fps(ros/wall)=49.79/47.74 guidance_wall_fps=46.58 avoid_ms(mean/p50/p95/max)=0.646/0.012/3.010/5.593 cycle_ms(mean/p95/max)=20.946/38.154/100.040 depth_to_cmd_ms(mean/p95/max)=32.368/33.333/33.333 callback_to_publish_ms(mean/p95/max)=0.742/3.063/13.085
[position_cmd_to_twist-2] [INFO] [1790238361.316191444] [position_cmd_to_twist]: [PERF BRIDGE] run=paper_verified_start_third elapsed=19.62s received=245 published=245 fps(ros/wall)=49.80/47.83 controller_to_bridge_ms(mean/p50/p95/max)=0.000/0.000/0.000/0.000 bridge_process_ms(mean/p95/max)=0.089/0.119/0.180
[NAV] t=5.0s position=(-62.69,-10.95,2.94) yaw=53.0deg command=(0.00,0.00,0.00) manual_active=1 collision_blocks=0
[depth_angular_controller-1] [INFO] [1790238361.456580835] [depth_angular_controller]: 3D guidance switched to view 3
[depth_angular_controller-1] [INFO] [1790238361.459482385] [depth_angular_controller]: TARGET_HOLD
[depth_angular_controller-1] [INFO] [1790238361.529119804] [depth_angular_controller]: STATE_OUTSIDE_FREE_DOMAIN
[depth_angular_controller-1] [INFO] [1790238361.566824430] [depth_angular_controller]: TARGET_HOLD
[depth_angular_controller-1] [INFO] [1790238361.719062525] [depth_angular_controller]: STATE_OUTSIDE_FREE_DOMAIN
[depth_angular_controller-1] [INFO] [1790238361.732910318] [depth_angular_controller]: DIRECTION_OUTSIDE_DEPTH_FOV
[depth_angular_controller-1] [INFO] [1790238361.746946347] [depth_angular_controller]: 3D guidance switched to view 0
[depth_angular_controller-1] [INFO] [1790238361.763793310] [depth_angular_controller]: STATE_OUTSIDE_DEPTH_FOV
[depth_angular_controller-1] [INFO] [1790238362.242677688] [depth_angular_controller]: TARGET_HOLD
[depth_angular_controller-1] [INFO] [1790238362.530848387] [depth_angular_controller]: STATE_OUTSIDE_FREE_DOMAIN
[depth_angular_controller-1] [INFO] [1790238363.189226653] [depth_angular_controller]: TARGET_HOLD
[depth_angular_controller-1] [INFO] [1790238363.243546078] [depth_angular_controller]: STATE_OUTSIDE_FREE_DOMAIN
[depth_angular_controller-1] [INFO] [1790238363.422497943] [depth_angular_controller]: TRACKING
[depth_angular_controller-1] [INFO] [1790238363.437820167] [depth_angular_controller]: REFERENCE_INITIALIZATION
[depth_angular_controller-1] [INFO] [1790238363.472747618] [depth_angular_controller]: STATE_OUTSIDE_FREE_DOMAIN
[depth_angular_controller-1] [INFO] [1790238363.650187420] [depth_angular_controller]: TRACKING
[depth_angular_controller-1] [INFO] [1790238363.697821099] [depth_angular_controller]: STATE_OUTSIDE_FREE_DOMAIN
[depth_angular_controller-1] [INFO] [1790238363.727641589] [depth_angular_controller]: 3D guidance switched to view 1
[depth_angular_controller-1] [INFO] [1790238363.727734651] [depth_angular_controller]: DIRECTION_OUTSIDE_DEPTH_FOV
[depth_angular_controller-1] [INFO] [1790238363.741852918] [depth_angular_controller]: STATE_OUTSIDE_DEPTH_FOV
[depth_angular_controller-1] [INFO] [1790238363.943465765] [depth_angular_controller]: TRACKING
[depth_angular_controller-1] [INFO] [1790238363.986946009] [depth_angular_controller]: STATE_OUTSIDE_DEPTH_FOV
[depth_angular_controller-1] [INFO] [1790238364.002967410] [depth_angular_controller]: STATE_OUTSIDE_FREE_DOMAIN
[depth_angular_controller-1] [INFO] [1790238364.178348262] [depth_angular_controller]: TRACKING
[depth_angular_controller-1] [INFO] [1790238364.199365894] [depth_angular_controller]: TARGET_HOLD
[depth_angular_controller-1] [INFO] [1790238364.215393910] [depth_angular_controller]: STATE_OUTSIDE_FREE_DOMAIN
[depth_angular_controller-1] [INFO] [1790238364.231479492] [depth_angular_controller]: 3D guidance switched to view 0
[depth_angular_controller-1] [INFO] [1790238364.231563707] [depth_angular_controller]: DIRECTION_OUTSIDE_DEPTH_FOV
[depth_angular_controller-1] [INFO] [1790238364.275574848] [depth_angular_controller]: STATE_OUTSIDE_DEPTH_FOV
[depth_angular_controller-1] [INFO] [1790238364.464752639] [depth_angular_controller]: TRACKING
[depth_angular_controller-1] [INFO] [1790238364.494602821] [depth_angular_controller]: REFERENCE_INITIALIZATION
[depth_angular_controller-1] [INFO] [1790238364.513460676] [depth_angular_controller]: STATE_OUTSIDE_FREE_DOMAIN
[depth_angular_controller-1] [INFO] [1790238364.744398344] [depth_angular_controller]: TRACKING
[depth_angular_controller-1] [INFO] [1790238364.789721520] [depth_angular_controller]: 3D guidance switched to view 1
[depth_angular_controller-1] [INFO] [1790238364.789826443] [depth_angular_controller]: DIRECTION_OUTSIDE_DEPTH_FOV
[depth_angular_controller-1] [INFO] [1790238364.806581077] [depth_angular_controller]: STATE_OUTSIDE_DEPTH_FOV
[depth_angular_controller-1] [INFO] [1790238365.006085829] [depth_angular_controller]: TRACKING
[depth_angular_controller-1] [INFO] [1790238365.020943014] [depth_angular_controller]: REFERENCE_INITIALIZATION
[depth_angular_controller-1] [INFO] [1790238365.069441667] [depth_angular_controller]: STATE_OUTSIDE_FREE_DOMAIN
[depth_angular_controller-1] [INFO] [1790238365.270083246] [depth_angular_controller]: TRACKING
[depth_angular_controller-1] [INFO] [1790238365.325127070] [depth_angular_controller]: STATE_OUTSIDE_FREE_DOMAIN
[depth_angular_controller-1] [INFO] [1790238365.361649522] [depth_angular_controller]: 3D guidance switched to view 0
[depth_angular_controller-1] [INFO] [1790238365.361769754] [depth_angular_controller]: DIRECTION_OUTSIDE_DEPTH_FOV
[depth_angular_controller-1] [INFO] [1790238365.379415151] [depth_angular_controller]: STATE_OUTSIDE_DEPTH_FOV
[depth_angular_controller-1] [INFO] [1790238365.505362188] [depth_angular_controller]: ZERO_INTENT
[depth_angular_controller-1] [INFO] [1790238366.208611616] [depth_angular_controller]: [PERF CTRL] run=paper_verified_start_third elapsed=24.53s callbacks=488 commands=487 guidance=399 command_fps(ros/wall)=49.85/48.50 guidance_wall_fps=47.64 avoid_ms(mean/p50/p95/max)=0.484/0.007/2.436/5.593 cycle_ms(mean/p95/max)=20.617/36.644/100.040 depth_to_cmd_ms(mean/p95/max)=30.827/33.333/33.333 callback_to_publish_ms(mean/p95/max)=0.597/2.539/13.085
[position_cmd_to_twist-2] [INFO] [1790238366.355816844] [position_cmd_to_twist]: [PERF BRIDGE] run=paper_verified_start_third elapsed=24.67s received=496 published=496 fps(ros/wall)=49.92/48.69 controller_to_bridge_ms(mean/p50/p95/max)=0.000/0.000/0.000/0.000 bridge_process_ms(mean/p95/max)=0.091/0.120/0.214
[NAV] t=10.0s position=(-62.45,-11.08,2.89) yaw=-37.0deg command=(0.00,0.00,-0.00) manual_active=0 collision_blocks=0
[MANUAL RESULT] TIMEOUT position=(-62.450,-11.085,2.887)
[PERF ISAAC FINAL] run=paper_verified_start_third result=MANUAL_TIMEOUT wall=12.84s sim_frames=723 fps(sim/wall)=60.17/56.33 command_changes=127 collision_blocks=0 frame_interval_ms(mean/p50/p95/max)=16.918/15.174/19.243/80.696
[26.257s] Simulation App Shutting Down
[depth_angular_controller-1] [INFO] [1790238368.930720102] [rclcpp]: signal_handler(SIGINT/SIGTERM)
[depth_angular_controller-1] [INFO] [1790238368.930912727] [depth_angular_controller]: [PERF CTRL FINAL] run=paper_verified_start_third elapsed=27.26s callbacks=601 commands=600 guidance=399 command_fps(ros/wall)=49.92/49.19 guidance_wall_fps=47.64 avoid_ms(mean/p50/p95/max)=0.484/0.007/2.436/5.593 cycle_ms(mean/p95/max)=20.329/35.101/100.040 depth_to_cmd_ms(mean/p95/max)=30.827/33.333/33.333 callback_to_publish_ms(mean/p95/max)=0.605/2.716/13.085
[position_cmd_to_twist-2] [INFO] [1790238368.931289891] [position_cmd_to_twist]: [PERF BRIDGE FINAL] run=paper_verified_start_third elapsed=27.25s received=600 published=600 fps(ros/wall)=49.92/49.19 controller_to_bridge_ms(mean/p50/p95/max)=0.000/0.000/0.000/0.000 bridge_process_ms(mean/p95/max)=0.091/0.120/0.214
[position_cmd_to_twist-2] Failed to publish log message to rosout: publisher's context is invalid, at ./src/rcl/publisher.c:389
[INFO] [depth_angular_controller-1]: process has finished cleanly [pid 12278]
[INFO] [position_cmd_to_twist-2]: process has finished cleanly [pid 12280]
