[PERF] run=paper_verified_start_second log=/tmp/paper-verified-isaac-performance.md
[INPUT] mode=trace scene_mode=cloud
[INFO] [launch]: All log files can be found below /tmp/fov_gvf_ego1p1_isaac_ros_log/2026-09-24-16-18-56-290518-starry-System-Product-Name-10541
[INFO] [launch]: Default logging verbosity is set to INFO
[INFO] [depth_angular_controller-1]: process started with pid [10543]
[INFO] [position_cmd_to_twist-2]: process started with pid [10545]
[depth_angular_controller-1] [INFO] [1790237936.323240335] [depth_angular_controller]: C++ controller commands publish on /position_cmd; horizontal views=4
[ROS CHECK] ROS_DOMAIN_ID=84 /position_cmd publishers=1
Type: pc_gvf_msgs/msg/PositionCommand
Publisher count: 1
Subscription count: 1
/depth_angular_controller
/position_cmd_to_twist
WARNING: All log messages before absl::InitializeLog() is called are written to STDERR
E0000 00:00:1790237937.268400   10583 descriptor_database.cc:633] File already exists in database: grpc/health/v1/health.proto
W0000 00:00:1790237937.268424   10583 message.cc:301] Protobuf GeneratedMessageFactory: File is already registered: grpc/health/v1/health.proto
2026-09-24T08:18:56Z [Info] [carb] Logging to file: /home/starry/isaac-data/isaacsim/kit/logs/Kit/Isaac-Sim Python/6.0/kit_20260924_161856.log
[0.042s] [ext: omni.assets.plugins-0.0.0] startup
[0.042s] [ext: omni.blobkey-1.1.2] startup
[0.043s] [ext: omni.kit.async_engine-0.0.3] startup
[0.311s] [ext: omni.client.lib-1.1.1] startup
[0.319s] [ext: omni.client-1.3.0] startup
[0.321s] [ext: omni.protobuf.lib-1.0.0] startup
[0.321s] [ext: omni.grpc.lib-1.0.0] startup
[0.325s] [ext: omni.metrics.core-0.0.3] startup
[0.325s] [ext: omni.datastore-0.0.0] startup
[0.325s] [ext: omni.gpu_foundation.shadercache.vulkan-1.0.0] startup
[0.327s] [ext: omni.hsscclient-1.1.4] startup
[0.327s] [ext: omni.stats-1.0.1] startup
[0.328s] [ext: omni.ujitso.default-1.0.0] startup
[0.331s] [ext: omni.gpu_foundation-0.0.0] startup
[0.449s] [ext: carb.windowing.plugins-1.0.1] startup
[0.449s] [ext: omni.kit.renderer.init-1.0.1] startup
2026-09-24T08:18:57Z [643ms] [Warning] [omni.rtx] Skipping unsupported non-NVIDIA GPU: AMD Unknown (RADV RAPHAEL_MENDOCINO)
2026-09-24T08:18:57Z [644ms] [Warning] [omni.rtx] Skipping unsupported non-NVIDIA GPU: AMD Unknown (RADV RAPHAEL_MENDOCINO)

|---------------------------------------------------------------------------------------------|
| Driver Version: 580.178.04    | Graphics API: Vulkan
|=============================================================================================|
| GPU | Name                             | Active | LDA | GPU Memory | Vendor-ID | LUID       |
|     |                                  |        |     |            | Device-ID | UUID       |
|     |                                  |        |     |            | Bus-ID    |            |
|---------------------------------------------------------------------------------------------|
| 0   | NVIDIA GeForce RTX 5070          | Yes: 0 |     | 12227   MB | 10de      | 0          |
|     |                                  |        |     |            | 2f04      | 348d89fe.. |
|     |                                  |        |     |            | 1         |            |
|---------------------------------------------------------------------------------------------|
| 1   | AMD Unknown (RADV RAPHAEL_MEND.. |        |     | 10755   MB | 1002      | 0          |
|     |                                  |        |     |            | 13c0      | 00000000.. |
|     |                                  |        |     |            | c         |            |
|=============================================================================================|
| OS: 22.04.5 LTS (Jammy Jellyfish) ubuntu, Version: 22.04.5, Kernel: 6.8.0-138-generic
| XServer Vendor: The X.Org Foundation, XServer Version: 12101004 (1.21.1.4)
| Processor: AMD Ryzen 5 9600X 6-Core Processor
| Cores: 6 | Logical Cores: 12
|---------------------------------------------------------------------------------------------|
| Total Memory (MB): 31241 | Free Memory: 25907
| Total Page/Swap (MB): 15624 | Free Page/Swap: 15624
|---------------------------------------------------------------------------------------------|
2026-09-24T08:18:57Z [855ms] [Warning] [omni.rtx] CPU performance profile is set to powersave. This profile sets the CPU to the lowest frequency reducing performance.
2026-09-24T08:18:57Z [863ms] [Warning] [omni.rtx] IOMMU is enabled.
[0.957s] [ext: omni.kit.pipapi-0.0.0] startup
[0.958s] [ext: omni.kit.pip_archive-0.0.0] startup
[0.958s] [ext: isaacsim.pip.newton-0.6.1] startup
[0.958s] [ext: omni.pip.compute-1.9.2] startup
[0.958s] [ext: omni.isaac.core_archive-5.3.1] startup
[0.959s] [ext: omni.kit.telemetry-0.5.2] startup
[0.974s] [ext: omni.kit.loop-isaac-1.6.0] startup
[0.975s] [ext: omni.kit.test-2.0.7] startup
[1.025s] [ext: omni.materialx.libs-1.0.9] startup
[1.031s] [ext: omni.gpucompute.plugins-0.0.0] startup
[1.032s] [ext: omni.usd.config-1.0.7] startup
[1.035s] [ext: omni.usd.libs-1.0.3] startup
[1.088s] [ext: omni.iray.libs-0.0.1] startup
[1.091s] [ext: omni.mdl-57.0.3] startup
[1.152s] [ext: omni.mdl.neuraylib-0.2.20] startup
[1.154s] [ext: omni.kit.usd.mdl-1.1.9] startup
[1.237s] [ext: omni.appwindow-1.2.2] startup
[1.238s] [ext: omni.kit.renderer.core-1.2.2] startup
2026-09-24T08:19:03Z [6,469ms] [Warning] [carb.windowing-glfw.gamepad] Joystick with unknown remapping detected (will be ignored):  BEITONG BEITONG A2P3A BFM DONGLE [03000000bc2000001c51000011010000]
[6.498s] [ext: omni.kit.renderer.capture-2.0.1] startup
[6.499s] [ext: omni.kit.renderer.imgui-2.0.6] startup
[6.534s] [ext: omni.ui-3.2.0] startup
[6.541s] [ext: omni.kit.mainwindow-1.0.3] startup
[6.542s] [ext: carb.audio-0.1.0] startup
[6.544s] [ext: omni.uiaudio-1.0.0] startup
[6.544s] [ext: omni.kit.uiapp-0.0.0] startup
[6.544s] [ext: omni.usd.schema.metrics.assembler-110.1.0] startup
[6.547s] [ext: omni.usd.schema.audio-0.0.1] startup
[6.549s] [ext: omni.usd_resolver-1.0.0] startup
[6.551s] [ext: omni.usd.core-1.8.3] startup
[6.554s] [ext: omni.metropolis.schema-0.0.3] startup
[6.554s] [ext: isaacsim.anim.robot.schema-0.1.1] startup
[6.555s] [ext: omni.usd.schema.anim-0.0.1] startup
[6.567s] [ext: omni.usd.schema.geospatial-0.0.1] startup
[6.569s] [ext: omni.usd.schema.omnigraph-1.0.1] startup
[6.573s] [ext: omni.usd.schema.semantics-0.0.0] startup
[6.575s] [ext: omni.activity.core-1.0.3] startup
[6.576s] [ext: omni.cubric-0.1.0] startup
[6.576s] [ext: omni.graph.exec-0.9.6] startup
[6.576s] [ext: omni.hydra.scene_delegate-0.3.5] startup
[6.578s] [ext: usdrt.scenegraph-7.6.3] startup
[6.597s] [ext: omni.hydra.usdrt_delegate-7.5.2] startup
[6.600s] [ext: omni.inspect-1.0.2] startup
[6.601s] [ext: omni.kit.actions.core-1.0.0] startup
[6.602s] [ext: omni.kit.audiodeviceenum-1.0.2] startup
[6.603s] [ext: omni.kit.commands-1.5.0] startup
[6.606s] [ext: omni.kit.exec.core-0.13.5] startup
[6.607s] [ext: omni.kit.usd_undo-0.1.8] startup
[6.607s] [ext: omni.kit.window.popup_dialog-2.0.25] startup
[6.610s] [ext: omni.kit.widget.nucleus_connector-2.3.1] startup
[6.612s] [ext: omni.timeline-1.1.0] startup
[6.613s] [ext: omni.usd-1.16.0] startup
[6.638s] [ext: omni.graph.core-3.1.2] startup
[6.640s] [ext: omni.kit.notification_manager-1.0.11] startup
[6.641s] [ext: isaacsim.core.deprecation_manager-0.4.2] startup
[6.642s] [ext: isaacsim.replicator.agent.schema-0.1.1] startup
[6.643s] [ext: isaacsim.robot.schema-6.3.7] startup
[6.646s] [ext: isaacsim.robot_motion.schema-0.2.1] startup
[6.647s] [ext: omni.anim.behavior.schema-110.1.0] startup
[6.650s] [ext: omni.anim.graph.schema-110.1.1] startup
[6.655s] [ext: omni.anim.navigation.schema-110.1.0] startup
[6.657s] [ext: omni.behavior.tree.schema-110.1.0] startup
[6.657s] [ext: omni.isaac.ml_archive-3.3.0] startup
[6.658s] [ext: omni.kit.asset_converter-6.0.1] startup
[6.667s] [ext: omni.pip.cloud-1.5.4] startup
[6.669s] [ext: omni.usd.schema.flow-110.0.0] startup
[6.670s] [ext: omni.usd.schema.mujoco-1.1.1] startup
[6.670s] [ext: omni.usd.schema.newton-1.2.1] startup
[6.670s] [ext: omni.usd.schema.omni_lens_distortion-1.0.0] startup
[6.671s] [ext: omni.usd.schema.omni_projectors-1.0.0] startup
[6.671s] [ext: omni.usd.schema.omni_sensors-0.0.0] startup
[6.677s] [ext: omni.usd.schema.omniscripting-1.0.1] startup
[6.680s] [ext: omni.usd.schema.physical_lighting-0.1.0] startup
[6.682s] [ext: omni.usd.schema.physx-110.1.13] startup
[6.706s] [ext: omni.usd.schema.render_settings.rtx-1.0.2] startup
[6.709s] [ext: omni.usd.schema.usd_particle_field-1.0.0] startup
[6.709s] [ext: isaacsim.core.version-2.1.1] startup
[6.710s] [ext: omni.kit.menu.core-1.2.0] startup
[6.710s] [ext: omni.kit.menu.utils-2.2.4] startup
[6.716s] [ext: isaacsim.app.about-2.3.1] startup
[6.719s] [ext: isaacsim.asset.transformer-1.2.5] startup
[6.722s] [ext: omni.scene.optimizer.core-110.1.0] startup
[6.753s] [ext: isaacsim.asset.importer.utils-1.8.1] startup
[6.755s] [ext: omni.convexdecomposition-110.1.13] startup
[6.756s] [ext: omni.physics-110.1.13] startup
[6.759s] [ext: omni.physx.gpu-110.1.13] startup
[6.759s] [ext: omni.physx.foundation-110.1.13] startup
[6.760s] [ext: omni.usdphysics-110.1.13] startup
[6.761s] [ext: omni.physx.cooking-110.1.13] startup
[6.762s] [ext: omni.physx-110.1.13] startup
[6.769s] [ext: omni.physics.physx-110.1.13] startup
[6.771s] [ext: isaacsim.asset.exporter.urdf-2.0.5] startup
[6.777s] [ext: omni.kit.clipboard-1.1.1] startup
[6.777s] [ext: omni.kit.usd.layers-2.6.1] startup
[6.782s] [ext: omni.kit.widget.context_menu-1.4.0] startup
[6.783s] [ext: omni.kit.context_menu-1.9.0] startup
[6.784s] [ext: omni.kit.helper.file_utils-0.1.10] startup
[6.785s] [ext: omni.kit.widget.nucleus_info-2.0.2] startup
[6.786s] [ext: omni.kit.search_core-1.0.8] startup
[6.786s] [ext: omni.kit.widget.path_field-2.0.13] startup
[6.787s] [ext: omni.kit.widget.browser_bar-2.0.10] startup
[6.787s] [ext: omni.kit.widget.filebrowser-2.13.4] startup
[6.791s] [ext: omni.kit.widget.options_menu-1.1.6] startup
[6.793s] [ext: omni.kit.widget.options_button-1.0.3] startup
[6.793s] [ext: omni.kit.widget.search_delegate-1.0.9] startup
[6.794s] [ext: omni.ui.scene-2.0.3] startup
[6.797s] [ext: omni.kit.window.filepicker-2.15.5] startup
[6.806s] [ext: omni.kit.window.file_importer-1.1.21] startup
[6.807s] [ext: omni.kit.material.library-3.1.2] startup
[6.811s] [ext: isaacsim.asset.transformer.rules-1.7.10] startup
[6.819s] [ext: omni.usdex.libs-2.2.2] startup
[6.824s] [ext: isaacsim.asset.importer.mjcf-3.10.1] startup
[6.826s] [ext: isaacsim.asset.importer.urdf-3.11.2] startup
[6.829s] [ext: omni.kit.primitive.mesh-1.1.0] startup
[6.831s] [ext: omni.kit.stage_template.core-1.1.22] startup
[6.831s] [ext: omni.kit.stage_templates-2.0.2] startup
[6.832s] [ext: omni.usd.metrics.assembler-110.1.2] startup
[6.834s] [ext: omni.warp.core-1.13.0] startup
[7.014s] [ext: isaacsim.core.experimental.utils-0.17.2] startup
[7.015s] [ext: omni.physics.stageupdate-110.1.13] startup
[7.017s] [ext: omni.physics.tensors-110.1.13] startup
[7.020s] [ext: omni.physx.tensors-110.1.13] startup
[7.023s] [ext: isaacsim.core.simulation_manager-1.15.6] startup
[7.033s] [ext: isaacsim.storage.native-1.9.3] startup
[7.034s] [ext: omni.usd.metrics.assembler.physics-110.1.13] startup
[7.035s] [ext: isaacsim.core.utils-4.1.7] startup
[7.036s] [ext: isaacsim.core.prims-0.11.7] startup
[7.894s] [ext: isaacsim.core.api-5.2.13] startup
[7.900s] [ext: isaacsim.core.cloner-1.7.3] startup
[7.901s] [ext: isaacsim.test.docstring-1.3.2] startup
[7.902s] [ext: isaacsim.core.experimental.prims-1.8.9] startup
[7.920s] [ext: isaacsim.core.experimental.primdata-0.3.2] startup
[7.922s] [ext: omni.graph.tools-1.81.0] startup
[7.939s] [ext: omni.graph-1.142.5] startup
[7.970s] [ext: isaacsim.core.experimental.actuators-0.1.2] startup
[7.982s] [ext: isaacsim.core.experimental.materials-0.7.1] startup
[7.984s] [ext: isaacsim.core.experimental.objects-0.8.1] startup
[8.035s] [ext: omni.hydra.engine.stats-1.0.5] startup
[8.037s] [ext: omni.hydra.rtx.shadercache.vulkan-1.0.0] startup
[8.038s] [ext: omni.index.libs-387500.4413.0] startup
[8.038s] [ext: omni.index-1.0.1] startup
[8.038s] [ext: omni.ujitso.client-0.0.0] startup
[8.038s] [ext: omni.usd.schema.playback-1.0.0] startup
[8.041s] [ext: omni.volume-0.5.2] startup
[8.045s] [ext: omni.hydra.rtx-1.0.4] startup
2026-09-24T08:19:04Z [8,035ms] [Warning] [omni.log] Source: omni.hydra was already registered.
[8.065s] [ext: omni.kit.hydra_texture-1.6.0] startup
[8.067s] [ext: omni.kit.raycast.query-1.2.0] startup
[8.070s] [ext: omni.kit.viewport.legacy_gizmos-1.0.24] startup
[8.072s] [ext: omni.kit.viewport.registry-104.0.6] startup
[8.073s] [ext: omni.kit.viewport.scene_camera_model-1.0.7] startup
[8.075s] [ext: omni.kit.widget.viewport-109.2.0] startup
[8.078s] [ext: omni.kit.window.drop_support-1.0.8] startup
[8.079s] [ext: omni.kit.viewport.window-109.0.2] startup
[8.092s] [ext: omni.kit.viewport.utility-2.0.1] startup
[8.093s] [ext: isaacsim.core.rendering_manager-0.4.3] startup
[8.113s] [ext: omni.graph.action_core-1.1.9] startup
[8.114s] [ext: omni.graph.action_nodes_core-2.11.0] startup
[8.116s] [ext: omni.graph.action_nodes-2.11.0] startup
[8.132s] [ext: omni.graph.action-2.10.2] startup
[8.133s] [ext: omni.graph.image.core-0.6.1] startup
[8.133s] [ext: omni.graph.image.nodes-1.3.1] startup
[8.134s] [ext: omni.graph.nodes_core-2.11.0] startup
[8.138s] [ext: omni.graph.nodes-2.12.0] startup
[8.142s] [ext: omni.kit.hotkeys.core-1.3.12] startup
[8.143s] [ext: omni.kit.property.adapter.core-1.1.1] startup
[8.145s] [ext: omni.kit.property.adapter.usd-1.0.5] startup
[8.146s] [ext: omni.kit.widget.filter-1.1.5] startup
[8.146s] [ext: omni.kit.widget.highlight_label-1.0.3] startup
[8.147s] [ext: omni.kit.widget.searchfield-1.1.8] startup
[8.148s] [ext: omni.kit.window.file_exporter-1.0.36] startup
[8.149s] [ext: omni.kit.widget.stage-4.4.0] startup
[8.157s] [ext: omni.kit.window.content_browser_registry-0.0.6] startup
[8.158s] [ext: omni.kit.window.file-2.0.10] startup
[8.160s] [ext: omni.kit.window.content_browser-3.1.8] startup
[8.168s] [ext: omni.kit.window.property-1.15.1] startup
[8.177s] [ext: omni.kit.property.usd-4.9.4] startup
[8.185s] [ext: omni.graph.scriptnode-2.10.2] startup
[8.193s] [ext: omni.kit.widget.searchable_combobox-1.0.7] startup
[8.193s] [ext: omni.kit.widget.settings-2.0.0] startup
[8.195s] [ext: omni.kit.window.preferences-1.8.3] startup
[8.199s] [ext: omni.kit.viewport.menubar.core-107.2.2] startup
[8.208s] [ext: omni.syntheticdata-0.6.15] startup
[8.231s] [ext: omni.replicator.nv-1.1.1] startup
[8.235s] [ext: omni.videoencoding-0.2.1] startup
[8.236s] [ext: omni.replicator.core-1.13.27] startup
2026-09-24T08:19:05Z [8,223ms] [Warning] [pxr.Semantics] pxr.Semantics is deprecated - please use Semantics instead
2026-09-24T08:19:05Z [8,286ms] [Warning] [omni.replicator.core.scripts.extension] No material configuration file, adding configuration to material settings directly.
[8.430s] [ext: isaacsim.core.nodes-5.10.5] startup
[8.455s] [ext: isaacsim.core.throttling-2.3.5] startup
[8.456s] [ext: omni.kit.manipulator.viewport-107.0.1] startup
[8.457s] [ext: omni.graph.visualization.nodes-2.1.4] startup
[8.468s] [ext: omni.kit.window.extensions-1.5.10] startup
[8.473s] [ext: isaacsim.gui.components-1.8.5] startup
[8.477s] [ext: isaacsim.robot.surface_gripper-3.6.2] startup
[8.486s] [ext: isaacsim.robot.manipulators-3.4.4] startup
[8.495s] [ext: isaacsim.robot_motion.lula-4.1.3] startup
[8.500s] [ext: isaacsim.robot_motion.motion_generation-8.2.9] startup
[8.504s] [ext: isaacsim.cortex.framework-1.0.18] startup
[8.505s] [ext: isaacsim.cortex.behaviors-2.0.17] startup
[8.507s] [ext: isaacsim.examples.base-1.3.2] startup
[8.508s] [ext: omni.kit.widget.zoombar-1.0.7] startup
[8.509s] [ext: omni.kit.browser.core-2.3.18] startup
[8.511s] [ext: omni.kit.browser.folder.core-2.0.2] startup
[8.514s] [ext: omni.kit.widget.stage_icons-1.0.8] startup
[8.515s] [ext: omni.kit.window.stage-2.6.1] startup
[8.518s] [ext: omni.kit.menu.stage-1.2.7] startup
[8.519s] [ext: omni.kit.usd.collect-3.0.6] startup
[8.521s] [ext: omni.kit.widget.prompt-1.0.7] startup
[8.522s] [ext: omni.kit.tool.collect-2.2.19] startup
[8.523s] [ext: isaacsim.examples.browser-0.3.2] startup
[8.525s] [ext: omni.kit.search.files-1.0.4] startup
[8.526s] [ext: omni.kit.widget.calendar-1.0.9] startup
[8.527s] [ext: omni.kit.widget.extended_searchfield-1.0.31] startup
[8.533s] [ext: omni.simready.content.browser-0.3.7] startup
[8.616s] [ext: isaacsim.gui.content_browser-0.4.3] startup
[8.618s] [ext: omni.kit.selection-0.1.6] startup
[8.619s] [ext: isaacsim.gui.menu-2.10.5] startup
[8.626s] [ext: isaacsim.gui.property-1.6.4] startup
[8.631s] [ext: omni.kit.viewport.actions-110.0.0] startup
[8.635s] [ext: omni.kit.viewport.menubar.display-107.1.3] startup
[8.636s] [ext: isaacsim.gui.sensors.icon-2.2.1] startup
[8.638s] [ext: omni.behavior.scripting.core-110.1.0] startup
[8.641s] [ext: isaacsim.replicator.behavior-1.5.4] startup
[8.642s] [ext: isaacsim.replicator.experimental.domain_randomization-1.2.5] startup
[8.654s] [ext: isaacsim.replicator.domain_randomization-1.2.2] startup
[8.720s] [ext: isaacsim.replicator.writers-1.5.4] startup
[8.741s] [ext: isaacsim.robot.experimental.wheeled_robots-0.2.11] startup
[8.760s] [ext: isaacsim.robot.policy.examples-5.2.12] startup
[8.777s] [ext: isaacsim.robot.wheeled_robots-5.2.4] startup
[8.780s] [ext: isaacsim.robot.wheeled_robots.nodes-0.1.5] startup
[8.796s] [ext: isaacsim.robot_motion.experimental.motion_generation-6.1.3] startup
[8.805s] [ext: isaacsim.robot_motion.cumotion-1.3.1] startup
[8.817s] [ext: omni.kit.numpy.common-0.1.3] startup
[8.818s] [ext: isaacsim.sensors.camera-1.7.9] startup
[8.845s] [ext: isaacsim.sensors.experimental.physics-3.0.2] startup
[8.851s] [ext: omni.sensors.net-1.0.1] startup
[8.853s] [ext: omni.sensors.nv.common-3.0.0] startup
[8.861s] [ext: omni.sensors.nv.materials-2.0.0] startup
[8.863s] [ext: omni.sensors.nv.acoustic-3.0.0] startup
[8.865s] [ext: omni.sensors.nv.ids-2.0.1] startup
[8.867s] [ext: omni.sensors.nv.lidar-3.0.0] startup
[8.870s] [ext: omni.sensors.nv.radar-3.0.0] startup
[8.872s] [ext: isaacsim.sensors.experimental.rtx-1.4.6] startup
[9.090s] [ext: isaacsim.sensors.physics.nodes-1.5.3] startup
[9.095s] [ext: isaacsim.util.debug_draw-3.2.3] startup
[9.099s] [ext: isaacsim.sensors.physx-2.5.5] startup
[9.105s] [ext: isaacsim.sensors.rtx-15.17.1] startup
[9.114s] [ext: isaacsim.simulation_app-2.18.4] startup
[9.114s] [ext: omni.anim.curve.core-1.6.0] startup
[9.122s] [ext: omni.graph.ui_nodes-2.11.1] startup
[9.142s] [ext: omni.hydra.scene_api-0.1.3] startup
[9.145s] [ext: omni.kit.manipulator.camera-110.0.0] startup
[9.148s] [ext: omni.kit.manipulator.selector-1.1.4] startup
[9.149s] [ext: omni.kit.manipulator.transform-107.0.0] startup
[9.152s] [ext: omni.kit.widget.toolbar-2.1.0] startup
[9.157s] [ext: omni.kit.manipulator.tool.snap-1.5.14] startup
[9.160s] [ext: omni.kit.viewport.manipulator.transform-107.0.4] startup
[9.162s] [ext: omni.kit.manipulator.prim.core-108.0.2] startup
[9.167s] [ext: omni.kit.manipulator.prim.usd-107.0.3] startup
[9.168s] [ext: omni.kit.manipulator.prim-108.0.0] startup
[9.168s] [ext: omni.kit.manipulator.selection-109.0.1] startup
[9.169s] [ext: omni.kit.menu.create-2.0.2] startup
[9.170s] [ext: omni.kit.property.audio-1.0.16] startup
[9.173s] [ext: omni.kit.property.camera-1.0.14] startup
[9.174s] [ext: omni.kit.property.geometry-2.1.2] startup
[9.176s] [ext: omni.kit.property.light-1.0.14] startup
2026-09-24T08:19:06Z [9,175ms] [Warning] [omni.usd] Encountered USD Warnings but USD Diagnostics are currently muted. To view USD Warnings, please set the '/persistent/app/usd/muteUsdDiagnostics' setting to false in Preferences page.
[9.201s] [ext: omni.kit.property.material-1.14.6] startup
[9.206s] [ext: omni.kit.property.render-1.2.2] startup
[9.207s] [ext: omni.kit.property.transform-1.6.9] startup
[9.210s] [ext: omni.kit.property.bundle-1.5.1] startup
[9.211s] [ext: omni.kit.usdz_export-1.1.0] startup
[9.213s] [ext: omni.kit.tool.asset_importer-6.0.1] startup
[9.217s] [ext: omni.kit.ui.actions-1.0.5] startup
[9.219s] [ext: omni.kit.viewport.menubar.camera-107.0.10] startup
[9.222s] [ext: omni.kit.viewport.menubar.lighting-107.3.2] startup
[9.224s] [ext: omni.kit.viewport.menubar.render-110.0.0] startup
[9.226s] [ext: omni.kit.viewport.menubar.settings-110.0.1] startup
[9.229s] [ext: omni.kit.window.console-1.1.9] startup
[9.232s] [ext: omni.kit.window.status_bar-0.1.11] startup
[9.234s] [ext: omni.kit.window.toolbar-3.0.3] startup
[9.236s] [ext: omni.ocio-0.1.1] startup
[9.237s] [ext: omni.physx.commands-110.1.13] startup
[9.239s] [ext: omni.replicator.replicator_yaml-2.0.12] startup
[9.248s] [ext: omni.rtx.window.settings-0.8.0] startup
[9.252s] [ext: omni.rtx.settings.core-0.7.1] startup
[9.254s] [ext: omni.usd.metrics.assembler.ui-110.1.1] startup
[9.260s] [ext: semantics.schema.editor-2.0.2] startup
[9.263s] [ext: semantics.schema.property-2.0.2] startup
[9.264s] [ext: omni.kit.menu.common-2.0.2] startup
[9.265s] [ext: isaacsim.exp.base-6.0.1] startup
[9.265s] [ext: isaacsim.exp.base.python-6.0.1] startup
[9.267s] Simulation App Starting
[10.263s] Simulation App Startup Complete
[10.267s] app ready
Starting kit application with the following args:  ['/home/starry/isaac-data/isaacsim/exts/isaacsim.simulation_app/isaacsim/simulation_app/simulation_app.py', '/home/starry/isaac-data/isaacsim/apps/isaacsim.exp.base.python.kit', '--/app/tokens/exe-path=/home/starry/isaac-data/isaacsim/kit', '--/persistent/app/viewport/displayOptions=3094', '--/rtx/materialDb/syncLoads=True', '--/rtx/hydra/materialSyncLoads=True', '--/omni/kit/plugin/syncUsdLoads=True', '--/app/renderer/resolution/width=1280', '--/app/renderer/resolution/height=720', '--/app/window/width=1440', '--/app/window/height=900', '--/renderer/multiGpu/enabled=False', '--/app/fastShutdown=True', '--/app/installSignalHandlers=0', '--ext-folder', '/home/starry/isaac-data/isaacsim/exts', '--ext-folder', '/home/starry/isaac-data/isaacsim/apps', '--/renderer/activeGpu=0', '--/physics/cudaDevice=0', '--/plugins/carb.tasking.plugin/threadCount=12', '--/plugins/omni.tbb.globalcontrol/maxThreadCount=12', '--portable', '--no-window', '--/app/window/hideUi=1']
Passing the following args to the base kit application:  []
Warp 1.13.0 initialized:
   CUDA Toolkit 12.9, Driver 13.0
   Devices:
     "cpu"      : "x86_64"
     "cuda:0"   : "NVIDIA GeForce RTX 5070" (11 GiB, sm_120, mempool enabled)
   Kernel cache:
     /home/starry/.cache/warp/1.13.0
[LIGHTING] sun=800.0 (1) dome=0.0 (1) ambient=0.05 constant_color=(0.6, 0.65, 0.7)
[RENDER] mode=MinimalRendering minimal_shading_mode=2 anti_aliasing=TAA
[DEPTH CAMERAS] count=4 resolution_each=320x240 horizontal_coverage=360deg
[ESDF] path=/home/starry/isaac-data/EGO1P1/scenes/ego_swarm_cloud/occupancy.bin shape=(400, 300, 50) resolution=0.40m
[NAV] t=0.0s position=(-64.00,-11.20,2.80) yaw=0.0deg command=(0.00,0.00,0.00) manual_active=0 collision_blocks=0
[depth_angular_controller-1] [INFO] [1790237949.872075767] [depth_angular_controller]: WAITING_ODOMETRY
[depth_angular_controller-1] [INFO] [1790237949.904234891] [depth_angular_controller]: VERIFIED_FREE_SEED center=(-64.000,-11.200,2.800) radius=2.500: verified fixed Cloud free ball; USD and occupancy SHA-256 matched
[depth_angular_controller-1] [INFO] [1790237949.904352667] [depth_angular_controller]: ZERO_INTENT
[depth_angular_controller-1] [INFO] [1790237950.629441857] [depth_angular_controller]: 3D guidance switched to view 0
[depth_angular_controller-1] [INFO] [1790237950.634344358] [depth_angular_controller]: NO_REGULAR_FIELD
[VALIDATION DISTURBANCE] t=3.000 delta_velocity=[0.0, 0.2, 0.0]
[depth_angular_controller-1] [INFO] [1790237952.191991903] [depth_angular_controller]: STATE_OUTSIDE_DEPTH_FOV
[depth_angular_controller-1] [INFO] [1790237952.556850864] [depth_angular_controller]: NO_REGULAR_FIELD
[10.780s] [ext: isaacsim.sensors.rtx.nodes-0.1.2] startup
[10.787s] [ext: isaacsim.ros2.core-1.9.4] startup
[10.801s] Attempting to load system rclpy
[10.801s] Could not import system rclpy: No module named 'rclpy'
[10.801s] Attempting to load internal rclpy for ROS Distro: humble
[10.812s] rclpy loaded
[10.815s] [ext: isaacsim.ros2.nodes-1.18.13] startup
[10.848s] [ext: isaacsim.ros2.examples-1.2.4] startup
[10.853s] [ext: isaacsim.ros2.ui-1.6.5] startup
[11.056s] [ext: isaacsim.ros2.bridge-5.1.2] startup
2026-09-24T08:19:09Z [12,941ms] [Warning] [omni.timeline.plugin] Deprecated: direct use of ITimeline callbacks is deprecated. Use ITimeline::getTimeline (Python: omni.timeline.get_timeline_interface) instead.
[position_cmd_to_twist-2] [INFO] [1790237953.840579830] [position_cmd_to_twist]: [PERF BRIDGE] run=paper_verified_start_second elapsed=17.40s received=245 published=245 fps(ros/wall)=49.97/62.26 controller_to_bridge_ms(mean/p50/p95/max)=0.680/0.000/0.000/16.667 bridge_process_ms(mean/p95/max)=0.085/0.111/0.894
[NAV] t=5.0s position=(-64.00,-11.16,2.80) yaw=31.2deg command=(0.00,0.00,0.00) manual_active=1 collision_blocks=0
[depth_angular_controller-1] [INFO] [1790237954.905032907] [depth_angular_controller]: [PERF CTRL] run=paper_verified_start_second elapsed=18.58s callbacks=303 commands=302 guidance=253 command_fps(ros/wall)=49.89/60.19 guidance_wall_fps=58.94 avoid_ms(mean/p50/p95/max)=5.384/5.577/9.011/10.319 cycle_ms(mean/p95/max)=16.613/27.707/89.297 depth_to_cmd_ms(mean/p95/max)=34.256/50.000/50.000 callback_to_publish_ms(mean/p95/max)=5.042/10.135/16.863
[depth_angular_controller-1] [INFO] [1790237957.782817082] [depth_angular_controller]: ZERO_INTENT
[position_cmd_to_twist-2] [INFO] [1790237958.531341672] [position_cmd_to_twist]: [PERF BRIDGE] run=paper_verified_start_second elapsed=22.10s received=495 published=495 fps(ros/wall)=49.98/57.34 controller_to_bridge_ms(mean/p50/p95/max)=1.178/0.000/16.667/16.667 bridge_process_ms(mean/p95/max)=0.084/0.110/0.894
[NAV] t=10.0s position=(-64.00,-11.16,2.80) yaw=31.2deg command=(0.00,0.00,0.00) manual_active=0 collision_blocks=0
[depth_angular_controller-1] [INFO] [1790237959.914361239] [depth_angular_controller]: [PERF CTRL] run=paper_verified_start_second elapsed=23.59s callbacks=570 commands=569 guidance=400 command_fps(ros/wall)=49.97/56.74 guidance_wall_fps=55.81 avoid_ms(mean/p50/p95/max)=7.052/7.539/10.457/12.220 cycle_ms(mean/p95/max)=17.623/30.215/92.813 depth_to_cmd_ms(mean/p95/max)=34.917/50.000/50.000 callback_to_publish_ms(mean/p95/max)=5.735/12.931/17.221
[MANUAL RESULT] TIMEOUT position=(-64.000,-11.156,2.800)
[PERF ISAAC FINAL] run=paper_verified_start_second result=MANUAL_TIMEOUT wall=11.07s sim_frames=723 fps(sim/wall)=60.17/65.29 command_changes=1 collision_blocks=0 frame_interval_ms(mean/p50/p95/max)=14.570/13.117/15.541/75.941
[23.674s] Simulation App Shutting Down
[depth_angular_controller-1] [INFO] [1790237960.985596296] [rclcpp]: signal_handler(SIGINT/SIGTERM)
[depth_angular_controller-1] [INFO] [1790237960.985872728] [depth_angular_controller]: [PERF CTRL FINAL] run=paper_verified_start_second elapsed=24.66s callbacks=601 commands=600 guidance=400 command_fps(ros/wall)=49.99/57.30 guidance_wall_fps=55.81 avoid_ms(mean/p50/p95/max)=7.052/7.539/10.457/12.220 cycle_ms(mean/p95/max)=17.453/29.972/92.813 depth_to_cmd_ms(mean/p95/max)=34.917/50.000/50.000 callback_to_publish_ms(mean/p95/max)=5.494/12.916/17.221
[position_cmd_to_twist-2] [INFO] [1790237960.986068705] [position_cmd_to_twist]: [PERF BRIDGE FINAL] run=paper_verified_start_second elapsed=24.56s received=600 published=600 fps(ros/wall)=49.99/57.29 controller_to_bridge_ms(mean/p50/p95/max)=0.972/0.000/16.667/16.667 bridge_process_ms(mean/p95/max)=0.082/0.106/0.894
[position_cmd_to_twist-2] Failed to publish log message to rosout: publisher's context is invalid, at ./src/rcl/publisher.c:389
[INFO] [depth_angular_controller-1]: process has finished cleanly [pid 10543]
[INFO] [position_cmd_to_twist-2]: process has finished cleanly [pid 10545]
