[PERF] run=p5_operator_v2_jitter_on_1 log=/home/starry/isaac-data/EGO1P5/performance/six_axis_20261007/manual/p5_operator_v2_jitter_on_1_performance.md
[INPUT] mode=trace scene_mode=cloud
[LOCK] Waiting for shared Isaac navigation slot
[INFO] [launch]: All log files can be found below /tmp/fov_gvf_ego1p5_isaac_ros_log/2026-10-07-17-20-26-746321-starry-System-Product-Name-259266
[INFO] [launch]: Default logging verbosity is set to INFO
[INFO] [depth_angular_controller-1]: process started with pid [259268]
[INFO] [position_cmd_to_twist-2]: process started with pid [259270]
[depth_angular_controller-1] [INFO] [1791364826.778957926] [depth_angular_controller]: PROCESSING_RATES control=60.0 Hz depth_limit=10.0 Hz (0=unlimited)
[depth_angular_controller-1] [INFO] [1791364826.781140889] [depth_angular_controller]: C++ controller commands publish on /position_cmd; horizontal views=4
[ROS CHECK] ROS_DOMAIN_ID=42 /position_cmd publishers=1
Type: pc_gvf_msgs/msg/PositionCommand
Publisher count: 1
Subscription count: 1
/depth_angular_controller
/position_cmd_to_twist
WARNING: All log messages before absl::InitializeLog() is called are written to STDERR
E0000 00:00:1791364827.743912  259309 descriptor_database.cc:633] File already exists in database: grpc/health/v1/health.proto
W0000 00:00:1791364827.743934  259309 message.cc:301] Protobuf GeneratedMessageFactory: File is already registered: grpc/health/v1/health.proto
2026-10-07T09:20:27Z [Info] [carb] Logging to file: /home/starry/isaac-data/isaacsim/kit/logs/Kit/Isaac-Sim Python/6.0/kit_20261007_172027.log
[0.045s] [ext: omni.assets.plugins-0.0.0] startup
[0.046s] [ext: omni.blobkey-1.1.2] startup
[0.046s] [ext: omni.kit.async_engine-0.0.3] startup
[0.319s] [ext: omni.client.lib-1.1.1] startup
[0.327s] [ext: omni.client-1.3.0] startup
[0.329s] [ext: omni.protobuf.lib-1.0.0] startup
[0.329s] [ext: omni.grpc.lib-1.0.0] startup
[0.333s] [ext: omni.metrics.core-0.0.3] startup
[0.333s] [ext: omni.datastore-0.0.0] startup
[0.333s] [ext: omni.gpu_foundation.shadercache.vulkan-1.0.0] startup
[0.335s] [ext: omni.hsscclient-1.1.4] startup
[0.335s] [ext: omni.stats-1.0.1] startup
[0.336s] [ext: omni.ujitso.default-1.0.0] startup
[0.339s] [ext: omni.gpu_foundation-0.0.0] startup
[0.462s] [ext: carb.windowing.plugins-1.0.1] startup
[0.462s] [ext: omni.kit.renderer.init-1.0.1] startup
2026-10-07T09:20:28Z [663ms] [Warning] [omni.rtx] Skipping unsupported non-NVIDIA GPU: AMD Unknown (RADV RAPHAEL_MENDOCINO)
2026-10-07T09:20:28Z [664ms] [Warning] [omni.rtx] Skipping unsupported non-NVIDIA GPU: AMD Unknown (RADV RAPHAEL_MENDOCINO)

|---------------------------------------------------------------------------------------------|
| Driver Version: 580.178.04    | Graphics API: Vulkan
|=============================================================================================|
| GPU | Name                             | Active | LDA | GPU Memory | Vendor-ID | LUID       |
|     |                                  |        |     |            | Device-ID | UUID       |
|     |                                  |        |     |            | Bus-ID    |            |
|---------------------------------------------------------------------------------------------|
| 0   | NVIDIA GeForce RTX 5070          | Yes: 0 |     | 12227   MB | 10de      | 0          |
|     |                                  |        |     |            | 2f04      | 348d89fe.. |
|     |                                  |        |     |            | 1         |            |
|---------------------------------------------------------------------------------------------|
| 1   | AMD Unknown (RADV RAPHAEL_MEND.. |        |     | 10755   MB | 1002      | 0          |
|     |                                  |        |     |            | 13c0      | 00000000.. |
|     |                                  |        |     |            | c         |            |
|=============================================================================================|
| OS: 22.04.5 LTS (Jammy Jellyfish) ubuntu, Version: 22.04.5, Kernel: 6.8.0-138-generic
| XServer Vendor: The X.Org Foundation, XServer Version: 12101004 (1.21.1.4)
| Processor: AMD Ryzen 5 9600X 6-Core Processor
| Cores: 6 | Logical Cores: 12
|---------------------------------------------------------------------------------------------|
| Total Memory (MB): 31241 | Free Memory: 23233
| Total Page/Swap (MB): 15624 | Free Page/Swap: 15624
|---------------------------------------------------------------------------------------------|
2026-10-07T09:20:28Z [879ms] [Warning] [omni.rtx] CPU performance profile is set to powersave. This profile sets the CPU to the lowest frequency reducing performance.
2026-10-07T09:20:28Z [887ms] [Warning] [omni.rtx] IOMMU is enabled.
[0.990s] [ext: omni.kit.pipapi-0.0.0] startup
[0.991s] [ext: omni.kit.pip_archive-0.0.0] startup
[0.992s] [ext: isaacsim.pip.newton-0.6.1] startup
[0.992s] [ext: omni.pip.compute-1.9.2] startup
[0.992s] [ext: omni.isaac.core_archive-5.3.1] startup
[0.992s] [ext: omni.kit.telemetry-0.5.2] startup
[1.010s] [ext: omni.kit.loop-isaac-1.6.0] startup
[1.011s] [ext: omni.kit.test-2.0.7] startup
[1.060s] [ext: omni.materialx.libs-1.0.9] startup
[1.066s] [ext: omni.gpucompute.plugins-0.0.0] startup
[1.067s] [ext: omni.usd.config-1.0.7] startup
[1.070s] [ext: omni.usd.libs-1.0.3] startup
[1.124s] [ext: omni.iray.libs-0.0.1] startup
[1.127s] [ext: omni.mdl-57.0.3] startup
[1.187s] [ext: omni.mdl.neuraylib-0.2.20] startup
[1.188s] [ext: omni.kit.usd.mdl-1.1.9] startup
[1.271s] [ext: omni.appwindow-1.2.2] startup
[1.273s] [ext: omni.kit.renderer.core-1.2.2] startup
2026-10-07T09:20:33Z [6,483ms] [Warning] [carb.windowing-glfw.gamepad] Joystick with unknown remapping detected (will be ignored):  BEITONG BEITONG A2P3A BFM DONGLE [03000000bc2000001c51000011010000]
[6.514s] [ext: omni.kit.renderer.capture-2.0.1] startup
[6.516s] [ext: omni.kit.renderer.imgui-2.0.6] startup
[6.553s] [ext: omni.ui-3.2.0] startup
[6.560s] [ext: omni.kit.mainwindow-1.0.3] startup
[6.561s] [ext: carb.audio-0.1.0] startup
[6.563s] [ext: omni.uiaudio-1.0.0] startup
[6.563s] [ext: omni.kit.uiapp-0.0.0] startup
[6.563s] [ext: omni.usd.schema.metrics.assembler-110.1.0] startup
[6.566s] [ext: omni.usd.schema.audio-0.0.1] startup
[6.568s] [ext: omni.usd_resolver-1.0.0] startup
[6.570s] [ext: omni.usd.core-1.8.3] startup
[6.573s] [ext: omni.metropolis.schema-0.0.3] startup
[6.573s] [ext: isaacsim.anim.robot.schema-0.1.1] startup
[6.574s] [ext: omni.usd.schema.anim-0.0.1] startup
[6.586s] [ext: omni.usd.schema.geospatial-0.0.1] startup
[6.588s] [ext: omni.usd.schema.omnigraph-1.0.1] startup
[6.592s] [ext: omni.usd.schema.semantics-0.0.0] startup
[6.594s] [ext: omni.activity.core-1.0.3] startup
[6.595s] [ext: omni.cubric-0.1.0] startup
[6.595s] [ext: omni.graph.exec-0.9.6] startup
[6.595s] [ext: omni.hydra.scene_delegate-0.3.5] startup
[6.597s] [ext: usdrt.scenegraph-7.6.3] startup
[6.615s] [ext: omni.hydra.usdrt_delegate-7.5.2] startup
[6.619s] [ext: omni.inspect-1.0.2] startup
[6.620s] [ext: omni.kit.actions.core-1.0.0] startup
[6.621s] [ext: omni.kit.audiodeviceenum-1.0.2] startup
[6.622s] [ext: omni.kit.commands-1.5.0] startup
[6.624s] [ext: omni.kit.exec.core-0.13.5] startup
[6.625s] [ext: omni.kit.usd_undo-0.1.8] startup
[6.626s] [ext: omni.kit.window.popup_dialog-2.0.25] startup
[6.628s] [ext: omni.kit.widget.nucleus_connector-2.3.1] startup
[6.630s] [ext: omni.timeline-1.1.0] startup
[6.632s] [ext: omni.usd-1.16.0] startup
[6.656s] [ext: omni.graph.core-3.1.2] startup
[6.658s] [ext: omni.kit.notification_manager-1.0.11] startup
[6.660s] [ext: isaacsim.core.deprecation_manager-0.4.2] startup
[6.661s] [ext: isaacsim.replicator.agent.schema-0.1.1] startup
[6.661s] [ext: isaacsim.robot.schema-6.3.7] startup
[6.665s] [ext: isaacsim.robot_motion.schema-0.2.1] startup
[6.666s] [ext: omni.anim.behavior.schema-110.1.0] startup
[6.669s] [ext: omni.anim.graph.schema-110.1.1] startup
[6.673s] [ext: omni.anim.navigation.schema-110.1.0] startup
[6.675s] [ext: omni.behavior.tree.schema-110.1.0] startup
[6.676s] [ext: omni.isaac.ml_archive-3.3.0] startup
[6.676s] [ext: omni.kit.asset_converter-6.0.1] startup
[6.685s] [ext: omni.pip.cloud-1.5.4] startup
[6.687s] [ext: omni.usd.schema.flow-110.0.0] startup
[6.687s] [ext: omni.usd.schema.mujoco-1.1.1] startup
[6.687s] [ext: omni.usd.schema.newton-1.2.1] startup
[6.688s] [ext: omni.usd.schema.omni_lens_distortion-1.0.0] startup
[6.689s] [ext: omni.usd.schema.omni_projectors-1.0.0] startup
[6.689s] [ext: omni.usd.schema.omni_sensors-0.0.0] startup
[6.695s] [ext: omni.usd.schema.omniscripting-1.0.1] startup
[6.698s] [ext: omni.usd.schema.physical_lighting-0.1.0] startup
[6.700s] [ext: omni.usd.schema.physx-110.1.13] startup
[6.723s] [ext: omni.usd.schema.render_settings.rtx-1.0.2] startup
[6.726s] [ext: omni.usd.schema.usd_particle_field-1.0.0] startup
[6.727s] [ext: isaacsim.core.version-2.1.1] startup
[6.727s] [ext: omni.kit.menu.core-1.2.0] startup
[6.728s] [ext: omni.kit.menu.utils-2.2.4] startup
[6.733s] [ext: isaacsim.app.about-2.3.1] startup
[6.736s] [ext: isaacsim.asset.transformer-1.2.5] startup
[6.739s] [ext: omni.scene.optimizer.core-110.1.0] startup
[6.768s] [ext: isaacsim.asset.importer.utils-1.8.1] startup
[6.770s] [ext: omni.convexdecomposition-110.1.13] startup
[6.772s] [ext: omni.physics-110.1.13] startup
[6.774s] [ext: omni.physx.gpu-110.1.13] startup
[6.774s] [ext: omni.physx.foundation-110.1.13] startup
[6.775s] [ext: omni.usdphysics-110.1.13] startup
[6.776s] [ext: omni.physx.cooking-110.1.13] startup
[6.778s] [ext: omni.physx-110.1.13] startup
[6.785s] [ext: omni.physics.physx-110.1.13] startup
[6.786s] [ext: isaacsim.asset.exporter.urdf-2.0.5] startup
[6.792s] [ext: omni.kit.clipboard-1.1.1] startup
[6.793s] [ext: omni.kit.usd.layers-2.6.1] startup
[6.798s] [ext: omni.kit.widget.context_menu-1.4.0] startup
[6.799s] [ext: omni.kit.context_menu-1.9.0] startup
[6.800s] [ext: omni.kit.helper.file_utils-0.1.10] startup
[6.801s] [ext: omni.kit.widget.nucleus_info-2.0.2] startup
[6.801s] [ext: omni.kit.search_core-1.0.8] startup
[6.802s] [ext: omni.kit.widget.path_field-2.0.13] startup
[6.802s] [ext: omni.kit.widget.browser_bar-2.0.10] startup
[6.803s] [ext: omni.kit.widget.filebrowser-2.13.4] startup
[6.806s] [ext: omni.kit.widget.options_menu-1.1.6] startup
[6.808s] [ext: omni.kit.widget.options_button-1.0.3] startup
[6.809s] [ext: omni.kit.widget.search_delegate-1.0.9] startup
[6.809s] [ext: omni.ui.scene-2.0.3] startup
[6.813s] [ext: omni.kit.window.filepicker-2.15.5] startup
[6.822s] [ext: omni.kit.window.file_importer-1.1.21] startup
[6.824s] [ext: omni.kit.material.library-3.1.2] startup
[6.827s] [ext: isaacsim.asset.transformer.rules-1.7.10] startup
[6.835s] [ext: omni.usdex.libs-2.2.2] startup
[6.841s] [ext: isaacsim.asset.importer.mjcf-3.10.1] startup
[6.842s] [ext: isaacsim.asset.importer.urdf-3.11.2] startup
[6.845s] [ext: omni.kit.primitive.mesh-1.1.0] startup
[6.847s] [ext: omni.kit.stage_template.core-1.1.22] startup
[6.848s] [ext: omni.kit.stage_templates-2.0.2] startup
[6.849s] [ext: omni.usd.metrics.assembler-110.1.2] startup
[6.851s] [ext: omni.warp.core-1.13.0] startup
[7.031s] [ext: isaacsim.core.experimental.utils-0.17.2] startup
[7.032s] [ext: omni.physics.stageupdate-110.1.13] startup
[7.033s] [ext: omni.physics.tensors-110.1.13] startup
[7.037s] [ext: omni.physx.tensors-110.1.13] startup
[7.039s] [ext: isaacsim.core.simulation_manager-1.15.6] startup
[7.049s] [ext: isaacsim.storage.native-1.9.3] startup
[7.050s] [ext: omni.usd.metrics.assembler.physics-110.1.13] startup
[7.051s] [ext: isaacsim.core.utils-4.1.7] startup
[7.053s] [ext: isaacsim.core.prims-0.11.7] startup
[7.911s] [ext: isaacsim.core.api-5.2.13] startup
[7.916s] [ext: isaacsim.core.cloner-1.7.3] startup
[7.917s] [ext: isaacsim.test.docstring-1.3.2] startup
[7.919s] [ext: isaacsim.core.experimental.prims-1.8.9] startup
[7.937s] [ext: isaacsim.core.experimental.primdata-0.3.2] startup
[7.938s] [ext: omni.graph.tools-1.81.0] startup
[7.956s] [ext: omni.graph-1.142.5] startup
[7.987s] [ext: isaacsim.core.experimental.actuators-0.1.2] startup
[8.000s] [ext: isaacsim.core.experimental.materials-0.7.1] startup
[8.002s] [ext: isaacsim.core.experimental.objects-0.8.1] startup
[8.053s] [ext: omni.hydra.engine.stats-1.0.5] startup
[8.055s] [ext: omni.hydra.rtx.shadercache.vulkan-1.0.0] startup
[8.056s] [ext: omni.index.libs-387500.4413.0] startup
[8.056s] [ext: omni.index-1.0.1] startup
[8.056s] [ext: omni.ujitso.client-0.0.0] startup
[8.057s] [ext: omni.usd.schema.playback-1.0.0] startup
[8.059s] [ext: omni.volume-0.5.2] startup
[8.063s] [ext: omni.hydra.rtx-1.0.4] startup
2026-10-07T09:20:35Z [8,052ms] [Warning] [omni.log] Source: omni.hydra was already registered.
[8.083s] [ext: omni.kit.hydra_texture-1.6.0] startup
[8.086s] [ext: omni.kit.raycast.query-1.2.0] startup
[8.089s] [ext: omni.kit.viewport.legacy_gizmos-1.0.24] startup
[8.091s] [ext: omni.kit.viewport.registry-104.0.6] startup
[8.091s] [ext: omni.kit.viewport.scene_camera_model-1.0.7] startup
[8.094s] [ext: omni.kit.widget.viewport-109.2.0] startup
[8.097s] [ext: omni.kit.window.drop_support-1.0.8] startup
[8.098s] [ext: omni.kit.viewport.window-109.0.2] startup
[8.111s] [ext: omni.kit.viewport.utility-2.0.1] startup
[8.112s] [ext: isaacsim.core.rendering_manager-0.4.3] startup
[8.131s] [ext: omni.graph.action_core-1.1.9] startup
[8.133s] [ext: omni.graph.action_nodes_core-2.11.0] startup
[8.135s] [ext: omni.graph.action_nodes-2.11.0] startup
[8.151s] [ext: omni.graph.action-2.10.2] startup
[8.152s] [ext: omni.graph.image.core-0.6.1] startup
[8.152s] [ext: omni.graph.image.nodes-1.3.1] startup
[8.153s] [ext: omni.graph.nodes_core-2.11.0] startup
[8.157s] [ext: omni.graph.nodes-2.12.0] startup
[8.161s] [ext: omni.kit.hotkeys.core-1.3.12] startup
[8.162s] [ext: omni.kit.property.adapter.core-1.1.1] startup
[8.164s] [ext: omni.kit.property.adapter.usd-1.0.5] startup
[8.165s] [ext: omni.kit.widget.filter-1.1.5] startup
[8.166s] [ext: omni.kit.widget.highlight_label-1.0.3] startup
[8.166s] [ext: omni.kit.widget.searchfield-1.1.8] startup
[8.168s] [ext: omni.kit.window.file_exporter-1.0.36] startup
[8.169s] [ext: omni.kit.widget.stage-4.4.0] startup
[8.176s] [ext: omni.kit.window.content_browser_registry-0.0.6] startup
[8.177s] [ext: omni.kit.window.file-2.0.10] startup
[8.179s] [ext: omni.kit.window.content_browser-3.1.8] startup
[8.188s] [ext: omni.kit.window.property-1.15.1] startup
[8.197s] [ext: omni.kit.property.usd-4.9.4] startup
[8.205s] [ext: omni.graph.scriptnode-2.10.2] startup
[8.213s] [ext: omni.kit.widget.searchable_combobox-1.0.7] startup
[8.214s] [ext: omni.kit.widget.settings-2.0.0] startup
[8.215s] [ext: omni.kit.window.preferences-1.8.3] startup
[8.219s] [ext: omni.kit.viewport.menubar.core-107.2.2] startup
[8.229s] [ext: omni.syntheticdata-0.6.15] startup
[8.251s] [ext: omni.replicator.nv-1.1.1] startup
[8.256s] [ext: omni.videoencoding-0.2.1] startup
[8.257s] [ext: omni.replicator.core-1.13.27] startup
2026-10-07T09:20:35Z [8,242ms] [Warning] [pxr.Semantics] pxr.Semantics is deprecated - please use Semantics instead
2026-10-07T09:20:35Z [8,306ms] [Warning] [omni.replicator.core.scripts.extension] No material configuration file, adding configuration to material settings directly.
[8.451s] [ext: isaacsim.core.nodes-5.10.5] startup
[8.475s] [ext: isaacsim.core.throttling-2.3.5] startup
[8.476s] [ext: omni.kit.manipulator.viewport-107.0.1] startup
[8.477s] [ext: omni.graph.visualization.nodes-2.1.4] startup
[8.489s] [ext: omni.kit.window.extensions-1.5.10] startup
[8.494s] [ext: isaacsim.gui.components-1.8.5] startup
[8.497s] [ext: isaacsim.robot.surface_gripper-3.6.2] startup
[8.507s] [ext: isaacsim.robot.manipulators-3.4.4] startup
[8.515s] [ext: isaacsim.robot_motion.lula-4.1.3] startup
[8.521s] [ext: isaacsim.robot_motion.motion_generation-8.2.9] startup
[8.525s] [ext: isaacsim.cortex.framework-1.0.18] startup
[8.526s] [ext: isaacsim.cortex.behaviors-2.0.17] startup
[8.527s] [ext: isaacsim.examples.base-1.3.2] startup
[8.529s] [ext: omni.kit.widget.zoombar-1.0.7] startup
[8.529s] [ext: omni.kit.browser.core-2.3.18] startup
[8.532s] [ext: omni.kit.browser.folder.core-2.0.2] startup
[8.535s] [ext: omni.kit.widget.stage_icons-1.0.8] startup
[8.536s] [ext: omni.kit.window.stage-2.6.1] startup
[8.539s] [ext: omni.kit.menu.stage-1.2.7] startup
[8.540s] [ext: omni.kit.usd.collect-3.0.6] startup
[8.542s] [ext: omni.kit.widget.prompt-1.0.7] startup
[8.543s] [ext: omni.kit.tool.collect-2.2.19] startup
[8.544s] [ext: isaacsim.examples.browser-0.3.2] startup
[8.546s] [ext: omni.kit.search.files-1.0.4] startup
[8.547s] [ext: omni.kit.widget.calendar-1.0.9] startup
[8.548s] [ext: omni.kit.widget.extended_searchfield-1.0.31] startup
[8.554s] [ext: omni.simready.content.browser-0.3.7] startup
[8.637s] [ext: isaacsim.gui.content_browser-0.4.3] startup
[8.639s] [ext: omni.kit.selection-0.1.6] startup
[8.640s] [ext: isaacsim.gui.menu-2.10.5] startup
[8.647s] [ext: isaacsim.gui.property-1.6.4] startup
[8.652s] [ext: omni.kit.viewport.actions-110.0.0] startup
[8.656s] [ext: omni.kit.viewport.menubar.display-107.1.3] startup
[8.657s] [ext: isaacsim.gui.sensors.icon-2.2.1] startup
[8.660s] [ext: omni.behavior.scripting.core-110.1.0] startup
[8.662s] [ext: isaacsim.replicator.behavior-1.5.4] startup
[8.663s] [ext: isaacsim.replicator.experimental.domain_randomization-1.2.5] startup
[8.675s] [ext: isaacsim.replicator.domain_randomization-1.2.2] startup
[8.741s] [ext: isaacsim.replicator.writers-1.5.4] startup
[8.763s] [ext: isaacsim.robot.experimental.wheeled_robots-0.2.11] startup
[8.782s] [ext: isaacsim.robot.policy.examples-5.2.12] startup
[8.799s] [ext: isaacsim.robot.wheeled_robots-5.2.4] startup
[8.802s] [ext: isaacsim.robot.wheeled_robots.nodes-0.1.5] startup
[8.818s] [ext: isaacsim.robot_motion.experimental.motion_generation-6.1.3] startup
[8.828s] [ext: isaacsim.robot_motion.cumotion-1.3.1] startup
[8.839s] [ext: omni.kit.numpy.common-0.1.3] startup
[8.841s] [ext: isaacsim.sensors.camera-1.7.9] startup
[8.867s] [ext: isaacsim.sensors.experimental.physics-3.0.2] startup
[8.873s] [ext: omni.sensors.net-1.0.1] startup
[8.875s] [ext: omni.sensors.nv.common-3.0.0] startup
[8.884s] [ext: omni.sensors.nv.materials-2.0.0] startup
[8.887s] [ext: omni.sensors.nv.acoustic-3.0.0] startup
[8.889s] [ext: omni.sensors.nv.ids-2.0.1] startup
[8.890s] [ext: omni.sensors.nv.lidar-3.0.0] startup
[8.893s] [ext: omni.sensors.nv.radar-3.0.0] startup
[8.895s] [ext: isaacsim.sensors.experimental.rtx-1.4.6] startup
[9.121s] [ext: isaacsim.sensors.physics.nodes-1.5.3] startup
[9.126s] [ext: isaacsim.util.debug_draw-3.2.3] startup
[9.130s] [ext: isaacsim.sensors.physx-2.5.5] startup
[9.136s] [ext: isaacsim.sensors.rtx-15.17.1] startup
[9.145s] [ext: isaacsim.simulation_app-2.18.4] startup
[9.145s] [ext: omni.anim.curve.core-1.6.0] startup
[9.154s] [ext: omni.graph.ui_nodes-2.11.1] startup
[9.173s] [ext: omni.hydra.scene_api-0.1.3] startup
[9.176s] [ext: omni.kit.manipulator.camera-110.0.0] startup
[9.179s] [ext: omni.kit.manipulator.selector-1.1.4] startup
[9.180s] [ext: omni.kit.manipulator.transform-107.0.0] startup
[9.184s] [ext: omni.kit.widget.toolbar-2.1.0] startup
[9.189s] [ext: omni.kit.manipulator.tool.snap-1.5.14] startup
[9.193s] [ext: omni.kit.viewport.manipulator.transform-107.0.4] startup
[9.194s] [ext: omni.kit.manipulator.prim.core-108.0.2] startup
[9.199s] [ext: omni.kit.manipulator.prim.usd-107.0.3] startup
[9.200s] [ext: omni.kit.manipulator.prim-108.0.0] startup
[9.200s] [ext: omni.kit.manipulator.selection-109.0.1] startup
[9.201s] [ext: omni.kit.menu.create-2.0.2] startup
[9.203s] [ext: omni.kit.property.audio-1.0.16] startup
[9.206s] [ext: omni.kit.property.camera-1.0.14] startup
[9.207s] [ext: omni.kit.property.geometry-2.1.2] startup
[9.209s] [ext: omni.kit.property.light-1.0.14] startup
2026-10-07T09:20:36Z [9,207ms] [Warning] [omni.usd] Encountered USD Warnings but USD Diagnostics are currently muted. To view USD Warnings, please set the '/persistent/app/usd/muteUsdDiagnostics' setting to false in Preferences page.
[9.234s] [ext: omni.kit.property.material-1.14.6] startup
[9.238s] [ext: omni.kit.property.render-1.2.2] startup
[9.240s] [ext: omni.kit.property.transform-1.6.9] startup
[9.242s] [ext: omni.kit.property.bundle-1.5.1] startup
[9.243s] [ext: omni.kit.usdz_export-1.1.0] startup
[9.246s] [ext: omni.kit.tool.asset_importer-6.0.1] startup
[9.250s] [ext: omni.kit.ui.actions-1.0.5] startup
[9.251s] [ext: omni.kit.viewport.menubar.camera-107.0.10] startup
[9.255s] [ext: omni.kit.viewport.menubar.lighting-107.3.2] startup
[9.257s] [ext: omni.kit.viewport.menubar.render-110.0.0] startup
[9.259s] [ext: omni.kit.viewport.menubar.settings-110.0.1] startup
[9.262s] [ext: omni.kit.window.console-1.1.9] startup
[9.265s] [ext: omni.kit.window.status_bar-0.1.11] startup
[9.267s] [ext: omni.kit.window.toolbar-3.0.3] startup
[9.268s] [ext: omni.ocio-0.1.1] startup
[9.269s] [ext: omni.physx.commands-110.1.13] startup
[9.272s] [ext: omni.replicator.replicator_yaml-2.0.12] startup
[9.281s] [ext: omni.rtx.window.settings-0.8.0] startup
[9.284s] [ext: omni.rtx.settings.core-0.7.1] startup
[9.287s] [ext: omni.usd.metrics.assembler.ui-110.1.1] startup
[9.293s] [ext: semantics.schema.editor-2.0.2] startup
[9.295s] [ext: semantics.schema.property-2.0.2] startup
[9.296s] [ext: omni.kit.menu.common-2.0.2] startup
[9.297s] [ext: isaacsim.exp.base-6.0.1] startup
[9.297s] [ext: isaacsim.exp.base.python-6.0.1] startup
[9.299s] Simulation App Starting
[10.349s] Simulation App Startup Complete
[10.353s] app ready
Starting kit application with the following args:  ['/home/starry/isaac-data/isaacsim/exts/isaacsim.simulation_app/isaacsim/simulation_app/simulation_app.py', '/home/starry/isaac-data/isaacsim/apps/isaacsim.exp.base.python.kit', '--/app/tokens/exe-path=/home/starry/isaac-data/isaacsim/kit', '--/persistent/app/viewport/displayOptions=3094', '--/rtx/materialDb/syncLoads=True', '--/rtx/hydra/materialSyncLoads=True', '--/omni/kit/plugin/syncUsdLoads=True', '--/app/renderer/resolution/width=1280', '--/app/renderer/resolution/height=720', '--/app/window/width=1440', '--/app/window/height=900', '--/renderer/multiGpu/enabled=False', '--/app/fastShutdown=True', '--/app/installSignalHandlers=0', '--ext-folder', '/home/starry/isaac-data/isaacsim/exts', '--ext-folder', '/home/starry/isaac-data/isaacsim/apps', '--/renderer/activeGpu=0', '--/physics/cudaDevice=0', '--/plugins/carb.tasking.plugin/threadCount=12', '--/plugins/omni.tbb.globalcontrol/maxThreadCount=12', '--portable', '--no-window', '--/app/window/hideUi=1']
Passing the following args to the base kit application:  []
Warp 1.13.0 initialized:
   CUDA Toolkit 12.9, Driver 13.0
   Devices:
     "cpu"      : "x86_64"
     "cuda:0"   : "NVIDIA GeForce RTX 5070" (11 GiB, sm_120, mempool enabled)
   Kernel cache:
     /home/starry/.cache/warp/1.13.0
[LIGHTING] sun=800.0 (1) dome=0.0 (1) ambient=0.05 constant_color=(0.6, 0.65, 0.7)
[RENDER] mode=MinimalRendering minimal_shading_mode=2 anti_aliasing=TAA
[DEPTH CAMERAS] count=4 resolution_each=320x240 horizontal_coverage=360deg
[ESDF] path=/home/starry/isaac-data/EGO1P5/scenes/ego_swarm_cloud/occupancy.bin shape=(400, 300, 50) resolution=0.40m
[depth_angular_controller-1] [INFO] [1791364840.078908642] [depth_angular_controller]: WAITING_VERIFIED_START_POSE
[NAV] t=0.0s position=(-64.00,-11.20,2.80) yaw=0.0deg command=(0.00,0.00,0.00) manual_active=0 collision_blocks=0
[depth_angular_controller-1] [INFO] [1791364840.454998823] [depth_angular_controller]: VERIFIED_FREE_SEED center=(-64.000,-11.200,2.800) radius=2.500 balls=1: verified fixed Cloud free ball; USD and occupancy SHA-256 matched
[depth_angular_controller-1] [INFO] [1791364840.455100965] [depth_angular_controller]: ZERO_INTENT
[depth_angular_controller-1] [INFO] [1791364841.299747650] [depth_angular_controller]: OMNI_DEPTH views=4 azimuth_bins=180 elevation_bins=37 valid=1 certificates=1 short=0 held=0 local_candidates=0 yaw=0.00
[depth_angular_controller-1] [INFO] [1791364841.299893545] [depth_angular_controller]: DEPTH_PROPOSAL_CERTIFIED
[depth_angular_controller-1] [INFO] [1791364841.299901560] [depth_angular_controller]: PAPER_BUILD reason=FULL_MOTION_CERTIFICATE required=0.0000 best=0.0000 free=0 refined=0 tubes=0 revoked_tubes=0 proofs=0
[depth_angular_controller-1] [INFO] [1791364841.299908132] [depth_angular_controller]: PAPER_EVIDENCE retained=4 balls=1 revoked_balls=0 expired_views=0 evicted_views=0 radius=0.580 clearance=0.000 best_prefix=0.000
[depth_angular_controller-1] [INFO] [1791364842.362917499] [depth_angular_controller]: OMNI_DEPTH views=4 azimuth_bins=180 elevation_bins=37 valid=1 certificates=1 short=0 held=0 local_candidates=0 yaw=0.04
[depth_angular_controller-1] [INFO] [1791364842.363014080] [depth_angular_controller]: PAPER_BUILD reason=FULL_MOTION_CERTIFICATE required=0.0000 best=0.0000 free=0 refined=0 tubes=1 revoked_tubes=0 proofs=49
[depth_angular_controller-1] [INFO] [1791364842.363021454] [depth_angular_controller]: PAPER_EVIDENCE retained=8 balls=4 revoked_balls=0 expired_views=0 evicted_views=0 radius=0.580 clearance=0.000 best_prefix=0.000
[depth_angular_controller-1] [INFO] [1791364843.496849882] [depth_angular_controller]: OMNI_DEPTH views=4 azimuth_bins=180 elevation_bins=37 valid=1 certificates=1 short=0 held=0 local_candidates=0 yaw=-0.03
[depth_angular_controller-1] [INFO] [1791364843.496954329] [depth_angular_controller]: PAPER_BUILD reason=FULL_MOTION_CERTIFICATE required=0.0000 best=0.0000 free=0 refined=0 tubes=3 revoked_tubes=0 proofs=98
[depth_angular_controller-1] [INFO] [1791364843.496963847] [depth_angular_controller]: PAPER_EVIDENCE retained=12 balls=9 revoked_balls=0 expired_views=0 evicted_views=0 radius=0.580 clearance=0.000 best_prefix=0.000
[10.875s] [ext: isaacsim.sensors.rtx.nodes-0.1.2] startup
[10.883s] [ext: isaacsim.ros2.core-1.9.4] startup
[10.897s] Attempting to load system rclpy
[10.897s] Could not import system rclpy: No module named 'rclpy'
[10.897s] Attempting to load internal rclpy for ROS Distro: humble
[10.908s] rclpy loaded
[10.911s] [ext: isaacsim.ros2.nodes-1.18.13] startup
[10.944s] [ext: isaacsim.ros2.examples-1.2.4] startup
[10.949s] [ext: isaacsim.ros2.ui-1.6.5] startup
[11.154s] [ext: isaacsim.ros2.bridge-5.1.2] startup
2026-10-07T09:20:40Z [13,044ms] [Warning] [omni.timeline.plugin] Deprecated: direct use of ITimeline callbacks is deprecated. Use ITimeline::getTimeline (Python: omni.timeline.get_timeline_interface) instead.
[depth_angular_controller-1] [INFO] [1791364844.458308414] [depth_angular_controller]: OMNI_DEPTH views=4 azimuth_bins=180 elevation_bins=37 valid=1 certificates=1 short=0 held=1 local_candidates=0 yaw=14.00
[depth_angular_controller-1] [INFO] [1791364844.458511686] [depth_angular_controller]: PAPER_BUILD reason=FULL_MOTION_CERTIFICATE required=0.0000 best=0.0000 free=0 refined=0 tubes=4 revoked_tubes=0 proofs=128
[depth_angular_controller-1] [INFO] [1791364844.458521153] [depth_angular_controller]: PAPER_EVIDENCE retained=16 balls=15 revoked_balls=0 expired_views=0 evicted_views=0 radius=0.580 clearance=0.000 best_prefix=0.000
[depth_angular_controller-1] [INFO] [1791364845.102844749] [depth_angular_controller]: [PERF CTRL] run=p5_operator_v2_jitter_on_1 elapsed=18.32s callbacks=282 commands=282 guidance=221 command_fps(ros/wall)=60.00/55.93 guidance_wall_fps=57.85 avoid_ms(mean/p50/p95/max)=0.189/0.155/0.241/2.080 cycle_ms(mean/p95/max)=17.879/23.786/376.193 depth_to_cmd_ms(mean/p95/max)=55.053/100.000/100.000 callback_to_publish_ms(mean/p95/max)=1.403/7.692/13.225
[depth_angular_controller-1] [INFO] [1791364845.102909651] [depth_angular_controller]: EVIDENCE_COST ingest(mean/p95/max)=1.187/7.516/13.182 record=0.011/0.015/0.119 ms
[depth_angular_controller-1] [INFO] [1791364845.102916704] [depth_angular_controller]: EVIDENCE_PHASE per_view_mean_ms balls=0.066 tubes=0.009 history=0.198 eviction=0.000
[position_cmd_to_twist-2] [INFO] [1791364845.439992886] [position_cmd_to_twist]: [PERF BRIDGE] run=p5_operator_v2_jitter_on_1 elapsed=18.54s received=296 published=296 fps(ros/wall)=60.00/55.91 controller_to_bridge_ms(mean/p50/p95/max)=0.000/0.000/0.000/0.000 bridge_process_ms(mean/p95/max)=0.084/0.110/0.251
[NAV] t=5.0s position=(-61.31,-11.08,2.70) yaw=34.5deg command=(0.74,0.23,-0.19) manual_active=1 collision_blocks=0
[depth_angular_controller-1] [INFO] [1791364845.512842723] [depth_angular_controller]: OMNI_DEPTH views=4 azimuth_bins=180 elevation_bins=37 valid=1 certificates=1 short=0 held=1 local_candidates=0 yaw=24.00
[depth_angular_controller-1] [INFO] [1791364845.512994799] [depth_angular_controller]: PAPER_BUILD reason=FULL_MOTION_CERTIFICATE required=0.0000 best=0.0000 free=0 refined=0 tubes=7 revoked_tubes=0 proofs=128
[depth_angular_controller-1] [INFO] [1791364845.513002453] [depth_angular_controller]: PAPER_EVIDENCE retained=16 balls=20 revoked_balls=0 expired_views=0 evicted_views=4 radius=0.580 clearance=0.000 best_prefix=0.000
[depth_angular_controller-1] [INFO] [1791364846.471351090] [depth_angular_controller]: OMNI_DEPTH views=4 azimuth_bins=180 elevation_bins=37 valid=1 certificates=1 short=0 held=1 local_candidates=0 yaw=30.00
[depth_angular_controller-1] [INFO] [1791364846.471486835] [depth_angular_controller]: PAPER_BUILD reason=FULL_MOTION_CERTIFICATE required=0.0000 best=0.0000 free=0 refined=0 tubes=8 revoked_tubes=0 proofs=128
[depth_angular_controller-1] [INFO] [1791364846.471494249] [depth_angular_controller]: PAPER_EVIDENCE retained=16 balls=26 revoked_balls=0 expired_views=0 evicted_views=8 radius=0.580 clearance=0.000 best_prefix=0.000
[depth_angular_controller-1] [INFO] [1791364847.559115129] [depth_angular_controller]: OMNI_DEPTH views=4 azimuth_bins=180 elevation_bins=37 valid=1 certificates=1 short=0 held=1 local_candidates=0 yaw=22.00
[depth_angular_controller-1] [INFO] [1791364847.559258568] [depth_angular_controller]: PAPER_BUILD reason=FULL_MOTION_CERTIFICATE required=0.0000 best=0.0000 free=0 refined=0 tubes=10 revoked_tubes=0 proofs=128
[depth_angular_controller-1] [INFO] [1791364847.559265982] [depth_angular_controller]: PAPER_EVIDENCE retained=16 balls=32 revoked_balls=0 expired_views=0 evicted_views=12 radius=0.580 clearance=0.000 best_prefix=0.000
[depth_angular_controller-1] [INFO] [1791364848.607978130] [depth_angular_controller]: OMNI_DEPTH views=4 azimuth_bins=180 elevation_bins=37 valid=1 certificates=1 short=0 held=0 local_candidates=0 yaw=-0.00
[depth_angular_controller-1] [INFO] [1791364848.608135576] [depth_angular_controller]: PAPER_BUILD reason=FULL_MOTION_CERTIFICATE required=0.0000 best=0.0000 free=0 refined=0 tubes=12 revoked_tubes=0 proofs=128
[depth_angular_controller-1] [INFO] [1791364848.608144774] [depth_angular_controller]: PAPER_EVIDENCE retained=16 balls=32 revoked_balls=0 expired_views=0 evicted_views=16 radius=0.580 clearance=0.000 best_prefix=0.000
[depth_angular_controller-1] [INFO] [1791364849.727033315] [depth_angular_controller]: OMNI_DEPTH views=4 azimuth_bins=180 elevation_bins=37 valid=1 certificates=1 short=0 held=0 local_candidates=0 yaw=0.01
[depth_angular_controller-1] [INFO] [1791364849.727168158] [depth_angular_controller]: PAPER_BUILD reason=FULL_MOTION_CERTIFICATE required=0.0000 best=0.0000 free=0 refined=0 tubes=14 revoked_tubes=0 proofs=128
[depth_angular_controller-1] [INFO] [1791364849.727179219] [depth_angular_controller]: PAPER_EVIDENCE retained=16 balls=32 revoked_balls=0 expired_views=0 evicted_views=20 radius=0.580 clearance=0.000 best_prefix=0.000
[depth_angular_controller-1] [INFO] [1791364850.126659998] [depth_angular_controller]: [PERF CTRL] run=p5_operator_v2_jitter_on_1 elapsed=23.35s callbacks=558 commands=558 guidance=497 command_fps(ros/wall)=60.00/55.44 guidance_wall_fps=56.19 avoid_ms(mean/p50/p95/max)=0.316/0.211/1.995/3.344 cycle_ms(mean/p95/max)=18.039/26.050/376.193 depth_to_cmd_ms(mean/p95/max)=55.097/100.000/100.000 callback_to_publish_ms(mean/p95/max)=1.802/9.397/13.225
[depth_angular_controller-1] [INFO] [1791364850.126734619] [depth_angular_controller]: EVIDENCE_COST ingest(mean/p95/max)=1.443/8.824/13.182 record=0.012/0.016/0.119 ms
[depth_angular_controller-1] [INFO] [1791364850.126739989] [depth_angular_controller]: EVIDENCE_PHASE per_view_mean_ms balls=0.067 tubes=0.010 history=0.260 eviction=0.000
[position_cmd_to_twist-2] [INFO] [1791364850.756720389] [position_cmd_to_twist]: [PERF BRIDGE] run=p5_operator_v2_jitter_on_1 elapsed=23.87s received=596 published=596 fps(ros/wall)=60.00/55.81 controller_to_bridge_ms(mean/p50/p95/max)=0.000/0.000/0.000/0.000 bridge_process_ms(mean/p95/max)=0.084/0.107/0.251
[NAV] t=10.0s position=(-57.55,-10.20,2.37) yaw=77.5deg command=(0.80,0.00,0.00) manual_active=1 collision_blocks=0
[depth_angular_controller-1] [INFO] [1791364850.837883079] [depth_angular_controller]: OMNI_DEPTH views=4 azimuth_bins=180 elevation_bins=37 valid=1 certificates=1 short=0 held=0 local_candidates=0 yaw=-0.02
[depth_angular_controller-1] [INFO] [1791364850.838007944] [depth_angular_controller]: PAPER_BUILD reason=FULL_MOTION_CERTIFICATE required=0.0000 best=0.0000 free=0 refined=0 tubes=16 revoked_tubes=0 proofs=128
[depth_angular_controller-1] [INFO] [1791364850.838014055] [depth_angular_controller]: PAPER_EVIDENCE retained=16 balls=32 revoked_balls=0 expired_views=0 evicted_views=24 radius=0.580 clearance=0.000 best_prefix=0.000
[depth_angular_controller-1] [INFO] [1791364851.900661392] [depth_angular_controller]: OMNI_DEPTH views=4 azimuth_bins=180 elevation_bins=37 valid=1 certificates=1 short=0 held=1 local_candidates=0 yaw=16.00
[depth_angular_controller-1] [INFO] [1791364851.900802286] [depth_angular_controller]: PAPER_BUILD reason=FULL_MOTION_CERTIFICATE required=0.0000 best=0.0000 free=0 refined=0 tubes=17 revoked_tubes=0 proofs=128
[depth_angular_controller-1] [INFO] [1791364851.900809099] [depth_angular_controller]: PAPER_EVIDENCE retained=16 balls=32 revoked_balls=0 expired_views=0 evicted_views=28 radius=0.580 clearance=0.000 best_prefix=0.000
[depth_angular_controller-1] [INFO] [1791364852.958435239] [depth_angular_controller]: OMNI_DEPTH views=4 azimuth_bins=180 elevation_bins=37 valid=1 certificates=1 short=0 held=1 local_candidates=0 yaw=28.00
[depth_angular_controller-1] [INFO] [1791364852.958568760] [depth_angular_controller]: PAPER_BUILD reason=FULL_MOTION_CERTIFICATE required=0.0000 best=0.0000 free=0 refined=0 tubes=19 revoked_tubes=0 proofs=128
[depth_angular_controller-1] [INFO] [1791364852.958577066] [depth_angular_controller]: PAPER_EVIDENCE retained=16 balls=32 revoked_balls=0 expired_views=0 evicted_views=32 radius=0.580 clearance=0.000 best_prefix=0.000
[depth_angular_controller-1] [INFO] [1791364854.155541797] [depth_angular_controller]: OMNI_DEPTH views=4 azimuth_bins=180 elevation_bins=37 valid=1 certificates=1 short=0 held=1 local_candidates=0 yaw=28.00
[depth_angular_controller-1] [INFO] [1791364854.155674366] [depth_angular_controller]: PAPER_BUILD reason=FULL_MOTION_CERTIFICATE required=0.0000 best=0.0000 free=0 refined=0 tubes=21 revoked_tubes=0 proofs=128
[depth_angular_controller-1] [INFO] [1791364854.155681540] [depth_angular_controller]: PAPER_EVIDENCE retained=16 balls=32 revoked_balls=0 expired_views=0 evicted_views=36 radius=0.580 clearance=0.000 best_prefix=0.000
[depth_angular_controller-1] [INFO] [1791364855.188864654] [depth_angular_controller]: [PERF CTRL] run=p5_operator_v2_jitter_on_1 elapsed=28.41s callbacks=837 commands=837 guidance=776 command_fps(ros/wall)=60.00/55.33 guidance_wall_fps=55.80 avoid_ms(mean/p50/p95/max)=0.327/0.222/1.995/3.824 cycle_ms(mean/p95/max)=18.074/29.444/376.193 depth_to_cmd_ms(mean/p95/max)=55.155/100.000/100.000 callback_to_publish_ms(mean/p95/max)=2.127/11.109/17.805
[depth_angular_controller-1] [INFO] [1791364855.188956697] [depth_angular_controller]: EVIDENCE_COST ingest(mean/p95/max)=1.733/10.389/17.534 record=0.019/0.060/0.188 ms
[depth_angular_controller-1] [INFO] [1791364855.188962137] [depth_angular_controller]: EVIDENCE_PHASE per_view_mean_ms balls=0.070 tubes=0.022 history=0.318 eviction=0.001
[depth_angular_controller-1] [INFO] [1791364855.275493837] [depth_angular_controller]: OMNI_DEPTH views=4 azimuth_bins=180 elevation_bins=37 valid=1 certificates=1 short=0 held=0 local_candidates=0 yaw=-0.04
[depth_angular_controller-1] [INFO] [1791364855.275618040] [depth_angular_controller]: PAPER_BUILD reason=FULL_MOTION_CERTIFICATE required=0.0000 best=0.0000 free=0 refined=0 tubes=23 revoked_tubes=0 proofs=128
[depth_angular_controller-1] [INFO] [1791364855.275623661] [depth_angular_controller]: PAPER_EVIDENCE retained=16 balls=32 revoked_balls=0 expired_views=0 evicted_views=40 radius=0.580 clearance=0.000 best_prefix=0.000
[position_cmd_to_twist-2] [INFO] [1791364856.201596453] [position_cmd_to_twist]: [PERF BRIDGE] run=p5_operator_v2_jitter_on_1 elapsed=29.31s received=896 published=896 fps(ros/wall)=60.00/55.57 controller_to_bridge_ms(mean/p50/p95/max)=0.037/0.000/0.000/16.667 bridge_process_ms(mean/p95/max)=0.084/0.110/0.422
[NAV] t=15.0s position=(-53.78,-9.23,2.05) yaw=120.3deg command=(0.78,0.02,-0.01) manual_active=0 collision_blocks=0
[depth_angular_controller-1] [INFO] [1791364856.287066709] [depth_angular_controller]: ZERO_INTENT
[depth_angular_controller-1] [INFO] [1791364858.194346013] [depth_angular_controller]: OMNI_DEPTH views=4 azimuth_bins=180 elevation_bins=37 valid=1 certificates=1 short=0 held=0 local_candidates=0 yaw=0.00
[depth_angular_controller-1] [INFO] [1791364858.194438146] [depth_angular_controller]: DEPTH_PROPOSAL_CERTIFIED
[depth_angular_controller-1] [INFO] [1791364858.194445089] [depth_angular_controller]: PAPER_BUILD reason=FULL_MOTION_CERTIFICATE required=0.0000 best=0.0000 free=0 refined=0 tubes=25 revoked_tubes=0 proofs=128
[depth_angular_controller-1] [INFO] [1791364858.194451531] [depth_angular_controller]: PAPER_EVIDENCE retained=16 balls=32 revoked_balls=0 expired_views=0 evicted_views=49 radius=0.580 clearance=0.000 best_prefix=0.000
[depth_angular_controller-1] [INFO] [1791364859.271085824] [depth_angular_controller]: OMNI_DEPTH views=4 azimuth_bins=180 elevation_bins=37 valid=1 certificates=1 short=0 held=0 local_candidates=0 yaw=5.73
[depth_angular_controller-1] [INFO] [1791364859.271214035] [depth_angular_controller]: PAPER_BUILD reason=FULL_MOTION_CERTIFICATE required=0.0000 best=0.0000 free=0 refined=0 tubes=26 revoked_tubes=0 proofs=128
[depth_angular_controller-1] [INFO] [1791364859.271221238] [depth_angular_controller]: PAPER_EVIDENCE retained=16 balls=32 revoked_balls=0 expired_views=0 evicted_views=53 radius=0.580 clearance=0.000 best_prefix=0.000
[depth_angular_controller-1] [INFO] [1791364860.202830383] [depth_angular_controller]: [PERF CTRL] run=p5_operator_v2_jitter_on_1 elapsed=33.42s callbacks=1133 commands=1133 guidance=952 command_fps(ros/wall)=60.00/56.25 guidance_wall_fps=50.31 avoid_ms(mean/p50/p95/max)=0.308/0.223/0.308/3.824 cycle_ms(mean/p95/max)=17.777/31.376/376.193 depth_to_cmd_ms(mean/p95/max)=54.937/100.000/100.000 callback_to_publish_ms(mean/p95/max)=2.365/13.608/21.219
[depth_angular_controller-1] [INFO] [1791364860.202939037] [depth_angular_controller]: EVIDENCE_COST ingest(mean/p95/max)=2.018/13.182/20.841 record=0.017/0.018/0.188 ms
[depth_angular_controller-1] [INFO] [1791364860.202944507] [depth_angular_controller]: EVIDENCE_PHASE per_view_mean_ms balls=0.073 tubes=0.021 history=0.388 eviction=0.001
[depth_angular_controller-1] [INFO] [1791364860.350997816] [depth_angular_controller]: OMNI_DEPTH views=4 azimuth_bins=180 elevation_bins=37 valid=1 certificates=1 short=0 held=0 local_candidates=0 yaw=11.46
[depth_angular_controller-1] [INFO] [1791364860.351136156] [depth_angular_controller]: PAPER_BUILD reason=FULL_MOTION_CERTIFICATE required=0.0000 best=0.0000 free=0 refined=0 tubes=27 revoked_tubes=0 proofs=128
[depth_angular_controller-1] [INFO] [1791364860.351142989] [depth_angular_controller]: PAPER_EVIDENCE retained=16 balls=32 revoked_balls=0 expired_views=0 evicted_views=57 radius=0.580 clearance=0.000 best_prefix=0.000
[position_cmd_to_twist-2] [INFO] [1791364861.352948204] [position_cmd_to_twist]: [PERF BRIDGE] run=p5_operator_v2_jitter_on_1 elapsed=34.46s received=1196 published=1196 fps(ros/wall)=60.00/56.22 controller_to_bridge_ms(mean/p50/p95/max)=0.321/0.000/0.000/16.667 bridge_process_ms(mean/p95/max)=0.083/0.110/0.483
[NAV] t=20.0s position=(-52.10,-9.03,2.04) yaw=94.4deg command=(0.58,0.15,0.00) manual_active=1 collision_blocks=0
[depth_angular_controller-1] [INFO] [1791364861.438395666] [depth_angular_controller]: OMNI_DEPTH views=4 azimuth_bins=180 elevation_bins=37 valid=1 certificates=1 short=0 held=0 local_candidates=0 yaw=17.19
[depth_angular_controller-1] [INFO] [1791364861.438534507] [depth_angular_controller]: PAPER_BUILD reason=FULL_MOTION_CERTIFICATE required=0.0000 best=0.0000 free=0 refined=0 tubes=28 revoked_tubes=0 proofs=128
[depth_angular_controller-1] [INFO] [1791364861.438542102] [depth_angular_controller]: PAPER_EVIDENCE retained=16 balls=32 revoked_balls=0 expired_views=0 evicted_views=61 radius=0.580 clearance=0.000 best_prefix=0.000
[depth_angular_controller-1] [INFO] [1791364862.597183311] [depth_angular_controller]: OMNI_DEPTH views=4 azimuth_bins=180 elevation_bins=37 valid=1 certificates=1 short=0 held=0 local_candidates=0 yaw=22.92
[depth_angular_controller-1] [INFO] [1791364862.597312183] [depth_angular_controller]: PAPER_BUILD reason=FULL_MOTION_CERTIFICATE required=0.0000 best=0.0000 free=0 refined=0 tubes=29 revoked_tubes=0 proofs=128
[depth_angular_controller-1] [INFO] [1791364862.597319467] [depth_angular_controller]: PAPER_EVIDENCE retained=16 balls=32 revoked_balls=0 expired_views=0 evicted_views=65 radius=0.580 clearance=0.000 best_prefix=0.000
[depth_angular_controller-1] [INFO] [1791364863.692669612] [depth_angular_controller]: OMNI_DEPTH views=4 azimuth_bins=180 elevation_bins=37 valid=1 certificates=1 short=0 held=0 local_candidates=0 yaw=28.65
[depth_angular_controller-1] [INFO] [1791364863.692787333] [depth_angular_controller]: PAPER_BUILD reason=FULL_MOTION_CERTIFICATE required=0.0000 best=0.0000 free=0 refined=0 tubes=31 revoked_tubes=0 proofs=128
[depth_angular_controller-1] [INFO] [1791364863.692793545] [depth_angular_controller]: PAPER_EVIDENCE retained=16 balls=32 revoked_balls=0 expired_views=0 evicted_views=69 radius=0.580 clearance=0.000 best_prefix=0.000
[depth_angular_controller-1] [INFO] [1791364864.731210665] [depth_angular_controller]: OMNI_DEPTH views=4 azimuth_bins=180 elevation_bins=37 valid=1 certificates=1 short=0 held=0 local_candidates=0 yaw=180.00
[depth_angular_controller-1] [INFO] [1791364864.731297829] [depth_angular_controller]: INTENT_REVERSAL_BRAKE
[depth_angular_controller-1] [INFO] [1791364864.731303750] [depth_angular_controller]: PAPER_BUILD reason= required=0.0000 best=0.0000 free=0 refined=0 tubes=32 revoked_tubes=0 proofs=128
[depth_angular_controller-1] [INFO] [1791364864.731309571] [depth_angular_controller]: PAPER_EVIDENCE retained=16 balls=32 revoked_balls=0 expired_views=0 evicted_views=73 radius=0.580 clearance=0.000 best_prefix=0.000
[depth_angular_controller-1] [INFO] [1791364865.233638735] [depth_angular_controller]: [PERF CTRL] run=p5_operator_v2_jitter_on_1 elapsed=38.45s callbacks=1410 commands=1410 guidance=1229 command_fps(ros/wall)=60.00/56.01 guidance_wall_fps=51.31 avoid_ms(mean/p50/p95/max)=0.285/0.220/0.282/3.824 cycle_ms(mean/p95/max)=17.853/32.606/376.193 depth_to_cmd_ms(mean/p95/max)=54.787/100.000/100.000 callback_to_publish_ms(mean/p95/max)=2.531/15.087/21.219
[depth_angular_controller-1] [INFO] [1791364865.233784579] [depth_angular_controller]: EVIDENCE_COST ingest(mean/p95/max)=2.195/14.381/20.841 record=0.016/0.018/0.188 ms
[depth_angular_controller-1] [INFO] [1791364865.233791712] [depth_angular_controller]: EVIDENCE_PHASE per_view_mean_ms balls=0.077 tubes=0.030 history=0.420 eviction=0.001
[depth_angular_controller-1] [INFO] [1791364865.254447852] [depth_angular_controller]: DEPTH_PROPOSAL_CERTIFIED
[depth_angular_controller-1] [INFO] [1791364865.899841298] [depth_angular_controller]: OMNI_DEPTH views=4 azimuth_bins=180 elevation_bins=37 valid=1 certificates=1 short=0 held=0 local_candidates=0 yaw=180.00
[depth_angular_controller-1] [INFO] [1791364865.899947467] [depth_angular_controller]: PAPER_BUILD reason=FULL_MOTION_CERTIFICATE required=0.0000 best=0.0000 free=0 refined=0 tubes=33 revoked_tubes=0 proofs=128
[depth_angular_controller-1] [INFO] [1791364865.899954551] [depth_angular_controller]: PAPER_EVIDENCE retained=16 balls=32 revoked_balls=0 expired_views=0 evicted_views=77 radius=0.580 clearance=0.000 best_prefix=0.000
[position_cmd_to_twist-2] [INFO] [1791364867.032123260] [position_cmd_to_twist]: [PERF BRIDGE] run=p5_operator_v2_jitter_on_1 elapsed=40.14s received=1496 published=1496 fps(ros/wall)=60.00/55.50 controller_to_bridge_ms(mean/p50/p95/max)=0.379/0.000/0.000/16.667 bridge_process_ms(mean/p95/max)=0.083/0.110/0.483
[NAV] t=25.0s position=(-50.89,-8.25,2.04) yaw=68.8deg command=(-0.59,-0.00,0.00) manual_active=1 collision_blocks=0
[depth_angular_controller-1] [INFO] [1791364867.118611999] [depth_angular_controller]: OMNI_DEPTH views=4 azimuth_bins=180 elevation_bins=37 valid=1 certificates=1 short=0 held=0 local_candidates=0 yaw=180.00
[depth_angular_controller-1] [INFO] [1791364867.118729610] [depth_angular_controller]: PAPER_BUILD reason=FULL_MOTION_CERTIFICATE required=0.0000 best=0.0000 free=0 refined=0 tubes=34 revoked_tubes=0 proofs=128
[depth_angular_controller-1] [INFO] [1791364867.118737114] [depth_angular_controller]: PAPER_EVIDENCE retained=16 balls=32 revoked_balls=0 expired_views=0 evicted_views=81 radius=0.580 clearance=0.000 best_prefix=0.000
[depth_angular_controller-1] [INFO] [1791364868.411422284] [depth_angular_controller]: ZERO_INTENT
[depth_angular_controller-1] [INFO] [1791364870.235359612] [depth_angular_controller]: [PERF CTRL] run=p5_operator_v2_jitter_on_1 elapsed=43.45s callbacks=1672 commands=1672 guidance=1380 command_fps(ros/wall)=60.00/55.41 guidance_wall_fps=50.90 avoid_ms(mean/p50/p95/max)=0.275/0.216/0.278/3.824 cycle_ms(mean/p95/max)=18.047/32.611/376.193 depth_to_cmd_ms(mean/p95/max)=54.734/100.000/100.000 callback_to_publish_ms(mean/p95/max)=2.526/14.534/21.219
[depth_angular_controller-1] [INFO] [1791364870.235524943] [depth_angular_controller]: EVIDENCE_COST ingest(mean/p95/max)=2.214/14.202/20.841 record=0.016/0.018/0.188 ms
[depth_angular_controller-1] [INFO] [1791364870.235532337] [depth_angular_controller]: EVIDENCE_PHASE per_view_mean_ms balls=0.075 tubes=0.031 history=0.424 eviction=0.001
[depth_angular_controller-1] [INFO] [1791364870.390951217] [depth_angular_controller]: OMNI_DEPTH views=4 azimuth_bins=180 elevation_bins=37 valid=1 certificates=1 short=0 held=0 local_candidates=0 yaw=0.00
[depth_angular_controller-1] [INFO] [1791364870.391050825] [depth_angular_controller]: DEPTH_PROPOSAL_CERTIFIED
[depth_angular_controller-1] [INFO] [1791364870.391058088] [depth_angular_controller]: PAPER_BUILD reason=FULL_MOTION_CERTIFICATE required=0.0000 best=0.0000 free=0 refined=0 tubes=35 revoked_tubes=0 proofs=128
[depth_angular_controller-1] [INFO] [1791364870.391064240] [depth_angular_controller]: PAPER_EVIDENCE retained=16 balls=32 revoked_balls=0 expired_views=0 evicted_views=92 radius=0.580 clearance=0.000 best_prefix=0.000
[depth_angular_controller-1] [INFO] [1791364871.539386647] [depth_angular_controller]: OMNI_DEPTH views=4 azimuth_bins=180 elevation_bins=37 valid=1 certificates=1 short=0 held=0 local_candidates=0 yaw=0.00
[depth_angular_controller-1] [INFO] [1791364871.539526520] [depth_angular_controller]: PAPER_BUILD reason=FULL_MOTION_CERTIFICATE required=0.0000 best=0.0000 free=0 refined=0 tubes=36 revoked_tubes=0 proofs=128
[depth_angular_controller-1] [INFO] [1791364871.539535446] [depth_angular_controller]: PAPER_EVIDENCE retained=16 balls=32 revoked_balls=0 expired_views=0 evicted_views=95 radius=0.580 clearance=0.000 best_prefix=0.000
[position_cmd_to_twist-2] [INFO] [1791364872.552750584] [position_cmd_to_twist]: [PERF BRIDGE] run=p5_operator_v2_jitter_on_1 elapsed=45.66s received=1796 published=1796 fps(ros/wall)=60.00/55.30 controller_to_bridge_ms(mean/p50/p95/max)=0.343/0.000/0.000/16.667 bridge_process_ms(mean/p95/max)=0.082/0.110/0.483
[NAV] t=30.0s position=(-50.90,-8.25,2.47) yaw=68.8deg command=(0.50,0.00,0.30) manual_active=1 collision_blocks=0
[depth_angular_controller-1] [INFO] [1791364872.637150288] [depth_angular_controller]: OMNI_DEPTH views=4 azimuth_bins=180 elevation_bins=37 valid=1 certificates=1 short=0 held=0 local_candidates=0 yaw=0.00
[depth_angular_controller-1] [INFO] [1791364872.637275142] [depth_angular_controller]: PAPER_BUILD reason=FULL_MOTION_CERTIFICATE required=0.0000 best=0.0000 free=0 refined=0 tubes=37 revoked_tubes=0 proofs=128
[depth_angular_controller-1] [INFO] [1791364872.637282406] [depth_angular_controller]: PAPER_EVIDENCE retained=16 balls=32 revoked_balls=0 expired_views=0 evicted_views=99 radius=0.580 clearance=0.000 best_prefix=0.000
[depth_angular_controller-1] [INFO] [1791364873.788444239] [depth_angular_controller]: OMNI_DEPTH views=4 azimuth_bins=180 elevation_bins=37 valid=1 certificates=1 short=0 held=0 local_candidates=0 yaw=0.00
[depth_angular_controller-1] [INFO] [1791364873.788574103] [depth_angular_controller]: PAPER_BUILD reason=FULL_MOTION_CERTIFICATE required=0.0000 best=0.0000 free=0 refined=0 tubes=38 revoked_tubes=0 proofs=128
[depth_angular_controller-1] [INFO] [1791364873.788581156] [depth_angular_controller]: PAPER_EVIDENCE retained=16 balls=32 revoked_balls=0 expired_views=0 evicted_views=103 radius=0.580 clearance=0.000 best_prefix=0.000
[depth_angular_controller-1] [INFO] [1791364875.007128979] [depth_angular_controller]: ZERO_INTENT
[depth_angular_controller-1] [INFO] [1791364875.236470082] [depth_angular_controller]: [PERF CTRL] run=p5_operator_v2_jitter_on_1 elapsed=48.46s callbacks=1935 commands=1935 guidance=1620 command_fps(ros/wall)=60.00/55.01 guidance_wall_fps=48.05 avoid_ms(mean/p50/p95/max)=0.263/0.213/0.268/3.824 cycle_ms(mean/p95/max)=18.179/32.439/376.193 depth_to_cmd_ms(mean/p95/max)=54.342/100.000/100.000 callback_to_publish_ms(mean/p95/max)=2.525/14.339/21.219
[depth_angular_controller-1] [INFO] [1791364875.236655401] [depth_angular_controller]: EVIDENCE_COST ingest(mean/p95/max)=2.220/13.761/20.841 record=0.015/0.017/0.188 ms
[depth_angular_controller-1] [INFO] [1791364875.236662514] [depth_angular_controller]: EVIDENCE_PHASE per_view_mean_ms balls=0.074 tubes=0.031 history=0.427 eviction=0.001
[MANUAL RESULT] TIMEOUT position=(-49.793,-8.249,3.139)
[PERF ISAAC FINAL] run=p5_operator_v2_jitter_on_1 result=MANUAL_TIMEOUT wall=36.94s sim_frames=2043 fps(sim/wall)=60.06/55.31 command_changes=1191 collision_blocks=0 frame_interval_ms(mean/p50/p95/max)=17.923/16.545/18.984/79.784
[49.853s] Simulation App Shutting Down
[depth_angular_controller-1] [INFO] [1791364877.589214966] [rclcpp]: signal_handler(SIGINT/SIGTERM)
[position_cmd_to_twist-2] [INFO] [1791364877.589829220] [position_cmd_to_twist]: [PERF BRIDGE FINAL] run=p5_operator_v2_jitter_on_1 elapsed=50.70s received=2042 published=2042 fps(ros/wall)=60.00/55.27 controller_to_bridge_ms(mean/p50/p95/max)=0.302/0.000/0.000/16.667 bridge_process_ms(mean/p95/max)=0.081/0.109/0.483
[position_cmd_to_twist-2] Failed to publish log message to rosout: publisher's context is invalid, at ./src/rcl/publisher.c:389
[depth_angular_controller-1] [INFO] [1791364877.589960817] [depth_angular_controller]: [PERF CTRL FINAL] run=p5_operator_v2_jitter_on_1 elapsed=50.81s callbacks=2042 commands=2042 guidance=1620 command_fps(ros/wall)=60.00/55.27 guidance_wall_fps=48.05 avoid_ms(mean/p50/p95/max)=0.263/0.213/0.268/3.824 cycle_ms(mean/p95/max)=18.094/32.265/376.193 depth_to_cmd_ms(mean/p95/max)=54.342/100.000/100.000 callback_to_publish_ms(mean/p95/max)=2.517/14.086/21.219
[depth_angular_controller-1] [INFO] [1791364877.590097434] [depth_angular_controller]: EVIDENCE_COST ingest(mean/p95/max)=2.224/13.698/20.841 record=0.015/0.017/0.188 ms
[depth_angular_controller-1] [INFO] [1791364877.590100490] [depth_angular_controller]: EVIDENCE_PHASE per_view_mean_ms balls=0.074 tubes=0.031 history=0.428 eviction=0.001
[INFO] [depth_angular_controller-1]: process has finished cleanly [pid 259268]
[INFO] [position_cmd_to_twist-2]: process has finished cleanly [pid 259270]
