[PERF] run=p5_operator_final_jitter_off_2 log=/home/starry/isaac-data/EGO1P5/performance/six_axis_20261007/manual/p5_operator_final_jitter_off_2_performance.md
[INPUT] mode=trace scene_mode=cloud
[LOCK] Waiting for shared Isaac navigation slot
[INFO] [launch]: All log files can be found below /tmp/fov_gvf_ego1p5_isaac_ros_log/2026-10-07-17-00-49-059687-starry-System-Product-Name-253241
[INFO] [launch]: Default logging verbosity is set to INFO
[INFO] [depth_angular_controller-1]: process started with pid [253243]
[INFO] [position_cmd_to_twist-2]: process started with pid [253245]
[depth_angular_controller-1] [INFO] [1791363649.427045304] [depth_angular_controller]: PROCESSING_RATES control=60.0 Hz depth_limit=10.0 Hz (0=unlimited)
[depth_angular_controller-1] [INFO] [1791363649.430218448] [depth_angular_controller]: C++ controller commands publish on /position_cmd; horizontal views=4
[ROS CHECK] ROS_DOMAIN_ID=42 /position_cmd publishers=1
Type: pc_gvf_msgs/msg/PositionCommand
Publisher count: 1
Subscription count: 1
/depth_angular_controller
/position_cmd_to_twist
WARNING: All log messages before absl::InitializeLog() is called are written to STDERR
E0000 00:00:1791363650.465428  253292 descriptor_database.cc:633] File already exists in database: grpc/health/v1/health.proto
W0000 00:00:1791363650.465452  253292 message.cc:301] Protobuf GeneratedMessageFactory: File is already registered: grpc/health/v1/health.proto
2026-10-07T09:00:50Z [Info] [carb] Logging to file: /home/starry/isaac-data/isaacsim/kit/logs/Kit/Isaac-Sim Python/6.0/kit_20261007_170050.log
[0.048s] [ext: omni.assets.plugins-0.0.0] startup
[0.049s] [ext: omni.blobkey-1.1.2] startup
[0.049s] [ext: omni.kit.async_engine-0.0.3] startup
[0.324s] [ext: omni.client.lib-1.1.1] startup
[0.332s] [ext: omni.client-1.3.0] startup
[0.334s] [ext: omni.protobuf.lib-1.0.0] startup
[0.335s] [ext: omni.grpc.lib-1.0.0] startup
[0.338s] [ext: omni.metrics.core-0.0.3] startup
[0.338s] [ext: omni.datastore-0.0.0] startup
[0.338s] [ext: omni.gpu_foundation.shadercache.vulkan-1.0.0] startup
[0.340s] [ext: omni.hsscclient-1.1.4] startup
[0.341s] [ext: omni.stats-1.0.1] startup
[0.341s] [ext: omni.ujitso.default-1.0.0] startup
[0.344s] [ext: omni.gpu_foundation-0.0.0] startup
[0.470s] [ext: carb.windowing.plugins-1.0.1] startup
[0.470s] [ext: omni.kit.renderer.init-1.0.1] startup
2026-10-07T09:00:50Z [676ms] [Warning] [omni.rtx] Skipping unsupported non-NVIDIA GPU: AMD Unknown (RADV RAPHAEL_MENDOCINO)
2026-10-07T09:00:50Z [677ms] [Warning] [omni.rtx] Skipping unsupported non-NVIDIA GPU: AMD Unknown (RADV RAPHAEL_MENDOCINO)

|---------------------------------------------------------------------------------------------|
| Driver Version: 580.178.04    | Graphics API: Vulkan
|=============================================================================================|
| GPU | Name                             | Active | LDA | GPU Memory | Vendor-ID | LUID       |
|     |                                  |        |     |            | Device-ID | UUID       |
|     |                                  |        |     |            | Bus-ID    |            |
|---------------------------------------------------------------------------------------------|
| 0   | NVIDIA GeForce RTX 5070          | Yes: 0 |     | 12227   MB | 10de      | 0          |
|     |                                  |        |     |            | 2f04      | 348d89fe.. |
|     |                                  |        |     |            | 1         |            |
|---------------------------------------------------------------------------------------------|
| 1   | AMD Unknown (RADV RAPHAEL_MEND.. |        |     | 10755   MB | 1002      | 0          |
|     |                                  |        |     |            | 13c0      | 00000000.. |
|     |                                  |        |     |            | c         |            |
|=============================================================================================|
| OS: 22.04.5 LTS (Jammy Jellyfish) ubuntu, Version: 22.04.5, Kernel: 6.8.0-138-generic
| XServer Vendor: The X.Org Foundation, XServer Version: 12101004 (1.21.1.4)
| Processor: AMD Ryzen 5 9600X 6-Core Processor
| Cores: 6 | Logical Cores: 12
|---------------------------------------------------------------------------------------------|
| Total Memory (MB): 31241 | Free Memory: 23062
| Total Page/Swap (MB): 15624 | Free Page/Swap: 15624
|---------------------------------------------------------------------------------------------|
2026-10-07T09:00:51Z [883ms] [Warning] [omni.rtx] CPU performance profile is set to powersave. This profile sets the CPU to the lowest frequency reducing performance.
2026-10-07T09:00:51Z [891ms] [Warning] [omni.rtx] IOMMU is enabled.
[0.998s] [ext: omni.kit.pipapi-0.0.0] startup
[0.999s] [ext: omni.kit.pip_archive-0.0.0] startup
[0.999s] [ext: isaacsim.pip.newton-0.6.1] startup
[0.999s] [ext: omni.pip.compute-1.9.2] startup
[1.000s] [ext: omni.isaac.core_archive-5.3.1] startup
[1.000s] [ext: omni.kit.telemetry-0.5.2] startup
[1.019s] [ext: omni.kit.loop-isaac-1.6.0] startup
[1.020s] [ext: omni.kit.test-2.0.7] startup
[1.073s] [ext: omni.materialx.libs-1.0.9] startup
[1.080s] [ext: omni.gpucompute.plugins-0.0.0] startup
[1.080s] [ext: omni.usd.config-1.0.7] startup
[1.083s] [ext: omni.usd.libs-1.0.3] startup
[1.136s] [ext: omni.iray.libs-0.0.1] startup
[1.139s] [ext: omni.mdl-57.0.3] startup
[1.199s] [ext: omni.mdl.neuraylib-0.2.20] startup
[1.201s] [ext: omni.kit.usd.mdl-1.1.9] startup
[1.293s] [ext: omni.appwindow-1.2.2] startup
[1.295s] [ext: omni.kit.renderer.core-1.2.2] startup
2026-10-07T09:00:56Z [6,500ms] [Warning] [carb.windowing-glfw.gamepad] Joystick with unknown remapping detected (will be ignored):  BEITONG BEITONG A2P3A BFM DONGLE [03000000bc2000001c51000011010000]
[6.535s] [ext: omni.kit.renderer.capture-2.0.1] startup
[6.536s] [ext: omni.kit.renderer.imgui-2.0.6] startup
[6.574s] [ext: omni.ui-3.2.0] startup
[6.580s] [ext: omni.kit.mainwindow-1.0.3] startup
[6.581s] [ext: carb.audio-0.1.0] startup
[6.583s] [ext: omni.uiaudio-1.0.0] startup
[6.583s] [ext: omni.kit.uiapp-0.0.0] startup
[6.583s] [ext: omni.usd.schema.metrics.assembler-110.1.0] startup
[6.586s] [ext: omni.usd.schema.audio-0.0.1] startup
[6.588s] [ext: omni.usd_resolver-1.0.0] startup
[6.590s] [ext: omni.usd.core-1.8.3] startup
[6.592s] [ext: omni.metropolis.schema-0.0.3] startup
[6.593s] [ext: isaacsim.anim.robot.schema-0.1.1] startup
[6.593s] [ext: omni.usd.schema.anim-0.0.1] startup
[6.606s] [ext: omni.usd.schema.geospatial-0.0.1] startup
[6.608s] [ext: omni.usd.schema.omnigraph-1.0.1] startup
[6.612s] [ext: omni.usd.schema.semantics-0.0.0] startup
[6.613s] [ext: omni.activity.core-1.0.3] startup
[6.614s] [ext: omni.cubric-0.1.0] startup
[6.615s] [ext: omni.graph.exec-0.9.6] startup
[6.615s] [ext: omni.hydra.scene_delegate-0.3.5] startup
[6.617s] [ext: usdrt.scenegraph-7.6.3] startup
[6.635s] [ext: omni.hydra.usdrt_delegate-7.5.2] startup
[6.638s] [ext: omni.inspect-1.0.2] startup
[6.639s] [ext: omni.kit.actions.core-1.0.0] startup
[6.641s] [ext: omni.kit.audiodeviceenum-1.0.2] startup
[6.642s] [ext: omni.kit.commands-1.5.0] startup
[6.644s] [ext: omni.kit.exec.core-0.13.5] startup
[6.645s] [ext: omni.kit.usd_undo-0.1.8] startup
[6.645s] [ext: omni.kit.window.popup_dialog-2.0.25] startup
[6.647s] [ext: omni.kit.widget.nucleus_connector-2.3.1] startup
[6.650s] [ext: omni.timeline-1.1.0] startup
[6.651s] [ext: omni.usd-1.16.0] startup
[6.675s] [ext: omni.graph.core-3.1.2] startup
[6.679s] [ext: omni.kit.notification_manager-1.0.11] startup
[6.681s] [ext: isaacsim.core.deprecation_manager-0.4.2] startup
[6.681s] [ext: isaacsim.replicator.agent.schema-0.1.1] startup
[6.682s] [ext: isaacsim.robot.schema-6.3.7] startup
[6.686s] [ext: isaacsim.robot_motion.schema-0.2.1] startup
[6.686s] [ext: omni.anim.behavior.schema-110.1.0] startup
[6.689s] [ext: omni.anim.graph.schema-110.1.1] startup
[6.694s] [ext: omni.anim.navigation.schema-110.1.0] startup
[6.696s] [ext: omni.behavior.tree.schema-110.1.0] startup
[6.696s] [ext: omni.isaac.ml_archive-3.3.0] startup
[6.697s] [ext: omni.kit.asset_converter-6.0.1] startup
[6.705s] [ext: omni.pip.cloud-1.5.4] startup
[6.707s] [ext: omni.usd.schema.flow-110.0.0] startup
[6.707s] [ext: omni.usd.schema.mujoco-1.1.1] startup
[6.708s] [ext: omni.usd.schema.newton-1.2.1] startup
[6.708s] [ext: omni.usd.schema.omni_lens_distortion-1.0.0] startup
[6.709s] [ext: omni.usd.schema.omni_projectors-1.0.0] startup
[6.709s] [ext: omni.usd.schema.omni_sensors-0.0.0] startup
[6.715s] [ext: omni.usd.schema.omniscripting-1.0.1] startup
[6.718s] [ext: omni.usd.schema.physical_lighting-0.1.0] startup
[6.720s] [ext: omni.usd.schema.physx-110.1.13] startup
[6.743s] [ext: omni.usd.schema.render_settings.rtx-1.0.2] startup
[6.746s] [ext: omni.usd.schema.usd_particle_field-1.0.0] startup
[6.746s] [ext: isaacsim.core.version-2.1.1] startup
[6.747s] [ext: omni.kit.menu.core-1.2.0] startup
[6.747s] [ext: omni.kit.menu.utils-2.2.4] startup
[6.753s] [ext: isaacsim.app.about-2.3.1] startup
[6.756s] [ext: isaacsim.asset.transformer-1.2.5] startup
[6.759s] [ext: omni.scene.optimizer.core-110.1.0] startup
[6.788s] [ext: isaacsim.asset.importer.utils-1.8.1] startup
[6.789s] [ext: omni.convexdecomposition-110.1.13] startup
[6.791s] [ext: omni.physics-110.1.13] startup
[6.793s] [ext: omni.physx.gpu-110.1.13] startup
[6.793s] [ext: omni.physx.foundation-110.1.13] startup
[6.794s] [ext: omni.usdphysics-110.1.13] startup
[6.795s] [ext: omni.physx.cooking-110.1.13] startup
[6.797s] [ext: omni.physx-110.1.13] startup
[6.803s] [ext: omni.physics.physx-110.1.13] startup
[6.805s] [ext: isaacsim.asset.exporter.urdf-2.0.5] startup
[6.811s] [ext: omni.kit.clipboard-1.1.1] startup
[6.811s] [ext: omni.kit.usd.layers-2.6.1] startup
[6.816s] [ext: omni.kit.widget.context_menu-1.4.0] startup
[6.818s] [ext: omni.kit.context_menu-1.9.0] startup
[6.818s] [ext: omni.kit.helper.file_utils-0.1.10] startup
[6.820s] [ext: omni.kit.widget.nucleus_info-2.0.2] startup
[6.820s] [ext: omni.kit.search_core-1.0.8] startup
[6.820s] [ext: omni.kit.widget.path_field-2.0.13] startup
[6.821s] [ext: omni.kit.widget.browser_bar-2.0.10] startup
[6.821s] [ext: omni.kit.widget.filebrowser-2.13.4] startup
[6.825s] [ext: omni.kit.widget.options_menu-1.1.6] startup
[6.827s] [ext: omni.kit.widget.options_button-1.0.3] startup
[6.827s] [ext: omni.kit.widget.search_delegate-1.0.9] startup
[6.828s] [ext: omni.ui.scene-2.0.3] startup
[6.831s] [ext: omni.kit.window.filepicker-2.15.5] startup
[6.840s] [ext: omni.kit.window.file_importer-1.1.21] startup
[6.841s] [ext: omni.kit.material.library-3.1.2] startup
[6.845s] [ext: isaacsim.asset.transformer.rules-1.7.10] startup
[6.853s] [ext: omni.usdex.libs-2.2.2] startup
[6.858s] [ext: isaacsim.asset.importer.mjcf-3.10.1] startup
[6.860s] [ext: isaacsim.asset.importer.urdf-3.11.2] startup
[6.863s] [ext: omni.kit.primitive.mesh-1.1.0] startup
[6.864s] [ext: omni.kit.stage_template.core-1.1.22] startup
[6.865s] [ext: omni.kit.stage_templates-2.0.2] startup
[6.866s] [ext: omni.usd.metrics.assembler-110.1.2] startup
[6.868s] [ext: omni.warp.core-1.13.0] startup
[7.046s] [ext: isaacsim.core.experimental.utils-0.17.2] startup
[7.047s] [ext: omni.physics.stageupdate-110.1.13] startup
[7.048s] [ext: omni.physics.tensors-110.1.13] startup
[7.052s] [ext: omni.physx.tensors-110.1.13] startup
[7.054s] [ext: isaacsim.core.simulation_manager-1.15.6] startup
[7.064s] [ext: isaacsim.storage.native-1.9.3] startup
[7.065s] [ext: omni.usd.metrics.assembler.physics-110.1.13] startup
[7.066s] [ext: isaacsim.core.utils-4.1.7] startup
[7.068s] [ext: isaacsim.core.prims-0.11.7] startup
[7.921s] [ext: isaacsim.core.api-5.2.13] startup
[7.927s] [ext: isaacsim.core.cloner-1.7.3] startup
[7.928s] [ext: isaacsim.test.docstring-1.3.2] startup
[7.930s] [ext: isaacsim.core.experimental.prims-1.8.9] startup
[7.948s] [ext: isaacsim.core.experimental.primdata-0.3.2] startup
[7.949s] [ext: omni.graph.tools-1.81.0] startup
[7.968s] [ext: omni.graph-1.142.5] startup
[7.999s] [ext: isaacsim.core.experimental.actuators-0.1.2] startup
[8.011s] [ext: isaacsim.core.experimental.materials-0.7.1] startup
[8.014s] [ext: isaacsim.core.experimental.objects-0.8.1] startup
[8.064s] [ext: omni.hydra.engine.stats-1.0.5] startup
[8.066s] [ext: omni.hydra.rtx.shadercache.vulkan-1.0.0] startup
[8.067s] [ext: omni.index.libs-387500.4413.0] startup
[8.067s] [ext: omni.index-1.0.1] startup
[8.067s] [ext: omni.ujitso.client-0.0.0] startup
[8.068s] [ext: omni.usd.schema.playback-1.0.0] startup
[8.070s] [ext: omni.volume-0.5.2] startup
[8.074s] [ext: omni.hydra.rtx-1.0.4] startup
2026-10-07T09:00:58Z [8,060ms] [Warning] [omni.log] Source: omni.hydra was already registered.
[8.094s] [ext: omni.kit.hydra_texture-1.6.0] startup
[8.097s] [ext: omni.kit.raycast.query-1.2.0] startup
[8.100s] [ext: omni.kit.viewport.legacy_gizmos-1.0.24] startup
[8.102s] [ext: omni.kit.viewport.registry-104.0.6] startup
[8.102s] [ext: omni.kit.viewport.scene_camera_model-1.0.7] startup
[8.105s] [ext: omni.kit.widget.viewport-109.2.0] startup
[8.108s] [ext: omni.kit.window.drop_support-1.0.8] startup
[8.109s] [ext: omni.kit.viewport.window-109.0.2] startup
[8.122s] [ext: omni.kit.viewport.utility-2.0.1] startup
[8.123s] [ext: isaacsim.core.rendering_manager-0.4.3] startup
[8.142s] [ext: omni.graph.action_core-1.1.9] startup
[8.144s] [ext: omni.graph.action_nodes_core-2.11.0] startup
[8.146s] [ext: omni.graph.action_nodes-2.11.0] startup
[8.161s] [ext: omni.graph.action-2.10.2] startup
[8.162s] [ext: omni.graph.image.core-0.6.1] startup
[8.163s] [ext: omni.graph.image.nodes-1.3.1] startup
[8.163s] [ext: omni.graph.nodes_core-2.11.0] startup
[8.167s] [ext: omni.graph.nodes-2.12.0] startup
[8.171s] [ext: omni.kit.hotkeys.core-1.3.12] startup
[8.172s] [ext: omni.kit.property.adapter.core-1.1.1] startup
[8.174s] [ext: omni.kit.property.adapter.usd-1.0.5] startup
[8.175s] [ext: omni.kit.widget.filter-1.1.5] startup
[8.176s] [ext: omni.kit.widget.highlight_label-1.0.3] startup
[8.177s] [ext: omni.kit.widget.searchfield-1.1.8] startup
[8.178s] [ext: omni.kit.window.file_exporter-1.0.36] startup
[8.179s] [ext: omni.kit.widget.stage-4.4.0] startup
[8.186s] [ext: omni.kit.window.content_browser_registry-0.0.6] startup
[8.187s] [ext: omni.kit.window.file-2.0.10] startup
[8.190s] [ext: omni.kit.window.content_browser-3.1.8] startup
[8.198s] [ext: omni.kit.window.property-1.15.1] startup
[8.207s] [ext: omni.kit.property.usd-4.9.4] startup
[8.215s] [ext: omni.graph.scriptnode-2.10.2] startup
[8.222s] [ext: omni.kit.widget.searchable_combobox-1.0.7] startup
[8.223s] [ext: omni.kit.widget.settings-2.0.0] startup
[8.225s] [ext: omni.kit.window.preferences-1.8.3] startup
[8.229s] [ext: omni.kit.viewport.menubar.core-107.2.2] startup
[8.239s] [ext: omni.syntheticdata-0.6.15] startup
[8.262s] [ext: omni.replicator.nv-1.1.1] startup
[8.266s] [ext: omni.videoencoding-0.2.1] startup
[8.268s] [ext: omni.replicator.core-1.13.27] startup
2026-10-07T09:00:58Z [8,250ms] [Warning] [pxr.Semantics] pxr.Semantics is deprecated - please use Semantics instead
2026-10-07T09:00:58Z [8,315ms] [Warning] [omni.replicator.core.scripts.extension] No material configuration file, adding configuration to material settings directly.
[8.468s] [ext: isaacsim.core.nodes-5.10.5] startup
[8.494s] [ext: isaacsim.core.throttling-2.3.5] startup
[8.495s] [ext: omni.kit.manipulator.viewport-107.0.1] startup
[8.496s] [ext: omni.graph.visualization.nodes-2.1.4] startup
[8.508s] [ext: omni.kit.window.extensions-1.5.10] startup
[8.512s] [ext: isaacsim.gui.components-1.8.5] startup
[8.516s] [ext: isaacsim.robot.surface_gripper-3.6.2] startup
[8.526s] [ext: isaacsim.robot.manipulators-3.4.4] startup
[8.535s] [ext: isaacsim.robot_motion.lula-4.1.3] startup
[8.540s] [ext: isaacsim.robot_motion.motion_generation-8.2.9] startup
[8.544s] [ext: isaacsim.cortex.framework-1.0.18] startup
[8.546s] [ext: isaacsim.cortex.behaviors-2.0.17] startup
[8.547s] [ext: isaacsim.examples.base-1.3.2] startup
[8.549s] [ext: omni.kit.widget.zoombar-1.0.7] startup
[8.549s] [ext: omni.kit.browser.core-2.3.18] startup
[8.554s] [ext: omni.kit.browser.folder.core-2.0.2] startup
[8.557s] [ext: omni.kit.widget.stage_icons-1.0.8] startup
[8.558s] [ext: omni.kit.window.stage-2.6.1] startup
[8.561s] [ext: omni.kit.menu.stage-1.2.7] startup
[8.562s] [ext: omni.kit.usd.collect-3.0.6] startup
[8.564s] [ext: omni.kit.widget.prompt-1.0.7] startup
[8.565s] [ext: omni.kit.tool.collect-2.2.19] startup
[8.567s] [ext: isaacsim.examples.browser-0.3.2] startup
[8.568s] [ext: omni.kit.search.files-1.0.4] startup
[8.569s] [ext: omni.kit.widget.calendar-1.0.9] startup
[8.570s] [ext: omni.kit.widget.extended_searchfield-1.0.31] startup
[8.576s] [ext: omni.simready.content.browser-0.3.7] startup
[8.661s] [ext: isaacsim.gui.content_browser-0.4.3] startup
[8.663s] [ext: omni.kit.selection-0.1.6] startup
[8.664s] [ext: isaacsim.gui.menu-2.10.5] startup
[8.671s] [ext: isaacsim.gui.property-1.6.4] startup
[8.676s] [ext: omni.kit.viewport.actions-110.0.0] startup
[8.680s] [ext: omni.kit.viewport.menubar.display-107.1.3] startup
[8.681s] [ext: isaacsim.gui.sensors.icon-2.2.1] startup
[8.684s] [ext: omni.behavior.scripting.core-110.1.0] startup
[8.686s] [ext: isaacsim.replicator.behavior-1.5.4] startup
[8.687s] [ext: isaacsim.replicator.experimental.domain_randomization-1.2.5] startup
[8.700s] [ext: isaacsim.replicator.domain_randomization-1.2.2] startup
[8.766s] [ext: isaacsim.replicator.writers-1.5.4] startup
[8.787s] [ext: isaacsim.robot.experimental.wheeled_robots-0.2.11] startup
[8.806s] [ext: isaacsim.robot.policy.examples-5.2.12] startup
[8.824s] [ext: isaacsim.robot.wheeled_robots-5.2.4] startup
[8.827s] [ext: isaacsim.robot.wheeled_robots.nodes-0.1.5] startup
[8.842s] [ext: isaacsim.robot_motion.experimental.motion_generation-6.1.3] startup
[8.852s] [ext: isaacsim.robot_motion.cumotion-1.3.1] startup
[8.864s] [ext: omni.kit.numpy.common-0.1.3] startup
[8.865s] [ext: isaacsim.sensors.camera-1.7.9] startup
[8.891s] [ext: isaacsim.sensors.experimental.physics-3.0.2] startup
[8.897s] [ext: omni.sensors.net-1.0.1] startup
[8.899s] [ext: omni.sensors.nv.common-3.0.0] startup
[8.908s] [ext: omni.sensors.nv.materials-2.0.0] startup
[8.910s] [ext: omni.sensors.nv.acoustic-3.0.0] startup
[8.912s] [ext: omni.sensors.nv.ids-2.0.1] startup
[8.913s] [ext: omni.sensors.nv.lidar-3.0.0] startup
[8.916s] [ext: omni.sensors.nv.radar-3.0.0] startup
[8.918s] [ext: isaacsim.sensors.experimental.rtx-1.4.6] startup
[9.143s] [ext: isaacsim.sensors.physics.nodes-1.5.3] startup
[9.148s] [ext: isaacsim.util.debug_draw-3.2.3] startup
[9.152s] [ext: isaacsim.sensors.physx-2.5.5] startup
[9.158s] [ext: isaacsim.sensors.rtx-15.17.1] startup
[9.166s] [ext: isaacsim.simulation_app-2.18.4] startup
[9.167s] [ext: omni.anim.curve.core-1.6.0] startup
[9.175s] [ext: omni.graph.ui_nodes-2.11.1] startup
[9.194s] [ext: omni.hydra.scene_api-0.1.3] startup
[9.197s] [ext: omni.kit.manipulator.camera-110.0.0] startup
[9.200s] [ext: omni.kit.manipulator.selector-1.1.4] startup
[9.201s] [ext: omni.kit.manipulator.transform-107.0.0] startup
[9.205s] [ext: omni.kit.widget.toolbar-2.1.0] startup
[9.210s] [ext: omni.kit.manipulator.tool.snap-1.5.14] startup
[9.213s] [ext: omni.kit.viewport.manipulator.transform-107.0.4] startup
[9.215s] [ext: omni.kit.manipulator.prim.core-108.0.2] startup
[9.219s] [ext: omni.kit.manipulator.prim.usd-107.0.3] startup
[9.220s] [ext: omni.kit.manipulator.prim-108.0.0] startup
[9.220s] [ext: omni.kit.manipulator.selection-109.0.1] startup
[9.221s] [ext: omni.kit.menu.create-2.0.2] startup
[9.223s] [ext: omni.kit.property.audio-1.0.16] startup
[9.226s] [ext: omni.kit.property.camera-1.0.14] startup
[9.227s] [ext: omni.kit.property.geometry-2.1.2] startup
[9.229s] [ext: omni.kit.property.light-1.0.14] startup
2026-10-07T09:00:59Z [9,224ms] [Warning] [omni.usd] Encountered USD Warnings but USD Diagnostics are currently muted. To view USD Warnings, please set the '/persistent/app/usd/muteUsdDiagnostics' setting to false in Preferences page.
[9.254s] [ext: omni.kit.property.material-1.14.6] startup
[9.259s] [ext: omni.kit.property.render-1.2.2] startup
[9.260s] [ext: omni.kit.property.transform-1.6.9] startup
[9.263s] [ext: omni.kit.property.bundle-1.5.1] startup
[9.264s] [ext: omni.kit.usdz_export-1.1.0] startup
[9.266s] [ext: omni.kit.tool.asset_importer-6.0.1] startup
[9.271s] [ext: omni.kit.ui.actions-1.0.5] startup
[9.272s] [ext: omni.kit.viewport.menubar.camera-107.0.10] startup
[9.276s] [ext: omni.kit.viewport.menubar.lighting-107.3.2] startup
[9.278s] [ext: omni.kit.viewport.menubar.render-110.0.0] startup
[9.280s] [ext: omni.kit.viewport.menubar.settings-110.0.1] startup
[9.283s] [ext: omni.kit.window.console-1.1.9] startup
[9.286s] [ext: omni.kit.window.status_bar-0.1.11] startup
[9.288s] [ext: omni.kit.window.toolbar-3.0.3] startup
[9.289s] [ext: omni.ocio-0.1.1] startup
[9.290s] [ext: omni.physx.commands-110.1.13] startup
[9.293s] [ext: omni.replicator.replicator_yaml-2.0.12] startup
[9.302s] [ext: omni.rtx.window.settings-0.8.0] startup
[9.305s] [ext: omni.rtx.settings.core-0.7.1] startup
[9.308s] [ext: omni.usd.metrics.assembler.ui-110.1.1] startup
[9.313s] [ext: semantics.schema.editor-2.0.2] startup
[9.316s] [ext: semantics.schema.property-2.0.2] startup
[9.317s] [ext: omni.kit.menu.common-2.0.2] startup
[9.318s] [ext: isaacsim.exp.base-6.0.1] startup
[9.318s] [ext: isaacsim.exp.base.python-6.0.1] startup
[9.319s] Simulation App Starting
[10.367s] Simulation App Startup Complete
[10.372s] app ready
Starting kit application with the following args:  ['/home/starry/isaac-data/isaacsim/exts/isaacsim.simulation_app/isaacsim/simulation_app/simulation_app.py', '/home/starry/isaac-data/isaacsim/apps/isaacsim.exp.base.python.kit', '--/app/tokens/exe-path=/home/starry/isaac-data/isaacsim/kit', '--/persistent/app/viewport/displayOptions=3094', '--/rtx/materialDb/syncLoads=True', '--/rtx/hydra/materialSyncLoads=True', '--/omni/kit/plugin/syncUsdLoads=True', '--/app/renderer/resolution/width=1280', '--/app/renderer/resolution/height=720', '--/app/window/width=1440', '--/app/window/height=900', '--/renderer/multiGpu/enabled=False', '--/app/fastShutdown=True', '--/app/installSignalHandlers=0', '--ext-folder', '/home/starry/isaac-data/isaacsim/exts', '--ext-folder', '/home/starry/isaac-data/isaacsim/apps', '--/renderer/activeGpu=0', '--/physics/cudaDevice=0', '--/plugins/carb.tasking.plugin/threadCount=12', '--/plugins/omni.tbb.globalcontrol/maxThreadCount=12', '--portable', '--no-window', '--/app/window/hideUi=1']
Passing the following args to the base kit application:  []
Warp 1.13.0 initialized:
   CUDA Toolkit 12.9, Driver 13.0
   Devices:
     "cpu"      : "x86_64"
     "cuda:0"   : "NVIDIA GeForce RTX 5070" (11 GiB, sm_120, mempool enabled)
   Kernel cache:
     /home/starry/.cache/warp/1.13.0
[LIGHTING] sun=800.0 (1) dome=0.0 (1) ambient=0.05 constant_color=(0.6, 0.65, 0.7)
[RENDER] mode=MinimalRendering minimal_shading_mode=2 anti_aliasing=TAA
[DEPTH CAMERAS] count=4 resolution_each=320x240 horizontal_coverage=360deg
[ESDF] path=/home/starry/isaac-data/EGO1P5/scenes/ego_swarm_cloud/occupancy.bin shape=(400, 300, 50) resolution=0.40m
[depth_angular_controller-1] [INFO] [1791363663.155393964] [depth_angular_controller]: WAITING_ODOMETRY
[NAV] t=0.0s position=(-64.00,-11.20,2.80) yaw=0.0deg command=(0.00,0.00,0.00) manual_active=0 collision_blocks=0
[depth_angular_controller-1] [INFO] [1791363663.535571937] [depth_angular_controller]: VERIFIED_FREE_SEED center=(-64.000,-11.200,2.800) radius=2.500 balls=1: verified fixed Cloud free ball; USD and occupancy SHA-256 matched
[depth_angular_controller-1] [INFO] [1791363663.535696752] [depth_angular_controller]: ZERO_INTENT
[depth_angular_controller-1] [INFO] [1791363664.389862897] [depth_angular_controller]: OMNI_DEPTH views=4 azimuth_bins=180 elevation_bins=37 valid=1 certificates=1 short=0 held=0 local_candidates=0 yaw=0.00
[depth_angular_controller-1] [INFO] [1791363664.389960490] [depth_angular_controller]: DEPTH_PROPOSAL_CERTIFIED
[depth_angular_controller-1] [INFO] [1791363664.389966341] [depth_angular_controller]: PAPER_BUILD reason=FULL_MOTION_CERTIFICATE required=0.0000 best=0.0000 free=0 refined=0 tubes=0 revoked_tubes=0 proofs=0
[depth_angular_controller-1] [INFO] [1791363664.389972162] [depth_angular_controller]: PAPER_EVIDENCE retained=4 balls=1 revoked_balls=0 expired_views=0 evicted_views=0 radius=0.580 clearance=0.000 best_prefix=0.000
[depth_angular_controller-1] [INFO] [1791363665.402587934] [depth_angular_controller]: OMNI_DEPTH views=4 azimuth_bins=180 elevation_bins=37 valid=1 certificates=1 short=0 held=0 local_candidates=0 yaw=-0.08
[depth_angular_controller-1] [INFO] [1791363665.402677212] [depth_angular_controller]: PAPER_BUILD reason=FULL_MOTION_CERTIFICATE required=0.0000 best=0.0000 free=0 refined=0 tubes=1 revoked_tubes=0 proofs=51
[depth_angular_controller-1] [INFO] [1791363665.402684976] [depth_angular_controller]: PAPER_EVIDENCE retained=8 balls=4 revoked_balls=0 expired_views=0 evicted_views=0 radius=0.580 clearance=0.000 best_prefix=0.000
[10.892s] [ext: isaacsim.sensors.rtx.nodes-0.1.2] startup
[10.900s] [ext: isaacsim.ros2.core-1.9.4] startup
[10.914s] Attempting to load system rclpy
[10.914s] Could not import system rclpy: No module named 'rclpy'
[10.914s] Attempting to load internal rclpy for ROS Distro: humble
[10.925s] rclpy loaded
[10.928s] [ext: isaacsim.ros2.nodes-1.18.13] startup
[10.961s] [ext: isaacsim.ros2.examples-1.2.4] startup
[10.966s] [ext: isaacsim.ros2.ui-1.6.5] startup
[11.175s] [ext: isaacsim.ros2.bridge-5.1.2] startup
2026-10-07T09:01:03Z [13,406ms] [Warning] [omni.timeline.plugin] Deprecated: direct use of ITimeline callbacks is deprecated. Use ITimeline::getTimeline (Python: omni.timeline.get_timeline_interface) instead.
[depth_angular_controller-1] [INFO] [1791363666.430410183] [depth_angular_controller]: OMNI_DEPTH views=4 azimuth_bins=180 elevation_bins=37 valid=1 certificates=1 short=0 held=0 local_candidates=0 yaw=0.16
[depth_angular_controller-1] [INFO] [1791363666.430502376] [depth_angular_controller]: PAPER_BUILD reason=FULL_MOTION_CERTIFICATE required=0.0000 best=0.0000 free=0 refined=0 tubes=3 revoked_tubes=0 proofs=108
[depth_angular_controller-1] [INFO] [1791363666.430510411] [depth_angular_controller]: PAPER_EVIDENCE retained=12 balls=9 revoked_balls=0 expired_views=0 evicted_views=0 radius=0.580 clearance=0.000 best_prefix=0.000
[depth_angular_controller-1] [INFO] [1791363667.477581055] [depth_angular_controller]: OMNI_DEPTH views=4 azimuth_bins=180 elevation_bins=37 valid=1 certificates=1 short=0 held=0 local_candidates=0 yaw=10.00
[depth_angular_controller-1] [INFO] [1791363667.477747688] [depth_angular_controller]: PAPER_BUILD reason=FULL_MOTION_CERTIFICATE required=0.0000 best=0.0000 free=0 refined=0 tubes=4 revoked_tubes=0 proofs=128
[depth_angular_controller-1] [INFO] [1791363667.477755863] [depth_angular_controller]: PAPER_EVIDENCE retained=16 balls=15 revoked_balls=0 expired_views=0 evicted_views=0 radius=0.580 clearance=0.000 best_prefix=0.000
[position_cmd_to_twist-2] [INFO] [1791363668.374183521] [position_cmd_to_twist]: [PERF BRIDGE] run=p5_operator_final_jitter_off_2 elapsed=18.93s received=295 published=295 fps(ros/wall)=60.00/61.01 controller_to_bridge_ms(mean/p50/p95/max)=0.000/0.000/0.000/0.000 bridge_process_ms(mean/p95/max)=0.089/0.114/0.148
[NAV] t=5.0s position=(-61.31,-11.10,2.69) yaw=34.5deg command=(0.73,0.23,-0.19) manual_active=1 collision_blocks=0
[depth_angular_controller-1] [INFO] [1791363668.452349599] [depth_angular_controller]: OMNI_DEPTH views=4 azimuth_bins=180 elevation_bins=37 valid=1 certificates=1 short=0 held=1 local_candidates=0 yaw=26.00
[depth_angular_controller-1] [INFO] [1791363668.452619467] [depth_angular_controller]: PAPER_BUILD reason=FULL_MOTION_CERTIFICATE required=0.0000 best=0.0000 free=0 refined=0 tubes=7 revoked_tubes=0 proofs=128
[depth_angular_controller-1] [INFO] [1791363668.452641668] [depth_angular_controller]: PAPER_EVIDENCE retained=16 balls=20 revoked_balls=0 expired_views=0 evicted_views=4 radius=0.580 clearance=0.000 best_prefix=0.000
[depth_angular_controller-1] [INFO] [1791363668.552865871] [depth_angular_controller]: [PERF CTRL] run=p5_operator_final_jitter_off_2 elapsed=19.12s callbacks=308 commands=307 guidance=247 command_fps(ros/wall)=60.00/60.99 guidance_wall_fps=59.09 avoid_ms(mean/p50/p95/max)=0.243/0.165/0.283/2.562 cycle_ms(mean/p95/max)=16.396/20.454/80.427 depth_to_cmd_ms(mean/p95/max)=54.858/100.000/116.667 callback_to_publish_ms(mean/p95/max)=1.544/5.235/13.188
[depth_angular_controller-1] [INFO] [1791363668.552920484] [depth_angular_controller]: EVIDENCE_COST ingest(mean/p95/max)=1.262/4.883/13.123 record=0.011/0.016/0.086 ms
[depth_angular_controller-1] [INFO] [1791363668.552925363] [depth_angular_controller]: EVIDENCE_PHASE per_view_mean_ms balls=0.071 tubes=0.010 history=0.210 eviction=0.000
[depth_angular_controller-1] [INFO] [1791363669.504405501] [depth_angular_controller]: OMNI_DEPTH views=4 azimuth_bins=180 elevation_bins=37 valid=1 certificates=1 short=0 held=0 local_candidates=0 yaw=26.00
[depth_angular_controller-1] [INFO] [1791363669.504546837] [depth_angular_controller]: PAPER_BUILD reason=FULL_MOTION_CERTIFICATE required=0.0000 best=0.0000 free=0 refined=0 tubes=9 revoked_tubes=0 proofs=128
[depth_angular_controller-1] [INFO] [1791363669.504555413] [depth_angular_controller]: PAPER_EVIDENCE retained=16 balls=26 revoked_balls=0 expired_views=0 evicted_views=8 radius=0.580 clearance=0.000 best_prefix=0.000
[depth_angular_controller-1] [INFO] [1791363670.478665070] [depth_angular_controller]: OMNI_DEPTH views=4 azimuth_bins=180 elevation_bins=37 valid=1 certificates=1 short=0 held=1 local_candidates=0 yaw=22.00
[depth_angular_controller-1] [INFO] [1791363670.478795174] [depth_angular_controller]: PAPER_BUILD reason=FULL_MOTION_CERTIFICATE required=0.0000 best=0.0000 free=0 refined=0 tubes=10 revoked_tubes=0 proofs=128
[depth_angular_controller-1] [INFO] [1791363670.478800685] [depth_angular_controller]: PAPER_EVIDENCE retained=16 balls=31 revoked_balls=0 expired_views=0 evicted_views=12 radius=0.580 clearance=0.000 best_prefix=0.000
[depth_angular_controller-1] [INFO] [1791363671.605834473] [depth_angular_controller]: OMNI_DEPTH views=4 azimuth_bins=180 elevation_bins=37 valid=1 certificates=1 short=0 held=0 local_candidates=0 yaw=-0.43
[depth_angular_controller-1] [INFO] [1791363671.605998943] [depth_angular_controller]: PAPER_BUILD reason=FULL_MOTION_CERTIFICATE required=0.0000 best=0.0000 free=0 refined=0 tubes=12 revoked_tubes=0 proofs=128
[depth_angular_controller-1] [INFO] [1791363671.606007018] [depth_angular_controller]: PAPER_EVIDENCE retained=16 balls=32 revoked_balls=0 expired_views=0 evicted_views=16 radius=0.580 clearance=0.000 best_prefix=0.000
[depth_angular_controller-1] [INFO] [1791363672.728592116] [depth_angular_controller]: OMNI_DEPTH views=4 azimuth_bins=180 elevation_bins=37 valid=1 certificates=1 short=0 held=0 local_candidates=0 yaw=0.45
[depth_angular_controller-1] [INFO] [1791363672.728745755] [depth_angular_controller]: PAPER_BUILD reason=FULL_MOTION_CERTIFICATE required=0.0000 best=0.0000 free=0 refined=0 tubes=14 revoked_tubes=0 proofs=128
[depth_angular_controller-1] [INFO] [1791363672.728765652] [depth_angular_controller]: PAPER_EVIDENCE retained=16 balls=32 revoked_balls=0 expired_views=0 evicted_views=20 radius=0.580 clearance=0.000 best_prefix=0.000
[depth_angular_controller-1] [INFO] [1791363673.554492581] [depth_angular_controller]: [PERF CTRL] run=p5_operator_final_jitter_off_2 elapsed=24.12s callbacks=591 commands=590 guidance=530 command_fps(ros/wall)=60.00/58.79 guidance_wall_fps=57.72 avoid_ms(mean/p50/p95/max)=0.385/0.217/2.371/2.929 cycle_ms(mean/p95/max)=17.010/21.688/80.427 depth_to_cmd_ms(mean/p95/max)=46.321/100.000/116.667 callback_to_publish_ms(mean/p95/max)=2.081/5.730/13.188
[depth_angular_controller-1] [INFO] [1791363673.554568183] [depth_angular_controller]: EVIDENCE_COST ingest(mean/p95/max)=1.637/5.127/13.123 record=0.013/0.017/0.135 ms
[depth_angular_controller-1] [INFO] [1791363673.554573113] [depth_angular_controller]: EVIDENCE_PHASE per_view_mean_ms balls=0.074 tubes=0.012 history=0.299 eviction=0.001
[position_cmd_to_twist-2] [INFO] [1791363673.649593015] [position_cmd_to_twist]: [PERF BRIDGE] run=p5_operator_final_jitter_off_2 elapsed=24.21s received=595 published=595 fps(ros/wall)=60.00/58.79 controller_to_bridge_ms(mean/p50/p95/max)=0.000/0.000/0.000/0.000 bridge_process_ms(mean/p95/max)=0.090/0.117/0.284
[NAV] t=10.0s position=(-57.55,-10.22,2.36) yaw=77.5deg command=(0.80,0.00,0.00) manual_active=1 collision_blocks=0
[depth_angular_controller-1] [INFO] [1791363673.740087632] [depth_angular_controller]: OMNI_DEPTH views=4 azimuth_bins=180 elevation_bins=37 valid=1 certificates=1 short=0 held=0 local_candidates=0 yaw=-0.46
[depth_angular_controller-1] [INFO] [1791363673.740232164] [depth_angular_controller]: PAPER_BUILD reason=FULL_MOTION_CERTIFICATE required=0.0000 best=0.0000 free=0 refined=0 tubes=16 revoked_tubes=0 proofs=128
[depth_angular_controller-1] [INFO] [1791363673.740239798] [depth_angular_controller]: PAPER_EVIDENCE retained=16 balls=32 revoked_balls=0 expired_views=0 evicted_views=24 radius=0.580 clearance=0.000 best_prefix=0.000
[depth_angular_controller-1] [INFO] [1791363674.873009637] [depth_angular_controller]: OMNI_DEPTH views=4 azimuth_bins=180 elevation_bins=37 valid=1 certificates=1 short=0 held=1 local_candidates=0 yaw=16.00
[depth_angular_controller-1] [INFO] [1791363674.873141896] [depth_angular_controller]: PAPER_BUILD reason=FULL_MOTION_CERTIFICATE required=0.0000 best=0.0000 free=0 refined=0 tubes=17 revoked_tubes=0 proofs=128
[depth_angular_controller-1] [INFO] [1791363674.873147206] [depth_angular_controller]: PAPER_EVIDENCE retained=16 balls=32 revoked_balls=0 expired_views=0 evicted_views=28 radius=0.580 clearance=0.000 best_prefix=0.000
[depth_angular_controller-1] [INFO] [1791363675.951112429] [depth_angular_controller]: OMNI_DEPTH views=4 azimuth_bins=180 elevation_bins=37 valid=1 certificates=1 short=0 held=0 local_candidates=0 yaw=26.00
[depth_angular_controller-1] [INFO] [1791363675.951270777] [depth_angular_controller]: PAPER_BUILD reason=FULL_MOTION_CERTIFICATE required=0.0000 best=0.0000 free=0 refined=0 tubes=19 revoked_tubes=0 proofs=128
[depth_angular_controller-1] [INFO] [1791363675.951280145] [depth_angular_controller]: PAPER_EVIDENCE retained=16 balls=32 revoked_balls=0 expired_views=0 evicted_views=32 radius=0.580 clearance=0.000 best_prefix=0.000
[depth_angular_controller-1] [INFO] [1791363677.040490061] [depth_angular_controller]: OMNI_DEPTH views=4 azimuth_bins=180 elevation_bins=37 valid=1 certificates=1 short=0 held=0 local_candidates=0 yaw=24.00
[depth_angular_controller-1] [INFO] [1791363677.040622249] [depth_angular_controller]: PAPER_BUILD reason=FULL_MOTION_CERTIFICATE required=0.0000 best=0.0000 free=0 refined=0 tubes=21 revoked_tubes=0 proofs=128
[depth_angular_controller-1] [INFO] [1791363677.040629212] [depth_angular_controller]: PAPER_EVIDENCE retained=16 balls=32 revoked_balls=0 expired_views=0 evicted_views=36 radius=0.580 clearance=0.000 best_prefix=0.000
[depth_angular_controller-1] [INFO] [1791363678.118978628] [depth_angular_controller]: OMNI_DEPTH views=4 azimuth_bins=180 elevation_bins=37 valid=1 certificates=1 short=0 held=0 local_candidates=0 yaw=-0.34
[depth_angular_controller-1] [INFO] [1791363678.119153627] [depth_angular_controller]: PAPER_BUILD reason=FULL_MOTION_CERTIFICATE required=0.0000 best=0.0000 free=0 refined=0 tubes=23 revoked_tubes=0 proofs=128
[depth_angular_controller-1] [INFO] [1791363678.119160459] [depth_angular_controller]: PAPER_EVIDENCE retained=16 balls=32 revoked_balls=0 expired_views=0 evicted_views=40 radius=0.580 clearance=0.000 best_prefix=0.000
[depth_angular_controller-1] [INFO] [1791363678.568607120] [depth_angular_controller]: [PERF CTRL] run=p5_operator_final_jitter_off_2 elapsed=29.14s callbacks=868 commands=867 guidance=807 command_fps(ros/wall)=60.00/57.61 guidance_wall_fps=56.85 avoid_ms(mean/p50/p95/max)=0.542/0.224/2.363/3.298 cycle_ms(mean/p95/max)=17.359/22.213/82.607 depth_to_cmd_ms(mean/p95/max)=42.730/83.333/116.667 callback_to_publish_ms(mean/p95/max)=2.577/6.453/13.188
[depth_angular_controller-1] [INFO] [1791363678.568712669] [depth_angular_controller]: EVIDENCE_COST ingest(mean/p95/max)=1.971/5.134/13.123 record=0.018/0.021/0.205 ms
[depth_angular_controller-1] [INFO] [1791363678.568717969] [depth_angular_controller]: EVIDENCE_PHASE per_view_mean_ms balls=0.078 tubes=0.027 history=0.363 eviction=0.001
[position_cmd_to_twist-2] [INFO] [1791363679.120138420] [position_cmd_to_twist]: [PERF BRIDGE] run=p5_operator_final_jitter_off_2 elapsed=29.68s received=895 published=895 fps(ros/wall)=60.00/57.41 controller_to_bridge_ms(mean/p50/p95/max)=0.000/0.000/0.000/0.000 bridge_process_ms(mean/p95/max)=0.090/0.116/0.284
[NAV] t=15.0s position=(-53.77,-9.29,1.97) yaw=120.3deg command=(0.78,0.01,-0.01) manual_active=0 collision_blocks=0
[depth_angular_controller-1] [INFO] [1791363679.212755096] [depth_angular_controller]: ZERO_INTENT
[depth_angular_controller-1] [INFO] [1791363681.205360594] [depth_angular_controller]: OMNI_DEPTH views=4 azimuth_bins=180 elevation_bins=37 valid=1 certificates=1 short=0 held=0 local_candidates=0 yaw=0.00
[depth_angular_controller-1] [INFO] [1791363681.205447137] [depth_angular_controller]: DEPTH_PROPOSAL_CERTIFIED
[depth_angular_controller-1] [INFO] [1791363681.205452778] [depth_angular_controller]: PAPER_BUILD reason=FULL_MOTION_CERTIFICATE required=0.0000 best=0.0000 free=0 refined=0 tubes=25 revoked_tubes=0 proofs=128
[depth_angular_controller-1] [INFO] [1791363681.205459090] [depth_angular_controller]: PAPER_EVIDENCE retained=16 balls=32 revoked_balls=0 expired_views=0 evicted_views=51 radius=0.580 clearance=0.000 best_prefix=0.000
[depth_angular_controller-1] [INFO] [1791363682.224313175] [depth_angular_controller]: OMNI_DEPTH views=4 azimuth_bins=180 elevation_bins=37 valid=1 certificates=1 short=0 held=0 local_candidates=0 yaw=5.73
[depth_angular_controller-1] [INFO] [1791363682.224443730] [depth_angular_controller]: PAPER_BUILD reason=FULL_MOTION_CERTIFICATE required=0.0000 best=0.0000 free=0 refined=0 tubes=26 revoked_tubes=0 proofs=128
[depth_angular_controller-1] [INFO] [1791363682.224452046] [depth_angular_controller]: PAPER_EVIDENCE retained=16 balls=32 revoked_balls=0 expired_views=0 evicted_views=55 radius=0.580 clearance=0.000 best_prefix=0.000
[depth_angular_controller-1] [INFO] [1791363683.267857291] [depth_angular_controller]: OMNI_DEPTH views=4 azimuth_bins=180 elevation_bins=37 valid=1 certificates=1 short=0 held=0 local_candidates=0 yaw=11.46
[depth_angular_controller-1] [INFO] [1791363683.267992034] [depth_angular_controller]: PAPER_BUILD reason=FULL_MOTION_CERTIFICATE required=0.0000 best=0.0000 free=0 refined=0 tubes=27 revoked_tubes=0 proofs=128
[depth_angular_controller-1] [INFO] [1791363683.267999348] [depth_angular_controller]: PAPER_EVIDENCE retained=16 balls=32 revoked_balls=0 expired_views=0 evicted_views=59 radius=0.580 clearance=0.000 best_prefix=0.000
[depth_angular_controller-1] [INFO] [1791363683.570111791] [depth_angular_controller]: [PERF CTRL] run=p5_operator_final_jitter_off_2 elapsed=34.14s callbacks=1159 commands=1158 guidance=978 command_fps(ros/wall)=60.00/57.75 guidance_wall_fps=50.94 avoid_ms(mean/p50/p95/max)=0.484/0.224/2.333/3.298 cycle_ms(mean/p95/max)=17.316/22.745/82.928 depth_to_cmd_ms(mean/p95/max)=41.309/83.333/116.667 callback_to_publish_ms(mean/p95/max)=2.731/6.459/13.188
[depth_angular_controller-1] [INFO] [1791363683.570234712] [depth_angular_controller]: EVIDENCE_COST ingest(mean/p95/max)=2.227/5.620/13.123 record=0.017/0.019/0.205 ms
[depth_angular_controller-1] [INFO] [1791363683.570239782] [depth_angular_controller]: EVIDENCE_PHASE per_view_mean_ms balls=0.083 tubes=0.026 history=0.424 eviction=0.001
[position_cmd_to_twist-2] [INFO] [1791363684.289479188] [position_cmd_to_twist]: [PERF BRIDGE] run=p5_operator_final_jitter_off_2 elapsed=34.85s received=1195 published=1195 fps(ros/wall)=60.00/57.58 controller_to_bridge_ms(mean/p50/p95/max)=0.000/0.000/0.000/0.000 bridge_process_ms(mean/p95/max)=0.088/0.112/0.284
[NAV] t=20.0s position=(-52.09,-9.10,1.97) yaw=94.4deg command=(0.58,0.15,0.00) manual_active=1 collision_blocks=0
[depth_angular_controller-1] [INFO] [1791363684.376157183] [depth_angular_controller]: OMNI_DEPTH views=4 azimuth_bins=180 elevation_bins=37 valid=1 certificates=1 short=0 held=0 local_candidates=0 yaw=17.19
[depth_angular_controller-1] [INFO] [1791363684.376281136] [depth_angular_controller]: PAPER_BUILD reason=FULL_MOTION_CERTIFICATE required=0.0000 best=0.0000 free=0 refined=0 tubes=28 revoked_tubes=0 proofs=128
[depth_angular_controller-1] [INFO] [1791363684.376288209] [depth_angular_controller]: PAPER_EVIDENCE retained=16 balls=32 revoked_balls=0 expired_views=0 evicted_views=63 radius=0.580 clearance=0.000 best_prefix=0.000
[depth_angular_controller-1] [INFO] [1791363685.487050018] [depth_angular_controller]: OMNI_DEPTH views=4 azimuth_bins=180 elevation_bins=37 valid=1 certificates=1 short=0 held=0 local_candidates=0 yaw=22.92
[depth_angular_controller-1] [INFO] [1791363685.487184039] [depth_angular_controller]: PAPER_BUILD reason=FULL_MOTION_CERTIFICATE required=0.0000 best=0.0000 free=0 refined=0 tubes=30 revoked_tubes=0 proofs=128
[depth_angular_controller-1] [INFO] [1791363685.487195852] [depth_angular_controller]: PAPER_EVIDENCE retained=16 balls=32 revoked_balls=0 expired_views=0 evicted_views=67 radius=0.580 clearance=0.000 best_prefix=0.000
[depth_angular_controller-1] [INFO] [1791363686.538314132] [depth_angular_controller]: OMNI_DEPTH views=4 azimuth_bins=180 elevation_bins=37 valid=1 certificates=1 short=0 held=0 local_candidates=0 yaw=28.65
[depth_angular_controller-1] [INFO] [1791363686.538575092] [depth_angular_controller]: PAPER_BUILD reason=FULL_MOTION_CERTIFICATE required=0.0000 best=0.0000 free=0 refined=0 tubes=31 revoked_tubes=0 proofs=128
[depth_angular_controller-1] [INFO] [1791363686.538584419] [depth_angular_controller]: PAPER_EVIDENCE retained=16 balls=32 revoked_balls=0 expired_views=0 evicted_views=71 radius=0.580 clearance=0.000 best_prefix=0.000
[depth_angular_controller-1] [INFO] [1791363687.650637505] [depth_angular_controller]: OMNI_DEPTH views=4 azimuth_bins=180 elevation_bins=37 valid=1 certificates=1 short=0 held=0 local_candidates=0 yaw=180.00
[depth_angular_controller-1] [INFO] [1791363687.651162762] [depth_angular_controller]: INTENT_REVERSAL_BRAKE
[depth_angular_controller-1] [INFO] [1791363687.651170787] [depth_angular_controller]: PAPER_BUILD reason= required=0.0000 best=0.0000 free=0 refined=0 tubes=32 revoked_tubes=0 proofs=128
[depth_angular_controller-1] [INFO] [1791363687.651176939] [depth_angular_controller]: PAPER_EVIDENCE retained=16 balls=32 revoked_balls=0 expired_views=0 evicted_views=75 radius=0.580 clearance=0.000 best_prefix=0.000
[depth_angular_controller-1] [INFO] [1791363688.310652439] [depth_angular_controller]: DEPTH_PROPOSAL_CERTIFIED
[depth_angular_controller-1] [INFO] [1791363688.570280421] [depth_angular_controller]: [PERF CTRL] run=p5_operator_final_jitter_off_2 elapsed=39.14s callbacks=1428 commands=1427 guidance=1247 command_fps(ros/wall)=60.00/56.96 guidance_wall_fps=51.53 avoid_ms(mean/p50/p95/max)=0.421/0.219/2.250/3.298 cycle_ms(mean/p95/max)=17.556/23.343/82.928 depth_to_cmd_ms(mean/p95/max)=40.083/83.333/116.667 callback_to_publish_ms(mean/p95/max)=2.830/6.707/13.188
[depth_angular_controller-1] [INFO] [1791363688.570426686] [depth_angular_controller]: EVIDENCE_COST ingest(mean/p95/max)=2.368/6.215/13.123 record=0.016/0.018/0.205 ms
[depth_angular_controller-1] [INFO] [1791363688.570433810] [depth_angular_controller]: EVIDENCE_PHASE per_view_mean_ms balls=0.086 tubes=0.035 history=0.447 eviction=0.001
[depth_angular_controller-1] [INFO] [1791363688.819555818] [depth_angular_controller]: OMNI_DEPTH views=4 azimuth_bins=180 elevation_bins=37 valid=1 certificates=1 short=0 held=0 local_candidates=0 yaw=180.00
[depth_angular_controller-1] [INFO] [1791363688.819677466] [depth_angular_controller]: PAPER_BUILD reason=FULL_MOTION_CERTIFICATE required=0.0000 best=0.0000 free=0 refined=0 tubes=33 revoked_tubes=0 proofs=128
[depth_angular_controller-1] [INFO] [1791363688.819684339] [depth_angular_controller]: PAPER_EVIDENCE retained=16 balls=32 revoked_balls=0 expired_views=0 evicted_views=77 radius=0.580 clearance=0.000 best_prefix=0.000
[position_cmd_to_twist-2] [INFO] [1791363689.837255915] [position_cmd_to_twist]: [PERF BRIDGE] run=p5_operator_final_jitter_off_2 elapsed=40.40s received=1495 published=1495 fps(ros/wall)=60.00/56.83 controller_to_bridge_ms(mean/p50/p95/max)=0.000/0.000/0.000/0.000 bridge_process_ms(mean/p95/max)=0.087/0.111/0.284
[NAV] t=25.0s position=(-50.86,-8.31,1.97) yaw=68.8deg command=(-0.59,0.00,0.00) manual_active=1 collision_blocks=0
[depth_angular_controller-1] [INFO] [1791363689.926701701] [depth_angular_controller]: OMNI_DEPTH views=4 azimuth_bins=180 elevation_bins=37 valid=1 certificates=1 short=0 held=0 local_candidates=0 yaw=180.00
[depth_angular_controller-1] [INFO] [1791363689.926835693] [depth_angular_controller]: PAPER_BUILD reason=FULL_MOTION_CERTIFICATE required=0.0000 best=0.0000 free=0 refined=0 tubes=34 revoked_tubes=0 proofs=128
[depth_angular_controller-1] [INFO] [1791363689.926842656] [depth_angular_controller]: PAPER_EVIDENCE retained=16 balls=32 revoked_balls=0 expired_views=0 evicted_views=81 radius=0.580 clearance=0.000 best_prefix=0.000
[depth_angular_controller-1] [INFO] [1791363691.034974703] [depth_angular_controller]: ZERO_INTENT
[depth_angular_controller-1] [INFO] [1791363693.191140562] [depth_angular_controller]: OMNI_DEPTH views=4 azimuth_bins=180 elevation_bins=37 valid=1 certificates=1 short=0 held=0 local_candidates=0 yaw=0.00
[depth_angular_controller-1] [INFO] [1791363693.191242474] [depth_angular_controller]: DEPTH_PROPOSAL_CERTIFIED
[depth_angular_controller-1] [INFO] [1791363693.191249848] [depth_angular_controller]: PAPER_BUILD reason=FULL_MOTION_CERTIFICATE required=0.0000 best=0.0000 free=0 refined=0 tubes=35 revoked_tubes=0 proofs=128
[depth_angular_controller-1] [INFO] [1791363693.191256110] [depth_angular_controller]: PAPER_EVIDENCE retained=16 balls=32 revoked_balls=0 expired_views=0 evicted_views=93 radius=0.580 clearance=0.000 best_prefix=0.000
[depth_angular_controller-1] [INFO] [1791363693.577719986] [depth_angular_controller]: [PERF CTRL] run=p5_operator_final_jitter_off_2 elapsed=44.15s callbacks=1704 commands=1703 guidance=1403 command_fps(ros/wall)=60.00/56.65 guidance_wall_fps=48.03 avoid_ms(mean/p50/p95/max)=0.396/0.214/2.196/3.298 cycle_ms(mean/p95/max)=17.651/23.487/82.928 depth_to_cmd_ms(mean/p95/max)=39.427/66.667/116.667 callback_to_publish_ms(mean/p95/max)=2.823/6.724/13.188
[depth_angular_controller-1] [INFO] [1791363693.577881269] [depth_angular_controller]: EVIDENCE_COST ingest(mean/p95/max)=2.407/6.350/13.123 record=0.016/0.018/0.205 ms
[depth_angular_controller-1] [INFO] [1791363693.577888593] [depth_angular_controller]: EVIDENCE_PHASE per_view_mean_ms balls=0.085 tubes=0.038 history=0.455 eviction=0.001
[depth_angular_controller-1] [INFO] [1791363694.313561462] [depth_angular_controller]: OMNI_DEPTH views=4 azimuth_bins=180 elevation_bins=37 valid=1 certificates=1 short=0 held=0 local_candidates=0 yaw=0.00
[depth_angular_controller-1] [INFO] [1791363694.313692809] [depth_angular_controller]: PAPER_BUILD reason=FULL_MOTION_CERTIFICATE required=0.0000 best=0.0000 free=0 refined=0 tubes=36 revoked_tubes=0 proofs=128
[depth_angular_controller-1] [INFO] [1791363694.313699271] [depth_angular_controller]: PAPER_EVIDENCE retained=16 balls=32 revoked_balls=0 expired_views=0 evicted_views=97 radius=0.580 clearance=0.000 best_prefix=0.000
[position_cmd_to_twist-2] [INFO] [1791363695.336646399] [position_cmd_to_twist]: [PERF BRIDGE] run=p5_operator_final_jitter_off_2 elapsed=45.90s received=1795 published=1795 fps(ros/wall)=60.00/56.44 controller_to_bridge_ms(mean/p50/p95/max)=0.000/0.000/0.000/0.000 bridge_process_ms(mean/p95/max)=0.087/0.109/0.451
[NAV] t=30.0s position=(-50.87,-8.31,2.40) yaw=68.8deg command=(0.50,0.00,0.30) manual_active=1 collision_blocks=0
[depth_angular_controller-1] [INFO] [1791363695.428520068] [depth_angular_controller]: OMNI_DEPTH views=4 azimuth_bins=180 elevation_bins=37 valid=1 certificates=1 short=0 held=0 local_candidates=0 yaw=0.00
[depth_angular_controller-1] [INFO] [1791363695.428655843] [depth_angular_controller]: PAPER_BUILD reason=FULL_MOTION_CERTIFICATE required=0.0000 best=0.0000 free=0 refined=0 tubes=37 revoked_tubes=0 proofs=128
[depth_angular_controller-1] [INFO] [1791363695.428663177] [depth_angular_controller]: PAPER_EVIDENCE retained=16 balls=32 revoked_balls=0 expired_views=0 evicted_views=101 radius=0.580 clearance=0.000 best_prefix=0.000
[depth_angular_controller-1] [INFO] [1791363696.479362590] [depth_angular_controller]: OMNI_DEPTH views=4 azimuth_bins=180 elevation_bins=37 valid=1 certificates=1 short=0 held=0 local_candidates=0 yaw=0.00
[depth_angular_controller-1] [INFO] [1791363696.479504667] [depth_angular_controller]: PAPER_BUILD reason=FULL_MOTION_CERTIFICATE required=0.0000 best=0.0000 free=0 refined=0 tubes=38 revoked_tubes=0 proofs=128
[depth_angular_controller-1] [INFO] [1791363696.479511680] [depth_angular_controller]: PAPER_EVIDENCE retained=16 balls=32 revoked_balls=0 expired_views=0 evicted_views=105 radius=0.580 clearance=0.000 best_prefix=0.000
[depth_angular_controller-1] [INFO] [1791363697.597762773] [depth_angular_controller]: ZERO_INTENT
[depth_angular_controller-1] [INFO] [1791363698.579520383] [depth_angular_controller]: [PERF CTRL] run=p5_operator_final_jitter_off_2 elapsed=49.15s callbacks=1969 commands=1968 guidance=1620 command_fps(ros/wall)=60.00/56.13 guidance_wall_fps=48.78 avoid_ms(mean/p50/p95/max)=0.370/0.212/2.152/3.298 cycle_ms(mean/p95/max)=17.816/23.802/82.928 depth_to_cmd_ms(mean/p95/max)=39.311/66.667/116.667 callback_to_publish_ms(mean/p95/max)=2.814/6.799/13.188
[depth_angular_controller-1] [INFO] [1791363698.579692506] [depth_angular_controller]: EVIDENCE_COST ingest(mean/p95/max)=2.420/6.461/13.123 record=0.016/0.018/0.489 ms
[depth_angular_controller-1] [INFO] [1791363698.579697836] [depth_angular_controller]: EVIDENCE_PHASE per_view_mean_ms balls=0.085 tubes=0.037 history=0.459 eviction=0.001
[MANUAL RESULT] TIMEOUT position=(-49.765,-8.309,3.063)
[PERF ISAAC FINAL] run=p5_operator_final_jitter_off_2 result=MANUAL_TIMEOUT wall=36.60s sim_frames=2043 fps(sim/wall)=60.06/55.83 command_changes=1377 collision_blocks=0 frame_interval_ms(mean/p50/p95/max)=17.753/16.825/18.933/81.276
[49.870s] Simulation App Shutting Down
[depth_angular_controller-1] [INFO] [1791363700.327094421] [rclcpp]: signal_handler(SIGINT/SIGTERM)
[position_cmd_to_twist-2] [INFO] [1791363700.327697164] [position_cmd_to_twist]: [PERF BRIDGE FINAL] run=p5_operator_final_jitter_off_2 elapsed=50.89s received=2041 published=2041 fps(ros/wall)=60.00/56.35 controller_to_bridge_ms(mean/p50/p95/max)=0.000/0.000/0.000/0.000 bridge_process_ms(mean/p95/max)=0.086/0.109/0.451
[position_cmd_to_twist-2] Failed to publish log message to rosout: publisher's context is invalid, at ./src/rcl/publisher.c:389
[depth_angular_controller-1] [INFO] [1791363700.327856172] [depth_angular_controller]: [PERF CTRL FINAL] run=p5_operator_final_jitter_off_2 elapsed=50.90s callbacks=2042 commands=2041 guidance=1620 command_fps(ros/wall)=60.00/56.35 guidance_wall_fps=48.78 avoid_ms(mean/p50/p95/max)=0.370/0.212/2.152/3.298 cycle_ms(mean/p95/max)=17.746/23.768/82.928 depth_to_cmd_ms(mean/p95/max)=39.311/66.667/116.667 callback_to_publish_ms(mean/p95/max)=2.797/6.788/13.188
[depth_angular_controller-1] [INFO] [1791363700.328005673] [depth_angular_controller]: EVIDENCE_COST ingest(mean/p95/max)=2.414/6.413/13.123 record=0.016/0.018/0.489 ms
[depth_angular_controller-1] [INFO] [1791363700.328009030] [depth_angular_controller]: EVIDENCE_PHASE per_view_mean_ms balls=0.084 tubes=0.036 history=0.458 eviction=0.001
[INFO] [depth_angular_controller-1]: process has finished cleanly [pid 253243]
[INFO] [position_cmd_to_twist-2]: process has finished cleanly [pid 253245]
