[PERF] run=final_v1_user_ego_3 log=/home/starry/isaac-data/EGO1P1/performance/navigation_benchmark_20260929/PERFORMANCE.md
[INPUT] mode=goal scene_mode=cloud
[INFO] [launch]: All log files can be found below /tmp/fov_gvf_ego1p1_isaac_ros_log/2026-09-29-22-31-16-018676-starry-System-Product-Name-93007
[INFO] [launch]: Default logging verbosity is set to INFO
[INFO] [depth_angular_controller-1]: process started with pid [93009]
[INFO] [position_cmd_to_twist-2]: process started with pid [93011]
[depth_angular_controller-1] [INFO] [1790692276.051835281] [depth_angular_controller]: C++ controller commands publish on /position_cmd
[ROS CHECK] ROS_DOMAIN_ID=42 /position_cmd publishers=1
Type: pc_gvf_msgs/msg/PositionCommand
Publisher count: 1
Subscription count: 1
/depth_angular_controller
/position_cmd_to_twist
WARNING: All log messages before absl::InitializeLog() is called are written to STDERR
E0000 00:00:1790692277.009657   93049 descriptor_database.cc:633] File already exists in database: grpc/health/v1/health.proto
W0000 00:00:1790692277.009679   93049 message.cc:301] Protobuf GeneratedMessageFactory: File is already registered: grpc/health/v1/health.proto
2026-09-29T14:31:16Z [Info] [carb] Logging to file: /home/starry/isaac-data/isaacsim/kit/logs/Kit/Isaac-Sim Python/6.0/kit_20260929_223116.log
[0.045s] [ext: omni.assets.plugins-0.0.0] startup
[0.045s] [ext: omni.blobkey-1.1.2] startup
[0.046s] [ext: omni.kit.async_engine-0.0.3] startup
[0.314s] [ext: omni.client.lib-1.1.1] startup
[0.322s] [ext: omni.client-1.3.0] startup
[0.324s] [ext: omni.protobuf.lib-1.0.0] startup
[0.324s] [ext: omni.grpc.lib-1.0.0] startup
[0.328s] [ext: omni.metrics.core-0.0.3] startup
[0.328s] [ext: omni.datastore-0.0.0] startup
[0.328s] [ext: omni.gpu_foundation.shadercache.vulkan-1.0.0] startup
[0.330s] [ext: omni.hsscclient-1.1.4] startup
[0.331s] [ext: omni.stats-1.0.1] startup
[0.331s] [ext: omni.ujitso.default-1.0.0] startup
[0.334s] [ext: omni.gpu_foundation-0.0.0] startup
[0.466s] [ext: carb.windowing.plugins-1.0.1] startup
[0.466s] [ext: omni.kit.renderer.init-1.0.1] startup
2026-09-29T14:31:17Z [663ms] [Warning] [omni.rtx] Skipping unsupported non-NVIDIA GPU: AMD Unknown (RADV RAPHAEL_MENDOCINO)
2026-09-29T14:31:17Z [664ms] [Warning] [omni.rtx] Skipping unsupported non-NVIDIA GPU: AMD Unknown (RADV RAPHAEL_MENDOCINO)

|---------------------------------------------------------------------------------------------|
| Driver Version: 580.178.04    | Graphics API: Vulkan
|=============================================================================================|
| GPU | Name                             | Active | LDA | GPU Memory | Vendor-ID | LUID       |
|     |                                  |        |     |            | Device-ID | UUID       |
|     |                                  |        |     |            | Bus-ID    |            |
|---------------------------------------------------------------------------------------------|
| 0   | NVIDIA GeForce RTX 5070          | Yes: 0 |     | 12227   MB | 10de      | 0          |
|     |                                  |        |     |            | 2f04      | 348d89fe.. |
|     |                                  |        |     |            | 1         |            |
|---------------------------------------------------------------------------------------------|
| 1   | AMD Unknown (RADV RAPHAEL_MEND.. |        |     | 10755   MB | 1002      | 0          |
|     |                                  |        |     |            | 13c0      | 00000000.. |
|     |                                  |        |     |            | c         |            |
|=============================================================================================|
| OS: 22.04.5 LTS (Jammy Jellyfish) ubuntu, Version: 22.04.5, Kernel: 6.8.0-138-generic
| XServer Vendor: The X.Org Foundation, XServer Version: 12101004 (1.21.1.4)
| Processor: AMD Ryzen 5 9600X 6-Core Processor
| Cores: 6 | Logical Cores: 12
|---------------------------------------------------------------------------------------------|
| Total Memory (MB): 31241 | Free Memory: 23001
| Total Page/Swap (MB): 15624 | Free Page/Swap: 15624
|---------------------------------------------------------------------------------------------|
2026-09-29T14:31:17Z [877ms] [Warning] [omni.rtx] CPU performance profile is set to powersave. This profile sets the CPU to the lowest frequency reducing performance.
2026-09-29T14:31:17Z [885ms] [Warning] [omni.rtx] IOMMU is enabled.
[0.989s] [ext: omni.kit.pipapi-0.0.0] startup
[0.990s] [ext: omni.kit.pip_archive-0.0.0] startup
[0.990s] [ext: isaacsim.pip.newton-0.6.1] startup
[0.990s] [ext: omni.pip.compute-1.9.2] startup
[0.990s] [ext: omni.isaac.core_archive-5.3.1] startup
[0.990s] [ext: omni.kit.telemetry-0.5.2] startup
[1.010s] [ext: omni.kit.loop-isaac-1.6.0] startup
[1.011s] [ext: omni.kit.test-2.0.7] startup
[1.064s] [ext: omni.materialx.libs-1.0.9] startup
[1.070s] [ext: omni.gpucompute.plugins-0.0.0] startup
[1.071s] [ext: omni.usd.config-1.0.7] startup
[1.074s] [ext: omni.usd.libs-1.0.3] startup
[1.129s] [ext: omni.iray.libs-0.0.1] startup
[1.132s] [ext: omni.mdl-57.0.3] startup
[1.195s] [ext: omni.mdl.neuraylib-0.2.20] startup
[1.197s] [ext: omni.kit.usd.mdl-1.1.9] startup
[1.282s] [ext: omni.appwindow-1.2.2] startup
[1.283s] [ext: omni.kit.renderer.core-1.2.2] startup
2026-09-29T14:31:23Z [6,517ms] [Warning] [carb.windowing-glfw.gamepad] Joystick with unknown remapping detected (will be ignored):  BEITONG BEITONG A2P3A BFM DONGLE [03000000bc2000001c51000011010000]
[6.549s] [ext: omni.kit.renderer.capture-2.0.1] startup
[6.551s] [ext: omni.kit.renderer.imgui-2.0.6] startup
[6.587s] [ext: omni.ui-3.2.0] startup
[6.594s] [ext: omni.kit.mainwindow-1.0.3] startup
[6.595s] [ext: carb.audio-0.1.0] startup
[6.597s] [ext: omni.uiaudio-1.0.0] startup
[6.597s] [ext: omni.kit.uiapp-0.0.0] startup
[6.597s] [ext: omni.usd.schema.metrics.assembler-110.1.0] startup
[6.599s] [ext: omni.usd.schema.audio-0.0.1] startup
[6.602s] [ext: omni.usd_resolver-1.0.0] startup
[6.604s] [ext: omni.usd.core-1.8.3] startup
[6.606s] [ext: omni.metropolis.schema-0.0.3] startup
[6.607s] [ext: isaacsim.anim.robot.schema-0.1.1] startup
[6.607s] [ext: omni.usd.schema.anim-0.0.1] startup
[6.620s] [ext: omni.usd.schema.geospatial-0.0.1] startup
[6.622s] [ext: omni.usd.schema.omnigraph-1.0.1] startup
[6.626s] [ext: omni.usd.schema.semantics-0.0.0] startup
[6.627s] [ext: omni.activity.core-1.0.3] startup
[6.628s] [ext: omni.cubric-0.1.0] startup
[6.629s] [ext: omni.graph.exec-0.9.6] startup
[6.629s] [ext: omni.hydra.scene_delegate-0.3.5] startup
[6.631s] [ext: usdrt.scenegraph-7.6.3] startup
[6.649s] [ext: omni.hydra.usdrt_delegate-7.5.2] startup
[6.653s] [ext: omni.inspect-1.0.2] startup
[6.654s] [ext: omni.kit.actions.core-1.0.0] startup
[6.655s] [ext: omni.kit.audiodeviceenum-1.0.2] startup
[6.656s] [ext: omni.kit.commands-1.5.0] startup
[6.658s] [ext: omni.kit.exec.core-0.13.5] startup
[6.659s] [ext: omni.kit.usd_undo-0.1.8] startup
[6.660s] [ext: omni.kit.window.popup_dialog-2.0.25] startup
[6.662s] [ext: omni.kit.widget.nucleus_connector-2.3.1] startup
[6.664s] [ext: omni.timeline-1.1.0] startup
[6.665s] [ext: omni.usd-1.16.0] startup
[6.690s] [ext: omni.graph.core-3.1.2] startup
[6.692s] [ext: omni.kit.notification_manager-1.0.11] startup
[6.693s] [ext: isaacsim.core.deprecation_manager-0.4.2] startup
[6.694s] [ext: isaacsim.replicator.agent.schema-0.1.1] startup
[6.695s] [ext: isaacsim.robot.schema-6.3.7] startup
[6.698s] [ext: isaacsim.robot_motion.schema-0.2.1] startup
[6.699s] [ext: omni.anim.behavior.schema-110.1.0] startup
[6.702s] [ext: omni.anim.graph.schema-110.1.1] startup
[6.706s] [ext: omni.anim.navigation.schema-110.1.0] startup
[6.708s] [ext: omni.behavior.tree.schema-110.1.0] startup
[6.709s] [ext: omni.isaac.ml_archive-3.3.0] startup
[6.709s] [ext: omni.kit.asset_converter-6.0.1] startup
[6.718s] [ext: omni.pip.cloud-1.5.4] startup
[6.720s] [ext: omni.usd.schema.flow-110.0.0] startup
[6.720s] [ext: omni.usd.schema.mujoco-1.1.1] startup
[6.720s] [ext: omni.usd.schema.newton-1.2.1] startup
[6.721s] [ext: omni.usd.schema.omni_lens_distortion-1.0.0] startup
[6.722s] [ext: omni.usd.schema.omni_projectors-1.0.0] startup
[6.722s] [ext: omni.usd.schema.omni_sensors-0.0.0] startup
[6.728s] [ext: omni.usd.schema.omniscripting-1.0.1] startup
[6.731s] [ext: omni.usd.schema.physical_lighting-0.1.0] startup
[6.733s] [ext: omni.usd.schema.physx-110.1.13] startup
[6.757s] [ext: omni.usd.schema.render_settings.rtx-1.0.2] startup
[6.759s] [ext: omni.usd.schema.usd_particle_field-1.0.0] startup
[6.760s] [ext: isaacsim.core.version-2.1.1] startup
[6.760s] [ext: omni.kit.menu.core-1.2.0] startup
[6.761s] [ext: omni.kit.menu.utils-2.2.4] startup
[6.766s] [ext: isaacsim.app.about-2.3.1] startup
[6.770s] [ext: isaacsim.asset.transformer-1.2.5] startup
[6.772s] [ext: omni.scene.optimizer.core-110.1.0] startup
[6.801s] [ext: isaacsim.asset.importer.utils-1.8.1] startup
[6.803s] [ext: omni.convexdecomposition-110.1.13] startup
[6.805s] [ext: omni.physics-110.1.13] startup
[6.807s] [ext: omni.physx.gpu-110.1.13] startup
[6.807s] [ext: omni.physx.foundation-110.1.13] startup
[6.808s] [ext: omni.usdphysics-110.1.13] startup
[6.809s] [ext: omni.physx.cooking-110.1.13] startup
[6.811s] [ext: omni.physx-110.1.13] startup
[6.817s] [ext: omni.physics.physx-110.1.13] startup
[6.819s] [ext: isaacsim.asset.exporter.urdf-2.0.5] startup
[6.825s] [ext: omni.kit.clipboard-1.1.1] startup
[6.826s] [ext: omni.kit.usd.layers-2.6.1] startup
[6.831s] [ext: omni.kit.widget.context_menu-1.4.0] startup
[6.832s] [ext: omni.kit.context_menu-1.9.0] startup
[6.833s] [ext: omni.kit.helper.file_utils-0.1.10] startup
[6.835s] [ext: omni.kit.widget.nucleus_info-2.0.2] startup
[6.835s] [ext: omni.kit.search_core-1.0.8] startup
[6.835s] [ext: omni.kit.widget.path_field-2.0.13] startup
[6.836s] [ext: omni.kit.widget.browser_bar-2.0.10] startup
[6.836s] [ext: omni.kit.widget.filebrowser-2.13.4] startup
[6.840s] [ext: omni.kit.widget.options_menu-1.1.6] startup
[6.842s] [ext: omni.kit.widget.options_button-1.0.3] startup
[6.842s] [ext: omni.kit.widget.search_delegate-1.0.9] startup
[6.843s] [ext: omni.ui.scene-2.0.3] startup
[6.846s] [ext: omni.kit.window.filepicker-2.15.5] startup
[6.856s] [ext: omni.kit.window.file_importer-1.1.21] startup
[6.858s] [ext: omni.kit.material.library-3.1.2] startup
[6.861s] [ext: isaacsim.asset.transformer.rules-1.7.10] startup
[6.870s] [ext: omni.usdex.libs-2.2.2] startup
[6.875s] [ext: isaacsim.asset.importer.mjcf-3.10.1] startup
[6.877s] [ext: isaacsim.asset.importer.urdf-3.11.2] startup
[6.880s] [ext: omni.kit.primitive.mesh-1.1.0] startup
[6.882s] [ext: omni.kit.stage_template.core-1.1.22] startup
[6.883s] [ext: omni.kit.stage_templates-2.0.2] startup
[6.884s] [ext: omni.usd.metrics.assembler-110.1.2] startup
[6.886s] [ext: omni.warp.core-1.13.0] startup
[7.071s] [ext: isaacsim.core.experimental.utils-0.17.2] startup
[7.072s] [ext: omni.physics.stageupdate-110.1.13] startup
[7.073s] [ext: omni.physics.tensors-110.1.13] startup
[7.077s] [ext: omni.physx.tensors-110.1.13] startup
[7.079s] [ext: isaacsim.core.simulation_manager-1.15.6] startup
[7.089s] [ext: isaacsim.storage.native-1.9.3] startup
[7.090s] [ext: omni.usd.metrics.assembler.physics-110.1.13] startup
[7.091s] [ext: isaacsim.core.utils-4.1.7] startup
[7.093s] [ext: isaacsim.core.prims-0.11.7] startup
[7.971s] [ext: isaacsim.core.api-5.2.13] startup
[7.978s] [ext: isaacsim.core.cloner-1.7.3] startup
[7.979s] [ext: isaacsim.test.docstring-1.3.2] startup
[7.981s] [ext: isaacsim.core.experimental.prims-1.8.9] startup
[8.000s] [ext: isaacsim.core.experimental.primdata-0.3.2] startup
[8.001s] [ext: omni.graph.tools-1.81.0] startup
[8.021s] [ext: omni.graph-1.142.5] startup
[8.053s] [ext: isaacsim.core.experimental.actuators-0.1.2] startup
[8.066s] [ext: isaacsim.core.experimental.materials-0.7.1] startup
[8.069s] [ext: isaacsim.core.experimental.objects-0.8.1] startup
[8.121s] [ext: omni.hydra.engine.stats-1.0.5] startup
[8.123s] [ext: omni.hydra.rtx.shadercache.vulkan-1.0.0] startup
[8.124s] [ext: omni.index.libs-387500.4413.0] startup
[8.124s] [ext: omni.index-1.0.1] startup
[8.124s] [ext: omni.ujitso.client-0.0.0] startup
[8.125s] [ext: omni.usd.schema.playback-1.0.0] startup
[8.127s] [ext: omni.volume-0.5.2] startup
[8.131s] [ext: omni.hydra.rtx-1.0.4] startup
2026-09-29T14:31:24Z [8,119ms] [Warning] [omni.log] Source: omni.hydra was already registered.
[8.151s] [ext: omni.kit.hydra_texture-1.6.0] startup
[8.154s] [ext: omni.kit.raycast.query-1.2.0] startup
[8.157s] [ext: omni.kit.viewport.legacy_gizmos-1.0.24] startup
[8.159s] [ext: omni.kit.viewport.registry-104.0.6] startup
[8.159s] [ext: omni.kit.viewport.scene_camera_model-1.0.7] startup
[8.162s] [ext: omni.kit.widget.viewport-109.2.0] startup
[8.165s] [ext: omni.kit.window.drop_support-1.0.8] startup
[8.166s] [ext: omni.kit.viewport.window-109.0.2] startup
[8.179s] [ext: omni.kit.viewport.utility-2.0.1] startup
[8.180s] [ext: isaacsim.core.rendering_manager-0.4.3] startup
[8.200s] [ext: omni.graph.action_core-1.1.9] startup
[8.202s] [ext: omni.graph.action_nodes_core-2.11.0] startup
[8.203s] [ext: omni.graph.action_nodes-2.11.0] startup
[8.219s] [ext: omni.graph.action-2.10.2] startup
[8.220s] [ext: omni.graph.image.core-0.6.1] startup
[8.220s] [ext: omni.graph.image.nodes-1.3.1] startup
[8.221s] [ext: omni.graph.nodes_core-2.11.0] startup
[8.225s] [ext: omni.graph.nodes-2.12.0] startup
[8.229s] [ext: omni.kit.hotkeys.core-1.3.12] startup
[8.230s] [ext: omni.kit.property.adapter.core-1.1.1] startup
[8.232s] [ext: omni.kit.property.adapter.usd-1.0.5] startup
[8.233s] [ext: omni.kit.widget.filter-1.1.5] startup
[8.234s] [ext: omni.kit.widget.highlight_label-1.0.3] startup
[8.234s] [ext: omni.kit.widget.searchfield-1.1.8] startup
[8.235s] [ext: omni.kit.window.file_exporter-1.0.36] startup
[8.236s] [ext: omni.kit.widget.stage-4.4.0] startup
[8.243s] [ext: omni.kit.window.content_browser_registry-0.0.6] startup
[8.244s] [ext: omni.kit.window.file-2.0.10] startup
[8.247s] [ext: omni.kit.window.content_browser-3.1.8] startup
[8.256s] [ext: omni.kit.window.property-1.15.1] startup
[8.265s] [ext: omni.kit.property.usd-4.9.4] startup
[8.274s] [ext: omni.graph.scriptnode-2.10.2] startup
[8.281s] [ext: omni.kit.widget.searchable_combobox-1.0.7] startup
[8.282s] [ext: omni.kit.widget.settings-2.0.0] startup
[8.283s] [ext: omni.kit.window.preferences-1.8.3] startup
[8.287s] [ext: omni.kit.viewport.menubar.core-107.2.2] startup
[8.297s] [ext: omni.syntheticdata-0.6.15] startup
[8.320s] [ext: omni.replicator.nv-1.1.1] startup
[8.324s] [ext: omni.videoencoding-0.2.1] startup
[8.325s] [ext: omni.replicator.core-1.13.27] startup
2026-09-29T14:31:25Z [8,310ms] [Warning] [pxr.Semantics] pxr.Semantics is deprecated - please use Semantics instead
2026-09-29T14:31:25Z [8,377ms] [Warning] [omni.replicator.core.scripts.extension] No material configuration file, adding configuration to material settings directly.
[8.527s] [ext: isaacsim.core.nodes-5.10.5] startup
[8.553s] [ext: isaacsim.core.throttling-2.3.5] startup
[8.554s] [ext: omni.kit.manipulator.viewport-107.0.1] startup
[8.555s] [ext: omni.graph.visualization.nodes-2.1.4] startup
[8.567s] [ext: omni.kit.window.extensions-1.5.10] startup
[8.572s] [ext: isaacsim.gui.components-1.8.5] startup
[8.576s] [ext: isaacsim.robot.surface_gripper-3.6.2] startup
[8.586s] [ext: isaacsim.robot.manipulators-3.4.4] startup
[8.595s] [ext: isaacsim.robot_motion.lula-4.1.3] startup
[8.600s] [ext: isaacsim.robot_motion.motion_generation-8.2.9] startup
[8.605s] [ext: isaacsim.cortex.framework-1.0.18] startup
[8.606s] [ext: isaacsim.cortex.behaviors-2.0.17] startup
[8.607s] [ext: isaacsim.examples.base-1.3.2] startup
[8.609s] [ext: omni.kit.widget.zoombar-1.0.7] startup
[8.609s] [ext: omni.kit.browser.core-2.3.18] startup
[8.612s] [ext: omni.kit.browser.folder.core-2.0.2] startup
[8.616s] [ext: omni.kit.widget.stage_icons-1.0.8] startup
[8.617s] [ext: omni.kit.window.stage-2.6.1] startup
[8.620s] [ext: omni.kit.menu.stage-1.2.7] startup
[8.621s] [ext: omni.kit.usd.collect-3.0.6] startup
[8.623s] [ext: omni.kit.widget.prompt-1.0.7] startup
[8.623s] [ext: omni.kit.tool.collect-2.2.19] startup
[8.625s] [ext: isaacsim.examples.browser-0.3.2] startup
[8.627s] [ext: omni.kit.search.files-1.0.4] startup
[8.628s] [ext: omni.kit.widget.calendar-1.0.9] startup
[8.629s] [ext: omni.kit.widget.extended_searchfield-1.0.31] startup
[8.635s] [ext: omni.simready.content.browser-0.3.7] startup
[8.721s] [ext: isaacsim.gui.content_browser-0.4.3] startup
[8.723s] [ext: omni.kit.selection-0.1.6] startup
[8.724s] [ext: isaacsim.gui.menu-2.10.5] startup
[8.731s] [ext: isaacsim.gui.property-1.6.4] startup
[8.737s] [ext: omni.kit.viewport.actions-110.0.0] startup
[8.741s] [ext: omni.kit.viewport.menubar.display-107.1.3] startup
[8.742s] [ext: isaacsim.gui.sensors.icon-2.2.1] startup
[8.744s] [ext: omni.behavior.scripting.core-110.1.0] startup
[8.747s] [ext: isaacsim.replicator.behavior-1.5.4] startup
[8.747s] [ext: isaacsim.replicator.experimental.domain_randomization-1.2.5] startup
[8.761s] [ext: isaacsim.replicator.domain_randomization-1.2.2] startup
[8.830s] [ext: isaacsim.replicator.writers-1.5.4] startup
[8.853s] [ext: isaacsim.robot.experimental.wheeled_robots-0.2.11] startup
[8.873s] [ext: isaacsim.robot.policy.examples-5.2.12] startup
[8.890s] [ext: isaacsim.robot.wheeled_robots-5.2.4] startup
[8.893s] [ext: isaacsim.robot.wheeled_robots.nodes-0.1.5] startup
[8.910s] [ext: isaacsim.robot_motion.experimental.motion_generation-6.1.3] startup
[8.920s] [ext: isaacsim.robot_motion.cumotion-1.3.1] startup
[8.932s] [ext: omni.kit.numpy.common-0.1.3] startup
[8.933s] [ext: isaacsim.sensors.camera-1.7.9] startup
[8.961s] [ext: isaacsim.sensors.experimental.physics-3.0.2] startup
[8.968s] [ext: omni.sensors.net-1.0.1] startup
[8.970s] [ext: omni.sensors.nv.common-3.0.0] startup
[8.979s] [ext: omni.sensors.nv.materials-2.0.0] startup
[8.981s] [ext: omni.sensors.nv.acoustic-3.0.0] startup
[8.983s] [ext: omni.sensors.nv.ids-2.0.1] startup
[8.985s] [ext: omni.sensors.nv.lidar-3.0.0] startup
[8.988s] [ext: omni.sensors.nv.radar-3.0.0] startup
[8.990s] [ext: isaacsim.sensors.experimental.rtx-1.4.6] startup
[9.229s] [ext: isaacsim.sensors.physics.nodes-1.5.3] startup
[9.234s] [ext: isaacsim.util.debug_draw-3.2.3] startup
[9.239s] [ext: isaacsim.sensors.physx-2.5.5] startup
[9.245s] [ext: isaacsim.sensors.rtx-15.17.1] startup
[9.254s] [ext: isaacsim.simulation_app-2.18.4] startup
[9.254s] [ext: omni.anim.curve.core-1.6.0] startup
[9.263s] [ext: omni.graph.ui_nodes-2.11.1] startup
[9.283s] [ext: omni.hydra.scene_api-0.1.3] startup
[9.286s] [ext: omni.kit.manipulator.camera-110.0.0] startup
[9.289s] [ext: omni.kit.manipulator.selector-1.1.4] startup
[9.290s] [ext: omni.kit.manipulator.transform-107.0.0] startup
[9.294s] [ext: omni.kit.widget.toolbar-2.1.0] startup
[9.299s] [ext: omni.kit.manipulator.tool.snap-1.5.14] startup
[9.302s] [ext: omni.kit.viewport.manipulator.transform-107.0.4] startup
[9.304s] [ext: omni.kit.manipulator.prim.core-108.0.2] startup
[9.309s] [ext: omni.kit.manipulator.prim.usd-107.0.3] startup
[9.310s] [ext: omni.kit.manipulator.prim-108.0.0] startup
[9.310s] [ext: omni.kit.manipulator.selection-109.0.1] startup
[9.311s] [ext: omni.kit.menu.create-2.0.2] startup
[9.312s] [ext: omni.kit.property.audio-1.0.16] startup
[9.315s] [ext: omni.kit.property.camera-1.0.14] startup
[9.316s] [ext: omni.kit.property.geometry-2.1.2] startup
[9.319s] [ext: omni.kit.property.light-1.0.14] startup
2026-09-29T14:31:26Z [9,317ms] [Warning] [omni.usd] Encountered USD Warnings but USD Diagnostics are currently muted. To view USD Warnings, please set the '/persistent/app/usd/muteUsdDiagnostics' setting to false in Preferences page.
[9.346s] [ext: omni.kit.property.material-1.14.6] startup
[9.351s] [ext: omni.kit.property.render-1.2.2] startup
[9.352s] [ext: omni.kit.property.transform-1.6.9] startup
[9.355s] [ext: omni.kit.property.bundle-1.5.1] startup
[9.356s] [ext: omni.kit.usdz_export-1.1.0] startup
[9.358s] [ext: omni.kit.tool.asset_importer-6.0.1] startup
[9.363s] [ext: omni.kit.ui.actions-1.0.5] startup
[9.364s] [ext: omni.kit.viewport.menubar.camera-107.0.10] startup
[9.369s] [ext: omni.kit.viewport.menubar.lighting-107.3.2] startup
[9.371s] [ext: omni.kit.viewport.menubar.render-110.0.0] startup
[9.373s] [ext: omni.kit.viewport.menubar.settings-110.0.1] startup
[9.376s] [ext: omni.kit.window.console-1.1.9] startup
[9.379s] [ext: omni.kit.window.status_bar-0.1.11] startup
[9.381s] [ext: omni.kit.window.toolbar-3.0.3] startup
[9.383s] [ext: omni.ocio-0.1.1] startup
[9.384s] [ext: omni.physx.commands-110.1.13] startup
[9.387s] [ext: omni.replicator.replicator_yaml-2.0.12] startup
[9.396s] [ext: omni.rtx.window.settings-0.8.0] startup
[9.400s] [ext: omni.rtx.settings.core-0.7.1] startup
[9.403s] [ext: omni.usd.metrics.assembler.ui-110.1.1] startup
[9.409s] [ext: semantics.schema.editor-2.0.2] startup
[9.411s] [ext: semantics.schema.property-2.0.2] startup
[9.413s] [ext: omni.kit.menu.common-2.0.2] startup
[9.414s] [ext: isaacsim.exp.base-6.0.1] startup
[9.414s] [ext: isaacsim.exp.base.python-6.0.1] startup
[9.415s] Simulation App Starting
[10.464s] Simulation App Startup Complete
[10.469s] app ready
Starting kit application with the following args:  ['/home/starry/isaac-data/isaacsim/exts/isaacsim.simulation_app/isaacsim/simulation_app/simulation_app.py', '/home/starry/isaac-data/isaacsim/apps/isaacsim.exp.base.python.kit', '--/app/tokens/exe-path=/home/starry/isaac-data/isaacsim/kit', '--/persistent/app/viewport/displayOptions=3094', '--/rtx/materialDb/syncLoads=True', '--/rtx/hydra/materialSyncLoads=True', '--/omni/kit/plugin/syncUsdLoads=True', '--/app/renderer/resolution/width=1280', '--/app/renderer/resolution/height=720', '--/app/window/width=1440', '--/app/window/height=900', '--/renderer/multiGpu/enabled=False', '--/app/fastShutdown=True', '--/app/installSignalHandlers=0', '--ext-folder', '/home/starry/isaac-data/isaacsim/exts', '--ext-folder', '/home/starry/isaac-data/isaacsim/apps', '--/renderer/activeGpu=0', '--/physics/cudaDevice=0', '--/plugins/carb.tasking.plugin/threadCount=12', '--/plugins/omni.tbb.globalcontrol/maxThreadCount=12', '--portable', '--no-window', '--/app/window/hideUi=1']
Passing the following args to the base kit application:  []
Warp 1.13.0 initialized:
   CUDA Toolkit 12.9, Driver 13.0
   Devices:
     "cpu"      : "x86_64"
     "cuda:0"   : "NVIDIA GeForce RTX 5070" (11 GiB, sm_120, mempool enabled)
   Kernel cache:
     /home/starry/.cache/warp/1.13.0
[LIGHTING] sun=800.0 (1) dome=0.0 (1) ambient=0.05 constant_color=(0.6, 0.65, 0.7)
[RENDER] mode=MinimalRendering minimal_shading_mode=2 anti_aliasing=TAA
[DEPTH CAMERAS] count=4 resolution_each=320x240 horizontal_coverage=360deg
[ESDF] path=/home/starry/isaac-data/EGO1P1/scenes/ego_swarm_cloud/occupancy.bin shape=(400, 300, 50) resolution=0.40m
[depth_angular_controller-1] [INFO] [1790692289.869787222] [depth_angular_controller]: WAITING_ODOMETRY
[NAV] t=0.0s position=(-64.00,-11.20,2.80) yaw=1.2deg command=(0.00,0.00,0.00) manual_active=0 collision_blocks=0
[depth_angular_controller-1] [INFO] [1790692290.240994585] [depth_angular_controller]: ZERO_INTENT
[depth_angular_controller-1] [INFO] [1790692292.049475441] [depth_angular_controller]: NAVIGATING
[10.998s] [ext: isaacsim.sensors.rtx.nodes-0.1.2] startup
[11.006s] [ext: isaacsim.ros2.core-1.9.4] startup
[11.020s] Attempting to load system rclpy
[11.020s] Could not import system rclpy: No module named 'rclpy'
[11.020s] Attempting to load internal rclpy for ROS Distro: humble
[11.031s] rclpy loaded
[11.035s] [ext: isaacsim.ros2.nodes-1.18.13] startup
[11.070s] [ext: isaacsim.ros2.examples-1.2.4] startup
[11.075s] [ext: isaacsim.ros2.ui-1.6.5] startup
[11.305s] [ext: isaacsim.ros2.bridge-5.1.2] startup
2026-09-29T14:31:30Z [13,575ms] [Warning] [omni.timeline.plugin] Deprecated: direct use of ITimeline callbacks is deprecated. Use ITimeline::getTimeline (Python: omni.timeline.get_timeline_interface) instead.
[position_cmd_to_twist-2] [INFO] [1790692295.161095981] [position_cmd_to_twist]: [PERF BRIDGE] run=final_v1_user_ego_3 elapsed=18.99s received=246 published=246 fps(ros/wall)=50.00/50.03 controller_to_bridge_ms(mean/p50/p95/max)=0.000/0.000/0.000/0.000 bridge_process_ms(mean/p95/max)=0.096/0.135/0.674
[NAV] t=5.0s position=(-60.88,-10.55,2.62) yaw=9.9deg command=(1.96,0.33,-0.04) manual_active=1 collision_blocks=0
[depth_angular_controller-1] [INFO] [1790692295.246881410] [depth_angular_controller]: [PERF CTRL] run=final_v1_user_ego_3 elapsed=19.19s callbacks=253 commands=252 guidance=152 command_fps(ros/wall)=50.03/50.14 guidance_wall_fps=47.20 avoid_ms(mean/p50/p95/max)=0.799/0.755/1.121/1.252 cycle_ms(mean/p95/max)=19.944/32.069/93.940 depth_to_cmd_ms(mean/p95/max)=16.667/16.667/16.667 callback_to_publish_ms(mean/p95/max)=0.642/1.553/2.214
[depth_angular_controller-1] [INFO] [1790692300.254270935] [depth_angular_controller]: [PERF CTRL] run=final_v1_user_ego_3 elapsed=24.20s callbacks=497 commands=496 guidance=396 command_fps(ros/wall)=50.00/49.43 guidance_wall_fps=48.13 avoid_ms(mean/p50/p95/max)=0.777/0.743/1.121/2.624 cycle_ms(mean/p95/max)=20.229/32.234/93.940 depth_to_cmd_ms(mean/p95/max)=16.667/16.667/16.667 callback_to_publish_ms(mean/p95/max)=0.815/1.652/3.116
[position_cmd_to_twist-2] [INFO] [1790692300.269393403] [position_cmd_to_twist]: [PERF BRIDGE] run=final_v1_user_ego_3 elapsed=24.11s received=496 published=496 fps(ros/wall)=50.00/49.44 controller_to_bridge_ms(mean/p50/p95/max)=0.000/0.000/0.000/0.000 bridge_process_ms(mean/p95/max)=0.093/0.129/0.674
[NAV] t=10.0s position=(-51.02,-9.14,2.21) yaw=10.0deg command=(1.99,0.02,-0.14) manual_active=1 collision_blocks=0
[depth_angular_controller-1] [INFO] [1790692305.263220708] [depth_angular_controller]: [PERF CTRL] run=final_v1_user_ego_3 elapsed=29.21s callbacks=736 commands=735 guidance=635 command_fps(ros/wall)=49.99/48.86 guidance_wall_fps=47.98 avoid_ms(mean/p50/p95/max)=0.805/0.764/1.178/2.624 cycle_ms(mean/p95/max)=20.466/32.275/93.940 depth_to_cmd_ms(mean/p95/max)=16.693/16.667/33.333 callback_to_publish_ms(mean/p95/max)=0.911/1.763/3.116
[position_cmd_to_twist-2] [INFO] [1790692305.482852795] [position_cmd_to_twist]: [PERF BRIDGE] run=final_v1_user_ego_3 elapsed=29.32s received=746 published=746 fps(ros/wall)=50.00/48.92 controller_to_bridge_ms(mean/p50/p95/max)=0.000/0.000/0.000/0.000 bridge_process_ms(mean/p95/max)=0.093/0.129/0.674
[NAV] t=15.0s position=(-41.38,-8.64,2.94) yaw=10.7deg command=(1.82,0.75,0.28) manual_active=1 collision_blocks=0
[depth_angular_controller-1] [INFO] [1790692310.275193594] [depth_angular_controller]: [PERF CTRL] run=final_v1_user_ego_3 elapsed=34.22s callbacks=972 commands=971 guidance=871 command_fps(ros/wall)=50.00/48.42 guidance_wall_fps=47.73 avoid_ms(mean/p50/p95/max)=0.844/0.847/1.236/2.976 cycle_ms(mean/p95/max)=20.654/32.870/93.940 depth_to_cmd_ms(mean/p95/max)=16.686/16.667/33.333 callback_to_publish_ms(mean/p95/max)=1.000/1.894/3.825
[position_cmd_to_twist-2] [INFO] [1790692310.815569277] [position_cmd_to_twist]: [PERF BRIDGE] run=final_v1_user_ego_3 elapsed=34.65s received=996 published=996 fps(ros/wall)=50.00/48.40 controller_to_bridge_ms(mean/p50/p95/max)=0.000/0.000/0.000/0.000 bridge_process_ms(mean/p95/max)=0.094/0.131/0.674
[NAV] t=20.0s position=(-31.82,-9.36,4.04) yaw=12.1deg command=(1.96,-0.41,0.02) manual_active=1 collision_blocks=0
[depth_angular_controller-1] [INFO] [1790692315.280434096] [depth_angular_controller]: [PERF CTRL] run=final_v1_user_ego_3 elapsed=39.23s callbacks=1217 commands=1216 guidance=1116 command_fps(ros/wall)=50.00/48.52 guidance_wall_fps=47.99 avoid_ms(mean/p50/p95/max)=0.824/0.792/1.180/2.976 cycle_ms(mean/p95/max)=20.608/32.665/93.940 depth_to_cmd_ms(mean/p95/max)=16.697/16.667/33.333 callback_to_publish_ms(mean/p95/max)=1.004/1.887/3.825
[position_cmd_to_twist-2] [INFO] [1790692315.857983697] [position_cmd_to_twist]: [PERF BRIDGE] run=final_v1_user_ego_3 elapsed=39.70s received=1246 published=1246 fps(ros/wall)=50.00/48.63 controller_to_bridge_ms(mean/p50/p95/max)=0.000/0.000/0.000/0.000 bridge_process_ms(mean/p95/max)=0.094/0.131/0.674
[NAV] t=25.0s position=(-22.00,-8.11,3.98) yaw=12.7deg command=(1.97,0.33,0.08) manual_active=1 collision_blocks=0
[depth_angular_controller-1] [INFO] [1790692320.288092014] [depth_angular_controller]: [PERF CTRL] run=final_v1_user_ego_3 elapsed=44.24s callbacks=1466 commands=1465 guidance=1365 command_fps(ros/wall)=49.99/48.72 guidance_wall_fps=48.30 avoid_ms(mean/p50/p95/max)=0.803/0.788/1.161/2.976 cycle_ms(mean/p95/max)=20.524/32.829/93.940 depth_to_cmd_ms(mean/p95/max)=16.691/16.667/33.333 callback_to_publish_ms(mean/p95/max)=0.987/1.856/3.825
[position_cmd_to_twist-2] [INFO] [1790692320.884256537] [position_cmd_to_twist]: [PERF BRIDGE] run=final_v1_user_ego_3 elapsed=44.72s received=1496 published=1496 fps(ros/wall)=50.00/48.81 controller_to_bridge_ms(mean/p50/p95/max)=0.000/0.000/0.000/0.000 bridge_process_ms(mean/p95/max)=0.094/0.131/1.273
[NAV] t=30.0s position=(-12.18,-6.62,4.47) yaw=13.2deg command=(1.95,0.42,-0.04) manual_active=1 collision_blocks=0
[depth_angular_controller-1] [INFO] [1790692325.316279858] [depth_angular_controller]: [PERF CTRL] run=final_v1_user_ego_3 elapsed=49.26s callbacks=1724 commands=1723 guidance=1623 command_fps(ros/wall)=49.99/49.09 guidance_wall_fps=48.76 avoid_ms(mean/p50/p95/max)=0.783/0.760/1.180/2.976 cycle_ms(mean/p95/max)=20.369/32.631/93.940 depth_to_cmd_ms(mean/p95/max)=16.697/16.667/33.333 callback_to_publish_ms(mean/p95/max)=0.982/1.875/3.825
[position_cmd_to_twist-2] [INFO] [1790692325.815141498] [position_cmd_to_twist]: [PERF BRIDGE] run=final_v1_user_ego_3 elapsed=49.65s received=1746 published=1746 fps(ros/wall)=50.00/49.07 controller_to_bridge_ms(mean/p50/p95/max)=0.000/0.000/0.000/0.000 bridge_process_ms(mean/p95/max)=0.094/0.130/1.326
[NAV] t=35.0s position=(-2.45,-5.13,3.73) yaw=13.8deg command=(1.95,0.38,-0.19) manual_active=1 collision_blocks=0
[depth_angular_controller-1] [INFO] [1790692330.319616788] [depth_angular_controller]: [PERF CTRL] run=final_v1_user_ego_3 elapsed=54.27s callbacks=1972 commands=1971 guidance=1871 command_fps(ros/wall)=50.00/49.15 guidance_wall_fps=48.86 avoid_ms(mean/p50/p95/max)=0.767/0.751/1.152/2.976 cycle_ms(mean/p95/max)=20.344/32.665/93.940 depth_to_cmd_ms(mean/p95/max)=16.702/16.667/33.333 callback_to_publish_ms(mean/p95/max)=0.973/1.837/3.825
[position_cmd_to_twist-2] [INFO] [1790692330.867313629] [position_cmd_to_twist]: [PERF BRIDGE] run=final_v1_user_ego_3 elapsed=54.70s received=1996 published=1996 fps(ros/wall)=50.00/49.13 controller_to_bridge_ms(mean/p50/p95/max)=0.000/0.000/0.000/0.000 bridge_process_ms(mean/p95/max)=0.093/0.130/1.326
[NAV] t=40.0s position=(7.30,-2.93,3.48) yaw=14.0deg command=(1.95,0.45,-0.04) manual_active=1 collision_blocks=0
[depth_angular_controller-1] [INFO] [1790692335.335007778] [depth_angular_controller]: [PERF CTRL] run=final_v1_user_ego_3 elapsed=59.28s callbacks=2229 commands=2228 guidance=2128 command_fps(ros/wall)=49.99/49.39 guidance_wall_fps=49.14 avoid_ms(mean/p50/p95/max)=0.753/0.722/1.122/2.976 cycle_ms(mean/p95/max)=20.249/32.606/93.940 depth_to_cmd_ms(mean/p95/max)=16.706/16.667/33.333 callback_to_publish_ms(mean/p95/max)=0.964/1.816/3.825
[position_cmd_to_twist-2] [INFO] [1790692335.671272820] [position_cmd_to_twist]: [PERF BRIDGE] run=final_v1_user_ego_3 elapsed=59.51s received=2246 published=2246 fps(ros/wall)=50.00/49.43 controller_to_bridge_ms(mean/p50/p95/max)=0.000/0.000/0.000/0.000 bridge_process_ms(mean/p95/max)=0.092/0.129/1.326
[NAV] t=45.0s position=(17.04,-0.68,3.30) yaw=14.2deg command=(1.94,0.45,-0.09) manual_active=1 collision_blocks=0
[depth_angular_controller-1] [INFO] [1790692340.345391892] [depth_angular_controller]: [PERF CTRL] run=final_v1_user_ego_3 elapsed=64.29s callbacks=2485 commands=2484 guidance=2384 command_fps(ros/wall)=49.99/49.56 guidance_wall_fps=49.34 avoid_ms(mean/p50/p95/max)=0.771/0.751/1.114/2.976 cycle_ms(mean/p95/max)=20.179/32.562/93.940 depth_to_cmd_ms(mean/p95/max)=16.702/16.667/33.333 callback_to_publish_ms(mean/p95/max)=0.979/1.797/3.825
[position_cmd_to_twist-2] [INFO] [1790692340.580578187] [position_cmd_to_twist]: [PERF BRIDGE] run=final_v1_user_ego_3 elapsed=64.42s received=2496 published=2496 fps(ros/wall)=50.00/49.58 controller_to_bridge_ms(mean/p50/p95/max)=0.000/0.000/0.000/0.000 bridge_process_ms(mean/p95/max)=0.093/0.130/1.326
[NAV] t=50.0s position=(26.42,2.11,1.45) yaw=13.6deg command=(1.90,0.60,-0.02) manual_active=1 collision_blocks=0
[depth_angular_controller-1] [INFO] [1790692345.348535008] [depth_angular_controller]: [PERF CTRL] run=final_v1_user_ego_3 elapsed=69.30s callbacks=2730 commands=2729 guidance=2629 command_fps(ros/wall)=49.99/49.50 guidance_wall_fps=49.31 avoid_ms(mean/p50/p95/max)=0.761/0.735/1.093/2.976 cycle_ms(mean/p95/max)=20.201/32.562/93.940 depth_to_cmd_ms(mean/p95/max)=16.705/16.667/33.333 callback_to_publish_ms(mean/p95/max)=0.973/1.780/3.825
[position_cmd_to_twist-2] [INFO] [1790692345.675011462] [position_cmd_to_twist]: [PERF BRIDGE] run=final_v1_user_ego_3 elapsed=69.51s received=2746 published=2746 fps(ros/wall)=50.00/49.54 controller_to_bridge_ms(mean/p50/p95/max)=0.000/0.000/0.000/0.000 bridge_process_ms(mean/p95/max)=0.093/0.131/1.326
[NAV] t=55.0s position=(36.16,4.35,1.67) yaw=13.8deg command=(1.95,0.44,0.05) manual_active=1 collision_blocks=0
[depth_angular_controller-1] [INFO] [1790692350.358212887] [depth_angular_controller]: [PERF CTRL] run=final_v1_user_ego_3 elapsed=74.31s callbacks=2986 commands=2985 guidance=2885 command_fps(ros/wall)=50.00/49.64 guidance_wall_fps=49.46 avoid_ms(mean/p50/p95/max)=0.749/0.716/1.082/2.976 cycle_ms(mean/p95/max)=20.146/32.548/93.940 depth_to_cmd_ms(mean/p95/max)=16.707/16.667/33.333 callback_to_publish_ms(mean/p95/max)=0.965/1.765/3.825
[position_cmd_to_twist-2] [INFO] [1790692350.571682380] [position_cmd_to_twist]: [PERF BRIDGE] run=final_v1_user_ego_3 elapsed=74.41s received=2996 published=2996 fps(ros/wall)=50.00/49.66 controller_to_bridge_ms(mean/p50/p95/max)=0.000/0.000/0.000/0.000 bridge_process_ms(mean/p95/max)=0.092/0.129/1.326
[NAV] t=60.0s position=(45.90,6.59,1.88) yaw=14.3deg command=(1.95,0.45,0.02) manual_active=1 collision_blocks=0
[depth_angular_controller-1] [INFO] [1790692355.365066506] [depth_angular_controller]: [PERF CTRL] run=final_v1_user_ego_3 elapsed=79.31s callbacks=3232 commands=3231 guidance=3131 command_fps(ros/wall)=50.00/49.60 guidance_wall_fps=49.43 avoid_ms(mean/p50/p95/max)=0.739/0.707/1.069/2.976 cycle_ms(mean/p95/max)=20.162/32.562/93.940 depth_to_cmd_ms(mean/p95/max)=16.709/16.667/33.333 callback_to_publish_ms(mean/p95/max)=0.955/1.752/3.825
[position_cmd_to_twist-2] [INFO] [1790692355.656055587] [position_cmd_to_twist]: [PERF BRIDGE] run=final_v1_user_ego_3 elapsed=79.49s received=3246 published=3246 fps(ros/wall)=50.00/49.62 controller_to_bridge_ms(mean/p50/p95/max)=0.000/0.000/0.000/0.000 bridge_process_ms(mean/p95/max)=0.091/0.129/1.326
[NAV] t=65.0s position=(55.61,8.93,2.42) yaw=15.1deg command=(1.94,0.48,0.10) manual_active=1 collision_blocks=0
[depth_angular_controller-1] [INFO] [1790692360.011277467] [depth_angular_controller]: ZERO_INTENT
[depth_angular_controller-1] [INFO] [1790692360.433766172] [depth_angular_controller]: [PERF CTRL] run=final_v1_user_ego_3 elapsed=84.38s callbacks=3480 commands=3479 guidance=3362 command_fps(ros/wall)=50.00/49.55 guidance_wall_fps=49.48 avoid_ms(mean/p50/p95/max)=0.736/0.695/1.081/2.976 cycle_ms(mean/p95/max)=20.182/32.569/93.940 depth_to_cmd_ms(mean/p95/max)=16.706/16.667/33.333 callback_to_publish_ms(mean/p95/max)=0.951/1.756/3.825
[position_cmd_to_twist-2] [INFO] [1790692360.821803046] [position_cmd_to_twist]: [PERF BRIDGE] run=final_v1_user_ego_3 elapsed=84.66s received=3496 published=3496 fps(ros/wall)=50.00/49.53 controller_to_bridge_ms(mean/p50/p95/max)=0.000/0.000/0.000/0.000 bridge_process_ms(mean/p95/max)=0.091/0.128/1.326
[NAV] t=70.0s position=(64.20,11.35,3.01) yaw=-46.3deg command=(0.43,0.14,0.06) manual_active=0 collision_blocks=0
[BENCHMARK RESULT] ARRIVED sim=68.800s
[PERF ISAAC FINAL] run=final_v1_user_ego_3 result=ARRIVED wall=71.78s sim_frames=4250 fps(sim/wall)=60.03/59.21 command_changes=2829 collision_blocks=0 frame_interval_ms(mean/p50/p95/max)=16.812/15.495/17.548/78.829
[85.281s] Simulation App Shutting Down
[depth_angular_controller-1] [INFO] [1790692362.319663451] [rclcpp]: signal_handler(SIGINT/SIGTERM)
[depth_angular_controller-1] [INFO] [1790692362.320266403] [depth_angular_controller]: [PERF CTRL FINAL] run=final_v1_user_ego_3 elapsed=86.27s callbacks=3541 commands=3540 guidance=3362 command_fps(ros/wall)=50.00/49.57 guidance_wall_fps=49.48 avoid_ms(mean/p50/p95/max)=0.736/0.695/1.081/2.976 cycle_ms(mean/p95/max)=20.174/32.562/93.940 depth_to_cmd_ms(mean/p95/max)=16.706/16.667/33.333 callback_to_publish_ms(mean/p95/max)=0.936/1.754/3.825
[position_cmd_to_twist-2] [INFO] [1790692362.320428166] [position_cmd_to_twist]: [PERF BRIDGE FINAL] run=final_v1_user_ego_3 elapsed=86.16s received=3540 published=3540 fps(ros/wall)=50.00/49.57 controller_to_bridge_ms(mean/p50/p95/max)=0.000/0.000/0.000/0.000 bridge_process_ms(mean/p95/max)=0.091/0.128/1.326
[position_cmd_to_twist-2] Failed to publish log message to rosout: publisher's context is invalid, at ./src/rcl/publisher.c:389
[INFO] [depth_angular_controller-1]: process has finished cleanly [pid 93009]
[INFO] [position_cmd_to_twist-2]: process has finished cleanly [pid 93011]
