[PERF] run=final_v4_user_ego_4 log=/home/starry/isaac-data/EGO1P1/performance/navigation_benchmark_20260929/PERFORMANCE.md
[INPUT] mode=goal scene_mode=cloud
[INFO] [launch]: All log files can be found below /tmp/fov_gvf_ego1p1_isaac_ros_log/2026-09-30-02-46-56-765680-starry-System-Product-Name-160374
[INFO] [launch]: Default logging verbosity is set to INFO
[INFO] [depth_angular_controller-1]: process started with pid [160376]
[INFO] [position_cmd_to_twist-2]: process started with pid [160378]
[depth_angular_controller-1] [INFO] [1790707616.798833946] [depth_angular_controller]: C++ controller commands publish on /position_cmd
[ROS CHECK] ROS_DOMAIN_ID=42 /position_cmd publishers=1
Type: pc_gvf_msgs/msg/PositionCommand
Publisher count: 1
Subscription count: 1
/depth_angular_controller
/position_cmd_to_twist
WARNING: All log messages before absl::InitializeLog() is called are written to STDERR
E0000 00:00:1790707617.753963  160416 descriptor_database.cc:633] File already exists in database: grpc/health/v1/health.proto
W0000 00:00:1790707617.753989  160416 message.cc:301] Protobuf GeneratedMessageFactory: File is already registered: grpc/health/v1/health.proto
2026-09-29T18:46:57Z [Info] [carb] Logging to file: /home/starry/isaac-data/isaacsim/kit/logs/Kit/Isaac-Sim Python/6.0/kit_20260930_024657.log
[0.044s] [ext: omni.assets.plugins-0.0.0] startup
[0.045s] [ext: omni.blobkey-1.1.2] startup
[0.045s] [ext: omni.kit.async_engine-0.0.3] startup
[0.314s] [ext: omni.client.lib-1.1.1] startup
[0.322s] [ext: omni.client-1.3.0] startup
[0.324s] [ext: omni.protobuf.lib-1.0.0] startup
[0.324s] [ext: omni.grpc.lib-1.0.0] startup
[0.328s] [ext: omni.metrics.core-0.0.3] startup
[0.328s] [ext: omni.datastore-0.0.0] startup
[0.328s] [ext: omni.gpu_foundation.shadercache.vulkan-1.0.0] startup
[0.330s] [ext: omni.hsscclient-1.1.4] startup
[0.330s] [ext: omni.stats-1.0.1] startup
[0.331s] [ext: omni.ujitso.default-1.0.0] startup
[0.334s] [ext: omni.gpu_foundation-0.0.0] startup
[0.466s] [ext: carb.windowing.plugins-1.0.1] startup
[0.466s] [ext: omni.kit.renderer.init-1.0.1] startup
2026-09-29T18:46:58Z [678ms] [Warning] [omni.rtx] Skipping unsupported non-NVIDIA GPU: AMD Unknown (RADV RAPHAEL_MENDOCINO)
2026-09-29T18:46:58Z [678ms] [Warning] [omni.rtx] Skipping unsupported non-NVIDIA GPU: AMD Unknown (RADV RAPHAEL_MENDOCINO)

|---------------------------------------------------------------------------------------------|
| Driver Version: 580.178.04    | Graphics API: Vulkan
|=============================================================================================|
| GPU | Name                             | Active | LDA | GPU Memory | Vendor-ID | LUID       |
|     |                                  |        |     |            | Device-ID | UUID       |
|     |                                  |        |     |            | Bus-ID    |            |
|---------------------------------------------------------------------------------------------|
| 0   | NVIDIA GeForce RTX 5070          | Yes: 0 |     | 12227   MB | 10de      | 0          |
|     |                                  |        |     |            | 2f04      | 348d89fe.. |
|     |                                  |        |     |            | 1         |            |
|---------------------------------------------------------------------------------------------|
| 1   | AMD Unknown (RADV RAPHAEL_MEND.. |        |     | 10755   MB | 1002      | 0          |
|     |                                  |        |     |            | 13c0      | 00000000.. |
|     |                                  |        |     |            | c         |            |
|=============================================================================================|
| OS: 22.04.5 LTS (Jammy Jellyfish) ubuntu, Version: 22.04.5, Kernel: 6.8.0-138-generic
| XServer Vendor: The X.Org Foundation, XServer Version: 12101004 (1.21.1.4)
| Processor: AMD Ryzen 5 9600X 6-Core Processor
| Cores: 6 | Logical Cores: 12
|---------------------------------------------------------------------------------------------|
| Total Memory (MB): 31241 | Free Memory: 22987
| Total Page/Swap (MB): 15624 | Free Page/Swap: 15624
|---------------------------------------------------------------------------------------------|
2026-09-29T18:46:58Z [906ms] [Warning] [omni.rtx] CPU performance profile is set to powersave. This profile sets the CPU to the lowest frequency reducing performance.
2026-09-29T18:46:58Z [915ms] [Warning] [omni.rtx] IOMMU is enabled.
[1.017s] [ext: omni.kit.pipapi-0.0.0] startup
[1.018s] [ext: omni.kit.pip_archive-0.0.0] startup
[1.018s] [ext: isaacsim.pip.newton-0.6.1] startup
[1.019s] [ext: omni.pip.compute-1.9.2] startup
[1.019s] [ext: omni.isaac.core_archive-5.3.1] startup
[1.019s] [ext: omni.kit.telemetry-0.5.2] startup
[1.038s] [ext: omni.kit.loop-isaac-1.6.0] startup
[1.039s] [ext: omni.kit.test-2.0.7] startup
[1.090s] [ext: omni.materialx.libs-1.0.9] startup
[1.096s] [ext: omni.gpucompute.plugins-0.0.0] startup
[1.096s] [ext: omni.usd.config-1.0.7] startup
[1.099s] [ext: omni.usd.libs-1.0.3] startup
[1.154s] [ext: omni.iray.libs-0.0.1] startup
[1.157s] [ext: omni.mdl-57.0.3] startup
[1.218s] [ext: omni.mdl.neuraylib-0.2.20] startup
[1.220s] [ext: omni.kit.usd.mdl-1.1.9] startup
[1.303s] [ext: omni.appwindow-1.2.2] startup
[1.305s] [ext: omni.kit.renderer.core-1.2.2] startup
2026-09-29T18:47:03Z [6,534ms] [Warning] [carb.windowing-glfw.gamepad] Joystick with unknown remapping detected (will be ignored):  BEITONG BEITONG A2P3A BFM DONGLE [03000000bc2000001c51000011010000]
[6.565s] [ext: omni.kit.renderer.capture-2.0.1] startup
[6.567s] [ext: omni.kit.renderer.imgui-2.0.6] startup
[6.604s] [ext: omni.ui-3.2.0] startup
[6.611s] [ext: omni.kit.mainwindow-1.0.3] startup
[6.611s] [ext: carb.audio-0.1.0] startup
[6.613s] [ext: omni.uiaudio-1.0.0] startup
[6.614s] [ext: omni.kit.uiapp-0.0.0] startup
[6.614s] [ext: omni.usd.schema.metrics.assembler-110.1.0] startup
[6.616s] [ext: omni.usd.schema.audio-0.0.1] startup
[6.619s] [ext: omni.usd_resolver-1.0.0] startup
[6.622s] [ext: omni.usd.core-1.8.3] startup
[6.624s] [ext: omni.metropolis.schema-0.0.3] startup
[6.625s] [ext: isaacsim.anim.robot.schema-0.1.1] startup
[6.625s] [ext: omni.usd.schema.anim-0.0.1] startup
[6.638s] [ext: omni.usd.schema.geospatial-0.0.1] startup
[6.640s] [ext: omni.usd.schema.omnigraph-1.0.1] startup
[6.644s] [ext: omni.usd.schema.semantics-0.0.0] startup
[6.646s] [ext: omni.activity.core-1.0.3] startup
[6.647s] [ext: omni.cubric-0.1.0] startup
[6.647s] [ext: omni.graph.exec-0.9.6] startup
[6.648s] [ext: omni.hydra.scene_delegate-0.3.5] startup
[6.650s] [ext: usdrt.scenegraph-7.6.3] startup
[6.668s] [ext: omni.hydra.usdrt_delegate-7.5.2] startup
[6.672s] [ext: omni.inspect-1.0.2] startup
[6.673s] [ext: omni.kit.actions.core-1.0.0] startup
[6.675s] [ext: omni.kit.audiodeviceenum-1.0.2] startup
[6.675s] [ext: omni.kit.commands-1.5.0] startup
[6.678s] [ext: omni.kit.exec.core-0.13.5] startup
[6.679s] [ext: omni.kit.usd_undo-0.1.8] startup
[6.679s] [ext: omni.kit.window.popup_dialog-2.0.25] startup
[6.681s] [ext: omni.kit.widget.nucleus_connector-2.3.1] startup
[6.684s] [ext: omni.timeline-1.1.0] startup
[6.685s] [ext: omni.usd-1.16.0] startup
[6.709s] [ext: omni.graph.core-3.1.2] startup
[6.712s] [ext: omni.kit.notification_manager-1.0.11] startup
[6.713s] [ext: isaacsim.core.deprecation_manager-0.4.2] startup
[6.714s] [ext: isaacsim.replicator.agent.schema-0.1.1] startup
[6.714s] [ext: isaacsim.robot.schema-6.3.7] startup
[6.718s] [ext: isaacsim.robot_motion.schema-0.2.1] startup
[6.719s] [ext: omni.anim.behavior.schema-110.1.0] startup
[6.722s] [ext: omni.anim.graph.schema-110.1.1] startup
[6.726s] [ext: omni.anim.navigation.schema-110.1.0] startup
[6.728s] [ext: omni.behavior.tree.schema-110.1.0] startup
[6.729s] [ext: omni.isaac.ml_archive-3.3.0] startup
[6.729s] [ext: omni.kit.asset_converter-6.0.1] startup
[6.738s] [ext: omni.pip.cloud-1.5.4] startup
[6.740s] [ext: omni.usd.schema.flow-110.0.0] startup
[6.740s] [ext: omni.usd.schema.mujoco-1.1.1] startup
[6.740s] [ext: omni.usd.schema.newton-1.2.1] startup
[6.741s] [ext: omni.usd.schema.omni_lens_distortion-1.0.0] startup
[6.742s] [ext: omni.usd.schema.omni_projectors-1.0.0] startup
[6.742s] [ext: omni.usd.schema.omni_sensors-0.0.0] startup
[6.748s] [ext: omni.usd.schema.omniscripting-1.0.1] startup
[6.751s] [ext: omni.usd.schema.physical_lighting-0.1.0] startup
[6.753s] [ext: omni.usd.schema.physx-110.1.13] startup
[6.777s] [ext: omni.usd.schema.render_settings.rtx-1.0.2] startup
[6.779s] [ext: omni.usd.schema.usd_particle_field-1.0.0] startup
[6.780s] [ext: isaacsim.core.version-2.1.1] startup
[6.780s] [ext: omni.kit.menu.core-1.2.0] startup
[6.781s] [ext: omni.kit.menu.utils-2.2.4] startup
[6.786s] [ext: isaacsim.app.about-2.3.1] startup
[6.790s] [ext: isaacsim.asset.transformer-1.2.5] startup
[6.793s] [ext: omni.scene.optimizer.core-110.1.0] startup
[6.824s] [ext: isaacsim.asset.importer.utils-1.8.1] startup
[6.826s] [ext: omni.convexdecomposition-110.1.13] startup
[6.827s] [ext: omni.physics-110.1.13] startup
[6.830s] [ext: omni.physx.gpu-110.1.13] startup
[6.830s] [ext: omni.physx.foundation-110.1.13] startup
[6.831s] [ext: omni.usdphysics-110.1.13] startup
[6.832s] [ext: omni.physx.cooking-110.1.13] startup
[6.834s] [ext: omni.physx-110.1.13] startup
[6.841s] [ext: omni.physics.physx-110.1.13] startup
[6.842s] [ext: isaacsim.asset.exporter.urdf-2.0.5] startup
[6.849s] [ext: omni.kit.clipboard-1.1.1] startup
[6.850s] [ext: omni.kit.usd.layers-2.6.1] startup
[6.855s] [ext: omni.kit.widget.context_menu-1.4.0] startup
[6.856s] [ext: omni.kit.context_menu-1.9.0] startup
[6.857s] [ext: omni.kit.helper.file_utils-0.1.10] startup
[6.858s] [ext: omni.kit.widget.nucleus_info-2.0.2] startup
[6.859s] [ext: omni.kit.search_core-1.0.8] startup
[6.859s] [ext: omni.kit.widget.path_field-2.0.13] startup
[6.860s] [ext: omni.kit.widget.browser_bar-2.0.10] startup
[6.860s] [ext: omni.kit.widget.filebrowser-2.13.4] startup
[6.864s] [ext: omni.kit.widget.options_menu-1.1.6] startup
[6.866s] [ext: omni.kit.widget.options_button-1.0.3] startup
[6.866s] [ext: omni.kit.widget.search_delegate-1.0.9] startup
[6.867s] [ext: omni.ui.scene-2.0.3] startup
[6.870s] [ext: omni.kit.window.filepicker-2.15.5] startup
[6.880s] [ext: omni.kit.window.file_importer-1.1.21] startup
[6.881s] [ext: omni.kit.material.library-3.1.2] startup
[6.885s] [ext: isaacsim.asset.transformer.rules-1.7.10] startup
[6.893s] [ext: omni.usdex.libs-2.2.2] startup
[6.899s] [ext: isaacsim.asset.importer.mjcf-3.10.1] startup
[6.901s] [ext: isaacsim.asset.importer.urdf-3.11.2] startup
[6.904s] [ext: omni.kit.primitive.mesh-1.1.0] startup
[6.906s] [ext: omni.kit.stage_template.core-1.1.22] startup
[6.906s] [ext: omni.kit.stage_templates-2.0.2] startup
[6.907s] [ext: omni.usd.metrics.assembler-110.1.2] startup
[6.909s] [ext: omni.warp.core-1.13.0] startup
[7.095s] [ext: isaacsim.core.experimental.utils-0.17.2] startup
[7.096s] [ext: omni.physics.stageupdate-110.1.13] startup
[7.097s] [ext: omni.physics.tensors-110.1.13] startup
[7.101s] [ext: omni.physx.tensors-110.1.13] startup
[7.104s] [ext: isaacsim.core.simulation_manager-1.15.6] startup
[7.114s] [ext: isaacsim.storage.native-1.9.3] startup
[7.115s] [ext: omni.usd.metrics.assembler.physics-110.1.13] startup
[7.116s] [ext: isaacsim.core.utils-4.1.7] startup
[7.118s] [ext: isaacsim.core.prims-0.11.7] startup
[8.000s] [ext: isaacsim.core.api-5.2.13] startup
[8.005s] [ext: isaacsim.core.cloner-1.7.3] startup
[8.006s] [ext: isaacsim.test.docstring-1.3.2] startup
[8.008s] [ext: isaacsim.core.experimental.prims-1.8.9] startup
[8.026s] [ext: isaacsim.core.experimental.primdata-0.3.2] startup
[8.027s] [ext: omni.graph.tools-1.81.0] startup
[8.045s] [ext: omni.graph-1.142.5] startup
[8.076s] [ext: isaacsim.core.experimental.actuators-0.1.2] startup
[8.089s] [ext: isaacsim.core.experimental.materials-0.7.1] startup
[8.091s] [ext: isaacsim.core.experimental.objects-0.8.1] startup
[8.143s] [ext: omni.hydra.engine.stats-1.0.5] startup
[8.145s] [ext: omni.hydra.rtx.shadercache.vulkan-1.0.0] startup
[8.146s] [ext: omni.index.libs-387500.4413.0] startup
[8.146s] [ext: omni.index-1.0.1] startup
[8.146s] [ext: omni.ujitso.client-0.0.0] startup
[8.146s] [ext: omni.usd.schema.playback-1.0.0] startup
[8.149s] [ext: omni.volume-0.5.2] startup
[8.153s] [ext: omni.hydra.rtx-1.0.4] startup
2026-09-29T18:47:05Z [8,142ms] [Warning] [omni.log] Source: omni.hydra was already registered.
[8.173s] [ext: omni.kit.hydra_texture-1.6.0] startup
[8.176s] [ext: omni.kit.raycast.query-1.2.0] startup
[8.179s] [ext: omni.kit.viewport.legacy_gizmos-1.0.24] startup
[8.180s] [ext: omni.kit.viewport.registry-104.0.6] startup
[8.181s] [ext: omni.kit.viewport.scene_camera_model-1.0.7] startup
[8.184s] [ext: omni.kit.widget.viewport-109.2.0] startup
[8.187s] [ext: omni.kit.window.drop_support-1.0.8] startup
[8.187s] [ext: omni.kit.viewport.window-109.0.2] startup
[8.201s] [ext: omni.kit.viewport.utility-2.0.1] startup
[8.202s] [ext: isaacsim.core.rendering_manager-0.4.3] startup
[8.222s] [ext: omni.graph.action_core-1.1.9] startup
[8.223s] [ext: omni.graph.action_nodes_core-2.11.0] startup
[8.225s] [ext: omni.graph.action_nodes-2.11.0] startup
[8.241s] [ext: omni.graph.action-2.10.2] startup
[8.242s] [ext: omni.graph.image.core-0.6.1] startup
[8.242s] [ext: omni.graph.image.nodes-1.3.1] startup
[8.243s] [ext: omni.graph.nodes_core-2.11.0] startup
[8.247s] [ext: omni.graph.nodes-2.12.0] startup
[8.251s] [ext: omni.kit.hotkeys.core-1.3.12] startup
[8.252s] [ext: omni.kit.property.adapter.core-1.1.1] startup
[8.254s] [ext: omni.kit.property.adapter.usd-1.0.5] startup
[8.255s] [ext: omni.kit.widget.filter-1.1.5] startup
[8.256s] [ext: omni.kit.widget.highlight_label-1.0.3] startup
[8.256s] [ext: omni.kit.widget.searchfield-1.1.8] startup
[8.257s] [ext: omni.kit.window.file_exporter-1.0.36] startup
[8.258s] [ext: omni.kit.widget.stage-4.4.0] startup
[8.265s] [ext: omni.kit.window.content_browser_registry-0.0.6] startup
[8.266s] [ext: omni.kit.window.file-2.0.10] startup
[8.269s] [ext: omni.kit.window.content_browser-3.1.8] startup
[8.277s] [ext: omni.kit.window.property-1.15.1] startup
[8.286s] [ext: omni.kit.property.usd-4.9.4] startup
[8.295s] [ext: omni.graph.scriptnode-2.10.2] startup
[8.302s] [ext: omni.kit.widget.searchable_combobox-1.0.7] startup
[8.303s] [ext: omni.kit.widget.settings-2.0.0] startup
[8.305s] [ext: omni.kit.window.preferences-1.8.3] startup
[8.309s] [ext: omni.kit.viewport.menubar.core-107.2.2] startup
[8.319s] [ext: omni.syntheticdata-0.6.15] startup
[8.342s] [ext: omni.replicator.nv-1.1.1] startup
[8.347s] [ext: omni.videoencoding-0.2.1] startup
[8.348s] [ext: omni.replicator.core-1.13.27] startup
2026-09-29T18:47:05Z [8,333ms] [Warning] [pxr.Semantics] pxr.Semantics is deprecated - please use Semantics instead
2026-09-29T18:47:05Z [8,401ms] [Warning] [omni.replicator.core.scripts.extension] No material configuration file, adding configuration to material settings directly.
[8.550s] [ext: isaacsim.core.nodes-5.10.5] startup
[8.577s] [ext: isaacsim.core.throttling-2.3.5] startup
[8.578s] [ext: omni.kit.manipulator.viewport-107.0.1] startup
[8.579s] [ext: omni.graph.visualization.nodes-2.1.4] startup
[8.590s] [ext: omni.kit.window.extensions-1.5.10] startup
[8.595s] [ext: isaacsim.gui.components-1.8.5] startup
[8.599s] [ext: isaacsim.robot.surface_gripper-3.6.2] startup
[8.608s] [ext: isaacsim.robot.manipulators-3.4.4] startup
[8.617s] [ext: isaacsim.robot_motion.lula-4.1.3] startup
[8.623s] [ext: isaacsim.robot_motion.motion_generation-8.2.9] startup
[8.627s] [ext: isaacsim.cortex.framework-1.0.18] startup
[8.629s] [ext: isaacsim.cortex.behaviors-2.0.17] startup
[8.630s] [ext: isaacsim.examples.base-1.3.2] startup
[8.631s] [ext: omni.kit.widget.zoombar-1.0.7] startup
[8.632s] [ext: omni.kit.browser.core-2.3.18] startup
[8.635s] [ext: omni.kit.browser.folder.core-2.0.2] startup
[8.638s] [ext: omni.kit.widget.stage_icons-1.0.8] startup
[8.639s] [ext: omni.kit.window.stage-2.6.1] startup
[8.641s] [ext: omni.kit.menu.stage-1.2.7] startup
[8.642s] [ext: omni.kit.usd.collect-3.0.6] startup
[8.644s] [ext: omni.kit.widget.prompt-1.0.7] startup
[8.645s] [ext: omni.kit.tool.collect-2.2.19] startup
[8.647s] [ext: isaacsim.examples.browser-0.3.2] startup
[8.649s] [ext: omni.kit.search.files-1.0.4] startup
[8.649s] [ext: omni.kit.widget.calendar-1.0.9] startup
[8.650s] [ext: omni.kit.widget.extended_searchfield-1.0.31] startup
[8.656s] [ext: omni.simready.content.browser-0.3.7] startup
[8.742s] [ext: isaacsim.gui.content_browser-0.4.3] startup
[8.744s] [ext: omni.kit.selection-0.1.6] startup
[8.746s] [ext: isaacsim.gui.menu-2.10.5] startup
[8.753s] [ext: isaacsim.gui.property-1.6.4] startup
[8.758s] [ext: omni.kit.viewport.actions-110.0.0] startup
[8.762s] [ext: omni.kit.viewport.menubar.display-107.1.3] startup
[8.764s] [ext: isaacsim.gui.sensors.icon-2.2.1] startup
[8.766s] [ext: omni.behavior.scripting.core-110.1.0] startup
[8.769s] [ext: isaacsim.replicator.behavior-1.5.4] startup
[8.769s] [ext: isaacsim.replicator.experimental.domain_randomization-1.2.5] startup
[8.783s] [ext: isaacsim.replicator.domain_randomization-1.2.2] startup
[8.852s] [ext: isaacsim.replicator.writers-1.5.4] startup
[8.874s] [ext: isaacsim.robot.experimental.wheeled_robots-0.2.11] startup
[8.894s] [ext: isaacsim.robot.policy.examples-5.2.12] startup
[8.911s] [ext: isaacsim.robot.wheeled_robots-5.2.4] startup
[8.914s] [ext: isaacsim.robot.wheeled_robots.nodes-0.1.5] startup
[8.930s] [ext: isaacsim.robot_motion.experimental.motion_generation-6.1.3] startup
[8.940s] [ext: isaacsim.robot_motion.cumotion-1.3.1] startup
[8.952s] [ext: omni.kit.numpy.common-0.1.3] startup
[8.954s] [ext: isaacsim.sensors.camera-1.7.9] startup
[8.980s] [ext: isaacsim.sensors.experimental.physics-3.0.2] startup
[8.987s] [ext: omni.sensors.net-1.0.1] startup
[8.989s] [ext: omni.sensors.nv.common-3.0.0] startup
[8.998s] [ext: omni.sensors.nv.materials-2.0.0] startup
[9.000s] [ext: omni.sensors.nv.acoustic-3.0.0] startup
[9.002s] [ext: omni.sensors.nv.ids-2.0.1] startup
[9.004s] [ext: omni.sensors.nv.lidar-3.0.0] startup
[9.007s] [ext: omni.sensors.nv.radar-3.0.0] startup
[9.009s] [ext: isaacsim.sensors.experimental.rtx-1.4.6] startup
[9.238s] [ext: isaacsim.sensors.physics.nodes-1.5.3] startup
[9.244s] [ext: isaacsim.util.debug_draw-3.2.3] startup
[9.248s] [ext: isaacsim.sensors.physx-2.5.5] startup
[9.254s] [ext: isaacsim.sensors.rtx-15.17.1] startup
[9.263s] [ext: isaacsim.simulation_app-2.18.4] startup
[9.263s] [ext: omni.anim.curve.core-1.6.0] startup
[9.272s] [ext: omni.graph.ui_nodes-2.11.1] startup
[9.292s] [ext: omni.hydra.scene_api-0.1.3] startup
[9.295s] [ext: omni.kit.manipulator.camera-110.0.0] startup
[9.298s] [ext: omni.kit.manipulator.selector-1.1.4] startup
[9.299s] [ext: omni.kit.manipulator.transform-107.0.0] startup
[9.303s] [ext: omni.kit.widget.toolbar-2.1.0] startup
[9.308s] [ext: omni.kit.manipulator.tool.snap-1.5.14] startup
[9.311s] [ext: omni.kit.viewport.manipulator.transform-107.0.4] startup
[9.313s] [ext: omni.kit.manipulator.prim.core-108.0.2] startup
[9.317s] [ext: omni.kit.manipulator.prim.usd-107.0.3] startup
[9.319s] [ext: omni.kit.manipulator.prim-108.0.0] startup
[9.319s] [ext: omni.kit.manipulator.selection-109.0.1] startup
[9.320s] [ext: omni.kit.menu.create-2.0.2] startup
[9.321s] [ext: omni.kit.property.audio-1.0.16] startup
[9.324s] [ext: omni.kit.property.camera-1.0.14] startup
[9.325s] [ext: omni.kit.property.geometry-2.1.2] startup
[9.328s] [ext: omni.kit.property.light-1.0.14] startup
2026-09-29T18:47:06Z [9,326ms] [Warning] [omni.usd] Encountered USD Warnings but USD Diagnostics are currently muted. To view USD Warnings, please set the '/persistent/app/usd/muteUsdDiagnostics' setting to false in Preferences page.
[9.353s] [ext: omni.kit.property.material-1.14.6] startup
[9.358s] [ext: omni.kit.property.render-1.2.2] startup
[9.359s] [ext: omni.kit.property.transform-1.6.9] startup
[9.361s] [ext: omni.kit.property.bundle-1.5.1] startup
[9.363s] [ext: omni.kit.usdz_export-1.1.0] startup
[9.365s] [ext: omni.kit.tool.asset_importer-6.0.1] startup
[9.369s] [ext: omni.kit.ui.actions-1.0.5] startup
[9.370s] [ext: omni.kit.viewport.menubar.camera-107.0.10] startup
[9.374s] [ext: omni.kit.viewport.menubar.lighting-107.3.2] startup
[9.377s] [ext: omni.kit.viewport.menubar.render-110.0.0] startup
[9.378s] [ext: omni.kit.viewport.menubar.settings-110.0.1] startup
[9.381s] [ext: omni.kit.window.console-1.1.9] startup
[9.384s] [ext: omni.kit.window.status_bar-0.1.11] startup
[9.386s] [ext: omni.kit.window.toolbar-3.0.3] startup
[9.388s] [ext: omni.ocio-0.1.1] startup
[9.389s] [ext: omni.physx.commands-110.1.13] startup
[9.392s] [ext: omni.replicator.replicator_yaml-2.0.12] startup
[9.401s] [ext: omni.rtx.window.settings-0.8.0] startup
[9.405s] [ext: omni.rtx.settings.core-0.7.1] startup
[9.407s] [ext: omni.usd.metrics.assembler.ui-110.1.1] startup
[9.413s] [ext: semantics.schema.editor-2.0.2] startup
[9.415s] [ext: semantics.schema.property-2.0.2] startup
[9.416s] [ext: omni.kit.menu.common-2.0.2] startup
[9.417s] [ext: isaacsim.exp.base-6.0.1] startup
[9.418s] [ext: isaacsim.exp.base.python-6.0.1] startup
[9.419s] Simulation App Starting
[10.480s] Simulation App Startup Complete
[10.485s] app ready
Starting kit application with the following args:  ['/home/starry/isaac-data/isaacsim/exts/isaacsim.simulation_app/isaacsim/simulation_app/simulation_app.py', '/home/starry/isaac-data/isaacsim/apps/isaacsim.exp.base.python.kit', '--/app/tokens/exe-path=/home/starry/isaac-data/isaacsim/kit', '--/persistent/app/viewport/displayOptions=3094', '--/rtx/materialDb/syncLoads=True', '--/rtx/hydra/materialSyncLoads=True', '--/omni/kit/plugin/syncUsdLoads=True', '--/app/renderer/resolution/width=1280', '--/app/renderer/resolution/height=720', '--/app/window/width=1440', '--/app/window/height=900', '--/renderer/multiGpu/enabled=False', '--/app/fastShutdown=True', '--/app/installSignalHandlers=0', '--ext-folder', '/home/starry/isaac-data/isaacsim/exts', '--ext-folder', '/home/starry/isaac-data/isaacsim/apps', '--/renderer/activeGpu=0', '--/physics/cudaDevice=0', '--/plugins/carb.tasking.plugin/threadCount=12', '--/plugins/omni.tbb.globalcontrol/maxThreadCount=12', '--portable', '--no-window', '--/app/window/hideUi=1']
Passing the following args to the base kit application:  []
Warp 1.13.0 initialized:
   CUDA Toolkit 12.9, Driver 13.0
   Devices:
     "cpu"      : "x86_64"
     "cuda:0"   : "NVIDIA GeForce RTX 5070" (11 GiB, sm_120, mempool enabled)
   Kernel cache:
     /home/starry/.cache/warp/1.13.0
[LIGHTING] sun=800.0 (1) dome=0.0 (1) ambient=0.05 constant_color=(0.6, 0.65, 0.7)
[RENDER] mode=MinimalRendering minimal_shading_mode=2 anti_aliasing=TAA
[DEPTH CAMERAS] count=4 resolution_each=320x240 horizontal_coverage=360deg
[ESDF] path=/home/starry/isaac-data/EGO1P1/scenes/ego_swarm_cloud/occupancy.bin shape=(400, 300, 50) resolution=0.40m
[depth_angular_controller-1] [INFO] [1790707630.273991793] [depth_angular_controller]: WAITING_ODOMETRY
[NAV] t=0.0s position=(-64.00,-11.20,2.80) yaw=1.2deg command=(0.00,0.00,0.00) manual_active=0 collision_blocks=0
[depth_angular_controller-1] [INFO] [1790707630.647093761] [depth_angular_controller]: ZERO_INTENT
[depth_angular_controller-1] [INFO] [1790707632.314406720] [depth_angular_controller]: NAVIGATING
[11.013s] [ext: isaacsim.sensors.rtx.nodes-0.1.2] startup
[11.021s] [ext: isaacsim.ros2.core-1.9.4] startup
[11.035s] Attempting to load system rclpy
[11.036s] Could not import system rclpy: No module named 'rclpy'
[11.036s] Attempting to load internal rclpy for ROS Distro: humble
[11.047s] rclpy loaded
[11.050s] [ext: isaacsim.ros2.nodes-1.18.13] startup
[11.084s] [ext: isaacsim.ros2.examples-1.2.4] startup
[11.089s] [ext: isaacsim.ros2.ui-1.6.5] startup
[11.313s] [ext: isaacsim.ros2.bridge-5.1.2] startup
2026-09-29T18:47:10Z [13,237ms] [Warning] [omni.timeline.plugin] Deprecated: direct use of ITimeline callbacks is deprecated. Use ITimeline::getTimeline (Python: omni.timeline.get_timeline_interface) instead.
[position_cmd_to_twist-2] [INFO] [1790707635.140440016] [position_cmd_to_twist]: [PERF BRIDGE] run=final_v4_user_ego_4 elapsed=18.23s received=246 published=246 fps(ros/wall)=50.00/54.80 controller_to_bridge_ms(mean/p50/p95/max)=0.000/0.000/0.000/0.000 bridge_process_ms(mean/p95/max)=0.087/0.129/0.193
[NAV] t=5.0s position=(-60.88,-10.55,2.62) yaw=9.9deg command=(1.96,0.33,-0.04) manual_active=1 collision_blocks=0
[depth_angular_controller-1] [INFO] [1790707635.703140272] [depth_angular_controller]: [PERF CTRL] run=final_v4_user_ego_4 elapsed=18.90s callbacks=275 commands=274 guidance=174 command_fps(ros/wall)=49.94/53.99 guidance_wall_fps=51.03 avoid_ms(mean/p50/p95/max)=0.812/0.778/1.104/1.515 cycle_ms(mean/p95/max)=18.520/31.266/77.804 depth_to_cmd_ms(mean/p95/max)=16.667/16.667/16.667 callback_to_publish_ms(mean/p95/max)=0.696/1.799/2.417
[position_cmd_to_twist-2] [INFO] [1790707640.321814159] [position_cmd_to_twist]: [PERF BRIDGE] run=final_v4_user_ego_4 elapsed=23.42s received=496 published=496 fps(ros/wall)=50.00/51.24 controller_to_bridge_ms(mean/p50/p95/max)=0.000/0.000/0.000/0.000 bridge_process_ms(mean/p95/max)=0.088/0.124/0.268
[NAV] t=10.0s position=(-51.05,-9.01,2.12) yaw=10.0deg command=(1.95,0.10,-0.24) manual_active=1 collision_blocks=0
[depth_angular_controller-1] [INFO] [1790707640.721945479] [depth_angular_controller]: [PERF CTRL] run=final_v4_user_ego_4 elapsed=23.92s callbacks=519 commands=518 guidance=418 command_fps(ros/wall)=49.95/51.32 guidance_wall_fps=49.59 avoid_ms(mean/p50/p95/max)=0.799/0.771/1.095/1.515 cycle_ms(mean/p95/max)=19.487/32.079/93.882 depth_to_cmd_ms(mean/p95/max)=16.667/16.667/16.667 callback_to_publish_ms(mean/p95/max)=0.846/1.782/2.676
[position_cmd_to_twist-2] [INFO] [1790707645.269762811] [position_cmd_to_twist]: [PERF BRIDGE] run=final_v4_user_ego_4 elapsed=28.36s received=746 published=746 fps(ros/wall)=50.00/51.00 controller_to_bridge_ms(mean/p50/p95/max)=0.000/0.000/0.000/0.000 bridge_process_ms(mean/p95/max)=0.093/0.134/2.065
[NAV] t=15.0s position=(-41.44,-8.75,2.93) yaw=10.7deg command=(1.81,0.78,0.31) manual_active=1 collision_blocks=0
[depth_angular_controller-1] [INFO] [1790707645.733720393] [depth_angular_controller]: [PERF CTRL] run=final_v4_user_ego_4 elapsed=28.93s callbacks=773 commands=772 guidance=672 command_fps(ros/wall)=50.01/51.11 guidance_wall_fps=50.00 avoid_ms(mean/p50/p95/max)=0.824/0.791/1.134/2.193 cycle_ms(mean/p95/max)=19.568/32.116/93.882 depth_to_cmd_ms(mean/p95/max)=16.691/16.667/33.333 callback_to_publish_ms(mean/p95/max)=0.936/1.838/2.816
[position_cmd_to_twist-2] [INFO] [1790707650.259493809] [position_cmd_to_twist]: [PERF BRIDGE] run=final_v4_user_ego_4 elapsed=33.35s received=996 published=996 fps(ros/wall)=50.00/50.77 controller_to_bridge_ms(mean/p50/p95/max)=0.000/0.000/0.000/0.000 bridge_process_ms(mean/p95/max)=0.093/0.134/2.065
[NAV] t=20.0s position=(-31.92,-9.37,3.97) yaw=12.1deg command=(1.96,-0.39,-0.01) manual_active=1 collision_blocks=0
[depth_angular_controller-1] [INFO] [1790707650.749258008] [depth_angular_controller]: [PERF CTRL] run=final_v4_user_ego_4 elapsed=33.95s callbacks=1024 commands=1023 guidance=923 command_fps(ros/wall)=49.98/50.84 guidance_wall_fps=50.01 avoid_ms(mean/p50/p95/max)=0.863/0.883/1.203/2.660 cycle_ms(mean/p95/max)=19.669/32.116/94.253 depth_to_cmd_ms(mean/p95/max)=16.721/16.667/33.333 callback_to_publish_ms(mean/p95/max)=1.010/1.901/2.816
[position_cmd_to_twist-2] [INFO] [1790707655.279963239] [position_cmd_to_twist]: [PERF BRIDGE] run=final_v4_user_ego_4 elapsed=38.37s received=1246 published=1246 fps(ros/wall)=50.00/50.57 controller_to_bridge_ms(mean/p50/p95/max)=0.000/0.000/0.000/0.000 bridge_process_ms(mean/p95/max)=0.091/0.128/2.065
[NAV] t=25.0s position=(-22.10,-8.23,3.92) yaw=12.7deg command=(1.96,0.37,0.07) manual_active=1 collision_blocks=0
[depth_angular_controller-1] [INFO] [1790707655.751172158] [depth_angular_controller]: [PERF CTRL] run=final_v4_user_ego_4 elapsed=38.95s callbacks=1269 commands=1268 guidance=1168 command_fps(ros/wall)=49.98/50.47 guidance_wall_fps=49.79 avoid_ms(mean/p50/p95/max)=0.844/0.823/1.146/2.660 cycle_ms(mean/p95/max)=19.814/32.236/94.253 depth_to_cmd_ms(mean/p95/max)=16.709/16.667/33.333 callback_to_publish_ms(mean/p95/max)=1.007/1.883/2.816
[position_cmd_to_twist-2] [INFO] [1790707660.114840308] [position_cmd_to_twist]: [PERF BRIDGE] run=final_v4_user_ego_4 elapsed=43.21s received=1496 published=1496 fps(ros/wall)=50.00/50.76 controller_to_bridge_ms(mean/p50/p95/max)=0.000/0.000/0.000/0.000 bridge_process_ms(mean/p95/max)=0.091/0.127/2.065
[NAV] t=30.0s position=(-12.30,-6.47,4.37) yaw=13.0deg command=(1.96,0.42,-0.04) manual_active=1 collision_blocks=0
[depth_angular_controller-1] [INFO] [1790707660.760679928] [depth_angular_controller]: [PERF CTRL] run=final_v4_user_ego_4 elapsed=43.96s callbacks=1529 commands=1528 guidance=1428 command_fps(ros/wall)=49.98/50.71 guidance_wall_fps=50.16 avoid_ms(mean/p50/p95/max)=0.802/0.789/1.119/2.660 cycle_ms(mean/p95/max)=19.721/32.138/94.253 depth_to_cmd_ms(mean/p95/max)=16.702/16.667/33.333 callback_to_publish_ms(mean/p95/max)=0.975/1.810/2.816
[position_cmd_to_twist-2] [INFO] [1790707664.845443805] [position_cmd_to_twist]: [PERF BRIDGE] run=final_v4_user_ego_4 elapsed=47.94s received=1746 published=1746 fps(ros/wall)=50.00/51.05 controller_to_bridge_ms(mean/p50/p95/max)=0.000/0.000/0.000/0.000 bridge_process_ms(mean/p95/max)=0.091/0.127/2.065
[NAV] t=35.0s position=(-2.50,-4.60,3.99) yaw=13.4deg command=(1.97,0.17,-0.27) manual_active=1 collision_blocks=0
[depth_angular_controller-1] [INFO] [1790707665.776391139] [depth_angular_controller]: [PERF CTRL] run=final_v4_user_ego_4 elapsed=48.98s callbacks=1798 commands=1797 guidance=1697 command_fps(ros/wall)=50.00/51.13 guidance_wall_fps=50.68 avoid_ms(mean/p50/p95/max)=0.793/0.786/1.104/2.660 cycle_ms(mean/p95/max)=19.560/32.052/94.253 depth_to_cmd_ms(mean/p95/max)=16.726/16.667/33.333 callback_to_publish_ms(mean/p95/max)=0.977/1.805/3.222
[position_cmd_to_twist-2] [INFO] [1790707670.039407923] [position_cmd_to_twist]: [PERF BRIDGE] run=final_v4_user_ego_4 elapsed=53.13s received=1996 published=1996 fps(ros/wall)=50.00/50.66 controller_to_bridge_ms(mean/p50/p95/max)=0.000/0.000/0.000/0.000 bridge_process_ms(mean/p95/max)=0.090/0.127/2.065
[NAV] t=40.0s position=(7.28,-2.78,3.46) yaw=13.8deg command=(1.95,0.44,-0.04) manual_active=1 collision_blocks=0
[depth_angular_controller-1] [INFO] [1790707670.778774139] [depth_angular_controller]: [PERF CTRL] run=final_v4_user_ego_4 elapsed=53.98s callbacks=2038 commands=2037 guidance=1937 command_fps(ros/wall)=50.00/50.73 guidance_wall_fps=50.33 avoid_ms(mean/p50/p95/max)=0.773/0.768/1.084/2.660 cycle_ms(mean/p95/max)=19.711/32.087/94.253 depth_to_cmd_ms(mean/p95/max)=16.727/16.667/33.333 callback_to_publish_ms(mean/p95/max)=0.964/1.786/3.222
[position_cmd_to_twist-2] [INFO] [1790707674.981675986] [position_cmd_to_twist]: [PERF BRIDGE] run=final_v4_user_ego_4 elapsed=58.08s received=2246 published=2246 fps(ros/wall)=50.00/50.65 controller_to_bridge_ms(mean/p50/p95/max)=0.000/0.000/0.000/0.000 bridge_process_ms(mean/p95/max)=0.090/0.127/2.065
[NAV] t=45.0s position=(17.02,-0.54,3.24) yaw=14.0deg command=(1.92,0.49,-0.24) manual_active=1 collision_blocks=0
[depth_angular_controller-1] [INFO] [1790707675.833789485] [depth_angular_controller]: [PERF CTRL] run=final_v4_user_ego_4 elapsed=59.03s callbacks=2287 commands=2286 guidance=2186 command_fps(ros/wall)=50.00/50.57 guidance_wall_fps=50.21 avoid_ms(mean/p50/p95/max)=0.771/0.754/1.079/2.660 cycle_ms(mean/p95/max)=19.775/32.087/94.253 depth_to_cmd_ms(mean/p95/max)=16.735/16.667/33.333 callback_to_publish_ms(mean/p95/max)=0.967/1.782/3.222
[position_cmd_to_twist-2] [INFO] [1790707679.799752749] [position_cmd_to_twist]: [PERF BRIDGE] run=final_v4_user_ego_4 elapsed=62.89s received=2496 published=2496 fps(ros/wall)=50.00/50.78 controller_to_bridge_ms(mean/p50/p95/max)=0.000/0.000/0.000/0.000 bridge_process_ms(mean/p95/max)=0.090/0.127/2.065
[NAV] t=50.0s position=(26.46,2.12,1.52) yaw=13.6deg command=(1.95,0.45,0.03) manual_active=1 collision_blocks=0
[depth_angular_controller-1] [INFO] [1790707680.836866047] [depth_angular_controller]: [PERF CTRL] run=final_v4_user_ego_4 elapsed=64.04s callbacks=2550 commands=2549 guidance=2449 command_fps(ros/wall)=49.99/50.77 guidance_wall_fps=50.45 avoid_ms(mean/p50/p95/max)=0.786/0.777/1.079/2.660 cycle_ms(mean/p95/max)=19.698/32.052/94.253 depth_to_cmd_ms(mean/p95/max)=16.735/16.667/33.333 callback_to_publish_ms(mean/p95/max)=0.980/1.773/3.240
[position_cmd_to_twist-2] [INFO] [1790707684.799586575] [position_cmd_to_twist]: [PERF BRIDGE] run=final_v4_user_ego_4 elapsed=67.89s received=2746 published=2746 fps(ros/wall)=50.00/50.70 controller_to_bridge_ms(mean/p50/p95/max)=0.000/0.000/0.000/0.000 bridge_process_ms(mean/p95/max)=0.090/0.126/2.065
[NAV] t=55.0s position=(36.21,4.32,1.76) yaw=13.9deg command=(1.95,0.45,0.05) manual_active=1 collision_blocks=0
[depth_angular_controller-1] [INFO] [1790707685.863113469] [depth_angular_controller]: [PERF CTRL] run=final_v4_user_ego_4 elapsed=69.06s callbacks=2804 commands=2803 guidance=2703 command_fps(ros/wall)=49.99/50.75 guidance_wall_fps=50.46 avoid_ms(mean/p50/p95/max)=0.771/0.751/1.075/2.660 cycle_ms(mean/p95/max)=19.706/32.060/94.253 depth_to_cmd_ms(mean/p95/max)=16.734/16.667/33.333 callback_to_publish_ms(mean/p95/max)=0.975/1.781/3.240
[position_cmd_to_twist-2] [INFO] [1790707689.567386973] [position_cmd_to_twist]: [PERF BRIDGE] run=final_v4_user_ego_4 elapsed=72.66s received=2996 published=2996 fps(ros/wall)=50.00/50.84 controller_to_bridge_ms(mean/p50/p95/max)=0.000/0.000/0.000/0.000 bridge_process_ms(mean/p95/max)=0.089/0.125/2.065
[NAV] t=60.0s position=(45.95,6.58,2.00) yaw=14.4deg command=(1.95,0.46,0.05) manual_active=1 collision_blocks=0
[depth_angular_controller-1] [INFO] [1790707690.869133885] [depth_angular_controller]: [PERF CTRL] run=final_v4_user_ego_4 elapsed=74.07s callbacks=3065 commands=3064 guidance=2964 command_fps(ros/wall)=49.99/50.86 guidance_wall_fps=50.60 avoid_ms(mean/p50/p95/max)=0.761/0.739/1.067/2.660 cycle_ms(mean/p95/max)=19.661/32.042/94.253 depth_to_cmd_ms(mean/p95/max)=16.740/16.667/33.333 callback_to_publish_ms(mean/p95/max)=0.966/1.767/3.240
[position_cmd_to_twist-2] [INFO] [1790707694.574300975] [position_cmd_to_twist]: [PERF BRIDGE] run=final_v4_user_ego_4 elapsed=77.67s received=3246 published=3246 fps(ros/wall)=50.00/50.77 controller_to_bridge_ms(mean/p50/p95/max)=0.000/0.000/0.000/0.000 bridge_process_ms(mean/p95/max)=0.089/0.124/2.065
[NAV] t=65.0s position=(55.66,8.93,2.41) yaw=15.2deg command=(1.94,0.49,0.12) manual_active=1 collision_blocks=0
[depth_angular_controller-1] [INFO] [1790707695.881136175] [depth_angular_controller]: [PERF CTRL] run=final_v4_user_ego_4 elapsed=79.08s callbacks=3311 commands=3310 guidance=3210 command_fps(ros/wall)=50.00/50.73 guidance_wall_fps=50.48 avoid_ms(mean/p50/p95/max)=0.749/0.717/1.061/2.660 cycle_ms(mean/p95/max)=19.714/32.065/94.253 depth_to_cmd_ms(mean/p95/max)=16.745/16.667/33.333 callback_to_publish_ms(mean/p95/max)=0.958/1.762/3.751
[depth_angular_controller-1] [INFO] [1790707698.975581236] [depth_angular_controller]: ZERO_INTENT
[position_cmd_to_twist-2] [INFO] [1790707699.530682642] [position_cmd_to_twist]: [PERF BRIDGE] run=final_v4_user_ego_4 elapsed=82.62s received=3496 published=3496 fps(ros/wall)=50.00/50.75 controller_to_bridge_ms(mean/p50/p95/max)=0.000/0.000/0.000/0.000 bridge_process_ms(mean/p95/max)=0.089/0.124/2.065
[NAV] t=70.0s position=(64.14,11.38,3.24) yaw=-54.3deg command=(0.37,0.12,0.09) manual_active=0 collision_blocks=0
[depth_angular_controller-1] [INFO] [1790707699.654854775] [depth_angular_controller]: NAVIGATING
[depth_angular_controller-1] [INFO] [1790707700.883869362] [depth_angular_controller]: [PERF CTRL] run=final_v4_user_ego_4 elapsed=84.08s callbacks=3571 commands=3570 guidance=3434 command_fps(ros/wall)=50.00/50.81 guidance_wall_fps=50.07 avoid_ms(mean/p50/p95/max)=0.768/0.717/1.152/2.965 cycle_ms(mean/p95/max)=19.680/31.993/94.253 depth_to_cmd_ms(mean/p95/max)=16.749/16.667/33.333 callback_to_publish_ms(mean/p95/max)=0.971/1.836/3.751
[BENCHMARK RESULT] ARRIVED sim=69.700s
[PERF ISAAC FINAL] run=final_v4_user_ego_4 result=ARRIVED wall=70.90s sim_frames=4304 fps(sim/wall)=60.03/60.71 command_changes=2911 collision_blocks=0 frame_interval_ms(mean/p50/p95/max)=16.395/15.346/17.234/78.250
[84.006s] Simulation App Shutting Down
[depth_angular_controller-1] [INFO] [1790707701.872132141] [rclcpp]: signal_handler(SIGINT/SIGTERM)
[depth_angular_controller-1] [INFO] [1790707701.872710686] [depth_angular_controller]: [PERF CTRL FINAL] run=final_v4_user_ego_4 elapsed=85.07s callbacks=3586 commands=3585 guidance=3449 command_fps(ros/wall)=50.00/50.83 guidance_wall_fps=50.08 avoid_ms(mean/p50/p95/max)=0.771/0.718/1.192/2.965 cycle_ms(mean/p95/max)=19.674/31.989/94.253 depth_to_cmd_ms(mean/p95/max)=16.749/16.667/33.333 callback_to_publish_ms(mean/p95/max)=0.974/1.842/3.751
[position_cmd_to_twist-2] [INFO] [1790707701.872921963] [position_cmd_to_twist]: [PERF BRIDGE FINAL] run=final_v4_user_ego_4 elapsed=84.97s received=3585 published=3585 fps(ros/wall)=50.00/50.83 controller_to_bridge_ms(mean/p50/p95/max)=0.000/0.000/0.000/0.000 bridge_process_ms(mean/p95/max)=0.089/0.123/2.065
[position_cmd_to_twist-2] Failed to publish log message to rosout: publisher's context is invalid, at ./src/rcl/publisher.c:389
[INFO] [depth_angular_controller-1]: process has finished cleanly [pid 160376]
[INFO] [position_cmd_to_twist-2]: process has finished cleanly [pid 160378]
