[PERF] run=final_v1_ego1p1_2 log=/home/starry/isaac-data/EGO1P1/performance/navigation_benchmark_20260929/PERFORMANCE.md
[INPUT] mode=goal scene_mode=cloud
[INFO] [launch]: All log files can be found below /tmp/fov_gvf_ego1p1_isaac_ros_log/2026-09-29-22-22-57-565347-starry-System-Product-Name-91138
[INFO] [launch]: Default logging verbosity is set to INFO
[INFO] [depth_angular_controller-1]: process started with pid [91140]
[INFO] [position_cmd_to_twist-2]: process started with pid [91142]
[depth_angular_controller-1] [INFO] [1790691777.601611384] [depth_angular_controller]: C++ controller commands publish on /position_cmd; horizontal views=4
[ROS CHECK] ROS_DOMAIN_ID=42 /position_cmd publishers=1
Type: pc_gvf_msgs/msg/PositionCommand
Publisher count: 1
Subscription count: 1
/depth_angular_controller
/position_cmd_to_twist
WARNING: All log messages before absl::InitializeLog() is called are written to STDERR
E0000 00:00:1790691778.564145   91181 descriptor_database.cc:633] File already exists in database: grpc/health/v1/health.proto
W0000 00:00:1790691778.564167   91181 message.cc:301] Protobuf GeneratedMessageFactory: File is already registered: grpc/health/v1/health.proto
2026-09-29T14:22:58Z [Info] [carb] Logging to file: /home/starry/isaac-data/isaacsim/kit/logs/Kit/Isaac-Sim Python/6.0/kit_20260929_222258.log
[0.046s] [ext: omni.assets.plugins-0.0.0] startup
[0.047s] [ext: omni.blobkey-1.1.2] startup
[0.047s] [ext: omni.kit.async_engine-0.0.3] startup
[0.320s] [ext: omni.client.lib-1.1.1] startup
[0.328s] [ext: omni.client-1.3.0] startup
[0.330s] [ext: omni.protobuf.lib-1.0.0] startup
[0.331s] [ext: omni.grpc.lib-1.0.0] startup
[0.334s] [ext: omni.metrics.core-0.0.3] startup
[0.334s] [ext: omni.datastore-0.0.0] startup
[0.335s] [ext: omni.gpu_foundation.shadercache.vulkan-1.0.0] startup
[0.337s] [ext: omni.hsscclient-1.1.4] startup
[0.337s] [ext: omni.stats-1.0.1] startup
[0.337s] [ext: omni.ujitso.default-1.0.0] startup
[0.340s] [ext: omni.gpu_foundation-0.0.0] startup
[0.469s] [ext: carb.windowing.plugins-1.0.1] startup
[0.470s] [ext: omni.kit.renderer.init-1.0.1] startup
2026-09-29T14:22:58Z [668ms] [Warning] [omni.rtx] Skipping unsupported non-NVIDIA GPU: AMD Unknown (RADV RAPHAEL_MENDOCINO)
2026-09-29T14:22:58Z [668ms] [Warning] [omni.rtx] Skipping unsupported non-NVIDIA GPU: AMD Unknown (RADV RAPHAEL_MENDOCINO)

|---------------------------------------------------------------------------------------------|
| Driver Version: 580.178.04    | Graphics API: Vulkan
|=============================================================================================|
| GPU | Name                             | Active | LDA | GPU Memory | Vendor-ID | LUID       |
|     |                                  |        |     |            | Device-ID | UUID       |
|     |                                  |        |     |            | Bus-ID    |            |
|---------------------------------------------------------------------------------------------|
| 0   | NVIDIA GeForce RTX 5070          | Yes: 0 |     | 12227   MB | 10de      | 0          |
|     |                                  |        |     |            | 2f04      | 348d89fe.. |
|     |                                  |        |     |            | 1         |            |
|---------------------------------------------------------------------------------------------|
| 1   | AMD Unknown (RADV RAPHAEL_MEND.. |        |     | 10755   MB | 1002      | 0          |
|     |                                  |        |     |            | 13c0      | 00000000.. |
|     |                                  |        |     |            | c         |            |
|=============================================================================================|
| OS: 22.04.5 LTS (Jammy Jellyfish) ubuntu, Version: 22.04.5, Kernel: 6.8.0-138-generic
| XServer Vendor: The X.Org Foundation, XServer Version: 12101004 (1.21.1.4)
| Processor: AMD Ryzen 5 9600X 6-Core Processor
| Cores: 6 | Logical Cores: 12
|---------------------------------------------------------------------------------------------|
| Total Memory (MB): 31241 | Free Memory: 23018
| Total Page/Swap (MB): 15624 | Free Page/Swap: 15624
|---------------------------------------------------------------------------------------------|
2026-09-29T14:22:59Z [878ms] [Warning] [omni.rtx] CPU performance profile is set to powersave. This profile sets the CPU to the lowest frequency reducing performance.
2026-09-29T14:22:59Z [886ms] [Warning] [omni.rtx] IOMMU is enabled.
[0.989s] [ext: omni.kit.pipapi-0.0.0] startup
[0.990s] [ext: omni.kit.pip_archive-0.0.0] startup
[0.990s] [ext: isaacsim.pip.newton-0.6.1] startup
[0.990s] [ext: omni.pip.compute-1.9.2] startup
[0.990s] [ext: omni.isaac.core_archive-5.3.1] startup
[0.991s] [ext: omni.kit.telemetry-0.5.2] startup
[1.010s] [ext: omni.kit.loop-isaac-1.6.0] startup
[1.011s] [ext: omni.kit.test-2.0.7] startup
[1.062s] [ext: omni.materialx.libs-1.0.9] startup
[1.068s] [ext: omni.gpucompute.plugins-0.0.0] startup
[1.068s] [ext: omni.usd.config-1.0.7] startup
[1.071s] [ext: omni.usd.libs-1.0.3] startup
[1.126s] [ext: omni.iray.libs-0.0.1] startup
[1.128s] [ext: omni.mdl-57.0.3] startup
[1.189s] [ext: omni.mdl.neuraylib-0.2.20] startup
[1.191s] [ext: omni.kit.usd.mdl-1.1.9] startup
[1.281s] [ext: omni.appwindow-1.2.2] startup
[1.283s] [ext: omni.kit.renderer.core-1.2.2] startup
2026-09-29T14:23:04Z [6,510ms] [Warning] [carb.windowing-glfw.gamepad] Joystick with unknown remapping detected (will be ignored):  BEITONG BEITONG A2P3A BFM DONGLE [03000000bc2000001c51000011010000]
[6.543s] [ext: omni.kit.renderer.capture-2.0.1] startup
[6.545s] [ext: omni.kit.renderer.imgui-2.0.6] startup
[6.582s] [ext: omni.ui-3.2.0] startup
[6.588s] [ext: omni.kit.mainwindow-1.0.3] startup
[6.589s] [ext: carb.audio-0.1.0] startup
[6.591s] [ext: omni.uiaudio-1.0.0] startup
[6.591s] [ext: omni.kit.uiapp-0.0.0] startup
[6.591s] [ext: omni.usd.schema.metrics.assembler-110.1.0] startup
[6.594s] [ext: omni.usd.schema.audio-0.0.1] startup
[6.596s] [ext: omni.usd_resolver-1.0.0] startup
[6.598s] [ext: omni.usd.core-1.8.3] startup
[6.601s] [ext: omni.metropolis.schema-0.0.3] startup
[6.601s] [ext: isaacsim.anim.robot.schema-0.1.1] startup
[6.602s] [ext: omni.usd.schema.anim-0.0.1] startup
[6.614s] [ext: omni.usd.schema.geospatial-0.0.1] startup
[6.616s] [ext: omni.usd.schema.omnigraph-1.0.1] startup
[6.620s] [ext: omni.usd.schema.semantics-0.0.0] startup
[6.622s] [ext: omni.activity.core-1.0.3] startup
[6.623s] [ext: omni.cubric-0.1.0] startup
[6.623s] [ext: omni.graph.exec-0.9.6] startup
[6.623s] [ext: omni.hydra.scene_delegate-0.3.5] startup
[6.626s] [ext: usdrt.scenegraph-7.6.3] startup
[6.645s] [ext: omni.hydra.usdrt_delegate-7.5.2] startup
[6.648s] [ext: omni.inspect-1.0.2] startup
[6.649s] [ext: omni.kit.actions.core-1.0.0] startup
[6.651s] [ext: omni.kit.audiodeviceenum-1.0.2] startup
[6.651s] [ext: omni.kit.commands-1.5.0] startup
[6.654s] [ext: omni.kit.exec.core-0.13.5] startup
[6.655s] [ext: omni.kit.usd_undo-0.1.8] startup
[6.655s] [ext: omni.kit.window.popup_dialog-2.0.25] startup
[6.658s] [ext: omni.kit.widget.nucleus_connector-2.3.1] startup
[6.660s] [ext: omni.timeline-1.1.0] startup
[6.661s] [ext: omni.usd-1.16.0] startup
[6.687s] [ext: omni.graph.core-3.1.2] startup
[6.689s] [ext: omni.kit.notification_manager-1.0.11] startup
[6.690s] [ext: isaacsim.core.deprecation_manager-0.4.2] startup
[6.691s] [ext: isaacsim.replicator.agent.schema-0.1.1] startup
[6.692s] [ext: isaacsim.robot.schema-6.3.7] startup
[6.696s] [ext: isaacsim.robot_motion.schema-0.2.1] startup
[6.697s] [ext: omni.anim.behavior.schema-110.1.0] startup
[6.699s] [ext: omni.anim.graph.schema-110.1.1] startup
[6.704s] [ext: omni.anim.navigation.schema-110.1.0] startup
[6.706s] [ext: omni.behavior.tree.schema-110.1.0] startup
[6.707s] [ext: omni.isaac.ml_archive-3.3.0] startup
[6.707s] [ext: omni.kit.asset_converter-6.0.1] startup
[6.716s] [ext: omni.pip.cloud-1.5.4] startup
[6.717s] [ext: omni.usd.schema.flow-110.0.0] startup
[6.718s] [ext: omni.usd.schema.mujoco-1.1.1] startup
[6.718s] [ext: omni.usd.schema.newton-1.2.1] startup
[6.719s] [ext: omni.usd.schema.omni_lens_distortion-1.0.0] startup
[6.719s] [ext: omni.usd.schema.omni_projectors-1.0.0] startup
[6.720s] [ext: omni.usd.schema.omni_sensors-0.0.0] startup
[6.726s] [ext: omni.usd.schema.omniscripting-1.0.1] startup
[6.729s] [ext: omni.usd.schema.physical_lighting-0.1.0] startup
[6.731s] [ext: omni.usd.schema.physx-110.1.13] startup
[6.755s] [ext: omni.usd.schema.render_settings.rtx-1.0.2] startup
[6.757s] [ext: omni.usd.schema.usd_particle_field-1.0.0] startup
[6.758s] [ext: isaacsim.core.version-2.1.1] startup
[6.758s] [ext: omni.kit.menu.core-1.2.0] startup
[6.759s] [ext: omni.kit.menu.utils-2.2.4] startup
[6.765s] [ext: isaacsim.app.about-2.3.1] startup
[6.768s] [ext: isaacsim.asset.transformer-1.2.5] startup
[6.771s] [ext: omni.scene.optimizer.core-110.1.0] startup
[6.801s] [ext: isaacsim.asset.importer.utils-1.8.1] startup
[6.803s] [ext: omni.convexdecomposition-110.1.13] startup
[6.804s] [ext: omni.physics-110.1.13] startup
[6.807s] [ext: omni.physx.gpu-110.1.13] startup
[6.807s] [ext: omni.physx.foundation-110.1.13] startup
[6.808s] [ext: omni.usdphysics-110.1.13] startup
[6.809s] [ext: omni.physx.cooking-110.1.13] startup
[6.811s] [ext: omni.physx-110.1.13] startup
[6.818s] [ext: omni.physics.physx-110.1.13] startup
[6.819s] [ext: isaacsim.asset.exporter.urdf-2.0.5] startup
[6.826s] [ext: omni.kit.clipboard-1.1.1] startup
[6.827s] [ext: omni.kit.usd.layers-2.6.1] startup
[6.832s] [ext: omni.kit.widget.context_menu-1.4.0] startup
[6.833s] [ext: omni.kit.context_menu-1.9.0] startup
[6.834s] [ext: omni.kit.helper.file_utils-0.1.10] startup
[6.835s] [ext: omni.kit.widget.nucleus_info-2.0.2] startup
[6.836s] [ext: omni.kit.search_core-1.0.8] startup
[6.836s] [ext: omni.kit.widget.path_field-2.0.13] startup
[6.837s] [ext: omni.kit.widget.browser_bar-2.0.10] startup
[6.837s] [ext: omni.kit.widget.filebrowser-2.13.4] startup
[6.841s] [ext: omni.kit.widget.options_menu-1.1.6] startup
[6.843s] [ext: omni.kit.widget.options_button-1.0.3] startup
[6.843s] [ext: omni.kit.widget.search_delegate-1.0.9] startup
[6.844s] [ext: omni.ui.scene-2.0.3] startup
[6.847s] [ext: omni.kit.window.filepicker-2.15.5] startup
[6.857s] [ext: omni.kit.window.file_importer-1.1.21] startup
[6.858s] [ext: omni.kit.material.library-3.1.2] startup
[6.862s] [ext: isaacsim.asset.transformer.rules-1.7.10] startup
[6.870s] [ext: omni.usdex.libs-2.2.2] startup
[6.876s] [ext: isaacsim.asset.importer.mjcf-3.10.1] startup
[6.877s] [ext: isaacsim.asset.importer.urdf-3.11.2] startup
[6.880s] [ext: omni.kit.primitive.mesh-1.1.0] startup
[6.882s] [ext: omni.kit.stage_template.core-1.1.22] startup
[6.883s] [ext: omni.kit.stage_templates-2.0.2] startup
[6.884s] [ext: omni.usd.metrics.assembler-110.1.2] startup
[6.886s] [ext: omni.warp.core-1.13.0] startup
[7.071s] [ext: isaacsim.core.experimental.utils-0.17.2] startup
[7.072s] [ext: omni.physics.stageupdate-110.1.13] startup
[7.074s] [ext: omni.physics.tensors-110.1.13] startup
[7.077s] [ext: omni.physx.tensors-110.1.13] startup
[7.081s] [ext: isaacsim.core.simulation_manager-1.15.6] startup
[7.091s] [ext: isaacsim.storage.native-1.9.3] startup
[7.092s] [ext: omni.usd.metrics.assembler.physics-110.1.13] startup
[7.093s] [ext: isaacsim.core.utils-4.1.7] startup
[7.094s] [ext: isaacsim.core.prims-0.11.7] startup
[7.970s] [ext: isaacsim.core.api-5.2.13] startup
[7.975s] [ext: isaacsim.core.cloner-1.7.3] startup
[7.976s] [ext: isaacsim.test.docstring-1.3.2] startup
[7.978s] [ext: isaacsim.core.experimental.prims-1.8.9] startup
[7.997s] [ext: isaacsim.core.experimental.primdata-0.3.2] startup
[7.998s] [ext: omni.graph.tools-1.81.0] startup
[8.017s] [ext: omni.graph-1.142.5] startup
[8.049s] [ext: isaacsim.core.experimental.actuators-0.1.2] startup
[8.061s] [ext: isaacsim.core.experimental.materials-0.7.1] startup
[8.063s] [ext: isaacsim.core.experimental.objects-0.8.1] startup
[8.116s] [ext: omni.hydra.engine.stats-1.0.5] startup
[8.118s] [ext: omni.hydra.rtx.shadercache.vulkan-1.0.0] startup
[8.119s] [ext: omni.index.libs-387500.4413.0] startup
[8.119s] [ext: omni.index-1.0.1] startup
[8.119s] [ext: omni.ujitso.client-0.0.0] startup
[8.119s] [ext: omni.usd.schema.playback-1.0.0] startup
[8.122s] [ext: omni.volume-0.5.2] startup
[8.126s] [ext: omni.hydra.rtx-1.0.4] startup
2026-09-29T14:23:06Z [8,114ms] [Warning] [omni.log] Source: omni.hydra was already registered.
[8.147s] [ext: omni.kit.hydra_texture-1.6.0] startup
[8.149s] [ext: omni.kit.raycast.query-1.2.0] startup
[8.153s] [ext: omni.kit.viewport.legacy_gizmos-1.0.24] startup
[8.154s] [ext: omni.kit.viewport.registry-104.0.6] startup
[8.155s] [ext: omni.kit.viewport.scene_camera_model-1.0.7] startup
[8.158s] [ext: omni.kit.widget.viewport-109.2.0] startup
[8.161s] [ext: omni.kit.window.drop_support-1.0.8] startup
[8.162s] [ext: omni.kit.viewport.window-109.0.2] startup
[8.175s] [ext: omni.kit.viewport.utility-2.0.1] startup
[8.176s] [ext: isaacsim.core.rendering_manager-0.4.3] startup
[8.196s] [ext: omni.graph.action_core-1.1.9] startup
[8.198s] [ext: omni.graph.action_nodes_core-2.11.0] startup
[8.200s] [ext: omni.graph.action_nodes-2.11.0] startup
[8.216s] [ext: omni.graph.action-2.10.2] startup
[8.217s] [ext: omni.graph.image.core-0.6.1] startup
[8.217s] [ext: omni.graph.image.nodes-1.3.1] startup
[8.218s] [ext: omni.graph.nodes_core-2.11.0] startup
[8.222s] [ext: omni.graph.nodes-2.12.0] startup
[8.226s] [ext: omni.kit.hotkeys.core-1.3.12] startup
[8.227s] [ext: omni.kit.property.adapter.core-1.1.1] startup
[8.229s] [ext: omni.kit.property.adapter.usd-1.0.5] startup
[8.230s] [ext: omni.kit.widget.filter-1.1.5] startup
[8.231s] [ext: omni.kit.widget.highlight_label-1.0.3] startup
[8.231s] [ext: omni.kit.widget.searchfield-1.1.8] startup
[8.232s] [ext: omni.kit.window.file_exporter-1.0.36] startup
[8.233s] [ext: omni.kit.widget.stage-4.4.0] startup
[8.241s] [ext: omni.kit.window.content_browser_registry-0.0.6] startup
[8.241s] [ext: omni.kit.window.file-2.0.10] startup
[8.244s] [ext: omni.kit.window.content_browser-3.1.8] startup
[8.253s] [ext: omni.kit.window.property-1.15.1] startup
[8.262s] [ext: omni.kit.property.usd-4.9.4] startup
[8.270s] [ext: omni.graph.scriptnode-2.10.2] startup
[8.277s] [ext: omni.kit.widget.searchable_combobox-1.0.7] startup
[8.278s] [ext: omni.kit.widget.settings-2.0.0] startup
[8.280s] [ext: omni.kit.window.preferences-1.8.3] startup
[8.284s] [ext: omni.kit.viewport.menubar.core-107.2.2] startup
[8.293s] [ext: omni.syntheticdata-0.6.15] startup
[8.316s] [ext: omni.replicator.nv-1.1.1] startup
[8.320s] [ext: omni.videoencoding-0.2.1] startup
[8.322s] [ext: omni.replicator.core-1.13.27] startup
2026-09-29T14:23:06Z [8,306ms] [Warning] [pxr.Semantics] pxr.Semantics is deprecated - please use Semantics instead
2026-09-29T14:23:06Z [8,371ms] [Warning] [omni.replicator.core.scripts.extension] No material configuration file, adding configuration to material settings directly.
[8.521s] [ext: isaacsim.core.nodes-5.10.5] startup
[8.545s] [ext: isaacsim.core.throttling-2.3.5] startup
[8.546s] [ext: omni.kit.manipulator.viewport-107.0.1] startup
[8.547s] [ext: omni.graph.visualization.nodes-2.1.4] startup
[8.558s] [ext: omni.kit.window.extensions-1.5.10] startup
[8.563s] [ext: isaacsim.gui.components-1.8.5] startup
[8.566s] [ext: isaacsim.robot.surface_gripper-3.6.2] startup
[8.576s] [ext: isaacsim.robot.manipulators-3.4.4] startup
[8.584s] [ext: isaacsim.robot_motion.lula-4.1.3] startup
[8.590s] [ext: isaacsim.robot_motion.motion_generation-8.2.9] startup
[8.594s] [ext: isaacsim.cortex.framework-1.0.18] startup
[8.595s] [ext: isaacsim.cortex.behaviors-2.0.17] startup
[8.597s] [ext: isaacsim.examples.base-1.3.2] startup
[8.598s] [ext: omni.kit.widget.zoombar-1.0.7] startup
[8.598s] [ext: omni.kit.browser.core-2.3.18] startup
[8.601s] [ext: omni.kit.browser.folder.core-2.0.2] startup
[8.604s] [ext: omni.kit.widget.stage_icons-1.0.8] startup
[8.605s] [ext: omni.kit.window.stage-2.6.1] startup
[8.608s] [ext: omni.kit.menu.stage-1.2.7] startup
[8.609s] [ext: omni.kit.usd.collect-3.0.6] startup
[8.611s] [ext: omni.kit.widget.prompt-1.0.7] startup
[8.612s] [ext: omni.kit.tool.collect-2.2.19] startup
[8.613s] [ext: isaacsim.examples.browser-0.3.2] startup
[8.615s] [ext: omni.kit.search.files-1.0.4] startup
[8.616s] [ext: omni.kit.widget.calendar-1.0.9] startup
[8.617s] [ext: omni.kit.widget.extended_searchfield-1.0.31] startup
[8.623s] [ext: omni.simready.content.browser-0.3.7] startup
[8.707s] [ext: isaacsim.gui.content_browser-0.4.3] startup
[8.710s] [ext: omni.kit.selection-0.1.6] startup
[8.711s] [ext: isaacsim.gui.menu-2.10.5] startup
[8.718s] [ext: isaacsim.gui.property-1.6.4] startup
[8.723s] [ext: omni.kit.viewport.actions-110.0.0] startup
[8.727s] [ext: omni.kit.viewport.menubar.display-107.1.3] startup
[8.728s] [ext: isaacsim.gui.sensors.icon-2.2.1] startup
[8.731s] [ext: omni.behavior.scripting.core-110.1.0] startup
[8.733s] [ext: isaacsim.replicator.behavior-1.5.4] startup
[8.734s] [ext: isaacsim.replicator.experimental.domain_randomization-1.2.5] startup
[8.747s] [ext: isaacsim.replicator.domain_randomization-1.2.2] startup
[8.814s] [ext: isaacsim.replicator.writers-1.5.4] startup
[8.835s] [ext: isaacsim.robot.experimental.wheeled_robots-0.2.11] startup
[8.855s] [ext: isaacsim.robot.policy.examples-5.2.12] startup
[8.872s] [ext: isaacsim.robot.wheeled_robots-5.2.4] startup
[8.876s] [ext: isaacsim.robot.wheeled_robots.nodes-0.1.5] startup
[8.892s] [ext: isaacsim.robot_motion.experimental.motion_generation-6.1.3] startup
[8.902s] [ext: isaacsim.robot_motion.cumotion-1.3.1] startup
[8.914s] [ext: omni.kit.numpy.common-0.1.3] startup
[8.915s] [ext: isaacsim.sensors.camera-1.7.9] startup
[8.942s] [ext: isaacsim.sensors.experimental.physics-3.0.2] startup
[8.948s] [ext: omni.sensors.net-1.0.1] startup
[8.950s] [ext: omni.sensors.nv.common-3.0.0] startup
[8.959s] [ext: omni.sensors.nv.materials-2.0.0] startup
[8.962s] [ext: omni.sensors.nv.acoustic-3.0.0] startup
[8.964s] [ext: omni.sensors.nv.ids-2.0.1] startup
[8.965s] [ext: omni.sensors.nv.lidar-3.0.0] startup
[8.968s] [ext: omni.sensors.nv.radar-3.0.0] startup
[8.970s] [ext: isaacsim.sensors.experimental.rtx-1.4.6] startup
[9.205s] [ext: isaacsim.sensors.physics.nodes-1.5.3] startup
[9.210s] [ext: isaacsim.util.debug_draw-3.2.3] startup
[9.214s] [ext: isaacsim.sensors.physx-2.5.5] startup
[9.221s] [ext: isaacsim.sensors.rtx-15.17.1] startup
[9.230s] [ext: isaacsim.simulation_app-2.18.4] startup
[9.230s] [ext: omni.anim.curve.core-1.6.0] startup
[9.239s] [ext: omni.graph.ui_nodes-2.11.1] startup
[9.259s] [ext: omni.hydra.scene_api-0.1.3] startup
[9.262s] [ext: omni.kit.manipulator.camera-110.0.0] startup
[9.265s] [ext: omni.kit.manipulator.selector-1.1.4] startup
[9.266s] [ext: omni.kit.manipulator.transform-107.0.0] startup
[9.269s] [ext: omni.kit.widget.toolbar-2.1.0] startup
[9.274s] [ext: omni.kit.manipulator.tool.snap-1.5.14] startup
[9.278s] [ext: omni.kit.viewport.manipulator.transform-107.0.4] startup
[9.279s] [ext: omni.kit.manipulator.prim.core-108.0.2] startup
[9.284s] [ext: omni.kit.manipulator.prim.usd-107.0.3] startup
[9.285s] [ext: omni.kit.manipulator.prim-108.0.0] startup
[9.285s] [ext: omni.kit.manipulator.selection-109.0.1] startup
[9.286s] [ext: omni.kit.menu.create-2.0.2] startup
[9.288s] [ext: omni.kit.property.audio-1.0.16] startup
[9.290s] [ext: omni.kit.property.camera-1.0.14] startup
[9.291s] [ext: omni.kit.property.geometry-2.1.2] startup
[9.294s] [ext: omni.kit.property.light-1.0.14] startup
2026-09-29T14:23:07Z [9,291ms] [Warning] [omni.usd] Encountered USD Warnings but USD Diagnostics are currently muted. To view USD Warnings, please set the '/persistent/app/usd/muteUsdDiagnostics' setting to false in Preferences page.
[9.321s] [ext: omni.kit.property.material-1.14.6] startup
[9.326s] [ext: omni.kit.property.render-1.2.2] startup
[9.327s] [ext: omni.kit.property.transform-1.6.9] startup
[9.330s] [ext: omni.kit.property.bundle-1.5.1] startup
[9.331s] [ext: omni.kit.usdz_export-1.1.0] startup
[9.333s] [ext: omni.kit.tool.asset_importer-6.0.1] startup
[9.337s] [ext: omni.kit.ui.actions-1.0.5] startup
[9.339s] [ext: omni.kit.viewport.menubar.camera-107.0.10] startup
[9.343s] [ext: omni.kit.viewport.menubar.lighting-107.3.2] startup
[9.345s] [ext: omni.kit.viewport.menubar.render-110.0.0] startup
[9.347s] [ext: omni.kit.viewport.menubar.settings-110.0.1] startup
[9.349s] [ext: omni.kit.window.console-1.1.9] startup
[9.352s] [ext: omni.kit.window.status_bar-0.1.11] startup
[9.354s] [ext: omni.kit.window.toolbar-3.0.3] startup
[9.356s] [ext: omni.ocio-0.1.1] startup
[9.357s] [ext: omni.physx.commands-110.1.13] startup
[9.360s] [ext: omni.replicator.replicator_yaml-2.0.12] startup
[9.368s] [ext: omni.rtx.window.settings-0.8.0] startup
[9.372s] [ext: omni.rtx.settings.core-0.7.1] startup
[9.375s] [ext: omni.usd.metrics.assembler.ui-110.1.1] startup
[9.381s] [ext: semantics.schema.editor-2.0.2] startup
[9.383s] [ext: semantics.schema.property-2.0.2] startup
[9.384s] [ext: omni.kit.menu.common-2.0.2] startup
[9.385s] [ext: isaacsim.exp.base-6.0.1] startup
[9.385s] [ext: isaacsim.exp.base.python-6.0.1] startup
[9.387s] Simulation App Starting
[10.445s] Simulation App Startup Complete
[10.449s] app ready
Starting kit application with the following args:  ['/home/starry/isaac-data/isaacsim/exts/isaacsim.simulation_app/isaacsim/simulation_app/simulation_app.py', '/home/starry/isaac-data/isaacsim/apps/isaacsim.exp.base.python.kit', '--/app/tokens/exe-path=/home/starry/isaac-data/isaacsim/kit', '--/persistent/app/viewport/displayOptions=3094', '--/rtx/materialDb/syncLoads=True', '--/rtx/hydra/materialSyncLoads=True', '--/omni/kit/plugin/syncUsdLoads=True', '--/app/renderer/resolution/width=1280', '--/app/renderer/resolution/height=720', '--/app/window/width=1440', '--/app/window/height=900', '--/renderer/multiGpu/enabled=False', '--/app/fastShutdown=True', '--/app/installSignalHandlers=0', '--ext-folder', '/home/starry/isaac-data/isaacsim/exts', '--ext-folder', '/home/starry/isaac-data/isaacsim/apps', '--/renderer/activeGpu=0', '--/physics/cudaDevice=0', '--/plugins/carb.tasking.plugin/threadCount=12', '--/plugins/omni.tbb.globalcontrol/maxThreadCount=12', '--portable', '--no-window', '--/app/window/hideUi=1']
Passing the following args to the base kit application:  []
Warp 1.13.0 initialized:
   CUDA Toolkit 12.9, Driver 13.0
   Devices:
     "cpu"      : "x86_64"
     "cuda:0"   : "NVIDIA GeForce RTX 5070" (11 GiB, sm_120, mempool enabled)
   Kernel cache:
     /home/starry/.cache/warp/1.13.0
[LIGHTING] sun=800.0 (1) dome=0.0 (1) ambient=0.05 constant_color=(0.6, 0.65, 0.7)
[RENDER] mode=MinimalRendering minimal_shading_mode=2 anti_aliasing=TAA
[DEPTH CAMERAS] count=4 resolution_each=320x240 horizontal_coverage=360deg
[ESDF] path=/home/starry/isaac-data/EGO1P1/scenes/ego_swarm_cloud/occupancy.bin shape=(400, 300, 50) resolution=0.40m
[depth_angular_controller-1] [INFO] [1790691791.037758446] [depth_angular_controller]: WAITING_ODOMETRY
[NAV] t=0.0s position=(-64.00,-11.20,2.80) yaw=1.2deg command=(0.00,0.00,0.00) manual_active=0 collision_blocks=0
[depth_angular_controller-1] [INFO] [1790691791.409141398] [depth_angular_controller]: WAITING_VERIFIED_START_POSE
[depth_angular_controller-1] [INFO] [1790691791.446008090] [depth_angular_controller]: VERIFIED_FREE_SEED center=(-64.000,-11.200,2.800) radius=2.500 balls=1: verified fixed Cloud free ball; USD and occupancy SHA-256 matched
[depth_angular_controller-1] [INFO] [1790691791.446507447] [depth_angular_controller]: ZERO_INTENT
[depth_angular_controller-1] [INFO] [1790691793.288423795] [depth_angular_controller]: 3D guidance switched to view 0
[depth_angular_controller-1] [INFO] [1790691793.288473779] [depth_angular_controller]: DEPTH_PROPOSAL conservative_grid=64x48 measured_state=1 direction_only=1
[depth_angular_controller-1] [INFO] [1790691793.289463867] [depth_angular_controller]: DEPTH_PROPOSAL_CERTIFIED
[depth_angular_controller-1] [INFO] [1790691793.289477292] [depth_angular_controller]: PAPER_BUILD reason=FULL_MOTION_CERTIFICATE required=0.0000 best=0.0000 free=0 refined=0 tubes=0 revoked_tubes=0 proofs=0
[depth_angular_controller-1] [INFO] [1790691793.289484516] [depth_angular_controller]: PAPER_EVIDENCE retained=7 balls=1 revoked_balls=0 expired_views=0 evicted_views=0 radius=0.580 clearance=0.000 best_prefix=0.000
[depth_angular_controller-1] [INFO] [1790691794.291856590] [depth_angular_controller]: PAPER_BUILD reason=FULL_MOTION_CERTIFICATE required=0.0000 best=0.0000 free=0 refined=0 tubes=1 revoked_tubes=0 proofs=46
[depth_angular_controller-1] [INFO] [1790691794.291896455] [depth_angular_controller]: PAPER_EVIDENCE retained=11 balls=4 revoked_balls=0 expired_views=0 evicted_views=0 radius=0.580 clearance=0.000 best_prefix=0.000
[10.978s] [ext: isaacsim.sensors.rtx.nodes-0.1.2] startup
[10.987s] [ext: isaacsim.ros2.core-1.9.4] startup
[11.001s] Attempting to load system rclpy
[11.001s] Could not import system rclpy: No module named 'rclpy'
[11.001s] Attempting to load internal rclpy for ROS Distro: humble
[11.013s] rclpy loaded
[11.016s] [ext: isaacsim.ros2.nodes-1.18.13] startup
[11.051s] [ext: isaacsim.ros2.examples-1.2.4] startup
[11.055s] [ext: isaacsim.ros2.ui-1.6.5] startup
[11.280s] [ext: isaacsim.ros2.bridge-5.1.2] startup
2026-09-29T14:23:11Z [13,196ms] [Warning] [omni.timeline.plugin] Deprecated: direct use of ITimeline callbacks is deprecated. Use ITimeline::getTimeline (Python: omni.timeline.get_timeline_interface) instead.
[depth_angular_controller-1] [INFO] [1790691795.367577186] [depth_angular_controller]: PAPER_BUILD reason=FULL_MOTION_CERTIFICATE required=0.0000 best=0.0000 free=0 refined=0 tubes=4 revoked_tubes=0 proofs=93
[depth_angular_controller-1] [INFO] [1790691795.367619015] [depth_angular_controller]: PAPER_EVIDENCE retained=15 balls=15 revoked_balls=0 expired_views=0 evicted_views=0 radius=0.580 clearance=0.000 best_prefix=0.000
[position_cmd_to_twist-2] [INFO] [1790691796.352992722] [position_cmd_to_twist]: [PERF BRIDGE] run=final_v1_ego1p1_2 elapsed=18.64s received=246 published=246 fps(ros/wall)=50.00/49.74 controller_to_bridge_ms(mean/p50/p95/max)=0.000/0.000/0.000/0.000 bridge_process_ms(mean/p95/max)=0.091/0.114/0.154
[depth_angular_controller-1] [INFO] [1790691796.418148940] [depth_angular_controller]: [PERF CTRL] run=final_v1_ego1p1_2 elapsed=18.82s callbacks=251 commands=250 guidance=150 command_fps(ros/wall)=49.97/49.71 guidance_wall_fps=47.61 avoid_ms(mean/p50/p95/max)=0.714/0.793/0.963/1.091 cycle_ms(mean/p95/max)=20.116/33.706/78.767 depth_to_cmd_ms(mean/p95/max)=31.444/33.333/50.000 callback_to_publish_ms(mean/p95/max)=5.803/7.484/14.100
[NAV] t=5.0s position=(-60.41,-10.16,2.70) yaw=9.7deg command=(1.97,0.35,-0.00) manual_active=1 collision_blocks=0
[depth_angular_controller-1] [INFO] [1790691796.435077316] [depth_angular_controller]: PAPER_BUILD reason=FULL_MOTION_CERTIFICATE required=0.0000 best=0.0000 free=0 refined=0 tubes=8 revoked_tubes=0 proofs=128
[depth_angular_controller-1] [INFO] [1790691796.435109927] [depth_angular_controller]: PAPER_EVIDENCE retained=19 balls=32 revoked_balls=0 expired_views=0 evicted_views=0 radius=0.580 clearance=0.000 best_prefix=0.000
[depth_angular_controller-1] [INFO] [1790691797.512348872] [depth_angular_controller]: PAPER_BUILD reason=FULL_MOTION_CERTIFICATE required=0.0000 best=0.0000 free=0 refined=0 tubes=12 revoked_tubes=0 proofs=128
[depth_angular_controller-1] [INFO] [1790691797.512384139] [depth_angular_controller]: PAPER_EVIDENCE retained=23 balls=32 revoked_balls=0 expired_views=0 evicted_views=0 radius=0.580 clearance=0.000 best_prefix=0.000
[depth_angular_controller-1] [INFO] [1790691798.587865586] [depth_angular_controller]: PAPER_BUILD reason=FULL_MOTION_CERTIFICATE required=0.0000 best=0.0000 free=0 refined=0 tubes=16 revoked_tubes=0 proofs=128
[depth_angular_controller-1] [INFO] [1790691798.587902475] [depth_angular_controller]: PAPER_EVIDENCE retained=27 balls=32 revoked_balls=0 expired_views=0 evicted_views=0 radius=0.580 clearance=0.000 best_prefix=0.000
[depth_angular_controller-1] [INFO] [1790691799.668568010] [depth_angular_controller]: PAPER_BUILD reason=FULL_MOTION_CERTIFICATE required=0.0000 best=0.0000 free=0 refined=0 tubes=20 revoked_tubes=0 proofs=128
[depth_angular_controller-1] [INFO] [1790691799.668609458] [depth_angular_controller]: PAPER_EVIDENCE retained=31 balls=32 revoked_balls=0 expired_views=0 evicted_views=0 radius=0.580 clearance=0.000 best_prefix=0.000
[depth_angular_controller-1] [INFO] [1790691800.754449353] [depth_angular_controller]: PAPER_BUILD reason=FULL_MOTION_CERTIFICATE required=0.0000 best=0.0000 free=0 refined=0 tubes=24 revoked_tubes=0 proofs=128
[depth_angular_controller-1] [INFO] [1790691800.754492995] [depth_angular_controller]: PAPER_EVIDENCE retained=32 balls=32 revoked_balls=0 expired_views=0 evicted_views=3 radius=0.580 clearance=0.000 best_prefix=0.000
[depth_angular_controller-1] [INFO] [1790691801.444258754] [depth_angular_controller]: [PERF CTRL] run=final_v1_ego1p1_2 elapsed=23.84s callbacks=479 commands=478 guidance=378 command_fps(ros/wall)=49.95/47.53 guidance_wall_fps=46.23 avoid_ms(mean/p50/p95/max)=0.896/0.839/2.119/2.667 cycle_ms(mean/p95/max)=21.038/34.615/98.127 depth_to_cmd_ms(mean/p95/max)=30.732/33.333/50.000 callback_to_publish_ms(mean/p95/max)=7.945/12.672/14.702
[position_cmd_to_twist-2] [INFO] [1790691801.806814973] [position_cmd_to_twist]: [PERF BRIDGE] run=final_v1_ego1p1_2 elapsed=24.10s received=496 published=496 fps(ros/wall)=50.00/47.63 controller_to_bridge_ms(mean/p50/p95/max)=0.000/0.000/0.000/0.000 bridge_process_ms(mean/p95/max)=0.096/0.121/0.318
[NAV] t=10.0s position=(-50.56,-9.03,2.35) yaw=10.0deg command=(1.99,-0.17,0.08) manual_active=1 collision_blocks=0
[depth_angular_controller-1] [INFO] [1790691801.901862252] [depth_angular_controller]: PAPER_BUILD reason=FULL_MOTION_CERTIFICATE required=0.0000 best=0.0000 free=0 refined=0 tubes=29 revoked_tubes=0 proofs=128
[depth_angular_controller-1] [INFO] [1790691801.901899191] [depth_angular_controller]: PAPER_EVIDENCE retained=32 balls=32 revoked_balls=0 expired_views=0 evicted_views=7 radius=0.580 clearance=0.000 best_prefix=0.000
[depth_angular_controller-1] [INFO] [1790691803.110411756] [depth_angular_controller]: PAPER_BUILD reason=FULL_MOTION_CERTIFICATE required=0.0000 best=0.0000 free=0 refined=0 tubes=33 revoked_tubes=0 proofs=128
[depth_angular_controller-1] [INFO] [1790691803.110453474] [depth_angular_controller]: PAPER_EVIDENCE retained=32 balls=32 revoked_balls=0 expired_views=0 evicted_views=11 radius=0.580 clearance=0.000 best_prefix=0.000
[depth_angular_controller-1] [INFO] [1790691804.197843959] [depth_angular_controller]: PAPER_BUILD reason=FULL_MOTION_CERTIFICATE required=0.0000 best=0.0000 free=0 refined=0 tubes=37 revoked_tubes=0 proofs=128
[depth_angular_controller-1] [INFO] [1790691804.197887330] [depth_angular_controller]: PAPER_EVIDENCE retained=32 balls=32 revoked_balls=0 expired_views=0 evicted_views=14 radius=0.580 clearance=0.000 best_prefix=0.000
[depth_angular_controller-1] [INFO] [1790691805.278826850] [depth_angular_controller]: PAPER_BUILD reason=FULL_MOTION_CERTIFICATE required=0.0000 best=0.0000 free=0 refined=0 tubes=41 revoked_tubes=0 proofs=128
[depth_angular_controller-1] [INFO] [1790691805.278861605] [depth_angular_controller]: PAPER_EVIDENCE retained=32 balls=32 revoked_balls=0 expired_views=0 evicted_views=18 radius=0.580 clearance=0.000 best_prefix=0.000
[depth_angular_controller-1] [INFO] [1790691806.356471626] [depth_angular_controller]: PAPER_BUILD reason=FULL_MOTION_CERTIFICATE required=0.0000 best=0.0000 free=0 refined=0 tubes=45 revoked_tubes=0 proofs=128
[depth_angular_controller-1] [INFO] [1790691806.356509537] [depth_angular_controller]: PAPER_EVIDENCE retained=32 balls=32 revoked_balls=0 expired_views=0 evicted_views=22 radius=0.580 clearance=0.000 best_prefix=0.000
[depth_angular_controller-1] [INFO] [1790691806.459571817] [depth_angular_controller]: [PERF CTRL] run=final_v1_ego1p1_2 elapsed=28.86s callbacks=707 commands=706 guidance=606 command_fps(ros/wall)=50.00/46.84 guidance_wall_fps=45.93 avoid_ms(mean/p50/p95/max)=1.056/0.924/2.220/5.422 cycle_ms(mean/p95/max)=21.348/34.978/102.526 depth_to_cmd_ms(mean/p95/max)=30.666/33.333/50.000 callback_to_publish_ms(mean/p95/max)=9.329/14.702/21.231
[position_cmd_to_twist-2] [INFO] [1790691807.279499740] [position_cmd_to_twist]: [PERF BRIDGE] run=final_v1_ego1p1_2 elapsed=29.57s received=746 published=746 fps(ros/wall)=50.00/46.97 controller_to_bridge_ms(mean/p50/p95/max)=0.424/0.000/0.000/16.667 bridge_process_ms(mean/p95/max)=0.103/0.128/2.093
[NAV] t=15.0s position=(-41.01,-8.45,3.15) yaw=10.6deg command=(1.85,0.69,0.20) manual_active=1 collision_blocks=0
[depth_angular_controller-1] [INFO] [1790691807.369856086] [depth_angular_controller]: PAPER_BUILD reason=FULL_MOTION_CERTIFICATE required=0.0000 best=0.0000 free=0 refined=0 tubes=49 revoked_tubes=0 proofs=128
[depth_angular_controller-1] [INFO] [1790691807.369889279] [depth_angular_controller]: PAPER_EVIDENCE retained=32 balls=32 revoked_balls=0 expired_views=0 evicted_views=26 radius=0.580 clearance=0.000 best_prefix=0.000
[depth_angular_controller-1] [INFO] [1790691808.496537893] [depth_angular_controller]: PAPER_BUILD reason=FULL_MOTION_CERTIFICATE required=0.0000 best=0.0000 free=0 refined=0 tubes=53 revoked_tubes=0 proofs=128
[depth_angular_controller-1] [INFO] [1790691808.496576094] [depth_angular_controller]: PAPER_EVIDENCE retained=32 balls=32 revoked_balls=0 expired_views=0 evicted_views=30 radius=0.580 clearance=0.000 best_prefix=0.000
[depth_angular_controller-1] [INFO] [1790691809.693572799] [depth_angular_controller]: PAPER_BUILD reason=FULL_MOTION_CERTIFICATE required=0.0000 best=0.0000 free=0 refined=0 tubes=57 revoked_tubes=0 proofs=128
[depth_angular_controller-1] [INFO] [1790691809.693610299] [depth_angular_controller]: PAPER_EVIDENCE retained=32 balls=32 revoked_balls=0 expired_views=0 evicted_views=34 radius=0.580 clearance=0.000 best_prefix=0.000
[depth_angular_controller-1] [INFO] [1790691810.695953460] [depth_angular_controller]: PAPER_BUILD reason=FULL_MOTION_CERTIFICATE required=0.0000 best=0.0000 free=0 refined=0 tubes=61 revoked_tubes=0 proofs=128
[depth_angular_controller-1] [INFO] [1790691810.695998023] [depth_angular_controller]: PAPER_EVIDENCE retained=32 balls=32 revoked_balls=0 expired_views=0 evicted_views=38 radius=0.580 clearance=0.000 best_prefix=0.000
[depth_angular_controller-1] [INFO] [1790691811.472990787] [depth_angular_controller]: [PERF CTRL] run=final_v1_ego1p1_2 elapsed=33.87s callbacks=940 commands=939 guidance=839 command_fps(ros/wall)=49.98/46.75 guidance_wall_fps=46.08 avoid_ms(mean/p50/p95/max)=1.035/1.012/2.119/5.422 cycle_ms(mean/p95/max)=21.390/34.996/102.526 depth_to_cmd_ms(mean/p95/max)=30.592/33.333/50.000 callback_to_publish_ms(mean/p95/max)=9.247/14.138/21.231
[depth_angular_controller-1] [INFO] [1790691811.832703790] [depth_angular_controller]: PAPER_BUILD reason=FULL_MOTION_CERTIFICATE required=0.0000 best=0.0000 free=0 refined=0 tubes=65 revoked_tubes=0 proofs=128
[depth_angular_controller-1] [INFO] [1790691811.832736662] [depth_angular_controller]: PAPER_EVIDENCE retained=32 balls=32 revoked_balls=0 expired_views=0 evicted_views=41 radius=0.580 clearance=0.000 best_prefix=0.000
[position_cmd_to_twist-2] [INFO] [1790691812.934492934] [position_cmd_to_twist]: [PERF BRIDGE] run=final_v1_ego1p1_2 elapsed=35.23s received=996 published=996 fps(ros/wall)=50.00/46.24 controller_to_bridge_ms(mean/p50/p95/max)=0.318/0.000/0.000/16.667 bridge_process_ms(mean/p95/max)=0.100/0.124/2.093
[NAV] t=20.0s position=(-32.74,-3.32,3.12) yaw=8.5deg command=(1.94,0.40,-0.07) manual_active=1 collision_blocks=0
[depth_angular_controller-1] [INFO] [1790691813.028163140] [depth_angular_controller]: PAPER_BUILD reason=FULL_MOTION_CERTIFICATE required=0.0000 best=0.0000 free=0 refined=0 tubes=69 revoked_tubes=0 proofs=128
[depth_angular_controller-1] [INFO] [1790691813.028207142] [depth_angular_controller]: PAPER_EVIDENCE retained=32 balls=32 revoked_balls=0 expired_views=0 evicted_views=45 radius=0.580 clearance=0.000 best_prefix=0.000
[depth_angular_controller-1] [INFO] [1790691814.060517848] [depth_angular_controller]: PAPER_BUILD reason=FULL_MOTION_CERTIFICATE required=0.0000 best=0.0000 free=0 refined=0 tubes=73 revoked_tubes=0 proofs=128
[depth_angular_controller-1] [INFO] [1790691814.060555509] [depth_angular_controller]: PAPER_EVIDENCE retained=32 balls=32 revoked_balls=0 expired_views=0 evicted_views=49 radius=0.580 clearance=0.000 best_prefix=0.000
[depth_angular_controller-1] [INFO] [1790691815.134084732] [depth_angular_controller]: PAPER_BUILD reason=FULL_MOTION_CERTIFICATE required=0.0000 best=0.0000 free=0 refined=0 tubes=77 revoked_tubes=0 proofs=128
[depth_angular_controller-1] [INFO] [1790691815.134127192] [depth_angular_controller]: PAPER_EVIDENCE retained=32 balls=32 revoked_balls=0 expired_views=0 evicted_views=53 radius=0.580 clearance=0.000 best_prefix=0.000
[depth_angular_controller-1] [INFO] [1790691816.145508894] [depth_angular_controller]: PAPER_BUILD reason=FULL_MOTION_CERTIFICATE required=0.0000 best=0.0000 free=0 refined=0 tubes=81 revoked_tubes=0 proofs=128
[depth_angular_controller-1] [INFO] [1790691816.145545853] [depth_angular_controller]: PAPER_EVIDENCE retained=32 balls=32 revoked_balls=0 expired_views=0 evicted_views=57 radius=0.580 clearance=0.000 best_prefix=0.000
[depth_angular_controller-1] [INFO] [1790691816.506782235] [depth_angular_controller]: [PERF CTRL] run=final_v1_ego1p1_2 elapsed=38.90s callbacks=1169 commands=1168 guidance=1068 command_fps(ros/wall)=49.98/46.50 guidance_wall_fps=45.96 avoid_ms(mean/p50/p95/max)=0.978/0.976/2.079/5.422 cycle_ms(mean/p95/max)=21.506/35.109/102.526 depth_to_cmd_ms(mean/p95/max)=30.462/33.333/50.000 callback_to_publish_ms(mean/p95/max)=9.379/13.816/21.231
[depth_angular_controller-1] [INFO] [1790691817.287414839] [depth_angular_controller]: PAPER_BUILD reason=FULL_MOTION_CERTIFICATE required=0.0000 best=0.0000 free=0 refined=0 tubes=85 revoked_tubes=0 proofs=128
[depth_angular_controller-1] [INFO] [1790691817.287452029] [depth_angular_controller]: PAPER_EVIDENCE retained=32 balls=32 revoked_balls=0 expired_views=0 evicted_views=61 radius=0.580 clearance=0.000 best_prefix=0.000
[position_cmd_to_twist-2] [INFO] [1790691818.273041340] [position_cmd_to_twist]: [PERF BRIDGE] run=final_v1_ego1p1_2 elapsed=40.56s received=1246 published=1246 fps(ros/wall)=50.00/46.35 controller_to_bridge_ms(mean/p50/p95/max)=0.254/0.000/0.000/16.667 bridge_process_ms(mean/p95/max)=0.100/0.125/2.093
[NAV] t=25.0s position=(-22.86,-1.83,3.05) yaw=8.5deg command=(1.98,0.30,-0.01) manual_active=1 collision_blocks=0
[depth_angular_controller-1] [INFO] [1790691818.427694151] [depth_angular_controller]: PAPER_BUILD reason=FULL_MOTION_CERTIFICATE required=0.0000 best=0.0000 free=0 refined=0 tubes=89 revoked_tubes=0 proofs=128
[depth_angular_controller-1] [INFO] [1790691818.427735719] [depth_angular_controller]: PAPER_EVIDENCE retained=32 balls=32 revoked_balls=0 expired_views=0 evicted_views=65 radius=0.580 clearance=0.000 best_prefix=0.000
[depth_angular_controller-1] [INFO] [1790691819.557011203] [depth_angular_controller]: PAPER_BUILD reason=FULL_MOTION_CERTIFICATE required=0.0000 best=0.0000 free=0 refined=0 tubes=93 revoked_tubes=0 proofs=128
[depth_angular_controller-1] [INFO] [1790691819.557047441] [depth_angular_controller]: PAPER_EVIDENCE retained=32 balls=32 revoked_balls=0 expired_views=0 evicted_views=69 radius=0.580 clearance=0.000 best_prefix=0.000
[depth_angular_controller-1] [INFO] [1790691820.612580524] [depth_angular_controller]: PAPER_BUILD reason=FULL_MOTION_CERTIFICATE required=0.0000 best=0.0000 free=0 refined=0 tubes=97 revoked_tubes=0 proofs=128
[depth_angular_controller-1] [INFO] [1790691820.612622122] [depth_angular_controller]: PAPER_EVIDENCE retained=32 balls=32 revoked_balls=0 expired_views=0 evicted_views=73 radius=0.580 clearance=0.000 best_prefix=0.000
[depth_angular_controller-1] [INFO] [1790691821.520345205] [depth_angular_controller]: [PERF CTRL] run=final_v1_ego1p1_2 elapsed=43.92s callbacks=1394 commands=1393 guidance=1293 command_fps(ros/wall)=49.98/46.23 guidance_wall_fps=45.76 avoid_ms(mean/p50/p95/max)=1.008/0.994/2.087/5.422 cycle_ms(mean/p95/max)=21.632/35.281/102.526 depth_to_cmd_ms(mean/p95/max)=30.549/33.333/50.000 callback_to_publish_ms(mean/p95/max)=9.501/13.300/21.231
[depth_angular_controller-1] [INFO] [1790691821.669172354] [depth_angular_controller]: PAPER_BUILD reason=FULL_MOTION_CERTIFICATE required=0.0000 best=0.0000 free=0 refined=0 tubes=102 revoked_tubes=0 proofs=128
[depth_angular_controller-1] [INFO] [1790691821.669204875] [depth_angular_controller]: PAPER_EVIDENCE retained=32 balls=32 revoked_balls=0 expired_views=0 evicted_views=77 radius=0.580 clearance=0.000 best_prefix=0.000
[depth_angular_controller-1] [INFO] [1790691822.849509657] [depth_angular_controller]: PAPER_BUILD reason=FULL_MOTION_CERTIFICATE required=0.0000 best=0.0000 free=0 refined=0 tubes=106 revoked_tubes=0 proofs=128
[depth_angular_controller-1] [INFO] [1790691822.849544071] [depth_angular_controller]: PAPER_EVIDENCE retained=32 balls=32 revoked_balls=0 expired_views=0 evicted_views=81 radius=0.580 clearance=0.000 best_prefix=0.000
[position_cmd_to_twist-2] [INFO] [1790691823.889086608] [position_cmd_to_twist]: [PERF BRIDGE] run=final_v1_ego1p1_2 elapsed=46.18s received=1496 published=1496 fps(ros/wall)=50.00/46.04 controller_to_bridge_ms(mean/p50/p95/max)=0.212/0.000/0.000/16.667 bridge_process_ms(mean/p95/max)=0.098/0.122/2.093
[NAV] t=30.0s position=(-13.24,-2.38,4.09) yaw=10.0deg command=(1.94,-0.32,0.33) manual_active=1 collision_blocks=0
[depth_angular_controller-1] [INFO] [1790691824.041329797] [depth_angular_controller]: PAPER_BUILD reason=FULL_MOTION_CERTIFICATE required=0.0000 best=0.0000 free=0 refined=0 tubes=110 revoked_tubes=0 proofs=128
[depth_angular_controller-1] [INFO] [1790691824.041368951] [depth_angular_controller]: PAPER_EVIDENCE retained=32 balls=32 revoked_balls=0 expired_views=0 evicted_views=84 radius=0.580 clearance=0.000 best_prefix=0.000
[depth_angular_controller-1] [INFO] [1790691825.042062586] [depth_angular_controller]: PAPER_BUILD reason=FULL_MOTION_CERTIFICATE required=0.0000 best=0.0000 free=0 refined=0 tubes=114 revoked_tubes=0 proofs=128
[depth_angular_controller-1] [INFO] [1790691825.042100136] [depth_angular_controller]: PAPER_EVIDENCE retained=32 balls=32 revoked_balls=0 expired_views=0 evicted_views=88 radius=0.580 clearance=0.000 best_prefix=0.000
[depth_angular_controller-1] [INFO] [1790691826.110877213] [depth_angular_controller]: PAPER_BUILD reason=FULL_MOTION_CERTIFICATE required=0.0000 best=0.0000 free=0 refined=0 tubes=118 revoked_tubes=0 proofs=128
[depth_angular_controller-1] [INFO] [1790691826.110916035] [depth_angular_controller]: PAPER_EVIDENCE retained=32 balls=32 revoked_balls=0 expired_views=0 evicted_views=92 radius=0.580 clearance=0.000 best_prefix=0.000
[depth_angular_controller-1] [INFO] [1790691826.535267315] [depth_angular_controller]: [PERF CTRL] run=final_v1_ego1p1_2 elapsed=48.93s callbacks=1623 commands=1622 guidance=1522 command_fps(ros/wall)=50.01/46.15 guidance_wall_fps=45.75 avoid_ms(mean/p50/p95/max)=1.002/1.022/2.065/5.422 cycle_ms(mean/p95/max)=21.669/35.297/102.526 depth_to_cmd_ms(mean/p95/max)=30.519/33.333/50.000 callback_to_publish_ms(mean/p95/max)=9.397/13.139/21.231
[depth_angular_controller-1] [INFO] [1790691827.180763430] [depth_angular_controller]: PAPER_BUILD reason=FULL_MOTION_CERTIFICATE required=0.0000 best=0.0000 free=0 refined=0 tubes=122 revoked_tubes=0 proofs=128
[depth_angular_controller-1] [INFO] [1790691827.180800379] [depth_angular_controller]: PAPER_EVIDENCE retained=32 balls=32 revoked_balls=0 expired_views=0 evicted_views=96 radius=0.580 clearance=0.000 best_prefix=0.000
[depth_angular_controller-1] [INFO] [1790691828.177623251] [depth_angular_controller]: PAPER_BUILD reason=FULL_MOTION_CERTIFICATE required=0.0000 best=0.0000 free=0 refined=0 tubes=126 revoked_tubes=0 proofs=128
[depth_angular_controller-1] [INFO] [1790691828.177661713] [depth_angular_controller]: PAPER_EVIDENCE retained=32 balls=32 revoked_balls=0 expired_views=0 evicted_views=99 radius=0.580 clearance=0.000 best_prefix=0.000
[position_cmd_to_twist-2] [INFO] [1790691829.145435794] [position_cmd_to_twist]: [PERF BRIDGE] run=final_v1_ego1p1_2 elapsed=51.44s received=1746 published=1746 fps(ros/wall)=50.00/46.25 controller_to_bridge_ms(mean/p50/p95/max)=0.181/0.000/0.000/16.667 bridge_process_ms(mean/p95/max)=0.097/0.120/2.093
[NAV] t=35.0s position=(-3.72,-4.15,3.28) yaw=12.8deg command=(1.91,-0.35,-0.45) manual_active=1 collision_blocks=0
[depth_angular_controller-1] [INFO] [1790691829.235505102] [depth_angular_controller]: PAPER_BUILD reason=FULL_MOTION_CERTIFICATE required=0.0000 best=0.0000 free=0 refined=0 tubes=130 revoked_tubes=0 proofs=128
[depth_angular_controller-1] [INFO] [1790691829.235543414] [depth_angular_controller]: PAPER_EVIDENCE retained=32 balls=32 revoked_balls=0 expired_views=0 evicted_views=103 radius=0.580 clearance=0.000 best_prefix=0.000
[depth_angular_controller-1] [INFO] [1790691830.420571399] [depth_angular_controller]: PAPER_BUILD reason=FULL_MOTION_CERTIFICATE required=0.0000 best=0.0000 free=0 refined=0 tubes=134 revoked_tubes=0 proofs=128
[depth_angular_controller-1] [INFO] [1790691830.420607356] [depth_angular_controller]: PAPER_EVIDENCE retained=32 balls=32 revoked_balls=0 expired_views=0 evicted_views=107 radius=0.580 clearance=0.000 best_prefix=0.000
[depth_angular_controller-1] [INFO] [1790691831.544423916] [depth_angular_controller]: [PERF CTRL] run=final_v1_ego1p1_2 elapsed=53.94s callbacks=1852 commands=1851 guidance=1751 command_fps(ros/wall)=50.00/46.09 guidance_wall_fps=45.74 avoid_ms(mean/p50/p95/max)=1.018/1.025/2.057/5.422 cycle_ms(mean/p95/max)=21.695/35.272/102.526 depth_to_cmd_ms(mean/p95/max)=30.602/33.333/50.000 callback_to_publish_ms(mean/p95/max)=9.318/12.929/21.231
[depth_angular_controller-1] [INFO] [1790691831.544475282] [depth_angular_controller]: PAPER_BUILD reason=FULL_MOTION_CERTIFICATE required=0.0000 best=0.0000 free=0 refined=0 tubes=138 revoked_tubes=0 proofs=128
[depth_angular_controller-1] [INFO] [1790691831.544482626] [depth_angular_controller]: PAPER_EVIDENCE retained=32 balls=32 revoked_balls=0 expired_views=0 evicted_views=111 radius=0.580 clearance=0.000 best_prefix=0.000
[depth_angular_controller-1] [INFO] [1790691832.606885441] [depth_angular_controller]: PAPER_BUILD reason=FULL_MOTION_CERTIFICATE required=0.0000 best=0.0000 free=0 refined=0 tubes=142 revoked_tubes=0 proofs=128
[depth_angular_controller-1] [INFO] [1790691832.606919565] [depth_angular_controller]: PAPER_EVIDENCE retained=32 balls=32 revoked_balls=0 expired_views=0 evicted_views=115 radius=0.580 clearance=0.000 best_prefix=0.000
[depth_angular_controller-1] [INFO] [1790691833.744840161] [depth_angular_controller]: PAPER_BUILD reason=FULL_MOTION_CERTIFICATE required=0.0000 best=0.0000 free=0 refined=0 tubes=146 revoked_tubes=0 proofs=128
[depth_angular_controller-1] [INFO] [1790691833.744883041] [depth_angular_controller]: PAPER_EVIDENCE retained=32 balls=32 revoked_balls=0 expired_views=0 evicted_views=119 radius=0.580 clearance=0.000 best_prefix=0.000
[position_cmd_to_twist-2] [INFO] [1790691834.703071254] [position_cmd_to_twist]: [PERF BRIDGE] run=final_v1_ego1p1_2 elapsed=56.99s received=1996 published=1996 fps(ros/wall)=50.00/46.09 controller_to_bridge_ms(mean/p50/p95/max)=0.167/0.000/0.000/16.667 bridge_process_ms(mean/p95/max)=0.097/0.120/2.093
[NAV] t=40.0s position=(6.06,-3.05,2.77) yaw=13.8deg command=(1.94,0.48,0.00) manual_active=1 collision_blocks=0
[depth_angular_controller-1] [INFO] [1790691834.795414198] [depth_angular_controller]: PAPER_BUILD reason=FULL_MOTION_CERTIFICATE required=0.0000 best=0.0000 free=0 refined=0 tubes=150 revoked_tubes=0 proofs=128
[depth_angular_controller-1] [INFO] [1790691834.795448332] [depth_angular_controller]: PAPER_EVIDENCE retained=32 balls=32 revoked_balls=0 expired_views=0 evicted_views=123 radius=0.580 clearance=0.000 best_prefix=0.000
[depth_angular_controller-1] [INFO] [1790691835.920522592] [depth_angular_controller]: PAPER_BUILD reason=FULL_MOTION_CERTIFICATE required=0.0000 best=0.0000 free=0 refined=0 tubes=154 revoked_tubes=0 proofs=128
[depth_angular_controller-1] [INFO] [1790691835.920558670] [depth_angular_controller]: PAPER_EVIDENCE retained=32 balls=32 revoked_balls=0 expired_views=0 evicted_views=127 radius=0.580 clearance=0.000 best_prefix=0.000
[depth_angular_controller-1] [INFO] [1790691836.549362060] [depth_angular_controller]: [PERF CTRL] run=final_v1_ego1p1_2 elapsed=58.95s callbacks=2080 commands=2079 guidance=1979 command_fps(ros/wall)=49.99/46.03 guidance_wall_fps=45.72 avoid_ms(mean/p50/p95/max)=0.967/0.983/2.046/5.422 cycle_ms(mean/p95/max)=21.723/35.269/102.526 depth_to_cmd_ms(mean/p95/max)=30.622/33.333/50.000 callback_to_publish_ms(mean/p95/max)=9.442/13.097/21.231
[depth_angular_controller-1] [INFO] [1790691837.043210403] [depth_angular_controller]: PAPER_BUILD reason=FULL_MOTION_CERTIFICATE required=0.0000 best=0.0000 free=0 refined=0 tubes=158 revoked_tubes=0 proofs=128
[depth_angular_controller-1] [INFO] [1790691837.043250449] [depth_angular_controller]: PAPER_EVIDENCE retained=32 balls=32 revoked_balls=0 expired_views=0 evicted_views=131 radius=0.580 clearance=0.000 best_prefix=0.000
[depth_angular_controller-1] [INFO] [1790691838.175152521] [depth_angular_controller]: PAPER_BUILD reason=FULL_MOTION_CERTIFICATE required=0.0000 best=0.0000 free=0 refined=0 tubes=162 revoked_tubes=0 proofs=128
[depth_angular_controller-1] [INFO] [1790691838.175194580] [depth_angular_controller]: PAPER_EVIDENCE retained=32 balls=32 revoked_balls=0 expired_views=0 evicted_views=135 radius=0.580 clearance=0.000 best_prefix=0.000
[depth_angular_controller-1] [INFO] [1790691839.301561696] [depth_angular_controller]: PAPER_BUILD reason=FULL_MOTION_CERTIFICATE required=0.0000 best=0.0000 free=0 refined=0 tubes=166 revoked_tubes=0 proofs=128
[depth_angular_controller-1] [INFO] [1790691839.301598354] [depth_angular_controller]: PAPER_EVIDENCE retained=32 balls=32 revoked_balls=0 expired_views=0 evicted_views=139 radius=0.580 clearance=0.000 best_prefix=0.000
[position_cmd_to_twist-2] [INFO] [1790691840.265051727] [position_cmd_to_twist]: [PERF BRIDGE] run=final_v1_ego1p1_2 elapsed=62.56s received=2246 published=2246 fps(ros/wall)=50.00/45.96 controller_to_bridge_ms(mean/p50/p95/max)=0.148/0.000/0.000/16.667 bridge_process_ms(mean/p95/max)=0.096/0.118/2.093
[NAV] t=45.0s position=(15.77,-0.66,2.77) yaw=13.8deg command=(1.94,0.48,0.00) manual_active=1 collision_blocks=0
[depth_angular_controller-1] [INFO] [1790691840.355732994] [depth_angular_controller]: PAPER_BUILD reason=FULL_MOTION_CERTIFICATE required=0.0000 best=0.0000 free=0 refined=0 tubes=170 revoked_tubes=0 proofs=128
[depth_angular_controller-1] [INFO] [1790691840.355768300] [depth_angular_controller]: PAPER_EVIDENCE retained=32 balls=32 revoked_balls=0 expired_views=0 evicted_views=143 radius=0.580 clearance=0.000 best_prefix=0.000
[depth_angular_controller-1] [INFO] [1790691841.467786069] [depth_angular_controller]: PAPER_BUILD reason=FULL_MOTION_CERTIFICATE required=0.0000 best=0.0000 free=0 refined=0 tubes=174 revoked_tubes=0 proofs=128
[depth_angular_controller-1] [INFO] [1790691841.467828107] [depth_angular_controller]: PAPER_EVIDENCE retained=32 balls=32 revoked_balls=0 expired_views=0 evicted_views=147 radius=0.580 clearance=0.000 best_prefix=0.000
[depth_angular_controller-1] [INFO] [1790691841.561173273] [depth_angular_controller]: [PERF CTRL] run=final_v1_ego1p1_2 elapsed=63.96s callbacks=2305 commands=2304 guidance=2204 command_fps(ros/wall)=49.97/45.92 guidance_wall_fps=45.64 avoid_ms(mean/p50/p95/max)=0.991/0.947/2.097/23.515 cycle_ms(mean/p95/max)=21.777/35.272/102.526 depth_to_cmd_ms(mean/p95/max)=30.687/33.333/50.000 callback_to_publish_ms(mean/p95/max)=9.454/13.069/32.143
[depth_angular_controller-1] [INFO] [1790691842.610496012] [depth_angular_controller]: PAPER_BUILD reason=FULL_MOTION_CERTIFICATE required=0.0000 best=0.0000 free=0 refined=0 tubes=178 revoked_tubes=0 proofs=128
[depth_angular_controller-1] [INFO] [1790691842.610536518] [depth_angular_controller]: PAPER_EVIDENCE retained=32 balls=32 revoked_balls=0 expired_views=0 evicted_views=151 radius=0.580 clearance=0.000 best_prefix=0.000
[depth_angular_controller-1] [INFO] [1790691843.756230832] [depth_angular_controller]: PAPER_BUILD reason=FULL_MOTION_CERTIFICATE required=0.0000 best=0.0000 free=0 refined=0 tubes=182 revoked_tubes=0 proofs=128
[depth_angular_controller-1] [INFO] [1790691843.756272971] [depth_angular_controller]: PAPER_EVIDENCE retained=32 balls=32 revoked_balls=0 expired_views=0 evicted_views=155 radius=0.580 clearance=0.000 best_prefix=0.000
[depth_angular_controller-1] [INFO] [1790691844.834259379] [depth_angular_controller]: PAPER_BUILD reason=FULL_MOTION_CERTIFICATE required=0.0000 best=0.0000 free=0 refined=0 tubes=186 revoked_tubes=0 proofs=128
[depth_angular_controller-1] [INFO] [1790691844.834301548] [depth_angular_controller]: PAPER_EVIDENCE retained=32 balls=32 revoked_balls=0 expired_views=0 evicted_views=159 radius=0.580 clearance=0.000 best_prefix=0.000
[position_cmd_to_twist-2] [INFO] [1790691845.755605616] [position_cmd_to_twist]: [PERF BRIDGE] run=final_v1_ego1p1_2 elapsed=68.05s received=2495 published=2495 fps(ros/wall)=49.98/45.89 controller_to_bridge_ms(mean/p50/p95/max)=0.448/0.000/0.000/16.667 bridge_process_ms(mean/p95/max)=0.097/0.123/2.093
[NAV] t=50.0s position=(25.30,1.90,1.46) yaw=13.5deg command=(1.94,0.44,-0.05) manual_active=1 collision_blocks=0
[depth_angular_controller-1] [INFO] [1790691845.908641894] [depth_angular_controller]: PAPER_BUILD reason=FULL_MOTION_CERTIFICATE required=0.0000 best=0.0000 free=0 refined=0 tubes=191 revoked_tubes=0 proofs=128
[depth_angular_controller-1] [INFO] [1790691845.908678112] [depth_angular_controller]: PAPER_EVIDENCE retained=32 balls=32 revoked_balls=0 expired_views=0 evicted_views=163 radius=0.580 clearance=0.000 best_prefix=0.000
[depth_angular_controller-1] [INFO] [1790691846.641294932] [depth_angular_controller]: [PERF CTRL] run=final_v1_ego1p1_2 elapsed=69.04s callbacks=2533 commands=2532 guidance=2432 command_fps(ros/wall)=49.97/45.83 guidance_wall_fps=45.56 avoid_ms(mean/p50/p95/max)=1.118/1.010/2.385/23.515 cycle_ms(mean/p95/max)=21.822/35.315/105.491 depth_to_cmd_ms(mean/p95/max)=30.558/33.333/50.000 callback_to_publish_ms(mean/p95/max)=9.921/15.050/32.143
[depth_angular_controller-1] [INFO] [1790691846.990642434] [depth_angular_controller]: PAPER_BUILD reason=FULL_MOTION_CERTIFICATE required=0.0000 best=0.0000 free=0 refined=0 tubes=195 revoked_tubes=0 proofs=128
[depth_angular_controller-1] [INFO] [1790691846.990677219] [depth_angular_controller]: PAPER_EVIDENCE retained=32 balls=32 revoked_balls=0 expired_views=0 evicted_views=167 radius=0.580 clearance=0.000 best_prefix=0.000
[depth_angular_controller-1] [INFO] [1790691848.146434036] [depth_angular_controller]: PAPER_BUILD reason=FULL_MOTION_CERTIFICATE required=0.0000 best=0.0000 free=0 refined=0 tubes=199 revoked_tubes=0 proofs=128
[depth_angular_controller-1] [INFO] [1790691848.146469573] [depth_angular_controller]: PAPER_EVIDENCE retained=32 balls=32 revoked_balls=0 expired_views=0 evicted_views=171 radius=0.580 clearance=0.000 best_prefix=0.000
[depth_angular_controller-1] [INFO] [1790691849.217485961] [depth_angular_controller]: PAPER_BUILD reason=FULL_MOTION_CERTIFICATE required=0.0000 best=0.0000 free=0 refined=0 tubes=203 revoked_tubes=0 proofs=128
[depth_angular_controller-1] [INFO] [1790691849.217524263] [depth_angular_controller]: PAPER_EVIDENCE retained=32 balls=32 revoked_balls=0 expired_views=0 evicted_views=175 radius=0.580 clearance=0.000 best_prefix=0.000
[depth_angular_controller-1] [INFO] [1790691850.296399018] [depth_angular_controller]: PAPER_BUILD reason=FULL_MOTION_CERTIFICATE required=0.0000 best=0.0000 free=0 refined=0 tubes=207 revoked_tubes=0 proofs=128
[depth_angular_controller-1] [INFO] [1790691850.296441357] [depth_angular_controller]: PAPER_EVIDENCE retained=32 balls=32 revoked_balls=0 expired_views=0 evicted_views=179 radius=0.580 clearance=0.000 best_prefix=0.000
[position_cmd_to_twist-2] [INFO] [1790691851.409174348] [position_cmd_to_twist]: [PERF BRIDGE] run=final_v1_ego1p1_2 elapsed=73.70s received=2744 published=2744 fps(ros/wall)=49.96/45.77 controller_to_bridge_ms(mean/p50/p95/max)=0.954/0.000/16.667/33.333 bridge_process_ms(mean/p95/max)=0.098/0.125/2.093
[NAV] t=55.0s position=(35.02,4.23,1.77) yaw=13.5deg command=(1.94,0.47,0.07) manual_active=1 collision_blocks=0
[depth_angular_controller-1] [INFO] [1790691851.507014869] [depth_angular_controller]: PAPER_BUILD reason=FULL_MOTION_CERTIFICATE required=0.0000 best=0.0000 free=0 refined=0 tubes=211 revoked_tubes=0 proofs=128
[depth_angular_controller-1] [INFO] [1790691851.507056998] [depth_angular_controller]: PAPER_EVIDENCE retained=32 balls=32 revoked_balls=0 expired_views=0 evicted_views=183 radius=0.580 clearance=0.000 best_prefix=0.000
[depth_angular_controller-1] [INFO] [1790691851.659465758] [depth_angular_controller]: [PERF CTRL] run=final_v1_ego1p1_2 elapsed=74.06s callbacks=2757 commands=2756 guidance=2656 command_fps(ros/wall)=49.95/45.73 guidance_wall_fps=45.49 avoid_ms(mean/p50/p95/max)=1.105/0.992/2.372/23.515 cycle_ms(mean/p95/max)=21.869/35.506/105.491 depth_to_cmd_ms(mean/p95/max)=30.183/33.333/50.000 callback_to_publish_ms(mean/p95/max)=10.321/16.370/32.143
[depth_angular_controller-1] [INFO] [1790691852.765936017] [depth_angular_controller]: PAPER_BUILD reason=FULL_MOTION_CERTIFICATE required=0.0000 best=0.0000 free=0 refined=0 tubes=215 revoked_tubes=0 proofs=128
[depth_angular_controller-1] [INFO] [1790691852.765979899] [depth_angular_controller]: PAPER_EVIDENCE retained=32 balls=32 revoked_balls=0 expired_views=0 evicted_views=187 radius=0.580 clearance=0.000 best_prefix=0.000
[depth_angular_controller-1] [INFO] [1790691853.823164391] [depth_angular_controller]: PAPER_BUILD reason=FULL_MOTION_CERTIFICATE required=0.0000 best=0.0000 free=0 refined=0 tubes=219 revoked_tubes=0 proofs=128
[depth_angular_controller-1] [INFO] [1790691853.823206871] [depth_angular_controller]: PAPER_EVIDENCE retained=32 balls=32 revoked_balls=0 expired_views=0 evicted_views=191 radius=0.580 clearance=0.000 best_prefix=0.000
[depth_angular_controller-1] [INFO] [1790691854.830982456] [depth_angular_controller]: PAPER_BUILD reason=FULL_MOTION_CERTIFICATE required=0.0000 best=0.0000 free=0 refined=0 tubes=223 revoked_tubes=0 proofs=128
[depth_angular_controller-1] [INFO] [1790691854.831023202] [depth_angular_controller]: PAPER_EVIDENCE retained=32 balls=32 revoked_balls=0 expired_views=0 evicted_views=194 radius=0.580 clearance=0.000 best_prefix=0.000
[depth_angular_controller-1] [INFO] [1790691855.893542185] [depth_angular_controller]: PAPER_BUILD reason=FULL_MOTION_CERTIFICATE required=0.0000 best=0.0000 free=0 refined=0 tubes=227 revoked_tubes=0 proofs=128
[depth_angular_controller-1] [INFO] [1790691855.893576860] [depth_angular_controller]: PAPER_EVIDENCE retained=32 balls=32 revoked_balls=0 expired_views=0 evicted_views=198 radius=0.580 clearance=0.000 best_prefix=0.000
[depth_angular_controller-1] [INFO] [1790691856.666373459] [depth_angular_controller]: [PERF CTRL] run=final_v1_ego1p1_2 elapsed=79.06s callbacks=2985 commands=2984 guidance=2884 command_fps(ros/wall)=49.97/45.71 guidance_wall_fps=45.49 avoid_ms(mean/p50/p95/max)=1.079/0.964/2.347/23.515 cycle_ms(mean/p95/max)=21.876/35.478/105.491 depth_to_cmd_ms(mean/p95/max)=30.242/33.333/50.000 callback_to_publish_ms(mean/p95/max)=10.329/16.168/32.143
[position_cmd_to_twist-2] [INFO] [1790691856.937237544] [position_cmd_to_twist]: [PERF BRIDGE] run=final_v1_ego1p1_2 elapsed=79.23s received=2994 published=2994 fps(ros/wall)=49.97/45.68 controller_to_bridge_ms(mean/p50/p95/max)=0.874/0.000/0.000/33.333 bridge_process_ms(mean/p95/max)=0.098/0.124/2.093
[NAV] t=60.0s position=(44.74,6.50,2.01) yaw=13.7deg command=(1.94,0.44,-0.18) manual_active=1 collision_blocks=0
[depth_angular_controller-1] [INFO] [1790691857.031005062] [depth_angular_controller]: PAPER_BUILD reason=FULL_MOTION_CERTIFICATE required=0.0000 best=0.0000 free=0 refined=0 tubes=231 revoked_tubes=0 proofs=128
[depth_angular_controller-1] [INFO] [1790691857.031047772] [depth_angular_controller]: PAPER_EVIDENCE retained=32 balls=32 revoked_balls=0 expired_views=0 evicted_views=202 radius=0.580 clearance=0.000 best_prefix=0.000
[depth_angular_controller-1] [INFO] [1790691858.103480779] [depth_angular_controller]: PAPER_BUILD reason=FULL_MOTION_CERTIFICATE required=0.0000 best=0.0000 free=0 refined=0 tubes=235 revoked_tubes=0 proofs=128
[depth_angular_controller-1] [INFO] [1790691858.103524371] [depth_angular_controller]: PAPER_EVIDENCE retained=32 balls=32 revoked_balls=0 expired_views=0 evicted_views=206 radius=0.580 clearance=0.000 best_prefix=0.000
[depth_angular_controller-1] [INFO] [1790691859.232486877] [depth_angular_controller]: PAPER_BUILD reason=FULL_MOTION_CERTIFICATE required=0.0000 best=0.0000 free=0 refined=0 tubes=239 revoked_tubes=0 proofs=128
[depth_angular_controller-1] [INFO] [1790691859.232546829] [depth_angular_controller]: PAPER_EVIDENCE retained=32 balls=32 revoked_balls=0 expired_views=0 evicted_views=210 radius=0.580 clearance=0.000 best_prefix=0.000
[depth_angular_controller-1] [INFO] [1790691860.235713045] [depth_angular_controller]: PAPER_BUILD reason=FULL_MOTION_CERTIFICATE required=0.0000 best=0.0000 free=0 refined=0 tubes=243 revoked_tubes=0 proofs=128
[depth_angular_controller-1] [INFO] [1790691860.235755124] [depth_angular_controller]: PAPER_EVIDENCE retained=32 balls=32 revoked_balls=0 expired_views=0 evicted_views=215 radius=0.580 clearance=0.000 best_prefix=0.000
[depth_angular_controller-1] [INFO] [1790691861.243452872] [depth_angular_controller]: PAPER_BUILD reason=FULL_MOTION_CERTIFICATE required=0.0000 best=0.0000 free=0 refined=0 tubes=247 revoked_tubes=0 proofs=128
[depth_angular_controller-1] [INFO] [1790691861.243496765] [depth_angular_controller]: PAPER_EVIDENCE retained=32 balls=32 revoked_balls=0 expired_views=0 evicted_views=218 radius=0.580 clearance=0.000 best_prefix=0.000
[depth_angular_controller-1] [INFO] [1790691861.670916362] [depth_angular_controller]: [PERF CTRL] run=final_v1_ego1p1_2 elapsed=84.07s callbacks=3218 commands=3217 guidance=3117 command_fps(ros/wall)=49.96/45.77 guidance_wall_fps=45.57 avoid_ms(mean/p50/p95/max)=1.097/0.957/2.407/23.515 cycle_ms(mean/p95/max)=21.847/35.478/105.491 depth_to_cmd_ms(mean/p95/max)=30.264/33.333/50.000 callback_to_publish_ms(mean/p95/max)=10.412/15.909/32.143
[position_cmd_to_twist-2] [INFO] [1790691862.221390144] [position_cmd_to_twist]: [PERF BRIDGE] run=final_v1_ego1p1_2 elapsed=84.51s received=3244 published=3244 fps(ros/wall)=49.97/45.80 controller_to_bridge_ms(mean/p50/p95/max)=0.807/0.000/0.000/33.333 bridge_process_ms(mean/p95/max)=0.098/0.124/2.093
[NAV] t=65.0s position=(54.40,8.95,2.19) yaw=13.2deg command=(1.94,0.45,0.12) manual_active=1 collision_blocks=0
[depth_angular_controller-1] [INFO] [1790691862.316230596] [depth_angular_controller]: PAPER_BUILD reason=FULL_MOTION_CERTIFICATE required=0.0000 best=0.0000 free=0 refined=0 tubes=251 revoked_tubes=0 proofs=128
[depth_angular_controller-1] [INFO] [1790691862.316267084] [depth_angular_controller]: PAPER_EVIDENCE retained=32 balls=32 revoked_balls=0 expired_views=0 evicted_views=222 radius=0.580 clearance=0.000 best_prefix=0.000
[depth_angular_controller-1] [INFO] [1790691863.331007679] [depth_angular_controller]: PAPER_BUILD reason=FULL_MOTION_CERTIFICATE required=0.0000 best=0.0000 free=0 refined=0 tubes=255 revoked_tubes=0 proofs=128
[depth_angular_controller-1] [INFO] [1790691863.331048586] [depth_angular_controller]: PAPER_EVIDENCE retained=32 balls=32 revoked_balls=0 expired_views=0 evicted_views=226 radius=0.580 clearance=0.000 best_prefix=0.000
[depth_angular_controller-1] [INFO] [1790691864.511710898] [depth_angular_controller]: PAPER_BUILD reason=FULL_MOTION_CERTIFICATE required=0.0000 best=0.0000 free=0 refined=0 tubes=256 revoked_tubes=0 proofs=128
[depth_angular_controller-1] [INFO] [1790691864.511746245] [depth_angular_controller]: PAPER_EVIDENCE retained=32 balls=32 revoked_balls=0 expired_views=0 evicted_views=230 radius=0.580 clearance=0.000 best_prefix=0.000
[depth_angular_controller-1] [INFO] [1790691865.768825316] [depth_angular_controller]: PAPER_BUILD reason=FULL_MOTION_CERTIFICATE required=0.0000 best=0.0000 free=0 refined=0 tubes=256 revoked_tubes=0 proofs=128
[depth_angular_controller-1] [INFO] [1790691865.768859720] [depth_angular_controller]: PAPER_EVIDENCE retained=32 balls=32 revoked_balls=0 expired_views=0 evicted_views=233 radius=0.580 clearance=0.000 best_prefix=0.000
[depth_angular_controller-1] [INFO] [1790691866.680301922] [depth_angular_controller]: [PERF CTRL] run=final_v1_ego1p1_2 elapsed=89.08s callbacks=3439 commands=3438 guidance=3338 command_fps(ros/wall)=49.97/45.66 guidance_wall_fps=45.47 avoid_ms(mean/p50/p95/max)=1.054/0.900/2.386/23.515 cycle_ms(mean/p95/max)=21.900/35.506/105.491 depth_to_cmd_ms(mean/p95/max)=30.273/33.333/50.000 callback_to_publish_ms(mean/p95/max)=10.332/15.618/32.143
[depth_angular_controller-1] [INFO] [1790691866.898042219] [depth_angular_controller]: PAPER_BUILD reason=FULL_MOTION_CERTIFICATE required=0.0000 best=0.0000 free=0 refined=0 tubes=256 revoked_tubes=0 proofs=128
[depth_angular_controller-1] [INFO] [1790691866.898075943] [depth_angular_controller]: PAPER_EVIDENCE retained=32 balls=32 revoked_balls=0 expired_views=0 evicted_views=237 radius=0.580 clearance=0.000 best_prefix=0.000
[position_cmd_to_twist-2] [INFO] [1790691867.942788691] [position_cmd_to_twist]: [PERF BRIDGE] run=final_v1_ego1p1_2 elapsed=90.23s received=3494 published=3494 fps(ros/wall)=49.97/45.65 controller_to_bridge_ms(mean/p50/p95/max)=0.749/0.000/0.000/33.333 bridge_process_ms(mean/p95/max)=0.097/0.123/2.093
[NAV] t=70.0s position=(63.51,11.09,2.77) yaw=13.2deg command=(0.92,0.22,0.06) manual_active=1 collision_blocks=0
[depth_angular_controller-1] [INFO] [1790691868.034447011] [depth_angular_controller]: PAPER_BUILD reason=FULL_MOTION_CERTIFICATE required=0.0000 best=0.0000 free=0 refined=0 tubes=256 revoked_tubes=0 proofs=128
[depth_angular_controller-1] [INFO] [1790691868.034484171] [depth_angular_controller]: PAPER_EVIDENCE retained=32 balls=32 revoked_balls=0 expired_views=0 evicted_views=241 radius=0.580 clearance=0.000 best_prefix=0.000
[depth_angular_controller-1] [INFO] [1790691868.089460846] [depth_angular_controller]: ZERO_INTENT
[BENCHMARK RESULT] ARRIVED sim=69.217s
[PERF ISAAC FINAL] run=final_v1_ego1p1_2 result=ARRIVED wall=78.22s sim_frames=4275 fps(sim/wall)=60.03/54.65 command_changes=2770 collision_blocks=0 frame_interval_ms(mean/p50/p95/max)=18.220/16.756/18.992/80.896
[91.281s] Simulation App Shutting Down
[depth_angular_controller-1] [INFO] [1790691869.894514430] [rclcpp]: signal_handler(SIGINT/SIGTERM)
[position_cmd_to_twist-2] [INFO] [1790691869.895278013] [position_cmd_to_twist]: [PERF BRIDGE FINAL] run=final_v1_ego1p1_2 elapsed=92.19s received=3559 published=3559 fps(ros/wall)=49.97/45.71 controller_to_bridge_ms(mean/p50/p95/max)=0.735/0.000/0.000/33.333 bridge_process_ms(mean/p95/max)=0.097/0.123/2.093
[position_cmd_to_twist-2] Failed to publish log message to rosout: publisher's context is invalid, at ./src/rcl/publisher.c:389
[depth_angular_controller-1] [INFO] [1790691869.895466837] [depth_angular_controller]: [PERF CTRL FINAL] run=final_v1_ego1p1_2 elapsed=92.29s callbacks=3560 commands=3559 guidance=3400 command_fps(ros/wall)=49.97/45.71 guidance_wall_fps=45.46 avoid_ms(mean/p50/p95/max)=1.042/0.882/2.380/23.515 cycle_ms(mean/p95/max)=21.878/35.515/105.491 depth_to_cmd_ms(mean/p95/max)=30.260/33.333/50.000 callback_to_publish_ms(mean/p95/max)=10.253/15.522/32.143
[INFO] [depth_angular_controller-1]: process has finished cleanly [pid 91140]
[INFO] [position_cmd_to_twist-2]: process has finished cleanly [pid 91142]
