[PERF] run=iteration52_ego1p1_1 log=/home/starry/isaac-data/EGO1P1/performance/navigation_benchmark_20260929/PERFORMANCE.md
[INPUT] mode=goal scene_mode=cloud
[INFO] [launch]: All log files can be found below /tmp/fov_gvf_ego1p1_isaac_ros_log/2026-09-30-00-18-52-590281-starry-System-Product-Name-121197
[INFO] [launch]: Default logging verbosity is set to INFO
[INFO] [depth_angular_controller-1]: process started with pid [121199]
[INFO] [position_cmd_to_twist-2]: process started with pid [121201]
[depth_angular_controller-1] [INFO] [1790698732.626336712] [depth_angular_controller]: C++ controller commands publish on /position_cmd; horizontal views=4
[ROS CHECK] ROS_DOMAIN_ID=42 /position_cmd publishers=1
Type: pc_gvf_msgs/msg/PositionCommand
Publisher count: 1
Subscription count: 1
/depth_angular_controller
/position_cmd_to_twist
WARNING: All log messages before absl::InitializeLog() is called are written to STDERR
E0000 00:00:1790698733.571890  121240 descriptor_database.cc:633] File already exists in database: grpc/health/v1/health.proto
W0000 00:00:1790698733.571913  121240 message.cc:301] Protobuf GeneratedMessageFactory: File is already registered: grpc/health/v1/health.proto
2026-09-29T16:18:53Z [Info] [carb] Logging to file: /home/starry/isaac-data/isaacsim/kit/logs/Kit/Isaac-Sim Python/6.0/kit_20260930_001853.log
[0.045s] [ext: omni.assets.plugins-0.0.0] startup
[0.045s] [ext: omni.blobkey-1.1.2] startup
[0.046s] [ext: omni.kit.async_engine-0.0.3] startup
[0.314s] [ext: omni.client.lib-1.1.1] startup
[0.322s] [ext: omni.client-1.3.0] startup
[0.324s] [ext: omni.protobuf.lib-1.0.0] startup
[0.325s] [ext: omni.grpc.lib-1.0.0] startup
[0.328s] [ext: omni.metrics.core-0.0.3] startup
[0.328s] [ext: omni.datastore-0.0.0] startup
[0.328s] [ext: omni.gpu_foundation.shadercache.vulkan-1.0.0] startup
[0.330s] [ext: omni.hsscclient-1.1.4] startup
[0.331s] [ext: omni.stats-1.0.1] startup
[0.331s] [ext: omni.ujitso.default-1.0.0] startup
[0.334s] [ext: omni.gpu_foundation-0.0.0] startup
[0.466s] [ext: carb.windowing.plugins-1.0.1] startup
[0.466s] [ext: omni.kit.renderer.init-1.0.1] startup
2026-09-29T16:18:53Z [668ms] [Warning] [omni.rtx] Skipping unsupported non-NVIDIA GPU: AMD Unknown (RADV RAPHAEL_MENDOCINO)
2026-09-29T16:18:53Z [668ms] [Warning] [omni.rtx] Skipping unsupported non-NVIDIA GPU: AMD Unknown (RADV RAPHAEL_MENDOCINO)

|---------------------------------------------------------------------------------------------|
| Driver Version: 580.178.04    | Graphics API: Vulkan
|=============================================================================================|
| GPU | Name                             | Active | LDA | GPU Memory | Vendor-ID | LUID       |
|     |                                  |        |     |            | Device-ID | UUID       |
|     |                                  |        |     |            | Bus-ID    |            |
|---------------------------------------------------------------------------------------------|
| 0   | NVIDIA GeForce RTX 5070          | Yes: 0 |     | 12227   MB | 10de      | 0          |
|     |                                  |        |     |            | 2f04      | 348d89fe.. |
|     |                                  |        |     |            | 1         |            |
|---------------------------------------------------------------------------------------------|
| 1   | AMD Unknown (RADV RAPHAEL_MEND.. |        |     | 10755   MB | 1002      | 0          |
|     |                                  |        |     |            | 13c0      | 00000000.. |
|     |                                  |        |     |            | c         |            |
|=============================================================================================|
| OS: 22.04.5 LTS (Jammy Jellyfish) ubuntu, Version: 22.04.5, Kernel: 6.8.0-138-generic
| XServer Vendor: The X.Org Foundation, XServer Version: 12101004 (1.21.1.4)
| Processor: AMD Ryzen 5 9600X 6-Core Processor
| Cores: 6 | Logical Cores: 12
|---------------------------------------------------------------------------------------------|
| Total Memory (MB): 31241 | Free Memory: 23041
| Total Page/Swap (MB): 15624 | Free Page/Swap: 15624
|---------------------------------------------------------------------------------------------|
2026-09-29T16:18:54Z [882ms] [Warning] [omni.rtx] CPU performance profile is set to powersave. This profile sets the CPU to the lowest frequency reducing performance.
2026-09-29T16:18:54Z [890ms] [Warning] [omni.rtx] IOMMU is enabled.
[0.993s] [ext: omni.kit.pipapi-0.0.0] startup
[0.994s] [ext: omni.kit.pip_archive-0.0.0] startup
[0.994s] [ext: isaacsim.pip.newton-0.6.1] startup
[0.994s] [ext: omni.pip.compute-1.9.2] startup
[0.994s] [ext: omni.isaac.core_archive-5.3.1] startup
[0.994s] [ext: omni.kit.telemetry-0.5.2] startup
[1.013s] [ext: omni.kit.loop-isaac-1.6.0] startup
[1.015s] [ext: omni.kit.test-2.0.7] startup
[1.065s] [ext: omni.materialx.libs-1.0.9] startup
[1.071s] [ext: omni.gpucompute.plugins-0.0.0] startup
[1.071s] [ext: omni.usd.config-1.0.7] startup
[1.074s] [ext: omni.usd.libs-1.0.3] startup
[1.130s] [ext: omni.iray.libs-0.0.1] startup
[1.133s] [ext: omni.mdl-57.0.3] startup
[1.194s] [ext: omni.mdl.neuraylib-0.2.20] startup
[1.195s] [ext: omni.kit.usd.mdl-1.1.9] startup
[1.280s] [ext: omni.appwindow-1.2.2] startup
[1.281s] [ext: omni.kit.renderer.core-1.2.2] startup
2026-09-29T16:18:59Z [6,510ms] [Warning] [carb.windowing-glfw.gamepad] Joystick with unknown remapping detected (will be ignored):  BEITONG BEITONG A2P3A BFM DONGLE [03000000bc2000001c51000011010000]
[6.542s] [ext: omni.kit.renderer.capture-2.0.1] startup
[6.544s] [ext: omni.kit.renderer.imgui-2.0.6] startup
[6.580s] [ext: omni.ui-3.2.0] startup
[6.586s] [ext: omni.kit.mainwindow-1.0.3] startup
[6.587s] [ext: carb.audio-0.1.0] startup
[6.589s] [ext: omni.uiaudio-1.0.0] startup
[6.590s] [ext: omni.kit.uiapp-0.0.0] startup
[6.590s] [ext: omni.usd.schema.metrics.assembler-110.1.0] startup
[6.592s] [ext: omni.usd.schema.audio-0.0.1] startup
[6.594s] [ext: omni.usd_resolver-1.0.0] startup
[6.596s] [ext: omni.usd.core-1.8.3] startup
[6.599s] [ext: omni.metropolis.schema-0.0.3] startup
[6.599s] [ext: isaacsim.anim.robot.schema-0.1.1] startup
[6.600s] [ext: omni.usd.schema.anim-0.0.1] startup
[6.613s] [ext: omni.usd.schema.geospatial-0.0.1] startup
[6.614s] [ext: omni.usd.schema.omnigraph-1.0.1] startup
[6.618s] [ext: omni.usd.schema.semantics-0.0.0] startup
[6.620s] [ext: omni.activity.core-1.0.3] startup
[6.621s] [ext: omni.cubric-0.1.0] startup
[6.621s] [ext: omni.graph.exec-0.9.6] startup
[6.621s] [ext: omni.hydra.scene_delegate-0.3.5] startup
[6.623s] [ext: usdrt.scenegraph-7.6.3] startup
[6.642s] [ext: omni.hydra.usdrt_delegate-7.5.2] startup
[6.646s] [ext: omni.inspect-1.0.2] startup
[6.647s] [ext: omni.kit.actions.core-1.0.0] startup
[6.648s] [ext: omni.kit.audiodeviceenum-1.0.2] startup
[6.649s] [ext: omni.kit.commands-1.5.0] startup
[6.651s] [ext: omni.kit.exec.core-0.13.5] startup
[6.652s] [ext: omni.kit.usd_undo-0.1.8] startup
[6.652s] [ext: omni.kit.window.popup_dialog-2.0.25] startup
[6.655s] [ext: omni.kit.widget.nucleus_connector-2.3.1] startup
[6.657s] [ext: omni.timeline-1.1.0] startup
[6.658s] [ext: omni.usd-1.16.0] startup
[6.682s] [ext: omni.graph.core-3.1.2] startup
[6.685s] [ext: omni.kit.notification_manager-1.0.11] startup
[6.686s] [ext: isaacsim.core.deprecation_manager-0.4.2] startup
[6.687s] [ext: isaacsim.replicator.agent.schema-0.1.1] startup
[6.688s] [ext: isaacsim.robot.schema-6.3.7] startup
[6.692s] [ext: isaacsim.robot_motion.schema-0.2.1] startup
[6.692s] [ext: omni.anim.behavior.schema-110.1.0] startup
[6.695s] [ext: omni.anim.graph.schema-110.1.1] startup
[6.699s] [ext: omni.anim.navigation.schema-110.1.0] startup
[6.702s] [ext: omni.behavior.tree.schema-110.1.0] startup
[6.702s] [ext: omni.isaac.ml_archive-3.3.0] startup
[6.702s] [ext: omni.kit.asset_converter-6.0.1] startup
[6.711s] [ext: omni.pip.cloud-1.5.4] startup
[6.713s] [ext: omni.usd.schema.flow-110.0.0] startup
[6.713s] [ext: omni.usd.schema.mujoco-1.1.1] startup
[6.714s] [ext: omni.usd.schema.newton-1.2.1] startup
[6.714s] [ext: omni.usd.schema.omni_lens_distortion-1.0.0] startup
[6.715s] [ext: omni.usd.schema.omni_projectors-1.0.0] startup
[6.715s] [ext: omni.usd.schema.omni_sensors-0.0.0] startup
[6.721s] [ext: omni.usd.schema.omniscripting-1.0.1] startup
[6.724s] [ext: omni.usd.schema.physical_lighting-0.1.0] startup
[6.727s] [ext: omni.usd.schema.physx-110.1.13] startup
[6.750s] [ext: omni.usd.schema.render_settings.rtx-1.0.2] startup
[6.753s] [ext: omni.usd.schema.usd_particle_field-1.0.0] startup
[6.753s] [ext: isaacsim.core.version-2.1.1] startup
[6.754s] [ext: omni.kit.menu.core-1.2.0] startup
[6.754s] [ext: omni.kit.menu.utils-2.2.4] startup
[6.759s] [ext: isaacsim.app.about-2.3.1] startup
[6.763s] [ext: isaacsim.asset.transformer-1.2.5] startup
[6.766s] [ext: omni.scene.optimizer.core-110.1.0] startup
[6.796s] [ext: isaacsim.asset.importer.utils-1.8.1] startup
[6.798s] [ext: omni.convexdecomposition-110.1.13] startup
[6.799s] [ext: omni.physics-110.1.13] startup
[6.802s] [ext: omni.physx.gpu-110.1.13] startup
[6.802s] [ext: omni.physx.foundation-110.1.13] startup
[6.803s] [ext: omni.usdphysics-110.1.13] startup
[6.804s] [ext: omni.physx.cooking-110.1.13] startup
[6.806s] [ext: omni.physx-110.1.13] startup
[6.813s] [ext: omni.physics.physx-110.1.13] startup
[6.814s] [ext: isaacsim.asset.exporter.urdf-2.0.5] startup
[6.821s] [ext: omni.kit.clipboard-1.1.1] startup
[6.821s] [ext: omni.kit.usd.layers-2.6.1] startup
[6.827s] [ext: omni.kit.widget.context_menu-1.4.0] startup
[6.828s] [ext: omni.kit.context_menu-1.9.0] startup
[6.829s] [ext: omni.kit.helper.file_utils-0.1.10] startup
[6.830s] [ext: omni.kit.widget.nucleus_info-2.0.2] startup
[6.830s] [ext: omni.kit.search_core-1.0.8] startup
[6.831s] [ext: omni.kit.widget.path_field-2.0.13] startup
[6.831s] [ext: omni.kit.widget.browser_bar-2.0.10] startup
[6.832s] [ext: omni.kit.widget.filebrowser-2.13.4] startup
[6.835s] [ext: omni.kit.widget.options_menu-1.1.6] startup
[6.837s] [ext: omni.kit.widget.options_button-1.0.3] startup
[6.838s] [ext: omni.kit.widget.search_delegate-1.0.9] startup
[6.839s] [ext: omni.ui.scene-2.0.3] startup
[6.842s] [ext: omni.kit.window.filepicker-2.15.5] startup
[6.852s] [ext: omni.kit.window.file_importer-1.1.21] startup
[6.853s] [ext: omni.kit.material.library-3.1.2] startup
[6.857s] [ext: isaacsim.asset.transformer.rules-1.7.10] startup
[6.865s] [ext: omni.usdex.libs-2.2.2] startup
[6.872s] [ext: isaacsim.asset.importer.mjcf-3.10.1] startup
[6.873s] [ext: isaacsim.asset.importer.urdf-3.11.2] startup
[6.876s] [ext: omni.kit.primitive.mesh-1.1.0] startup
[6.878s] [ext: omni.kit.stage_template.core-1.1.22] startup
[6.879s] [ext: omni.kit.stage_templates-2.0.2] startup
[6.880s] [ext: omni.usd.metrics.assembler-110.1.2] startup
[6.882s] [ext: omni.warp.core-1.13.0] startup
[7.069s] [ext: isaacsim.core.experimental.utils-0.17.2] startup
[7.069s] [ext: omni.physics.stageupdate-110.1.13] startup
[7.071s] [ext: omni.physics.tensors-110.1.13] startup
[7.075s] [ext: omni.physx.tensors-110.1.13] startup
[7.078s] [ext: isaacsim.core.simulation_manager-1.15.6] startup
[7.088s] [ext: isaacsim.storage.native-1.9.3] startup
[7.089s] [ext: omni.usd.metrics.assembler.physics-110.1.13] startup
[7.090s] [ext: isaacsim.core.utils-4.1.7] startup
[7.092s] [ext: isaacsim.core.prims-0.11.7] startup
[7.942s] [ext: isaacsim.core.api-5.2.13] startup
[7.947s] [ext: isaacsim.core.cloner-1.7.3] startup
[7.948s] [ext: isaacsim.test.docstring-1.3.2] startup
[7.950s] [ext: isaacsim.core.experimental.prims-1.8.9] startup
[7.968s] [ext: isaacsim.core.experimental.primdata-0.3.2] startup
[7.969s] [ext: omni.graph.tools-1.81.0] startup
[7.988s] [ext: omni.graph-1.142.5] startup
[8.018s] [ext: isaacsim.core.experimental.actuators-0.1.2] startup
[8.030s] [ext: isaacsim.core.experimental.materials-0.7.1] startup
[8.033s] [ext: isaacsim.core.experimental.objects-0.8.1] startup
[8.084s] [ext: omni.hydra.engine.stats-1.0.5] startup
[8.086s] [ext: omni.hydra.rtx.shadercache.vulkan-1.0.0] startup
[8.087s] [ext: omni.index.libs-387500.4413.0] startup
[8.087s] [ext: omni.index-1.0.1] startup
[8.087s] [ext: omni.ujitso.client-0.0.0] startup
[8.088s] [ext: omni.usd.schema.playback-1.0.0] startup
[8.090s] [ext: omni.volume-0.5.2] startup
[8.094s] [ext: omni.hydra.rtx-1.0.4] startup
2026-09-29T16:19:01Z [8,082ms] [Warning] [omni.log] Source: omni.hydra was already registered.
[8.115s] [ext: omni.kit.hydra_texture-1.6.0] startup
[8.117s] [ext: omni.kit.raycast.query-1.2.0] startup
[8.120s] [ext: omni.kit.viewport.legacy_gizmos-1.0.24] startup
[8.122s] [ext: omni.kit.viewport.registry-104.0.6] startup
[8.123s] [ext: omni.kit.viewport.scene_camera_model-1.0.7] startup
[8.125s] [ext: omni.kit.widget.viewport-109.2.0] startup
[8.129s] [ext: omni.kit.window.drop_support-1.0.8] startup
[8.129s] [ext: omni.kit.viewport.window-109.0.2] startup
[8.143s] [ext: omni.kit.viewport.utility-2.0.1] startup
[8.144s] [ext: isaacsim.core.rendering_manager-0.4.3] startup
[8.163s] [ext: omni.graph.action_core-1.1.9] startup
[8.165s] [ext: omni.graph.action_nodes_core-2.11.0] startup
[8.166s] [ext: omni.graph.action_nodes-2.11.0] startup
[8.181s] [ext: omni.graph.action-2.10.2] startup
[8.183s] [ext: omni.graph.image.core-0.6.1] startup
[8.183s] [ext: omni.graph.image.nodes-1.3.1] startup
[8.184s] [ext: omni.graph.nodes_core-2.11.0] startup
[8.188s] [ext: omni.graph.nodes-2.12.0] startup
[8.192s] [ext: omni.kit.hotkeys.core-1.3.12] startup
[8.193s] [ext: omni.kit.property.adapter.core-1.1.1] startup
[8.195s] [ext: omni.kit.property.adapter.usd-1.0.5] startup
[8.196s] [ext: omni.kit.widget.filter-1.1.5] startup
[8.197s] [ext: omni.kit.widget.highlight_label-1.0.3] startup
[8.198s] [ext: omni.kit.widget.searchfield-1.1.8] startup
[8.199s] [ext: omni.kit.window.file_exporter-1.0.36] startup
[8.200s] [ext: omni.kit.widget.stage-4.4.0] startup
[8.207s] [ext: omni.kit.window.content_browser_registry-0.0.6] startup
[8.208s] [ext: omni.kit.window.file-2.0.10] startup
[8.211s] [ext: omni.kit.window.content_browser-3.1.8] startup
[8.220s] [ext: omni.kit.window.property-1.15.1] startup
[8.230s] [ext: omni.kit.property.usd-4.9.4] startup
[8.239s] [ext: omni.graph.scriptnode-2.10.2] startup
[8.247s] [ext: omni.kit.widget.searchable_combobox-1.0.7] startup
[8.247s] [ext: omni.kit.widget.settings-2.0.0] startup
[8.249s] [ext: omni.kit.window.preferences-1.8.3] startup
[8.253s] [ext: omni.kit.viewport.menubar.core-107.2.2] startup
[8.263s] [ext: omni.syntheticdata-0.6.15] startup
[8.285s] [ext: omni.replicator.nv-1.1.1] startup
[8.289s] [ext: omni.videoencoding-0.2.1] startup
[8.291s] [ext: omni.replicator.core-1.13.27] startup
2026-09-29T16:19:01Z [8,275ms] [Warning] [pxr.Semantics] pxr.Semantics is deprecated - please use Semantics instead
2026-09-29T16:19:01Z [8,342ms] [Warning] [omni.replicator.core.scripts.extension] No material configuration file, adding configuration to material settings directly.
[8.492s] [ext: isaacsim.core.nodes-5.10.5] startup
[8.517s] [ext: isaacsim.core.throttling-2.3.5] startup
[8.518s] [ext: omni.kit.manipulator.viewport-107.0.1] startup
[8.519s] [ext: omni.graph.visualization.nodes-2.1.4] startup
[8.530s] [ext: omni.kit.window.extensions-1.5.10] startup
[8.534s] [ext: isaacsim.gui.components-1.8.5] startup
[8.538s] [ext: isaacsim.robot.surface_gripper-3.6.2] startup
[8.548s] [ext: isaacsim.robot.manipulators-3.4.4] startup
[8.556s] [ext: isaacsim.robot_motion.lula-4.1.3] startup
[8.562s] [ext: isaacsim.robot_motion.motion_generation-8.2.9] startup
[8.566s] [ext: isaacsim.cortex.framework-1.0.18] startup
[8.567s] [ext: isaacsim.cortex.behaviors-2.0.17] startup
[8.569s] [ext: isaacsim.examples.base-1.3.2] startup
[8.570s] [ext: omni.kit.widget.zoombar-1.0.7] startup
[8.570s] [ext: omni.kit.browser.core-2.3.18] startup
[8.573s] [ext: omni.kit.browser.folder.core-2.0.2] startup
[8.576s] [ext: omni.kit.widget.stage_icons-1.0.8] startup
[8.577s] [ext: omni.kit.window.stage-2.6.1] startup
[8.580s] [ext: omni.kit.menu.stage-1.2.7] startup
[8.581s] [ext: omni.kit.usd.collect-3.0.6] startup
[8.583s] [ext: omni.kit.widget.prompt-1.0.7] startup
[8.584s] [ext: omni.kit.tool.collect-2.2.19] startup
[8.585s] [ext: isaacsim.examples.browser-0.3.2] startup
[8.587s] [ext: omni.kit.search.files-1.0.4] startup
[8.588s] [ext: omni.kit.widget.calendar-1.0.9] startup
[8.589s] [ext: omni.kit.widget.extended_searchfield-1.0.31] startup
[8.595s] [ext: omni.simready.content.browser-0.3.7] startup
[8.680s] [ext: isaacsim.gui.content_browser-0.4.3] startup
[8.682s] [ext: omni.kit.selection-0.1.6] startup
[8.683s] [ext: isaacsim.gui.menu-2.10.5] startup
[8.690s] [ext: isaacsim.gui.property-1.6.4] startup
[8.696s] [ext: omni.kit.viewport.actions-110.0.0] startup
[8.699s] [ext: omni.kit.viewport.menubar.display-107.1.3] startup
[8.701s] [ext: isaacsim.gui.sensors.icon-2.2.1] startup
[8.703s] [ext: omni.behavior.scripting.core-110.1.0] startup
[8.706s] [ext: isaacsim.replicator.behavior-1.5.4] startup
[8.706s] [ext: isaacsim.replicator.experimental.domain_randomization-1.2.5] startup
[8.719s] [ext: isaacsim.replicator.domain_randomization-1.2.2] startup
[8.786s] [ext: isaacsim.replicator.writers-1.5.4] startup
[8.809s] [ext: isaacsim.robot.experimental.wheeled_robots-0.2.11] startup
[8.829s] [ext: isaacsim.robot.policy.examples-5.2.12] startup
[8.846s] [ext: isaacsim.robot.wheeled_robots-5.2.4] startup
[8.849s] [ext: isaacsim.robot.wheeled_robots.nodes-0.1.5] startup
[8.865s] [ext: isaacsim.robot_motion.experimental.motion_generation-6.1.3] startup
[8.875s] [ext: isaacsim.robot_motion.cumotion-1.3.1] startup
[8.888s] [ext: omni.kit.numpy.common-0.1.3] startup
[8.890s] [ext: isaacsim.sensors.camera-1.7.9] startup
[8.917s] [ext: isaacsim.sensors.experimental.physics-3.0.2] startup
[8.923s] [ext: omni.sensors.net-1.0.1] startup
[8.925s] [ext: omni.sensors.nv.common-3.0.0] startup
[8.934s] [ext: omni.sensors.nv.materials-2.0.0] startup
[8.936s] [ext: omni.sensors.nv.acoustic-3.0.0] startup
[8.938s] [ext: omni.sensors.nv.ids-2.0.1] startup
[8.939s] [ext: omni.sensors.nv.lidar-3.0.0] startup
[8.942s] [ext: omni.sensors.nv.radar-3.0.0] startup
[8.944s] [ext: isaacsim.sensors.experimental.rtx-1.4.6] startup
[9.173s] [ext: isaacsim.sensors.physics.nodes-1.5.3] startup
[9.178s] [ext: isaacsim.util.debug_draw-3.2.3] startup
[9.182s] [ext: isaacsim.sensors.physx-2.5.5] startup
[9.188s] [ext: isaacsim.sensors.rtx-15.17.1] startup
[9.197s] [ext: isaacsim.simulation_app-2.18.4] startup
[9.197s] [ext: omni.anim.curve.core-1.6.0] startup
[9.205s] [ext: omni.graph.ui_nodes-2.11.1] startup
[9.224s] [ext: omni.hydra.scene_api-0.1.3] startup
[9.228s] [ext: omni.kit.manipulator.camera-110.0.0] startup
[9.231s] [ext: omni.kit.manipulator.selector-1.1.4] startup
[9.232s] [ext: omni.kit.manipulator.transform-107.0.0] startup
[9.235s] [ext: omni.kit.widget.toolbar-2.1.0] startup
[9.240s] [ext: omni.kit.manipulator.tool.snap-1.5.14] startup
[9.244s] [ext: omni.kit.viewport.manipulator.transform-107.0.4] startup
[9.245s] [ext: omni.kit.manipulator.prim.core-108.0.2] startup
[9.250s] [ext: omni.kit.manipulator.prim.usd-107.0.3] startup
[9.251s] [ext: omni.kit.manipulator.prim-108.0.0] startup
[9.251s] [ext: omni.kit.manipulator.selection-109.0.1] startup
[9.252s] [ext: omni.kit.menu.create-2.0.2] startup
[9.254s] [ext: omni.kit.property.audio-1.0.16] startup
[9.257s] [ext: omni.kit.property.camera-1.0.14] startup
[9.258s] [ext: omni.kit.property.geometry-2.1.2] startup
[9.260s] [ext: omni.kit.property.light-1.0.14] startup
2026-09-29T16:19:02Z [9,258ms] [Warning] [omni.usd] Encountered USD Warnings but USD Diagnostics are currently muted. To view USD Warnings, please set the '/persistent/app/usd/muteUsdDiagnostics' setting to false in Preferences page.
[9.286s] [ext: omni.kit.property.material-1.14.6] startup
[9.291s] [ext: omni.kit.property.render-1.2.2] startup
[9.292s] [ext: omni.kit.property.transform-1.6.9] startup
[9.294s] [ext: omni.kit.property.bundle-1.5.1] startup
[9.296s] [ext: omni.kit.usdz_export-1.1.0] startup
[9.298s] [ext: omni.kit.tool.asset_importer-6.0.1] startup
[9.303s] [ext: omni.kit.ui.actions-1.0.5] startup
[9.304s] [ext: omni.kit.viewport.menubar.camera-107.0.10] startup
[9.308s] [ext: omni.kit.viewport.menubar.lighting-107.3.2] startup
[9.311s] [ext: omni.kit.viewport.menubar.render-110.0.0] startup
[9.313s] [ext: omni.kit.viewport.menubar.settings-110.0.1] startup
[9.316s] [ext: omni.kit.window.console-1.1.9] startup
[9.320s] [ext: omni.kit.window.status_bar-0.1.11] startup
[9.322s] [ext: omni.kit.window.toolbar-3.0.3] startup
[9.324s] [ext: omni.ocio-0.1.1] startup
[9.324s] [ext: omni.physx.commands-110.1.13] startup
[9.327s] [ext: omni.replicator.replicator_yaml-2.0.12] startup
[9.337s] [ext: omni.rtx.window.settings-0.8.0] startup
[9.341s] [ext: omni.rtx.settings.core-0.7.1] startup
[9.343s] [ext: omni.usd.metrics.assembler.ui-110.1.1] startup
[9.349s] [ext: semantics.schema.editor-2.0.2] startup
[9.352s] [ext: semantics.schema.property-2.0.2] startup
[9.353s] [ext: omni.kit.menu.common-2.0.2] startup
[9.354s] [ext: isaacsim.exp.base-6.0.1] startup
[9.354s] [ext: isaacsim.exp.base.python-6.0.1] startup
[9.356s] Simulation App Starting
[10.407s] Simulation App Startup Complete
[10.411s] app ready
Starting kit application with the following args:  ['/home/starry/isaac-data/isaacsim/exts/isaacsim.simulation_app/isaacsim/simulation_app/simulation_app.py', '/home/starry/isaac-data/isaacsim/apps/isaacsim.exp.base.python.kit', '--/app/tokens/exe-path=/home/starry/isaac-data/isaacsim/kit', '--/persistent/app/viewport/displayOptions=3094', '--/rtx/materialDb/syncLoads=True', '--/rtx/hydra/materialSyncLoads=True', '--/omni/kit/plugin/syncUsdLoads=True', '--/app/renderer/resolution/width=1280', '--/app/renderer/resolution/height=720', '--/app/window/width=1440', '--/app/window/height=900', '--/renderer/multiGpu/enabled=False', '--/app/fastShutdown=True', '--/app/installSignalHandlers=0', '--ext-folder', '/home/starry/isaac-data/isaacsim/exts', '--ext-folder', '/home/starry/isaac-data/isaacsim/apps', '--/renderer/activeGpu=0', '--/physics/cudaDevice=0', '--/plugins/carb.tasking.plugin/threadCount=12', '--/plugins/omni.tbb.globalcontrol/maxThreadCount=12', '--portable', '--no-window', '--/app/window/hideUi=1']
Passing the following args to the base kit application:  []
Warp 1.13.0 initialized:
   CUDA Toolkit 12.9, Driver 13.0
   Devices:
     "cpu"      : "x86_64"
     "cuda:0"   : "NVIDIA GeForce RTX 5070" (11 GiB, sm_120, mempool enabled)
   Kernel cache:
     /home/starry/.cache/warp/1.13.0
[LIGHTING] sun=800.0 (1) dome=0.0 (1) ambient=0.05 constant_color=(0.6, 0.65, 0.7)
[RENDER] mode=MinimalRendering minimal_shading_mode=2 anti_aliasing=TAA
[DEPTH CAMERAS] count=4 resolution_each=320x240 horizontal_coverage=360deg
[ESDF] path=/home/starry/isaac-data/EGO1P1/scenes/ego_swarm_cloud/occupancy.bin shape=(400, 300, 50) resolution=0.40m
[depth_angular_controller-1] [INFO] [1790698746.012005389] [depth_angular_controller]: WAITING_ODOMETRY
[NAV] t=0.0s position=(-64.00,-11.20,2.80) yaw=1.2deg command=(0.00,0.00,0.00) manual_active=0 collision_blocks=0
[depth_angular_controller-1] [INFO] [1790698746.381380133] [depth_angular_controller]: WAITING_VERIFIED_START_POSE
[depth_angular_controller-1] [INFO] [1790698746.418724591] [depth_angular_controller]: VERIFIED_FREE_SEED center=(-64.000,-11.200,2.800) radius=2.500 balls=1: verified fixed Cloud free ball; USD and occupancy SHA-256 matched
[depth_angular_controller-1] [INFO] [1790698746.418838685] [depth_angular_controller]: ZERO_INTENT
[depth_angular_controller-1] [INFO] [1790698748.489540006] [depth_angular_controller]: 3D guidance switched to view 0
[depth_angular_controller-1] [INFO] [1790698748.489586453] [depth_angular_controller]: DEPTH_PROPOSAL conservative_grid=64x48 measured_state=1 direction_only=1
[depth_angular_controller-1] [INFO] [1790698748.493315271] [depth_angular_controller]: DEPTH_PROPOSAL_CERTIFIED
[depth_angular_controller-1] [INFO] [1790698748.493336200] [depth_angular_controller]: PAPER_BUILD reason=FULL_MOTION_CERTIFICATE required=0.0000 best=0.0000 free=0 refined=0 tubes=0 revoked_tubes=0 proofs=0
[depth_angular_controller-1] [INFO] [1790698748.493344806] [depth_angular_controller]: PAPER_EVIDENCE retained=7 balls=1 revoked_balls=0 expired_views=0 evicted_views=0 radius=0.580 clearance=0.000 best_prefix=0.000
[10.934s] [ext: isaacsim.sensors.rtx.nodes-0.1.2] startup
[10.942s] [ext: isaacsim.ros2.core-1.9.4] startup
[10.956s] Attempting to load system rclpy
[10.956s] Could not import system rclpy: No module named 'rclpy'
[10.956s] Attempting to load internal rclpy for ROS Distro: humble
[10.967s] rclpy loaded
[10.970s] [ext: isaacsim.ros2.nodes-1.18.13] startup
[11.005s] [ext: isaacsim.ros2.examples-1.2.4] startup
[11.010s] [ext: isaacsim.ros2.ui-1.6.5] startup
[11.230s] [ext: isaacsim.ros2.bridge-5.1.2] startup
2026-09-29T16:19:06Z [13,155ms] [Warning] [omni.timeline.plugin] Deprecated: direct use of ITimeline callbacks is deprecated. Use ITimeline::getTimeline (Python: omni.timeline.get_timeline_interface) instead.
[depth_angular_controller-1] [INFO] [1790698749.609209293] [depth_angular_controller]: PAPER_BUILD reason=FULL_MOTION_CERTIFICATE required=0.0000 best=0.0000 free=0 refined=0 tubes=1 revoked_tubes=0 proofs=46
[depth_angular_controller-1] [INFO] [1790698749.609251092] [depth_angular_controller]: PAPER_EVIDENCE retained=11 balls=4 revoked_balls=0 expired_views=0 evicted_views=0 radius=0.580 clearance=0.000 best_prefix=0.000
[depth_angular_controller-1] [INFO] [1790698750.746164628] [depth_angular_controller]: PAPER_BUILD reason=FULL_MOTION_CERTIFICATE required=0.0000 best=0.0000 free=0 refined=0 tubes=4 revoked_tubes=0 proofs=89
[depth_angular_controller-1] [INFO] [1790698750.746200215] [depth_angular_controller]: PAPER_EVIDENCE retained=15 balls=14 revoked_balls=0 expired_views=0 evicted_views=0 radius=0.580 clearance=0.000 best_prefix=0.000
[depth_angular_controller-1] [INFO] [1790698751.326290865] [depth_angular_controller]: NO_REGULAR_FIELD
[depth_angular_controller-1] [INFO] [1790698751.383988236] [depth_angular_controller]: [PERF CTRL] run=iteration52_ego1p1_1 elapsed=18.76s callbacks=233 commands=232 guidance=132 command_fps(ros/wall)=50.04/46.18 guidance_wall_fps=45.26 avoid_ms(mean/p50/p95/max)=1.669/0.900/5.365/10.505 cycle_ms(mean/p95/max)=21.656/36.099/95.014 depth_to_cmd_ms(mean/p95/max)=17.298/16.667/33.333 callback_to_publish_ms(mean/p95/max)=6.467/10.426/16.718
[position_cmd_to_twist-2] [INFO] [1790698751.686331052] [position_cmd_to_twist]: [PERF BRIDGE] run=iteration52_ego1p1_1 elapsed=18.95s received=244 published=244 fps(ros/wall)=49.93/46.22 controller_to_bridge_ms(mean/p50/p95/max)=0.068/0.000/0.000/16.667 bridge_process_ms(mean/p95/max)=0.091/0.113/0.175
[NAV] t=5.0s position=(-60.47,-10.55,2.73) yaw=9.9deg command=(1.45,0.30,-0.08) manual_active=1 collision_blocks=0
[depth_angular_controller-1] [INFO] [1790698751.776938500] [depth_angular_controller]: PAPER_BUILD reason=NO_CERTIFIED_DIRECTION required=1.2480 best=0.0000 free=0 refined=0 tubes=8 revoked_tubes=0 proofs=128
[depth_angular_controller-1] [INFO] [1790698751.776981701] [depth_angular_controller]: PAPER_EVIDENCE retained=16 balls=30 revoked_balls=0 expired_views=0 evicted_views=0 radius=0.580 clearance=0.000 best_prefix=0.000
[depth_angular_controller-1] [INFO] [1790698752.300059845] [depth_angular_controller]: COMPUTE_DEADLINE
[depth_angular_controller-1] [INFO] [1790698752.481112256] [depth_angular_controller]: DEPTH_PROPOSAL_CERTIFIED
[depth_angular_controller-1] [INFO] [1790698752.825876868] [depth_angular_controller]: PAPER_BUILD reason=FULL_MOTION_CERTIFICATE required=0.0000 best=0.0000 free=0 refined=0 tubes=11 revoked_tubes=0 proofs=128
[depth_angular_controller-1] [INFO] [1790698752.825910471] [depth_angular_controller]: PAPER_EVIDENCE retained=20 balls=32 revoked_balls=0 expired_views=0 evicted_views=0 radius=0.580 clearance=0.000 best_prefix=4.038
[depth_angular_controller-1] [INFO] [1790698753.850278372] [depth_angular_controller]: PAPER_BUILD reason=FULL_MOTION_CERTIFICATE required=0.0000 best=0.0000 free=0 refined=0 tubes=13 revoked_tubes=0 proofs=128
[depth_angular_controller-1] [INFO] [1790698753.850312977] [depth_angular_controller]: PAPER_EVIDENCE retained=24 balls=32 revoked_balls=0 expired_views=0 evicted_views=0 radius=0.580 clearance=0.000 best_prefix=4.038
[depth_angular_controller-1] [INFO] [1790698755.009860627] [depth_angular_controller]: PAPER_BUILD reason=FULL_MOTION_CERTIFICATE required=0.0000 best=0.0000 free=0 refined=0 tubes=16 revoked_tubes=0 proofs=128
[depth_angular_controller-1] [INFO] [1790698755.009896424] [depth_angular_controller]: PAPER_EVIDENCE retained=28 balls=32 revoked_balls=0 expired_views=0 evicted_views=0 radius=0.580 clearance=0.000 best_prefix=4.038
[depth_angular_controller-1] [INFO] [1790698756.147608008] [depth_angular_controller]: PAPER_BUILD reason=FULL_MOTION_CERTIFICATE required=0.0000 best=0.0000 free=0 refined=0 tubes=20 revoked_tubes=0 proofs=128
[depth_angular_controller-1] [INFO] [1790698756.147648805] [depth_angular_controller]: PAPER_EVIDENCE retained=32 balls=32 revoked_balls=0 expired_views=0 evicted_views=0 radius=0.580 clearance=0.000 best_prefix=4.038
[depth_angular_controller-1] [INFO] [1790698756.397714101] [depth_angular_controller]: [PERF CTRL] run=iteration52_ego1p1_1 elapsed=23.77s callbacks=447 commands=446 guidance=346 command_fps(ros/wall)=48.46/44.43 guidance_wall_fps=43.63 avoid_ms(mean/p50/p95/max)=3.391/0.900/9.930/159.622 cycle_ms(mean/p95/max)=22.509/39.178/168.406 depth_to_cmd_ms(mean/p95/max)=17.100/16.667/33.333 callback_to_publish_ms(mean/p95/max)=9.369/16.399/168.284
[position_cmd_to_twist-2] [INFO] [1790698757.194476162] [position_cmd_to_twist]: [PERF BRIDGE] run=iteration52_ego1p1_1 elapsed=24.46s received=482 published=481 fps(ros/wall)=48.59/44.42 controller_to_bridge_ms(mean/p50/p95/max)=1.660/0.000/16.667/166.667 bridge_process_ms(mean/p95/max)=0.095/0.121/0.350
[NAV] t=10.0s position=(-53.16,-8.95,2.45) yaw=9.8deg command=(1.97,0.34,-0.07) manual_active=1 collision_blocks=0
[depth_angular_controller-1] [INFO] [1790698757.289415889] [depth_angular_controller]: PAPER_BUILD reason=FULL_MOTION_CERTIFICATE required=0.0000 best=0.0000 free=0 refined=0 tubes=24 revoked_tubes=0 proofs=128
[depth_angular_controller-1] [INFO] [1790698757.289450464] [depth_angular_controller]: PAPER_EVIDENCE retained=32 balls=32 revoked_balls=0 expired_views=0 evicted_views=3 radius=0.580 clearance=0.000 best_prefix=4.038
[depth_angular_controller-1] [INFO] [1790698758.389141471] [depth_angular_controller]: PAPER_BUILD reason=FULL_MOTION_CERTIFICATE required=0.0000 best=0.0000 free=0 refined=0 tubes=28 revoked_tubes=0 proofs=128
[depth_angular_controller-1] [INFO] [1790698758.389182588] [depth_angular_controller]: PAPER_EVIDENCE retained=32 balls=32 revoked_balls=0 expired_views=0 evicted_views=7 radius=0.580 clearance=0.000 best_prefix=4.038
[depth_angular_controller-1] [INFO] [1790698759.462401249] [depth_angular_controller]: PAPER_BUILD reason=FULL_MOTION_CERTIFICATE required=0.0000 best=0.0000 free=0 refined=0 tubes=32 revoked_tubes=0 proofs=128
[depth_angular_controller-1] [INFO] [1790698759.462444651] [depth_angular_controller]: PAPER_EVIDENCE retained=32 balls=32 revoked_balls=0 expired_views=0 evicted_views=11 radius=0.580 clearance=0.000 best_prefix=4.038
[depth_angular_controller-1] [INFO] [1790698759.795688063] [depth_angular_controller]: LOCAL_PATH cycles=500 replans=91 selected=461
[depth_angular_controller-1] [INFO] [1790698760.540410981] [depth_angular_controller]: PAPER_BUILD reason=FULL_MOTION_CERTIFICATE required=0.0000 best=0.0000 free=0 refined=0 tubes=36 revoked_tubes=0 proofs=128
[depth_angular_controller-1] [INFO] [1790698760.540446658] [depth_angular_controller]: PAPER_EVIDENCE retained=32 balls=32 revoked_balls=0 expired_views=0 evicted_views=15 radius=0.580 clearance=0.000 best_prefix=4.038
[depth_angular_controller-1] [INFO] [1790698761.411327826] [depth_angular_controller]: [PERF CTRL] run=iteration52_ego1p1_1 elapsed=28.78s callbacks=677 commands=676 guidance=576 command_fps(ros/wall)=48.97/44.91 guidance_wall_fps=44.50 avoid_ms(mean/p50/p95/max)=3.119/1.121/9.101/159.622 cycle_ms(mean/p95/max)=22.267/38.898/168.406 depth_to_cmd_ms(mean/p95/max)=17.332/16.667/33.333 callback_to_publish_ms(mean/p95/max)=10.647/17.627/168.284
[depth_angular_controller-1] [INFO] [1790698761.690931281] [depth_angular_controller]: PAPER_BUILD reason=FULL_MOTION_CERTIFICATE required=0.0000 best=0.0000 free=0 refined=0 tubes=41 revoked_tubes=0 proofs=128
[depth_angular_controller-1] [INFO] [1790698761.690968160] [depth_angular_controller]: PAPER_EVIDENCE retained=32 balls=32 revoked_balls=0 expired_views=0 evicted_views=18 radius=0.580 clearance=0.000 best_prefix=4.038
[position_cmd_to_twist-2] [INFO] [1790698762.732184357] [position_cmd_to_twist]: [PERF BRIDGE] run=iteration52_ego1p1_1 elapsed=30.00s received=731 published=730 fps(ros/wall)=49.05/44.64 controller_to_bridge_ms(mean/p50/p95/max)=2.348/0.000/16.667/166.667 bridge_process_ms(mean/p95/max)=0.100/0.124/0.827
[NAV] t=15.0s position=(-43.30,-9.16,2.87) yaw=10.7deg command=(1.97,0.32,0.01) manual_active=1 collision_blocks=0
[depth_angular_controller-1] [INFO] [1790698762.831616595] [depth_angular_controller]: PAPER_BUILD reason=FULL_MOTION_CERTIFICATE required=0.0000 best=0.0000 free=0 refined=0 tubes=45 revoked_tubes=0 proofs=128
[depth_angular_controller-1] [INFO] [1790698762.831656881] [depth_angular_controller]: PAPER_EVIDENCE retained=32 balls=32 revoked_balls=0 expired_views=0 evicted_views=22 radius=0.580 clearance=0.000 best_prefix=4.038
[depth_angular_controller-1] [INFO] [1790698763.916677478] [depth_angular_controller]: PAPER_BUILD reason=FULL_MOTION_CERTIFICATE required=0.0000 best=0.0000 free=0 refined=0 tubes=49 revoked_tubes=0 proofs=128
[depth_angular_controller-1] [INFO] [1790698763.916713837] [depth_angular_controller]: PAPER_EVIDENCE retained=32 balls=32 revoked_balls=0 expired_views=0 evicted_views=27 radius=0.580 clearance=0.000 best_prefix=4.038
[depth_angular_controller-1] [INFO] [1790698764.927275109] [depth_angular_controller]: PAPER_BUILD reason=FULL_MOTION_CERTIFICATE required=0.0000 best=0.0000 free=0 refined=0 tubes=53 revoked_tubes=0 proofs=128
[depth_angular_controller-1] [INFO] [1790698764.927314843] [depth_angular_controller]: PAPER_EVIDENCE retained=32 balls=32 revoked_balls=0 expired_views=0 evicted_views=31 radius=0.580 clearance=0.000 best_prefix=4.038
[depth_angular_controller-1] [INFO] [1790698765.933808563] [depth_angular_controller]: PAPER_BUILD reason=FULL_MOTION_CERTIFICATE required=0.0000 best=0.0000 free=0 refined=0 tubes=57 revoked_tubes=0 proofs=128
[depth_angular_controller-1] [INFO] [1790698765.934245523] [depth_angular_controller]: PAPER_EVIDENCE retained=32 balls=32 revoked_balls=0 expired_views=0 evicted_views=35 radius=0.580 clearance=0.000 best_prefix=4.038
[depth_angular_controller-1] [INFO] [1790698766.475225730] [depth_angular_controller]: [PERF CTRL] run=iteration52_ego1p1_1 elapsed=33.85s callbacks=912 commands=911 guidance=811 command_fps(ros/wall)=49.23/45.29 guidance_wall_fps=45.04 avoid_ms(mean/p50/p95/max)=2.786/1.176/7.993/159.622 cycle_ms(mean/p95/max)=22.081/37.791/168.406 depth_to_cmd_ms(mean/p95/max)=17.222/16.667/33.333 callback_to_publish_ms(mean/p95/max)=11.055/18.083/168.284
[depth_angular_controller-1] [INFO] [1790698767.141939511] [depth_angular_controller]: PAPER_BUILD reason=FULL_MOTION_CERTIFICATE required=0.0000 best=0.0000 free=0 refined=0 tubes=61 revoked_tubes=0 proofs=128
[depth_angular_controller-1] [INFO] [1790698767.142378154] [depth_angular_controller]: PAPER_EVIDENCE retained=32 balls=32 revoked_balls=0 expired_views=0 evicted_views=39 radius=0.580 clearance=0.000 best_prefix=4.038
[position_cmd_to_twist-2] [INFO] [1790698768.034524427] [position_cmd_to_twist]: [PERF BRIDGE] run=iteration52_ego1p1_1 elapsed=35.30s received=982 published=981 fps(ros/wall)=49.30/45.27 controller_to_bridge_ms(mean/p50/p95/max)=2.138/0.000/16.667/166.667 bridge_process_ms(mean/p95/max)=0.100/0.125/0.827
[NAV] t=20.0s position=(-33.77,-7.95,3.43) yaw=11.1deg command=(1.81,-0.74,0.03) manual_active=1 collision_blocks=0
[depth_angular_controller-1] [INFO] [1790698768.156956224] [depth_angular_controller]: PAPER_BUILD reason=FULL_MOTION_CERTIFICATE required=0.0000 best=0.0000 free=0 refined=0 tubes=65 revoked_tubes=0 proofs=128
[depth_angular_controller-1] [INFO] [1790698768.157001579] [depth_angular_controller]: PAPER_EVIDENCE retained=32 balls=32 revoked_balls=0 expired_views=0 evicted_views=43 radius=0.580 clearance=0.000 best_prefix=4.038
[depth_angular_controller-1] [INFO] [1790698769.239050090] [depth_angular_controller]: PAPER_BUILD reason=FULL_MOTION_CERTIFICATE required=0.0000 best=0.0000 free=0 refined=0 tubes=69 revoked_tubes=0 proofs=128
[depth_angular_controller-1] [INFO] [1790698769.239092349] [depth_angular_controller]: PAPER_EVIDENCE retained=32 balls=32 revoked_balls=0 expired_views=0 evicted_views=47 radius=0.580 clearance=0.000 best_prefix=4.038
[depth_angular_controller-1] [INFO] [1790698770.405145827] [depth_angular_controller]: PAPER_BUILD reason=FULL_MOTION_CERTIFICATE required=0.0000 best=0.0000 free=0 refined=0 tubes=73 revoked_tubes=0 proofs=128
[depth_angular_controller-1] [INFO] [1790698770.405575233] [depth_angular_controller]: PAPER_EVIDENCE retained=32 balls=32 revoked_balls=0 expired_views=0 evicted_views=51 radius=0.580 clearance=0.000 best_prefix=4.038
[depth_angular_controller-1] [INFO] [1790698770.647883112] [depth_angular_controller]: LOCAL_PATH cycles=1000 replans=180 selected=818
[depth_angular_controller-1] [INFO] [1790698771.498006006] [depth_angular_controller]: [PERF CTRL] run=iteration52_ego1p1_1 elapsed=38.87s callbacks=1140 commands=1139 guidance=1039 command_fps(ros/wall)=49.37/45.31 guidance_wall_fps=45.11 avoid_ms(mean/p50/p95/max)=2.786/1.280/8.192/159.622 cycle_ms(mean/p95/max)=22.071/37.923/168.406 depth_to_cmd_ms(mean/p95/max)=17.244/16.667/33.333 callback_to_publish_ms(mean/p95/max)=11.900/19.454/168.284
[depth_angular_controller-1] [INFO] [1790698771.498055098] [depth_angular_controller]: PAPER_BUILD reason=FULL_MOTION_CERTIFICATE required=0.0000 best=0.0000 free=0 refined=0 tubes=78 revoked_tubes=0 proofs=128
[depth_angular_controller-1] [INFO] [1790698771.498062322] [depth_angular_controller]: PAPER_EVIDENCE retained=32 balls=32 revoked_balls=0 expired_views=0 evicted_views=55 radius=0.580 clearance=0.000 best_prefix=4.038
[depth_angular_controller-1] [INFO] [1790698772.625980979] [depth_angular_controller]: PAPER_BUILD reason=FULL_MOTION_CERTIFICATE required=0.0000 best=0.0000 free=0 refined=0 tubes=82 revoked_tubes=0 proofs=128
[depth_angular_controller-1] [INFO] [1790698772.626393533] [depth_angular_controller]: PAPER_EVIDENCE retained=32 balls=32 revoked_balls=0 expired_views=0 evicted_views=59 radius=0.580 clearance=0.000 best_prefix=4.038
[position_cmd_to_twist-2] [INFO] [1790698773.492134636] [position_cmd_to_twist]: [PERF BRIDGE] run=iteration52_ego1p1_1 elapsed=40.76s received=1232 published=1231 fps(ros/wall)=49.44/45.38 controller_to_bridge_ms(mean/p50/p95/max)=2.922/0.000/16.667/166.667 bridge_process_ms(mean/p95/max)=0.101/0.127/0.827
[NAV] t=25.0s position=(-24.27,-8.70,3.64) yaw=12.7deg command=(1.94,0.44,-0.18) manual_active=1 collision_blocks=0
[depth_angular_controller-1] [INFO] [1790698773.636510993] [depth_angular_controller]: PAPER_BUILD reason=FULL_MOTION_CERTIFICATE required=0.0000 best=0.0000 free=0 refined=0 tubes=86 revoked_tubes=0 proofs=128
[depth_angular_controller-1] [INFO] [1790698773.636546279] [depth_angular_controller]: PAPER_EVIDENCE retained=32 balls=32 revoked_balls=0 expired_views=0 evicted_views=63 radius=0.580 clearance=0.000 best_prefix=4.038
[depth_angular_controller-1] [INFO] [1790698774.721471387] [depth_angular_controller]: PAPER_BUILD reason=FULL_MOTION_CERTIFICATE required=0.0000 best=0.0000 free=0 refined=0 tubes=90 revoked_tubes=0 proofs=128
[depth_angular_controller-1] [INFO] [1790698774.721512505] [depth_angular_controller]: PAPER_EVIDENCE retained=32 balls=32 revoked_balls=0 expired_views=0 evicted_views=67 radius=0.580 clearance=0.000 best_prefix=4.038
[depth_angular_controller-1] [INFO] [1790698775.727920693] [depth_angular_controller]: PAPER_BUILD reason=FULL_MOTION_CERTIFICATE required=0.0000 best=0.0000 free=0 refined=0 tubes=94 revoked_tubes=0 proofs=128
[depth_angular_controller-1] [INFO] [1790698775.727958514] [depth_angular_controller]: PAPER_EVIDENCE retained=32 balls=32 revoked_balls=0 expired_views=0 evicted_views=71 radius=0.580 clearance=0.000 best_prefix=4.038
[depth_angular_controller-1] [INFO] [1790698776.500804245] [depth_angular_controller]: [PERF CTRL] run=iteration52_ego1p1_1 elapsed=43.87s callbacks=1372 commands=1371 guidance=1271 command_fps(ros/wall)=49.49/45.49 guidance_wall_fps=45.34 avoid_ms(mean/p50/p95/max)=2.590/1.169/7.702/159.622 cycle_ms(mean/p95/max)=21.985/37.791/168.406 depth_to_cmd_ms(mean/p95/max)=17.217/16.667/33.333 callback_to_publish_ms(mean/p95/max)=11.690/18.988/168.284
[depth_angular_controller-1] [INFO] [1790698776.874261931] [depth_angular_controller]: PAPER_BUILD reason=FULL_MOTION_CERTIFICATE required=0.0000 best=0.0000 free=0 refined=0 tubes=98 revoked_tubes=0 proofs=128
[depth_angular_controller-1] [INFO] [1790698776.874298730] [depth_angular_controller]: PAPER_EVIDENCE retained=32 balls=32 revoked_balls=0 expired_views=0 evicted_views=74 radius=0.580 clearance=0.000 best_prefix=4.038
[depth_angular_controller-1] [INFO] [1790698777.951924251] [depth_angular_controller]: PAPER_BUILD reason=FULL_MOTION_CERTIFICATE required=0.0000 best=0.0000 free=0 refined=0 tubes=102 revoked_tubes=0 proofs=128
[depth_angular_controller-1] [INFO] [1790698777.951964937] [depth_angular_controller]: PAPER_EVIDENCE retained=32 balls=32 revoked_balls=0 expired_views=0 evicted_views=78 radius=0.580 clearance=0.000 best_prefix=4.038
[position_cmd_to_twist-2] [INFO] [1790698778.882466174] [position_cmd_to_twist]: [PERF BRIDGE] run=iteration52_ego1p1_1 elapsed=46.15s received=1482 published=1481 fps(ros/wall)=49.53/45.55 controller_to_bridge_ms(mean/p50/p95/max)=2.665/0.000/16.667/166.667 bridge_process_ms(mean/p95/max)=0.100/0.127/0.827
[NAV] t=30.0s position=(-15.00,-6.60,1.08) yaw=12.7deg command=(1.95,0.44,0.03) manual_active=1 collision_blocks=0
[depth_angular_controller-1] [INFO] [1790698779.028789465] [depth_angular_controller]: PAPER_BUILD reason=FULL_MOTION_CERTIFICATE required=0.0000 best=0.0000 free=0 refined=0 tubes=106 revoked_tubes=0 proofs=128
[depth_angular_controller-1] [INFO] [1790698779.028831443] [depth_angular_controller]: PAPER_EVIDENCE retained=32 balls=32 revoked_balls=0 expired_views=0 evicted_views=82 radius=0.580 clearance=0.000 best_prefix=4.038
[depth_angular_controller-1] [INFO] [1790698780.102565251] [depth_angular_controller]: PAPER_BUILD reason=FULL_MOTION_CERTIFICATE required=0.0000 best=0.0000 free=0 refined=0 tubes=110 revoked_tubes=0 proofs=128
[depth_angular_controller-1] [INFO] [1790698780.102604435] [depth_angular_controller]: PAPER_EVIDENCE retained=32 balls=32 revoked_balls=0 expired_views=0 evicted_views=86 radius=0.580 clearance=0.000 best_prefix=4.038
[depth_angular_controller-1] [INFO] [1790698781.240544377] [depth_angular_controller]: PAPER_BUILD reason=FULL_MOTION_CERTIFICATE required=0.0000 best=0.0000 free=0 refined=0 tubes=114 revoked_tubes=0 proofs=128
[depth_angular_controller-1] [INFO] [1790698781.240590243] [depth_angular_controller]: PAPER_EVIDENCE retained=32 balls=32 revoked_balls=0 expired_views=0 evicted_views=90 radius=0.580 clearance=0.000 best_prefix=4.038
[depth_angular_controller-1] [INFO] [1790698781.448180814] [depth_angular_controller]: LOCAL_PATH cycles=1500 replans=270 selected=1285
[depth_angular_controller-1] [INFO] [1790698781.503630918] [depth_angular_controller]: [PERF CTRL] run=iteration52_ego1p1_1 elapsed=48.88s callbacks=1604 commands=1603 guidance=1503 command_fps(ros/wall)=49.57/45.61 guidance_wall_fps=45.50 avoid_ms(mean/p50/p95/max)=2.542/1.160/7.704/159.622 cycle_ms(mean/p95/max)=21.924/37.923/168.406 depth_to_cmd_ms(mean/p95/max)=17.177/16.667/33.333 callback_to_publish_ms(mean/p95/max)=11.736/18.906/168.284
[depth_angular_controller-1] [INFO] [1790698782.305106414] [depth_angular_controller]: PAPER_BUILD reason=FULL_MOTION_CERTIFICATE required=0.0000 best=0.0000 free=0 refined=0 tubes=118 revoked_tubes=0 proofs=128
[depth_angular_controller-1] [INFO] [1790698782.305146960] [depth_angular_controller]: PAPER_EVIDENCE retained=32 balls=32 revoked_balls=0 expired_views=0 evicted_views=93 radius=0.580 clearance=0.000 best_prefix=4.038
[depth_angular_controller-1] [INFO] [1790698783.330197031] [depth_angular_controller]: PAPER_BUILD reason=FULL_MOTION_CERTIFICATE required=0.0000 best=0.0000 free=0 refined=0 tubes=122 revoked_tubes=0 proofs=128
[depth_angular_controller-1] [INFO] [1790698783.330238769] [depth_angular_controller]: PAPER_EVIDENCE retained=32 balls=32 revoked_balls=0 expired_views=0 evicted_views=97 radius=0.580 clearance=0.000 best_prefix=4.038
[position_cmd_to_twist-2] [INFO] [1790698784.179528209] [position_cmd_to_twist]: [PERF BRIDGE] run=iteration52_ego1p1_1 elapsed=51.45s received=1732 published=1731 fps(ros/wall)=49.60/45.78 controller_to_bridge_ms(mean/p50/p95/max)=2.454/0.000/16.667/166.667 bridge_process_ms(mean/p95/max)=0.100/0.127/0.827
[NAV] t=35.0s position=(-5.23,-4.49,1.09) yaw=12.8deg command=(1.95,0.44,0.05) manual_active=1 collision_blocks=0
[depth_angular_controller-1] [INFO] [1790698784.400514648] [depth_angular_controller]: PAPER_BUILD reason=FULL_MOTION_CERTIFICATE required=0.0000 best=0.0000 free=0 refined=0 tubes=126 revoked_tubes=0 proofs=128
[depth_angular_controller-1] [INFO] [1790698784.400555584] [depth_angular_controller]: PAPER_EVIDENCE retained=32 balls=32 revoked_balls=0 expired_views=0 evicted_views=101 radius=0.580 clearance=0.000 best_prefix=4.038
[depth_angular_controller-1] [INFO] [1790698785.448193693] [depth_angular_controller]: PAPER_BUILD reason=FULL_MOTION_CERTIFICATE required=0.0000 best=0.0000 free=0 refined=0 tubes=130 revoked_tubes=0 proofs=128
[depth_angular_controller-1] [INFO] [1790698785.448235782] [depth_angular_controller]: PAPER_EVIDENCE retained=32 balls=32 revoked_balls=0 expired_views=0 evicted_views=105 radius=0.580 clearance=0.000 best_prefix=4.038
[depth_angular_controller-1] [INFO] [1790698786.444808293] [depth_angular_controller]: PAPER_BUILD reason=FULL_MOTION_CERTIFICATE required=0.0000 best=0.0000 free=0 refined=0 tubes=134 revoked_tubes=0 proofs=128
[depth_angular_controller-1] [INFO] [1790698786.444847357] [depth_angular_controller]: PAPER_EVIDENCE retained=32 balls=32 revoked_balls=0 expired_views=0 evicted_views=109 radius=0.580 clearance=0.000 best_prefix=4.038
[depth_angular_controller-1] [INFO] [1790698786.535527150] [depth_angular_controller]: [PERF CTRL] run=iteration52_ego1p1_1 elapsed=53.91s callbacks=1845 commands=1844 guidance=1744 command_fps(ros/wall)=49.61/45.90 guidance_wall_fps=45.81 avoid_ms(mean/p50/p95/max)=2.420/1.084/7.487/159.622 cycle_ms(mean/p95/max)=21.787/38.061/168.406 depth_to_cmd_ms(mean/p95/max)=17.154/16.667/33.333 callback_to_publish_ms(mean/p95/max)=11.642/18.597/168.284
[depth_angular_controller-1] [INFO] [1790698787.580520596] [depth_angular_controller]: PAPER_BUILD reason=FULL_MOTION_CERTIFICATE required=0.0000 best=0.0000 free=0 refined=0 tubes=139 revoked_tubes=0 proofs=128
[depth_angular_controller-1] [INFO] [1790698787.580563727] [depth_angular_controller]: PAPER_EVIDENCE retained=32 balls=32 revoked_balls=0 expired_views=0 evicted_views=113 radius=0.580 clearance=0.000 best_prefix=4.038
[depth_angular_controller-1] [INFO] [1790698788.896365092] [depth_angular_controller]: PAPER_BUILD reason=FULL_MOTION_CERTIFICATE required=0.0000 best=0.0000 free=0 refined=0 tubes=143 revoked_tubes=0 proofs=128
[depth_angular_controller-1] [INFO] [1790698788.896399356] [depth_angular_controller]: PAPER_EVIDENCE retained=32 balls=32 revoked_balls=0 expired_views=0 evicted_views=116 radius=0.580 clearance=0.000 best_prefix=4.038
[position_cmd_to_twist-2] [INFO] [1790698789.746306165] [position_cmd_to_twist]: [PERF BRIDGE] run=iteration52_ego1p1_1 elapsed=57.01s received=1982 published=1981 fps(ros/wall)=49.65/45.66 controller_to_bridge_ms(mean/p50/p95/max)=2.237/0.000/16.667/166.667 bridge_process_ms(mean/p95/max)=0.100/0.127/0.827
[NAV] t=40.0s position=(4.52,-2.28,1.33) yaw=12.8deg command=(1.95,0.44,0.05) manual_active=1 collision_blocks=0
[depth_angular_controller-1] [INFO] [1790698789.896407175] [depth_angular_controller]: PAPER_BUILD reason=FULL_MOTION_CERTIFICATE required=0.0000 best=0.0000 free=0 refined=0 tubes=146 revoked_tubes=0 proofs=128
[depth_angular_controller-1] [INFO] [1790698789.896451728] [depth_angular_controller]: PAPER_EVIDENCE retained=32 balls=32 revoked_balls=0 expired_views=0 evicted_views=120 radius=0.580 clearance=0.000 best_prefix=4.038
[depth_angular_controller-1] [INFO] [1790698790.906838914] [depth_angular_controller]: PAPER_BUILD reason=FULL_MOTION_CERTIFICATE required=0.0000 best=0.0000 free=0 refined=0 tubes=151 revoked_tubes=0 proofs=128
[depth_angular_controller-1] [INFO] [1790698790.906878899] [depth_angular_controller]: PAPER_EVIDENCE retained=32 balls=32 revoked_balls=0 expired_views=0 evicted_views=124 radius=0.580 clearance=0.000 best_prefix=4.038
[depth_angular_controller-1] [INFO] [1790698791.542078432] [depth_angular_controller]: [PERF CTRL] run=iteration52_ego1p1_1 elapsed=58.92s callbacks=2073 commands=2072 guidance=1972 command_fps(ros/wall)=49.66/45.86 guidance_wall_fps=45.78 avoid_ms(mean/p50/p95/max)=2.370/1.060/7.487/159.622 cycle_ms(mean/p95/max)=21.806/38.061/168.406 depth_to_cmd_ms(mean/p95/max)=17.165/16.667/33.333 callback_to_publish_ms(mean/p95/max)=11.612/18.460/168.284
[depth_angular_controller-1] [INFO] [1790698791.921008407] [depth_angular_controller]: PAPER_BUILD reason=FULL_MOTION_CERTIFICATE required=0.0000 best=0.0000 free=0 refined=0 tubes=155 revoked_tubes=0 proofs=128
[depth_angular_controller-1] [INFO] [1790698791.921046238] [depth_angular_controller]: PAPER_EVIDENCE retained=32 balls=32 revoked_balls=0 expired_views=0 evicted_views=128 radius=0.580 clearance=0.000 best_prefix=4.038
[depth_angular_controller-1] [INFO] [1790698792.127791523] [depth_angular_controller]: LOCAL_PATH cycles=2000 replans=363 selected=1785
[depth_angular_controller-1] [INFO] [1790698792.930595271] [depth_angular_controller]: PAPER_BUILD reason=FULL_MOTION_CERTIFICATE required=0.0000 best=0.0000 free=0 refined=0 tubes=159 revoked_tubes=0 proofs=128
[depth_angular_controller-1] [INFO] [1790698792.930988799] [depth_angular_controller]: PAPER_EVIDENCE retained=32 balls=32 revoked_balls=0 expired_views=0 evicted_views=132 radius=0.580 clearance=0.000 best_prefix=4.038
[depth_angular_controller-1] [INFO] [1790698794.112156610] [depth_angular_controller]: PAPER_BUILD reason=FULL_MOTION_CERTIFICATE required=0.0000 best=0.0000 free=0 refined=0 tubes=163 revoked_tubes=0 proofs=128
[depth_angular_controller-1] [INFO] [1790698794.112192167] [depth_angular_controller]: PAPER_EVIDENCE retained=32 balls=32 revoked_balls=0 expired_views=0 evicted_views=136 radius=0.580 clearance=0.000 best_prefix=4.038
[position_cmd_to_twist-2] [INFO] [1790698794.952330134] [position_cmd_to_twist]: [PERF BRIDGE] run=iteration52_ego1p1_1 elapsed=62.22s received=2232 published=2231 fps(ros/wall)=49.69/45.92 controller_to_bridge_ms(mean/p50/p95/max)=2.173/0.000/16.667/166.667 bridge_process_ms(mean/p95/max)=0.100/0.127/0.827
[NAV] t=45.0s position=(14.27,-0.26,1.86) yaw=13.0deg command=(1.94,0.45,0.19) manual_active=1 collision_blocks=0
[depth_angular_controller-1] [INFO] [1790698795.114889572] [depth_angular_controller]: PAPER_BUILD reason=FULL_MOTION_CERTIFICATE required=0.0000 best=0.0000 free=0 refined=0 tubes=167 revoked_tubes=0 proofs=128
[depth_angular_controller-1] [INFO] [1790698795.114926923] [depth_angular_controller]: PAPER_EVIDENCE retained=32 balls=32 revoked_balls=0 expired_views=0 evicted_views=140 radius=0.580 clearance=0.000 best_prefix=4.038
[depth_angular_controller-1] [INFO] [1790698796.105820999] [depth_angular_controller]: PAPER_BUILD reason=FULL_MOTION_CERTIFICATE required=0.0000 best=0.0000 free=0 refined=0 tubes=170 revoked_tubes=0 proofs=128
[depth_angular_controller-1] [INFO] [1790698796.105865071] [depth_angular_controller]: PAPER_EVIDENCE retained=32 balls=32 revoked_balls=0 expired_views=0 evicted_views=144 radius=0.580 clearance=0.000 best_prefix=4.038
[depth_angular_controller-1] [INFO] [1790698796.547747769] [depth_angular_controller]: [PERF CTRL] run=iteration52_ego1p1_1 elapsed=63.92s callbacks=2312 commands=2311 guidance=2211 command_fps(ros/wall)=49.70/46.05 guidance_wall_fps=45.99 avoid_ms(mean/p50/p95/max)=2.382/1.153/7.526/159.622 cycle_ms(mean/p95/max)=21.717/38.113/168.406 depth_to_cmd_ms(mean/p95/max)=17.179/16.667/33.333 callback_to_publish_ms(mean/p95/max)=11.676/18.355/168.284
[depth_angular_controller-1] [INFO] [1790698797.188775690] [depth_angular_controller]: PAPER_BUILD reason=FULL_MOTION_CERTIFICATE required=0.0000 best=0.0000 free=0 refined=0 tubes=175 revoked_tubes=0 proofs=128
[depth_angular_controller-1] [INFO] [1790698797.188814733] [depth_angular_controller]: PAPER_EVIDENCE retained=32 balls=32 revoked_balls=0 expired_views=0 evicted_views=148 radius=0.580 clearance=0.000 best_prefix=4.038
[depth_angular_controller-1] [INFO] [1790698798.265978627] [depth_angular_controller]: PAPER_BUILD reason=FULL_MOTION_CERTIFICATE required=0.0000 best=0.0000 free=0 refined=0 tubes=178 revoked_tubes=0 proofs=128
[depth_angular_controller-1] [INFO] [1790698798.266042477] [depth_angular_controller]: PAPER_EVIDENCE retained=32 balls=32 revoked_balls=0 expired_views=0 evicted_views=152 radius=0.580 clearance=0.000 best_prefix=4.038
[depth_angular_controller-1] [INFO] [1790698799.341670910] [depth_angular_controller]: PAPER_BUILD reason=FULL_MOTION_CERTIFICATE required=0.0000 best=0.0000 free=0 refined=0 tubes=182 revoked_tubes=0 proofs=128
[depth_angular_controller-1] [INFO] [1790698799.341707398] [depth_angular_controller]: PAPER_EVIDENCE retained=32 balls=32 revoked_balls=0 expired_views=0 evicted_views=156 radius=0.580 clearance=0.000 best_prefix=4.038
[position_cmd_to_twist-2] [INFO] [1790698800.328193723] [position_cmd_to_twist]: [PERF BRIDGE] run=iteration52_ego1p1_1 elapsed=67.59s received=2482 published=2481 fps(ros/wall)=49.72/45.98 controller_to_bridge_ms(mean/p50/p95/max)=2.471/0.000/16.667/166.667 bridge_process_ms(mean/p95/max)=0.100/0.128/0.827
[NAV] t=50.0s position=(23.81,1.95,1.50) yaw=13.0deg command=(1.93,0.45,-0.23) manual_active=1 collision_blocks=0
[depth_angular_controller-1] [INFO] [1790698800.493895067] [depth_angular_controller]: PAPER_BUILD reason=FULL_MOTION_CERTIFICATE required=0.0000 best=0.0000 free=0 refined=0 tubes=187 revoked_tubes=0 proofs=128
[depth_angular_controller-1] [INFO] [1790698800.493937367] [depth_angular_controller]: PAPER_EVIDENCE retained=32 balls=32 revoked_balls=0 expired_views=0 evicted_views=160 radius=0.580 clearance=0.000 best_prefix=4.038
[depth_angular_controller-1] [INFO] [1790698801.553818249] [depth_angular_controller]: [PERF CTRL] run=iteration52_ego1p1_1 elapsed=68.93s callbacks=2534 commands=2533 guidance=2433 command_fps(ros/wall)=49.73/45.89 guidance_wall_fps=45.83 avoid_ms(mean/p50/p95/max)=2.398/1.202/7.676/159.622 cycle_ms(mean/p95/max)=21.790/38.325/168.406 depth_to_cmd_ms(mean/p95/max)=17.174/16.667/33.333 callback_to_publish_ms(mean/p95/max)=11.892/18.618/168.284
[depth_angular_controller-1] [INFO] [1790698801.703733349] [depth_angular_controller]: PAPER_BUILD reason=FULL_MOTION_CERTIFICATE required=0.0000 best=0.0000 free=0 refined=0 tubes=191 revoked_tubes=0 proofs=128
[depth_angular_controller-1] [INFO] [1790698801.703771942] [depth_angular_controller]: PAPER_EVIDENCE retained=32 balls=32 revoked_balls=0 expired_views=0 evicted_views=164 radius=0.580 clearance=0.000 best_prefix=4.038
[depth_angular_controller-1] [INFO] [1790698802.845973501] [depth_angular_controller]: PAPER_BUILD reason=FULL_MOTION_CERTIFICATE required=0.0000 best=0.0000 free=0 refined=0 tubes=194 revoked_tubes=0 proofs=128
[depth_angular_controller-1] [INFO] [1790698802.846016151] [depth_angular_controller]: PAPER_EVIDENCE retained=32 balls=32 revoked_balls=0 expired_views=0 evicted_views=168 radius=0.580 clearance=0.000 best_prefix=4.038
[depth_angular_controller-1] [INFO] [1790698803.065310354] [depth_angular_controller]: LOCAL_PATH cycles=2500 replans=457 selected=2243
[depth_angular_controller-1] [INFO] [1790698803.933976596] [depth_angular_controller]: PAPER_BUILD reason=FULL_MOTION_CERTIFICATE required=0.0000 best=0.0000 free=0 refined=0 tubes=199 revoked_tubes=0 proofs=128
[depth_angular_controller-1] [INFO] [1790698803.934016120] [depth_angular_controller]: PAPER_EVIDENCE retained=32 balls=32 revoked_balls=0 expired_views=0 evicted_views=172 radius=0.580 clearance=0.000 best_prefix=4.038
[depth_angular_controller-1] [INFO] [1790698804.997896968] [depth_angular_controller]: PAPER_BUILD reason=FULL_MOTION_CERTIFICATE required=0.0000 best=0.0000 free=0 refined=0 tubes=203 revoked_tubes=0 proofs=128
[depth_angular_controller-1] [INFO] [1790698804.998332345] [depth_angular_controller]: PAPER_EVIDENCE retained=32 balls=32 revoked_balls=0 expired_views=0 evicted_views=176 radius=0.580 clearance=0.000 best_prefix=4.038
[position_cmd_to_twist-2] [INFO] [1790698805.857287433] [position_cmd_to_twist]: [PERF BRIDGE] run=iteration52_ego1p1_1 elapsed=73.12s received=2732 published=2731 fps(ros/wall)=49.74/45.91 controller_to_bridge_ms(mean/p50/p95/max)=2.635/0.000/16.667/166.667 bridge_process_ms(mean/p95/max)=0.100/0.128/0.827
[NAV] t=55.0s position=(33.54,4.20,1.71) yaw=12.9deg command=(1.96,0.39,0.13) manual_active=1 collision_blocks=0
[depth_angular_controller-1] [INFO] [1790698806.017097903] [depth_angular_controller]: PAPER_BUILD reason=FULL_MOTION_CERTIFICATE required=0.0000 best=0.0000 free=0 refined=0 tubes=207 revoked_tubes=0 proofs=128
[depth_angular_controller-1] [INFO] [1790698806.017133560] [depth_angular_controller]: PAPER_EVIDENCE retained=32 balls=32 revoked_balls=0 expired_views=0 evicted_views=180 radius=0.580 clearance=0.000 best_prefix=4.038
[depth_angular_controller-1] [INFO] [1790698806.569471992] [depth_angular_controller]: [PERF CTRL] run=iteration52_ego1p1_1 elapsed=73.94s callbacks=2768 commands=2767 guidance=2667 command_fps(ros/wall)=49.75/45.96 guidance_wall_fps=45.90 avoid_ms(mean/p50/p95/max)=2.361/1.165/7.679/159.622 cycle_ms(mean/p95/max)=21.760/38.632/168.406 depth_to_cmd_ms(mean/p95/max)=17.160/16.667/33.333 callback_to_publish_ms(mean/p95/max)=12.067/18.896/168.284
[depth_angular_controller-1] [INFO] [1790698807.039533458] [depth_angular_controller]: PAPER_BUILD reason=FULL_MOTION_CERTIFICATE required=0.0000 best=0.0000 free=0 refined=0 tubes=211 revoked_tubes=0 proofs=128
[depth_angular_controller-1] [INFO] [1790698807.039575326] [depth_angular_controller]: PAPER_EVIDENCE retained=32 balls=32 revoked_balls=0 expired_views=0 evicted_views=184 radius=0.580 clearance=0.000 best_prefix=4.038
[depth_angular_controller-1] [INFO] [1790698808.178144089] [depth_angular_controller]: PAPER_BUILD reason=FULL_MOTION_CERTIFICATE required=0.0000 best=0.0000 free=0 refined=0 tubes=215 revoked_tubes=0 proofs=128
[depth_angular_controller-1] [INFO] [1790698808.178599273] [depth_angular_controller]: PAPER_EVIDENCE retained=32 balls=32 revoked_balls=0 expired_views=0 evicted_views=188 radius=0.580 clearance=0.000 best_prefix=4.038
[depth_angular_controller-1] [INFO] [1790698809.312569807] [depth_angular_controller]: PAPER_BUILD reason=FULL_MOTION_CERTIFICATE required=0.0000 best=0.0000 free=0 refined=0 tubes=219 revoked_tubes=0 proofs=128
[depth_angular_controller-1] [INFO] [1790698809.312984114] [depth_angular_controller]: PAPER_EVIDENCE retained=32 balls=32 revoked_balls=0 expired_views=0 evicted_views=192 radius=0.580 clearance=0.000 best_prefix=4.038
[depth_angular_controller-1] [INFO] [1790698810.319364852] [depth_angular_controller]: PAPER_BUILD reason=FULL_MOTION_CERTIFICATE required=0.0000 best=0.0000 free=0 refined=0 tubes=223 revoked_tubes=0 proofs=128
[depth_angular_controller-1] [INFO] [1790698810.319779480] [depth_angular_controller]: PAPER_EVIDENCE retained=32 balls=32 revoked_balls=0 expired_views=0 evicted_views=196 radius=0.580 clearance=0.000 best_prefix=4.038
[position_cmd_to_twist-2] [INFO] [1790698811.291338022] [position_cmd_to_twist]: [PERF BRIDGE] run=iteration52_ego1p1_1 elapsed=78.56s received=2982 published=2981 fps(ros/wall)=49.77/45.92 controller_to_bridge_ms(mean/p50/p95/max)=2.571/0.000/16.667/166.667 bridge_process_ms(mean/p95/max)=0.101/0.127/1.210
[NAV] t=60.0s position=(43.31,6.18,2.16) yaw=13.6deg command=(1.94,0.47,0.06) manual_active=1 collision_blocks=0
[depth_angular_controller-1] [INFO] [1790698811.446144702] [depth_angular_controller]: PAPER_BUILD reason=FULL_MOTION_CERTIFICATE required=0.0000 best=0.0000 free=0 refined=0 tubes=227 revoked_tubes=0 proofs=128
[depth_angular_controller-1] [INFO] [1790698811.446179828] [depth_angular_controller]: PAPER_EVIDENCE retained=32 balls=32 revoked_balls=0 expired_views=0 evicted_views=200 radius=0.580 clearance=0.000 best_prefix=4.038
[depth_angular_controller-1] [INFO] [1790698811.651027762] [depth_angular_controller]: [PERF CTRL] run=iteration52_ego1p1_1 elapsed=79.02s callbacks=2995 commands=2994 guidance=2894 command_fps(ros/wall)=49.76/45.86 guidance_wall_fps=45.80 avoid_ms(mean/p50/p95/max)=2.315/1.143/7.631/159.622 cycle_ms(mean/p95/max)=21.807/38.731/168.406 depth_to_cmd_ms(mean/p95/max)=17.133/16.667/33.333 callback_to_publish_ms(mean/p95/max)=12.024/18.779/168.284
[depth_angular_controller-1] [INFO] [1790698812.629543389] [depth_angular_controller]: PAPER_BUILD reason=FULL_MOTION_CERTIFICATE required=0.0000 best=0.0000 free=0 refined=0 tubes=231 revoked_tubes=0 proofs=128
[depth_angular_controller-1] [INFO] [1790698812.629584807] [depth_angular_controller]: PAPER_EVIDENCE retained=32 balls=32 revoked_balls=0 expired_views=0 evicted_views=204 radius=0.580 clearance=0.000 best_prefix=4.038
[depth_angular_controller-1] [INFO] [1790698813.652488120] [depth_angular_controller]: PAPER_BUILD reason=FULL_MOTION_CERTIFICATE required=0.0000 best=0.0000 free=0 refined=0 tubes=235 revoked_tubes=0 proofs=128
[depth_angular_controller-1] [INFO] [1790698813.652529177] [depth_angular_controller]: PAPER_EVIDENCE retained=32 balls=32 revoked_balls=0 expired_views=0 evicted_views=208 radius=0.580 clearance=0.000 best_prefix=4.038
[depth_angular_controller-1] [INFO] [1790698813.916065882] [depth_angular_controller]: LOCAL_PATH cycles=3000 replans=550 selected=2743
[depth_angular_controller-1] [INFO] [1790698814.725311238] [depth_angular_controller]: PAPER_BUILD reason=FULL_MOTION_CERTIFICATE required=0.0000 best=0.0000 free=0 refined=0 tubes=239 revoked_tubes=0 proofs=128
[depth_angular_controller-1] [INFO] [1790698814.725762535] [depth_angular_controller]: PAPER_EVIDENCE retained=32 balls=32 revoked_balls=0 expired_views=0 evicted_views=212 radius=0.580 clearance=0.000 best_prefix=4.038
[depth_angular_controller-1] [INFO] [1790698815.818862273] [depth_angular_controller]: PAPER_BUILD reason=FULL_MOTION_CERTIFICATE required=0.0000 best=0.0000 free=0 refined=0 tubes=243 revoked_tubes=0 proofs=128
[depth_angular_controller-1] [INFO] [1790698815.819169560] [depth_angular_controller]: PAPER_EVIDENCE retained=32 balls=32 revoked_balls=0 expired_views=0 evicted_views=216 radius=0.580 clearance=0.000 best_prefix=4.038
[position_cmd_to_twist-2] [INFO] [1790698816.653801014] [position_cmd_to_twist]: [PERF BRIDGE] run=iteration52_ego1p1_1 elapsed=83.92s received=3232 published=3231 fps(ros/wall)=49.78/45.97 controller_to_bridge_ms(mean/p50/p95/max)=2.537/0.000/16.667/166.667 bridge_process_ms(mean/p95/max)=0.102/0.128/2.009
[depth_angular_controller-1] [INFO] [1790698816.665675998] [depth_angular_controller]: [PERF CTRL] run=iteration52_ego1p1_1 elapsed=84.04s callbacks=3234 commands=3233 guidance=3133 command_fps(ros/wall)=49.79/45.98 guidance_wall_fps=45.94 avoid_ms(mean/p50/p95/max)=2.321/1.155/7.687/159.622 cycle_ms(mean/p95/max)=21.746/38.632/168.406 depth_to_cmd_ms(mean/p95/max)=17.151/16.667/33.333 callback_to_publish_ms(mean/p95/max)=12.047/18.779/168.284
[NAV] t=65.0s position=(53.09,8.07,2.24) yaw=16.0deg command=(1.92,0.54,0.10) manual_active=1 collision_blocks=0
[depth_angular_controller-1] [INFO] [1790698816.831560075] [depth_angular_controller]: PAPER_BUILD reason=FULL_MOTION_CERTIFICATE required=0.0000 best=0.0000 free=0 refined=0 tubes=247 revoked_tubes=0 proofs=128
[depth_angular_controller-1] [INFO] [1790698816.831595471] [depth_angular_controller]: PAPER_EVIDENCE retained=32 balls=32 revoked_balls=0 expired_views=0 evicted_views=220 radius=0.580 clearance=0.000 best_prefix=4.038
[depth_angular_controller-1] [INFO] [1790698817.906224689] [depth_angular_controller]: PAPER_BUILD reason=FULL_MOTION_CERTIFICATE required=0.0000 best=0.0000 free=0 refined=0 tubes=251 revoked_tubes=0 proofs=128
[depth_angular_controller-1] [INFO] [1790698817.906261699] [depth_angular_controller]: PAPER_EVIDENCE retained=32 balls=32 revoked_balls=0 expired_views=0 evicted_views=224 radius=0.580 clearance=0.000 best_prefix=4.038
[depth_angular_controller-1] [INFO] [1790698818.918261090] [depth_angular_controller]: PAPER_BUILD reason=FULL_MOTION_CERTIFICATE required=0.0000 best=0.0000 free=0 refined=0 tubes=255 revoked_tubes=0 proofs=128
[depth_angular_controller-1] [INFO] [1790698818.918297237] [depth_angular_controller]: PAPER_EVIDENCE retained=32 balls=32 revoked_balls=0 expired_views=0 evicted_views=228 radius=0.580 clearance=0.000 best_prefix=4.038
[depth_angular_controller-1] [INFO] [1790698819.984532594] [depth_angular_controller]: PAPER_BUILD reason=FULL_MOTION_CERTIFICATE required=0.0000 best=0.0000 free=0 refined=0 tubes=256 revoked_tubes=0 proofs=128
[depth_angular_controller-1] [INFO] [1790698819.984575164] [depth_angular_controller]: PAPER_EVIDENCE retained=32 balls=32 revoked_balls=0 expired_views=0 evicted_views=232 radius=0.580 clearance=0.000 best_prefix=4.038
[depth_angular_controller-1] [INFO] [1790698821.177236693] [depth_angular_controller]: PAPER_BUILD reason=FULL_MOTION_CERTIFICATE required=0.0000 best=0.0000 free=0 refined=0 tubes=256 revoked_tubes=0 proofs=128
[depth_angular_controller-1] [INFO] [1790698821.177272230] [depth_angular_controller]: PAPER_EVIDENCE retained=32 balls=32 revoked_balls=0 expired_views=0 evicted_views=236 radius=0.580 clearance=0.000 best_prefix=4.038
[depth_angular_controller-1] [INFO] [1790698821.667808658] [depth_angular_controller]: [PERF CTRL] run=iteration52_ego1p1_1 elapsed=89.04s callbacks=3466 commands=3465 guidance=3365 command_fps(ros/wall)=49.79/46.01 guidance_wall_fps=45.97 avoid_ms(mean/p50/p95/max)=2.244/1.107/7.605/159.622 cycle_ms(mean/p95/max)=21.734/38.600/168.406 depth_to_cmd_ms(mean/p95/max)=17.142/16.667/33.333 callback_to_publish_ms(mean/p95/max)=11.938/18.676/168.284
[position_cmd_to_twist-2] [INFO] [1790698822.011278150] [position_cmd_to_twist]: [PERF BRIDGE] run=iteration52_ego1p1_1 elapsed=89.28s received=3482 published=3481 fps(ros/wall)=49.80/46.02 controller_to_bridge_ms(mean/p50/p95/max)=2.369/0.000/16.667/166.667 bridge_process_ms(mean/p95/max)=0.101/0.128/2.009
[NAV] t=70.0s position=(62.60,10.80,2.73) yaw=16.1deg command=(1.57,0.45,0.08) manual_active=1 collision_blocks=0
[depth_angular_controller-1] [INFO] [1790698822.191626991] [depth_angular_controller]: PAPER_BUILD reason=FULL_MOTION_CERTIFICATE required=0.0000 best=0.0000 free=0 refined=0 tubes=256 revoked_tubes=0 proofs=128
[depth_angular_controller-1] [INFO] [1790698822.191662217] [depth_angular_controller]: PAPER_EVIDENCE retained=32 balls=32 revoked_balls=0 expired_views=0 evicted_views=240 radius=0.580 clearance=0.000 best_prefix=4.038
[depth_angular_controller-1] [INFO] [1790698822.881518766] [depth_angular_controller]: ZERO_INTENT
[BENCHMARK RESULT] ARRIVED sim=69.950s
[PERF ISAAC FINAL] run=iteration52_ego1p1_1 result=ARRIVED wall=78.06s sim_frames=4319 fps(sim/wall)=60.03/55.33 command_changes=2943 collision_blocks=0 frame_interval_ms(mean/p50/p95/max)=17.999/16.774/18.878/80.116
[91.093s] Simulation App Shutting Down
[depth_angular_controller-1] [INFO] [1790698824.686976047] [rclcpp]: signal_handler(SIGINT/SIGTERM)
[depth_angular_controller-1] [INFO] [1790698824.687949554] [depth_angular_controller]: [PERF CTRL FINAL] run=iteration52_ego1p1_1 elapsed=92.06s callbacks=3584 commands=3583 guidance=3424 command_fps(ros/wall)=49.81/46.12 guidance_wall_fps=46.02 avoid_ms(mean/p50/p95/max)=2.213/1.086/7.596/159.622 cycle_ms(mean/p95/max)=21.684/38.438/168.406 depth_to_cmd_ms(mean/p95/max)=17.139/16.667/33.333 callback_to_publish_ms(mean/p95/max)=11.840/18.571/168.284
[position_cmd_to_twist-2] [INFO] [1790698824.688006731] [position_cmd_to_twist]: [PERF BRIDGE FINAL] run=iteration52_ego1p1_1 elapsed=91.95s received=3583 published=3582 fps(ros/wall)=49.81/46.10 controller_to_bridge_ms(mean/p50/p95/max)=2.303/0.000/16.667/166.667 bridge_process_ms(mean/p95/max)=0.101/0.128/2.009
[position_cmd_to_twist-2] Failed to publish log message to rosout: publisher's context is invalid, at ./src/rcl/publisher.c:389
[INFO] [depth_angular_controller-1]: process has finished cleanly [pid 121199]
[INFO] [position_cmd_to_twist-2]: process has finished cleanly [pid 121201]
