[PERF] run=iteration50_ego1p1_1 log=/home/starry/isaac-data/EGO1P1/performance/navigation_benchmark_20260929/PERFORMANCE.md
[INPUT] mode=goal scene_mode=cloud
[INFO] [launch]: All log files can be found below /tmp/fov_gvf_ego1p1_isaac_ros_log/2026-09-30-00-06-43-560993-starry-System-Product-Name-118560
[INFO] [launch]: Default logging verbosity is set to INFO
[INFO] [depth_angular_controller-1]: process started with pid [118562]
[INFO] [position_cmd_to_twist-2]: process started with pid [118564]
[depth_angular_controller-1] [INFO] [1790698003.596402795] [depth_angular_controller]: C++ controller commands publish on /position_cmd; horizontal views=4
[ROS CHECK] ROS_DOMAIN_ID=42 /position_cmd publishers=1
Type: pc_gvf_msgs/msg/PositionCommand
Publisher count: 1
Subscription count: 1
/depth_angular_controller
/position_cmd_to_twist
WARNING: All log messages before absl::InitializeLog() is called are written to STDERR
E0000 00:00:1790698004.547228  118605 descriptor_database.cc:633] File already exists in database: grpc/health/v1/health.proto
W0000 00:00:1790698004.547249  118605 message.cc:301] Protobuf GeneratedMessageFactory: File is already registered: grpc/health/v1/health.proto
2026-09-29T16:06:44Z [Info] [carb] Logging to file: /home/starry/isaac-data/isaacsim/kit/logs/Kit/Isaac-Sim Python/6.0/kit_20260930_000644.log
[0.044s] [ext: omni.assets.plugins-0.0.0] startup
[0.044s] [ext: omni.blobkey-1.1.2] startup
[0.044s] [ext: omni.kit.async_engine-0.0.3] startup
[0.312s] [ext: omni.client.lib-1.1.1] startup
[0.320s] [ext: omni.client-1.3.0] startup
[0.321s] [ext: omni.protobuf.lib-1.0.0] startup
[0.322s] [ext: omni.grpc.lib-1.0.0] startup
[0.325s] [ext: omni.metrics.core-0.0.3] startup
[0.325s] [ext: omni.datastore-0.0.0] startup
[0.326s] [ext: omni.gpu_foundation.shadercache.vulkan-1.0.0] startup
[0.328s] [ext: omni.hsscclient-1.1.4] startup
[0.328s] [ext: omni.stats-1.0.1] startup
[0.329s] [ext: omni.ujitso.default-1.0.0] startup
[0.331s] [ext: omni.gpu_foundation-0.0.0] startup
[0.461s] [ext: carb.windowing.plugins-1.0.1] startup
[0.462s] [ext: omni.kit.renderer.init-1.0.1] startup
2026-09-29T16:06:44Z [665ms] [Warning] [omni.rtx] Skipping unsupported non-NVIDIA GPU: AMD Unknown (RADV RAPHAEL_MENDOCINO)
2026-09-29T16:06:44Z [665ms] [Warning] [omni.rtx] Skipping unsupported non-NVIDIA GPU: AMD Unknown (RADV RAPHAEL_MENDOCINO)

|---------------------------------------------------------------------------------------------|
| Driver Version: 580.178.04    | Graphics API: Vulkan
|=============================================================================================|
| GPU | Name                             | Active | LDA | GPU Memory | Vendor-ID | LUID       |
|     |                                  |        |     |            | Device-ID | UUID       |
|     |                                  |        |     |            | Bus-ID    |            |
|---------------------------------------------------------------------------------------------|
| 0   | NVIDIA GeForce RTX 5070          | Yes: 0 |     | 12227   MB | 10de      | 0          |
|     |                                  |        |     |            | 2f04      | 348d89fe.. |
|     |                                  |        |     |            | 1         |            |
|---------------------------------------------------------------------------------------------|
| 1   | AMD Unknown (RADV RAPHAEL_MEND.. |        |     | 10755   MB | 1002      | 0          |
|     |                                  |        |     |            | 13c0      | 00000000.. |
|     |                                  |        |     |            | c         |            |
|=============================================================================================|
| OS: 22.04.5 LTS (Jammy Jellyfish) ubuntu, Version: 22.04.5, Kernel: 6.8.0-138-generic
| XServer Vendor: The X.Org Foundation, XServer Version: 12101004 (1.21.1.4)
| Processor: AMD Ryzen 5 9600X 6-Core Processor
| Cores: 6 | Logical Cores: 12
|---------------------------------------------------------------------------------------------|
| Total Memory (MB): 31241 | Free Memory: 23009
| Total Page/Swap (MB): 15624 | Free Page/Swap: 15624
|---------------------------------------------------------------------------------------------|
2026-09-29T16:06:45Z [882ms] [Warning] [omni.rtx] CPU performance profile is set to powersave. This profile sets the CPU to the lowest frequency reducing performance.
2026-09-29T16:06:45Z [891ms] [Warning] [omni.rtx] IOMMU is enabled.
[0.993s] [ext: omni.kit.pipapi-0.0.0] startup
[0.994s] [ext: omni.kit.pip_archive-0.0.0] startup
[0.994s] [ext: isaacsim.pip.newton-0.6.1] startup
[0.994s] [ext: omni.pip.compute-1.9.2] startup
[0.995s] [ext: omni.isaac.core_archive-5.3.1] startup
[0.995s] [ext: omni.kit.telemetry-0.5.2] startup
[1.014s] [ext: omni.kit.loop-isaac-1.6.0] startup
[1.015s] [ext: omni.kit.test-2.0.7] startup
[1.066s] [ext: omni.materialx.libs-1.0.9] startup
[1.072s] [ext: omni.gpucompute.plugins-0.0.0] startup
[1.072s] [ext: omni.usd.config-1.0.7] startup
[1.075s] [ext: omni.usd.libs-1.0.3] startup
[1.131s] [ext: omni.iray.libs-0.0.1] startup
[1.134s] [ext: omni.mdl-57.0.3] startup
[1.196s] [ext: omni.mdl.neuraylib-0.2.20] startup
[1.197s] [ext: omni.kit.usd.mdl-1.1.9] startup
[1.283s] [ext: omni.appwindow-1.2.2] startup
[1.284s] [ext: omni.kit.renderer.core-1.2.2] startup
2026-09-29T16:06:50Z [6,511ms] [Warning] [carb.windowing-glfw.gamepad] Joystick with unknown remapping detected (will be ignored):  BEITONG BEITONG A2P3A BFM DONGLE [03000000bc2000001c51000011010000]
[6.542s] [ext: omni.kit.renderer.capture-2.0.1] startup
[6.543s] [ext: omni.kit.renderer.imgui-2.0.6] startup
[6.578s] [ext: omni.ui-3.2.0] startup
[6.585s] [ext: omni.kit.mainwindow-1.0.3] startup
[6.586s] [ext: carb.audio-0.1.0] startup
[6.588s] [ext: omni.uiaudio-1.0.0] startup
[6.588s] [ext: omni.kit.uiapp-0.0.0] startup
[6.588s] [ext: omni.usd.schema.metrics.assembler-110.1.0] startup
[6.590s] [ext: omni.usd.schema.audio-0.0.1] startup
[6.593s] [ext: omni.usd_resolver-1.0.0] startup
[6.595s] [ext: omni.usd.core-1.8.3] startup
[6.597s] [ext: omni.metropolis.schema-0.0.3] startup
[6.598s] [ext: isaacsim.anim.robot.schema-0.1.1] startup
[6.598s] [ext: omni.usd.schema.anim-0.0.1] startup
[6.611s] [ext: omni.usd.schema.geospatial-0.0.1] startup
[6.613s] [ext: omni.usd.schema.omnigraph-1.0.1] startup
[6.617s] [ext: omni.usd.schema.semantics-0.0.0] startup
[6.619s] [ext: omni.activity.core-1.0.3] startup
[6.620s] [ext: omni.cubric-0.1.0] startup
[6.620s] [ext: omni.graph.exec-0.9.6] startup
[6.620s] [ext: omni.hydra.scene_delegate-0.3.5] startup
[6.622s] [ext: usdrt.scenegraph-7.6.3] startup
[6.641s] [ext: omni.hydra.usdrt_delegate-7.5.2] startup
[6.644s] [ext: omni.inspect-1.0.2] startup
[6.645s] [ext: omni.kit.actions.core-1.0.0] startup
[6.647s] [ext: omni.kit.audiodeviceenum-1.0.2] startup
[6.648s] [ext: omni.kit.commands-1.5.0] startup
[6.650s] [ext: omni.kit.exec.core-0.13.5] startup
[6.651s] [ext: omni.kit.usd_undo-0.1.8] startup
[6.651s] [ext: omni.kit.window.popup_dialog-2.0.25] startup
[6.654s] [ext: omni.kit.widget.nucleus_connector-2.3.1] startup
[6.656s] [ext: omni.timeline-1.1.0] startup
[6.657s] [ext: omni.usd-1.16.0] startup
[6.682s] [ext: omni.graph.core-3.1.2] startup
[6.684s] [ext: omni.kit.notification_manager-1.0.11] startup
[6.685s] [ext: isaacsim.core.deprecation_manager-0.4.2] startup
[6.686s] [ext: isaacsim.replicator.agent.schema-0.1.1] startup
[6.687s] [ext: isaacsim.robot.schema-6.3.7] startup
[6.691s] [ext: isaacsim.robot_motion.schema-0.2.1] startup
[6.691s] [ext: omni.anim.behavior.schema-110.1.0] startup
[6.694s] [ext: omni.anim.graph.schema-110.1.1] startup
[6.699s] [ext: omni.anim.navigation.schema-110.1.0] startup
[6.701s] [ext: omni.behavior.tree.schema-110.1.0] startup
[6.701s] [ext: omni.isaac.ml_archive-3.3.0] startup
[6.702s] [ext: omni.kit.asset_converter-6.0.1] startup
[6.710s] [ext: omni.pip.cloud-1.5.4] startup
[6.712s] [ext: omni.usd.schema.flow-110.0.0] startup
[6.713s] [ext: omni.usd.schema.mujoco-1.1.1] startup
[6.713s] [ext: omni.usd.schema.newton-1.2.1] startup
[6.714s] [ext: omni.usd.schema.omni_lens_distortion-1.0.0] startup
[6.714s] [ext: omni.usd.schema.omni_projectors-1.0.0] startup
[6.715s] [ext: omni.usd.schema.omni_sensors-0.0.0] startup
[6.721s] [ext: omni.usd.schema.omniscripting-1.0.1] startup
[6.723s] [ext: omni.usd.schema.physical_lighting-0.1.0] startup
[6.726s] [ext: omni.usd.schema.physx-110.1.13] startup
[6.750s] [ext: omni.usd.schema.render_settings.rtx-1.0.2] startup
[6.752s] [ext: omni.usd.schema.usd_particle_field-1.0.0] startup
[6.753s] [ext: isaacsim.core.version-2.1.1] startup
[6.753s] [ext: omni.kit.menu.core-1.2.0] startup
[6.754s] [ext: omni.kit.menu.utils-2.2.4] startup
[6.759s] [ext: isaacsim.app.about-2.3.1] startup
[6.763s] [ext: isaacsim.asset.transformer-1.2.5] startup
[6.766s] [ext: omni.scene.optimizer.core-110.1.0] startup
[6.796s] [ext: isaacsim.asset.importer.utils-1.8.1] startup
[6.798s] [ext: omni.convexdecomposition-110.1.13] startup
[6.800s] [ext: omni.physics-110.1.13] startup
[6.802s] [ext: omni.physx.gpu-110.1.13] startup
[6.802s] [ext: omni.physx.foundation-110.1.13] startup
[6.803s] [ext: omni.usdphysics-110.1.13] startup
[6.804s] [ext: omni.physx.cooking-110.1.13] startup
[6.806s] [ext: omni.physx-110.1.13] startup
[6.813s] [ext: omni.physics.physx-110.1.13] startup
[6.814s] [ext: isaacsim.asset.exporter.urdf-2.0.5] startup
[6.821s] [ext: omni.kit.clipboard-1.1.1] startup
[6.822s] [ext: omni.kit.usd.layers-2.6.1] startup
[6.827s] [ext: omni.kit.widget.context_menu-1.4.0] startup
[6.828s] [ext: omni.kit.context_menu-1.9.0] startup
[6.829s] [ext: omni.kit.helper.file_utils-0.1.10] startup
[6.831s] [ext: omni.kit.widget.nucleus_info-2.0.2] startup
[6.831s] [ext: omni.kit.search_core-1.0.8] startup
[6.832s] [ext: omni.kit.widget.path_field-2.0.13] startup
[6.832s] [ext: omni.kit.widget.browser_bar-2.0.10] startup
[6.833s] [ext: omni.kit.widget.filebrowser-2.13.4] startup
[6.836s] [ext: omni.kit.widget.options_menu-1.1.6] startup
[6.839s] [ext: omni.kit.widget.options_button-1.0.3] startup
[6.839s] [ext: omni.kit.widget.search_delegate-1.0.9] startup
[6.840s] [ext: omni.ui.scene-2.0.3] startup
[6.843s] [ext: omni.kit.window.filepicker-2.15.5] startup
[6.853s] [ext: omni.kit.window.file_importer-1.1.21] startup
[6.855s] [ext: omni.kit.material.library-3.1.2] startup
[6.858s] [ext: isaacsim.asset.transformer.rules-1.7.10] startup
[6.866s] [ext: omni.usdex.libs-2.2.2] startup
[6.872s] [ext: isaacsim.asset.importer.mjcf-3.10.1] startup
[6.873s] [ext: isaacsim.asset.importer.urdf-3.11.2] startup
[6.877s] [ext: omni.kit.primitive.mesh-1.1.0] startup
[6.879s] [ext: omni.kit.stage_template.core-1.1.22] startup
[6.879s] [ext: omni.kit.stage_templates-2.0.2] startup
[6.880s] [ext: omni.usd.metrics.assembler-110.1.2] startup
[6.882s] [ext: omni.warp.core-1.13.0] startup
[7.069s] [ext: isaacsim.core.experimental.utils-0.17.2] startup
[7.070s] [ext: omni.physics.stageupdate-110.1.13] startup
[7.072s] [ext: omni.physics.tensors-110.1.13] startup
[7.075s] [ext: omni.physx.tensors-110.1.13] startup
[7.078s] [ext: isaacsim.core.simulation_manager-1.15.6] startup
[7.089s] [ext: isaacsim.storage.native-1.9.3] startup
[7.090s] [ext: omni.usd.metrics.assembler.physics-110.1.13] startup
[7.091s] [ext: isaacsim.core.utils-4.1.7] startup
[7.093s] [ext: isaacsim.core.prims-0.11.7] startup
[7.986s] [ext: isaacsim.core.api-5.2.13] startup
[7.992s] [ext: isaacsim.core.cloner-1.7.3] startup
[7.993s] [ext: isaacsim.test.docstring-1.3.2] startup
[7.995s] [ext: isaacsim.core.experimental.prims-1.8.9] startup
[8.014s] [ext: isaacsim.core.experimental.primdata-0.3.2] startup
[8.015s] [ext: omni.graph.tools-1.81.0] startup
[8.034s] [ext: omni.graph-1.142.5] startup
[8.067s] [ext: isaacsim.core.experimental.actuators-0.1.2] startup
[8.080s] [ext: isaacsim.core.experimental.materials-0.7.1] startup
[8.083s] [ext: isaacsim.core.experimental.objects-0.8.1] startup
[8.137s] [ext: omni.hydra.engine.stats-1.0.5] startup
[8.139s] [ext: omni.hydra.rtx.shadercache.vulkan-1.0.0] startup
[8.140s] [ext: omni.index.libs-387500.4413.0] startup
[8.140s] [ext: omni.index-1.0.1] startup
[8.140s] [ext: omni.ujitso.client-0.0.0] startup
[8.140s] [ext: omni.usd.schema.playback-1.0.0] startup
[8.143s] [ext: omni.volume-0.5.2] startup
[8.147s] [ext: omni.hydra.rtx-1.0.4] startup
2026-09-29T16:06:52Z [8,136ms] [Warning] [omni.log] Source: omni.hydra was already registered.
[8.167s] [ext: omni.kit.hydra_texture-1.6.0] startup
[8.170s] [ext: omni.kit.raycast.query-1.2.0] startup
[8.173s] [ext: omni.kit.viewport.legacy_gizmos-1.0.24] startup
[8.175s] [ext: omni.kit.viewport.registry-104.0.6] startup
[8.175s] [ext: omni.kit.viewport.scene_camera_model-1.0.7] startup
[8.178s] [ext: omni.kit.widget.viewport-109.2.0] startup
[8.181s] [ext: omni.kit.window.drop_support-1.0.8] startup
[8.181s] [ext: omni.kit.viewport.window-109.0.2] startup
[8.195s] [ext: omni.kit.viewport.utility-2.0.1] startup
[8.196s] [ext: isaacsim.core.rendering_manager-0.4.3] startup
[8.215s] [ext: omni.graph.action_core-1.1.9] startup
[8.217s] [ext: omni.graph.action_nodes_core-2.11.0] startup
[8.219s] [ext: omni.graph.action_nodes-2.11.0] startup
[8.235s] [ext: omni.graph.action-2.10.2] startup
[8.236s] [ext: omni.graph.image.core-0.6.1] startup
[8.236s] [ext: omni.graph.image.nodes-1.3.1] startup
[8.237s] [ext: omni.graph.nodes_core-2.11.0] startup
[8.241s] [ext: omni.graph.nodes-2.12.0] startup
[8.245s] [ext: omni.kit.hotkeys.core-1.3.12] startup
[8.246s] [ext: omni.kit.property.adapter.core-1.1.1] startup
[8.247s] [ext: omni.kit.property.adapter.usd-1.0.5] startup
[8.248s] [ext: omni.kit.widget.filter-1.1.5] startup
[8.249s] [ext: omni.kit.widget.highlight_label-1.0.3] startup
[8.250s] [ext: omni.kit.widget.searchfield-1.1.8] startup
[8.251s] [ext: omni.kit.window.file_exporter-1.0.36] startup
[8.252s] [ext: omni.kit.widget.stage-4.4.0] startup
[8.259s] [ext: omni.kit.window.content_browser_registry-0.0.6] startup
[8.259s] [ext: omni.kit.window.file-2.0.10] startup
[8.262s] [ext: omni.kit.window.content_browser-3.1.8] startup
[8.270s] [ext: omni.kit.window.property-1.15.1] startup
[8.280s] [ext: omni.kit.property.usd-4.9.4] startup
[8.288s] [ext: omni.graph.scriptnode-2.10.2] startup
[8.296s] [ext: omni.kit.widget.searchable_combobox-1.0.7] startup
[8.297s] [ext: omni.kit.widget.settings-2.0.0] startup
[8.298s] [ext: omni.kit.window.preferences-1.8.3] startup
[8.302s] [ext: omni.kit.viewport.menubar.core-107.2.2] startup
[8.312s] [ext: omni.syntheticdata-0.6.15] startup
[8.335s] [ext: omni.replicator.nv-1.1.1] startup
[8.338s] [ext: omni.videoencoding-0.2.1] startup
[8.340s] [ext: omni.replicator.core-1.13.27] startup
2026-09-29T16:06:52Z [8,325ms] [Warning] [pxr.Semantics] pxr.Semantics is deprecated - please use Semantics instead
2026-09-29T16:06:52Z [8,391ms] [Warning] [omni.replicator.core.scripts.extension] No material configuration file, adding configuration to material settings directly.
[8.542s] [ext: isaacsim.core.nodes-5.10.5] startup
[8.568s] [ext: isaacsim.core.throttling-2.3.5] startup
[8.569s] [ext: omni.kit.manipulator.viewport-107.0.1] startup
[8.570s] [ext: omni.graph.visualization.nodes-2.1.4] startup
[8.582s] [ext: omni.kit.window.extensions-1.5.10] startup
[8.586s] [ext: isaacsim.gui.components-1.8.5] startup
[8.590s] [ext: isaacsim.robot.surface_gripper-3.6.2] startup
[8.599s] [ext: isaacsim.robot.manipulators-3.4.4] startup
[8.608s] [ext: isaacsim.robot_motion.lula-4.1.3] startup
[8.614s] [ext: isaacsim.robot_motion.motion_generation-8.2.9] startup
[8.618s] [ext: isaacsim.cortex.framework-1.0.18] startup
[8.619s] [ext: isaacsim.cortex.behaviors-2.0.17] startup
[8.621s] [ext: isaacsim.examples.base-1.3.2] startup
[8.622s] [ext: omni.kit.widget.zoombar-1.0.7] startup
[8.623s] [ext: omni.kit.browser.core-2.3.18] startup
[8.625s] [ext: omni.kit.browser.folder.core-2.0.2] startup
[8.629s] [ext: omni.kit.widget.stage_icons-1.0.8] startup
[8.629s] [ext: omni.kit.window.stage-2.6.1] startup
[8.632s] [ext: omni.kit.menu.stage-1.2.7] startup
[8.633s] [ext: omni.kit.usd.collect-3.0.6] startup
[8.635s] [ext: omni.kit.widget.prompt-1.0.7] startup
[8.636s] [ext: omni.kit.tool.collect-2.2.19] startup
[8.638s] [ext: isaacsim.examples.browser-0.3.2] startup
[8.640s] [ext: omni.kit.search.files-1.0.4] startup
[8.640s] [ext: omni.kit.widget.calendar-1.0.9] startup
[8.641s] [ext: omni.kit.widget.extended_searchfield-1.0.31] startup
[8.648s] [ext: omni.simready.content.browser-0.3.7] startup
[8.735s] [ext: isaacsim.gui.content_browser-0.4.3] startup
[8.737s] [ext: omni.kit.selection-0.1.6] startup
[8.738s] [ext: isaacsim.gui.menu-2.10.5] startup
[8.745s] [ext: isaacsim.gui.property-1.6.4] startup
[8.750s] [ext: omni.kit.viewport.actions-110.0.0] startup
[8.754s] [ext: omni.kit.viewport.menubar.display-107.1.3] startup
[8.755s] [ext: isaacsim.gui.sensors.icon-2.2.1] startup
[8.758s] [ext: omni.behavior.scripting.core-110.1.0] startup
[8.760s] [ext: isaacsim.replicator.behavior-1.5.4] startup
[8.761s] [ext: isaacsim.replicator.experimental.domain_randomization-1.2.5] startup
[8.774s] [ext: isaacsim.replicator.domain_randomization-1.2.2] startup
[8.844s] [ext: isaacsim.replicator.writers-1.5.4] startup
[8.867s] [ext: isaacsim.robot.experimental.wheeled_robots-0.2.11] startup
[8.888s] [ext: isaacsim.robot.policy.examples-5.2.12] startup
[8.906s] [ext: isaacsim.robot.wheeled_robots-5.2.4] startup
[8.909s] [ext: isaacsim.robot.wheeled_robots.nodes-0.1.5] startup
[8.925s] [ext: isaacsim.robot_motion.experimental.motion_generation-6.1.3] startup
[8.936s] [ext: isaacsim.robot_motion.cumotion-1.3.1] startup
[8.947s] [ext: omni.kit.numpy.common-0.1.3] startup
[8.949s] [ext: isaacsim.sensors.camera-1.7.9] startup
[8.977s] [ext: isaacsim.sensors.experimental.physics-3.0.2] startup
[8.983s] [ext: omni.sensors.net-1.0.1] startup
[8.985s] [ext: omni.sensors.nv.common-3.0.0] startup
[8.994s] [ext: omni.sensors.nv.materials-2.0.0] startup
[8.996s] [ext: omni.sensors.nv.acoustic-3.0.0] startup
[8.999s] [ext: omni.sensors.nv.ids-2.0.1] startup
[9.001s] [ext: omni.sensors.nv.lidar-3.0.0] startup
[9.004s] [ext: omni.sensors.nv.radar-3.0.0] startup
[9.006s] [ext: isaacsim.sensors.experimental.rtx-1.4.6] startup
[9.233s] [ext: isaacsim.sensors.physics.nodes-1.5.3] startup
[9.238s] [ext: isaacsim.util.debug_draw-3.2.3] startup
[9.242s] [ext: isaacsim.sensors.physx-2.5.5] startup
[9.248s] [ext: isaacsim.sensors.rtx-15.17.1] startup
[9.257s] [ext: isaacsim.simulation_app-2.18.4] startup
[9.257s] [ext: omni.anim.curve.core-1.6.0] startup
[9.265s] [ext: omni.graph.ui_nodes-2.11.1] startup
[9.285s] [ext: omni.hydra.scene_api-0.1.3] startup
[9.288s] [ext: omni.kit.manipulator.camera-110.0.0] startup
[9.292s] [ext: omni.kit.manipulator.selector-1.1.4] startup
[9.293s] [ext: omni.kit.manipulator.transform-107.0.0] startup
[9.296s] [ext: omni.kit.widget.toolbar-2.1.0] startup
[9.302s] [ext: omni.kit.manipulator.tool.snap-1.5.14] startup
[9.305s] [ext: omni.kit.viewport.manipulator.transform-107.0.4] startup
[9.307s] [ext: omni.kit.manipulator.prim.core-108.0.2] startup
[9.312s] [ext: omni.kit.manipulator.prim.usd-107.0.3] startup
[9.313s] [ext: omni.kit.manipulator.prim-108.0.0] startup
[9.313s] [ext: omni.kit.manipulator.selection-109.0.1] startup
[9.314s] [ext: omni.kit.menu.create-2.0.2] startup
[9.315s] [ext: omni.kit.property.audio-1.0.16] startup
[9.318s] [ext: omni.kit.property.camera-1.0.14] startup
[9.319s] [ext: omni.kit.property.geometry-2.1.2] startup
[9.322s] [ext: omni.kit.property.light-1.0.14] startup
2026-09-29T16:06:53Z [9,321ms] [Warning] [omni.usd] Encountered USD Warnings but USD Diagnostics are currently muted. To view USD Warnings, please set the '/persistent/app/usd/muteUsdDiagnostics' setting to false in Preferences page.
[9.348s] [ext: omni.kit.property.material-1.14.6] startup
[9.353s] [ext: omni.kit.property.render-1.2.2] startup
[9.354s] [ext: omni.kit.property.transform-1.6.9] startup
[9.357s] [ext: omni.kit.property.bundle-1.5.1] startup
[9.358s] [ext: omni.kit.usdz_export-1.1.0] startup
[9.361s] [ext: omni.kit.tool.asset_importer-6.0.1] startup
[9.365s] [ext: omni.kit.ui.actions-1.0.5] startup
[9.367s] [ext: omni.kit.viewport.menubar.camera-107.0.10] startup
[9.371s] [ext: omni.kit.viewport.menubar.lighting-107.3.2] startup
[9.373s] [ext: omni.kit.viewport.menubar.render-110.0.0] startup
[9.376s] [ext: omni.kit.viewport.menubar.settings-110.0.1] startup
[9.378s] [ext: omni.kit.window.console-1.1.9] startup
[9.382s] [ext: omni.kit.window.status_bar-0.1.11] startup
[9.384s] [ext: omni.kit.window.toolbar-3.0.3] startup
[9.386s] [ext: omni.ocio-0.1.1] startup
[9.387s] [ext: omni.physx.commands-110.1.13] startup
[9.390s] [ext: omni.replicator.replicator_yaml-2.0.12] startup
[9.399s] [ext: omni.rtx.window.settings-0.8.0] startup
[9.403s] [ext: omni.rtx.settings.core-0.7.1] startup
[9.405s] [ext: omni.usd.metrics.assembler.ui-110.1.1] startup
[9.411s] [ext: semantics.schema.editor-2.0.2] startup
[9.414s] [ext: semantics.schema.property-2.0.2] startup
[9.415s] [ext: omni.kit.menu.common-2.0.2] startup
[9.416s] [ext: isaacsim.exp.base-6.0.1] startup
[9.416s] [ext: isaacsim.exp.base.python-6.0.1] startup
[9.417s] Simulation App Starting
[10.473s] Simulation App Startup Complete
[10.478s] app ready
Starting kit application with the following args:  ['/home/starry/isaac-data/isaacsim/exts/isaacsim.simulation_app/isaacsim/simulation_app/simulation_app.py', '/home/starry/isaac-data/isaacsim/apps/isaacsim.exp.base.python.kit', '--/app/tokens/exe-path=/home/starry/isaac-data/isaacsim/kit', '--/persistent/app/viewport/displayOptions=3094', '--/rtx/materialDb/syncLoads=True', '--/rtx/hydra/materialSyncLoads=True', '--/omni/kit/plugin/syncUsdLoads=True', '--/app/renderer/resolution/width=1280', '--/app/renderer/resolution/height=720', '--/app/window/width=1440', '--/app/window/height=900', '--/renderer/multiGpu/enabled=False', '--/app/fastShutdown=True', '--/app/installSignalHandlers=0', '--ext-folder', '/home/starry/isaac-data/isaacsim/exts', '--ext-folder', '/home/starry/isaac-data/isaacsim/apps', '--/renderer/activeGpu=0', '--/physics/cudaDevice=0', '--/plugins/carb.tasking.plugin/threadCount=12', '--/plugins/omni.tbb.globalcontrol/maxThreadCount=12', '--portable', '--no-window', '--/app/window/hideUi=1']
Passing the following args to the base kit application:  []
Warp 1.13.0 initialized:
   CUDA Toolkit 12.9, Driver 13.0
   Devices:
     "cpu"      : "x86_64"
     "cuda:0"   : "NVIDIA GeForce RTX 5070" (11 GiB, sm_120, mempool enabled)
   Kernel cache:
     /home/starry/.cache/warp/1.13.0
[LIGHTING] sun=800.0 (1) dome=0.0 (1) ambient=0.05 constant_color=(0.6, 0.65, 0.7)
[RENDER] mode=MinimalRendering minimal_shading_mode=2 anti_aliasing=TAA
[DEPTH CAMERAS] count=4 resolution_each=320x240 horizontal_coverage=360deg
[ESDF] path=/home/starry/isaac-data/EGO1P1/scenes/ego_swarm_cloud/occupancy.bin shape=(400, 300, 50) resolution=0.40m
[depth_angular_controller-1] [INFO] [1790698017.061452965] [depth_angular_controller]: WAITING_ODOMETRY
[NAV] t=0.0s position=(-64.00,-11.20,2.80) yaw=1.2deg command=(0.00,0.00,0.00) manual_active=0 collision_blocks=0
[depth_angular_controller-1] [INFO] [1790698017.430832828] [depth_angular_controller]: WAITING_VERIFIED_START_POSE
[depth_angular_controller-1] [INFO] [1790698017.467649997] [depth_angular_controller]: VERIFIED_FREE_SEED center=(-64.000,-11.200,2.800) radius=2.500 balls=1: verified fixed Cloud free ball; USD and occupancy SHA-256 matched
[depth_angular_controller-1] [INFO] [1790698017.468422737] [depth_angular_controller]: ZERO_INTENT
[depth_angular_controller-1] [INFO] [1790698019.294057402] [depth_angular_controller]: 3D guidance switched to view 0
[depth_angular_controller-1] [INFO] [1790698019.294117685] [depth_angular_controller]: DEPTH_PROPOSAL conservative_grid=64x48 measured_state=1 direction_only=1
[depth_angular_controller-1] [INFO] [1790698019.296814967] [depth_angular_controller]: DEPTH_PROPOSAL_CERTIFIED
[depth_angular_controller-1] [INFO] [1790698019.296828131] [depth_angular_controller]: PAPER_BUILD reason=FULL_MOTION_CERTIFICATE required=0.0000 best=0.0000 free=0 refined=0 tubes=0 revoked_tubes=0 proofs=0
[depth_angular_controller-1] [INFO] [1790698019.296834483] [depth_angular_controller]: PAPER_EVIDENCE retained=8 balls=1 revoked_balls=0 expired_views=0 evicted_views=0 radius=0.580 clearance=0.000 best_prefix=0.000
[depth_angular_controller-1] [INFO] [1790698020.424107679] [depth_angular_controller]: PAPER_BUILD reason=FULL_MOTION_CERTIFICATE required=0.0000 best=0.0000 free=0 refined=0 tubes=1 revoked_tubes=0 proofs=46
[depth_angular_controller-1] [INFO] [1790698020.424142174] [depth_angular_controller]: PAPER_EVIDENCE retained=12 balls=4 revoked_balls=0 expired_views=0 evicted_views=0 radius=0.580 clearance=0.000 best_prefix=0.000
[11.007s] [ext: isaacsim.sensors.rtx.nodes-0.1.2] startup
[11.015s] [ext: isaacsim.ros2.core-1.9.4] startup
[11.030s] Attempting to load system rclpy
[11.030s] Could not import system rclpy: No module named 'rclpy'
[11.030s] Attempting to load internal rclpy for ROS Distro: humble
[11.041s] rclpy loaded
[11.044s] [ext: isaacsim.ros2.nodes-1.18.13] startup
[11.078s] [ext: isaacsim.ros2.examples-1.2.4] startup
[11.083s] [ext: isaacsim.ros2.ui-1.6.5] startup
[11.304s] [ext: isaacsim.ros2.bridge-5.1.2] startup
2026-09-29T16:06:57Z [13,227ms] [Warning] [omni.timeline.plugin] Deprecated: direct use of ITimeline callbacks is deprecated. Use ITimeline::getTimeline (Python: omni.timeline.get_timeline_interface) instead.
[depth_angular_controller-1] [INFO] [1790698021.495219186] [depth_angular_controller]: PAPER_BUILD reason=FULL_MOTION_CERTIFICATE required=0.0000 best=0.0000 free=0 refined=0 tubes=4 revoked_tubes=0 proofs=96
[depth_angular_controller-1] [INFO] [1790698021.495254753] [depth_angular_controller]: PAPER_EVIDENCE retained=16 balls=14 revoked_balls=0 expired_views=0 evicted_views=0 radius=0.580 clearance=0.000 best_prefix=0.000
[depth_angular_controller-1] [INFO] [1790698022.439832946] [depth_angular_controller]: [PERF CTRL] run=iteration50_ego1p1_1 elapsed=18.84s callbacks=243 commands=242 guidance=142 command_fps(ros/wall)=50.03/48.11 guidance_wall_fps=44.82 avoid_ms(mean/p50/p95/max)=2.632/2.548/3.475/4.072 cycle_ms(mean/p95/max)=20.784/34.212/94.876 depth_to_cmd_ms(mean/p95/max)=17.136/16.667/33.333 callback_to_publish_ms(mean/p95/max)=6.953/9.987/14.051
[position_cmd_to_twist-2] [INFO] [1790698022.600702433] [position_cmd_to_twist]: [PERF BRIDGE] run=iteration50_ego1p1_1 elapsed=18.89s received=246 published=246 fps(ros/wall)=50.00/47.52 controller_to_bridge_ms(mean/p50/p95/max)=0.000/0.000/0.000/0.000 bridge_process_ms(mean/p95/max)=0.088/0.111/0.173
[NAV] t=5.0s position=(-60.36,-10.51,2.80) yaw=9.9deg command=(1.94,0.48,-0.02) manual_active=1 collision_blocks=0
[depth_angular_controller-1] [INFO] [1790698022.751153619] [depth_angular_controller]: PAPER_BUILD reason=FULL_MOTION_CERTIFICATE required=0.0000 best=0.0000 free=0 refined=0 tubes=8 revoked_tubes=0 proofs=128
[depth_angular_controller-1] [INFO] [1790698022.751193234] [depth_angular_controller]: PAPER_EVIDENCE retained=20 balls=30 revoked_balls=0 expired_views=0 evicted_views=0 radius=0.580 clearance=0.000 best_prefix=0.000
[depth_angular_controller-1] [INFO] [1790698023.786803361] [depth_angular_controller]: PAPER_BUILD reason=FULL_MOTION_CERTIFICATE required=0.0000 best=0.0000 free=0 refined=0 tubes=12 revoked_tubes=0 proofs=128
[depth_angular_controller-1] [INFO] [1790698023.786838477] [depth_angular_controller]: PAPER_EVIDENCE retained=24 balls=32 revoked_balls=0 expired_views=0 evicted_views=0 radius=0.580 clearance=0.000 best_prefix=0.000
[depth_angular_controller-1] [INFO] [1790698024.809218928] [depth_angular_controller]: PAPER_BUILD reason=FULL_MOTION_CERTIFICATE required=0.0000 best=0.0000 free=0 refined=0 tubes=16 revoked_tubes=0 proofs=128
[depth_angular_controller-1] [INFO] [1790698024.809261328] [depth_angular_controller]: PAPER_EVIDENCE retained=27 balls=32 revoked_balls=0 expired_views=0 evicted_views=0 radius=0.580 clearance=0.000 best_prefix=0.000
[depth_angular_controller-1] [INFO] [1790698025.895622821] [depth_angular_controller]: PAPER_BUILD reason=FULL_MOTION_CERTIFICATE required=0.0000 best=0.0000 free=0 refined=0 tubes=20 revoked_tubes=0 proofs=128
[depth_angular_controller-1] [INFO] [1790698025.896037560] [depth_angular_controller]: PAPER_EVIDENCE retained=31 balls=32 revoked_balls=0 expired_views=0 evicted_views=0 radius=0.580 clearance=0.000 best_prefix=0.000
[depth_angular_controller-1] [INFO] [1790698027.046171976] [depth_angular_controller]: PAPER_BUILD reason=FULL_MOTION_CERTIFICATE required=0.0000 best=0.0000 free=0 refined=0 tubes=24 revoked_tubes=0 proofs=128
[depth_angular_controller-1] [INFO] [1790698027.046218984] [depth_angular_controller]: PAPER_EVIDENCE retained=32 balls=32 revoked_balls=0 expired_views=0 evicted_views=3 radius=0.580 clearance=0.000 best_prefix=0.000
[depth_angular_controller-1] [INFO] [1790698027.454803547] [depth_angular_controller]: [PERF CTRL] run=iteration50_ego1p1_1 elapsed=23.86s callbacks=471 commands=470 guidance=370 command_fps(ros/wall)=49.98/46.79 guidance_wall_fps=45.22 avoid_ms(mean/p50/p95/max)=3.298/2.911/4.684/8.950 cycle_ms(mean/p95/max)=21.373/35.685/94.876 depth_to_cmd_ms(mean/p95/max)=17.523/33.333/33.333 callback_to_publish_ms(mean/p95/max)=10.128/16.009/24.738
[position_cmd_to_twist-2] [INFO] [1790698027.983038547] [position_cmd_to_twist]: [PERF BRIDGE] run=iteration50_ego1p1_1 elapsed=24.28s received=496 published=496 fps(ros/wall)=50.00/46.93 controller_to_bridge_ms(mean/p50/p95/max)=0.706/0.000/0.000/16.667 bridge_process_ms(mean/p95/max)=0.097/0.120/0.258
[NAV] t=10.0s position=(-50.56,-8.67,2.76) yaw=9.8deg command=(1.99,-0.03,0.00) manual_active=1 collision_blocks=0
[depth_angular_controller-1] [INFO] [1790698028.080365154] [depth_angular_controller]: PAPER_BUILD reason=FULL_MOTION_CERTIFICATE required=0.0000 best=0.0000 free=0 refined=0 tubes=28 revoked_tubes=0 proofs=128
[depth_angular_controller-1] [INFO] [1790698028.080408155] [depth_angular_controller]: PAPER_EVIDENCE retained=32 balls=32 revoked_balls=0 expired_views=0 evicted_views=7 radius=0.580 clearance=0.000 best_prefix=0.000
[depth_angular_controller-1] [INFO] [1790698029.110652272] [depth_angular_controller]: PAPER_BUILD reason=FULL_MOTION_CERTIFICATE required=0.0000 best=0.0000 free=0 refined=0 tubes=32 revoked_tubes=0 proofs=128
[depth_angular_controller-1] [INFO] [1790698029.110693430] [depth_angular_controller]: PAPER_EVIDENCE retained=32 balls=32 revoked_balls=0 expired_views=0 evicted_views=11 radius=0.580 clearance=0.000 best_prefix=0.000
[depth_angular_controller-1] [INFO] [1790698030.200662934] [depth_angular_controller]: LOCAL_PATH evaluated=500 selected=453
[depth_angular_controller-1] [INFO] [1790698030.201068164] [depth_angular_controller]: PAPER_BUILD reason=FULL_MOTION_CERTIFICATE required=0.0000 best=0.0000 free=0 refined=0 tubes=36 revoked_tubes=0 proofs=128
[depth_angular_controller-1] [INFO] [1790698030.201076360] [depth_angular_controller]: PAPER_EVIDENCE retained=32 balls=32 revoked_balls=0 expired_views=0 evicted_views=15 radius=0.580 clearance=0.000 best_prefix=0.000
[depth_angular_controller-1] [INFO] [1790698031.485664994] [depth_angular_controller]: PAPER_BUILD reason=FULL_MOTION_CERTIFICATE required=0.0000 best=0.0000 free=0 refined=0 tubes=40 revoked_tubes=0 proofs=128
[depth_angular_controller-1] [INFO] [1790698031.485704818] [depth_angular_controller]: PAPER_EVIDENCE retained=32 balls=32 revoked_balls=0 expired_views=0 evicted_views=19 radius=0.580 clearance=0.000 best_prefix=0.000
[depth_angular_controller-1] [INFO] [1790698032.468531195] [depth_angular_controller]: [PERF CTRL] run=iteration50_ego1p1_1 elapsed=28.87s callbacks=691 commands=690 guidance=590 command_fps(ros/wall)=49.99/45.82 guidance_wall_fps=44.71 avoid_ms(mean/p50/p95/max)=3.283/2.926/4.707/9.152 cycle_ms(mean/p95/max)=21.825/36.576/95.178 depth_to_cmd_ms(mean/p95/max)=17.571/33.333/33.333 callback_to_publish_ms(mean/p95/max)=11.527/18.519/24.738
[depth_angular_controller-1] [INFO] [1790698032.684638598] [depth_angular_controller]: PAPER_BUILD reason=FULL_MOTION_CERTIFICATE required=0.0000 best=0.0000 free=0 refined=0 tubes=44 revoked_tubes=0 proofs=128
[depth_angular_controller-1] [INFO] [1790698032.684675798] [depth_angular_controller]: PAPER_EVIDENCE retained=32 balls=32 revoked_balls=0 expired_views=0 evicted_views=23 radius=0.580 clearance=0.000 best_prefix=0.000
[position_cmd_to_twist-2] [INFO] [1790698033.667182034] [position_cmd_to_twist]: [PERF BRIDGE] run=iteration50_ego1p1_1 elapsed=29.96s received=746 published=746 fps(ros/wall)=50.00/45.90 controller_to_bridge_ms(mean/p50/p95/max)=1.363/0.000/16.667/33.333 bridge_process_ms(mean/p95/max)=0.099/0.129/0.258
[NAV] t=15.0s position=(-40.81,-8.99,2.80) yaw=10.9deg command=(1.96,0.38,0.00) manual_active=1 collision_blocks=0
[depth_angular_controller-1] [INFO] [1790698033.821374471] [depth_angular_controller]: PAPER_BUILD reason=FULL_MOTION_CERTIFICATE required=0.0000 best=0.0000 free=0 refined=0 tubes=48 revoked_tubes=0 proofs=128
[depth_angular_controller-1] [INFO] [1790698033.821409366] [depth_angular_controller]: PAPER_EVIDENCE retained=32 balls=32 revoked_balls=0 expired_views=0 evicted_views=27 radius=0.580 clearance=0.000 best_prefix=0.000
[depth_angular_controller-1] [INFO] [1790698034.890753366] [depth_angular_controller]: PAPER_BUILD reason=FULL_MOTION_CERTIFICATE required=0.0000 best=0.0000 free=0 refined=0 tubes=52 revoked_tubes=0 proofs=128
[depth_angular_controller-1] [INFO] [1790698034.891173134] [depth_angular_controller]: PAPER_EVIDENCE retained=32 balls=32 revoked_balls=0 expired_views=0 evicted_views=31 radius=0.580 clearance=0.000 best_prefix=0.000
[depth_angular_controller-1] [INFO] [1790698035.982401471] [depth_angular_controller]: PAPER_BUILD reason=FULL_MOTION_CERTIFICATE required=0.0000 best=0.0000 free=0 refined=0 tubes=56 revoked_tubes=0 proofs=128
[depth_angular_controller-1] [INFO] [1790698035.982441406] [depth_angular_controller]: PAPER_EVIDENCE retained=32 balls=32 revoked_balls=0 expired_views=0 evicted_views=35 radius=0.580 clearance=0.000 best_prefix=0.000
[depth_angular_controller-1] [INFO] [1790698037.236349266] [depth_angular_controller]: PAPER_BUILD reason=FULL_MOTION_CERTIFICATE required=0.0000 best=0.0000 free=0 refined=0 tubes=60 revoked_tubes=0 proofs=128
[depth_angular_controller-1] [INFO] [1790698037.236384652] [depth_angular_controller]: PAPER_EVIDENCE retained=32 balls=32 revoked_balls=0 expired_views=0 evicted_views=39 radius=0.580 clearance=0.000 best_prefix=0.000
[depth_angular_controller-1] [INFO] [1790698037.490940585] [depth_angular_controller]: [PERF CTRL] run=iteration50_ego1p1_1 elapsed=33.89s callbacks=914 commands=913 guidance=813 command_fps(ros/wall)=49.97/45.46 guidance_wall_fps=44.62 avoid_ms(mean/p50/p95/max)=3.145/2.864/4.603/9.152 cycle_ms(mean/p95/max)=21.996/36.521/155.207 depth_to_cmd_ms(mean/p95/max)=17.589/33.333/33.333 callback_to_publish_ms(mean/p95/max)=11.595/17.887/24.738
[depth_angular_controller-1] [INFO] [1790698038.304313026] [depth_angular_controller]: COMPUTE_DEADLINE
[depth_angular_controller-1] [INFO] [1790698038.304347691] [depth_angular_controller]: PAPER_BUILD reason=STATE_OUTSIDE_COMPONENT required=2.0566 best=8.0717 free=730 refined=1 tubes=64 revoked_tubes=0 proofs=128
[depth_angular_controller-1] [INFO] [1790698038.304356387] [depth_angular_controller]: PAPER_EVIDENCE retained=28 balls=32 revoked_balls=0 expired_views=0 evicted_views=40 radius=0.580 clearance=0.000 best_prefix=8.072
[position_cmd_to_twist-2] [INFO] [1790698039.344826935] [position_cmd_to_twist]: [PERF BRIDGE] run=iteration50_ego1p1_1 elapsed=35.64s received=946 published=941 fps(ros/wall)=48.09/42.95 controller_to_bridge_ms(mean/p50/p95/max)=2.202/0.000/16.667/250.000 bridge_process_ms(mean/p95/max)=0.100/0.130/0.591
[NAV] t=20.0s position=(-33.30,-4.24,3.58) yaw=9.0deg command=(0.51,0.47,0.04) manual_active=1 collision_blocks=0
[depth_angular_controller-1] [INFO] [1790698040.480508300] [depth_angular_controller]: PAPER_BUILD reason=STATE_DIRECTION_UNCERTIFIED required=0.4622 best=8.0717 free=615 refined=1 tubes=68 revoked_tubes=0 proofs=128
[depth_angular_controller-1] [INFO] [1790698040.480543295] [depth_angular_controller]: PAPER_EVIDENCE retained=32 balls=32 revoked_balls=0 expired_views=0 evicted_views=40 radius=0.580 clearance=0.000 best_prefix=8.072
[depth_angular_controller-1] [INFO] [1790698041.198631332] [depth_angular_controller]: REFERENCE_INITIALIZATION
[depth_angular_controller-1] [INFO] [1790698041.297747977] [depth_angular_controller]: COMPUTE_DEADLINE
[depth_angular_controller-1] [INFO] [1790698041.308479686] [depth_angular_controller]: 3D guidance switched to view 3
[depth_angular_controller-1] [INFO] [1790698041.331845783] [depth_angular_controller]: TRACKING
[depth_angular_controller-1] [INFO] [1790698041.342147805] [depth_angular_controller]: 3D guidance switched to view 0
[depth_angular_controller-1] [INFO] [1790698041.439571364] [depth_angular_controller]: COMPUTE_DEADLINE
[depth_angular_controller-1] [INFO] [1790698041.439604055] [depth_angular_controller]: PAPER_BUILD reason=READY required=0.0103 best=0.1310 free=3 refined=0 tubes=69 revoked_tubes=0 proofs=128
[depth_angular_controller-1] [INFO] [1790698041.439612831] [depth_angular_controller]: PAPER_EVIDENCE retained=32 balls=32 revoked_balls=0 expired_views=0 evicted_views=44 radius=0.580 clearance=0.036 best_prefix=0.131
[depth_angular_controller-1] [INFO] [1790698041.449912960] [depth_angular_controller]: 3D guidance switched to view 3
[depth_angular_controller-1] [INFO] [1790698041.619358350] [depth_angular_controller]: 3D guidance switched to view 0
[depth_angular_controller-1] [INFO] [1790698041.724878863] [depth_angular_controller]: CERTIFIED_TRACKING
[depth_angular_controller-1] [INFO] [1790698041.817065203] [depth_angular_controller]: COMPUTE_DEADLINE
[depth_angular_controller-1] [INFO] [1790698041.829273413] [depth_angular_controller]: 3D guidance switched to view 3
[depth_angular_controller-1] [INFO] [1790698041.851153421] [depth_angular_controller]: CERTIFIED_TRACKING
[depth_angular_controller-1] [INFO] [1790698041.862872783] [depth_angular_controller]: 3D guidance switched to view 0
[depth_angular_controller-1] [INFO] [1790698041.940674561] [depth_angular_controller]: 3D guidance switched to view 3
[depth_angular_controller-1] [INFO] [1790698041.951835284] [depth_angular_controller]: STATE_OUTSIDE_FREE_DOMAIN
[depth_angular_controller-1] [INFO] [1790698041.969844549] [depth_angular_controller]: CERTIFIED_TRACKING
[depth_angular_controller-1] [INFO] [1790698042.227400161] [depth_angular_controller]: COMPUTE_DEADLINE
[depth_angular_controller-1] [INFO] [1790698042.238458652] [depth_angular_controller]: 3D guidance switched to view 0
[depth_angular_controller-1] [INFO] [1790698042.289233864] [depth_angular_controller]: CERTIFIED_TRACKING
[depth_angular_controller-1] [INFO] [1790698042.372039171] [depth_angular_controller]: TARGET_HOLD
[depth_angular_controller-1] [INFO] [1790698042.399865097] [depth_angular_controller]: CERTIFIED_TRACKING
[depth_angular_controller-1] [INFO] [1790698042.486249911] [depth_angular_controller]: COMPUTE_DEADLINE
[depth_angular_controller-1] [INFO] [1790698042.515364175] [depth_angular_controller]: [PERF CTRL] run=iteration50_ego1p1_1 elapsed=38.92s callbacks=975 commands=974 guidance=874 command_fps(ros/wall)=42.43/38.79 guidance_wall_fps=37.60 avoid_ms(mean/p50/p95/max)=7.661/2.916/6.200/1151.668 cycle_ms(mean/p95/max)=25.781/43.137/1165.817 depth_to_cmd_ms(mean/p95/max)=17.563/33.333/33.333 callback_to_publish_ms(mean/p95/max)=15.762/19.917/1165.738
[depth_angular_controller-1] [INFO] [1790698042.515429317] [depth_angular_controller]: STATE_OUTSIDE_FREE_DOMAIN
[depth_angular_controller-1] [INFO] [1790698042.515435499] [depth_angular_controller]: PAPER_BUILD reason=READY required=0.0139 best=0.0680 free=226 refined=0 tubes=70 revoked_tubes=0 proofs=128
[depth_angular_controller-1] [INFO] [1790698042.515442422] [depth_angular_controller]: PAPER_EVIDENCE retained=32 balls=32 revoked_balls=0 expired_views=0 evicted_views=44 radius=0.580 clearance=0.000 best_prefix=0.068
[depth_angular_controller-1] [INFO] [1790698042.790617998] [depth_angular_controller]: COMPUTE_DEADLINE
[depth_angular_controller-1] [INFO] [1790698042.832832765] [depth_angular_controller]: CERTIFIED_TRACKING
[depth_angular_controller-1] [INFO] [1790698042.890963921] [depth_angular_controller]: TARGET_HOLD
[depth_angular_controller-1] [INFO] [1790698042.931925246] [depth_angular_controller]: CERTIFIED_TRACKING
[depth_angular_controller-1] [INFO] [1790698042.943966842] [depth_angular_controller]: 3D guidance switched to view 1
[depth_angular_controller-1] [INFO] [1790698042.974064542] [depth_angular_controller]: TARGET_HOLD
[depth_angular_controller-1] [INFO] [1790698043.020595168] [depth_angular_controller]: BRAKING_FALLBACK
[depth_angular_controller-1] [INFO] [1790698043.432016804] [depth_angular_controller]: COMPUTE_DEADLINE
[depth_angular_controller-1] [INFO] [1790698043.432048414] [depth_angular_controller]: PAPER_BUILD reason=STATE_DIRECTION_UNCERTIFIED required=0.0182 best=0.2571 free=560 refined=1 tubes=73 revoked_tubes=0 proofs=128
[depth_angular_controller-1] [INFO] [1790698043.432080885] [depth_angular_controller]: PAPER_EVIDENCE retained=32 balls=32 revoked_balls=0 expired_views=0 evicted_views=44 radius=0.580 clearance=0.000 best_prefix=0.257
[depth_angular_controller-1] [INFO] [1790698043.441904209] [depth_angular_controller]: 3D guidance switched to view 0
[depth_angular_controller-1] [INFO] [1790698043.469608386] [depth_angular_controller]: CERTIFIED_TRACKING
[depth_angular_controller-1] [INFO] [1790698043.561577800] [depth_angular_controller]: TARGET_HOLD
[depth_angular_controller-1] [INFO] [1790698043.586449853] [depth_angular_controller]: CERTIFIED_TRACKING
[depth_angular_controller-1] [INFO] [1790698043.617466367] [depth_angular_controller]: TARGET_HOLD
[depth_angular_controller-1] [INFO] [1790698043.628489432] [depth_angular_controller]: 3D guidance switched to view 1
[depth_angular_controller-1] [INFO] [1790698043.823831849] [depth_angular_controller]: COMPUTE_DEADLINE
[depth_angular_controller-1] [INFO] [1790698043.834858881] [depth_angular_controller]: 3D guidance switched to view 0
[depth_angular_controller-1] [INFO] [1790698043.866671689] [depth_angular_controller]: NO_REGULAR_FIELD
[depth_angular_controller-1] [INFO] [1790698043.903267132] [depth_angular_controller]: CERTIFIED_TRACKING
[depth_angular_controller-1] [INFO] [1790698043.943814400] [depth_angular_controller]: NO_REGULAR_FIELD
[depth_angular_controller-1] [INFO] [1790698044.025441516] [depth_angular_controller]: CERTIFIED_TRACKING
[depth_angular_controller-1] [INFO] [1790698044.068616415] [depth_angular_controller]: NO_REGULAR_FIELD
[depth_angular_controller-1] [INFO] [1790698044.151080361] [depth_angular_controller]: CERTIFIED_TRACKING
[depth_angular_controller-1] [INFO] [1790698044.193108829] [depth_angular_controller]: NO_REGULAR_FIELD
[depth_angular_controller-1] [INFO] [1790698044.272474993] [depth_angular_controller]: CERTIFIED_TRACKING
[depth_angular_controller-1] [INFO] [1790698044.313597400] [depth_angular_controller]: NO_REGULAR_FIELD
[depth_angular_controller-1] [INFO] [1790698044.353439215] [depth_angular_controller]: CERTIFIED_TRACKING
[depth_angular_controller-1] [INFO] [1790698044.393815903] [depth_angular_controller]: NO_REGULAR_FIELD
[position_cmd_to_twist-2] [INFO] [1790698044.403323494] [position_cmd_to_twist]: [PERF BRIDGE] run=iteration50_ego1p1_1 elapsed=40.70s received=1002 published=987 fps(ros/wall)=40.25/36.57 controller_to_bridge_ms(mean/p50/p95/max)=7.069/0.000/33.333/1033.333 bridge_process_ms(mean/p95/max)=0.101/0.133/0.591
[NAV] t=25.0s position=(-33.13,-4.10,3.59) yaw=9.0deg command=(0.00,0.00,0.00) manual_active=1 collision_blocks=0
[depth_angular_controller-1] [INFO] [1790698044.484122045] [depth_angular_controller]: PAPER_BUILD reason=NO_CERTIFIED_DIRECTION required=0.0100 best=0.0000 free=0 refined=0 tubes=87 revoked_tubes=0 proofs=128
[depth_angular_controller-1] [INFO] [1790698044.484164154] [depth_angular_controller]: PAPER_EVIDENCE retained=32 balls=32 revoked_balls=0 expired_views=0 evicted_views=44 radius=0.580 clearance=0.000 best_prefix=0.000
[depth_angular_controller-1] [INFO] [1790698044.566802358] [depth_angular_controller]: CERTIFIED_TRACKING
[depth_angular_controller-1] [INFO] [1790698044.612493358] [depth_angular_controller]: NO_REGULAR_FIELD
[depth_angular_controller-1] [INFO] [1790698044.694207428] [depth_angular_controller]: CERTIFIED_TRACKING
[depth_angular_controller-1] [INFO] [1790698044.734859984] [depth_angular_controller]: NO_REGULAR_FIELD
[depth_angular_controller-1] [INFO] [1790698045.122152852] [depth_angular_controller]: CERTIFIED_TRACKING
[depth_angular_controller-1] [INFO] [1790698045.162938096] [depth_angular_controller]: NO_REGULAR_FIELD
[depth_angular_controller-1] [INFO] [1790698045.427353210] [depth_angular_controller]: PAPER_BUILD reason=NO_CERTIFIED_DIRECTION required=0.0100 best=0.0000 free=0 refined=0 tubes=93 revoked_tubes=0 proofs=128
[depth_angular_controller-1] [INFO] [1790698045.427394067] [depth_angular_controller]: PAPER_EVIDENCE retained=32 balls=32 revoked_balls=0 expired_views=0 evicted_views=44 radius=0.580 clearance=0.000 best_prefix=0.000
[depth_angular_controller-1] [INFO] [1790698045.511929070] [depth_angular_controller]: CERTIFIED_TRACKING
[depth_angular_controller-1] [INFO] [1790698045.546052023] [depth_angular_controller]: NO_REGULAR_FIELD
[depth_angular_controller-1] [INFO] [1790698045.611334067] [depth_angular_controller]: CERTIFIED_TRACKING
[depth_angular_controller-1] [INFO] [1790698045.656199308] [depth_angular_controller]: NO_REGULAR_FIELD
[depth_angular_controller-1] [INFO] [1790698045.695503103] [depth_angular_controller]: CERTIFIED_TRACKING
[depth_angular_controller-1] [INFO] [1790698045.741892173] [depth_angular_controller]: NO_REGULAR_FIELD
[depth_angular_controller-1] [INFO] [1790698046.136757181] [depth_angular_controller]: CERTIFIED_TRACKING
[depth_angular_controller-1] [INFO] [1790698046.179657344] [depth_angular_controller]: NO_REGULAR_FIELD
[depth_angular_controller-1] [INFO] [1790698046.336754813] [depth_angular_controller]: CERTIFIED_TRACKING
[depth_angular_controller-1] [INFO] [1790698046.428719518] [depth_angular_controller]: NO_REGULAR_FIELD
[depth_angular_controller-1] [INFO] [1790698046.474289001] [depth_angular_controller]: PAPER_BUILD reason=NO_CERTIFIED_DIRECTION required=0.0100 best=0.0000 free=0 refined=0 tubes=100 revoked_tubes=0 proofs=128
[depth_angular_controller-1] [INFO] [1790698046.474324247] [depth_angular_controller]: PAPER_EVIDENCE retained=32 balls=32 revoked_balls=0 expired_views=0 evicted_views=44 radius=0.580 clearance=0.000 best_prefix=0.000
[depth_angular_controller-1] [INFO] [1790698047.362575340] [depth_angular_controller]: PAPER_BUILD reason=NO_CERTIFIED_DIRECTION required=0.0100 best=0.0000 free=0 refined=0 tubes=101 revoked_tubes=0 proofs=128
[depth_angular_controller-1] [INFO] [1790698047.362616978] [depth_angular_controller]: PAPER_EVIDENCE retained=32 balls=32 revoked_balls=0 expired_views=0 evicted_views=44 radius=0.580 clearance=0.000 best_prefix=0.000
[depth_angular_controller-1] [INFO] [1790698047.537238972] [depth_angular_controller]: [PERF CTRL] run=iteration50_ego1p1_1 elapsed=43.94s callbacks=1075 commands=1074 guidance=974 command_fps(ros/wall)=38.12/35.64 guidance_wall_fps=34.45 avoid_ms(mean/p50/p95/max)=10.713/3.014/31.858/1151.668 cycle_ms(mean/p95/max)=28.058/50.279/1165.817 depth_to_cmd_ms(mean/p95/max)=17.574/33.333/33.333 callback_to_publish_ms(mean/p95/max)=18.866/44.227/1165.738
[depth_angular_controller-1] [INFO] [1790698047.684648751] [depth_angular_controller]: CERTIFIED_TRACKING
[depth_angular_controller-1] [INFO] [1790698047.733757245] [depth_angular_controller]: NO_REGULAR_FIELD
[depth_angular_controller-1] [INFO] [1790698048.358148897] [depth_angular_controller]: PAPER_BUILD reason=NO_CERTIFIED_DIRECTION required=0.0100 best=0.0000 free=0 refined=0 tubes=103 revoked_tubes=0 proofs=128
[depth_angular_controller-1] [INFO] [1790698048.358188111] [depth_angular_controller]: PAPER_EVIDENCE retained=32 balls=32 revoked_balls=0 expired_views=0 evicted_views=44 radius=0.580 clearance=0.000 best_prefix=0.000
[depth_angular_controller-1] [INFO] [1790698048.693974735] [depth_angular_controller]: LOCAL_PATH evaluated=1000 selected=723
[position_cmd_to_twist-2] [INFO] [1790698049.132955508] [position_cmd_to_twist]: [PERF BRIDGE] run=iteration50_ego1p1_1 elapsed=45.43s received=1109 published=1094 fps(ros/wall)=37.12/34.49 controller_to_bridge_ms(mean/p50/p95/max)=10.851/0.000/50.000/1033.333 bridge_process_ms(mean/p95/max)=0.101/0.131/1.198
[NAV] t=30.0s position=(-33.13,-4.10,3.59) yaw=9.0deg command=(0.00,0.00,0.00) manual_active=1 collision_blocks=0
[depth_angular_controller-1] [INFO] [1790698049.259169082] [depth_angular_controller]: PAPER_BUILD reason=NO_CERTIFIED_DIRECTION required=0.0100 best=0.0000 free=0 refined=0 tubes=103 revoked_tubes=0 proofs=128
[depth_angular_controller-1] [INFO] [1790698049.259207183] [depth_angular_controller]: PAPER_EVIDENCE retained=32 balls=32 revoked_balls=0 expired_views=0 evicted_views=44 radius=0.580 clearance=0.000 best_prefix=0.000
[depth_angular_controller-1] [INFO] [1790698049.463601486] [depth_angular_controller]: CERTIFIED_TRACKING
[depth_angular_controller-1] [INFO] [1790698049.539872511] [depth_angular_controller]: NO_REGULAR_FIELD
[depth_angular_controller-1] [INFO] [1790698050.214245665] [depth_angular_controller]: PAPER_BUILD reason=NO_CERTIFIED_DIRECTION required=0.0100 best=0.0000 free=0 refined=0 tubes=105 revoked_tubes=0 proofs=128
[depth_angular_controller-1] [INFO] [1790698050.214289096] [depth_angular_controller]: PAPER_EVIDENCE retained=32 balls=32 revoked_balls=0 expired_views=0 evicted_views=44 radius=0.580 clearance=0.000 best_prefix=0.000
[depth_angular_controller-1] [INFO] [1790698051.107272019] [depth_angular_controller]: PAPER_BUILD reason=NO_CERTIFIED_DIRECTION required=0.0100 best=0.0000 free=0 refined=0 tubes=105 revoked_tubes=0 proofs=128
[depth_angular_controller-1] [INFO] [1790698051.107315000] [depth_angular_controller]: PAPER_EVIDENCE retained=32 balls=32 revoked_balls=0 expired_views=0 evicted_views=44 radius=0.580 clearance=0.000 best_prefix=0.000
[depth_angular_controller-1] [INFO] [1790698052.002388255] [depth_angular_controller]: PAPER_BUILD reason=NO_CERTIFIED_DIRECTION required=0.0100 best=0.0000 free=0 refined=0 tubes=105 revoked_tubes=0 proofs=128
[depth_angular_controller-1] [INFO] [1790698052.002432698] [depth_angular_controller]: PAPER_EVIDENCE retained=32 balls=32 revoked_balls=0 expired_views=0 evicted_views=44 radius=0.580 clearance=0.000 best_prefix=0.000
[depth_angular_controller-1] [INFO] [1790698052.577908087] [depth_angular_controller]: [PERF CTRL] run=iteration50_ego1p1_1 elapsed=48.98s callbacks=1187 commands=1186 guidance=1086 command_fps(ros/wall)=35.23/33.72 guidance_wall_fps=32.60 avoid_ms(mean/p50/p95/max)=12.768/3.151/32.781/1151.668 cycle_ms(mean/p95/max)=29.660/48.801/1165.817 depth_to_cmd_ms(mean/p95/max)=17.526/33.333/50.000 callback_to_publish_ms(mean/p95/max)=21.269/46.074/1165.738
[depth_angular_controller-1] [INFO] [1790698052.997380691] [depth_angular_controller]: CERTIFIED_TRACKING
[depth_angular_controller-1] [INFO] [1790698052.997413202] [depth_angular_controller]: PAPER_BUILD reason=NO_CERTIFIED_DIRECTION required=0.0100 best=0.0000 free=0 refined=0 tubes=105 revoked_tubes=0 proofs=128
[depth_angular_controller-1] [INFO] [1790698052.997422981] [depth_angular_controller]: PAPER_EVIDENCE retained=32 balls=32 revoked_balls=0 expired_views=0 evicted_views=44 radius=0.580 clearance=0.000 best_prefix=0.000
[depth_angular_controller-1] [INFO] [1790698053.042218732] [depth_angular_controller]: NO_REGULAR_FIELD
[position_cmd_to_twist-2] [INFO] [1790698053.744559548] [position_cmd_to_twist]: [PERF BRIDGE] run=iteration50_ego1p1_1 elapsed=50.04s received=1211 published=1196 fps(ros/wall)=34.74/32.93 controller_to_bridge_ms(mean/p50/p95/max)=14.010/0.000/50.000/1033.333 bridge_process_ms(mean/p95/max)=0.101/0.130/1.198
[NAV] t=35.0s position=(-33.13,-4.10,3.59) yaw=9.0deg command=(0.00,0.00,0.00) manual_active=1 collision_blocks=0
[depth_angular_controller-1] [INFO] [1790698053.902831310] [depth_angular_controller]: PAPER_BUILD reason=NO_CERTIFIED_DIRECTION required=0.0100 best=0.0000 free=0 refined=0 tubes=107 revoked_tubes=0 proofs=128
[depth_angular_controller-1] [INFO] [1790698053.902862418] [depth_angular_controller]: PAPER_EVIDENCE retained=32 balls=32 revoked_balls=0 expired_views=0 evicted_views=44 radius=0.580 clearance=0.000 best_prefix=0.000
[depth_angular_controller-1] [INFO] [1790698054.360656074] [depth_angular_controller]: CERTIFIED_TRACKING
[depth_angular_controller-1] [INFO] [1790698054.405480308] [depth_angular_controller]: NO_REGULAR_FIELD
[depth_angular_controller-1] [INFO] [1790698054.864510243] [depth_angular_controller]: PAPER_BUILD reason=NO_CERTIFIED_DIRECTION required=0.0100 best=0.0000 free=0 refined=0 tubes=108 revoked_tubes=0 proofs=128
[depth_angular_controller-1] [INFO] [1790698054.864544197] [depth_angular_controller]: PAPER_EVIDENCE retained=32 balls=32 revoked_balls=0 expired_views=0 evicted_views=44 radius=0.580 clearance=0.000 best_prefix=0.000
[depth_angular_controller-1] [INFO] [1790698055.513767536] [depth_angular_controller]: CERTIFIED_TRACKING
[depth_angular_controller-1] [INFO] [1790698055.563766340] [depth_angular_controller]: NO_REGULAR_FIELD
[depth_angular_controller-1] [INFO] [1790698055.839736157] [depth_angular_controller]: PAPER_BUILD reason=NO_CERTIFIED_DIRECTION required=0.0100 best=0.0000 free=0 refined=0 tubes=110 revoked_tubes=0 proofs=128
[depth_angular_controller-1] [INFO] [1790698055.839773237] [depth_angular_controller]: PAPER_EVIDENCE retained=32 balls=32 revoked_balls=0 expired_views=0 evicted_views=44 radius=0.580 clearance=0.000 best_prefix=0.000
[depth_angular_controller-1] [INFO] [1790698056.429483418] [depth_angular_controller]: CERTIFIED_TRACKING
[depth_angular_controller-1] [INFO] [1790698056.470719238] [depth_angular_controller]: NO_REGULAR_FIELD
[depth_angular_controller-1] [INFO] [1790698056.863186236] [depth_angular_controller]: PAPER_BUILD reason=NO_CERTIFIED_DIRECTION required=0.0100 best=0.0000 free=0 refined=0 tubes=112 revoked_tubes=0 proofs=128
[depth_angular_controller-1] [INFO] [1790698056.863226080] [depth_angular_controller]: PAPER_EVIDENCE retained=32 balls=32 revoked_balls=0 expired_views=0 evicted_views=44 radius=0.580 clearance=0.000 best_prefix=0.000
[depth_angular_controller-1] [INFO] [1790698057.588439838] [depth_angular_controller]: [PERF CTRL] run=iteration50_ego1p1_1 elapsed=53.99s callbacks=1298 commands=1297 guidance=1197 command_fps(ros/wall)=33.36/32.27 guidance_wall_fps=31.23 avoid_ms(mean/p50/p95/max)=14.428/3.352/33.118/1151.668 cycle_ms(mean/p95/max)=30.986/49.231/1165.817 depth_to_cmd_ms(mean/p95/max)=17.586/33.333/50.000 callback_to_publish_ms(mean/p95/max)=23.219/46.952/1165.738
[depth_angular_controller-1] [INFO] [1790698057.775601333] [depth_angular_controller]: PAPER_BUILD reason=NO_CERTIFIED_DIRECTION required=0.0100 best=0.0000 free=0 refined=0 tubes=112 revoked_tubes=0 proofs=128
[depth_angular_controller-1] [INFO] [1790698057.775642781] [depth_angular_controller]: PAPER_EVIDENCE retained=32 balls=32 revoked_balls=0 expired_views=0 evicted_views=44 radius=0.580 clearance=0.000 best_prefix=0.000
[depth_angular_controller-1] [INFO] [1790698058.081480856] [depth_angular_controller]: CERTIFIED_TRACKING
[depth_angular_controller-1] [INFO] [1790698058.117924935] [depth_angular_controller]: NO_REGULAR_FIELD
[depth_angular_controller-1] [INFO] [1790698058.152872094] [depth_angular_controller]: CERTIFIED_TRACKING
[depth_angular_controller-1] [INFO] [1790698058.191286160] [depth_angular_controller]: NO_REGULAR_FIELD
[depth_angular_controller-1] [INFO] [1790698058.645746279] [depth_angular_controller]: CERTIFIED_TRACKING
[position_cmd_to_twist-2] [INFO] [1790698058.672293486] [position_cmd_to_twist]: [PERF BRIDGE] run=iteration50_ego1p1_1 elapsed=54.97s received=1321 published=1306 fps(ros/wall)=33.12/31.66 controller_to_bridge_ms(mean/p50/p95/max)=16.553/0.000/50.000/1033.333 bridge_process_ms(mean/p95/max)=0.100/0.129/1.198
[depth_angular_controller-1] [INFO] [1790698058.692797913] [depth_angular_controller]: NO_REGULAR_FIELD
[NAV] t=40.0s position=(-33.13,-4.10,3.59) yaw=9.0deg command=(0.00,0.00,0.00) manual_active=1 collision_blocks=0
[depth_angular_controller-1] [INFO] [1790698058.879811000] [depth_angular_controller]: PAPER_BUILD reason=NO_CERTIFIED_DIRECTION required=0.0100 best=0.0000 free=0 refined=0 tubes=116 revoked_tubes=0 proofs=128
[depth_angular_controller-1] [INFO] [1790698058.879850314] [depth_angular_controller]: PAPER_EVIDENCE retained=32 balls=32 revoked_balls=0 expired_views=0 evicted_views=44 radius=0.580 clearance=0.000 best_prefix=0.000
[depth_angular_controller-1] [INFO] [1790698059.810263245] [depth_angular_controller]: PAPER_BUILD reason=NO_CERTIFIED_DIRECTION required=0.0100 best=0.0000 free=0 refined=0 tubes=116 revoked_tubes=0 proofs=128
[depth_angular_controller-1] [INFO] [1790698059.810302929] [depth_angular_controller]: PAPER_EVIDENCE retained=32 balls=32 revoked_balls=0 expired_views=0 evicted_views=44 radius=0.580 clearance=0.000 best_prefix=0.000
[depth_angular_controller-1] [INFO] [1790698060.796532282] [depth_angular_controller]: PAPER_BUILD reason=NO_CERTIFIED_DIRECTION required=0.0100 best=0.0000 free=0 refined=0 tubes=116 revoked_tubes=0 proofs=128
[depth_angular_controller-1] [INFO] [1790698060.796575393] [depth_angular_controller]: PAPER_EVIDENCE retained=32 balls=32 revoked_balls=0 expired_views=0 evicted_views=44 radius=0.580 clearance=0.000 best_prefix=0.000
[depth_angular_controller-1] [INFO] [1790698061.891348842] [depth_angular_controller]: PAPER_BUILD reason=NO_CERTIFIED_DIRECTION required=0.0100 best=0.0000 free=0 refined=0 tubes=116 revoked_tubes=0 proofs=128
[depth_angular_controller-1] [INFO] [1790698061.891391592] [depth_angular_controller]: PAPER_EVIDENCE retained=32 balls=32 revoked_balls=0 expired_views=0 evicted_views=44 radius=0.580 clearance=0.000 best_prefix=0.000
[depth_angular_controller-1] [INFO] [1790698062.589427901] [depth_angular_controller]: [PERF CTRL] run=iteration50_ego1p1_1 elapsed=58.99s callbacks=1407 commands=1406 guidance=1306 command_fps(ros/wall)=31.98/31.11 guidance_wall_fps=30.14 avoid_ms(mean/p50/p95/max)=15.785/3.729/33.443/1151.668 cycle_ms(mean/p95/max)=32.141/50.279/1165.817 depth_to_cmd_ms(mean/p95/max)=17.534/33.333/50.000 callback_to_publish_ms(mean/p95/max)=24.876/47.538/1165.738
[depth_angular_controller-1] [INFO] [1790698062.816052399] [depth_angular_controller]: PAPER_BUILD reason=NO_CERTIFIED_DIRECTION required=0.0100 best=0.0000 free=0 refined=0 tubes=116 revoked_tubes=0 proofs=128
[depth_angular_controller-1] [INFO] [1790698062.816090581] [depth_angular_controller]: PAPER_EVIDENCE retained=32 balls=32 revoked_balls=0 expired_views=0 evicted_views=44 radius=0.580 clearance=0.000 best_prefix=0.000
[position_cmd_to_twist-2] [INFO] [1790698063.433507995] [position_cmd_to_twist]: [PERF BRIDGE] run=iteration50_ego1p1_1 elapsed=59.73s received=1424 published=1409 fps(ros/wall)=31.73/30.61 controller_to_bridge_ms(mean/p50/p95/max)=18.832/0.000/50.000/1033.333 bridge_process_ms(mean/p95/max)=0.100/0.129/1.198
[NAV] t=45.0s position=(-33.13,-4.10,3.59) yaw=9.0deg command=(0.00,0.00,0.00) manual_active=1 collision_blocks=0
[depth_angular_controller-1] [INFO] [1790698063.748965802] [depth_angular_controller]: PAPER_BUILD reason=NO_CERTIFIED_DIRECTION required=0.0100 best=0.0000 free=0 refined=0 tubes=116 revoked_tubes=0 proofs=128
[depth_angular_controller-1] [INFO] [1790698063.749001940] [depth_angular_controller]: PAPER_EVIDENCE retained=32 balls=32 revoked_balls=0 expired_views=0 evicted_views=44 radius=0.580 clearance=0.000 best_prefix=0.000
[depth_angular_controller-1] [INFO] [1790698064.781863390] [depth_angular_controller]: PAPER_BUILD reason=NO_CERTIFIED_DIRECTION required=0.0100 best=0.0000 free=0 refined=0 tubes=116 revoked_tubes=0 proofs=128
[depth_angular_controller-1] [INFO] [1790698064.781907312] [depth_angular_controller]: PAPER_EVIDENCE retained=32 balls=32 revoked_balls=0 expired_views=0 evicted_views=44 radius=0.580 clearance=0.000 best_prefix=0.000
[depth_angular_controller-1] [INFO] [1790698065.781630937] [depth_angular_controller]: PAPER_BUILD reason=NO_CERTIFIED_DIRECTION required=0.0100 best=0.0000 free=0 refined=0 tubes=116 revoked_tubes=0 proofs=128
[depth_angular_controller-1] [INFO] [1790698065.781665171] [depth_angular_controller]: PAPER_EVIDENCE retained=32 balls=32 revoked_balls=0 expired_views=0 evicted_views=44 radius=0.580 clearance=0.000 best_prefix=0.000
[depth_angular_controller-1] [INFO] [1790698066.711705744] [depth_angular_controller]: PAPER_BUILD reason=NO_CERTIFIED_DIRECTION required=0.0100 best=0.0000 free=0 refined=0 tubes=116 revoked_tubes=0 proofs=128
[depth_angular_controller-1] [INFO] [1790698066.711749175] [depth_angular_controller]: PAPER_EVIDENCE retained=32 balls=32 revoked_balls=0 expired_views=0 evicted_views=44 radius=0.580 clearance=0.000 best_prefix=0.000
[depth_angular_controller-1] [INFO] [1790698067.639151437] [depth_angular_controller]: [PERF CTRL] run=iteration50_ego1p1_1 elapsed=64.04s callbacks=1516 commands=1515 guidance=1415 command_fps(ros/wall)=30.77/30.15 guidance_wall_fps=29.25 avoid_ms(mean/p50/p95/max)=16.934/4.041/33.824/1151.668 cycle_ms(mean/p95/max)=33.163/51.040/1165.817 depth_to_cmd_ms(mean/p95/max)=17.491/16.667/50.000 callback_to_publish_ms(mean/p95/max)=26.337/47.932/1165.738
[depth_angular_controller-1] [INFO] [1790698067.731670562] [depth_angular_controller]: PAPER_BUILD reason=NO_CERTIFIED_DIRECTION required=0.0100 best=0.0000 free=0 refined=0 tubes=116 revoked_tubes=0 proofs=128
[depth_angular_controller-1] [INFO] [1790698067.731704566] [depth_angular_controller]: PAPER_EVIDENCE retained=32 balls=32 revoked_balls=0 expired_views=0 evicted_views=44 radius=0.580 clearance=0.000 best_prefix=0.000
[position_cmd_to_twist-2] [INFO] [1790698068.245231396] [position_cmd_to_twist]: [PERF BRIDGE] run=iteration50_ego1p1_1 elapsed=64.54s received=1528 published=1513 fps(ros/wall)=30.63/29.76 controller_to_bridge_ms(mean/p50/p95/max)=20.757/0.000/50.000/1033.333 bridge_process_ms(mean/p95/max)=0.100/0.128/1.198
[NAV] t=50.0s position=(-33.13,-4.10,3.59) yaw=9.0deg command=(0.00,0.00,0.00) manual_active=1 collision_blocks=0
[depth_angular_controller-1] [INFO] [1790698068.614998026] [depth_angular_controller]: PAPER_BUILD reason=NO_CERTIFIED_DIRECTION required=0.0100 best=0.0000 free=0 refined=0 tubes=116 revoked_tubes=0 proofs=128
[depth_angular_controller-1] [INFO] [1790698068.615040605] [depth_angular_controller]: PAPER_EVIDENCE retained=32 balls=32 revoked_balls=0 expired_views=0 evicted_views=44 radius=0.580 clearance=0.000 best_prefix=0.000
[depth_angular_controller-1] [INFO] [1790698069.678252809] [depth_angular_controller]: PAPER_BUILD reason=NO_CERTIFIED_DIRECTION required=0.0100 best=0.0000 free=0 refined=0 tubes=116 revoked_tubes=0 proofs=128
[depth_angular_controller-1] [INFO] [1790698069.678287504] [depth_angular_controller]: PAPER_EVIDENCE retained=32 balls=32 revoked_balls=0 expired_views=0 evicted_views=44 radius=0.580 clearance=0.000 best_prefix=0.000
[depth_angular_controller-1] [INFO] [1790698070.656104781] [depth_angular_controller]: PAPER_BUILD reason=NO_CERTIFIED_DIRECTION required=0.0100 best=0.0000 free=0 refined=0 tubes=116 revoked_tubes=0 proofs=128
[depth_angular_controller-1] [INFO] [1790698070.656146539] [depth_angular_controller]: PAPER_EVIDENCE retained=32 balls=32 revoked_balls=0 expired_views=0 evicted_views=44 radius=0.580 clearance=0.000 best_prefix=0.000
[depth_angular_controller-1] [INFO] [1790698071.516423728] [depth_angular_controller]: LOCAL_PATH evaluated=1500 selected=723
[depth_angular_controller-1] [INFO] [1790698071.633335868] [depth_angular_controller]: PAPER_BUILD reason=NO_CERTIFIED_DIRECTION required=0.0100 best=0.0000 free=0 refined=0 tubes=116 revoked_tubes=0 proofs=128
[depth_angular_controller-1] [INFO] [1790698071.633739465] [depth_angular_controller]: PAPER_EVIDENCE retained=32 balls=32 revoked_balls=0 expired_views=0 evicted_views=44 radius=0.580 clearance=0.000 best_prefix=0.000
[BENCHMARK RESULT] ABORTED_EXPLORATION_STALL sim=52.200s
[PERF ISAAC FINAL] run=iteration50_ego1p1_1 result=ABORTED_EXPLORATION_STALL wall=55.38s sim_frames=3254 fps(sim/wall)=60.04/58.76 command_changes=906 collision_blocks=0 frame_interval_ms(mean/p50/p95/max)=16.918/15.705/18.534/80.537
[68.472s] Simulation App Shutting Down
[depth_angular_controller-1] [INFO] [1790698073.059878173] [rclcpp]: signal_handler(SIGINT/SIGTERM)
[position_cmd_to_twist-2] [INFO] [1790698073.060524035] [position_cmd_to_twist]: [PERF BRIDGE FINAL] run=iteration50_ego1p1_1 elapsed=69.36s received=1620 published=1605 fps(ros/wall)=29.88/29.14 controller_to_bridge_ms(mean/p50/p95/max)=22.181/0.000/50.000/1033.333 bridge_process_ms(mean/p95/max)=0.100/0.128/1.198
[position_cmd_to_twist-2] Failed to publish log message to rosout: publisher's context is invalid, at ./src/rcl/publisher.c:389
[depth_angular_controller-1] [INFO] [1790698073.060620626] [depth_angular_controller]: [PERF CTRL FINAL] run=iteration50_ego1p1_1 elapsed=69.46s callbacks=1621 commands=1620 guidance=1520 command_fps(ros/wall)=29.88/29.41 guidance_wall_fps=28.56 avoid_ms(mean/p50/p95/max)=17.893/4.337/33.890/1151.668 cycle_ms(mean/p95/max)=34.000/50.742/1165.817 depth_to_cmd_ms(mean/p95/max)=17.478/16.667/50.000 callback_to_publish_ms(mean/p95/max)=27.558/48.260/1165.738
[INFO] [depth_angular_controller-1]: process has finished cleanly [pid 118562]
[INFO] [position_cmd_to_twist-2]: process has finished cleanly [pid 118564]
