[PERF] run=iteration33_ego1p1_1 log=/home/starry/isaac-data/EGO1P1/performance/navigation_benchmark_20260929/PERFORMANCE.md
[INPUT] mode=goal scene_mode=cloud
[INFO] [launch]: All log files can be found below /tmp/fov_gvf_ego1p1_isaac_ros_log/2026-09-29-22-51-01-488325-starry-System-Product-Name-97153
[INFO] [launch]: Default logging verbosity is set to INFO
[INFO] [depth_angular_controller-1]: process started with pid [97155]
[INFO] [position_cmd_to_twist-2]: process started with pid [97157]
[depth_angular_controller-1] [INFO] [1790693461.524417105] [depth_angular_controller]: C++ controller commands publish on /position_cmd; horizontal views=4
[ROS CHECK] ROS_DOMAIN_ID=42 /position_cmd publishers=1
Type: pc_gvf_msgs/msg/PositionCommand
Publisher count: 1
Subscription count: 1
/depth_angular_controller
/position_cmd_to_twist
WARNING: All log messages before absl::InitializeLog() is called are written to STDERR
E0000 00:00:1790693462.492307   97196 descriptor_database.cc:633] File already exists in database: grpc/health/v1/health.proto
W0000 00:00:1790693462.492330   97196 message.cc:301] Protobuf GeneratedMessageFactory: File is already registered: grpc/health/v1/health.proto
2026-09-29T14:51:02Z [Info] [carb] Logging to file: /home/starry/isaac-data/isaacsim/kit/logs/Kit/Isaac-Sim Python/6.0/kit_20260929_225102.log
[0.044s] [ext: omni.assets.plugins-0.0.0] startup
[0.044s] [ext: omni.blobkey-1.1.2] startup
[0.044s] [ext: omni.kit.async_engine-0.0.3] startup
[0.326s] [ext: omni.client.lib-1.1.1] startup
[0.334s] [ext: omni.client-1.3.0] startup
[0.337s] [ext: omni.protobuf.lib-1.0.0] startup
[0.337s] [ext: omni.grpc.lib-1.0.0] startup
[0.341s] [ext: omni.metrics.core-0.0.3] startup
[0.341s] [ext: omni.datastore-0.0.0] startup
[0.341s] [ext: omni.gpu_foundation.shadercache.vulkan-1.0.0] startup
[0.343s] [ext: omni.hsscclient-1.1.4] startup
[0.344s] [ext: omni.stats-1.0.1] startup
[0.344s] [ext: omni.ujitso.default-1.0.0] startup
[0.347s] [ext: omni.gpu_foundation-0.0.0] startup
[0.480s] [ext: carb.windowing.plugins-1.0.1] startup
[0.480s] [ext: omni.kit.renderer.init-1.0.1] startup
2026-09-29T14:51:02Z [697ms] [Warning] [omni.rtx] Skipping unsupported non-NVIDIA GPU: AMD Unknown (RADV RAPHAEL_MENDOCINO)
2026-09-29T14:51:02Z [697ms] [Warning] [omni.rtx] Skipping unsupported non-NVIDIA GPU: AMD Unknown (RADV RAPHAEL_MENDOCINO)

|---------------------------------------------------------------------------------------------|
| Driver Version: 580.178.04    | Graphics API: Vulkan
|=============================================================================================|
| GPU | Name                             | Active | LDA | GPU Memory | Vendor-ID | LUID       |
|     |                                  |        |     |            | Device-ID | UUID       |
|     |                                  |        |     |            | Bus-ID    |            |
|---------------------------------------------------------------------------------------------|
| 0   | NVIDIA GeForce RTX 5070          | Yes: 0 |     | 12227   MB | 10de      | 0          |
|     |                                  |        |     |            | 2f04      | 348d89fe.. |
|     |                                  |        |     |            | 1         |            |
|---------------------------------------------------------------------------------------------|
| 1   | AMD Unknown (RADV RAPHAEL_MEND.. |        |     | 10755   MB | 1002      | 0          |
|     |                                  |        |     |            | 13c0      | 00000000.. |
|     |                                  |        |     |            | c         |            |
|=============================================================================================|
| OS: 22.04.5 LTS (Jammy Jellyfish) ubuntu, Version: 22.04.5, Kernel: 6.8.0-138-generic
| XServer Vendor: The X.Org Foundation, XServer Version: 12101004 (1.21.1.4)
| Processor: AMD Ryzen 5 9600X 6-Core Processor
| Cores: 6 | Logical Cores: 12
|---------------------------------------------------------------------------------------------|
| Total Memory (MB): 31241 | Free Memory: 22996
| Total Page/Swap (MB): 15624 | Free Page/Swap: 15624
|---------------------------------------------------------------------------------------------|
2026-09-29T14:51:03Z [914ms] [Warning] [omni.rtx] CPU performance profile is set to powersave. This profile sets the CPU to the lowest frequency reducing performance.
2026-09-29T14:51:03Z [922ms] [Warning] [omni.rtx] IOMMU is enabled.
[1.023s] [ext: omni.kit.pipapi-0.0.0] startup
[1.024s] [ext: omni.kit.pip_archive-0.0.0] startup
[1.024s] [ext: isaacsim.pip.newton-0.6.1] startup
[1.024s] [ext: omni.pip.compute-1.9.2] startup
[1.024s] [ext: omni.isaac.core_archive-5.3.1] startup
[1.024s] [ext: omni.kit.telemetry-0.5.2] startup
[1.043s] [ext: omni.kit.loop-isaac-1.6.0] startup
[1.044s] [ext: omni.kit.test-2.0.7] startup
[1.095s] [ext: omni.materialx.libs-1.0.9] startup
[1.101s] [ext: omni.gpucompute.plugins-0.0.0] startup
[1.102s] [ext: omni.usd.config-1.0.7] startup
[1.105s] [ext: omni.usd.libs-1.0.3] startup
[1.160s] [ext: omni.iray.libs-0.0.1] startup
[1.163s] [ext: omni.mdl-57.0.3] startup
[1.224s] [ext: omni.mdl.neuraylib-0.2.20] startup
[1.226s] [ext: omni.kit.usd.mdl-1.1.9] startup
[1.311s] [ext: omni.appwindow-1.2.2] startup
[1.313s] [ext: omni.kit.renderer.core-1.2.2] startup
2026-09-29T14:51:08Z [6,555ms] [Warning] [carb.windowing-glfw.gamepad] Joystick with unknown remapping detected (will be ignored):  BEITONG BEITONG A2P3A BFM DONGLE [03000000bc2000001c51000011010000]
[6.586s] [ext: omni.kit.renderer.capture-2.0.1] startup
[6.588s] [ext: omni.kit.renderer.imgui-2.0.6] startup
[6.623s] [ext: omni.ui-3.2.0] startup
[6.630s] [ext: omni.kit.mainwindow-1.0.3] startup
[6.631s] [ext: carb.audio-0.1.0] startup
[6.633s] [ext: omni.uiaudio-1.0.0] startup
[6.633s] [ext: omni.kit.uiapp-0.0.0] startup
[6.633s] [ext: omni.usd.schema.metrics.assembler-110.1.0] startup
[6.636s] [ext: omni.usd.schema.audio-0.0.1] startup
[6.638s] [ext: omni.usd_resolver-1.0.0] startup
[6.640s] [ext: omni.usd.core-1.8.3] startup
[6.642s] [ext: omni.metropolis.schema-0.0.3] startup
[6.643s] [ext: isaacsim.anim.robot.schema-0.1.1] startup
[6.644s] [ext: omni.usd.schema.anim-0.0.1] startup
[6.656s] [ext: omni.usd.schema.geospatial-0.0.1] startup
[6.658s] [ext: omni.usd.schema.omnigraph-1.0.1] startup
[6.662s] [ext: omni.usd.schema.semantics-0.0.0] startup
[6.663s] [ext: omni.activity.core-1.0.3] startup
[6.664s] [ext: omni.cubric-0.1.0] startup
[6.665s] [ext: omni.graph.exec-0.9.6] startup
[6.665s] [ext: omni.hydra.scene_delegate-0.3.5] startup
[6.667s] [ext: usdrt.scenegraph-7.6.3] startup
[6.686s] [ext: omni.hydra.usdrt_delegate-7.5.2] startup
[6.689s] [ext: omni.inspect-1.0.2] startup
[6.690s] [ext: omni.kit.actions.core-1.0.0] startup
[6.692s] [ext: omni.kit.audiodeviceenum-1.0.2] startup
[6.693s] [ext: omni.kit.commands-1.5.0] startup
[6.695s] [ext: omni.kit.exec.core-0.13.5] startup
[6.696s] [ext: omni.kit.usd_undo-0.1.8] startup
[6.696s] [ext: omni.kit.window.popup_dialog-2.0.25] startup
[6.699s] [ext: omni.kit.widget.nucleus_connector-2.3.1] startup
[6.701s] [ext: omni.timeline-1.1.0] startup
[6.702s] [ext: omni.usd-1.16.0] startup
[6.726s] [ext: omni.graph.core-3.1.2] startup
[6.729s] [ext: omni.kit.notification_manager-1.0.11] startup
[6.730s] [ext: isaacsim.core.deprecation_manager-0.4.2] startup
[6.731s] [ext: isaacsim.replicator.agent.schema-0.1.1] startup
[6.732s] [ext: isaacsim.robot.schema-6.3.7] startup
[6.736s] [ext: isaacsim.robot_motion.schema-0.2.1] startup
[6.736s] [ext: omni.anim.behavior.schema-110.1.0] startup
[6.739s] [ext: omni.anim.graph.schema-110.1.1] startup
[6.744s] [ext: omni.anim.navigation.schema-110.1.0] startup
[6.746s] [ext: omni.behavior.tree.schema-110.1.0] startup
[6.746s] [ext: omni.isaac.ml_archive-3.3.0] startup
[6.747s] [ext: omni.kit.asset_converter-6.0.1] startup
[6.755s] [ext: omni.pip.cloud-1.5.4] startup
[6.757s] [ext: omni.usd.schema.flow-110.0.0] startup
[6.758s] [ext: omni.usd.schema.mujoco-1.1.1] startup
[6.758s] [ext: omni.usd.schema.newton-1.2.1] startup
[6.759s] [ext: omni.usd.schema.omni_lens_distortion-1.0.0] startup
[6.759s] [ext: omni.usd.schema.omni_projectors-1.0.0] startup
[6.760s] [ext: omni.usd.schema.omni_sensors-0.0.0] startup
[6.766s] [ext: omni.usd.schema.omniscripting-1.0.1] startup
[6.768s] [ext: omni.usd.schema.physical_lighting-0.1.0] startup
[6.771s] [ext: omni.usd.schema.physx-110.1.13] startup
[6.795s] [ext: omni.usd.schema.render_settings.rtx-1.0.2] startup
[6.797s] [ext: omni.usd.schema.usd_particle_field-1.0.0] startup
[6.798s] [ext: isaacsim.core.version-2.1.1] startup
[6.798s] [ext: omni.kit.menu.core-1.2.0] startup
[6.799s] [ext: omni.kit.menu.utils-2.2.4] startup
[6.804s] [ext: isaacsim.app.about-2.3.1] startup
[6.808s] [ext: isaacsim.asset.transformer-1.2.5] startup
[6.810s] [ext: omni.scene.optimizer.core-110.1.0] startup
[6.839s] [ext: isaacsim.asset.importer.utils-1.8.1] startup
[6.841s] [ext: omni.convexdecomposition-110.1.13] startup
[6.843s] [ext: omni.physics-110.1.13] startup
[6.845s] [ext: omni.physx.gpu-110.1.13] startup
[6.845s] [ext: omni.physx.foundation-110.1.13] startup
[6.846s] [ext: omni.usdphysics-110.1.13] startup
[6.847s] [ext: omni.physx.cooking-110.1.13] startup
[6.849s] [ext: omni.physx-110.1.13] startup
[6.856s] [ext: omni.physics.physx-110.1.13] startup
[6.857s] [ext: isaacsim.asset.exporter.urdf-2.0.5] startup
[6.863s] [ext: omni.kit.clipboard-1.1.1] startup
[6.864s] [ext: omni.kit.usd.layers-2.6.1] startup
[6.869s] [ext: omni.kit.widget.context_menu-1.4.0] startup
[6.870s] [ext: omni.kit.context_menu-1.9.0] startup
[6.871s] [ext: omni.kit.helper.file_utils-0.1.10] startup
[6.872s] [ext: omni.kit.widget.nucleus_info-2.0.2] startup
[6.872s] [ext: omni.kit.search_core-1.0.8] startup
[6.873s] [ext: omni.kit.widget.path_field-2.0.13] startup
[6.873s] [ext: omni.kit.widget.browser_bar-2.0.10] startup
[6.874s] [ext: omni.kit.widget.filebrowser-2.13.4] startup
[6.877s] [ext: omni.kit.widget.options_menu-1.1.6] startup
[6.879s] [ext: omni.kit.widget.options_button-1.0.3] startup
[6.880s] [ext: omni.kit.widget.search_delegate-1.0.9] startup
[6.881s] [ext: omni.ui.scene-2.0.3] startup
[6.884s] [ext: omni.kit.window.filepicker-2.15.5] startup
[6.894s] [ext: omni.kit.window.file_importer-1.1.21] startup
[6.895s] [ext: omni.kit.material.library-3.1.2] startup
[6.899s] [ext: isaacsim.asset.transformer.rules-1.7.10] startup
[6.907s] [ext: omni.usdex.libs-2.2.2] startup
[6.913s] [ext: isaacsim.asset.importer.mjcf-3.10.1] startup
[6.915s] [ext: isaacsim.asset.importer.urdf-3.11.2] startup
[6.918s] [ext: omni.kit.primitive.mesh-1.1.0] startup
[6.920s] [ext: omni.kit.stage_template.core-1.1.22] startup
[6.920s] [ext: omni.kit.stage_templates-2.0.2] startup
[6.921s] [ext: omni.usd.metrics.assembler-110.1.2] startup
[6.923s] [ext: omni.warp.core-1.13.0] startup
[7.110s] [ext: isaacsim.core.experimental.utils-0.17.2] startup
[7.111s] [ext: omni.physics.stageupdate-110.1.13] startup
[7.113s] [ext: omni.physics.tensors-110.1.13] startup
[7.116s] [ext: omni.physx.tensors-110.1.13] startup
[7.119s] [ext: isaacsim.core.simulation_manager-1.15.6] startup
[7.129s] [ext: isaacsim.storage.native-1.9.3] startup
[7.130s] [ext: omni.usd.metrics.assembler.physics-110.1.13] startup
[7.131s] [ext: isaacsim.core.utils-4.1.7] startup
[7.132s] [ext: isaacsim.core.prims-0.11.7] startup
[8.002s] [ext: isaacsim.core.api-5.2.13] startup
[8.008s] [ext: isaacsim.core.cloner-1.7.3] startup
[8.009s] [ext: isaacsim.test.docstring-1.3.2] startup
[8.011s] [ext: isaacsim.core.experimental.prims-1.8.9] startup
[8.029s] [ext: isaacsim.core.experimental.primdata-0.3.2] startup
[8.030s] [ext: omni.graph.tools-1.81.0] startup
[8.049s] [ext: omni.graph-1.142.5] startup
[8.080s] [ext: isaacsim.core.experimental.actuators-0.1.2] startup
[8.092s] [ext: isaacsim.core.experimental.materials-0.7.1] startup
[8.095s] [ext: isaacsim.core.experimental.objects-0.8.1] startup
[8.147s] [ext: omni.hydra.engine.stats-1.0.5] startup
[8.149s] [ext: omni.hydra.rtx.shadercache.vulkan-1.0.0] startup
[8.150s] [ext: omni.index.libs-387500.4413.0] startup
[8.150s] [ext: omni.index-1.0.1] startup
[8.150s] [ext: omni.ujitso.client-0.0.0] startup
[8.150s] [ext: omni.usd.schema.playback-1.0.0] startup
[8.153s] [ext: omni.volume-0.5.2] startup
[8.157s] [ext: omni.hydra.rtx-1.0.4] startup
2026-09-29T14:51:10Z [8,147ms] [Warning] [omni.log] Source: omni.hydra was already registered.
[8.178s] [ext: omni.kit.hydra_texture-1.6.0] startup
[8.180s] [ext: omni.kit.raycast.query-1.2.0] startup
[8.183s] [ext: omni.kit.viewport.legacy_gizmos-1.0.24] startup
[8.185s] [ext: omni.kit.viewport.registry-104.0.6] startup
[8.186s] [ext: omni.kit.viewport.scene_camera_model-1.0.7] startup
[8.188s] [ext: omni.kit.widget.viewport-109.2.0] startup
[8.192s] [ext: omni.kit.window.drop_support-1.0.8] startup
[8.192s] [ext: omni.kit.viewport.window-109.0.2] startup
[8.206s] [ext: omni.kit.viewport.utility-2.0.1] startup
[8.207s] [ext: isaacsim.core.rendering_manager-0.4.3] startup
[8.227s] [ext: omni.graph.action_core-1.1.9] startup
[8.229s] [ext: omni.graph.action_nodes_core-2.11.0] startup
[8.231s] [ext: omni.graph.action_nodes-2.11.0] startup
[8.246s] [ext: omni.graph.action-2.10.2] startup
[8.247s] [ext: omni.graph.image.core-0.6.1] startup
[8.248s] [ext: omni.graph.image.nodes-1.3.1] startup
[8.248s] [ext: omni.graph.nodes_core-2.11.0] startup
[8.252s] [ext: omni.graph.nodes-2.12.0] startup
[8.257s] [ext: omni.kit.hotkeys.core-1.3.12] startup
[8.258s] [ext: omni.kit.property.adapter.core-1.1.1] startup
[8.259s] [ext: omni.kit.property.adapter.usd-1.0.5] startup
[8.261s] [ext: omni.kit.widget.filter-1.1.5] startup
[8.261s] [ext: omni.kit.widget.highlight_label-1.0.3] startup
[8.262s] [ext: omni.kit.widget.searchfield-1.1.8] startup
[8.263s] [ext: omni.kit.window.file_exporter-1.0.36] startup
[8.264s] [ext: omni.kit.widget.stage-4.4.0] startup
[8.271s] [ext: omni.kit.window.content_browser_registry-0.0.6] startup
[8.272s] [ext: omni.kit.window.file-2.0.10] startup
[8.274s] [ext: omni.kit.window.content_browser-3.1.8] startup
[8.283s] [ext: omni.kit.window.property-1.15.1] startup
[8.292s] [ext: omni.kit.property.usd-4.9.4] startup
[8.300s] [ext: omni.graph.scriptnode-2.10.2] startup
[8.308s] [ext: omni.kit.widget.searchable_combobox-1.0.7] startup
[8.309s] [ext: omni.kit.widget.settings-2.0.0] startup
[8.310s] [ext: omni.kit.window.preferences-1.8.3] startup
[8.314s] [ext: omni.kit.viewport.menubar.core-107.2.2] startup
[8.324s] [ext: omni.syntheticdata-0.6.15] startup
[8.347s] [ext: omni.replicator.nv-1.1.1] startup
[8.351s] [ext: omni.videoencoding-0.2.1] startup
[8.353s] [ext: omni.replicator.core-1.13.27] startup
2026-09-29T14:51:10Z [8,339ms] [Warning] [pxr.Semantics] pxr.Semantics is deprecated - please use Semantics instead
2026-09-29T14:51:10Z [8,405ms] [Warning] [omni.replicator.core.scripts.extension] No material configuration file, adding configuration to material settings directly.
[8.552s] [ext: isaacsim.core.nodes-5.10.5] startup
[8.578s] [ext: isaacsim.core.throttling-2.3.5] startup
[8.579s] [ext: omni.kit.manipulator.viewport-107.0.1] startup
[8.580s] [ext: omni.graph.visualization.nodes-2.1.4] startup
[8.591s] [ext: omni.kit.window.extensions-1.5.10] startup
[8.596s] [ext: isaacsim.gui.components-1.8.5] startup
[8.599s] [ext: isaacsim.robot.surface_gripper-3.6.2] startup
[8.609s] [ext: isaacsim.robot.manipulators-3.4.4] startup
[8.618s] [ext: isaacsim.robot_motion.lula-4.1.3] startup
[8.623s] [ext: isaacsim.robot_motion.motion_generation-8.2.9] startup
[8.628s] [ext: isaacsim.cortex.framework-1.0.18] startup
[8.629s] [ext: isaacsim.cortex.behaviors-2.0.17] startup
[8.630s] [ext: isaacsim.examples.base-1.3.2] startup
[8.631s] [ext: omni.kit.widget.zoombar-1.0.7] startup
[8.632s] [ext: omni.kit.browser.core-2.3.18] startup
[8.635s] [ext: omni.kit.browser.folder.core-2.0.2] startup
[8.638s] [ext: omni.kit.widget.stage_icons-1.0.8] startup
[8.639s] [ext: omni.kit.window.stage-2.6.1] startup
[8.642s] [ext: omni.kit.menu.stage-1.2.7] startup
[8.643s] [ext: omni.kit.usd.collect-3.0.6] startup
[8.645s] [ext: omni.kit.widget.prompt-1.0.7] startup
[8.645s] [ext: omni.kit.tool.collect-2.2.19] startup
[8.647s] [ext: isaacsim.examples.browser-0.3.2] startup
[8.649s] [ext: omni.kit.search.files-1.0.4] startup
[8.650s] [ext: omni.kit.widget.calendar-1.0.9] startup
[8.651s] [ext: omni.kit.widget.extended_searchfield-1.0.31] startup
[8.657s] [ext: omni.simready.content.browser-0.3.7] startup
[8.742s] [ext: isaacsim.gui.content_browser-0.4.3] startup
[8.744s] [ext: omni.kit.selection-0.1.6] startup
[8.745s] [ext: isaacsim.gui.menu-2.10.5] startup
[8.752s] [ext: isaacsim.gui.property-1.6.4] startup
[8.758s] [ext: omni.kit.viewport.actions-110.0.0] startup
[8.762s] [ext: omni.kit.viewport.menubar.display-107.1.3] startup
[8.763s] [ext: isaacsim.gui.sensors.icon-2.2.1] startup
[8.766s] [ext: omni.behavior.scripting.core-110.1.0] startup
[8.768s] [ext: isaacsim.replicator.behavior-1.5.4] startup
[8.769s] [ext: isaacsim.replicator.experimental.domain_randomization-1.2.5] startup
[8.782s] [ext: isaacsim.replicator.domain_randomization-1.2.2] startup
[8.850s] [ext: isaacsim.replicator.writers-1.5.4] startup
[8.873s] [ext: isaacsim.robot.experimental.wheeled_robots-0.2.11] startup
[8.893s] [ext: isaacsim.robot.policy.examples-5.2.12] startup
[8.910s] [ext: isaacsim.robot.wheeled_robots-5.2.4] startup
[8.913s] [ext: isaacsim.robot.wheeled_robots.nodes-0.1.5] startup
[8.930s] [ext: isaacsim.robot_motion.experimental.motion_generation-6.1.3] startup
[8.940s] [ext: isaacsim.robot_motion.cumotion-1.3.1] startup
[8.952s] [ext: omni.kit.numpy.common-0.1.3] startup
[8.953s] [ext: isaacsim.sensors.camera-1.7.9] startup
[8.980s] [ext: isaacsim.sensors.experimental.physics-3.0.2] startup
[8.987s] [ext: omni.sensors.net-1.0.1] startup
[8.989s] [ext: omni.sensors.nv.common-3.0.0] startup
[8.998s] [ext: omni.sensors.nv.materials-2.0.0] startup
[9.000s] [ext: omni.sensors.nv.acoustic-3.0.0] startup
[9.002s] [ext: omni.sensors.nv.ids-2.0.1] startup
[9.003s] [ext: omni.sensors.nv.lidar-3.0.0] startup
[9.006s] [ext: omni.sensors.nv.radar-3.0.0] startup
[9.008s] [ext: isaacsim.sensors.experimental.rtx-1.4.6] startup
[9.238s] [ext: isaacsim.sensors.physics.nodes-1.5.3] startup
[9.243s] [ext: isaacsim.util.debug_draw-3.2.3] startup
[9.247s] [ext: isaacsim.sensors.physx-2.5.5] startup
[9.253s] [ext: isaacsim.sensors.rtx-15.17.1] startup
[9.262s] [ext: isaacsim.simulation_app-2.18.4] startup
[9.262s] [ext: omni.anim.curve.core-1.6.0] startup
[9.270s] [ext: omni.graph.ui_nodes-2.11.1] startup
[9.290s] [ext: omni.hydra.scene_api-0.1.3] startup
[9.293s] [ext: omni.kit.manipulator.camera-110.0.0] startup
[9.296s] [ext: omni.kit.manipulator.selector-1.1.4] startup
[9.297s] [ext: omni.kit.manipulator.transform-107.0.0] startup
[9.301s] [ext: omni.kit.widget.toolbar-2.1.0] startup
[9.306s] [ext: omni.kit.manipulator.tool.snap-1.5.14] startup
[9.310s] [ext: omni.kit.viewport.manipulator.transform-107.0.4] startup
[9.311s] [ext: omni.kit.manipulator.prim.core-108.0.2] startup
[9.316s] [ext: omni.kit.manipulator.prim.usd-107.0.3] startup
[9.318s] [ext: omni.kit.manipulator.prim-108.0.0] startup
[9.318s] [ext: omni.kit.manipulator.selection-109.0.1] startup
[9.319s] [ext: omni.kit.menu.create-2.0.2] startup
[9.320s] [ext: omni.kit.property.audio-1.0.16] startup
[9.323s] [ext: omni.kit.property.camera-1.0.14] startup
[9.324s] [ext: omni.kit.property.geometry-2.1.2] startup
[9.327s] [ext: omni.kit.property.light-1.0.14] startup
2026-09-29T14:51:11Z [9,325ms] [Warning] [omni.usd] Encountered USD Warnings but USD Diagnostics are currently muted. To view USD Warnings, please set the '/persistent/app/usd/muteUsdDiagnostics' setting to false in Preferences page.
[9.352s] [ext: omni.kit.property.material-1.14.6] startup
[9.357s] [ext: omni.kit.property.render-1.2.2] startup
[9.358s] [ext: omni.kit.property.transform-1.6.9] startup
[9.361s] [ext: omni.kit.property.bundle-1.5.1] startup
[9.362s] [ext: omni.kit.usdz_export-1.1.0] startup
[9.364s] [ext: omni.kit.tool.asset_importer-6.0.1] startup
[9.368s] [ext: omni.kit.ui.actions-1.0.5] startup
[9.370s] [ext: omni.kit.viewport.menubar.camera-107.0.10] startup
[9.374s] [ext: omni.kit.viewport.menubar.lighting-107.3.2] startup
[9.376s] [ext: omni.kit.viewport.menubar.render-110.0.0] startup
[9.378s] [ext: omni.kit.viewport.menubar.settings-110.0.1] startup
[9.380s] [ext: omni.kit.window.console-1.1.9] startup
[9.383s] [ext: omni.kit.window.status_bar-0.1.11] startup
[9.385s] [ext: omni.kit.window.toolbar-3.0.3] startup
[9.387s] [ext: omni.ocio-0.1.1] startup
[9.388s] [ext: omni.physx.commands-110.1.13] startup
[9.391s] [ext: omni.replicator.replicator_yaml-2.0.12] startup
[9.400s] [ext: omni.rtx.window.settings-0.8.0] startup
[9.403s] [ext: omni.rtx.settings.core-0.7.1] startup
[9.406s] [ext: omni.usd.metrics.assembler.ui-110.1.1] startup
[9.411s] [ext: semantics.schema.editor-2.0.2] startup
[9.414s] [ext: semantics.schema.property-2.0.2] startup
[9.415s] [ext: omni.kit.menu.common-2.0.2] startup
[9.416s] [ext: isaacsim.exp.base-6.0.1] startup
[9.416s] [ext: isaacsim.exp.base.python-6.0.1] startup
[9.417s] Simulation App Starting
[10.467s] Simulation App Startup Complete
[10.471s] app ready
Starting kit application with the following args:  ['/home/starry/isaac-data/isaacsim/exts/isaacsim.simulation_app/isaacsim/simulation_app/simulation_app.py', '/home/starry/isaac-data/isaacsim/apps/isaacsim.exp.base.python.kit', '--/app/tokens/exe-path=/home/starry/isaac-data/isaacsim/kit', '--/persistent/app/viewport/displayOptions=3094', '--/rtx/materialDb/syncLoads=True', '--/rtx/hydra/materialSyncLoads=True', '--/omni/kit/plugin/syncUsdLoads=True', '--/app/renderer/resolution/width=1280', '--/app/renderer/resolution/height=720', '--/app/window/width=1440', '--/app/window/height=900', '--/renderer/multiGpu/enabled=False', '--/app/fastShutdown=True', '--/app/installSignalHandlers=0', '--ext-folder', '/home/starry/isaac-data/isaacsim/exts', '--ext-folder', '/home/starry/isaac-data/isaacsim/apps', '--/renderer/activeGpu=0', '--/physics/cudaDevice=0', '--/plugins/carb.tasking.plugin/threadCount=12', '--/plugins/omni.tbb.globalcontrol/maxThreadCount=12', '--portable', '--no-window', '--/app/window/hideUi=1']
Passing the following args to the base kit application:  []
Warp 1.13.0 initialized:
   CUDA Toolkit 12.9, Driver 13.0
   Devices:
     "cpu"      : "x86_64"
     "cuda:0"   : "NVIDIA GeForce RTX 5070" (11 GiB, sm_120, mempool enabled)
   Kernel cache:
     /home/starry/.cache/warp/1.13.0
[LIGHTING] sun=800.0 (1) dome=0.0 (1) ambient=0.05 constant_color=(0.6, 0.65, 0.7)
[RENDER] mode=MinimalRendering minimal_shading_mode=2 anti_aliasing=TAA
[DEPTH CAMERAS] count=4 resolution_each=320x240 horizontal_coverage=360deg
[ESDF] path=/home/starry/isaac-data/EGO1P1/scenes/ego_swarm_cloud/occupancy.bin shape=(400, 300, 50) resolution=0.40m
[depth_angular_controller-1] [INFO] [1790693474.966234237] [depth_angular_controller]: WAITING_ODOMETRY
[NAV] t=0.0s position=(-64.00,-11.20,2.80) yaw=1.2deg command=(0.00,0.00,0.00) manual_active=0 collision_blocks=0
[depth_angular_controller-1] [INFO] [1790693475.342178008] [depth_angular_controller]: WAITING_VERIFIED_START_POSE
[depth_angular_controller-1] [INFO] [1790693475.379509141] [depth_angular_controller]: VERIFIED_FREE_SEED center=(-64.000,-11.200,2.800) radius=2.500 balls=1: verified fixed Cloud free ball; USD and occupancy SHA-256 matched
[depth_angular_controller-1] [INFO] [1790693475.379710429] [depth_angular_controller]: ZERO_INTENT
[depth_angular_controller-1] [INFO] [1790693477.325694373] [depth_angular_controller]: 3D guidance switched to view 0
[depth_angular_controller-1] [INFO] [1790693477.325743465] [depth_angular_controller]: DEPTH_PROPOSAL conservative_grid=64x48 measured_state=1 direction_only=1
[depth_angular_controller-1] [INFO] [1790693477.326708266] [depth_angular_controller]: DEPTH_PROPOSAL_CERTIFIED
[depth_angular_controller-1] [INFO] [1790693477.326716391] [depth_angular_controller]: PAPER_BUILD reason=FULL_MOTION_CERTIFICATE required=0.0000 best=0.0000 free=0 refined=0 tubes=0 revoked_tubes=0 proofs=0
[depth_angular_controller-1] [INFO] [1790693477.326723795] [depth_angular_controller]: PAPER_EVIDENCE retained=4 balls=1 revoked_balls=0 expired_views=0 evicted_views=0 radius=0.580 clearance=0.000 best_prefix=0.000
[depth_angular_controller-1] [INFO] [1790693478.317861849] [depth_angular_controller]: PAPER_BUILD reason=FULL_MOTION_CERTIFICATE required=0.0000 best=0.0000 free=0 refined=0 tubes=1 revoked_tubes=0 proofs=47
[depth_angular_controller-1] [INFO] [1790693478.317900001] [depth_angular_controller]: PAPER_EVIDENCE retained=8 balls=4 revoked_balls=0 expired_views=0 evicted_views=0 radius=0.580 clearance=0.000 best_prefix=0.000
[10.994s] [ext: isaacsim.sensors.rtx.nodes-0.1.2] startup
[11.002s] [ext: isaacsim.ros2.core-1.9.4] startup
[11.016s] Attempting to load system rclpy
[11.016s] Could not import system rclpy: No module named 'rclpy'
[11.016s] Attempting to load internal rclpy for ROS Distro: humble
[11.027s] rclpy loaded
[11.030s] [ext: isaacsim.ros2.nodes-1.18.13] startup
[11.065s] [ext: isaacsim.ros2.examples-1.2.4] startup
[11.069s] [ext: isaacsim.ros2.ui-1.6.5] startup
[11.292s] [ext: isaacsim.ros2.bridge-5.1.2] startup
2026-09-29T14:51:15Z [13,210ms] [Warning] [omni.timeline.plugin] Deprecated: direct use of ITimeline callbacks is deprecated. Use ITimeline::getTimeline (Python: omni.timeline.get_timeline_interface) instead.
[depth_angular_controller-1] [INFO] [1790693479.306945999] [depth_angular_controller]: PAPER_BUILD reason=FULL_MOTION_CERTIFICATE required=0.0000 best=0.0000 free=0 refined=0 tubes=4 revoked_tubes=0 proofs=97
[depth_angular_controller-1] [INFO] [1790693479.306986435] [depth_angular_controller]: PAPER_EVIDENCE retained=8 balls=15 revoked_balls=0 expired_views=0 evicted_views=0 radius=0.580 clearance=0.000 best_prefix=0.000
[position_cmd_to_twist-2] [INFO] [1790693480.279074741] [position_cmd_to_twist]: [PERF BRIDGE] run=iteration33_ego1p1_1 elapsed=18.64s received=246 published=246 fps(ros/wall)=50.00/49.81 controller_to_bridge_ms(mean/p50/p95/max)=0.000/0.000/0.000/0.000 bridge_process_ms(mean/p95/max)=0.090/0.107/0.152
[depth_angular_controller-1] [INFO] [1790693480.388376439] [depth_angular_controller]: [PERF CTRL] run=iteration33_ego1p1_1 elapsed=18.86s callbacks=250 commands=249 guidance=149 command_fps(ros/wall)=49.93/49.15 guidance_wall_fps=48.33 avoid_ms(mean/p50/p95/max)=0.743/0.845/1.006/1.391 cycle_ms(mean/p95/max)=20.348/34.105/79.996 depth_to_cmd_ms(mean/p95/max)=17.673/33.333/33.333 callback_to_publish_ms(mean/p95/max)=5.296/7.401/13.562
[NAV] t=5.0s position=(-60.40,-10.16,2.70) yaw=9.7deg command=(1.97,0.35,-0.00) manual_active=1 collision_blocks=0
[depth_angular_controller-1] [INFO] [1790693480.422958163] [depth_angular_controller]: PAPER_BUILD reason=FULL_MOTION_CERTIFICATE required=0.0000 best=0.0000 free=0 refined=0 tubes=8 revoked_tubes=0 proofs=128
[depth_angular_controller-1] [INFO] [1790693480.422992948] [depth_angular_controller]: PAPER_EVIDENCE retained=12 balls=31 revoked_balls=0 expired_views=0 evicted_views=0 radius=0.580 clearance=0.000 best_prefix=0.000
[depth_angular_controller-1] [INFO] [1790693481.612903626] [depth_angular_controller]: PAPER_BUILD reason=FULL_MOTION_CERTIFICATE required=0.0000 best=0.0000 free=0 refined=0 tubes=12 revoked_tubes=0 proofs=128
[depth_angular_controller-1] [INFO] [1790693481.612945875] [depth_angular_controller]: PAPER_EVIDENCE retained=12 balls=32 revoked_balls=0 expired_views=0 evicted_views=0 radius=0.580 clearance=0.000 best_prefix=0.000
[depth_angular_controller-1] [INFO] [1790693482.733069525] [depth_angular_controller]: PAPER_BUILD reason=FULL_MOTION_CERTIFICATE required=0.0000 best=0.0000 free=0 refined=0 tubes=16 revoked_tubes=0 proofs=128
[depth_angular_controller-1] [INFO] [1790693482.733104300] [depth_angular_controller]: PAPER_EVIDENCE retained=16 balls=32 revoked_balls=0 expired_views=0 evicted_views=0 radius=0.580 clearance=0.000 best_prefix=0.000
[depth_angular_controller-1] [INFO] [1790693483.918497220] [depth_angular_controller]: PAPER_BUILD reason=FULL_MOTION_CERTIFICATE required=0.0000 best=0.0000 free=0 refined=0 tubes=20 revoked_tubes=0 proofs=128
[depth_angular_controller-1] [INFO] [1790693483.918535682] [depth_angular_controller]: PAPER_EVIDENCE retained=16 balls=32 revoked_balls=0 expired_views=0 evicted_views=0 radius=0.580 clearance=0.000 best_prefix=0.000
[depth_angular_controller-1] [INFO] [1790693484.987890702] [depth_angular_controller]: PAPER_BUILD reason=FULL_MOTION_CERTIFICATE required=0.0000 best=0.0000 free=0 refined=0 tubes=24 revoked_tubes=0 proofs=128
[depth_angular_controller-1] [INFO] [1790693484.987929285] [depth_angular_controller]: PAPER_EVIDENCE retained=20 balls=32 revoked_balls=0 expired_views=0 evicted_views=0 radius=0.580 clearance=0.000 best_prefix=0.000
[depth_angular_controller-1] [INFO] [1790693485.393890425] [depth_angular_controller]: [PERF CTRL] run=iteration33_ego1p1_1 elapsed=23.87s callbacks=472 commands=471 guidance=371 command_fps(ros/wall)=50.00/46.76 guidance_wall_fps=45.86 avoid_ms(mean/p50/p95/max)=0.830/0.854/1.607/2.322 cycle_ms(mean/p95/max)=21.387/34.849/95.160 depth_to_cmd_ms(mean/p95/max)=17.790/33.333/33.333 callback_to_publish_ms(mean/p95/max)=6.732/10.172/13.562
[position_cmd_to_twist-2] [INFO] [1790693485.958639936] [position_cmd_to_twist]: [PERF BRIDGE] run=iteration33_ego1p1_1 elapsed=24.33s received=496 published=496 fps(ros/wall)=50.00/46.66 controller_to_bridge_ms(mean/p50/p95/max)=0.000/0.000/0.000/0.000 bridge_process_ms(mean/p95/max)=0.091/0.108/0.461
[NAV] t=10.0s position=(-50.56,-9.05,2.20) yaw=10.0deg command=(1.99,-0.17,-0.11) manual_active=1 collision_blocks=0
[depth_angular_controller-1] [INFO] [1790693486.048664981] [depth_angular_controller]: PAPER_BUILD reason=FULL_MOTION_CERTIFICATE required=0.0000 best=0.0000 free=0 refined=0 tubes=28 revoked_tubes=0 proofs=128
[depth_angular_controller-1] [INFO] [1790693486.048700357] [depth_angular_controller]: PAPER_EVIDENCE retained=20 balls=32 revoked_balls=0 expired_views=0 evicted_views=0 radius=0.580 clearance=0.000 best_prefix=0.000
[depth_angular_controller-1] [INFO] [1790693487.107521942] [depth_angular_controller]: PAPER_BUILD reason=FULL_MOTION_CERTIFICATE required=0.0000 best=0.0000 free=0 refined=0 tubes=32 revoked_tubes=0 proofs=128
[depth_angular_controller-1] [INFO] [1790693487.107562027] [depth_angular_controller]: PAPER_EVIDENCE retained=24 balls=32 revoked_balls=0 expired_views=0 evicted_views=0 radius=0.580 clearance=0.000 best_prefix=0.000
[depth_angular_controller-1] [INFO] [1790693488.178869722] [depth_angular_controller]: PAPER_BUILD reason=FULL_MOTION_CERTIFICATE required=0.0000 best=0.0000 free=0 refined=0 tubes=36 revoked_tubes=0 proofs=128
[depth_angular_controller-1] [INFO] [1790693488.178909166] [depth_angular_controller]: PAPER_EVIDENCE retained=24 balls=32 revoked_balls=0 expired_views=0 evicted_views=0 radius=0.580 clearance=0.000 best_prefix=0.000
[depth_angular_controller-1] [INFO] [1790693489.177022429] [depth_angular_controller]: PAPER_BUILD reason=FULL_MOTION_CERTIFICATE required=0.0000 best=0.0000 free=0 refined=0 tubes=40 revoked_tubes=0 proofs=128
[depth_angular_controller-1] [INFO] [1790693489.177057725] [depth_angular_controller]: PAPER_EVIDENCE retained=28 balls=32 revoked_balls=0 expired_views=0 evicted_views=0 radius=0.580 clearance=0.000 best_prefix=0.000
[depth_angular_controller-1] [INFO] [1790693490.293642354] [depth_angular_controller]: PAPER_BUILD reason=FULL_MOTION_CERTIFICATE required=0.0000 best=0.0000 free=0 refined=0 tubes=44 revoked_tubes=0 proofs=128
[depth_angular_controller-1] [INFO] [1790693490.293678071] [depth_angular_controller]: PAPER_EVIDENCE retained=28 balls=32 revoked_balls=0 expired_views=0 evicted_views=0 radius=0.580 clearance=0.000 best_prefix=0.000
[depth_angular_controller-1] [INFO] [1790693490.394787576] [depth_angular_controller]: [PERF CTRL] run=iteration33_ego1p1_1 elapsed=28.87s callbacks=707 commands=706 guidance=606 command_fps(ros/wall)=50.00/46.84 guidance_wall_fps=46.29 avoid_ms(mean/p50/p95/max)=1.000/0.932/1.939/6.278 cycle_ms(mean/p95/max)=21.351/34.845/95.160 depth_to_cmd_ms(mean/p95/max)=17.822/33.333/33.333 callback_to_publish_ms(mean/p95/max)=8.091/13.829/18.610
[position_cmd_to_twist-2] [INFO] [1790693491.328525567] [position_cmd_to_twist]: [PERF BRIDGE] run=iteration33_ego1p1_1 elapsed=29.70s received=746 published=746 fps(ros/wall)=50.00/46.63 controller_to_bridge_ms(mean/p50/p95/max)=0.179/0.000/0.000/16.667 bridge_process_ms(mean/p95/max)=0.093/0.111/0.461
[NAV] t=15.0s position=(-41.03,-8.56,2.97) yaw=10.7deg command=(1.81,0.76,0.34) manual_active=1 collision_blocks=0
[depth_angular_controller-1] [INFO] [1790693491.417336945] [depth_angular_controller]: PAPER_BUILD reason=FULL_MOTION_CERTIFICATE required=0.0000 best=0.0000 free=0 refined=0 tubes=48 revoked_tubes=0 proofs=128
[depth_angular_controller-1] [INFO] [1790693491.417372090] [depth_angular_controller]: PAPER_EVIDENCE retained=32 balls=32 revoked_balls=0 expired_views=0 evicted_views=0 radius=0.580 clearance=0.000 best_prefix=0.000
[depth_angular_controller-1] [INFO] [1790693492.543010188] [depth_angular_controller]: PAPER_BUILD reason=FULL_MOTION_CERTIFICATE required=0.0000 best=0.0000 free=0 refined=0 tubes=52 revoked_tubes=0 proofs=128
[depth_angular_controller-1] [INFO] [1790693492.543047518] [depth_angular_controller]: PAPER_EVIDENCE retained=32 balls=32 revoked_balls=0 expired_views=0 evicted_views=0 radius=0.580 clearance=0.000 best_prefix=0.000
[depth_angular_controller-1] [INFO] [1790693493.621227259] [depth_angular_controller]: PAPER_BUILD reason=FULL_MOTION_CERTIFICATE required=0.0000 best=0.0000 free=0 refined=0 tubes=57 revoked_tubes=0 proofs=128
[depth_angular_controller-1] [INFO] [1790693493.621261112] [depth_angular_controller]: PAPER_EVIDENCE retained=32 balls=32 revoked_balls=0 expired_views=0 evicted_views=4 radius=0.580 clearance=0.000 best_prefix=0.000
[depth_angular_controller-1] [INFO] [1790693494.675754925] [depth_angular_controller]: PAPER_BUILD reason=FULL_MOTION_CERTIFICATE required=0.0000 best=0.0000 free=0 refined=0 tubes=61 revoked_tubes=0 proofs=128
[depth_angular_controller-1] [INFO] [1790693494.675791554] [depth_angular_controller]: PAPER_EVIDENCE retained=32 balls=32 revoked_balls=0 expired_views=0 evicted_views=4 radius=0.580 clearance=0.000 best_prefix=0.000
[depth_angular_controller-1] [INFO] [1790693495.423429502] [depth_angular_controller]: [PERF CTRL] run=iteration33_ego1p1_1 elapsed=33.90s callbacks=939 commands=938 guidance=838 command_fps(ros/wall)=49.97/46.66 guidance_wall_fps=46.25 avoid_ms(mean/p50/p95/max)=0.998/1.004/1.874/6.278 cycle_ms(mean/p95/max)=21.431/34.849/95.816 depth_to_cmd_ms(mean/p95/max)=17.780/33.333/33.333 callback_to_publish_ms(mean/p95/max)=8.132/13.358/18.610
[depth_angular_controller-1] [INFO] [1790693495.734291745] [depth_angular_controller]: PAPER_BUILD reason=FULL_MOTION_CERTIFICATE required=0.0000 best=0.0000 free=0 refined=0 tubes=65 revoked_tubes=0 proofs=128
[depth_angular_controller-1] [INFO] [1790693495.734324156] [depth_angular_controller]: PAPER_EVIDENCE retained=32 balls=32 revoked_balls=0 expired_views=0 evicted_views=8 radius=0.580 clearance=0.000 best_prefix=0.000
[position_cmd_to_twist-2] [INFO] [1790693496.709275134] [position_cmd_to_twist]: [PERF BRIDGE] run=iteration33_ego1p1_1 elapsed=35.08s received=996 published=996 fps(ros/wall)=50.00/46.58 controller_to_bridge_ms(mean/p50/p95/max)=0.134/0.000/0.000/16.667 bridge_process_ms(mean/p95/max)=0.091/0.111/0.461
[NAV] t=20.0s position=(-32.80,-3.34,3.13) yaw=8.5deg command=(1.93,0.44,-0.08) manual_active=1 collision_blocks=0
[depth_angular_controller-1] [INFO] [1790693496.800132071] [depth_angular_controller]: PAPER_BUILD reason=FULL_MOTION_CERTIFICATE required=0.0000 best=0.0000 free=0 refined=0 tubes=69 revoked_tubes=0 proofs=128
[depth_angular_controller-1] [INFO] [1790693496.800167447] [depth_angular_controller]: PAPER_EVIDENCE retained=32 balls=32 revoked_balls=0 expired_views=0 evicted_views=8 radius=0.580 clearance=0.000 best_prefix=0.000
[depth_angular_controller-1] [INFO] [1790693497.881387463] [depth_angular_controller]: PAPER_BUILD reason=FULL_MOTION_CERTIFICATE required=0.0000 best=0.0000 free=0 refined=0 tubes=73 revoked_tubes=0 proofs=128
[depth_angular_controller-1] [INFO] [1790693497.881423801] [depth_angular_controller]: PAPER_EVIDENCE retained=32 balls=32 revoked_balls=0 expired_views=0 evicted_views=12 radius=0.580 clearance=0.000 best_prefix=0.000
[depth_angular_controller-1] [INFO] [1790693499.003836757] [depth_angular_controller]: PAPER_BUILD reason=FULL_MOTION_CERTIFICATE required=0.0000 best=0.0000 free=0 refined=0 tubes=77 revoked_tubes=0 proofs=128
[depth_angular_controller-1] [INFO] [1790693499.003871682] [depth_angular_controller]: PAPER_EVIDENCE retained=32 balls=32 revoked_balls=0 expired_views=0 evicted_views=12 radius=0.580 clearance=0.000 best_prefix=0.000
[depth_angular_controller-1] [INFO] [1790693500.076324716] [depth_angular_controller]: PAPER_BUILD reason=FULL_MOTION_CERTIFICATE required=0.0000 best=0.0000 free=0 refined=0 tubes=81 revoked_tubes=0 proofs=128
[depth_angular_controller-1] [INFO] [1790693500.076361074] [depth_angular_controller]: PAPER_EVIDENCE retained=32 balls=32 revoked_balls=0 expired_views=0 evicted_views=16 radius=0.580 clearance=0.000 best_prefix=0.000
[depth_angular_controller-1] [INFO] [1790693500.425832339] [depth_angular_controller]: [PERF CTRL] run=iteration33_ego1p1_1 elapsed=38.90s callbacks=1166 commands=1165 guidance=1065 command_fps(ros/wall)=49.99/46.40 guidance_wall_fps=46.06 avoid_ms(mean/p50/p95/max)=0.939/0.973/1.804/6.278 cycle_ms(mean/p95/max)=21.549/35.028/96.638 depth_to_cmd_ms(mean/p95/max)=17.825/33.333/33.333 callback_to_publish_ms(mean/p95/max)=8.295/12.709/18.610
[depth_angular_controller-1] [INFO] [1790693501.333645010] [depth_angular_controller]: PAPER_BUILD reason=FULL_MOTION_CERTIFICATE required=0.0000 best=0.0000 free=0 refined=0 tubes=85 revoked_tubes=0 proofs=128
[depth_angular_controller-1] [INFO] [1790693501.333679254] [depth_angular_controller]: PAPER_EVIDENCE retained=32 balls=32 revoked_balls=0 expired_views=0 evicted_views=16 radius=0.580 clearance=0.000 best_prefix=0.000
[position_cmd_to_twist-2] [INFO] [1790693502.239112410] [position_cmd_to_twist]: [PERF BRIDGE] run=iteration33_ego1p1_1 elapsed=40.61s received=1246 published=1246 fps(ros/wall)=50.00/46.30 controller_to_bridge_ms(mean/p50/p95/max)=0.107/0.000/0.000/16.667 bridge_process_ms(mean/p95/max)=0.091/0.111/0.461
[NAV] t=25.0s position=(-22.92,-1.84,3.05) yaw=8.5deg command=(1.98,0.30,-0.01) manual_active=1 collision_blocks=0
[depth_angular_controller-1] [INFO] [1790693502.394262795] [depth_angular_controller]: PAPER_BUILD reason=FULL_MOTION_CERTIFICATE required=0.0000 best=0.0000 free=0 refined=0 tubes=89 revoked_tubes=0 proofs=128
[depth_angular_controller-1] [INFO] [1790693502.394299043] [depth_angular_controller]: PAPER_EVIDENCE retained=32 balls=32 revoked_balls=0 expired_views=0 evicted_views=20 radius=0.580 clearance=0.000 best_prefix=0.000
[depth_angular_controller-1] [INFO] [1790693503.460836446] [depth_angular_controller]: PAPER_BUILD reason=FULL_MOTION_CERTIFICATE required=0.0000 best=0.0000 free=0 refined=0 tubes=93 revoked_tubes=0 proofs=128
[depth_angular_controller-1] [INFO] [1790693503.460871382] [depth_angular_controller]: PAPER_EVIDENCE retained=32 balls=32 revoked_balls=0 expired_views=0 evicted_views=20 radius=0.580 clearance=0.000 best_prefix=0.000
[depth_angular_controller-1] [INFO] [1790693504.513395409] [depth_angular_controller]: PAPER_BUILD reason=FULL_MOTION_CERTIFICATE required=0.0000 best=0.0000 free=0 refined=0 tubes=97 revoked_tubes=0 proofs=128
[depth_angular_controller-1] [INFO] [1790693504.513431977] [depth_angular_controller]: PAPER_EVIDENCE retained=32 balls=32 revoked_balls=0 expired_views=0 evicted_views=24 radius=0.580 clearance=0.000 best_prefix=0.000
[depth_angular_controller-1] [INFO] [1790693505.452225775] [depth_angular_controller]: [PERF CTRL] run=iteration33_ego1p1_1 elapsed=43.93s callbacks=1399 commands=1398 guidance=1298 command_fps(ros/wall)=49.98/46.40 guidance_wall_fps=46.11 avoid_ms(mean/p50/p95/max)=0.947/0.980/1.762/6.278 cycle_ms(mean/p95/max)=21.553/34.849/96.638 depth_to_cmd_ms(mean/p95/max)=17.758/33.333/33.333 callback_to_publish_ms(mean/p95/max)=8.375/12.065/18.610
[depth_angular_controller-1] [INFO] [1790693505.499795341] [depth_angular_controller]: PAPER_BUILD reason=FULL_MOTION_CERTIFICATE required=0.0000 best=0.0000 free=0 refined=0 tubes=101 revoked_tubes=0 proofs=128
[depth_angular_controller-1] [INFO] [1790693505.499827011] [depth_angular_controller]: PAPER_EVIDENCE retained=32 balls=32 revoked_balls=0 expired_views=0 evicted_views=24 radius=0.580 clearance=0.000 best_prefix=0.000
[depth_angular_controller-1] [INFO] [1790693506.550281764] [depth_angular_controller]: PAPER_BUILD reason=FULL_MOTION_CERTIFICATE required=0.0000 best=0.0000 free=0 refined=0 tubes=105 revoked_tubes=0 proofs=128
[depth_angular_controller-1] [INFO] [1790693506.550324094] [depth_angular_controller]: PAPER_EVIDENCE retained=32 balls=32 revoked_balls=0 expired_views=0 evicted_views=28 radius=0.580 clearance=0.000 best_prefix=0.000
[position_cmd_to_twist-2] [INFO] [1790693507.454682673] [position_cmd_to_twist]: [PERF BRIDGE] run=iteration33_ego1p1_1 elapsed=45.82s received=1496 published=1496 fps(ros/wall)=50.00/46.57 controller_to_bridge_ms(mean/p50/p95/max)=0.089/0.000/0.000/16.667 bridge_process_ms(mean/p95/max)=0.090/0.111/0.461
[NAV] t=30.0s position=(-13.30,-2.44,4.12) yaw=10.0deg command=(1.94,-0.30,0.35) manual_active=1 collision_blocks=0
[depth_angular_controller-1] [INFO] [1790693507.543715416] [depth_angular_controller]: PAPER_BUILD reason=FULL_MOTION_CERTIFICATE required=0.0000 best=0.0000 free=0 refined=0 tubes=109 revoked_tubes=0 proofs=128
[depth_angular_controller-1] [INFO] [1790693507.543751814] [depth_angular_controller]: PAPER_EVIDENCE retained=32 balls=32 revoked_balls=0 expired_views=0 evicted_views=28 radius=0.580 clearance=0.000 best_prefix=0.000
[depth_angular_controller-1] [INFO] [1790693508.526102999] [depth_angular_controller]: PAPER_BUILD reason=FULL_MOTION_CERTIFICATE required=0.0000 best=0.0000 free=0 refined=0 tubes=113 revoked_tubes=0 proofs=128
[depth_angular_controller-1] [INFO] [1790693508.526136713] [depth_angular_controller]: PAPER_EVIDENCE retained=32 balls=32 revoked_balls=0 expired_views=0 evicted_views=32 radius=0.580 clearance=0.000 best_prefix=0.000
[depth_angular_controller-1] [INFO] [1790693509.523522691] [depth_angular_controller]: PAPER_BUILD reason=FULL_MOTION_CERTIFICATE required=0.0000 best=0.0000 free=0 refined=0 tubes=117 revoked_tubes=0 proofs=128
[depth_angular_controller-1] [INFO] [1790693509.523563007] [depth_angular_controller]: PAPER_EVIDENCE retained=32 balls=32 revoked_balls=0 expired_views=0 evicted_views=32 radius=0.580 clearance=0.000 best_prefix=0.000
[depth_angular_controller-1] [INFO] [1790693510.480189929] [depth_angular_controller]: [PERF CTRL] run=iteration33_ego1p1_1 elapsed=48.96s callbacks=1641 commands=1640 guidance=1540 command_fps(ros/wall)=49.99/46.64 guidance_wall_fps=46.42 avoid_ms(mean/p50/p95/max)=0.944/1.006/1.707/6.278 cycle_ms(mean/p95/max)=21.439/34.830/96.638 depth_to_cmd_ms(mean/p95/max)=17.716/33.333/33.333 callback_to_publish_ms(mean/p95/max)=8.362/11.661/18.610
[depth_angular_controller-1] [INFO] [1790693510.691212520] [depth_angular_controller]: PAPER_BUILD reason=FULL_MOTION_CERTIFICATE required=0.0000 best=0.0000 free=0 refined=0 tubes=121 revoked_tubes=0 proofs=128
[depth_angular_controller-1] [INFO] [1790693510.691246724] [depth_angular_controller]: PAPER_EVIDENCE retained=32 balls=32 revoked_balls=0 expired_views=0 evicted_views=36 radius=0.580 clearance=0.000 best_prefix=0.000
[depth_angular_controller-1] [INFO] [1790693511.871442582] [depth_angular_controller]: PAPER_BUILD reason=FULL_MOTION_CERTIFICATE required=0.0000 best=0.0000 free=0 refined=0 tubes=125 revoked_tubes=0 proofs=128
[depth_angular_controller-1] [INFO] [1790693511.871479451] [depth_angular_controller]: PAPER_EVIDENCE retained=32 balls=32 revoked_balls=0 expired_views=0 evicted_views=36 radius=0.580 clearance=0.000 best_prefix=0.000
[position_cmd_to_twist-2] [INFO] [1790693512.766589876] [position_cmd_to_twist]: [PERF BRIDGE] run=iteration33_ego1p1_1 elapsed=51.14s received=1746 published=1746 fps(ros/wall)=50.00/46.64 controller_to_bridge_ms(mean/p50/p95/max)=0.076/0.000/0.000/16.667 bridge_process_ms(mean/p95/max)=0.089/0.110/0.461
[NAV] t=35.0s position=(-3.77,-4.18,3.32) yaw=12.8deg command=(1.91,-0.32,-0.47) manual_active=1 collision_blocks=0
[depth_angular_controller-1] [INFO] [1790693512.918045297] [depth_angular_controller]: PAPER_BUILD reason=FULL_MOTION_CERTIFICATE required=0.0000 best=0.0000 free=0 refined=0 tubes=129 revoked_tubes=0 proofs=128
[depth_angular_controller-1] [INFO] [1790693512.918080633] [depth_angular_controller]: PAPER_EVIDENCE retained=32 balls=32 revoked_balls=0 expired_views=0 evicted_views=40 radius=0.580 clearance=0.000 best_prefix=0.000
[depth_angular_controller-1] [INFO] [1790693514.032639069] [depth_angular_controller]: PAPER_BUILD reason=FULL_MOTION_CERTIFICATE required=0.0000 best=0.0000 free=0 refined=0 tubes=133 revoked_tubes=0 proofs=128
[depth_angular_controller-1] [INFO] [1790693514.032674336] [depth_angular_controller]: PAPER_EVIDENCE retained=32 balls=32 revoked_balls=0 expired_views=0 evicted_views=40 radius=0.580 clearance=0.000 best_prefix=0.000
[depth_angular_controller-1] [INFO] [1790693515.085466506] [depth_angular_controller]: PAPER_BUILD reason=FULL_MOTION_CERTIFICATE required=0.0000 best=0.0000 free=0 refined=0 tubes=137 revoked_tubes=0 proofs=128
[depth_angular_controller-1] [INFO] [1790693515.085502563] [depth_angular_controller]: PAPER_EVIDENCE retained=32 balls=32 revoked_balls=0 expired_views=0 evicted_views=44 radius=0.580 clearance=0.000 best_prefix=0.000
[depth_angular_controller-1] [INFO] [1790693515.489061675] [depth_angular_controller]: [PERF CTRL] run=iteration33_ego1p1_1 elapsed=53.96s callbacks=1872 commands=1871 guidance=1771 command_fps(ros/wall)=50.00/46.58 guidance_wall_fps=46.38 avoid_ms(mean/p50/p95/max)=0.956/1.006/1.694/6.278 cycle_ms(mean/p95/max)=21.469/34.841/96.638 depth_to_cmd_ms(mean/p95/max)=17.730/33.333/33.333 callback_to_publish_ms(mean/p95/max)=8.317/11.320/18.610
[depth_angular_controller-1] [INFO] [1790693516.157434820] [depth_angular_controller]: PAPER_BUILD reason=FULL_MOTION_CERTIFICATE required=0.0000 best=0.0000 free=0 refined=0 tubes=141 revoked_tubes=0 proofs=128
[depth_angular_controller-1] [INFO] [1790693516.157469064] [depth_angular_controller]: PAPER_EVIDENCE retained=32 balls=32 revoked_balls=0 expired_views=0 evicted_views=44 radius=0.580 clearance=0.000 best_prefix=0.000
[depth_angular_controller-1] [INFO] [1790693517.152988510] [depth_angular_controller]: PAPER_BUILD reason=FULL_MOTION_CERTIFICATE required=0.0000 best=0.0000 free=0 refined=0 tubes=145 revoked_tubes=0 proofs=128
[depth_angular_controller-1] [INFO] [1790693517.153026211] [depth_angular_controller]: PAPER_EVIDENCE retained=32 balls=32 revoked_balls=0 expired_views=0 evicted_views=48 radius=0.580 clearance=0.000 best_prefix=0.000
[position_cmd_to_twist-2] [INFO] [1790693518.168564593] [position_cmd_to_twist]: [PERF BRIDGE] run=iteration33_ego1p1_1 elapsed=56.54s received=1996 published=1996 fps(ros/wall)=50.00/46.59 controller_to_bridge_ms(mean/p50/p95/max)=0.067/0.000/0.000/16.667 bridge_process_ms(mean/p95/max)=0.089/0.110/0.461
[NAV] t=40.0s position=(6.01,-3.09,2.77) yaw=13.8deg command=(1.94,0.48,0.00) manual_active=1 collision_blocks=0
[depth_angular_controller-1] [INFO] [1790693518.321006515] [depth_angular_controller]: PAPER_BUILD reason=FULL_MOTION_CERTIFICATE required=0.0000 best=0.0000 free=0 refined=0 tubes=149 revoked_tubes=0 proofs=128
[depth_angular_controller-1] [INFO] [1790693518.321041651] [depth_angular_controller]: PAPER_EVIDENCE retained=32 balls=32 revoked_balls=0 expired_views=0 evicted_views=48 radius=0.580 clearance=0.000 best_prefix=0.000
[depth_angular_controller-1] [INFO] [1790693519.368385337] [depth_angular_controller]: PAPER_BUILD reason=FULL_MOTION_CERTIFICATE required=0.0000 best=0.0000 free=0 refined=0 tubes=153 revoked_tubes=0 proofs=128
[depth_angular_controller-1] [INFO] [1790693519.368419982] [depth_angular_controller]: PAPER_EVIDENCE retained=32 balls=32 revoked_balls=0 expired_views=0 evicted_views=52 radius=0.580 clearance=0.000 best_prefix=0.000
[depth_angular_controller-1] [INFO] [1790693520.407810192] [depth_angular_controller]: PAPER_BUILD reason=FULL_MOTION_CERTIFICATE required=0.0000 best=0.0000 free=0 refined=0 tubes=157 revoked_tubes=0 proofs=128
[depth_angular_controller-1] [INFO] [1790693520.407849687] [depth_angular_controller]: PAPER_EVIDENCE retained=32 balls=32 revoked_balls=0 expired_views=0 evicted_views=52 radius=0.580 clearance=0.000 best_prefix=0.000
[depth_angular_controller-1] [INFO] [1790693520.489549439] [depth_angular_controller]: [PERF CTRL] run=iteration33_ego1p1_1 elapsed=58.96s callbacks=2106 commands=2105 guidance=2005 command_fps(ros/wall)=50.00/46.60 guidance_wall_fps=46.43 avoid_ms(mean/p50/p95/max)=0.895/0.948/1.630/6.278 cycle_ms(mean/p95/max)=21.458/34.827/96.638 depth_to_cmd_ms(mean/p95/max)=17.814/33.333/33.333 callback_to_publish_ms(mean/p95/max)=8.354/11.274/18.610
[depth_angular_controller-1] [INFO] [1790693521.467455222] [depth_angular_controller]: PAPER_BUILD reason=FULL_MOTION_CERTIFICATE required=0.0000 best=0.0000 free=0 refined=0 tubes=161 revoked_tubes=0 proofs=128
[depth_angular_controller-1] [INFO] [1790693521.467489947] [depth_angular_controller]: PAPER_EVIDENCE retained=32 balls=32 revoked_balls=0 expired_views=0 evicted_views=56 radius=0.580 clearance=0.000 best_prefix=0.000
[depth_angular_controller-1] [INFO] [1790693522.570939928] [depth_angular_controller]: PAPER_BUILD reason=FULL_MOTION_CERTIFICATE required=0.0000 best=0.0000 free=0 refined=0 tubes=165 revoked_tubes=0 proofs=128
[depth_angular_controller-1] [INFO] [1790693522.570986105] [depth_angular_controller]: PAPER_EVIDENCE retained=32 balls=32 revoked_balls=0 expired_views=0 evicted_views=56 radius=0.580 clearance=0.000 best_prefix=0.000
[position_cmd_to_twist-2] [INFO] [1790693523.478138837] [position_cmd_to_twist]: [PERF BRIDGE] run=iteration33_ego1p1_1 elapsed=61.85s received=2246 published=2246 fps(ros/wall)=50.00/46.65 controller_to_bridge_ms(mean/p50/p95/max)=0.059/0.000/0.000/16.667 bridge_process_ms(mean/p95/max)=0.089/0.109/0.461
[NAV] t=45.0s position=(15.72,-0.70,2.78) yaw=13.8deg command=(1.94,0.48,0.00) manual_active=1 collision_blocks=0
[depth_angular_controller-1] [INFO] [1790693523.566979770] [depth_angular_controller]: PAPER_BUILD reason=FULL_MOTION_CERTIFICATE required=0.0000 best=0.0000 free=0 refined=0 tubes=169 revoked_tubes=0 proofs=128
[depth_angular_controller-1] [INFO] [1790693523.567013474] [depth_angular_controller]: PAPER_EVIDENCE retained=32 balls=32 revoked_balls=0 expired_views=0 evicted_views=60 radius=0.580 clearance=0.000 best_prefix=0.000
[depth_angular_controller-1] [INFO] [1790693524.678394758] [depth_angular_controller]: PAPER_BUILD reason=FULL_MOTION_CERTIFICATE required=0.0000 best=0.0000 free=0 refined=0 tubes=173 revoked_tubes=0 proofs=128
[depth_angular_controller-1] [INFO] [1790693524.678434112] [depth_angular_controller]: PAPER_EVIDENCE retained=32 balls=32 revoked_balls=0 expired_views=0 evicted_views=60 radius=0.580 clearance=0.000 best_prefix=0.000
[depth_angular_controller-1] [INFO] [1790693525.493776559] [depth_angular_controller]: [PERF CTRL] run=iteration33_ego1p1_1 elapsed=63.97s callbacks=2342 commands=2341 guidance=2241 command_fps(ros/wall)=50.00/46.66 guidance_wall_fps=46.50 avoid_ms(mean/p50/p95/max)=0.950/0.934/1.838/15.454 cycle_ms(mean/p95/max)=21.432/34.827/96.638 depth_to_cmd_ms(mean/p95/max)=17.857/33.333/33.333 callback_to_publish_ms(mean/p95/max)=8.362/11.275/22.958
[depth_angular_controller-1] [INFO] [1790693525.753621277] [depth_angular_controller]: PAPER_BUILD reason=FULL_MOTION_CERTIFICATE required=0.0000 best=0.0000 free=0 refined=0 tubes=177 revoked_tubes=0 proofs=128
[depth_angular_controller-1] [INFO] [1790693525.754371535] [depth_angular_controller]: PAPER_EVIDENCE retained=32 balls=32 revoked_balls=0 expired_views=0 evicted_views=64 radius=0.580 clearance=0.000 best_prefix=0.000
[depth_angular_controller-1] [INFO] [1790693526.882926756] [depth_angular_controller]: PAPER_BUILD reason=FULL_MOTION_CERTIFICATE required=0.0000 best=0.0000 free=0 refined=0 tubes=181 revoked_tubes=0 proofs=128
[depth_angular_controller-1] [INFO] [1790693526.882967994] [depth_angular_controller]: PAPER_EVIDENCE retained=32 balls=32 revoked_balls=0 expired_views=0 evicted_views=64 radius=0.580 clearance=0.000 best_prefix=0.000
[depth_angular_controller-1] [INFO] [1790693527.950611613] [depth_angular_controller]: PAPER_BUILD reason=FULL_MOTION_CERTIFICATE required=0.0000 best=0.0000 free=0 refined=0 tubes=185 revoked_tubes=0 proofs=128
[depth_angular_controller-1] [INFO] [1790693527.950652600] [depth_angular_controller]: PAPER_EVIDENCE retained=32 balls=32 revoked_balls=0 expired_views=0 evicted_views=68 radius=0.580 clearance=0.000 best_prefix=0.000
[position_cmd_to_twist-2] [INFO] [1790693528.860410571] [position_cmd_to_twist]: [PERF BRIDGE] run=iteration33_ego1p1_1 elapsed=67.23s received=2496 published=2496 fps(ros/wall)=50.00/46.63 controller_to_bridge_ms(mean/p50/p95/max)=0.207/0.000/0.000/16.667 bridge_process_ms(mean/p95/max)=0.090/0.111/0.461
[NAV] t=50.0s position=(25.18,1.99,1.46) yaw=13.3deg command=(1.93,0.48,-0.07) manual_active=1 collision_blocks=0
[depth_angular_controller-1] [INFO] [1790693528.952357343] [depth_angular_controller]: PAPER_BUILD reason=FULL_MOTION_CERTIFICATE required=0.0000 best=0.0000 free=0 refined=0 tubes=189 revoked_tubes=0 proofs=128
[depth_angular_controller-1] [INFO] [1790693528.952395715] [depth_angular_controller]: PAPER_EVIDENCE retained=32 balls=32 revoked_balls=0 expired_views=0 evicted_views=68 radius=0.580 clearance=0.000 best_prefix=0.000
[depth_angular_controller-1] [INFO] [1790693530.091126461] [depth_angular_controller]: PAPER_BUILD reason=FULL_MOTION_CERTIFICATE required=0.0000 best=0.0000 free=0 refined=0 tubes=193 revoked_tubes=0 proofs=128
[depth_angular_controller-1] [INFO] [1790693530.091168740] [depth_angular_controller]: PAPER_EVIDENCE retained=32 balls=32 revoked_balls=0 expired_views=0 evicted_views=72 radius=0.580 clearance=0.000 best_prefix=0.000
[depth_angular_controller-1] [INFO] [1790693530.497570046] [depth_angular_controller]: [PERF CTRL] run=iteration33_ego1p1_1 elapsed=68.97s callbacks=2572 commands=2571 guidance=2471 command_fps(ros/wall)=50.00/46.60 guidance_wall_fps=46.45 avoid_ms(mean/p50/p95/max)=1.007/0.978/1.901/15.454 cycle_ms(mean/p95/max)=21.461/34.880/96.638 depth_to_cmd_ms(mean/p95/max)=17.861/33.333/33.333 callback_to_publish_ms(mean/p95/max)=8.730/13.422/22.958
[depth_angular_controller-1] [INFO] [1790693531.098394012] [depth_angular_controller]: PAPER_BUILD reason=FULL_MOTION_CERTIFICATE required=0.0000 best=0.0000 free=0 refined=0 tubes=197 revoked_tubes=0 proofs=128
[depth_angular_controller-1] [INFO] [1790693531.098435420] [depth_angular_controller]: PAPER_EVIDENCE retained=32 balls=32 revoked_balls=0 expired_views=0 evicted_views=72 radius=0.580 clearance=0.000 best_prefix=0.000
[depth_angular_controller-1] [INFO] [1790693532.212028235] [depth_angular_controller]: PAPER_BUILD reason=FULL_MOTION_CERTIFICATE required=0.0000 best=0.0000 free=0 refined=0 tubes=201 revoked_tubes=0 proofs=128
[depth_angular_controller-1] [INFO] [1790693532.212069252] [depth_angular_controller]: PAPER_EVIDENCE retained=32 balls=32 revoked_balls=0 expired_views=0 evicted_views=76 radius=0.580 clearance=0.000 best_prefix=0.000
[depth_angular_controller-1] [INFO] [1790693533.440317671] [depth_angular_controller]: PAPER_BUILD reason=FULL_MOTION_CERTIFICATE required=0.0000 best=0.0000 free=0 refined=0 tubes=205 revoked_tubes=0 proofs=128
[depth_angular_controller-1] [INFO] [1790693533.440357145] [depth_angular_controller]: PAPER_EVIDENCE retained=32 balls=32 revoked_balls=0 expired_views=0 evicted_views=76 radius=0.580 clearance=0.000 best_prefix=0.000
[position_cmd_to_twist-2] [INFO] [1790693534.411774042] [position_cmd_to_twist]: [PERF BRIDGE] run=iteration33_ego1p1_1 elapsed=72.78s received=2746 published=2746 fps(ros/wall)=50.00/46.48 controller_to_bridge_ms(mean/p50/p95/max)=0.273/0.000/0.000/16.667 bridge_process_ms(mean/p95/max)=0.090/0.113/0.461
[NAV] t=55.0s position=(34.90,4.30,1.77) yaw=13.3deg command=(1.94,0.46,0.07) manual_active=1 collision_blocks=0
[depth_angular_controller-1] [INFO] [1790693534.506065432] [depth_angular_controller]: PAPER_BUILD reason=FULL_MOTION_CERTIFICATE required=0.0000 best=0.0000 free=0 refined=0 tubes=209 revoked_tubes=0 proofs=128
[depth_angular_controller-1] [INFO] [1790693534.506102111] [depth_angular_controller]: PAPER_EVIDENCE retained=32 balls=32 revoked_balls=0 expired_views=0 evicted_views=80 radius=0.580 clearance=0.000 best_prefix=0.000
[depth_angular_controller-1] [INFO] [1790693535.510859603] [depth_angular_controller]: [PERF CTRL] run=iteration33_ego1p1_1 elapsed=73.99s callbacks=2802 commands=2801 guidance=2701 command_fps(ros/wall)=50.00/46.54 guidance_wall_fps=46.40 avoid_ms(mean/p50/p95/max)=0.999/0.962/1.939/15.454 cycle_ms(mean/p95/max)=21.489/34.849/96.638 depth_to_cmd_ms(mean/p95/max)=17.814/33.333/33.333 callback_to_publish_ms(mean/p95/max)=8.872/13.635/22.958
[depth_angular_controller-1] [INFO] [1790693535.510910187] [depth_angular_controller]: PAPER_BUILD reason=FULL_MOTION_CERTIFICATE required=0.0000 best=0.0000 free=0 refined=0 tubes=213 revoked_tubes=0 proofs=128
[depth_angular_controller-1] [INFO] [1790693535.510917491] [depth_angular_controller]: PAPER_EVIDENCE retained=32 balls=32 revoked_balls=0 expired_views=0 evicted_views=80 radius=0.580 clearance=0.000 best_prefix=0.000
[depth_angular_controller-1] [INFO] [1790693536.555324426] [depth_angular_controller]: PAPER_BUILD reason=FULL_MOTION_CERTIFICATE required=0.0000 best=0.0000 free=0 refined=0 tubes=217 revoked_tubes=0 proofs=128
[depth_angular_controller-1] [INFO] [1790693536.555360263] [depth_angular_controller]: PAPER_EVIDENCE retained=32 balls=32 revoked_balls=0 expired_views=0 evicted_views=83 radius=0.580 clearance=0.000 best_prefix=0.000
[depth_angular_controller-1] [INFO] [1790693537.607537830] [depth_angular_controller]: PAPER_BUILD reason=FULL_MOTION_CERTIFICATE required=0.0000 best=0.0000 free=0 refined=0 tubes=221 revoked_tubes=0 proofs=128
[depth_angular_controller-1] [INFO] [1790693537.607574278] [depth_angular_controller]: PAPER_EVIDENCE retained=32 balls=32 revoked_balls=0 expired_views=0 evicted_views=83 radius=0.580 clearance=0.000 best_prefix=0.000
[depth_angular_controller-1] [INFO] [1790693538.656651096] [depth_angular_controller]: PAPER_BUILD reason=FULL_MOTION_CERTIFICATE required=0.0000 best=0.0000 free=0 refined=0 tubes=225 revoked_tubes=0 proofs=128
[depth_angular_controller-1] [INFO] [1790693538.656693215] [depth_angular_controller]: PAPER_EVIDENCE retained=32 balls=32 revoked_balls=0 expired_views=0 evicted_views=87 radius=0.580 clearance=0.000 best_prefix=0.000
[position_cmd_to_twist-2] [INFO] [1790693539.565599779] [position_cmd_to_twist]: [PERF BRIDGE] run=iteration33_ego1p1_1 elapsed=77.93s received=2996 published=2996 fps(ros/wall)=50.00/46.64 controller_to_bridge_ms(mean/p50/p95/max)=0.250/0.000/0.000/16.667 bridge_process_ms(mean/p95/max)=0.090/0.112/0.461
[NAV] t=60.0s position=(44.64,6.54,2.01) yaw=13.5deg command=(1.94,0.43,-0.18) manual_active=1 collision_blocks=0
[depth_angular_controller-1] [INFO] [1790693539.654884204] [depth_angular_controller]: PAPER_BUILD reason=FULL_MOTION_CERTIFICATE required=0.0000 best=0.0000 free=0 refined=0 tubes=229 revoked_tubes=0 proofs=128
[depth_angular_controller-1] [INFO] [1790693539.654924700] [depth_angular_controller]: PAPER_EVIDENCE retained=32 balls=32 revoked_balls=0 expired_views=0 evicted_views=87 radius=0.580 clearance=0.000 best_prefix=0.000
[depth_angular_controller-1] [INFO] [1790693540.526539274] [depth_angular_controller]: [PERF CTRL] run=iteration33_ego1p1_1 elapsed=79.00s callbacks=3045 commands=3044 guidance=2944 command_fps(ros/wall)=49.99/46.68 guidance_wall_fps=46.57 avoid_ms(mean/p50/p95/max)=0.965/0.916/1.905/15.454 cycle_ms(mean/p95/max)=21.421/34.841/96.638 depth_to_cmd_ms(mean/p95/max)=17.810/33.333/33.333 callback_to_publish_ms(mean/p95/max)=8.806/13.422/22.958
[depth_angular_controller-1] [INFO] [1790693540.658754440] [depth_angular_controller]: PAPER_BUILD reason=FULL_MOTION_CERTIFICATE required=0.0000 best=0.0000 free=0 refined=0 tubes=233 revoked_tubes=0 proofs=128
[depth_angular_controller-1] [INFO] [1790693540.658789346] [depth_angular_controller]: PAPER_EVIDENCE retained=32 balls=32 revoked_balls=0 expired_views=0 evicted_views=91 radius=0.580 clearance=0.000 best_prefix=0.000
[depth_angular_controller-1] [INFO] [1790693541.663230984] [depth_angular_controller]: PAPER_BUILD reason=FULL_MOTION_CERTIFICATE required=0.0000 best=0.0000 free=0 refined=0 tubes=237 revoked_tubes=0 proofs=128
[depth_angular_controller-1] [INFO] [1790693541.663266431] [depth_angular_controller]: PAPER_EVIDENCE retained=32 balls=32 revoked_balls=0 expired_views=0 evicted_views=91 radius=0.580 clearance=0.000 best_prefix=0.000
[depth_angular_controller-1] [INFO] [1790693542.663221260] [depth_angular_controller]: PAPER_BUILD reason=FULL_MOTION_CERTIFICATE required=0.0000 best=0.0000 free=0 refined=0 tubes=242 revoked_tubes=0 proofs=128
[depth_angular_controller-1] [INFO] [1790693542.663260073] [depth_angular_controller]: PAPER_EVIDENCE retained=32 balls=32 revoked_balls=0 expired_views=0 evicted_views=95 radius=0.580 clearance=0.000 best_prefix=0.000
[depth_angular_controller-1] [INFO] [1790693543.729125074] [depth_angular_controller]: PAPER_BUILD reason=FULL_MOTION_CERTIFICATE required=0.0000 best=0.0000 free=0 refined=0 tubes=246 revoked_tubes=0 proofs=128
[depth_angular_controller-1] [INFO] [1790693543.729162955] [depth_angular_controller]: PAPER_EVIDENCE retained=32 balls=32 revoked_balls=0 expired_views=0 evicted_views=95 radius=0.580 clearance=0.000 best_prefix=0.000
[position_cmd_to_twist-2] [INFO] [1790693544.684789490] [position_cmd_to_twist]: [PERF BRIDGE] run=iteration33_ego1p1_1 elapsed=83.05s received=3246 published=3246 fps(ros/wall)=50.00/46.80 controller_to_bridge_ms(mean/p50/p95/max)=0.231/0.000/0.000/16.667 bridge_process_ms(mean/p95/max)=0.090/0.112/0.461
[NAV] t=65.0s position=(54.31,8.94,2.20) yaw=13.1deg command=(1.94,0.45,0.12) manual_active=1 collision_blocks=0
[depth_angular_controller-1] [INFO] [1790693544.836253648] [depth_angular_controller]: PAPER_BUILD reason=FULL_MOTION_CERTIFICATE required=0.0000 best=0.0000 free=0 refined=0 tubes=250 revoked_tubes=0 proofs=128
[depth_angular_controller-1] [INFO] [1790693544.836289606] [depth_angular_controller]: PAPER_EVIDENCE retained=32 balls=32 revoked_balls=0 expired_views=0 evicted_views=99 radius=0.580 clearance=0.000 best_prefix=0.000
[depth_angular_controller-1] [INFO] [1790693545.544293779] [depth_angular_controller]: [PERF CTRL] run=iteration33_ego1p1_1 elapsed=84.02s callbacks=3284 commands=3283 guidance=3183 command_fps(ros/wall)=49.99/46.75 guidance_wall_fps=46.64 avoid_ms(mean/p50/p95/max)=0.985/0.906/2.005/15.454 cycle_ms(mean/p95/max)=21.390/34.845/96.638 depth_to_cmd_ms(mean/p95/max)=17.824/33.333/33.333 callback_to_publish_ms(mean/p95/max)=8.851/13.323/22.958
[depth_angular_controller-1] [INFO] [1790693545.948791242] [depth_angular_controller]: PAPER_BUILD reason=FULL_MOTION_CERTIFICATE required=0.0000 best=0.0000 free=0 refined=0 tubes=254 revoked_tubes=0 proofs=128
[depth_angular_controller-1] [INFO] [1790693545.948824996] [depth_angular_controller]: PAPER_EVIDENCE retained=32 balls=32 revoked_balls=0 expired_views=0 evicted_views=99 radius=0.580 clearance=0.000 best_prefix=0.000
[depth_angular_controller-1] [INFO] [1790693547.068421165] [depth_angular_controller]: PAPER_BUILD reason=FULL_MOTION_CERTIFICATE required=0.0000 best=0.0000 free=0 refined=0 tubes=256 revoked_tubes=0 proofs=128
[depth_angular_controller-1] [INFO] [1790693547.068459257] [depth_angular_controller]: PAPER_EVIDENCE retained=32 balls=32 revoked_balls=0 expired_views=0 evicted_views=103 radius=0.580 clearance=0.000 best_prefix=0.000
[depth_angular_controller-1] [INFO] [1790693548.060113940] [depth_angular_controller]: PAPER_BUILD reason=FULL_MOTION_CERTIFICATE required=0.0000 best=0.0000 free=0 refined=0 tubes=256 revoked_tubes=0 proofs=128
[depth_angular_controller-1] [INFO] [1790693548.060538918] [depth_angular_controller]: PAPER_EVIDENCE retained=32 balls=32 revoked_balls=0 expired_views=0 evicted_views=103 radius=0.580 clearance=0.000 best_prefix=0.000
[depth_angular_controller-1] [INFO] [1790693549.173979176] [depth_angular_controller]: PAPER_BUILD reason=FULL_MOTION_CERTIFICATE required=0.0000 best=0.0000 free=0 refined=0 tubes=256 revoked_tubes=0 proofs=128
[depth_angular_controller-1] [INFO] [1790693549.174019451] [depth_angular_controller]: PAPER_EVIDENCE retained=32 balls=32 revoked_balls=0 expired_views=0 evicted_views=107 radius=0.580 clearance=0.000 best_prefix=0.000
[position_cmd_to_twist-2] [INFO] [1790693550.078337234] [position_cmd_to_twist]: [PERF BRIDGE] run=iteration33_ego1p1_1 elapsed=88.45s received=3496 published=3496 fps(ros/wall)=50.00/46.77 controller_to_bridge_ms(mean/p50/p95/max)=0.215/0.000/0.000/16.667 bridge_process_ms(mean/p95/max)=0.090/0.111/0.461
[NAV] t=70.0s position=(63.47,11.08,2.77) yaw=13.1deg command=(0.96,0.22,0.06) manual_active=1 collision_blocks=0
[depth_angular_controller-1] [INFO] [1790693550.169399786] [depth_angular_controller]: PAPER_BUILD reason=FULL_MOTION_CERTIFICATE required=0.0000 best=0.0000 free=0 refined=0 tubes=256 revoked_tubes=0 proofs=128
[depth_angular_controller-1] [INFO] [1790693550.169435052] [depth_angular_controller]: PAPER_EVIDENCE retained=32 balls=32 revoked_balls=0 expired_views=0 evicted_views=107 radius=0.580 clearance=0.000 best_prefix=0.000
[depth_angular_controller-1] [INFO] [1790693550.237063049] [depth_angular_controller]: ZERO_INTENT
[depth_angular_controller-1] [INFO] [1790693550.575132417] [depth_angular_controller]: [PERF CTRL] run=iteration33_ego1p1_1 elapsed=89.05s callbacks=3519 commands=3518 guidance=3403 command_fps(ros/wall)=49.99/46.75 guidance_wall_fps=46.67 avoid_ms(mean/p50/p95/max)=0.948/0.840/1.985/15.454 cycle_ms(mean/p95/max)=21.391/34.841/96.638 depth_to_cmd_ms(mean/p95/max)=17.837/33.333/33.333 callback_to_publish_ms(mean/p95/max)=8.763/13.143/22.958
[BENCHMARK RESULT] ARRIVED sim=69.250s
[PERF ISAAC FINAL] run=iteration33_ego1p1_1 result=ARRIVED wall=76.57s sim_frames=4277 fps(sim/wall)=60.03/55.86 command_changes=2788 collision_blocks=0 frame_interval_ms(mean/p50/p95/max)=17.825/16.518/18.654/79.016
[89.703s] Simulation App Shutting Down
[depth_angular_controller-1] [INFO] [1790693552.204662245] [rclcpp]: signal_handler(SIGINT/SIGTERM)
[position_cmd_to_twist-2] [INFO] [1790693552.205411200] [position_cmd_to_twist]: [PERF BRIDGE FINAL] run=iteration33_ego1p1_1 elapsed=90.57s received=3562 published=3562 fps(ros/wall)=50.00/46.75 controller_to_bridge_ms(mean/p50/p95/max)=0.211/0.000/0.000/16.667 bridge_process_ms(mean/p95/max)=0.090/0.111/0.461
[position_cmd_to_twist-2] Failed to publish log message to rosout: publisher's context is invalid, at ./src/rcl/publisher.c:389
[depth_angular_controller-1] [INFO] [1790693552.205585387] [depth_angular_controller]: [PERF CTRL FINAL] run=iteration33_ego1p1_1 elapsed=90.68s callbacks=3563 commands=3562 guidance=3403 command_fps(ros/wall)=50.00/46.75 guidance_wall_fps=46.67 avoid_ms(mean/p50/p95/max)=0.948/0.840/1.985/15.454 cycle_ms(mean/p95/max)=21.392/34.841/96.638 depth_to_cmd_ms(mean/p95/max)=17.837/33.333/33.333 callback_to_publish_ms(mean/p95/max)=8.741/13.070/22.958
[INFO] [depth_angular_controller-1]: process has finished cleanly [pid 97155]
[INFO] [position_cmd_to_twist-2]: process has finished cleanly [pid 97157]
