[PERF] run=iteration32_ego1p1_1 log=/home/starry/isaac-data/EGO1P1/performance/navigation_benchmark_20260929/PERFORMANCE.md
[INPUT] mode=goal scene_mode=cloud
[INFO] [launch]: All log files can be found below /tmp/fov_gvf_ego1p1_isaac_ros_log/2026-09-29-22-12-04-700705-starry-System-Product-Name-88722
[INFO] [launch]: Default logging verbosity is set to INFO
[INFO] [depth_angular_controller-1]: process started with pid [88724]
[INFO] [position_cmd_to_twist-2]: process started with pid [88726]
[depth_angular_controller-1] [INFO] [1790691124.736939844] [depth_angular_controller]: C++ controller commands publish on /position_cmd; horizontal views=4
[ROS CHECK] ROS_DOMAIN_ID=42 /position_cmd publishers=1
Type: pc_gvf_msgs/msg/PositionCommand
Publisher count: 1
Subscription count: 1
/depth_angular_controller
/position_cmd_to_twist
WARNING: All log messages before absl::InitializeLog() is called are written to STDERR
E0000 00:00:1790691125.695843   88765 descriptor_database.cc:633] File already exists in database: grpc/health/v1/health.proto
W0000 00:00:1790691125.695871   88765 message.cc:301] Protobuf GeneratedMessageFactory: File is already registered: grpc/health/v1/health.proto
2026-09-29T14:12:05Z [Info] [carb] Logging to file: /home/starry/isaac-data/isaacsim/kit/logs/Kit/Isaac-Sim Python/6.0/kit_20260929_221205.log
[0.044s] [ext: omni.assets.plugins-0.0.0] startup
[0.045s] [ext: omni.blobkey-1.1.2] startup
[0.045s] [ext: omni.kit.async_engine-0.0.3] startup
[0.321s] [ext: omni.client.lib-1.1.1] startup
[0.329s] [ext: omni.client-1.3.0] startup
[0.331s] [ext: omni.protobuf.lib-1.0.0] startup
[0.332s] [ext: omni.grpc.lib-1.0.0] startup
[0.335s] [ext: omni.metrics.core-0.0.3] startup
[0.335s] [ext: omni.datastore-0.0.0] startup
[0.335s] [ext: omni.gpu_foundation.shadercache.vulkan-1.0.0] startup
[0.337s] [ext: omni.hsscclient-1.1.4] startup
[0.338s] [ext: omni.stats-1.0.1] startup
[0.338s] [ext: omni.ujitso.default-1.0.0] startup
[0.341s] [ext: omni.gpu_foundation-0.0.0] startup
[0.471s] [ext: carb.windowing.plugins-1.0.1] startup
[0.471s] [ext: omni.kit.renderer.init-1.0.1] startup
2026-09-29T14:12:06Z [674ms] [Warning] [omni.rtx] Skipping unsupported non-NVIDIA GPU: AMD Unknown (RADV RAPHAEL_MENDOCINO)
2026-09-29T14:12:06Z [674ms] [Warning] [omni.rtx] Skipping unsupported non-NVIDIA GPU: AMD Unknown (RADV RAPHAEL_MENDOCINO)

|---------------------------------------------------------------------------------------------|
| Driver Version: 580.178.04    | Graphics API: Vulkan
|=============================================================================================|
| GPU | Name                             | Active | LDA | GPU Memory | Vendor-ID | LUID       |
|     |                                  |        |     |            | Device-ID | UUID       |
|     |                                  |        |     |            | Bus-ID    |            |
|---------------------------------------------------------------------------------------------|
| 0   | NVIDIA GeForce RTX 5070          | Yes: 0 |     | 12227   MB | 10de      | 0          |
|     |                                  |        |     |            | 2f04      | 348d89fe.. |
|     |                                  |        |     |            | 1         |            |
|---------------------------------------------------------------------------------------------|
| 1   | AMD Unknown (RADV RAPHAEL_MEND.. |        |     | 10755   MB | 1002      | 0          |
|     |                                  |        |     |            | 13c0      | 00000000.. |
|     |                                  |        |     |            | c         |            |
|=============================================================================================|
| OS: 22.04.5 LTS (Jammy Jellyfish) ubuntu, Version: 22.04.5, Kernel: 6.8.0-138-generic
| XServer Vendor: The X.Org Foundation, XServer Version: 12101004 (1.21.1.4)
| Processor: AMD Ryzen 5 9600X 6-Core Processor
| Cores: 6 | Logical Cores: 12
|---------------------------------------------------------------------------------------------|
| Total Memory (MB): 31241 | Free Memory: 22954
| Total Page/Swap (MB): 15624 | Free Page/Swap: 15624
|---------------------------------------------------------------------------------------------|
2026-09-29T14:12:06Z [885ms] [Warning] [omni.rtx] CPU performance profile is set to powersave. This profile sets the CPU to the lowest frequency reducing performance.
2026-09-29T14:12:06Z [893ms] [Warning] [omni.rtx] IOMMU is enabled.
[0.994s] [ext: omni.kit.pipapi-0.0.0] startup
[0.995s] [ext: omni.kit.pip_archive-0.0.0] startup
[0.995s] [ext: isaacsim.pip.newton-0.6.1] startup
[0.995s] [ext: omni.pip.compute-1.9.2] startup
[0.996s] [ext: omni.isaac.core_archive-5.3.1] startup
[0.996s] [ext: omni.kit.telemetry-0.5.2] startup
[1.015s] [ext: omni.kit.loop-isaac-1.6.0] startup
[1.016s] [ext: omni.kit.test-2.0.7] startup
[1.068s] [ext: omni.materialx.libs-1.0.9] startup
[1.074s] [ext: omni.gpucompute.plugins-0.0.0] startup
[1.075s] [ext: omni.usd.config-1.0.7] startup
[1.078s] [ext: omni.usd.libs-1.0.3] startup
[1.134s] [ext: omni.iray.libs-0.0.1] startup
[1.137s] [ext: omni.mdl-57.0.3] startup
[1.198s] [ext: omni.mdl.neuraylib-0.2.20] startup
[1.200s] [ext: omni.kit.usd.mdl-1.1.9] startup
[1.287s] [ext: omni.appwindow-1.2.2] startup
[1.289s] [ext: omni.kit.renderer.core-1.2.2] startup
2026-09-29T14:12:11Z [6,516ms] [Warning] [carb.windowing-glfw.gamepad] Joystick with unknown remapping detected (will be ignored):  BEITONG BEITONG A2P3A BFM DONGLE [03000000bc2000001c51000011010000]
[6.548s] [ext: omni.kit.renderer.capture-2.0.1] startup
[6.549s] [ext: omni.kit.renderer.imgui-2.0.6] startup
[6.585s] [ext: omni.ui-3.2.0] startup
[6.592s] [ext: omni.kit.mainwindow-1.0.3] startup
[6.593s] [ext: carb.audio-0.1.0] startup
[6.595s] [ext: omni.uiaudio-1.0.0] startup
[6.596s] [ext: omni.kit.uiapp-0.0.0] startup
[6.596s] [ext: omni.usd.schema.metrics.assembler-110.1.0] startup
[6.598s] [ext: omni.usd.schema.audio-0.0.1] startup
[6.600s] [ext: omni.usd_resolver-1.0.0] startup
[6.602s] [ext: omni.usd.core-1.8.3] startup
[6.605s] [ext: omni.metropolis.schema-0.0.3] startup
[6.605s] [ext: isaacsim.anim.robot.schema-0.1.1] startup
[6.606s] [ext: omni.usd.schema.anim-0.0.1] startup
[6.618s] [ext: omni.usd.schema.geospatial-0.0.1] startup
[6.620s] [ext: omni.usd.schema.omnigraph-1.0.1] startup
[6.624s] [ext: omni.usd.schema.semantics-0.0.0] startup
[6.626s] [ext: omni.activity.core-1.0.3] startup
[6.627s] [ext: omni.cubric-0.1.0] startup
[6.627s] [ext: omni.graph.exec-0.9.6] startup
[6.627s] [ext: omni.hydra.scene_delegate-0.3.5] startup
[6.629s] [ext: usdrt.scenegraph-7.6.3] startup
[6.648s] [ext: omni.hydra.usdrt_delegate-7.5.2] startup
[6.651s] [ext: omni.inspect-1.0.2] startup
[6.652s] [ext: omni.kit.actions.core-1.0.0] startup
[6.653s] [ext: omni.kit.audiodeviceenum-1.0.2] startup
[6.654s] [ext: omni.kit.commands-1.5.0] startup
[6.657s] [ext: omni.kit.exec.core-0.13.5] startup
[6.658s] [ext: omni.kit.usd_undo-0.1.8] startup
[6.658s] [ext: omni.kit.window.popup_dialog-2.0.25] startup
[6.660s] [ext: omni.kit.widget.nucleus_connector-2.3.1] startup
[6.662s] [ext: omni.timeline-1.1.0] startup
[6.664s] [ext: omni.usd-1.16.0] startup
[6.688s] [ext: omni.graph.core-3.1.2] startup
[6.691s] [ext: omni.kit.notification_manager-1.0.11] startup
[6.692s] [ext: isaacsim.core.deprecation_manager-0.4.2] startup
[6.693s] [ext: isaacsim.replicator.agent.schema-0.1.1] startup
[6.694s] [ext: isaacsim.robot.schema-6.3.7] startup
[6.698s] [ext: isaacsim.robot_motion.schema-0.2.1] startup
[6.698s] [ext: omni.anim.behavior.schema-110.1.0] startup
[6.701s] [ext: omni.anim.graph.schema-110.1.1] startup
[6.706s] [ext: omni.anim.navigation.schema-110.1.0] startup
[6.708s] [ext: omni.behavior.tree.schema-110.1.0] startup
[6.709s] [ext: omni.isaac.ml_archive-3.3.0] startup
[6.709s] [ext: omni.kit.asset_converter-6.0.1] startup
[6.718s] [ext: omni.pip.cloud-1.5.4] startup
[6.720s] [ext: omni.usd.schema.flow-110.0.0] startup
[6.720s] [ext: omni.usd.schema.mujoco-1.1.1] startup
[6.720s] [ext: omni.usd.schema.newton-1.2.1] startup
[6.721s] [ext: omni.usd.schema.omni_lens_distortion-1.0.0] startup
[6.721s] [ext: omni.usd.schema.omni_projectors-1.0.0] startup
[6.722s] [ext: omni.usd.schema.omni_sensors-0.0.0] startup
[6.728s] [ext: omni.usd.schema.omniscripting-1.0.1] startup
[6.731s] [ext: omni.usd.schema.physical_lighting-0.1.0] startup
[6.733s] [ext: omni.usd.schema.physx-110.1.13] startup
[6.757s] [ext: omni.usd.schema.render_settings.rtx-1.0.2] startup
[6.759s] [ext: omni.usd.schema.usd_particle_field-1.0.0] startup
[6.760s] [ext: isaacsim.core.version-2.1.1] startup
[6.760s] [ext: omni.kit.menu.core-1.2.0] startup
[6.761s] [ext: omni.kit.menu.utils-2.2.4] startup
[6.766s] [ext: isaacsim.app.about-2.3.1] startup
[6.770s] [ext: isaacsim.asset.transformer-1.2.5] startup
[6.773s] [ext: omni.scene.optimizer.core-110.1.0] startup
[6.802s] [ext: isaacsim.asset.importer.utils-1.8.1] startup
[6.803s] [ext: omni.convexdecomposition-110.1.13] startup
[6.805s] [ext: omni.physics-110.1.13] startup
[6.807s] [ext: omni.physx.gpu-110.1.13] startup
[6.807s] [ext: omni.physx.foundation-110.1.13] startup
[6.808s] [ext: omni.usdphysics-110.1.13] startup
[6.810s] [ext: omni.physx.cooking-110.1.13] startup
[6.811s] [ext: omni.physx-110.1.13] startup
[6.818s] [ext: omni.physics.physx-110.1.13] startup
[6.819s] [ext: isaacsim.asset.exporter.urdf-2.0.5] startup
[6.825s] [ext: omni.kit.clipboard-1.1.1] startup
[6.826s] [ext: omni.kit.usd.layers-2.6.1] startup
[6.831s] [ext: omni.kit.widget.context_menu-1.4.0] startup
[6.832s] [ext: omni.kit.context_menu-1.9.0] startup
[6.833s] [ext: omni.kit.helper.file_utils-0.1.10] startup
[6.834s] [ext: omni.kit.widget.nucleus_info-2.0.2] startup
[6.835s] [ext: omni.kit.search_core-1.0.8] startup
[6.835s] [ext: omni.kit.widget.path_field-2.0.13] startup
[6.836s] [ext: omni.kit.widget.browser_bar-2.0.10] startup
[6.836s] [ext: omni.kit.widget.filebrowser-2.13.4] startup
[6.840s] [ext: omni.kit.widget.options_menu-1.1.6] startup
[6.841s] [ext: omni.kit.widget.options_button-1.0.3] startup
[6.842s] [ext: omni.kit.widget.search_delegate-1.0.9] startup
[6.843s] [ext: omni.ui.scene-2.0.3] startup
[6.846s] [ext: omni.kit.window.filepicker-2.15.5] startup
[6.855s] [ext: omni.kit.window.file_importer-1.1.21] startup
[6.857s] [ext: omni.kit.material.library-3.1.2] startup
[6.860s] [ext: isaacsim.asset.transformer.rules-1.7.10] startup
[6.868s] [ext: omni.usdex.libs-2.2.2] startup
[6.874s] [ext: isaacsim.asset.importer.mjcf-3.10.1] startup
[6.875s] [ext: isaacsim.asset.importer.urdf-3.11.2] startup
[6.878s] [ext: omni.kit.primitive.mesh-1.1.0] startup
[6.880s] [ext: omni.kit.stage_template.core-1.1.22] startup
[6.881s] [ext: omni.kit.stage_templates-2.0.2] startup
[6.882s] [ext: omni.usd.metrics.assembler-110.1.2] startup
[6.884s] [ext: omni.warp.core-1.13.0] startup
[7.067s] [ext: isaacsim.core.experimental.utils-0.17.2] startup
[7.067s] [ext: omni.physics.stageupdate-110.1.13] startup
[7.069s] [ext: omni.physics.tensors-110.1.13] startup
[7.073s] [ext: omni.physx.tensors-110.1.13] startup
[7.075s] [ext: isaacsim.core.simulation_manager-1.15.6] startup
[7.086s] [ext: isaacsim.storage.native-1.9.3] startup
[7.087s] [ext: omni.usd.metrics.assembler.physics-110.1.13] startup
[7.088s] [ext: isaacsim.core.utils-4.1.7] startup
[7.090s] [ext: isaacsim.core.prims-0.11.7] startup
[7.955s] [ext: isaacsim.core.api-5.2.13] startup
[7.961s] [ext: isaacsim.core.cloner-1.7.3] startup
[7.962s] [ext: isaacsim.test.docstring-1.3.2] startup
[7.964s] [ext: isaacsim.core.experimental.prims-1.8.9] startup
[7.981s] [ext: isaacsim.core.experimental.primdata-0.3.2] startup
[7.983s] [ext: omni.graph.tools-1.81.0] startup
[8.001s] [ext: omni.graph-1.142.5] startup
[8.032s] [ext: isaacsim.core.experimental.actuators-0.1.2] startup
[8.044s] [ext: isaacsim.core.experimental.materials-0.7.1] startup
[8.047s] [ext: isaacsim.core.experimental.objects-0.8.1] startup
[8.099s] [ext: omni.hydra.engine.stats-1.0.5] startup
[8.101s] [ext: omni.hydra.rtx.shadercache.vulkan-1.0.0] startup
[8.102s] [ext: omni.index.libs-387500.4413.0] startup
[8.102s] [ext: omni.index-1.0.1] startup
[8.102s] [ext: omni.ujitso.client-0.0.0] startup
[8.102s] [ext: omni.usd.schema.playback-1.0.0] startup
[8.105s] [ext: omni.volume-0.5.2] startup
[8.109s] [ext: omni.hydra.rtx-1.0.4] startup
2026-09-29T14:12:13Z [8,097ms] [Warning] [omni.log] Source: omni.hydra was already registered.
[8.129s] [ext: omni.kit.hydra_texture-1.6.0] startup
[8.132s] [ext: omni.kit.raycast.query-1.2.0] startup
[8.135s] [ext: omni.kit.viewport.legacy_gizmos-1.0.24] startup
[8.136s] [ext: omni.kit.viewport.registry-104.0.6] startup
[8.137s] [ext: omni.kit.viewport.scene_camera_model-1.0.7] startup
[8.139s] [ext: omni.kit.widget.viewport-109.2.0] startup
[8.143s] [ext: omni.kit.window.drop_support-1.0.8] startup
[8.143s] [ext: omni.kit.viewport.window-109.0.2] startup
[8.157s] [ext: omni.kit.viewport.utility-2.0.1] startup
[8.158s] [ext: isaacsim.core.rendering_manager-0.4.3] startup
[8.177s] [ext: omni.graph.action_core-1.1.9] startup
[8.179s] [ext: omni.graph.action_nodes_core-2.11.0] startup
[8.181s] [ext: omni.graph.action_nodes-2.11.0] startup
[8.197s] [ext: omni.graph.action-2.10.2] startup
[8.198s] [ext: omni.graph.image.core-0.6.1] startup
[8.198s] [ext: omni.graph.image.nodes-1.3.1] startup
[8.199s] [ext: omni.graph.nodes_core-2.11.0] startup
[8.203s] [ext: omni.graph.nodes-2.12.0] startup
[8.207s] [ext: omni.kit.hotkeys.core-1.3.12] startup
[8.208s] [ext: omni.kit.property.adapter.core-1.1.1] startup
[8.210s] [ext: omni.kit.property.adapter.usd-1.0.5] startup
[8.211s] [ext: omni.kit.widget.filter-1.1.5] startup
[8.212s] [ext: omni.kit.widget.highlight_label-1.0.3] startup
[8.213s] [ext: omni.kit.widget.searchfield-1.1.8] startup
[8.214s] [ext: omni.kit.window.file_exporter-1.0.36] startup
[8.215s] [ext: omni.kit.widget.stage-4.4.0] startup
[8.222s] [ext: omni.kit.window.content_browser_registry-0.0.6] startup
[8.222s] [ext: omni.kit.window.file-2.0.10] startup
[8.225s] [ext: omni.kit.window.content_browser-3.1.8] startup
[8.233s] [ext: omni.kit.window.property-1.15.1] startup
[8.243s] [ext: omni.kit.property.usd-4.9.4] startup
[8.252s] [ext: omni.graph.scriptnode-2.10.2] startup
[8.259s] [ext: omni.kit.widget.searchable_combobox-1.0.7] startup
[8.260s] [ext: omni.kit.widget.settings-2.0.0] startup
[8.262s] [ext: omni.kit.window.preferences-1.8.3] startup
[8.266s] [ext: omni.kit.viewport.menubar.core-107.2.2] startup
[8.276s] [ext: omni.syntheticdata-0.6.15] startup
[8.299s] [ext: omni.replicator.nv-1.1.1] startup
[8.303s] [ext: omni.videoencoding-0.2.1] startup
[8.305s] [ext: omni.replicator.core-1.13.27] startup
2026-09-29T14:12:13Z [8,290ms] [Warning] [pxr.Semantics] pxr.Semantics is deprecated - please use Semantics instead
2026-09-29T14:12:13Z [8,355ms] [Warning] [omni.replicator.core.scripts.extension] No material configuration file, adding configuration to material settings directly.
[8.500s] [ext: isaacsim.core.nodes-5.10.5] startup
[8.525s] [ext: isaacsim.core.throttling-2.3.5] startup
[8.526s] [ext: omni.kit.manipulator.viewport-107.0.1] startup
[8.527s] [ext: omni.graph.visualization.nodes-2.1.4] startup
[8.539s] [ext: omni.kit.window.extensions-1.5.10] startup
[8.544s] [ext: isaacsim.gui.components-1.8.5] startup
[8.548s] [ext: isaacsim.robot.surface_gripper-3.6.2] startup
[8.557s] [ext: isaacsim.robot.manipulators-3.4.4] startup
[8.566s] [ext: isaacsim.robot_motion.lula-4.1.3] startup
[8.571s] [ext: isaacsim.robot_motion.motion_generation-8.2.9] startup
[8.575s] [ext: isaacsim.cortex.framework-1.0.18] startup
[8.576s] [ext: isaacsim.cortex.behaviors-2.0.17] startup
[8.578s] [ext: isaacsim.examples.base-1.3.2] startup
[8.579s] [ext: omni.kit.widget.zoombar-1.0.7] startup
[8.580s] [ext: omni.kit.browser.core-2.3.18] startup
[8.582s] [ext: omni.kit.browser.folder.core-2.0.2] startup
[8.585s] [ext: omni.kit.widget.stage_icons-1.0.8] startup
[8.586s] [ext: omni.kit.window.stage-2.6.1] startup
[8.589s] [ext: omni.kit.menu.stage-1.2.7] startup
[8.590s] [ext: omni.kit.usd.collect-3.0.6] startup
[8.592s] [ext: omni.kit.widget.prompt-1.0.7] startup
[8.593s] [ext: omni.kit.tool.collect-2.2.19] startup
[8.594s] [ext: isaacsim.examples.browser-0.3.2] startup
[8.596s] [ext: omni.kit.search.files-1.0.4] startup
[8.597s] [ext: omni.kit.widget.calendar-1.0.9] startup
[8.598s] [ext: omni.kit.widget.extended_searchfield-1.0.31] startup
[8.604s] [ext: omni.simready.content.browser-0.3.7] startup
[8.689s] [ext: isaacsim.gui.content_browser-0.4.3] startup
[8.691s] [ext: omni.kit.selection-0.1.6] startup
[8.692s] [ext: isaacsim.gui.menu-2.10.5] startup
[8.699s] [ext: isaacsim.gui.property-1.6.4] startup
[8.705s] [ext: omni.kit.viewport.actions-110.0.0] startup
[8.709s] [ext: omni.kit.viewport.menubar.display-107.1.3] startup
[8.711s] [ext: isaacsim.gui.sensors.icon-2.2.1] startup
[8.713s] [ext: omni.behavior.scripting.core-110.1.0] startup
[8.716s] [ext: isaacsim.replicator.behavior-1.5.4] startup
[8.716s] [ext: isaacsim.replicator.experimental.domain_randomization-1.2.5] startup
[8.729s] [ext: isaacsim.replicator.domain_randomization-1.2.2] startup
[8.796s] [ext: isaacsim.replicator.writers-1.5.4] startup
[8.818s] [ext: isaacsim.robot.experimental.wheeled_robots-0.2.11] startup
[8.840s] [ext: isaacsim.robot.policy.examples-5.2.12] startup
[8.858s] [ext: isaacsim.robot.wheeled_robots-5.2.4] startup
[8.861s] [ext: isaacsim.robot.wheeled_robots.nodes-0.1.5] startup
[8.877s] [ext: isaacsim.robot_motion.experimental.motion_generation-6.1.3] startup
[8.887s] [ext: isaacsim.robot_motion.cumotion-1.3.1] startup
[8.899s] [ext: omni.kit.numpy.common-0.1.3] startup
[8.900s] [ext: isaacsim.sensors.camera-1.7.9] startup
[8.927s] [ext: isaacsim.sensors.experimental.physics-3.0.2] startup
[8.934s] [ext: omni.sensors.net-1.0.1] startup
[8.936s] [ext: omni.sensors.nv.common-3.0.0] startup
[8.945s] [ext: omni.sensors.nv.materials-2.0.0] startup
[8.947s] [ext: omni.sensors.nv.acoustic-3.0.0] startup
[8.949s] [ext: omni.sensors.nv.ids-2.0.1] startup
[8.950s] [ext: omni.sensors.nv.lidar-3.0.0] startup
[8.953s] [ext: omni.sensors.nv.radar-3.0.0] startup
[8.955s] [ext: isaacsim.sensors.experimental.rtx-1.4.6] startup
[9.190s] [ext: isaacsim.sensors.physics.nodes-1.5.3] startup
[9.195s] [ext: isaacsim.util.debug_draw-3.2.3] startup
[9.200s] [ext: isaacsim.sensors.physx-2.5.5] startup
[9.206s] [ext: isaacsim.sensors.rtx-15.17.1] startup
[9.215s] [ext: isaacsim.simulation_app-2.18.4] startup
[9.215s] [ext: omni.anim.curve.core-1.6.0] startup
[9.223s] [ext: omni.graph.ui_nodes-2.11.1] startup
[9.243s] [ext: omni.hydra.scene_api-0.1.3] startup
[9.246s] [ext: omni.kit.manipulator.camera-110.0.0] startup
[9.249s] [ext: omni.kit.manipulator.selector-1.1.4] startup
[9.250s] [ext: omni.kit.manipulator.transform-107.0.0] startup
[9.254s] [ext: omni.kit.widget.toolbar-2.1.0] startup
[9.259s] [ext: omni.kit.manipulator.tool.snap-1.5.14] startup
[9.262s] [ext: omni.kit.viewport.manipulator.transform-107.0.4] startup
[9.263s] [ext: omni.kit.manipulator.prim.core-108.0.2] startup
[9.268s] [ext: omni.kit.manipulator.prim.usd-107.0.3] startup
[9.269s] [ext: omni.kit.manipulator.prim-108.0.0] startup
[9.269s] [ext: omni.kit.manipulator.selection-109.0.1] startup
[9.270s] [ext: omni.kit.menu.create-2.0.2] startup
[9.272s] [ext: omni.kit.property.audio-1.0.16] startup
[9.274s] [ext: omni.kit.property.camera-1.0.14] startup
[9.276s] [ext: omni.kit.property.geometry-2.1.2] startup
[9.278s] [ext: omni.kit.property.light-1.0.14] startup
2026-09-29T14:12:14Z [9,280ms] [Warning] [omni.usd] Encountered USD Warnings but USD Diagnostics are currently muted. To view USD Warnings, please set the '/persistent/app/usd/muteUsdDiagnostics' setting to false in Preferences page.
[9.304s] [ext: omni.kit.property.material-1.14.6] startup
[9.309s] [ext: omni.kit.property.render-1.2.2] startup
[9.310s] [ext: omni.kit.property.transform-1.6.9] startup
[9.313s] [ext: omni.kit.property.bundle-1.5.1] startup
[9.314s] [ext: omni.kit.usdz_export-1.1.0] startup
[9.317s] [ext: omni.kit.tool.asset_importer-6.0.1] startup
[9.321s] [ext: omni.kit.ui.actions-1.0.5] startup
[9.323s] [ext: omni.kit.viewport.menubar.camera-107.0.10] startup
[9.327s] [ext: omni.kit.viewport.menubar.lighting-107.3.2] startup
[9.329s] [ext: omni.kit.viewport.menubar.render-110.0.0] startup
[9.331s] [ext: omni.kit.viewport.menubar.settings-110.0.1] startup
[9.334s] [ext: omni.kit.window.console-1.1.9] startup
[9.337s] [ext: omni.kit.window.status_bar-0.1.11] startup
[9.339s] [ext: omni.kit.window.toolbar-3.0.3] startup
[9.341s] [ext: omni.ocio-0.1.1] startup
[9.342s] [ext: omni.physx.commands-110.1.13] startup
[9.345s] [ext: omni.replicator.replicator_yaml-2.0.12] startup
[9.354s] [ext: omni.rtx.window.settings-0.8.0] startup
[9.358s] [ext: omni.rtx.settings.core-0.7.1] startup
[9.360s] [ext: omni.usd.metrics.assembler.ui-110.1.1] startup
[9.366s] [ext: semantics.schema.editor-2.0.2] startup
[9.369s] [ext: semantics.schema.property-2.0.2] startup
[9.370s] [ext: omni.kit.menu.common-2.0.2] startup
[9.371s] [ext: isaacsim.exp.base-6.0.1] startup
[9.371s] [ext: isaacsim.exp.base.python-6.0.1] startup
[9.372s] Simulation App Starting
[10.412s] Simulation App Startup Complete
[10.417s] app ready
Starting kit application with the following args:  ['/home/starry/isaac-data/isaacsim/exts/isaacsim.simulation_app/isaacsim/simulation_app/simulation_app.py', '/home/starry/isaac-data/isaacsim/apps/isaacsim.exp.base.python.kit', '--/app/tokens/exe-path=/home/starry/isaac-data/isaacsim/kit', '--/persistent/app/viewport/displayOptions=3094', '--/rtx/materialDb/syncLoads=True', '--/rtx/hydra/materialSyncLoads=True', '--/omni/kit/plugin/syncUsdLoads=True', '--/app/renderer/resolution/width=1280', '--/app/renderer/resolution/height=720', '--/app/window/width=1440', '--/app/window/height=900', '--/renderer/multiGpu/enabled=False', '--/app/fastShutdown=True', '--/app/installSignalHandlers=0', '--ext-folder', '/home/starry/isaac-data/isaacsim/exts', '--ext-folder', '/home/starry/isaac-data/isaacsim/apps', '--/renderer/activeGpu=0', '--/physics/cudaDevice=0', '--/plugins/carb.tasking.plugin/threadCount=12', '--/plugins/omni.tbb.globalcontrol/maxThreadCount=12', '--portable', '--no-window', '--/app/window/hideUi=1']
Passing the following args to the base kit application:  []
Warp 1.13.0 initialized:
   CUDA Toolkit 12.9, Driver 13.0
   Devices:
     "cpu"      : "x86_64"
     "cuda:0"   : "NVIDIA GeForce RTX 5070" (11 GiB, sm_120, mempool enabled)
   Kernel cache:
     /home/starry/.cache/warp/1.13.0
[LIGHTING] sun=800.0 (1) dome=0.0 (1) ambient=0.05 constant_color=(0.6, 0.65, 0.7)
[RENDER] mode=MinimalRendering minimal_shading_mode=2 anti_aliasing=TAA
[DEPTH CAMERAS] count=4 resolution_each=320x240 horizontal_coverage=360deg
[ESDF] path=/home/starry/isaac-data/EGO1P1/scenes/ego_swarm_cloud/occupancy.bin shape=(400, 300, 50) resolution=0.40m
[depth_angular_controller-1] [INFO] [1790691138.155238142] [depth_angular_controller]: WAITING_ODOMETRY
[NAV] t=0.0s position=(-64.00,-11.20,2.80) yaw=1.2deg command=(0.00,0.00,0.00) manual_active=0 collision_blocks=0
[depth_angular_controller-1] [INFO] [1790691138.526703819] [depth_angular_controller]: WAITING_VERIFIED_START_POSE
[depth_angular_controller-1] [INFO] [1790691138.563811313] [depth_angular_controller]: VERIFIED_FREE_SEED center=(-64.000,-11.200,2.800) radius=2.500 balls=1: verified fixed Cloud free ball; USD and occupancy SHA-256 matched
[depth_angular_controller-1] [INFO] [1790691138.563927902] [depth_angular_controller]: ZERO_INTENT
[depth_angular_controller-1] [INFO] [1790691140.379580665] [depth_angular_controller]: 3D guidance switched to view 0
[depth_angular_controller-1] [INFO] [1790691140.379635328] [depth_angular_controller]: DEPTH_PROPOSAL conservative_grid=64x48 measured_state=1 direction_only=1
[depth_angular_controller-1] [INFO] [1790691140.380695908] [depth_angular_controller]: DEPTH_PROPOSAL_CERTIFIED
[depth_angular_controller-1] [INFO] [1790691140.380710185] [depth_angular_controller]: PAPER_BUILD reason=FULL_MOTION_CERTIFICATE required=0.0000 best=0.0000 free=0 refined=0 tubes=0 revoked_tubes=0 proofs=0
[depth_angular_controller-1] [INFO] [1790691140.380718741] [depth_angular_controller]: PAPER_EVIDENCE retained=7 balls=1 revoked_balls=0 expired_views=0 evicted_views=0 radius=0.580 clearance=0.000 best_prefix=0.000
[10.946s] [ext: isaacsim.sensors.rtx.nodes-0.1.2] startup
[10.954s] [ext: isaacsim.ros2.core-1.9.4] startup
[10.967s] Attempting to load system rclpy
[10.968s] Could not import system rclpy: No module named 'rclpy'
[10.968s] Attempting to load internal rclpy for ROS Distro: humble
[10.979s] rclpy loaded
[10.982s] [ext: isaacsim.ros2.nodes-1.18.13] startup
[11.018s] [ext: isaacsim.ros2.examples-1.2.4] startup
[11.023s] [ext: isaacsim.ros2.ui-1.6.5] startup
[11.252s] [ext: isaacsim.ros2.bridge-5.1.2] startup
2026-09-29T14:12:18Z [13,183ms] [Warning] [omni.timeline.plugin] Deprecated: direct use of ITimeline callbacks is deprecated. Use ITimeline::getTimeline (Python: omni.timeline.get_timeline_interface) instead.
[depth_angular_controller-1] [INFO] [1790691141.678908267] [depth_angular_controller]: PAPER_BUILD reason=FULL_MOTION_CERTIFICATE required=0.0000 best=0.0000 free=0 refined=0 tubes=1 revoked_tubes=0 proofs=46
[depth_angular_controller-1] [INFO] [1790691141.678948262] [depth_angular_controller]: PAPER_EVIDENCE retained=11 balls=4 revoked_balls=0 expired_views=0 evicted_views=0 radius=0.580 clearance=0.000 best_prefix=0.000
[depth_angular_controller-1] [INFO] [1790691142.925265208] [depth_angular_controller]: PAPER_BUILD reason=FULL_MOTION_CERTIFICATE required=0.0000 best=0.0000 free=0 refined=0 tubes=4 revoked_tubes=0 proofs=94
[depth_angular_controller-1] [INFO] [1790691142.925302127] [depth_angular_controller]: PAPER_EVIDENCE retained=15 balls=15 revoked_balls=0 expired_views=0 evicted_views=0 radius=0.580 clearance=0.000 best_prefix=0.000
[depth_angular_controller-1] [INFO] [1790691143.527097386] [depth_angular_controller]: [PERF CTRL] run=iteration32_ego1p1_1 elapsed=18.79s callbacks=226 commands=225 guidance=125 command_fps(ros/wall)=49.96/44.80 guidance_wall_fps=39.40 avoid_ms(mean/p50/p95/max)=0.828/0.860/1.023/1.495 cycle_ms(mean/p95/max)=22.323/75.668/95.594 depth_to_cmd_ms(mean/p95/max)=29.867/33.333/33.333 callback_to_publish_ms(mean/p95/max)=5.592/7.438/13.567
[position_cmd_to_twist-2] [INFO] [1790691143.966146206] [position_cmd_to_twist]: [PERF BRIDGE] run=iteration32_ego1p1_1 elapsed=19.11s received=246 published=246 fps(ros/wall)=50.00/45.20 controller_to_bridge_ms(mean/p50/p95/max)=0.000/0.000/0.000/0.000 bridge_process_ms(mean/p95/max)=0.088/0.105/0.161
[NAV] t=5.0s position=(-60.35,-10.36,2.69) yaw=9.8deg command=(1.89,0.62,-0.16) manual_active=1 collision_blocks=0
[depth_angular_controller-1] [INFO] [1790691144.047722887] [depth_angular_controller]: PAPER_BUILD reason=FULL_MOTION_CERTIFICATE required=0.0000 best=0.0000 free=0 refined=0 tubes=8 revoked_tubes=0 proofs=128
[depth_angular_controller-1] [INFO] [1790691144.047764676] [depth_angular_controller]: PAPER_EVIDENCE retained=19 balls=30 revoked_balls=0 expired_views=0 evicted_views=0 radius=0.580 clearance=0.000 best_prefix=0.000
[depth_angular_controller-1] [INFO] [1790691145.187046717] [depth_angular_controller]: PAPER_BUILD reason=FULL_MOTION_CERTIFICATE required=0.0000 best=0.0000 free=0 refined=0 tubes=12 revoked_tubes=0 proofs=128
[depth_angular_controller-1] [INFO] [1790691145.187082334] [depth_angular_controller]: PAPER_EVIDENCE retained=23 balls=32 revoked_balls=0 expired_views=0 evicted_views=0 radius=0.580 clearance=0.000 best_prefix=0.000
[depth_angular_controller-1] [INFO] [1790691146.255621774] [depth_angular_controller]: PAPER_BUILD reason=FULL_MOTION_CERTIFICATE required=0.0000 best=0.0000 free=0 refined=0 tubes=16 revoked_tubes=0 proofs=128
[depth_angular_controller-1] [INFO] [1790691146.255665937] [depth_angular_controller]: PAPER_EVIDENCE retained=27 balls=32 revoked_balls=0 expired_views=0 evicted_views=0 radius=0.580 clearance=0.000 best_prefix=0.000
[depth_angular_controller-1] [INFO] [1790691147.390483640] [depth_angular_controller]: PAPER_BUILD reason=FULL_MOTION_CERTIFICATE required=0.0000 best=0.0000 free=0 refined=0 tubes=20 revoked_tubes=0 proofs=128
[depth_angular_controller-1] [INFO] [1790691147.390519538] [depth_angular_controller]: PAPER_EVIDENCE retained=31 balls=32 revoked_balls=0 expired_views=0 evicted_views=0 radius=0.580 clearance=0.000 best_prefix=0.000
[depth_angular_controller-1] [INFO] [1790691148.516663495] [depth_angular_controller]: PAPER_BUILD reason=FULL_MOTION_CERTIFICATE required=0.0000 best=0.0000 free=0 refined=0 tubes=24 revoked_tubes=0 proofs=128
[depth_angular_controller-1] [INFO] [1790691148.516708259] [depth_angular_controller]: PAPER_EVIDENCE retained=32 balls=32 revoked_balls=0 expired_views=0 evicted_views=3 radius=0.580 clearance=0.000 best_prefix=0.000
[depth_angular_controller-1] [INFO] [1790691148.535641928] [depth_angular_controller]: [PERF CTRL] run=iteration32_ego1p1_1 elapsed=23.80s callbacks=452 commands=451 guidance=351 command_fps(ros/wall)=50.00/44.96 guidance_wall_fps=42.91 avoid_ms(mean/p50/p95/max)=1.097/0.901/2.775/4.484 cycle_ms(mean/p95/max)=22.242/37.234/97.448 depth_to_cmd_ms(mean/p95/max)=29.440/33.333/33.333 callback_to_publish_ms(mean/p95/max)=7.757/12.600/18.819
[position_cmd_to_twist-2] [INFO] [1790691149.438456981] [position_cmd_to_twist]: [PERF BRIDGE] run=iteration32_ego1p1_1 elapsed=24.59s received=496 published=496 fps(ros/wall)=50.00/45.40 controller_to_bridge_ms(mean/p50/p95/max)=0.672/0.000/0.000/16.667 bridge_process_ms(mean/p95/max)=0.096/0.115/1.329
[NAV] t=10.0s position=(-50.53,-8.61,2.65) yaw=9.8deg command=(1.97,0.06,0.04) manual_active=1 collision_blocks=0
[depth_angular_controller-1] [INFO] [1790691149.530229155] [depth_angular_controller]: PAPER_BUILD reason=FULL_MOTION_CERTIFICATE required=0.0000 best=0.0000 free=0 refined=0 tubes=28 revoked_tubes=0 proofs=128
[depth_angular_controller-1] [INFO] [1790691149.530265683] [depth_angular_controller]: PAPER_EVIDENCE retained=32 balls=32 revoked_balls=0 expired_views=0 evicted_views=7 radius=0.580 clearance=0.000 best_prefix=0.000
[depth_angular_controller-1] [INFO] [1790691150.657580968] [depth_angular_controller]: PAPER_BUILD reason=FULL_MOTION_CERTIFICATE required=0.0000 best=0.0000 free=0 refined=0 tubes=32 revoked_tubes=0 proofs=128
[depth_angular_controller-1] [INFO] [1790691150.657615944] [depth_angular_controller]: PAPER_EVIDENCE retained=32 balls=32 revoked_balls=0 expired_views=0 evicted_views=11 radius=0.580 clearance=0.000 best_prefix=0.000
[depth_angular_controller-1] [INFO] [1790691151.730132357] [depth_angular_controller]: PAPER_BUILD reason=FULL_MOTION_CERTIFICATE required=0.0000 best=0.0000 free=0 refined=0 tubes=36 revoked_tubes=0 proofs=128
[depth_angular_controller-1] [INFO] [1790691151.730174967] [depth_angular_controller]: PAPER_EVIDENCE retained=32 balls=32 revoked_balls=0 expired_views=0 evicted_views=15 radius=0.580 clearance=0.000 best_prefix=0.000
[depth_angular_controller-1] [INFO] [1790691152.874091325] [depth_angular_controller]: PAPER_BUILD reason=FULL_MOTION_CERTIFICATE required=0.0000 best=0.0000 free=0 refined=0 tubes=41 revoked_tubes=0 proofs=128
[depth_angular_controller-1] [INFO] [1790691152.874132532] [depth_angular_controller]: PAPER_EVIDENCE retained=32 balls=32 revoked_balls=0 expired_views=0 evicted_views=18 radius=0.580 clearance=0.000 best_prefix=0.000
[depth_angular_controller-1] [INFO] [1790691153.536206756] [depth_angular_controller]: [PERF CTRL] run=iteration32_ego1p1_1 elapsed=28.80s callbacks=684 commands=683 guidance=583 command_fps(ros/wall)=49.96/45.44 guidance_wall_fps=44.24 avoid_ms(mean/p50/p95/max)=1.295/0.945/3.301/9.053 cycle_ms(mean/p95/max)=22.008/36.172/101.207 depth_to_cmd_ms(mean/p95/max)=29.417/33.333/33.333 callback_to_publish_ms(mean/p95/max)=9.255/15.198/23.065
[depth_angular_controller-1] [INFO] [1790691153.879010710] [depth_angular_controller]: PAPER_BUILD reason=FULL_MOTION_CERTIFICATE required=0.0000 best=0.0000 free=0 refined=0 tubes=45 revoked_tubes=0 proofs=128
[depth_angular_controller-1] [INFO] [1790691153.879042139] [depth_angular_controller]: PAPER_EVIDENCE retained=32 balls=32 revoked_balls=0 expired_views=0 evicted_views=22 radius=0.580 clearance=0.000 best_prefix=0.000
[position_cmd_to_twist-2] [INFO] [1790691154.859971936] [position_cmd_to_twist]: [PERF BRIDGE] run=iteration32_ego1p1_1 elapsed=30.02s received=746 published=746 fps(ros/wall)=50.00/45.63 controller_to_bridge_ms(mean/p50/p95/max)=0.536/0.000/0.000/16.667 bridge_process_ms(mean/p95/max)=0.099/0.122/1.329
[NAV] t=15.0s position=(-40.93,-9.16,3.14) yaw=11.0deg command=(1.95,0.43,0.01) manual_active=1 collision_blocks=0
[depth_angular_controller-1] [INFO] [1790691154.950849461] [depth_angular_controller]: PAPER_BUILD reason=FULL_MOTION_CERTIFICATE required=0.0000 best=0.0000 free=0 refined=0 tubes=49 revoked_tubes=0 proofs=128
[depth_angular_controller-1] [INFO] [1790691154.950883194] [depth_angular_controller]: PAPER_EVIDENCE retained=32 balls=32 revoked_balls=0 expired_views=0 evicted_views=26 radius=0.580 clearance=0.000 best_prefix=0.000
[depth_angular_controller-1] [INFO] [1790691156.016096834] [depth_angular_controller]: PAPER_BUILD reason=FULL_MOTION_CERTIFICATE required=0.0000 best=0.0000 free=0 refined=0 tubes=53 revoked_tubes=0 proofs=128
[depth_angular_controller-1] [INFO] [1790691156.016132891] [depth_angular_controller]: PAPER_EVIDENCE retained=32 balls=32 revoked_balls=0 expired_views=0 evicted_views=30 radius=0.580 clearance=0.000 best_prefix=0.000
[depth_angular_controller-1] [INFO] [1790691157.088977721] [depth_angular_controller]: PAPER_BUILD reason=FULL_MOTION_CERTIFICATE required=0.0000 best=0.0000 free=0 refined=0 tubes=57 revoked_tubes=0 proofs=128
[depth_angular_controller-1] [INFO] [1790691157.089015712] [depth_angular_controller]: PAPER_EVIDENCE retained=32 balls=32 revoked_balls=0 expired_views=0 evicted_views=34 radius=0.580 clearance=0.000 best_prefix=0.000
[depth_angular_controller-1] [INFO] [1790691158.217820692] [depth_angular_controller]: PAPER_BUILD reason=FULL_MOTION_CERTIFICATE required=0.0000 best=0.0000 free=0 refined=0 tubes=61 revoked_tubes=0 proofs=128
[depth_angular_controller-1] [INFO] [1790691158.217857992] [depth_angular_controller]: PAPER_EVIDENCE retained=32 balls=32 revoked_balls=0 expired_views=0 evicted_views=38 radius=0.580 clearance=0.000 best_prefix=0.000
[depth_angular_controller-1] [INFO] [1790691158.544271418] [depth_angular_controller]: [PERF CTRL] run=iteration32_ego1p1_1 elapsed=33.81s callbacks=915 commands=914 guidance=814 command_fps(ros/wall)=49.98/45.61 guidance_wall_fps=44.76 avoid_ms(mean/p50/p95/max)=1.259/1.082/3.060/9.053 cycle_ms(mean/p95/max)=21.925/35.958/101.207 depth_to_cmd_ms(mean/p95/max)=29.300/33.333/33.333 callback_to_publish_ms(mean/p95/max)=9.196/14.412/23.065
[depth_angular_controller-1] [INFO] [1790691159.342438275] [depth_angular_controller]: PAPER_BUILD reason=FULL_MOTION_CERTIFICATE required=0.0000 best=0.0000 free=0 refined=0 tubes=65 revoked_tubes=0 proofs=128
[depth_angular_controller-1] [INFO] [1790691159.342473111] [depth_angular_controller]: PAPER_EVIDENCE retained=32 balls=32 revoked_balls=0 expired_views=0 evicted_views=42 radius=0.580 clearance=0.000 best_prefix=0.000
[position_cmd_to_twist-2] [INFO] [1790691160.311302632] [position_cmd_to_twist]: [PERF BRIDGE] run=iteration32_ego1p1_1 elapsed=35.47s received=996 published=996 fps(ros/wall)=50.00/45.69 controller_to_bridge_ms(mean/p50/p95/max)=0.402/0.000/0.000/16.667 bridge_process_ms(mean/p95/max)=0.098/0.121/1.329
[NAV] t=20.0s position=(-32.80,-4.63,5.12) yaw=9.3deg command=(1.59,0.86,0.78) manual_active=1 collision_blocks=0
[depth_angular_controller-1] [INFO] [1790691160.402069990] [depth_angular_controller]: PAPER_BUILD reason=FULL_MOTION_CERTIFICATE required=0.0000 best=0.0000 free=0 refined=0 tubes=69 revoked_tubes=0 proofs=128
[depth_angular_controller-1] [INFO] [1790691160.402105266] [depth_angular_controller]: PAPER_EVIDENCE retained=32 balls=32 revoked_balls=0 expired_views=0 evicted_views=46 radius=0.580 clearance=0.000 best_prefix=0.000
[depth_angular_controller-1] [INFO] [1790691161.472704501] [depth_angular_controller]: PAPER_BUILD reason=FULL_MOTION_CERTIFICATE required=0.0000 best=0.0000 free=0 refined=0 tubes=73 revoked_tubes=0 proofs=128
[depth_angular_controller-1] [INFO] [1790691161.472739557] [depth_angular_controller]: PAPER_EVIDENCE retained=32 balls=32 revoked_balls=0 expired_views=0 evicted_views=50 radius=0.580 clearance=0.000 best_prefix=0.000
[depth_angular_controller-1] [INFO] [1790691162.524586654] [depth_angular_controller]: PAPER_BUILD reason=FULL_MOTION_CERTIFICATE required=0.0000 best=0.0000 free=0 refined=0 tubes=77 revoked_tubes=0 proofs=128
[depth_angular_controller-1] [INFO] [1790691162.524620938] [depth_angular_controller]: PAPER_EVIDENCE retained=32 balls=32 revoked_balls=0 expired_views=0 evicted_views=54 radius=0.580 clearance=0.000 best_prefix=0.000
[depth_angular_controller-1] [INFO] [1790691163.528498267] [depth_angular_controller]: PAPER_BUILD reason=FULL_MOTION_CERTIFICATE required=0.0000 best=0.0000 free=0 refined=0 tubes=81 revoked_tubes=0 proofs=128
[depth_angular_controller-1] [INFO] [1790691163.528535407] [depth_angular_controller]: PAPER_EVIDENCE retained=32 balls=32 revoked_balls=0 expired_views=0 evicted_views=58 radius=0.580 clearance=0.000 best_prefix=0.000
[depth_angular_controller-1] [INFO] [1790691163.546510448] [depth_angular_controller]: [PERF CTRL] run=iteration32_ego1p1_1 elapsed=38.81s callbacks=1153 commands=1152 guidance=1052 command_fps(ros/wall)=50.01/46.00 guidance_wall_fps=45.37 avoid_ms(mean/p50/p95/max)=1.248/1.097/2.921/9.053 cycle_ms(mean/p95/max)=21.737/35.730/101.207 depth_to_cmd_ms(mean/p95/max)=29.214/33.333/33.333 callback_to_publish_ms(mean/p95/max)=9.272/13.852/23.065
[depth_angular_controller-1] [INFO] [1790691164.649619329] [depth_angular_controller]: PAPER_BUILD reason=FULL_MOTION_CERTIFICATE required=0.0000 best=0.0000 free=0 refined=0 tubes=85 revoked_tubes=0 proofs=128
[depth_angular_controller-1] [INFO] [1790691164.649661839] [depth_angular_controller]: PAPER_EVIDENCE retained=32 balls=32 revoked_balls=0 expired_views=0 evicted_views=61 radius=0.580 clearance=0.000 best_prefix=0.000
[position_cmd_to_twist-2] [INFO] [1790691165.681277560] [position_cmd_to_twist]: [PERF BRIDGE] run=iteration32_ego1p1_1 elapsed=40.84s received=1246 published=1246 fps(ros/wall)=50.00/45.86 controller_to_bridge_ms(mean/p50/p95/max)=0.321/0.000/0.000/16.667 bridge_process_ms(mean/p95/max)=0.097/0.121/1.329
[NAV] t=25.0s position=(-23.28,-2.44,5.87) yaw=8.9deg command=(1.85,0.65,0.37) manual_active=1 collision_blocks=0
[depth_angular_controller-1] [INFO] [1790691165.775398822] [depth_angular_controller]: PAPER_BUILD reason=FULL_MOTION_CERTIFICATE required=0.0000 best=0.0000 free=0 refined=0 tubes=89 revoked_tubes=0 proofs=128
[depth_angular_controller-1] [INFO] [1790691165.775440129] [depth_angular_controller]: PAPER_EVIDENCE retained=32 balls=32 revoked_balls=0 expired_views=0 evicted_views=65 radius=0.580 clearance=0.000 best_prefix=0.000
[depth_angular_controller-1] [INFO] [1790691166.786309400] [depth_angular_controller]: PAPER_BUILD reason=FULL_MOTION_CERTIFICATE required=0.0000 best=0.0000 free=0 refined=0 tubes=94 revoked_tubes=0 proofs=128
[depth_angular_controller-1] [INFO] [1790691166.786350276] [depth_angular_controller]: PAPER_EVIDENCE retained=32 balls=32 revoked_balls=0 expired_views=0 evicted_views=69 radius=0.580 clearance=0.000 best_prefix=0.000
[depth_angular_controller-1] [INFO] [1790691168.160760794] [depth_angular_controller]: PAPER_BUILD reason=FULL_MOTION_CERTIFICATE required=0.0000 best=0.0000 free=0 refined=0 tubes=98 revoked_tubes=0 proofs=128
[depth_angular_controller-1] [INFO] [1790691168.160802683] [depth_angular_controller]: PAPER_EVIDENCE retained=32 balls=32 revoked_balls=0 expired_views=0 evicted_views=73 radius=0.580 clearance=0.000 best_prefix=0.000
[depth_angular_controller-1] [INFO] [1790691168.546888866] [depth_angular_controller]: [PERF CTRL] run=iteration32_ego1p1_1 elapsed=43.81s callbacks=1371 commands=1370 guidance=1270 command_fps(ros/wall)=49.99/45.60 guidance_wall_fps=45.05 avoid_ms(mean/p50/p95/max)=1.299/1.147/2.782/9.053 cycle_ms(mean/p95/max)=21.928/36.100/101.207 depth_to_cmd_ms(mean/p95/max)=29.239/33.333/33.333 callback_to_publish_ms(mean/p95/max)=9.641/14.373/23.065
[depth_angular_controller-1] [INFO] [1790691169.231162819] [depth_angular_controller]: PAPER_BUILD reason=FULL_MOTION_CERTIFICATE required=0.0000 best=0.0000 free=0 refined=0 tubes=102 revoked_tubes=0 proofs=128
[depth_angular_controller-1] [INFO] [1790691169.231197725] [depth_angular_controller]: PAPER_EVIDENCE retained=32 balls=32 revoked_balls=0 expired_views=0 evicted_views=77 radius=0.580 clearance=0.000 best_prefix=0.000
[depth_angular_controller-1] [INFO] [1790691170.311169158] [depth_angular_controller]: PAPER_BUILD reason=FULL_MOTION_CERTIFICATE required=0.0000 best=0.0000 free=0 refined=0 tubes=106 revoked_tubes=0 proofs=128
[depth_angular_controller-1] [INFO] [1790691170.311210555] [depth_angular_controller]: PAPER_EVIDENCE retained=32 balls=32 revoked_balls=0 expired_views=0 evicted_views=81 radius=0.580 clearance=0.000 best_prefix=0.000
[position_cmd_to_twist-2] [INFO] [1790691171.347851797] [position_cmd_to_twist]: [PERF BRIDGE] run=iteration32_ego1p1_1 elapsed=46.50s received=1496 published=1496 fps(ros/wall)=50.00/45.56 controller_to_bridge_ms(mean/p50/p95/max)=0.724/0.000/0.000/16.667 bridge_process_ms(mean/p95/max)=0.100/0.125/1.460
[NAV] t=30.0s position=(-13.64,-0.32,6.18) yaw=8.4deg command=(1.92,-0.09,0.19) manual_active=1 collision_blocks=0
[depth_angular_controller-1] [INFO] [1790691171.438568610] [depth_angular_controller]: PAPER_BUILD reason=FULL_MOTION_CERTIFICATE required=0.0000 best=0.0000 free=0 refined=0 tubes=110 revoked_tubes=0 proofs=128
[depth_angular_controller-1] [INFO] [1790691171.438603536] [depth_angular_controller]: PAPER_EVIDENCE retained=32 balls=32 revoked_balls=0 expired_views=0 evicted_views=85 radius=0.580 clearance=0.000 best_prefix=0.000
[depth_angular_controller-1] [INFO] [1790691172.559957074] [depth_angular_controller]: PAPER_BUILD reason=FULL_MOTION_CERTIFICATE required=0.0000 best=0.0000 free=0 refined=0 tubes=114 revoked_tubes=0 proofs=128
[depth_angular_controller-1] [INFO] [1790691172.559999754] [depth_angular_controller]: PAPER_EVIDENCE retained=32 balls=32 revoked_balls=0 expired_views=0 evicted_views=89 radius=0.580 clearance=0.000 best_prefix=0.000
[depth_angular_controller-1] [INFO] [1790691173.619137000] [depth_angular_controller]: [PERF CTRL] run=iteration32_ego1p1_1 elapsed=48.88s callbacks=1595 commands=1594 guidance=1494 command_fps(ros/wall)=49.99/45.39 guidance_wall_fps=44.92 avoid_ms(mean/p50/p95/max)=1.295/1.164/2.726/9.053 cycle_ms(mean/p95/max)=22.029/36.159/101.207 depth_to_cmd_ms(mean/p95/max)=29.016/33.333/33.333 callback_to_publish_ms(mean/p95/max)=9.863/15.620/23.065
[depth_angular_controller-1] [INFO] [1790691173.749892297] [depth_angular_controller]: PAPER_BUILD reason=FULL_MOTION_CERTIFICATE required=0.0000 best=0.0000 free=0 refined=0 tubes=118 revoked_tubes=0 proofs=128
[depth_angular_controller-1] [INFO] [1790691173.749925560] [depth_angular_controller]: PAPER_EVIDENCE retained=32 balls=32 revoked_balls=0 expired_views=0 evicted_views=93 radius=0.580 clearance=0.000 best_prefix=0.000
[depth_angular_controller-1] [INFO] [1790691174.745879881] [depth_angular_controller]: PAPER_BUILD reason=FULL_MOTION_CERTIFICATE required=0.0000 best=0.0000 free=0 refined=0 tubes=122 revoked_tubes=0 proofs=128
[depth_angular_controller-1] [INFO] [1790691174.745919005] [depth_angular_controller]: PAPER_EVIDENCE retained=32 balls=32 revoked_balls=0 expired_views=0 evicted_views=97 radius=0.580 clearance=0.000 best_prefix=0.000
[depth_angular_controller-1] [INFO] [1790691175.800082097] [depth_angular_controller]: PAPER_BUILD reason=FULL_MOTION_CERTIFICATE required=0.0000 best=0.0000 free=0 refined=0 tubes=126 revoked_tubes=0 proofs=128
[depth_angular_controller-1] [INFO] [1790691175.800116722] [depth_angular_controller]: PAPER_EVIDENCE retained=32 balls=32 revoked_balls=0 expired_views=0 evicted_views=101 radius=0.580 clearance=0.000 best_prefix=0.000
[position_cmd_to_twist-2] [INFO] [1790691176.755472610] [position_cmd_to_twist]: [PERF BRIDGE] run=iteration32_ego1p1_1 elapsed=51.91s received=1746 published=1746 fps(ros/wall)=50.00/45.66 controller_to_bridge_ms(mean/p50/p95/max)=0.620/0.000/0.000/16.667 bridge_process_ms(mean/p95/max)=0.098/0.123/1.460
[NAV] t=35.0s position=(-4.71,1.35,6.42) yaw=8.2deg command=(1.84,0.62,-0.17) manual_active=1 collision_blocks=0
[depth_angular_controller-1] [INFO] [1790691176.844632892] [depth_angular_controller]: PAPER_BUILD reason=FULL_MOTION_CERTIFICATE required=0.0000 best=0.0000 free=0 refined=0 tubes=130 revoked_tubes=0 proofs=128
[depth_angular_controller-1] [INFO] [1790691176.844671234] [depth_angular_controller]: PAPER_EVIDENCE retained=32 balls=32 revoked_balls=0 expired_views=0 evicted_views=105 radius=0.580 clearance=0.000 best_prefix=0.000
[depth_angular_controller-1] [INFO] [1790691177.840303391] [depth_angular_controller]: PAPER_BUILD reason=FULL_MOTION_CERTIFICATE required=0.0000 best=0.0000 free=0 refined=0 tubes=134 revoked_tubes=0 proofs=128
[depth_angular_controller-1] [INFO] [1790691177.840347374] [depth_angular_controller]: PAPER_EVIDENCE retained=32 balls=32 revoked_balls=0 expired_views=0 evicted_views=109 radius=0.580 clearance=0.000 best_prefix=0.000
[depth_angular_controller-1] [INFO] [1790691178.625626727] [depth_angular_controller]: [PERF CTRL] run=iteration32_ego1p1_1 elapsed=53.89s callbacks=1841 commands=1840 guidance=1740 command_fps(ros/wall)=50.00/45.86 guidance_wall_fps=45.47 avoid_ms(mean/p50/p95/max)=1.233/1.153/2.628/9.053 cycle_ms(mean/p95/max)=21.805/35.810/101.207 depth_to_cmd_ms(mean/p95/max)=29.090/33.333/33.333 callback_to_publish_ms(mean/p95/max)=9.587/15.243/23.065
[depth_angular_controller-1] [INFO] [1790691178.905038262] [depth_angular_controller]: PAPER_BUILD reason=FULL_MOTION_CERTIFICATE required=0.0000 best=0.0000 free=0 refined=0 tubes=138 revoked_tubes=0 proofs=128
[depth_angular_controller-1] [INFO] [1790691178.905070893] [depth_angular_controller]: PAPER_EVIDENCE retained=32 balls=32 revoked_balls=0 expired_views=0 evicted_views=113 radius=0.580 clearance=0.000 best_prefix=0.000
[depth_angular_controller-1] [INFO] [1790691179.907299809] [depth_angular_controller]: PAPER_BUILD reason=FULL_MOTION_CERTIFICATE required=0.0000 best=0.0000 free=0 refined=0 tubes=142 revoked_tubes=0 proofs=128
[depth_angular_controller-1] [INFO] [1790691179.907337640] [depth_angular_controller]: PAPER_EVIDENCE retained=32 balls=32 revoked_balls=0 expired_views=0 evicted_views=117 radius=0.580 clearance=0.000 best_prefix=0.000
[depth_angular_controller-1] [INFO] [1790691180.897012118] [depth_angular_controller]: PAPER_BUILD reason=FULL_MOTION_CERTIFICATE required=0.0000 best=0.0000 free=0 refined=0 tubes=146 revoked_tubes=0 proofs=128
[depth_angular_controller-1] [INFO] [1790691180.897049598] [depth_angular_controller]: PAPER_EVIDENCE retained=32 balls=32 revoked_balls=0 expired_views=0 evicted_views=121 radius=0.580 clearance=0.000 best_prefix=0.000
[position_cmd_to_twist-2] [INFO] [1790691181.791838359] [position_cmd_to_twist]: [PERF BRIDGE] run=iteration32_ego1p1_1 elapsed=56.95s received=1996 published=1996 fps(ros/wall)=50.00/46.12 controller_to_bridge_ms(mean/p50/p95/max)=0.543/0.000/0.000/16.667 bridge_process_ms(mean/p95/max)=0.097/0.121/1.460
[NAV] t=40.0s position=(5.14,2.85,5.88) yaw=8.1deg command=(1.98,0.28,-0.10) manual_active=1 collision_blocks=0
[depth_angular_controller-1] [INFO] [1790691181.883068085] [depth_angular_controller]: PAPER_BUILD reason=FULL_MOTION_CERTIFICATE required=0.0000 best=0.0000 free=0 refined=0 tubes=150 revoked_tubes=0 proofs=128
[depth_angular_controller-1] [INFO] [1790691181.883103011] [depth_angular_controller]: PAPER_EVIDENCE retained=32 balls=32 revoked_balls=0 expired_views=0 evicted_views=125 radius=0.580 clearance=0.000 best_prefix=0.000
[depth_angular_controller-1] [INFO] [1790691182.869903705] [depth_angular_controller]: PAPER_BUILD reason=FULL_MOTION_CERTIFICATE required=0.0000 best=0.0000 free=0 refined=0 tubes=154 revoked_tubes=0 proofs=128
[depth_angular_controller-1] [INFO] [1790691182.869939522] [depth_angular_controller]: PAPER_EVIDENCE retained=32 balls=32 revoked_balls=0 expired_views=0 evicted_views=129 radius=0.580 clearance=0.000 best_prefix=0.000
[depth_angular_controller-1] [INFO] [1790691183.635922054] [depth_angular_controller]: [PERF CTRL] run=iteration32_ego1p1_1 elapsed=58.90s callbacks=2088 commands=2087 guidance=1987 command_fps(ros/wall)=50.00/46.24 guidance_wall_fps=45.91 avoid_ms(mean/p50/p95/max)=1.179/1.135/2.541/9.053 cycle_ms(mean/p95/max)=21.625/35.343/101.207 depth_to_cmd_ms(mean/p95/max)=29.081/33.333/33.333 callback_to_publish_ms(mean/p95/max)=9.462/15.012/23.065
[depth_angular_controller-1] [INFO] [1790691183.975880568] [depth_angular_controller]: PAPER_BUILD reason=FULL_MOTION_CERTIFICATE required=0.0000 best=0.0000 free=0 refined=0 tubes=158 revoked_tubes=0 proofs=128
[depth_angular_controller-1] [INFO] [1790691183.975916966] [depth_angular_controller]: PAPER_EVIDENCE retained=32 balls=32 revoked_balls=0 expired_views=0 evicted_views=133 radius=0.580 clearance=0.000 best_prefix=0.000
[depth_angular_controller-1] [INFO] [1790691185.033780553] [depth_angular_controller]: PAPER_BUILD reason=FULL_MOTION_CERTIFICATE required=0.0000 best=0.0000 free=0 refined=0 tubes=162 revoked_tubes=0 proofs=128
[depth_angular_controller-1] [INFO] [1790691185.033820348] [depth_angular_controller]: PAPER_EVIDENCE retained=32 balls=32 revoked_balls=0 expired_views=0 evicted_views=137 radius=0.580 clearance=0.000 best_prefix=0.000
[depth_angular_controller-1] [INFO] [1790691186.093353337] [depth_angular_controller]: PAPER_BUILD reason=FULL_MOTION_CERTIFICATE required=0.0000 best=0.0000 free=0 refined=0 tubes=166 revoked_tubes=0 proofs=128
[depth_angular_controller-1] [INFO] [1790691186.093390787] [depth_angular_controller]: PAPER_EVIDENCE retained=32 balls=32 revoked_balls=0 expired_views=0 evicted_views=141 radius=0.580 clearance=0.000 best_prefix=0.000
[position_cmd_to_twist-2] [INFO] [1790691187.140752146] [position_cmd_to_twist]: [PERF BRIDGE] run=iteration32_ego1p1_1 elapsed=62.30s received=2246 published=2246 fps(ros/wall)=50.00/46.19 controller_to_bridge_ms(mean/p50/p95/max)=0.482/0.000/0.000/16.667 bridge_process_ms(mean/p95/max)=0.096/0.121/1.460
[NAV] t=45.0s position=(14.92,3.45,4.80) yaw=9.0deg command=(1.96,-0.16,-0.08) manual_active=1 collision_blocks=0
[depth_angular_controller-1] [INFO] [1790691187.232926915] [depth_angular_controller]: PAPER_BUILD reason=FULL_MOTION_CERTIFICATE required=0.0000 best=0.0000 free=0 refined=0 tubes=170 revoked_tubes=0 proofs=128
[depth_angular_controller-1] [INFO] [1790691187.232969044] [depth_angular_controller]: PAPER_EVIDENCE retained=32 balls=32 revoked_balls=0 expired_views=0 evicted_views=145 radius=0.580 clearance=0.000 best_prefix=0.000
[depth_angular_controller-1] [INFO] [1790691188.358476907] [depth_angular_controller]: PAPER_BUILD reason=FULL_MOTION_CERTIFICATE required=0.0000 best=0.0000 free=0 refined=0 tubes=174 revoked_tubes=0 proofs=128
[depth_angular_controller-1] [INFO] [1790691188.358513807] [depth_angular_controller]: PAPER_EVIDENCE retained=32 balls=32 revoked_balls=0 expired_views=0 evicted_views=148 radius=0.580 clearance=0.000 best_prefix=0.000
[depth_angular_controller-1] [INFO] [1790691188.644574619] [depth_angular_controller]: [PERF CTRL] run=iteration32_ego1p1_1 elapsed=63.91s callbacks=2316 commands=2315 guidance=2215 command_fps(ros/wall)=50.00/46.17 guidance_wall_fps=45.87 avoid_ms(mean/p50/p95/max)=1.188/1.140/2.452/9.053 cycle_ms(mean/p95/max)=21.658/35.343/101.207 depth_to_cmd_ms(mean/p95/max)=29.150/33.333/33.333 callback_to_publish_ms(mean/p95/max)=9.467/14.750/23.065
[depth_angular_controller-1] [INFO] [1790691189.356791649] [depth_angular_controller]: PAPER_BUILD reason=FULL_MOTION_CERTIFICATE required=0.0000 best=0.0000 free=0 refined=0 tubes=179 revoked_tubes=0 proofs=128
[depth_angular_controller-1] [INFO] [1790691189.356826925] [depth_angular_controller]: PAPER_EVIDENCE retained=32 balls=32 revoked_balls=0 expired_views=0 evicted_views=152 radius=0.580 clearance=0.000 best_prefix=0.000
[depth_angular_controller-1] [INFO] [1790691190.415821343] [depth_angular_controller]: PAPER_BUILD reason=FULL_MOTION_CERTIFICATE required=0.0000 best=0.0000 free=0 refined=0 tubes=183 revoked_tubes=0 proofs=128
[depth_angular_controller-1] [INFO] [1790691190.415858313] [depth_angular_controller]: PAPER_EVIDENCE retained=32 balls=32 revoked_balls=0 expired_views=0 evicted_views=156 radius=0.580 clearance=0.000 best_prefix=0.000
[depth_angular_controller-1] [INFO] [1790691191.542963484] [depth_angular_controller]: PAPER_BUILD reason=FULL_MOTION_CERTIFICATE required=0.0000 best=0.0000 free=0 refined=0 tubes=187 revoked_tubes=0 proofs=128
[depth_angular_controller-1] [INFO] [1790691191.543006003] [depth_angular_controller]: PAPER_EVIDENCE retained=32 balls=32 revoked_balls=0 expired_views=0 evicted_views=160 radius=0.580 clearance=0.000 best_prefix=0.000
[position_cmd_to_twist-2] [INFO] [1790691192.503536972] [position_cmd_to_twist]: [PERF BRIDGE] run=iteration32_ego1p1_1 elapsed=67.66s received=2496 published=2496 fps(ros/wall)=50.00/46.23 controller_to_bridge_ms(mean/p50/p95/max)=0.434/0.000/0.000/16.667 bridge_process_ms(mean/p95/max)=0.096/0.121/1.460
[NAV] t=50.0s position=(24.70,4.88,4.90) yaw=9.1deg command=(1.86,0.57,0.06) manual_active=1 collision_blocks=0
[depth_angular_controller-1] [INFO] [1790691192.654901803] [depth_angular_controller]: PAPER_BUILD reason=FULL_MOTION_CERTIFICATE required=0.0000 best=0.0000 free=0 refined=0 tubes=191 revoked_tubes=0 proofs=128
[depth_angular_controller-1] [INFO] [1790691192.654938853] [depth_angular_controller]: PAPER_EVIDENCE retained=32 balls=32 revoked_balls=0 expired_views=0 evicted_views=164 radius=0.580 clearance=0.000 best_prefix=0.000
[depth_angular_controller-1] [INFO] [1790691193.653690203] [depth_angular_controller]: [PERF CTRL] run=iteration32_ego1p1_1 elapsed=68.92s callbacks=2545 commands=2544 guidance=2444 command_fps(ros/wall)=49.99/46.13 guidance_wall_fps=45.86 avoid_ms(mean/p50/p95/max)=1.185/1.140/2.426/9.053 cycle_ms(mean/p95/max)=21.678/35.452/101.207 depth_to_cmd_ms(mean/p95/max)=29.153/33.333/50.000 callback_to_publish_ms(mean/p95/max)=9.453/14.441/23.065
[depth_angular_controller-1] [INFO] [1790691193.788487274] [depth_angular_controller]: PAPER_BUILD reason=FULL_MOTION_CERTIFICATE required=0.0000 best=0.0000 free=0 refined=0 tubes=195 revoked_tubes=0 proofs=128
[depth_angular_controller-1] [INFO] [1790691193.788525466] [depth_angular_controller]: PAPER_EVIDENCE retained=32 balls=32 revoked_balls=0 expired_views=0 evicted_views=168 radius=0.580 clearance=0.000 best_prefix=0.000
[depth_angular_controller-1] [INFO] [1790691195.058392695] [depth_angular_controller]: COMPUTE_DEADLINE
[depth_angular_controller-1] [INFO] [1790691195.058428211] [depth_angular_controller]: PAPER_BUILD reason=STATE_DIRECTION_UNCERTIFIED required=2.0136 best=8.0717 free=869 refined=1 tubes=199 revoked_tubes=0 proofs=128
[depth_angular_controller-1] [INFO] [1790691195.058436026] [depth_angular_controller]: PAPER_EVIDENCE retained=28 balls=32 revoked_balls=0 expired_views=0 evicted_views=169 radius=0.580 clearance=0.000 best_prefix=8.072
[position_cmd_to_twist-2] [INFO] [1790691197.658412800] [position_cmd_to_twist]: [PERF BRIDGE] run=iteration32_ego1p1_1 elapsed=72.81s received=2597 published=2595 fps(ros/wall)=49.65/45.54 controller_to_bridge_ms(mean/p50/p95/max)=0.738/0.000/0.000/450.000 bridge_process_ms(mean/p95/max)=0.096/0.122/1.460
[NAV] t=55.0s position=(29.54,6.03,7.10) yaw=8.5deg command=(0.00,0.00,0.00) manual_active=1 collision_blocks=0
[depth_angular_controller-1] [INFO] [1790691198.365757726] [depth_angular_controller]: PAPER_BUILD reason=STATE_DIRECTION_UNCERTIFIED required=0.7249 best=8.0717 free=1037 refined=1 tubes=199 revoked_tubes=0 proofs=128
[depth_angular_controller-1] [INFO] [1790691198.365792051] [depth_angular_controller]: PAPER_EVIDENCE retained=32 balls=32 revoked_balls=0 expired_views=0 evicted_views=169 radius=0.580 clearance=0.000 best_prefix=8.072
[depth_angular_controller-1] [INFO] [1790691198.761934656] [depth_angular_controller]: [PERF CTRL] run=iteration32_ego1p1_1 elapsed=74.02s callbacks=2602 commands=2601 guidance=2501 command_fps(ros/wall)=46.46/43.16 guidance_wall_fps=42.82 avoid_ms(mean/p50/p95/max)=2.806/1.147/2.445/2866.429 cycle_ms(mean/p95/max)=23.167/35.667/2872.296 depth_to_cmd_ms(mean/p95/max)=29.148/33.333/50.000 callback_to_publish_ms(mean/p95/max)=11.014/14.516/2872.226
[depth_angular_controller-1] [INFO] [1790691199.304671510] [depth_angular_controller]: PAPER_BUILD reason=READY required=0.0100 best=0.5092 free=14 refined=0 tubes=199 revoked_tubes=0 proofs=128
[depth_angular_controller-1] [INFO] [1790691199.304709401] [depth_angular_controller]: PAPER_EVIDENCE retained=32 balls=32 revoked_balls=0 expired_views=0 evicted_views=173 radius=0.580 clearance=0.069 best_prefix=0.509
[depth_angular_controller-1] [INFO] [1790691199.585384337] [depth_angular_controller]: TARGET_HOLD
[depth_angular_controller-1] [INFO] [1790691199.705931437] [depth_angular_controller]: COMPUTE_DEADLINE
[depth_angular_controller-1] [INFO] [1790691199.733684577] [depth_angular_controller]: TARGET_HOLD
[depth_angular_controller-1] [INFO] [1790691199.908590554] [depth_angular_controller]: COMPUTE_DEADLINE
[depth_angular_controller-1] [INFO] [1790691200.495904829] [depth_angular_controller]: PAPER_BUILD reason=READY required=0.0100 best=0.5092 free=21 refined=0 tubes=200 revoked_tubes=0 proofs=128
[depth_angular_controller-1] [INFO] [1790691200.495948822] [depth_angular_controller]: PAPER_EVIDENCE retained=32 balls=32 revoked_balls=0 expired_views=0 evicted_views=173 radius=0.580 clearance=0.031 best_prefix=0.509
[depth_angular_controller-1] [INFO] [1790691201.410466765] [depth_angular_controller]: PAPER_BUILD reason=READY required=0.0100 best=0.5092 free=21 refined=0 tubes=200 revoked_tubes=0 proofs=128
[depth_angular_controller-1] [INFO] [1790691201.410511619] [depth_angular_controller]: PAPER_EVIDENCE retained=32 balls=32 revoked_balls=0 expired_views=0 evicted_views=173 radius=0.580 clearance=0.031 best_prefix=0.509
[depth_angular_controller-1] [INFO] [1790691201.566938359] [depth_angular_controller]: TARGET_HOLD
[depth_angular_controller-1] [INFO] [1790691201.718558640] [depth_angular_controller]: COMPUTE_DEADLINE
[position_cmd_to_twist-2] [INFO] [1790691202.416718891] [position_cmd_to_twist]: [PERF BRIDGE] run=iteration32_ego1p1_1 elapsed=77.57s received=2628 published=2603 fps(ros/wall)=44.08/40.83 controller_to_bridge_ms(mean/p50/p95/max)=3.387/0.000/0.000/2950.000 bridge_process_ms(mean/p95/max)=0.096/0.122/1.460
[depth_angular_controller-1] [INFO] [1790691202.432058226] [depth_angular_controller]: PAPER_BUILD reason=READY required=0.0100 best=0.5092 free=23 refined=0 tubes=200 revoked_tubes=0 proofs=128
[depth_angular_controller-1] [INFO] [1790691202.432106907] [depth_angular_controller]: PAPER_EVIDENCE retained=32 balls=32 revoked_balls=0 expired_views=0 evicted_views=173 radius=0.580 clearance=0.034 best_prefix=0.509
[NAV] t=60.0s position=(29.54,6.04,7.09) yaw=8.5deg command=(0.00,0.00,0.00) manual_active=1 collision_blocks=0
[depth_angular_controller-1] [INFO] [1790691203.520582038] [depth_angular_controller]: PAPER_BUILD reason=READY required=0.0100 best=0.5092 free=23 refined=0 tubes=200 revoked_tubes=0 proofs=128
[depth_angular_controller-1] [INFO] [1790691203.520618536] [depth_angular_controller]: PAPER_EVIDENCE retained=32 balls=32 revoked_balls=0 expired_views=0 evicted_views=173 radius=0.580 clearance=0.034 best_prefix=0.509
[depth_angular_controller-1] [INFO] [1790691203.886118118] [depth_angular_controller]: [PERF CTRL] run=iteration32_ego1p1_1 elapsed=79.15s callbacks=2638 commands=2637 guidance=2537 command_fps(ros/wall)=42.98/40.33 guidance_wall_fps=39.93 avoid_ms(mean/p50/p95/max)=4.684/1.152/2.688/2866.429 cycle_ms(mean/p95/max)=24.795/36.776/2872.296 depth_to_cmd_ms(mean/p95/max)=28.978/33.333/50.000 callback_to_publish_ms(mean/p95/max)=12.804/15.270/2872.226
[depth_angular_controller-1] [INFO] [1790691204.599399645] [depth_angular_controller]: PAPER_BUILD reason=READY required=0.0100 best=0.5092 free=23 refined=0 tubes=200 revoked_tubes=0 proofs=128
[depth_angular_controller-1] [INFO] [1790691204.599440381] [depth_angular_controller]: PAPER_EVIDENCE retained=32 balls=32 revoked_balls=0 expired_views=0 evicted_views=173 radius=0.580 clearance=0.034 best_prefix=0.509
[depth_angular_controller-1] [INFO] [1790691205.515534643] [depth_angular_controller]: PAPER_BUILD reason=READY required=0.0100 best=0.5092 free=23 refined=0 tubes=200 revoked_tubes=0 proofs=128
[depth_angular_controller-1] [INFO] [1790691205.515576191] [depth_angular_controller]: PAPER_EVIDENCE retained=32 balls=32 revoked_balls=0 expired_views=0 evicted_views=173 radius=0.580 clearance=0.034 best_prefix=0.509
[depth_angular_controller-1] [INFO] [1790691206.582397337] [depth_angular_controller]: PAPER_BUILD reason=READY required=0.0100 best=0.5092 free=23 refined=0 tubes=200 revoked_tubes=0 proofs=128
[depth_angular_controller-1] [INFO] [1790691206.582441319] [depth_angular_controller]: PAPER_EVIDENCE retained=32 balls=32 revoked_balls=0 expired_views=0 evicted_views=173 radius=0.580 clearance=0.034 best_prefix=0.509
[position_cmd_to_twist-2] [INFO] [1790691206.954509668] [position_cmd_to_twist]: [PERF BRIDGE] run=iteration32_ego1p1_1 elapsed=82.11s received=2654 published=2603 fps(ros/wall)=41.00/38.03 controller_to_bridge_ms(mean/p50/p95/max)=5.300/0.000/0.000/2950.000 bridge_process_ms(mean/p95/max)=0.096/0.122/1.460
[NAV] t=65.0s position=(29.54,6.04,7.09) yaw=8.5deg command=(0.00,0.00,0.00) manual_active=1 collision_blocks=0
[depth_angular_controller-1] [INFO] [1790691207.639289801] [depth_angular_controller]: PAPER_BUILD reason=READY required=0.0100 best=0.5092 free=23 refined=0 tubes=200 revoked_tubes=0 proofs=128
[depth_angular_controller-1] [INFO] [1790691207.639329997] [depth_angular_controller]: PAPER_EVIDENCE retained=32 balls=32 revoked_balls=0 expired_views=0 evicted_views=173 radius=0.580 clearance=0.034 best_prefix=0.509
[depth_angular_controller-1] [INFO] [1790691208.548382123] [depth_angular_controller]: PAPER_BUILD reason=READY required=0.0100 best=0.5092 free=23 refined=0 tubes=200 revoked_tubes=0 proofs=128
[depth_angular_controller-1] [INFO] [1790691208.548425144] [depth_angular_controller]: PAPER_EVIDENCE retained=32 balls=32 revoked_balls=0 expired_views=0 evicted_views=173 radius=0.580 clearance=0.034 best_prefix=0.509
[depth_angular_controller-1] [INFO] [1790691208.906236489] [depth_angular_controller]: [PERF CTRL] run=iteration32_ego1p1_1 elapsed=84.17s callbacks=2666 commands=2665 guidance=2565 command_fps(ros/wall)=39.87/37.85 guidance_wall_fps=37.42 avoid_ms(mean/p50/p95/max)=6.508/1.155/2.965/2866.429 cycle_ms(mean/p95/max)=26.419/75.294/2872.296 depth_to_cmd_ms(mean/p95/max)=28.850/33.333/50.000 callback_to_publish_ms(mean/p95/max)=14.551/16.201/2872.226
[depth_angular_controller-1] [INFO] [1790691209.265365487] [depth_angular_controller]: TARGET_HOLD
[depth_angular_controller-1] [INFO] [1790691209.284606734] [depth_angular_controller]: CERTIFIED_TRACKING
[depth_angular_controller-1] [INFO] [1790691209.482037289] [depth_angular_controller]: COMPUTE_DEADLINE
[depth_angular_controller-1] [INFO] [1790691209.699196636] [depth_angular_controller]: PAPER_BUILD reason=READY required=0.0100 best=0.5092 free=16 refined=0 tubes=200 revoked_tubes=0 proofs=128
[depth_angular_controller-1] [INFO] [1790691209.699236761] [depth_angular_controller]: PAPER_EVIDENCE retained=32 balls=32 revoked_balls=0 expired_views=0 evicted_views=173 radius=0.580 clearance=0.047 best_prefix=0.509
[depth_angular_controller-1] [INFO] [1790691210.770999279] [depth_angular_controller]: PAPER_BUILD reason=READY required=0.0100 best=0.5092 free=16 refined=0 tubes=200 revoked_tubes=0 proofs=128
[depth_angular_controller-1] [INFO] [1790691210.771042280] [depth_angular_controller]: PAPER_EVIDENCE retained=32 balls=32 revoked_balls=0 expired_views=0 evicted_views=173 radius=0.580 clearance=0.047 best_prefix=0.509
[position_cmd_to_twist-2] [INFO] [1790691211.567519536] [position_cmd_to_twist]: [PERF BRIDGE] run=iteration32_ego1p1_1 elapsed=86.72s received=2679 published=2606 fps(ros/wall)=38.53/35.74 controller_to_bridge_ms(mean/p50/p95/max)=7.061/0.000/16.667/2950.000 bridge_process_ms(mean/p95/max)=0.096/0.122/1.460
[NAV] t=70.0s position=(29.54,6.04,7.08) yaw=8.5deg command=(0.00,0.00,0.00) manual_active=1 collision_blocks=0
[depth_angular_controller-1] [INFO] [1790691211.844395794] [depth_angular_controller]: PAPER_BUILD reason=READY required=0.0100 best=0.5092 free=16 refined=0 tubes=200 revoked_tubes=0 proofs=128
[depth_angular_controller-1] [INFO] [1790691211.844438053] [depth_angular_controller]: PAPER_EVIDENCE retained=32 balls=32 revoked_balls=0 expired_views=0 evicted_views=173 radius=0.580 clearance=0.047 best_prefix=0.509
[depth_angular_controller-1] [INFO] [1790691212.902724934] [depth_angular_controller]: PAPER_BUILD reason=READY required=0.0100 best=0.5092 free=16 refined=0 tubes=200 revoked_tubes=0 proofs=128
[depth_angular_controller-1] [INFO] [1790691212.902760491] [depth_angular_controller]: PAPER_EVIDENCE retained=32 balls=32 revoked_balls=0 expired_views=0 evicted_views=173 radius=0.580 clearance=0.047 best_prefix=0.509
[depth_angular_controller-1] [INFO] [1790691213.983591717] [depth_angular_controller]: [PERF CTRL] run=iteration32_ego1p1_1 elapsed=89.25s callbacks=2692 commands=2691 guidance=2591 command_fps(ros/wall)=37.18/35.65 guidance_wall_fps=35.19 avoid_ms(mean/p50/p95/max)=8.326/1.158/3.382/2866.429 cycle_ms(mean/p95/max)=28.051/77.804/2872.296 depth_to_cmd_ms(mean/p95/max)=28.760/33.333/50.000 callback_to_publish_ms(mean/p95/max)=16.290/17.843/2872.226
[depth_angular_controller-1] [INFO] [1790691213.983642733] [depth_angular_controller]: PAPER_BUILD reason=READY required=0.0100 best=0.5092 free=16 refined=0 tubes=200 revoked_tubes=0 proofs=128
[depth_angular_controller-1] [INFO] [1790691213.983651149] [depth_angular_controller]: PAPER_EVIDENCE retained=32 balls=32 revoked_balls=0 expired_views=0 evicted_views=173 radius=0.580 clearance=0.047 best_prefix=0.509
[depth_angular_controller-1] [INFO] [1790691215.046819369] [depth_angular_controller]: PAPER_BUILD reason=READY required=0.0100 best=0.5092 free=16 refined=0 tubes=200 revoked_tubes=0 proofs=128
[depth_angular_controller-1] [INFO] [1790691215.046863833] [depth_angular_controller]: PAPER_EVIDENCE retained=32 balls=32 revoked_balls=0 expired_views=0 evicted_views=173 radius=0.580 clearance=0.047 best_prefix=0.509
[position_cmd_to_twist-2] [INFO] [1790691216.098469887] [position_cmd_to_twist]: [PERF BRIDGE] run=iteration32_ego1p1_1 elapsed=91.25s received=2700 published=2606 fps(ros/wall)=36.27/33.67 controller_to_bridge_ms(mean/p50/p95/max)=8.827/0.000/16.667/2950.000 bridge_process_ms(mean/p95/max)=0.096/0.122/1.460
[depth_angular_controller-1] [INFO] [1790691216.110251566] [depth_angular_controller]: PAPER_BUILD reason=READY required=0.0100 best=0.5092 free=16 refined=0 tubes=200 revoked_tubes=0 proofs=128
[depth_angular_controller-1] [INFO] [1790691216.110289327] [depth_angular_controller]: PAPER_EVIDENCE retained=32 balls=32 revoked_balls=0 expired_views=0 evicted_views=173 radius=0.580 clearance=0.047 best_prefix=0.509
[NAV] t=75.0s position=(29.54,6.04,7.08) yaw=8.5deg command=(0.00,0.00,0.00) manual_active=1 collision_blocks=0
[depth_angular_controller-1] [INFO] [1790691217.168348220] [depth_angular_controller]: PAPER_BUILD reason=READY required=0.0100 best=0.5092 free=16 refined=0 tubes=200 revoked_tubes=0 proofs=128
[depth_angular_controller-1] [INFO] [1790691217.168384217] [depth_angular_controller]: PAPER_EVIDENCE retained=32 balls=32 revoked_balls=0 expired_views=0 evicted_views=173 radius=0.580 clearance=0.047 best_prefix=0.509
[depth_angular_controller-1] [INFO] [1790691218.249208090] [depth_angular_controller]: PAPER_BUILD reason=READY required=0.0100 best=0.5092 free=16 refined=0 tubes=200 revoked_tubes=0 proofs=128
[depth_angular_controller-1] [INFO] [1790691218.249252633] [depth_angular_controller]: PAPER_EVIDENCE retained=32 balls=32 revoked_balls=0 expired_views=0 evicted_views=173 radius=0.580 clearance=0.047 best_prefix=0.509
[depth_angular_controller-1] [INFO] [1790691219.090647609] [depth_angular_controller]: [PERF CTRL] run=iteration32_ego1p1_1 elapsed=94.35s callbacks=2716 commands=2715 guidance=2615 command_fps(ros/wall)=34.85/33.69 guidance_wall_fps=33.21 avoid_ms(mean/p50/p95/max)=10.134/1.162/4.484/2866.429 cycle_ms(mean/p95/max)=29.684/91.398/2872.296 depth_to_cmd_ms(mean/p95/max)=28.662/33.333/50.000 callback_to_publish_ms(mean/p95/max)=18.026/19.179/2872.226
[depth_angular_controller-1] [INFO] [1790691219.292024049] [depth_angular_controller]: PAPER_BUILD reason=READY required=0.0100 best=0.5092 free=16 refined=0 tubes=200 revoked_tubes=0 proofs=128
[depth_angular_controller-1] [INFO] [1790691219.292059014] [depth_angular_controller]: PAPER_EVIDENCE retained=32 balls=32 revoked_balls=0 expired_views=0 evicted_views=173 radius=0.580 clearance=0.047 best_prefix=0.509
[depth_angular_controller-1] [INFO] [1790691220.164260440] [depth_angular_controller]: PAPER_BUILD reason=READY required=0.0100 best=0.5092 free=16 refined=0 tubes=200 revoked_tubes=0 proofs=128
[depth_angular_controller-1] [INFO] [1790691220.164302028] [depth_angular_controller]: PAPER_EVIDENCE retained=32 balls=32 revoked_balls=0 expired_views=0 evicted_views=173 radius=0.580 clearance=0.047 best_prefix=0.509
[position_cmd_to_twist-2] [INFO] [1790691220.689095560] [position_cmd_to_twist]: [PERF BRIDGE] run=iteration32_ego1p1_1 elapsed=95.84s received=2722 published=2606 fps(ros/wall)=34.20/31.74 controller_to_bridge_ms(mean/p50/p95/max)=10.636/0.000/16.667/2950.000 bridge_process_ms(mean/p95/max)=0.096/0.122/1.460
[NAV] t=80.0s position=(29.54,6.04,7.08) yaw=8.5deg command=(0.00,0.00,0.00) manual_active=1 collision_blocks=0
[depth_angular_controller-1] [INFO] [1790691221.225880105] [depth_angular_controller]: PAPER_BUILD reason=READY required=0.0100 best=0.5092 free=16 refined=0 tubes=200 revoked_tubes=0 proofs=128
[depth_angular_controller-1] [INFO] [1790691221.225916864] [depth_angular_controller]: PAPER_EVIDENCE retained=32 balls=32 revoked_balls=0 expired_views=0 evicted_views=173 radius=0.580 clearance=0.047 best_prefix=0.509
[depth_angular_controller-1] [INFO] [1790691222.276208040] [depth_angular_controller]: PAPER_BUILD reason=READY required=0.0100 best=0.5092 free=16 refined=0 tubes=200 revoked_tubes=0 proofs=128
[depth_angular_controller-1] [INFO] [1790691222.276245320] [depth_angular_controller]: PAPER_EVIDENCE retained=32 balls=32 revoked_balls=0 expired_views=0 evicted_views=173 radius=0.580 clearance=0.047 best_prefix=0.509
[depth_angular_controller-1] [INFO] [1790691223.341581750] [depth_angular_controller]: PAPER_BUILD reason=READY required=0.0100 best=0.5092 free=16 refined=0 tubes=200 revoked_tubes=0 proofs=128
[depth_angular_controller-1] [INFO] [1790691223.341616916] [depth_angular_controller]: PAPER_EVIDENCE retained=32 balls=32 revoked_balls=0 expired_views=0 evicted_views=173 radius=0.580 clearance=0.047 best_prefix=0.509
[depth_angular_controller-1] [INFO] [1790691224.188342124] [depth_angular_controller]: [PERF CTRL] run=iteration32_ego1p1_1 elapsed=99.45s callbacks=2740 commands=2739 guidance=2639 command_fps(ros/wall)=32.86/31.96 guidance_wall_fps=31.48 avoid_ms(mean/p50/p95/max)=11.903/1.164/127.597/2866.429 cycle_ms(mean/p95/max)=31.286/118.944/2872.296 depth_to_cmd_ms(mean/p95/max)=28.565/33.333/50.000 callback_to_publish_ms(mean/p95/max)=19.727/118.873/2872.226
[depth_angular_controller-1] [INFO] [1790691224.399862930] [depth_angular_controller]: PAPER_BUILD reason=READY required=0.0100 best=0.5092 free=16 refined=0 tubes=200 revoked_tubes=0 proofs=128
[depth_angular_controller-1] [INFO] [1790691224.399902905] [depth_angular_controller]: PAPER_EVIDENCE retained=32 balls=32 revoked_balls=0 expired_views=0 evicted_views=173 radius=0.580 clearance=0.047 best_prefix=0.509
[depth_angular_controller-1] [INFO] [1790691225.461964910] [depth_angular_controller]: PAPER_BUILD reason=READY required=0.0100 best=0.5092 free=16 refined=0 tubes=200 revoked_tubes=0 proofs=128
[depth_angular_controller-1] [INFO] [1790691225.462007610] [depth_angular_controller]: PAPER_EVIDENCE retained=32 balls=32 revoked_balls=0 expired_views=0 evicted_views=173 radius=0.580 clearance=0.047 best_prefix=0.509
[position_cmd_to_twist-2] [INFO] [1790691225.478744658] [position_cmd_to_twist]: [PERF BRIDGE] run=iteration32_ego1p1_1 elapsed=100.63s received=2745 published=2606 fps(ros/wall)=32.40/29.96 controller_to_bridge_ms(mean/p50/p95/max)=12.398/0.000/116.667/2950.000 bridge_process_ms(mean/p95/max)=0.096/0.122/1.460
[NAV] t=85.0s position=(29.54,6.04,7.08) yaw=8.5deg command=(0.00,0.00,0.00) manual_active=1 collision_blocks=0
[depth_angular_controller-1] [INFO] [1790691226.536726827] [depth_angular_controller]: PAPER_BUILD reason=READY required=0.0100 best=0.5092 free=16 refined=0 tubes=200 revoked_tubes=0 proofs=128
[depth_angular_controller-1] [INFO] [1790691226.536771762] [depth_angular_controller]: PAPER_EVIDENCE retained=32 balls=32 revoked_balls=0 expired_views=0 evicted_views=173 radius=0.580 clearance=0.047 best_prefix=0.509
[depth_angular_controller-1] [INFO] [1790691227.401221460] [depth_angular_controller]: PAPER_BUILD reason=READY required=0.0100 best=0.5092 free=16 refined=0 tubes=200 revoked_tubes=0 proofs=128
[depth_angular_controller-1] [INFO] [1790691227.401263209] [depth_angular_controller]: PAPER_EVIDENCE retained=32 balls=32 revoked_balls=0 expired_views=0 evicted_views=173 radius=0.580 clearance=0.047 best_prefix=0.509
[depth_angular_controller-1] [INFO] [1790691228.464639951] [depth_angular_controller]: PAPER_BUILD reason=READY required=0.0100 best=0.5092 free=16 refined=0 tubes=200 revoked_tubes=0 proofs=128
[depth_angular_controller-1] [INFO] [1790691228.464675277] [depth_angular_controller]: PAPER_EVIDENCE retained=32 balls=32 revoked_balls=0 expired_views=0 evicted_views=173 radius=0.580 clearance=0.047 best_prefix=0.509
[depth_angular_controller-1] [INFO] [1790691229.294016143] [depth_angular_controller]: [PERF CTRL] run=iteration32_ego1p1_1 elapsed=104.56s callbacks=2764 commands=2763 guidance=2663 command_fps(ros/wall)=31.06/30.43 guidance_wall_fps=29.94 avoid_ms(mean/p50/p95/max)=13.646/1.166/159.392/2866.429 cycle_ms(mean/p95/max)=32.863/158.471/2872.296 depth_to_cmd_ms(mean/p95/max)=28.464/33.333/50.000 callback_to_publish_ms(mean/p95/max)=21.402/158.352/2872.226
[depth_angular_controller-1] [INFO] [1790691229.507925982] [depth_angular_controller]: PAPER_BUILD reason=READY required=0.0100 best=0.5092 free=16 refined=0 tubes=200 revoked_tubes=0 proofs=128
[depth_angular_controller-1] [INFO] [1790691229.507966438] [depth_angular_controller]: PAPER_EVIDENCE retained=32 balls=32 revoked_balls=0 expired_views=0 evicted_views=173 radius=0.580 clearance=0.047 best_prefix=0.509
[position_cmd_to_twist-2] [INFO] [1790691230.156782774] [position_cmd_to_twist]: [PERF BRIDGE] run=iteration32_ego1p1_1 elapsed=105.31s received=2767 published=2606 fps(ros/wall)=30.82/28.44 controller_to_bridge_ms(mean/p50/p95/max)=14.107/0.000/150.000/2950.000 bridge_process_ms(mean/p95/max)=0.096/0.122/1.460
[NAV] t=90.0s position=(29.54,6.04,7.08) yaw=8.5deg command=(0.00,0.00,0.00) manual_active=1 collision_blocks=0
[depth_angular_controller-1] [INFO] [1790691230.749826040] [depth_angular_controller]: PAPER_BUILD reason=READY required=0.0100 best=0.5092 free=16 refined=0 tubes=200 revoked_tubes=0 proofs=128
[depth_angular_controller-1] [INFO] [1790691230.749868609] [depth_angular_controller]: PAPER_EVIDENCE retained=32 balls=32 revoked_balls=0 expired_views=0 evicted_views=173 radius=0.580 clearance=0.047 best_prefix=0.509
[depth_angular_controller-1] [INFO] [1790691231.627969415] [depth_angular_controller]: PAPER_BUILD reason=READY required=0.0100 best=0.5092 free=16 refined=0 tubes=200 revoked_tubes=0 proofs=128
[depth_angular_controller-1] [INFO] [1790691231.628011424] [depth_angular_controller]: PAPER_EVIDENCE retained=32 balls=32 revoked_balls=0 expired_views=0 evicted_views=173 radius=0.580 clearance=0.047 best_prefix=0.509
[depth_angular_controller-1] [INFO] [1790691232.710611600] [depth_angular_controller]: PAPER_BUILD reason=READY required=0.0100 best=0.5092 free=16 refined=0 tubes=200 revoked_tubes=0 proofs=128
[depth_angular_controller-1] [INFO] [1790691232.710654340] [depth_angular_controller]: PAPER_EVIDENCE retained=32 balls=32 revoked_balls=0 expired_views=0 evicted_views=173 radius=0.580 clearance=0.047 best_prefix=0.509
[depth_angular_controller-1] [INFO] [1790691233.768442545] [depth_angular_controller]: PAPER_BUILD reason=READY required=0.0100 best=0.5092 free=16 refined=0 tubes=200 revoked_tubes=0 proofs=128
[depth_angular_controller-1] [INFO] [1790691233.768491306] [depth_angular_controller]: PAPER_EVIDENCE retained=32 balls=32 revoked_balls=0 expired_views=0 evicted_views=173 radius=0.580 clearance=0.047 best_prefix=0.509
[depth_angular_controller-1] [INFO] [1790691234.409149593] [depth_angular_controller]: [PERF CTRL] run=iteration32_ego1p1_1 elapsed=109.67s callbacks=2788 commands=2787 guidance=2687 command_fps(ros/wall)=29.49/29.06 guidance_wall_fps=28.57 avoid_ms(mean/p50/p95/max)=15.362/1.171/175.270/2866.429 cycle_ms(mean/p95/max)=34.416/181.652/2872.296 depth_to_cmd_ms(mean/p95/max)=28.365/33.333/50.000 callback_to_publish_ms(mean/p95/max)=23.052/181.587/2872.226
[position_cmd_to_twist-2] [INFO] [1790691234.595284251] [position_cmd_to_twist]: [PERF BRIDGE] run=iteration32_ego1p1_1 elapsed=109.75s received=2787 published=2606 fps(ros/wall)=29.49/27.17 controller_to_bridge_ms(mean/p50/p95/max)=15.734/0.000/183.333/2950.000 bridge_process_ms(mean/p95/max)=0.096/0.122/1.460
[NAV] t=95.0s position=(29.54,6.04,7.08) yaw=8.5deg command=(0.00,0.00,0.00) manual_active=1 collision_blocks=0
[depth_angular_controller-1] [INFO] [1790691234.837516368] [depth_angular_controller]: PAPER_BUILD reason=READY required=0.0100 best=0.5092 free=16 refined=0 tubes=200 revoked_tubes=0 proofs=128
[depth_angular_controller-1] [INFO] [1790691234.837554690] [depth_angular_controller]: PAPER_EVIDENCE retained=32 balls=32 revoked_balls=0 expired_views=0 evicted_views=173 radius=0.580 clearance=0.047 best_prefix=0.509
[depth_angular_controller-1] [INFO] [1790691235.714910528] [depth_angular_controller]: PAPER_BUILD reason=READY required=0.0100 best=0.5092 free=16 refined=0 tubes=200 revoked_tubes=0 proofs=128
[depth_angular_controller-1] [INFO] [1790691235.714954240] [depth_angular_controller]: PAPER_EVIDENCE retained=32 balls=32 revoked_balls=0 expired_views=0 evicted_views=173 radius=0.580 clearance=0.047 best_prefix=0.509
[depth_angular_controller-1] [INFO] [1790691236.795447451] [depth_angular_controller]: PAPER_BUILD reason=READY required=0.0100 best=0.5092 free=16 refined=0 tubes=200 revoked_tubes=0 proofs=128
[depth_angular_controller-1] [INFO] [1790691236.795491033] [depth_angular_controller]: PAPER_EVIDENCE retained=32 balls=32 revoked_balls=0 expired_views=0 evicted_views=173 radius=0.580 clearance=0.047 best_prefix=0.509
[BENCHMARK RESULT] ABORTED_EXPLORATION_STALL sim=95.483s
[PERF ISAAC FINAL] run=iteration32_ego1p1_1 result=ABORTED_EXPLORATION_STALL wall=98.67s sim_frames=5851 fps(sim/wall)=60.02/59.30 command_changes=2254 collision_blocks=0 frame_interval_ms(mean/p50/p95/max)=16.807/15.770/18.403/79.510
[depth_angular_controller-1] [INFO] [1790691237.019068263] [depth_angular_controller]: TARGET_HOLD
[111.728s] Simulation App Shutting Down
[depth_angular_controller-1] [INFO] [1790691237.424992334] [rclcpp]: signal_handler(SIGINT/SIGTERM)
[depth_angular_controller-1] [INFO] [1790691237.425800480] [depth_angular_controller]: [PERF CTRL FINAL] run=iteration32_ego1p1_1 elapsed=112.69s callbacks=2801 commands=2800 guidance=2700 command_fps(ros/wall)=28.72/28.42 guidance_wall_fps=27.93 avoid_ms(mean/p50/p95/max)=16.220/1.174/177.122/2866.429 cycle_ms(mean/p95/max)=35.188/184.515/2872.296 depth_to_cmd_ms(mean/p95/max)=28.321/33.333/50.000 callback_to_publish_ms(mean/p95/max)=23.876/183.682/2872.226
[position_cmd_to_twist-2] [INFO] [1790691237.425847418] [position_cmd_to_twist]: [PERF BRIDGE FINAL] run=iteration32_ego1p1_1 elapsed=112.58s received=2800 published=2608 fps(ros/wall)=28.72/26.47 controller_to_bridge_ms(mean/p50/p95/max)=16.649/0.000/200.000/2950.000 bridge_process_ms(mean/p95/max)=0.096/0.122/1.460
[position_cmd_to_twist-2] Failed to publish log message to rosout: publisher's context is invalid, at ./src/rcl/publisher.c:389
[INFO] [depth_angular_controller-1]: process has finished cleanly [pid 88724]
[INFO] [position_cmd_to_twist-2]: process has finished cleanly [pid 88726]
