[PERF] run=iteration77_ego1p1_1 log=/home/starry/isaac-data/EGO1P1/performance/navigation_benchmark_20260929/PERFORMANCE.md
[INPUT] mode=goal scene_mode=cloud
[INFO] [launch]: All log files can be found below /tmp/fov_gvf_ego1p1_isaac_ros_log/2026-09-30-02-29-49-995355-starry-System-Product-Name-155810
[INFO] [launch]: Default logging verbosity is set to INFO
[INFO] [depth_angular_controller-1]: process started with pid [155812]
[INFO] [position_cmd_to_twist-2]: process started with pid [155814]
[depth_angular_controller-1] [INFO] [1790706590.029214036] [depth_angular_controller]: PROCESSING_RATES control=60.0 Hz depth_limit=10.0 Hz (0=unlimited)
[depth_angular_controller-1] [INFO] [1790706590.029284879] [depth_angular_controller]: GOAL_FRONT_ONLY enabled: front depth plus certified history; manual mode retains four views
[depth_angular_controller-1] [INFO] [1790706590.031211946] [depth_angular_controller]: C++ controller commands publish on /position_cmd; horizontal views=1
[ROS CHECK] ROS_DOMAIN_ID=42 /position_cmd publishers=1
Type: pc_gvf_msgs/msg/PositionCommand
Publisher count: 1
Subscription count: 1
/depth_angular_controller
/position_cmd_to_twist
WARNING: All log messages before absl::InitializeLog() is called are written to STDERR
E0000 00:00:1790706590.988219  155854 descriptor_database.cc:633] File already exists in database: grpc/health/v1/health.proto
W0000 00:00:1790706590.988240  155854 message.cc:301] Protobuf GeneratedMessageFactory: File is already registered: grpc/health/v1/health.proto
2026-09-29T18:29:50Z [Info] [carb] Logging to file: /home/starry/isaac-data/isaacsim/kit/logs/Kit/Isaac-Sim Python/6.0/kit_20260930_022950.log
[0.044s] [ext: omni.assets.plugins-0.0.0] startup
[0.044s] [ext: omni.blobkey-1.1.2] startup
[0.045s] [ext: omni.kit.async_engine-0.0.3] startup
[0.322s] [ext: omni.client.lib-1.1.1] startup
[0.330s] [ext: omni.client-1.3.0] startup
[0.332s] [ext: omni.protobuf.lib-1.0.0] startup
[0.333s] [ext: omni.grpc.lib-1.0.0] startup
[0.336s] [ext: omni.metrics.core-0.0.3] startup
[0.337s] [ext: omni.datastore-0.0.0] startup
[0.337s] [ext: omni.gpu_foundation.shadercache.vulkan-1.0.0] startup
[0.339s] [ext: omni.hsscclient-1.1.4] startup
[0.339s] [ext: omni.stats-1.0.1] startup
[0.340s] [ext: omni.ujitso.default-1.0.0] startup
[0.343s] [ext: omni.gpu_foundation-0.0.0] startup
[0.476s] [ext: carb.windowing.plugins-1.0.1] startup
[0.476s] [ext: omni.kit.renderer.init-1.0.1] startup
2026-09-29T18:29:51Z [680ms] [Warning] [omni.rtx] Skipping unsupported non-NVIDIA GPU: AMD Unknown (RADV RAPHAEL_MENDOCINO)
2026-09-29T18:29:51Z [680ms] [Warning] [omni.rtx] Skipping unsupported non-NVIDIA GPU: AMD Unknown (RADV RAPHAEL_MENDOCINO)

|---------------------------------------------------------------------------------------------|
| Driver Version: 580.178.04    | Graphics API: Vulkan
|=============================================================================================|
| GPU | Name                             | Active | LDA | GPU Memory | Vendor-ID | LUID       |
|     |                                  |        |     |            | Device-ID | UUID       |
|     |                                  |        |     |            | Bus-ID    |            |
|---------------------------------------------------------------------------------------------|
| 0   | NVIDIA GeForce RTX 5070          | Yes: 0 |     | 12227   MB | 10de      | 0          |
|     |                                  |        |     |            | 2f04      | 348d89fe.. |
|     |                                  |        |     |            | 1         |            |
|---------------------------------------------------------------------------------------------|
| 1   | AMD Unknown (RADV RAPHAEL_MEND.. |        |     | 10755   MB | 1002      | 0          |
|     |                                  |        |     |            | 13c0      | 00000000.. |
|     |                                  |        |     |            | c         |            |
|=============================================================================================|
| OS: 22.04.5 LTS (Jammy Jellyfish) ubuntu, Version: 22.04.5, Kernel: 6.8.0-138-generic
| XServer Vendor: The X.Org Foundation, XServer Version: 12101004 (1.21.1.4)
| Processor: AMD Ryzen 5 9600X 6-Core Processor
| Cores: 6 | Logical Cores: 12
|---------------------------------------------------------------------------------------------|
| Total Memory (MB): 31241 | Free Memory: 22980
| Total Page/Swap (MB): 15624 | Free Page/Swap: 15624
|---------------------------------------------------------------------------------------------|
2026-09-29T18:29:51Z [894ms] [Warning] [omni.rtx] CPU performance profile is set to powersave. This profile sets the CPU to the lowest frequency reducing performance.
2026-09-29T18:29:51Z [903ms] [Warning] [omni.rtx] IOMMU is enabled.
[1.005s] [ext: omni.kit.pipapi-0.0.0] startup
[1.006s] [ext: omni.kit.pip_archive-0.0.0] startup
[1.006s] [ext: isaacsim.pip.newton-0.6.1] startup
[1.007s] [ext: omni.pip.compute-1.9.2] startup
[1.007s] [ext: omni.isaac.core_archive-5.3.1] startup
[1.007s] [ext: omni.kit.telemetry-0.5.2] startup
[1.026s] [ext: omni.kit.loop-isaac-1.6.0] startup
[1.027s] [ext: omni.kit.test-2.0.7] startup
[1.077s] [ext: omni.materialx.libs-1.0.9] startup
[1.083s] [ext: omni.gpucompute.plugins-0.0.0] startup
[1.084s] [ext: omni.usd.config-1.0.7] startup
[1.087s] [ext: omni.usd.libs-1.0.3] startup
[1.143s] [ext: omni.iray.libs-0.0.1] startup
[1.146s] [ext: omni.mdl-57.0.3] startup
[1.208s] [ext: omni.mdl.neuraylib-0.2.20] startup
[1.210s] [ext: omni.kit.usd.mdl-1.1.9] startup
[1.295s] [ext: omni.appwindow-1.2.2] startup
[1.297s] [ext: omni.kit.renderer.core-1.2.2] startup
2026-09-29T18:29:57Z [6,516ms] [Warning] [carb.windowing-glfw.gamepad] Joystick with unknown remapping detected (will be ignored):  BEITONG BEITONG A2P3A BFM DONGLE [03000000bc2000001c51000011010000]
[6.547s] [ext: omni.kit.renderer.capture-2.0.1] startup
[6.548s] [ext: omni.kit.renderer.imgui-2.0.6] startup
[6.585s] [ext: omni.ui-3.2.0] startup
[6.591s] [ext: omni.kit.mainwindow-1.0.3] startup
[6.592s] [ext: carb.audio-0.1.0] startup
[6.594s] [ext: omni.uiaudio-1.0.0] startup
[6.595s] [ext: omni.kit.uiapp-0.0.0] startup
[6.595s] [ext: omni.usd.schema.metrics.assembler-110.1.0] startup
[6.597s] [ext: omni.usd.schema.audio-0.0.1] startup
[6.600s] [ext: omni.usd_resolver-1.0.0] startup
[6.602s] [ext: omni.usd.core-1.8.3] startup
[6.604s] [ext: omni.metropolis.schema-0.0.3] startup
[6.605s] [ext: isaacsim.anim.robot.schema-0.1.1] startup
[6.605s] [ext: omni.usd.schema.anim-0.0.1] startup
[6.618s] [ext: omni.usd.schema.geospatial-0.0.1] startup
[6.620s] [ext: omni.usd.schema.omnigraph-1.0.1] startup
[6.624s] [ext: omni.usd.schema.semantics-0.0.0] startup
[6.625s] [ext: omni.activity.core-1.0.3] startup
[6.626s] [ext: omni.cubric-0.1.0] startup
[6.627s] [ext: omni.graph.exec-0.9.6] startup
[6.627s] [ext: omni.hydra.scene_delegate-0.3.5] startup
[6.629s] [ext: usdrt.scenegraph-7.6.3] startup
[6.647s] [ext: omni.hydra.usdrt_delegate-7.5.2] startup
[6.651s] [ext: omni.inspect-1.0.2] startup
[6.652s] [ext: omni.kit.actions.core-1.0.0] startup
[6.653s] [ext: omni.kit.audiodeviceenum-1.0.2] startup
[6.654s] [ext: omni.kit.commands-1.5.0] startup
[6.656s] [ext: omni.kit.exec.core-0.13.5] startup
[6.657s] [ext: omni.kit.usd_undo-0.1.8] startup
[6.658s] [ext: omni.kit.window.popup_dialog-2.0.25] startup
[6.660s] [ext: omni.kit.widget.nucleus_connector-2.3.1] startup
[6.662s] [ext: omni.timeline-1.1.0] startup
[6.664s] [ext: omni.usd-1.16.0] startup
[6.688s] [ext: omni.graph.core-3.1.2] startup
[6.690s] [ext: omni.kit.notification_manager-1.0.11] startup
[6.692s] [ext: isaacsim.core.deprecation_manager-0.4.2] startup
[6.692s] [ext: isaacsim.replicator.agent.schema-0.1.1] startup
[6.693s] [ext: isaacsim.robot.schema-6.3.7] startup
[6.697s] [ext: isaacsim.robot_motion.schema-0.2.1] startup
[6.698s] [ext: omni.anim.behavior.schema-110.1.0] startup
[6.700s] [ext: omni.anim.graph.schema-110.1.1] startup
[6.705s] [ext: omni.anim.navigation.schema-110.1.0] startup
[6.707s] [ext: omni.behavior.tree.schema-110.1.0] startup
[6.708s] [ext: omni.isaac.ml_archive-3.3.0] startup
[6.708s] [ext: omni.kit.asset_converter-6.0.1] startup
[6.717s] [ext: omni.pip.cloud-1.5.4] startup
[6.718s] [ext: omni.usd.schema.flow-110.0.0] startup
[6.719s] [ext: omni.usd.schema.mujoco-1.1.1] startup
[6.719s] [ext: omni.usd.schema.newton-1.2.1] startup
[6.720s] [ext: omni.usd.schema.omni_lens_distortion-1.0.0] startup
[6.720s] [ext: omni.usd.schema.omni_projectors-1.0.0] startup
[6.721s] [ext: omni.usd.schema.omni_sensors-0.0.0] startup
[6.727s] [ext: omni.usd.schema.omniscripting-1.0.1] startup
[6.730s] [ext: omni.usd.schema.physical_lighting-0.1.0] startup
[6.732s] [ext: omni.usd.schema.physx-110.1.13] startup
[6.756s] [ext: omni.usd.schema.render_settings.rtx-1.0.2] startup
[6.758s] [ext: omni.usd.schema.usd_particle_field-1.0.0] startup
[6.759s] [ext: isaacsim.core.version-2.1.1] startup
[6.759s] [ext: omni.kit.menu.core-1.2.0] startup
[6.760s] [ext: omni.kit.menu.utils-2.2.4] startup
[6.765s] [ext: isaacsim.app.about-2.3.1] startup
[6.769s] [ext: isaacsim.asset.transformer-1.2.5] startup
[6.772s] [ext: omni.scene.optimizer.core-110.1.0] startup
[6.801s] [ext: isaacsim.asset.importer.utils-1.8.1] startup
[6.803s] [ext: omni.convexdecomposition-110.1.13] startup
[6.804s] [ext: omni.physics-110.1.13] startup
[6.806s] [ext: omni.physx.gpu-110.1.13] startup
[6.807s] [ext: omni.physx.foundation-110.1.13] startup
[6.808s] [ext: omni.usdphysics-110.1.13] startup
[6.809s] [ext: omni.physx.cooking-110.1.13] startup
[6.810s] [ext: omni.physx-110.1.13] startup
[6.817s] [ext: omni.physics.physx-110.1.13] startup
[6.818s] [ext: isaacsim.asset.exporter.urdf-2.0.5] startup
[6.825s] [ext: omni.kit.clipboard-1.1.1] startup
[6.825s] [ext: omni.kit.usd.layers-2.6.1] startup
[6.831s] [ext: omni.kit.widget.context_menu-1.4.0] startup
[6.832s] [ext: omni.kit.context_menu-1.9.0] startup
[6.833s] [ext: omni.kit.helper.file_utils-0.1.10] startup
[6.834s] [ext: omni.kit.widget.nucleus_info-2.0.2] startup
[6.834s] [ext: omni.kit.search_core-1.0.8] startup
[6.835s] [ext: omni.kit.widget.path_field-2.0.13] startup
[6.835s] [ext: omni.kit.widget.browser_bar-2.0.10] startup
[6.836s] [ext: omni.kit.widget.filebrowser-2.13.4] startup
[6.839s] [ext: omni.kit.widget.options_menu-1.1.6] startup
[6.841s] [ext: omni.kit.widget.options_button-1.0.3] startup
[6.842s] [ext: omni.kit.widget.search_delegate-1.0.9] startup
[6.842s] [ext: omni.ui.scene-2.0.3] startup
[6.846s] [ext: omni.kit.window.filepicker-2.15.5] startup
[6.856s] [ext: omni.kit.window.file_importer-1.1.21] startup
[6.857s] [ext: omni.kit.material.library-3.1.2] startup
[6.861s] [ext: isaacsim.asset.transformer.rules-1.7.10] startup
[6.869s] [ext: omni.usdex.libs-2.2.2] startup
[6.874s] [ext: isaacsim.asset.importer.mjcf-3.10.1] startup
[6.876s] [ext: isaacsim.asset.importer.urdf-3.11.2] startup
[6.879s] [ext: omni.kit.primitive.mesh-1.1.0] startup
[6.881s] [ext: omni.kit.stage_template.core-1.1.22] startup
[6.881s] [ext: omni.kit.stage_templates-2.0.2] startup
[6.882s] [ext: omni.usd.metrics.assembler-110.1.2] startup
[6.884s] [ext: omni.warp.core-1.13.0] startup
[7.078s] [ext: isaacsim.core.experimental.utils-0.17.2] startup
[7.079s] [ext: omni.physics.stageupdate-110.1.13] startup
[7.081s] [ext: omni.physics.tensors-110.1.13] startup
[7.084s] [ext: omni.physx.tensors-110.1.13] startup
[7.087s] [ext: isaacsim.core.simulation_manager-1.15.6] startup
[7.097s] [ext: isaacsim.storage.native-1.9.3] startup
[7.098s] [ext: omni.usd.metrics.assembler.physics-110.1.13] startup
[7.099s] [ext: isaacsim.core.utils-4.1.7] startup
[7.100s] [ext: isaacsim.core.prims-0.11.7] startup
[7.972s] [ext: isaacsim.core.api-5.2.13] startup
[7.978s] [ext: isaacsim.core.cloner-1.7.3] startup
[7.978s] [ext: isaacsim.test.docstring-1.3.2] startup
[7.980s] [ext: isaacsim.core.experimental.prims-1.8.9] startup
[7.998s] [ext: isaacsim.core.experimental.primdata-0.3.2] startup
[8.000s] [ext: omni.graph.tools-1.81.0] startup
[8.018s] [ext: omni.graph-1.142.5] startup
[8.049s] [ext: isaacsim.core.experimental.actuators-0.1.2] startup
[8.061s] [ext: isaacsim.core.experimental.materials-0.7.1] startup
[8.064s] [ext: isaacsim.core.experimental.objects-0.8.1] startup
[8.116s] [ext: omni.hydra.engine.stats-1.0.5] startup
[8.118s] [ext: omni.hydra.rtx.shadercache.vulkan-1.0.0] startup
[8.119s] [ext: omni.index.libs-387500.4413.0] startup
[8.119s] [ext: omni.index-1.0.1] startup
[8.119s] [ext: omni.ujitso.client-0.0.0] startup
[8.119s] [ext: omni.usd.schema.playback-1.0.0] startup
[8.122s] [ext: omni.volume-0.5.2] startup
[8.126s] [ext: omni.hydra.rtx-1.0.4] startup
2026-09-29T18:29:58Z [8,115ms] [Warning] [omni.log] Source: omni.hydra was already registered.
[8.146s] [ext: omni.kit.hydra_texture-1.6.0] startup
[8.149s] [ext: omni.kit.raycast.query-1.2.0] startup
[8.152s] [ext: omni.kit.viewport.legacy_gizmos-1.0.24] startup
[8.154s] [ext: omni.kit.viewport.registry-104.0.6] startup
[8.155s] [ext: omni.kit.viewport.scene_camera_model-1.0.7] startup
[8.157s] [ext: omni.kit.widget.viewport-109.2.0] startup
[8.161s] [ext: omni.kit.window.drop_support-1.0.8] startup
[8.161s] [ext: omni.kit.viewport.window-109.0.2] startup
[8.175s] [ext: omni.kit.viewport.utility-2.0.1] startup
[8.176s] [ext: isaacsim.core.rendering_manager-0.4.3] startup
[8.195s] [ext: omni.graph.action_core-1.1.9] startup
[8.197s] [ext: omni.graph.action_nodes_core-2.11.0] startup
[8.199s] [ext: omni.graph.action_nodes-2.11.0] startup
[8.215s] [ext: omni.graph.action-2.10.2] startup
[8.216s] [ext: omni.graph.image.core-0.6.1] startup
[8.216s] [ext: omni.graph.image.nodes-1.3.1] startup
[8.217s] [ext: omni.graph.nodes_core-2.11.0] startup
[8.221s] [ext: omni.graph.nodes-2.12.0] startup
[8.225s] [ext: omni.kit.hotkeys.core-1.3.12] startup
[8.226s] [ext: omni.kit.property.adapter.core-1.1.1] startup
[8.228s] [ext: omni.kit.property.adapter.usd-1.0.5] startup
[8.229s] [ext: omni.kit.widget.filter-1.1.5] startup
[8.230s] [ext: omni.kit.widget.highlight_label-1.0.3] startup
[8.230s] [ext: omni.kit.widget.searchfield-1.1.8] startup
[8.231s] [ext: omni.kit.window.file_exporter-1.0.36] startup
[8.232s] [ext: omni.kit.widget.stage-4.4.0] startup
[8.239s] [ext: omni.kit.window.content_browser_registry-0.0.6] startup
[8.240s] [ext: omni.kit.window.file-2.0.10] startup
[8.243s] [ext: omni.kit.window.content_browser-3.1.8] startup
[8.251s] [ext: omni.kit.window.property-1.15.1] startup
[8.261s] [ext: omni.kit.property.usd-4.9.4] startup
[8.269s] [ext: omni.graph.scriptnode-2.10.2] startup
[8.276s] [ext: omni.kit.widget.searchable_combobox-1.0.7] startup
[8.277s] [ext: omni.kit.widget.settings-2.0.0] startup
[8.279s] [ext: omni.kit.window.preferences-1.8.3] startup
[8.283s] [ext: omni.kit.viewport.menubar.core-107.2.2] startup
[8.292s] [ext: omni.syntheticdata-0.6.15] startup
[8.315s] [ext: omni.replicator.nv-1.1.1] startup
[8.319s] [ext: omni.videoencoding-0.2.1] startup
[8.320s] [ext: omni.replicator.core-1.13.27] startup
2026-09-29T18:29:58Z [8,306ms] [Warning] [pxr.Semantics] pxr.Semantics is deprecated - please use Semantics instead
2026-09-29T18:29:59Z [8,374ms] [Warning] [omni.replicator.core.scripts.extension] No material configuration file, adding configuration to material settings directly.
[8.524s] [ext: isaacsim.core.nodes-5.10.5] startup
[8.550s] [ext: isaacsim.core.throttling-2.3.5] startup
[8.551s] [ext: omni.kit.manipulator.viewport-107.0.1] startup
[8.552s] [ext: omni.graph.visualization.nodes-2.1.4] startup
[8.564s] [ext: omni.kit.window.extensions-1.5.10] startup
[8.568s] [ext: isaacsim.gui.components-1.8.5] startup
[8.572s] [ext: isaacsim.robot.surface_gripper-3.6.2] startup
[8.581s] [ext: isaacsim.robot.manipulators-3.4.4] startup
[8.591s] [ext: isaacsim.robot_motion.lula-4.1.3] startup
[8.596s] [ext: isaacsim.robot_motion.motion_generation-8.2.9] startup
[8.601s] [ext: isaacsim.cortex.framework-1.0.18] startup
[8.602s] [ext: isaacsim.cortex.behaviors-2.0.17] startup
[8.603s] [ext: isaacsim.examples.base-1.3.2] startup
[8.605s] [ext: omni.kit.widget.zoombar-1.0.7] startup
[8.605s] [ext: omni.kit.browser.core-2.3.18] startup
[8.609s] [ext: omni.kit.browser.folder.core-2.0.2] startup
[8.612s] [ext: omni.kit.widget.stage_icons-1.0.8] startup
[8.612s] [ext: omni.kit.window.stage-2.6.1] startup
[8.615s] [ext: omni.kit.menu.stage-1.2.7] startup
[8.616s] [ext: omni.kit.usd.collect-3.0.6] startup
[8.618s] [ext: omni.kit.widget.prompt-1.0.7] startup
[8.619s] [ext: omni.kit.tool.collect-2.2.19] startup
[8.621s] [ext: isaacsim.examples.browser-0.3.2] startup
[8.623s] [ext: omni.kit.search.files-1.0.4] startup
[8.624s] [ext: omni.kit.widget.calendar-1.0.9] startup
[8.625s] [ext: omni.kit.widget.extended_searchfield-1.0.31] startup
[8.631s] [ext: omni.simready.content.browser-0.3.7] startup
[8.718s] [ext: isaacsim.gui.content_browser-0.4.3] startup
[8.721s] [ext: omni.kit.selection-0.1.6] startup
[8.722s] [ext: isaacsim.gui.menu-2.10.5] startup
[8.729s] [ext: isaacsim.gui.property-1.6.4] startup
[8.735s] [ext: omni.kit.viewport.actions-110.0.0] startup
[8.738s] [ext: omni.kit.viewport.menubar.display-107.1.3] startup
[8.740s] [ext: isaacsim.gui.sensors.icon-2.2.1] startup
[8.742s] [ext: omni.behavior.scripting.core-110.1.0] startup
[8.745s] [ext: isaacsim.replicator.behavior-1.5.4] startup
[8.745s] [ext: isaacsim.replicator.experimental.domain_randomization-1.2.5] startup
[8.759s] [ext: isaacsim.replicator.domain_randomization-1.2.2] startup
[8.825s] [ext: isaacsim.replicator.writers-1.5.4] startup
[8.847s] [ext: isaacsim.robot.experimental.wheeled_robots-0.2.11] startup
[8.866s] [ext: isaacsim.robot.policy.examples-5.2.12] startup
[8.883s] [ext: isaacsim.robot.wheeled_robots-5.2.4] startup
[8.887s] [ext: isaacsim.robot.wheeled_robots.nodes-0.1.5] startup
[8.903s] [ext: isaacsim.robot_motion.experimental.motion_generation-6.1.3] startup
[8.913s] [ext: isaacsim.robot_motion.cumotion-1.3.1] startup
[8.924s] [ext: omni.kit.numpy.common-0.1.3] startup
[8.926s] [ext: isaacsim.sensors.camera-1.7.9] startup
[8.952s] [ext: isaacsim.sensors.experimental.physics-3.0.2] startup
[8.959s] [ext: omni.sensors.net-1.0.1] startup
[8.961s] [ext: omni.sensors.nv.common-3.0.0] startup
[8.969s] [ext: omni.sensors.nv.materials-2.0.0] startup
[8.972s] [ext: omni.sensors.nv.acoustic-3.0.0] startup
[8.974s] [ext: omni.sensors.nv.ids-2.0.1] startup
[8.975s] [ext: omni.sensors.nv.lidar-3.0.0] startup
[8.990s] [ext: omni.sensors.nv.radar-3.0.0] startup
[8.992s] [ext: isaacsim.sensors.experimental.rtx-1.4.6] startup
[9.206s] [ext: isaacsim.sensors.physics.nodes-1.5.3] startup
[9.211s] [ext: isaacsim.util.debug_draw-3.2.3] startup
[9.215s] [ext: isaacsim.sensors.physx-2.5.5] startup
[9.221s] [ext: isaacsim.sensors.rtx-15.17.1] startup
[9.229s] [ext: isaacsim.simulation_app-2.18.4] startup
[9.230s] [ext: omni.anim.curve.core-1.6.0] startup
[9.238s] [ext: omni.graph.ui_nodes-2.11.1] startup
[9.258s] [ext: omni.hydra.scene_api-0.1.3] startup
[9.261s] [ext: omni.kit.manipulator.camera-110.0.0] startup
[9.264s] [ext: omni.kit.manipulator.selector-1.1.4] startup
[9.265s] [ext: omni.kit.manipulator.transform-107.0.0] startup
[9.269s] [ext: omni.kit.widget.toolbar-2.1.0] startup
[9.274s] [ext: omni.kit.manipulator.tool.snap-1.5.14] startup
[9.278s] [ext: omni.kit.viewport.manipulator.transform-107.0.4] startup
[9.279s] [ext: omni.kit.manipulator.prim.core-108.0.2] startup
[9.284s] [ext: omni.kit.manipulator.prim.usd-107.0.3] startup
[9.285s] [ext: omni.kit.manipulator.prim-108.0.0] startup
[9.285s] [ext: omni.kit.manipulator.selection-109.0.1] startup
[9.286s] [ext: omni.kit.menu.create-2.0.2] startup
[9.288s] [ext: omni.kit.property.audio-1.0.16] startup
[9.291s] [ext: omni.kit.property.camera-1.0.14] startup
[9.292s] [ext: omni.kit.property.geometry-2.1.2] startup
[9.295s] [ext: omni.kit.property.light-1.0.14] startup
2026-09-29T18:29:59Z [9,295ms] [Warning] [omni.usd] Encountered USD Warnings but USD Diagnostics are currently muted. To view USD Warnings, please set the '/persistent/app/usd/muteUsdDiagnostics' setting to false in Preferences page.
[9.321s] [ext: omni.kit.property.material-1.14.6] startup
[9.326s] [ext: omni.kit.property.render-1.2.2] startup
[9.327s] [ext: omni.kit.property.transform-1.6.9] startup
[9.330s] [ext: omni.kit.property.bundle-1.5.1] startup
[9.331s] [ext: omni.kit.usdz_export-1.1.0] startup
[9.333s] [ext: omni.kit.tool.asset_importer-6.0.1] startup
[9.337s] [ext: omni.kit.ui.actions-1.0.5] startup
[9.339s] [ext: omni.kit.viewport.menubar.camera-107.0.10] startup
[9.343s] [ext: omni.kit.viewport.menubar.lighting-107.3.2] startup
[9.345s] [ext: omni.kit.viewport.menubar.render-110.0.0] startup
[9.347s] [ext: omni.kit.viewport.menubar.settings-110.0.1] startup
[9.350s] [ext: omni.kit.window.console-1.1.9] startup
[9.353s] [ext: omni.kit.window.status_bar-0.1.11] startup
[9.355s] [ext: omni.kit.window.toolbar-3.0.3] startup
[9.357s] [ext: omni.ocio-0.1.1] startup
[9.358s] [ext: omni.physx.commands-110.1.13] startup
[9.361s] [ext: omni.replicator.replicator_yaml-2.0.12] startup
[9.370s] [ext: omni.rtx.window.settings-0.8.0] startup
[9.374s] [ext: omni.rtx.settings.core-0.7.1] startup
[9.377s] [ext: omni.usd.metrics.assembler.ui-110.1.1] startup
[9.383s] [ext: semantics.schema.editor-2.0.2] startup
[9.386s] [ext: semantics.schema.property-2.0.2] startup
[9.387s] [ext: omni.kit.menu.common-2.0.2] startup
[9.388s] [ext: isaacsim.exp.base-6.0.1] startup
[9.388s] [ext: isaacsim.exp.base.python-6.0.1] startup
[9.390s] Simulation App Starting
[10.453s] Simulation App Startup Complete
[10.458s] app ready
Starting kit application with the following args:  ['/home/starry/isaac-data/isaacsim/exts/isaacsim.simulation_app/isaacsim/simulation_app/simulation_app.py', '/home/starry/isaac-data/isaacsim/apps/isaacsim.exp.base.python.kit', '--/app/tokens/exe-path=/home/starry/isaac-data/isaacsim/kit', '--/persistent/app/viewport/displayOptions=3094', '--/rtx/materialDb/syncLoads=True', '--/rtx/hydra/materialSyncLoads=True', '--/omni/kit/plugin/syncUsdLoads=True', '--/app/renderer/resolution/width=1280', '--/app/renderer/resolution/height=720', '--/app/window/width=1440', '--/app/window/height=900', '--/renderer/multiGpu/enabled=False', '--/app/fastShutdown=True', '--/app/installSignalHandlers=0', '--ext-folder', '/home/starry/isaac-data/isaacsim/exts', '--ext-folder', '/home/starry/isaac-data/isaacsim/apps', '--/renderer/activeGpu=0', '--/physics/cudaDevice=0', '--/plugins/carb.tasking.plugin/threadCount=12', '--/plugins/omni.tbb.globalcontrol/maxThreadCount=12', '--portable', '--no-window', '--/app/window/hideUi=1']
Passing the following args to the base kit application:  []
Warp 1.13.0 initialized:
   CUDA Toolkit 12.9, Driver 13.0
   Devices:
     "cpu"      : "x86_64"
     "cuda:0"   : "NVIDIA GeForce RTX 5070" (11 GiB, sm_120, mempool enabled)
   Kernel cache:
     /home/starry/.cache/warp/1.13.0
[LIGHTING] sun=800.0 (1) dome=0.0 (1) ambient=0.05 constant_color=(0.6, 0.65, 0.7)
[RENDER] mode=MinimalRendering minimal_shading_mode=2 anti_aliasing=TAA
[DEPTH CAMERAS] count=4 resolution_each=320x240 horizontal_coverage=360deg
[ESDF] path=/home/starry/isaac-data/EGO1P1/scenes/ego_swarm_cloud/occupancy.bin shape=(400, 300, 50) resolution=0.40m
[depth_angular_controller-1] [INFO] [1790706603.482581503] [depth_angular_controller]: WAITING_ODOMETRY
[NAV] t=0.0s position=(-64.00,-11.20,2.80) yaw=1.2deg command=(0.00,0.00,0.00) manual_active=0 collision_blocks=0
[depth_angular_controller-1] [INFO] [1790706603.861517108] [depth_angular_controller]: WAITING_VERIFIED_START_POSE
[depth_angular_controller-1] [INFO] [1790706603.901073297] [depth_angular_controller]: VERIFIED_FREE_SEED center=(-64.000,-11.200,2.800) radius=2.500 balls=1: verified fixed Cloud free ball; USD and occupancy SHA-256 matched
[depth_angular_controller-1] [INFO] [1790706603.901195847] [depth_angular_controller]: ZERO_INTENT
[depth_angular_controller-1] [INFO] [1790706605.563170969] [depth_angular_controller]: DEPTH_PROPOSAL conservative_grid=64x48 measured_state=1 direction_only=1
[depth_angular_controller-1] [INFO] [1790706605.565078028] [depth_angular_controller]: DEPTH_PROPOSAL_CERTIFIED
[depth_angular_controller-1] [INFO] [1790706605.565101301] [depth_angular_controller]: PAPER_BUILD reason=FULL_MOTION_CERTIFICATE required=0.0000 best=0.0000 free=0 refined=0 tubes=0 revoked_tubes=0 proofs=0
[depth_angular_controller-1] [INFO] [1790706605.565109567] [depth_angular_controller]: PAPER_EVIDENCE retained=2 balls=1 revoked_balls=0 expired_views=0 evicted_views=0 radius=0.580 clearance=0.000 best_prefix=0.000
[depth_angular_controller-1] [INFO] [1790706606.579312733] [depth_angular_controller]: PAPER_BUILD reason=FULL_MOTION_CERTIFICATE required=0.0000 best=0.0000 free=0 refined=0 tubes=2 revoked_tubes=0 proofs=50
[depth_angular_controller-1] [INFO] [1790706606.579352388] [depth_angular_controller]: PAPER_EVIDENCE retained=3 balls=4 revoked_balls=0 expired_views=0 evicted_views=0 radius=0.580 clearance=0.000 best_prefix=0.000
[10.988s] [ext: isaacsim.sensors.rtx.nodes-0.1.2] startup
[10.996s] [ext: isaacsim.ros2.core-1.9.4] startup
[11.010s] Attempting to load system rclpy
[11.010s] Could not import system rclpy: No module named 'rclpy'
[11.010s] Attempting to load internal rclpy for ROS Distro: humble
[11.023s] rclpy loaded
[11.026s] [ext: isaacsim.ros2.nodes-1.18.13] startup
[11.061s] [ext: isaacsim.ros2.examples-1.2.4] startup
[11.065s] [ext: isaacsim.ros2.ui-1.6.5] startup
[11.293s] [ext: isaacsim.ros2.bridge-5.1.2] startup
2026-09-29T18:30:03Z [13,232ms] [Warning] [omni.timeline.plugin] Deprecated: direct use of ITimeline callbacks is deprecated. Use ITimeline::getTimeline (Python: omni.timeline.get_timeline_interface) instead.
[depth_angular_controller-1] [INFO] [1790706607.724419134] [depth_angular_controller]: PAPER_BUILD reason=FULL_MOTION_CERTIFICATE required=0.0000 best=0.0000 free=0 refined=0 tubes=5 revoked_tubes=0 proofs=106
[depth_angular_controller-1] [INFO] [1790706607.724460712] [depth_angular_controller]: PAPER_EVIDENCE retained=4 balls=15 revoked_balls=0 expired_views=0 evicted_views=0 radius=0.580 clearance=0.000 best_prefix=0.000
[position_cmd_to_twist-2] [INFO] [1790706608.639277025] [position_cmd_to_twist]: [PERF BRIDGE] run=iteration77_ego1p1_1 elapsed=18.49s received=295 published=295 fps(ros/wall)=60.00/61.83 controller_to_bridge_ms(mean/p50/p95/max)=0.000/0.000/0.000/0.000 bridge_process_ms(mean/p95/max)=0.095/0.128/0.862
[NAV] t=5.0s position=(-60.35,-10.17,2.82) yaw=9.7deg command=(1.95,0.43,-0.06) manual_active=1 collision_blocks=0
[depth_angular_controller-1] [INFO] [1790706608.708374409] [depth_angular_controller]: PAPER_BUILD reason=FULL_MOTION_CERTIFICATE required=0.0000 best=0.0000 free=0 refined=0 tubes=9 revoked_tubes=0 proofs=128
[depth_angular_controller-1] [INFO] [1790706608.708412761] [depth_angular_controller]: PAPER_EVIDENCE retained=5 balls=30 revoked_balls=0 expired_views=0 evicted_views=0 radius=0.580 clearance=0.000 best_prefix=0.000
[depth_angular_controller-1] [INFO] [1790706608.924374571] [depth_angular_controller]: [PERF CTRL] run=iteration77_ego1p1_1 elapsed=18.89s callbacks=312 commands=311 guidance=191 command_fps(ros/wall)=60.00/61.23 guidance_wall_fps=56.53 avoid_ms(mean/p50/p95/max)=0.762/0.769/1.153/1.850 cycle_ms(mean/p95/max)=16.332/19.234/77.948 depth_to_cmd_ms(mean/p95/max)=58.377/100.000/100.000 callback_to_publish_ms(mean/p95/max)=0.930/3.062/13.651
[depth_angular_controller-1] [INFO] [1790706608.924434052] [depth_angular_controller]: EVIDENCE_COST ingest(mean/p95/max)=0.375/2.283/13.598 record=0.010/0.014/0.116 ms
[depth_angular_controller-1] [INFO] [1790706608.924441326] [depth_angular_controller]: EVIDENCE_PHASE per_view_mean_ms balls=0.081 tubes=0.010 history=0.213 eviction=0.000
[depth_angular_controller-1] [INFO] [1790706609.828552501] [depth_angular_controller]: PAPER_BUILD reason=FULL_MOTION_CERTIFICATE required=0.0000 best=0.0000 free=0 refined=0 tubes=13 revoked_tubes=0 proofs=128
[depth_angular_controller-1] [INFO] [1790706609.828593828] [depth_angular_controller]: PAPER_EVIDENCE retained=6 balls=32 revoked_balls=0 expired_views=0 evicted_views=0 radius=0.580 clearance=0.000 best_prefix=0.000
[depth_angular_controller-1] [INFO] [1790706610.824851479] [depth_angular_controller]: PAPER_BUILD reason=FULL_MOTION_CERTIFICATE required=0.0000 best=0.0000 free=0 refined=0 tubes=17 revoked_tubes=0 proofs=128
[depth_angular_controller-1] [INFO] [1790706610.824893769] [depth_angular_controller]: PAPER_EVIDENCE retained=7 balls=32 revoked_balls=0 expired_views=0 evicted_views=0 radius=0.580 clearance=0.000 best_prefix=0.000
[depth_angular_controller-1] [INFO] [1790706611.833937062] [depth_angular_controller]: PAPER_BUILD reason=FULL_MOTION_CERTIFICATE required=0.0000 best=0.0000 free=0 refined=0 tubes=21 revoked_tubes=0 proofs=128
[depth_angular_controller-1] [INFO] [1790706611.834344978] [depth_angular_controller]: PAPER_EVIDENCE retained=8 balls=32 revoked_balls=0 expired_views=0 evicted_views=0 radius=0.580 clearance=0.000 best_prefix=0.000
[depth_angular_controller-1] [INFO] [1790706612.830608560] [depth_angular_controller]: PAPER_BUILD reason=FULL_MOTION_CERTIFICATE required=0.0000 best=0.0000 free=0 refined=0 tubes=25 revoked_tubes=0 proofs=128
[depth_angular_controller-1] [INFO] [1790706612.830651871] [depth_angular_controller]: PAPER_EVIDENCE retained=9 balls=32 revoked_balls=0 expired_views=0 evicted_views=0 radius=0.580 clearance=0.000 best_prefix=0.000
[position_cmd_to_twist-2] [INFO] [1790706613.682082309] [position_cmd_to_twist]: [PERF BRIDGE] run=iteration77_ego1p1_1 elapsed=23.54s received=595 published=595 fps(ros/wall)=60.00/60.58 controller_to_bridge_ms(mean/p50/p95/max)=0.000/0.000/0.000/0.000 bridge_process_ms(mean/p95/max)=0.093/0.119/0.896
[NAV] t=10.0s position=(-50.53,-8.90,2.25) yaw=10.0deg command=(1.98,-0.16,-0.21) manual_active=1 collision_blocks=0
[depth_angular_controller-1] [INFO] [1790706613.760584030] [depth_angular_controller]: PAPER_BUILD reason=FULL_MOTION_CERTIFICATE required=0.0000 best=0.0000 free=0 refined=0 tubes=29 revoked_tubes=0 proofs=128
[depth_angular_controller-1] [INFO] [1790706613.760621100] [depth_angular_controller]: PAPER_EVIDENCE retained=10 balls=32 revoked_balls=0 expired_views=0 evicted_views=0 radius=0.580 clearance=0.000 best_prefix=0.000
[depth_angular_controller-1] [INFO] [1790706613.932057887] [depth_angular_controller]: [PERF CTRL] run=iteration77_ego1p1_1 elapsed=23.90s callbacks=613 commands=612 guidance=492 command_fps(ros/wall)=60.00/60.67 guidance_wall_fps=58.67 avoid_ms(mean/p50/p95/max)=0.757/0.696/1.353/2.422 cycle_ms(mean/p95/max)=16.482/19.042/80.877 depth_to_cmd_ms(mean/p95/max)=58.740/100.000/116.667 callback_to_publish_ms(mean/p95/max)=1.088/3.340/13.651
[depth_angular_controller-1] [INFO] [1790706613.932140311] [depth_angular_controller]: EVIDENCE_COST ingest(mean/p95/max)=0.385/2.283/13.598 record=0.012/0.016/0.116 ms
[depth_angular_controller-1] [INFO] [1790706613.932147585] [depth_angular_controller]: EVIDENCE_PHASE per_view_mean_ms balls=0.081 tubes=0.013 history=0.236 eviction=0.000
[depth_angular_controller-1] [INFO] [1790706614.705964929] [depth_angular_controller]: PAPER_BUILD reason=FULL_MOTION_CERTIFICATE required=0.0000 best=0.0000 free=0 refined=0 tubes=33 revoked_tubes=0 proofs=128
[depth_angular_controller-1] [INFO] [1790706614.706009533] [depth_angular_controller]: PAPER_EVIDENCE retained=11 balls=32 revoked_balls=0 expired_views=0 evicted_views=0 radius=0.580 clearance=0.000 best_prefix=0.000
[depth_angular_controller-1] [INFO] [1790706615.773685152] [depth_angular_controller]: PAPER_BUILD reason=FULL_MOTION_CERTIFICATE required=0.0000 best=0.0000 free=0 refined=0 tubes=37 revoked_tubes=0 proofs=128
[depth_angular_controller-1] [INFO] [1790706615.773725558] [depth_angular_controller]: PAPER_EVIDENCE retained=12 balls=32 revoked_balls=0 expired_views=0 evicted_views=0 radius=0.580 clearance=0.000 best_prefix=0.000
[depth_angular_controller-1] [INFO] [1790706616.833460466] [depth_angular_controller]: PAPER_BUILD reason=FULL_MOTION_CERTIFICATE required=0.0000 best=0.0000 free=0 refined=0 tubes=41 revoked_tubes=0 proofs=128
[depth_angular_controller-1] [INFO] [1790706616.833499369] [depth_angular_controller]: PAPER_EVIDENCE retained=13 balls=32 revoked_balls=0 expired_views=0 evicted_views=0 radius=0.580 clearance=0.000 best_prefix=0.000
[depth_angular_controller-1] [INFO] [1790706617.896105425] [depth_angular_controller]: PAPER_BUILD reason=FULL_MOTION_CERTIFICATE required=0.0000 best=0.0000 free=0 refined=0 tubes=45 revoked_tubes=0 proofs=128
[depth_angular_controller-1] [INFO] [1790706617.896145570] [depth_angular_controller]: PAPER_EVIDENCE retained=14 balls=32 revoked_balls=0 expired_views=0 evicted_views=0 radius=0.580 clearance=0.000 best_prefix=0.000
[position_cmd_to_twist-2] [INFO] [1790706618.757930569] [position_cmd_to_twist]: [PERF BRIDGE] run=iteration77_ego1p1_1 elapsed=28.61s received=895 published=895 fps(ros/wall)=60.00/60.08 controller_to_bridge_ms(mean/p50/p95/max)=0.000/0.000/0.000/0.000 bridge_process_ms(mean/p95/max)=0.092/0.116/0.896
[NAV] t=15.0s position=(-41.07,-8.72,3.15) yaw=10.7deg command=(1.78,0.85,0.32) manual_active=1 collision_blocks=0
[depth_angular_controller-1] [INFO] [1790706618.834381372] [depth_angular_controller]: PAPER_BUILD reason=FULL_MOTION_CERTIFICATE required=0.0000 best=0.0000 free=0 refined=0 tubes=49 revoked_tubes=0 proofs=128
[depth_angular_controller-1] [INFO] [1790706618.834422779] [depth_angular_controller]: PAPER_EVIDENCE retained=14 balls=32 revoked_balls=0 expired_views=0 evicted_views=0 radius=0.580 clearance=0.000 best_prefix=0.000
[depth_angular_controller-1] [INFO] [1790706618.942999126] [depth_angular_controller]: [PERF CTRL] run=iteration77_ego1p1_1 elapsed=28.91s callbacks=909 commands=908 guidance=788 command_fps(ros/wall)=60.00/60.14 guidance_wall_fps=58.82 avoid_ms(mean/p50/p95/max)=0.956/0.943/1.694/2.906 cycle_ms(mean/p95/max)=16.628/18.775/80.877 depth_to_cmd_ms(mean/p95/max)=58.883/100.000/116.667 callback_to_publish_ms(mean/p95/max)=1.312/3.513/13.651
[depth_angular_controller-1] [INFO] [1790706618.943104013] [depth_angular_controller]: EVIDENCE_COST ingest(mean/p95/max)=0.377/2.335/13.598 record=0.013/0.017/0.116 ms
[depth_angular_controller-1] [INFO] [1790706618.943111297] [depth_angular_controller]: EVIDENCE_PHASE per_view_mean_ms balls=0.077 tubes=0.014 history=0.234 eviction=0.000
[depth_angular_controller-1] [INFO] [1790706619.903217418] [depth_angular_controller]: PAPER_BUILD reason=FULL_MOTION_CERTIFICATE required=0.0000 best=0.0000 free=0 refined=0 tubes=53 revoked_tubes=0 proofs=128
[depth_angular_controller-1] [INFO] [1790706619.903257343] [depth_angular_controller]: PAPER_EVIDENCE retained=14 balls=32 revoked_balls=0 expired_views=0 evicted_views=0 radius=0.580 clearance=0.000 best_prefix=0.000
[depth_angular_controller-1] [INFO] [1790706620.846633360] [depth_angular_controller]: PAPER_BUILD reason=FULL_MOTION_CERTIFICATE required=0.0000 best=0.0000 free=0 refined=0 tubes=57 revoked_tubes=0 proofs=128
[depth_angular_controller-1] [INFO] [1790706620.846673736] [depth_angular_controller]: PAPER_EVIDENCE retained=15 balls=32 revoked_balls=0 expired_views=0 evicted_views=0 radius=0.580 clearance=0.000 best_prefix=0.000
[depth_angular_controller-1] [INFO] [1790706621.850615416] [depth_angular_controller]: PAPER_BUILD reason=FULL_MOTION_CERTIFICATE required=0.0000 best=0.0000 free=0 refined=0 tubes=61 revoked_tubes=0 proofs=128
[depth_angular_controller-1] [INFO] [1790706621.850657806] [depth_angular_controller]: PAPER_EVIDENCE retained=16 balls=32 revoked_balls=0 expired_views=0 evicted_views=0 radius=0.580 clearance=0.000 best_prefix=0.000
[depth_angular_controller-1] [INFO] [1790706622.795102368] [depth_angular_controller]: PAPER_BUILD reason=FULL_MOTION_CERTIFICATE required=0.0000 best=0.0000 free=0 refined=0 tubes=65 revoked_tubes=0 proofs=128
[depth_angular_controller-1] [INFO] [1790706622.795142513] [depth_angular_controller]: PAPER_EVIDENCE retained=16 balls=32 revoked_balls=0 expired_views=0 evicted_views=1 radius=0.580 clearance=0.000 best_prefix=0.000
[position_cmd_to_twist-2] [INFO] [1790706623.776574373] [position_cmd_to_twist]: [PERF BRIDGE] run=iteration77_ego1p1_1 elapsed=33.63s received=1195 published=1195 fps(ros/wall)=60.00/60.00 controller_to_bridge_ms(mean/p50/p95/max)=0.000/0.000/0.000/0.000 bridge_process_ms(mean/p95/max)=0.095/0.124/0.896
[NAV] t=20.0s position=(-32.82,-3.33,3.19) yaw=8.5deg command=(1.92,0.46,-0.08) manual_active=1 collision_blocks=0
[depth_angular_controller-1] [INFO] [1790706623.853981590] [depth_angular_controller]: PAPER_BUILD reason=FULL_MOTION_CERTIFICATE required=0.0000 best=0.0000 free=0 refined=0 tubes=69 revoked_tubes=0 proofs=128
[depth_angular_controller-1] [INFO] [1790706623.854023449] [depth_angular_controller]: PAPER_EVIDENCE retained=16 balls=32 revoked_balls=0 expired_views=0 evicted_views=2 radius=0.580 clearance=0.000 best_prefix=0.000
[depth_angular_controller-1] [INFO] [1790706623.948692298] [depth_angular_controller]: [PERF CTRL] run=iteration77_ego1p1_1 elapsed=33.92s callbacks=1208 commands=1207 guidance=1087 command_fps(ros/wall)=60.00/60.04 guidance_wall_fps=59.07 avoid_ms(mean/p50/p95/max)=1.039/1.090/1.660/2.906 cycle_ms(mean/p95/max)=16.656/18.836/80.877 depth_to_cmd_ms(mean/p95/max)=58.709/100.000/116.667 callback_to_publish_ms(mean/p95/max)=1.415/3.513/13.651
[depth_angular_controller-1] [INFO] [1790706623.948816982] [depth_angular_controller]: EVIDENCE_COST ingest(mean/p95/max)=0.370/2.282/13.598 record=0.014/0.018/0.116 ms
[depth_angular_controller-1] [INFO] [1790706623.948827171] [depth_angular_controller]: EVIDENCE_PHASE per_view_mean_ms balls=0.077 tubes=0.015 history=0.226 eviction=0.001
[depth_angular_controller-1] [INFO] [1790706624.795121300] [depth_angular_controller]: PAPER_BUILD reason=FULL_MOTION_CERTIFICATE required=0.0000 best=0.0000 free=0 refined=0 tubes=73 revoked_tubes=0 proofs=128
[depth_angular_controller-1] [INFO] [1790706624.795161736] [depth_angular_controller]: PAPER_EVIDENCE retained=16 balls=32 revoked_balls=0 expired_views=0 evicted_views=3 radius=0.580 clearance=0.000 best_prefix=0.000
[depth_angular_controller-1] [INFO] [1790706625.918811453] [depth_angular_controller]: PAPER_BUILD reason=FULL_MOTION_CERTIFICATE required=0.0000 best=0.0000 free=0 refined=0 tubes=77 revoked_tubes=0 proofs=128
[depth_angular_controller-1] [INFO] [1790706625.918851067] [depth_angular_controller]: PAPER_EVIDENCE retained=16 balls=32 revoked_balls=0 expired_views=0 evicted_views=4 radius=0.580 clearance=0.000 best_prefix=0.000
[depth_angular_controller-1] [INFO] [1790706626.854623676] [depth_angular_controller]: PAPER_BUILD reason=FULL_MOTION_CERTIFICATE required=0.0000 best=0.0000 free=0 refined=0 tubes=81 revoked_tubes=0 proofs=128
[depth_angular_controller-1] [INFO] [1790706626.854663230] [depth_angular_controller]: PAPER_EVIDENCE retained=16 balls=32 revoked_balls=0 expired_views=0 evicted_views=5 radius=0.580 clearance=0.000 best_prefix=0.000
[depth_angular_controller-1] [INFO] [1790706627.859605829] [depth_angular_controller]: PAPER_BUILD reason=FULL_MOTION_CERTIFICATE required=0.0000 best=0.0000 free=0 refined=0 tubes=85 revoked_tubes=0 proofs=128
[depth_angular_controller-1] [INFO] [1790706627.859643419] [depth_angular_controller]: PAPER_EVIDENCE retained=16 balls=32 revoked_balls=0 expired_views=0 evicted_views=6 radius=0.580 clearance=0.000 best_prefix=0.000
[position_cmd_to_twist-2] [INFO] [1790706628.777232857] [position_cmd_to_twist]: [PERF BRIDGE] run=iteration77_ego1p1_1 elapsed=38.63s received=1495 published=1495 fps(ros/wall)=60.00/60.00 controller_to_bridge_ms(mean/p50/p95/max)=0.000/0.000/0.000/0.000 bridge_process_ms(mean/p95/max)=0.092/0.118/0.896
[NAV] t=25.0s position=(-22.94,-1.83,3.08) yaw=8.5deg command=(1.98,0.30,-0.01) manual_active=1 collision_blocks=0
[depth_angular_controller-1] [INFO] [1790706628.850727362] [depth_angular_controller]: PAPER_BUILD reason=FULL_MOTION_CERTIFICATE required=0.0000 best=0.0000 free=0 refined=0 tubes=89 revoked_tubes=0 proofs=128
[depth_angular_controller-1] [INFO] [1790706628.850775432] [depth_angular_controller]: PAPER_EVIDENCE retained=16 balls=32 revoked_balls=0 expired_views=0 evicted_views=7 radius=0.580 clearance=0.000 best_prefix=0.000
[depth_angular_controller-1] [INFO] [1790706628.949638842] [depth_angular_controller]: [PERF CTRL] run=iteration77_ego1p1_1 elapsed=38.92s callbacks=1508 commands=1507 guidance=1387 command_fps(ros/wall)=60.00/60.03 guidance_wall_fps=59.27 avoid_ms(mean/p50/p95/max)=0.934/0.873/1.589/2.906 cycle_ms(mean/p95/max)=16.659/18.808/80.877 depth_to_cmd_ms(mean/p95/max)=58.772/100.000/116.667 callback_to_publish_ms(mean/p95/max)=1.337/3.363/13.651
[depth_angular_controller-1] [INFO] [1790706628.949770580] [depth_angular_controller]: EVIDENCE_COST ingest(mean/p95/max)=0.369/2.244/13.598 record=0.018/0.019/0.973 ms
[depth_angular_controller-1] [INFO] [1790706628.949778194] [depth_angular_controller]: EVIDENCE_PHASE per_view_mean_ms balls=0.076 tubes=0.017 history=0.226 eviction=0.001
[depth_angular_controller-1] [INFO] [1790706629.850955984] [depth_angular_controller]: PAPER_BUILD reason=FULL_MOTION_CERTIFICATE required=0.0000 best=0.0000 free=0 refined=0 tubes=93 revoked_tubes=0 proofs=128
[depth_angular_controller-1] [INFO] [1790706629.851002111] [depth_angular_controller]: PAPER_EVIDENCE retained=15 balls=32 revoked_balls=0 expired_views=0 evicted_views=8 radius=0.580 clearance=0.000 best_prefix=0.000
[depth_angular_controller-1] [INFO] [1790706630.908228953] [depth_angular_controller]: PAPER_BUILD reason=FULL_MOTION_CERTIFICATE required=0.0000 best=0.0000 free=0 refined=0 tubes=97 revoked_tubes=0 proofs=128
[depth_angular_controller-1] [INFO] [1790706630.908644873] [depth_angular_controller]: PAPER_EVIDENCE retained=16 balls=32 revoked_balls=0 expired_views=0 evicted_views=8 radius=0.580 clearance=0.000 best_prefix=0.000
[depth_angular_controller-1] [INFO] [1790706631.982606238] [depth_angular_controller]: PAPER_BUILD reason=FULL_MOTION_CERTIFICATE required=0.0000 best=0.0000 free=0 refined=0 tubes=102 revoked_tubes=0 proofs=128
[depth_angular_controller-1] [INFO] [1790706631.982646393] [depth_angular_controller]: PAPER_EVIDENCE retained=16 balls=32 revoked_balls=0 expired_views=0 evicted_views=9 radius=0.580 clearance=0.000 best_prefix=0.000
[depth_angular_controller-1] [INFO] [1790706633.053076080] [depth_angular_controller]: PAPER_BUILD reason=FULL_MOTION_CERTIFICATE required=0.0000 best=0.0000 free=0 refined=0 tubes=106 revoked_tubes=0 proofs=128
[depth_angular_controller-1] [INFO] [1790706633.053116476] [depth_angular_controller]: PAPER_EVIDENCE retained=16 balls=32 revoked_balls=0 expired_views=0 evicted_views=10 radius=0.580 clearance=0.000 best_prefix=0.000
[depth_angular_controller-1] [INFO] [1790706633.953355655] [depth_angular_controller]: [PERF CTRL] run=iteration77_ego1p1_1 elapsed=43.92s callbacks=1795 commands=1794 guidance=1674 command_fps(ros/wall)=60.00/59.58 guidance_wall_fps=58.93 avoid_ms(mean/p50/p95/max)=0.964/0.928/1.589/2.968 cycle_ms(mean/p95/max)=16.783/18.775/82.367 depth_to_cmd_ms(mean/p95/max)=58.692/100.000/116.667 callback_to_publish_ms(mean/p95/max)=1.370/3.308/13.651
[depth_angular_controller-1] [INFO] [1790706633.953921757] [depth_angular_controller]: EVIDENCE_COST ingest(mean/p95/max)=0.354/2.178/13.598 record=0.021/0.020/0.973 ms
[depth_angular_controller-1] [INFO] [1790706633.954080085] [depth_angular_controller]: EVIDENCE_PHASE per_view_mean_ms balls=0.072 tubes=0.017 history=0.215 eviction=0.001
[position_cmd_to_twist-2] [INFO] [1790706633.982818714] [position_cmd_to_twist]: [PERF BRIDGE] run=iteration77_ego1p1_1 elapsed=43.84s received=1795 published=1795 fps(ros/wall)=60.00/59.59 controller_to_bridge_ms(mean/p50/p95/max)=0.000/0.000/0.000/0.000 bridge_process_ms(mean/p95/max)=0.093/0.120/0.896
[NAV] t=30.0s position=(-13.24,-2.27,3.81) yaw=9.9deg command=(1.96,-0.28,0.27) manual_active=1 collision_blocks=0
[depth_angular_controller-1] [INFO] [1790706634.064396036] [depth_angular_controller]: PAPER_BUILD reason=FULL_MOTION_CERTIFICATE required=0.0000 best=0.0000 free=0 refined=0 tubes=110 revoked_tubes=0 proofs=128
[depth_angular_controller-1] [INFO] [1790706634.064437965] [depth_angular_controller]: PAPER_EVIDENCE retained=16 balls=32 revoked_balls=0 expired_views=0 evicted_views=11 radius=0.580 clearance=0.000 best_prefix=0.000
[depth_angular_controller-1] [INFO] [1790706635.074323940] [depth_angular_controller]: PAPER_BUILD reason=FULL_MOTION_CERTIFICATE required=0.0000 best=0.0000 free=0 refined=0 tubes=114 revoked_tubes=0 proofs=128
[depth_angular_controller-1] [INFO] [1790706635.074360919] [depth_angular_controller]: PAPER_EVIDENCE retained=16 balls=32 revoked_balls=0 expired_views=0 evicted_views=12 radius=0.580 clearance=0.000 best_prefix=0.000
[depth_angular_controller-1] [INFO] [1790706636.030688220] [depth_angular_controller]: PAPER_BUILD reason=FULL_MOTION_CERTIFICATE required=0.0000 best=0.0000 free=0 refined=0 tubes=118 revoked_tubes=0 proofs=128
[depth_angular_controller-1] [INFO] [1790706636.031132263] [depth_angular_controller]: PAPER_EVIDENCE retained=16 balls=32 revoked_balls=0 expired_views=0 evicted_views=13 radius=0.580 clearance=0.000 best_prefix=0.000
[depth_angular_controller-1] [INFO] [1790706637.107851753] [depth_angular_controller]: PAPER_BUILD reason=FULL_MOTION_CERTIFICATE required=0.0000 best=0.0000 free=0 refined=0 tubes=122 revoked_tubes=0 proofs=128
[depth_angular_controller-1] [INFO] [1790706637.107892440] [depth_angular_controller]: PAPER_EVIDENCE retained=16 balls=32 revoked_balls=0 expired_views=0 evicted_views=14 radius=0.580 clearance=0.000 best_prefix=0.000
[depth_angular_controller-1] [INFO] [1790706638.055254266] [depth_angular_controller]: PAPER_BUILD reason=FULL_MOTION_CERTIFICATE required=0.0000 best=0.0000 free=0 refined=0 tubes=126 revoked_tubes=0 proofs=128
[depth_angular_controller-1] [INFO] [1790706638.055294992] [depth_angular_controller]: PAPER_EVIDENCE retained=16 balls=32 revoked_balls=0 expired_views=0 evicted_views=15 radius=0.580 clearance=0.000 best_prefix=0.000
[depth_angular_controller-1] [INFO] [1790706638.961812803] [depth_angular_controller]: [PERF CTRL] run=iteration77_ego1p1_1 elapsed=48.93s callbacks=2092 commands=2091 guidance=1971 command_fps(ros/wall)=60.00/59.54 guidance_wall_fps=58.98 avoid_ms(mean/p50/p95/max)=1.014/1.066/1.623/3.006 cycle_ms(mean/p95/max)=16.794/18.822/82.367 depth_to_cmd_ms(mean/p95/max)=58.676/100.000/116.667 callback_to_publish_ms(mean/p95/max)=1.432/3.433/13.651
[depth_angular_controller-1] [INFO] [1790706638.961999193] [depth_angular_controller]: EVIDENCE_COST ingest(mean/p95/max)=0.357/2.215/13.598 record=0.020/0.020/0.973 ms
[depth_angular_controller-1] [INFO] [1790706638.962008481] [depth_angular_controller]: EVIDENCE_PHASE per_view_mean_ms balls=0.071 tubes=0.018 history=0.217 eviction=0.001
[position_cmd_to_twist-2] [INFO] [1790706639.103882071] [position_cmd_to_twist]: [PERF BRIDGE] run=iteration77_ego1p1_1 elapsed=48.96s received=2095 published=2095 fps(ros/wall)=60.00/59.45 controller_to_bridge_ms(mean/p50/p95/max)=0.000/0.000/0.000/0.000 bridge_process_ms(mean/p95/max)=0.093/0.121/0.896
[NAV] t=35.0s position=(-3.64,-4.08,3.40) yaw=12.7deg command=(1.91,-0.38,-0.44) manual_active=1 collision_blocks=0
[depth_angular_controller-1] [INFO] [1790706639.182477458] [depth_angular_controller]: PAPER_BUILD reason=FULL_MOTION_CERTIFICATE required=0.0000 best=0.0000 free=0 refined=0 tubes=130 revoked_tubes=0 proofs=128
[depth_angular_controller-1] [INFO] [1790706639.182516772] [depth_angular_controller]: PAPER_EVIDENCE retained=16 balls=32 revoked_balls=0 expired_views=0 evicted_views=16 radius=0.580 clearance=0.000 best_prefix=0.000
[depth_angular_controller-1] [INFO] [1790706640.119622021] [depth_angular_controller]: PAPER_BUILD reason=FULL_MOTION_CERTIFICATE required=0.0000 best=0.0000 free=0 refined=0 tubes=134 revoked_tubes=0 proofs=128
[depth_angular_controller-1] [INFO] [1790706640.119664601] [depth_angular_controller]: PAPER_EVIDENCE retained=16 balls=32 revoked_balls=0 expired_views=0 evicted_views=17 radius=0.580 clearance=0.000 best_prefix=0.000
[depth_angular_controller-1] [INFO] [1790706641.117740965] [depth_angular_controller]: PAPER_BUILD reason=FULL_MOTION_CERTIFICATE required=0.0000 best=0.0000 free=0 refined=0 tubes=138 revoked_tubes=0 proofs=128
[depth_angular_controller-1] [INFO] [1790706641.117780820] [depth_angular_controller]: PAPER_EVIDENCE retained=16 balls=32 revoked_balls=0 expired_views=0 evicted_views=18 radius=0.580 clearance=0.000 best_prefix=0.000
[depth_angular_controller-1] [INFO] [1790706642.183641744] [depth_angular_controller]: PAPER_BUILD reason=FULL_MOTION_CERTIFICATE required=0.0000 best=0.0000 free=0 refined=0 tubes=142 revoked_tubes=0 proofs=128
[depth_angular_controller-1] [INFO] [1790706642.183680737] [depth_angular_controller]: PAPER_EVIDENCE retained=16 balls=32 revoked_balls=0 expired_views=0 evicted_views=19 radius=0.580 clearance=0.000 best_prefix=0.000
[depth_angular_controller-1] [INFO] [1790706643.182434131] [depth_angular_controller]: PAPER_BUILD reason=FULL_MOTION_CERTIFICATE required=0.0000 best=0.0000 free=0 refined=0 tubes=146 revoked_tubes=0 proofs=128
[depth_angular_controller-1] [INFO] [1790706643.182473946] [depth_angular_controller]: PAPER_EVIDENCE retained=16 balls=32 revoked_balls=0 expired_views=0 evicted_views=20 radius=0.580 clearance=0.000 best_prefix=0.000
[depth_angular_controller-1] [INFO] [1790706643.976836825] [depth_angular_controller]: [PERF CTRL] run=iteration77_ego1p1_1 elapsed=53.95s callbacks=2385 commands=2384 guidance=2264 command_fps(ros/wall)=60.00/59.40 guidance_wall_fps=58.91 avoid_ms(mean/p50/p95/max)=0.990/1.027/1.598/3.006 cycle_ms(mean/p95/max)=16.834/18.836/82.367 depth_to_cmd_ms(mean/p95/max)=58.746/100.000/116.667 callback_to_publish_ms(mean/p95/max)=1.423/3.499/13.651
[depth_angular_controller-1] [INFO] [1790706643.977039084] [depth_angular_controller]: EVIDENCE_COST ingest(mean/p95/max)=0.364/2.262/13.598 record=0.020/0.020/0.973 ms
[depth_angular_controller-1] [INFO] [1790706643.977045326] [depth_angular_controller]: EVIDENCE_PHASE per_view_mean_ms balls=0.071 tubes=0.019 history=0.224 eviction=0.001
[position_cmd_to_twist-2] [INFO] [1790706644.221900395] [position_cmd_to_twist]: [PERF BRIDGE] run=iteration77_ego1p1_1 elapsed=54.08s received=2395 published=2395 fps(ros/wall)=60.00/59.34 controller_to_bridge_ms(mean/p50/p95/max)=0.000/0.000/0.000/0.000 bridge_process_ms(mean/p95/max)=0.093/0.121/0.896
[NAV] t=40.0s position=(6.14,-3.14,2.78) yaw=13.9deg command=(1.94,0.48,0.00) manual_active=1 collision_blocks=0
[depth_angular_controller-1] [INFO] [1790706644.300354476] [depth_angular_controller]: PAPER_BUILD reason=FULL_MOTION_CERTIFICATE required=0.0000 best=0.0000 free=0 refined=0 tubes=150 revoked_tubes=0 proofs=128
[depth_angular_controller-1] [INFO] [1790706644.300394962] [depth_angular_controller]: PAPER_EVIDENCE retained=16 balls=32 revoked_balls=0 expired_views=0 evicted_views=21 radius=0.580 clearance=0.000 best_prefix=0.000
[depth_angular_controller-1] [INFO] [1790706645.283554394] [depth_angular_controller]: PAPER_BUILD reason=FULL_MOTION_CERTIFICATE required=0.0000 best=0.0000 free=0 refined=0 tubes=154 revoked_tubes=0 proofs=128
[depth_angular_controller-1] [INFO] [1790706645.283595371] [depth_angular_controller]: PAPER_EVIDENCE retained=16 balls=32 revoked_balls=0 expired_views=0 evicted_views=22 radius=0.580 clearance=0.000 best_prefix=0.000
[depth_angular_controller-1] [INFO] [1790706646.335097129] [depth_angular_controller]: PAPER_BUILD reason=FULL_MOTION_CERTIFICATE required=0.0000 best=0.0000 free=0 refined=0 tubes=158 revoked_tubes=0 proofs=128
[depth_angular_controller-1] [INFO] [1790706646.335138527] [depth_angular_controller]: PAPER_EVIDENCE retained=16 balls=32 revoked_balls=0 expired_views=0 evicted_views=23 radius=0.580 clearance=0.000 best_prefix=0.000
[depth_angular_controller-1] [INFO] [1790706647.397314696] [depth_angular_controller]: PAPER_BUILD reason=FULL_MOTION_CERTIFICATE required=0.0000 best=0.0000 free=0 refined=0 tubes=162 revoked_tubes=0 proofs=128
[depth_angular_controller-1] [INFO] [1790706647.397354050] [depth_angular_controller]: PAPER_EVIDENCE retained=16 balls=32 revoked_balls=0 expired_views=0 evicted_views=24 radius=0.580 clearance=0.000 best_prefix=0.000
[depth_angular_controller-1] [INFO] [1790706648.387172277] [depth_angular_controller]: PAPER_BUILD reason=FULL_MOTION_CERTIFICATE required=0.0000 best=0.0000 free=0 refined=0 tubes=166 revoked_tubes=0 proofs=128
[depth_angular_controller-1] [INFO] [1790706648.387212503] [depth_angular_controller]: PAPER_EVIDENCE retained=16 balls=32 revoked_balls=0 expired_views=0 evicted_views=25 radius=0.580 clearance=0.000 best_prefix=0.000
[depth_angular_controller-1] [INFO] [1790706648.990875226] [depth_angular_controller]: [PERF CTRL] run=iteration77_ego1p1_1 elapsed=58.96s callbacks=2677 commands=2676 guidance=2556 command_fps(ros/wall)=60.00/59.27 guidance_wall_fps=58.83 avoid_ms(mean/p50/p95/max)=0.935/0.841/1.567/3.006 cycle_ms(mean/p95/max)=16.871/18.781/82.367 depth_to_cmd_ms(mean/p95/max)=58.685/100.000/116.667 callback_to_publish_ms(mean/p95/max)=1.370/3.404/13.651
[depth_angular_controller-1] [INFO] [1790706648.991116870] [depth_angular_controller]: EVIDENCE_COST ingest(mean/p95/max)=0.362/2.209/13.598 record=0.020/0.020/0.973 ms
[depth_angular_controller-1] [INFO] [1790706648.991124654] [depth_angular_controller]: EVIDENCE_PHASE per_view_mean_ms balls=0.071 tubes=0.020 history=0.221 eviction=0.001
[position_cmd_to_twist-2] [INFO] [1790706649.306485930] [position_cmd_to_twist]: [PERF BRIDGE] run=iteration77_ego1p1_1 elapsed=59.16s received=2695 published=2695 fps(ros/wall)=60.00/59.30 controller_to_bridge_ms(mean/p50/p95/max)=0.000/0.000/0.000/0.000 bridge_process_ms(mean/p95/max)=0.092/0.120/0.896
[NAV] t=45.0s position=(15.85,-0.73,2.78) yaw=13.9deg command=(1.94,0.48,0.00) manual_active=1 collision_blocks=0
[depth_angular_controller-1] [INFO] [1790706649.384637645] [depth_angular_controller]: PAPER_BUILD reason=FULL_MOTION_CERTIFICATE required=0.0000 best=0.0000 free=0 refined=0 tubes=170 revoked_tubes=0 proofs=128
[depth_angular_controller-1] [INFO] [1790706649.384674444] [depth_angular_controller]: PAPER_EVIDENCE retained=16 balls=32 revoked_balls=0 expired_views=0 evicted_views=26 radius=0.580 clearance=0.000 best_prefix=0.000
[depth_angular_controller-1] [INFO] [1790706650.575677822] [depth_angular_controller]: PAPER_BUILD reason=FULL_MOTION_CERTIFICATE required=0.0000 best=0.0000 free=0 refined=0 tubes=174 revoked_tubes=0 proofs=128
[depth_angular_controller-1] [INFO] [1790706650.575719109] [depth_angular_controller]: PAPER_EVIDENCE retained=16 balls=32 revoked_balls=0 expired_views=0 evicted_views=27 radius=0.580 clearance=0.000 best_prefix=0.000
[depth_angular_controller-1] [INFO] [1790706651.530255188] [depth_angular_controller]: PAPER_BUILD reason=FULL_MOTION_CERTIFICATE required=0.0000 best=0.0000 free=0 refined=0 tubes=178 revoked_tubes=0 proofs=128
[depth_angular_controller-1] [INFO] [1790706651.530295624] [depth_angular_controller]: PAPER_EVIDENCE retained=16 balls=32 revoked_balls=0 expired_views=0 evicted_views=28 radius=0.580 clearance=0.000 best_prefix=0.000
[depth_angular_controller-1] [INFO] [1790706652.526240288] [depth_angular_controller]: PAPER_BUILD reason=FULL_MOTION_CERTIFICATE required=0.0000 best=0.0000 free=0 refined=0 tubes=182 revoked_tubes=0 proofs=128
[depth_angular_controller-1] [INFO] [1790706652.526282076] [depth_angular_controller]: PAPER_EVIDENCE retained=16 balls=32 revoked_balls=0 expired_views=0 evicted_views=29 radius=0.580 clearance=0.000 best_prefix=0.000
[depth_angular_controller-1] [INFO] [1790706653.527097831] [depth_angular_controller]: PAPER_BUILD reason=FULL_MOTION_CERTIFICATE required=0.0000 best=0.0000 free=0 refined=0 tubes=186 revoked_tubes=0 proofs=128
[depth_angular_controller-1] [INFO] [1790706653.527138076] [depth_angular_controller]: PAPER_EVIDENCE retained=16 balls=32 revoked_balls=0 expired_views=0 evicted_views=30 radius=0.580 clearance=0.000 best_prefix=0.000
[depth_angular_controller-1] [INFO] [1790706654.008930125] [depth_angular_controller]: [PERF CTRL] run=iteration77_ego1p1_1 elapsed=63.98s callbacks=2969 commands=2968 guidance=2848 command_fps(ros/wall)=60.00/59.17 guidance_wall_fps=58.77 avoid_ms(mean/p50/p95/max)=0.951/0.954/1.582/3.006 cycle_ms(mean/p95/max)=16.902/18.973/82.367 depth_to_cmd_ms(mean/p95/max)=58.696/100.000/116.667 callback_to_publish_ms(mean/p95/max)=1.416/3.574/13.651
[depth_angular_controller-1] [INFO] [1790706654.009168813] [depth_angular_controller]: EVIDENCE_COST ingest(mean/p95/max)=0.380/2.318/13.598 record=0.026/0.021/2.718 ms
[depth_angular_controller-1] [INFO] [1790706654.009175786] [depth_angular_controller]: EVIDENCE_PHASE per_view_mean_ms balls=0.077 tubes=0.020 history=0.233 eviction=0.002
[position_cmd_to_twist-2] [INFO] [1790706654.510264175] [position_cmd_to_twist]: [PERF BRIDGE] run=iteration77_ego1p1_1 elapsed=64.37s received=2995 published=2995 fps(ros/wall)=60.00/59.13 controller_to_bridge_ms(mean/p50/p95/max)=0.000/0.000/0.000/0.000 bridge_process_ms(mean/p95/max)=0.092/0.122/0.896
[NAV] t=50.0s position=(25.39,1.82,1.43) yaw=13.7deg command=(1.91,0.56,-0.15) manual_active=1 collision_blocks=0
[depth_angular_controller-1] [INFO] [1790706654.587443876] [depth_angular_controller]: PAPER_BUILD reason=FULL_MOTION_CERTIFICATE required=0.0000 best=0.0000 free=0 refined=0 tubes=190 revoked_tubes=0 proofs=128
[depth_angular_controller-1] [INFO] [1790706654.587480224] [depth_angular_controller]: PAPER_EVIDENCE retained=16 balls=32 revoked_balls=0 expired_views=0 evicted_views=31 radius=0.580 clearance=0.000 best_prefix=0.000
[depth_angular_controller-1] [INFO] [1790706655.529534410] [depth_angular_controller]: PAPER_BUILD reason=FULL_MOTION_CERTIFICATE required=0.0000 best=0.0000 free=0 refined=0 tubes=194 revoked_tubes=0 proofs=128
[depth_angular_controller-1] [INFO] [1790706655.529568835] [depth_angular_controller]: PAPER_EVIDENCE retained=16 balls=32 revoked_balls=0 expired_views=0 evicted_views=32 radius=0.580 clearance=0.000 best_prefix=0.000
[depth_angular_controller-1] [INFO] [1790706656.650922763] [depth_angular_controller]: PAPER_BUILD reason=FULL_MOTION_CERTIFICATE required=0.0000 best=0.0000 free=0 refined=0 tubes=198 revoked_tubes=0 proofs=128
[depth_angular_controller-1] [INFO] [1790706656.650964021] [depth_angular_controller]: PAPER_EVIDENCE retained=16 balls=32 revoked_balls=0 expired_views=0 evicted_views=33 radius=0.580 clearance=0.000 best_prefix=0.000
[depth_angular_controller-1] [INFO] [1790706657.711188998] [depth_angular_controller]: PAPER_BUILD reason=FULL_MOTION_CERTIFICATE required=0.0000 best=0.0000 free=0 refined=0 tubes=202 revoked_tubes=0 proofs=128
[depth_angular_controller-1] [INFO] [1790706657.711228823] [depth_angular_controller]: PAPER_EVIDENCE retained=16 balls=32 revoked_balls=0 expired_views=0 evicted_views=34 radius=0.580 clearance=0.000 best_prefix=0.000
[depth_angular_controller-1] [INFO] [1790706658.709348128] [depth_angular_controller]: PAPER_BUILD reason=FULL_MOTION_CERTIFICATE required=0.0000 best=0.0000 free=0 refined=0 tubes=206 revoked_tubes=0 proofs=128
[depth_angular_controller-1] [INFO] [1790706658.709387351] [depth_angular_controller]: PAPER_EVIDENCE retained=16 balls=32 revoked_balls=0 expired_views=0 evicted_views=35 radius=0.580 clearance=0.000 best_prefix=0.000
[depth_angular_controller-1] [INFO] [1790706659.019396213] [depth_angular_controller]: [PERF CTRL] run=iteration77_ego1p1_1 elapsed=68.99s callbacks=3262 commands=3261 guidance=3141 command_fps(ros/wall)=60.00/59.10 guidance_wall_fps=58.74 avoid_ms(mean/p50/p95/max)=0.926/0.843/1.557/3.006 cycle_ms(mean/p95/max)=16.919/19.012/82.367 depth_to_cmd_ms(mean/p95/max)=58.676/100.000/116.667 callback_to_publish_ms(mean/p95/max)=1.400/3.602/13.651
[depth_angular_controller-1] [INFO] [1790706659.019685606] [depth_angular_controller]: EVIDENCE_COST ingest(mean/p95/max)=0.387/2.363/13.598 record=0.027/0.021/2.718 ms
[depth_angular_controller-1] [INFO] [1790706659.019693802] [depth_angular_controller]: EVIDENCE_PHASE per_view_mean_ms balls=0.078 tubes=0.021 history=0.238 eviction=0.002
[position_cmd_to_twist-2] [INFO] [1790706659.578564752] [position_cmd_to_twist]: [PERF BRIDGE] run=iteration77_ego1p1_1 elapsed=69.44s received=3295 published=3295 fps(ros/wall)=60.00/59.14 controller_to_bridge_ms(mean/p50/p95/max)=0.000/0.000/0.000/0.000 bridge_process_ms(mean/p95/max)=0.091/0.121/0.896
[NAV] t=55.0s position=(35.09,4.21,1.71) yaw=13.6deg command=(1.94,0.47,0.07) manual_active=1 collision_blocks=0
[depth_angular_controller-1] [INFO] [1790706659.660819466] [depth_angular_controller]: PAPER_BUILD reason=FULL_MOTION_CERTIFICATE required=0.0000 best=0.0000 free=0 refined=0 tubes=210 revoked_tubes=0 proofs=128
[depth_angular_controller-1] [INFO] [1790706659.660859441] [depth_angular_controller]: PAPER_EVIDENCE retained=16 balls=32 revoked_balls=0 expired_views=0 evicted_views=36 radius=0.580 clearance=0.000 best_prefix=0.000
[depth_angular_controller-1] [INFO] [1790706660.720038756] [depth_angular_controller]: PAPER_BUILD reason=FULL_MOTION_CERTIFICATE required=0.0000 best=0.0000 free=0 refined=0 tubes=214 revoked_tubes=0 proofs=128
[depth_angular_controller-1] [INFO] [1790706660.720076116] [depth_angular_controller]: PAPER_EVIDENCE retained=16 balls=32 revoked_balls=0 expired_views=0 evicted_views=37 radius=0.580 clearance=0.000 best_prefix=0.000
[depth_angular_controller-1] [INFO] [1790706661.773857703] [depth_angular_controller]: PAPER_BUILD reason=FULL_MOTION_CERTIFICATE required=0.0000 best=0.0000 free=0 refined=0 tubes=218 revoked_tubes=0 proofs=128
[depth_angular_controller-1] [INFO] [1790706661.773898810] [depth_angular_controller]: PAPER_EVIDENCE retained=16 balls=32 revoked_balls=0 expired_views=0 evicted_views=38 radius=0.580 clearance=0.000 best_prefix=0.000
[depth_angular_controller-1] [INFO] [1790706662.896665560] [depth_angular_controller]: PAPER_BUILD reason=FULL_MOTION_CERTIFICATE required=0.0000 best=0.0000 free=0 refined=0 tubes=222 revoked_tubes=0 proofs=128
[depth_angular_controller-1] [INFO] [1790706662.896707208] [depth_angular_controller]: PAPER_EVIDENCE retained=16 balls=32 revoked_balls=0 expired_views=0 evicted_views=39 radius=0.580 clearance=0.000 best_prefix=0.000
[depth_angular_controller-1] [INFO] [1790706663.962223014] [depth_angular_controller]: PAPER_BUILD reason=FULL_MOTION_CERTIFICATE required=0.0000 best=0.0000 free=0 refined=0 tubes=226 revoked_tubes=0 proofs=128
[depth_angular_controller-1] [INFO] [1790706663.962262468] [depth_angular_controller]: PAPER_EVIDENCE retained=16 balls=32 revoked_balls=0 expired_views=0 evicted_views=40 radius=0.580 clearance=0.000 best_prefix=0.000
[depth_angular_controller-1] [INFO] [1790706664.024975872] [depth_angular_controller]: [PERF CTRL] run=iteration77_ego1p1_1 elapsed=73.99s callbacks=3546 commands=3545 guidance=3425 command_fps(ros/wall)=60.00/58.91 guidance_wall_fps=58.57 avoid_ms(mean/p50/p95/max)=0.899/0.759/1.545/3.006 cycle_ms(mean/p95/max)=16.976/19.004/82.367 depth_to_cmd_ms(mean/p95/max)=58.628/100.000/116.667 callback_to_publish_ms(mean/p95/max)=1.373/3.551/13.651
[depth_angular_controller-1] [INFO] [1790706664.025283649] [depth_angular_controller]: EVIDENCE_COST ingest(mean/p95/max)=0.386/2.340/13.598 record=0.027/0.021/2.718 ms
[depth_angular_controller-1] [INFO] [1790706664.025291975] [depth_angular_controller]: EVIDENCE_PHASE per_view_mean_ms balls=0.077 tubes=0.022 history=0.236 eviction=0.002
[position_cmd_to_twist-2] [INFO] [1790706665.010673587] [position_cmd_to_twist]: [PERF BRIDGE] run=iteration77_ego1p1_1 elapsed=74.87s received=3595 published=3595 fps(ros/wall)=60.00/58.79 controller_to_bridge_ms(mean/p50/p95/max)=0.000/0.000/0.000/0.000 bridge_process_ms(mean/p95/max)=0.091/0.119/0.896
[NAV] t=60.0s position=(44.81,6.51,2.03) yaw=13.7deg command=(1.95,0.40,-0.10) manual_active=1 collision_blocks=0
[depth_angular_controller-1] [INFO] [1790706665.090628204] [depth_angular_controller]: PAPER_BUILD reason=FULL_MOTION_CERTIFICATE required=0.0000 best=0.0000 free=0 refined=0 tubes=230 revoked_tubes=0 proofs=128
[depth_angular_controller-1] [INFO] [1790706665.090668009] [depth_angular_controller]: PAPER_EVIDENCE retained=15 balls=32 revoked_balls=0 expired_views=0 evicted_views=41 radius=0.580 clearance=0.000 best_prefix=0.000
[depth_angular_controller-1] [INFO] [1790706666.153329208] [depth_angular_controller]: PAPER_BUILD reason=FULL_MOTION_CERTIFICATE required=0.0000 best=0.0000 free=0 refined=0 tubes=234 revoked_tubes=0 proofs=128
[depth_angular_controller-1] [INFO] [1790706666.153364354] [depth_angular_controller]: PAPER_EVIDENCE retained=16 balls=32 revoked_balls=0 expired_views=0 evicted_views=41 radius=0.580 clearance=0.000 best_prefix=0.000
[depth_angular_controller-1] [INFO] [1790706667.290551745] [depth_angular_controller]: PAPER_BUILD reason=FULL_MOTION_CERTIFICATE required=0.0000 best=0.0000 free=0 refined=0 tubes=238 revoked_tubes=0 proofs=128
[depth_angular_controller-1] [INFO] [1790706667.290592401] [depth_angular_controller]: PAPER_EVIDENCE retained=16 balls=32 revoked_balls=0 expired_views=0 evicted_views=42 radius=0.580 clearance=0.000 best_prefix=0.000
[depth_angular_controller-1] [INFO] [1790706668.288264156] [depth_angular_controller]: PAPER_BUILD reason=FULL_MOTION_CERTIFICATE required=0.0000 best=0.0000 free=0 refined=0 tubes=242 revoked_tubes=0 proofs=128
[depth_angular_controller-1] [INFO] [1790706668.288299482] [depth_angular_controller]: PAPER_EVIDENCE retained=16 balls=32 revoked_balls=0 expired_views=0 evicted_views=43 radius=0.580 clearance=0.000 best_prefix=0.000
[depth_angular_controller-1] [INFO] [1790706669.033879137] [depth_angular_controller]: [PERF CTRL] run=iteration77_ego1p1_1 elapsed=79.00s callbacks=3825 commands=3824 guidance=3704 command_fps(ros/wall)=60.00/58.66 guidance_wall_fps=58.34 avoid_ms(mean/p50/p95/max)=0.906/0.786/1.553/3.006 cycle_ms(mean/p95/max)=17.047/19.030/82.367 depth_to_cmd_ms(mean/p95/max)=58.666/100.000/116.667 callback_to_publish_ms(mean/p95/max)=1.389/3.585/13.651
[depth_angular_controller-1] [INFO] [1790706669.034213925] [depth_angular_controller]: EVIDENCE_COST ingest(mean/p95/max)=0.389/2.370/13.598 record=0.029/0.022/2.718 ms
[depth_angular_controller-1] [INFO] [1790706669.034221319] [depth_angular_controller]: EVIDENCE_PHASE per_view_mean_ms balls=0.078 tubes=0.022 history=0.238 eviction=0.002
[depth_angular_controller-1] [INFO] [1790706669.427198534] [depth_angular_controller]: PAPER_BUILD reason=FULL_MOTION_CERTIFICATE required=0.0000 best=0.0000 free=0 refined=0 tubes=246 revoked_tubes=0 proofs=128
[depth_angular_controller-1] [INFO] [1790706669.427234452] [depth_angular_controller]: PAPER_EVIDENCE retained=16 balls=32 revoked_balls=0 expired_views=0 evicted_views=44 radius=0.580 clearance=0.000 best_prefix=0.000
[position_cmd_to_twist-2] [INFO] [1790706670.349430273] [position_cmd_to_twist]: [PERF BRIDGE] run=iteration77_ego1p1_1 elapsed=80.21s received=3895 published=3895 fps(ros/wall)=60.00/58.58 controller_to_bridge_ms(mean/p50/p95/max)=0.000/0.000/0.000/0.000 bridge_process_ms(mean/p95/max)=0.091/0.119/0.896
[NAV] t=65.0s position=(54.49,8.91,2.22) yaw=13.6deg command=(1.94,0.47,0.12) manual_active=1 collision_blocks=0
[depth_angular_controller-1] [INFO] [1790706670.425748577] [depth_angular_controller]: PAPER_BUILD reason=FULL_MOTION_CERTIFICATE required=0.0000 best=0.0000 free=0 refined=0 tubes=251 revoked_tubes=0 proofs=128
[depth_angular_controller-1] [INFO] [1790706670.425789233] [depth_angular_controller]: PAPER_EVIDENCE retained=16 balls=32 revoked_balls=0 expired_views=0 evicted_views=45 radius=0.580 clearance=0.000 best_prefix=0.000
[depth_angular_controller-1] [INFO] [1790706671.539440097] [depth_angular_controller]: PAPER_BUILD reason=FULL_MOTION_CERTIFICATE required=0.0000 best=0.0000 free=0 refined=0 tubes=255 revoked_tubes=0 proofs=128
[depth_angular_controller-1] [INFO] [1790706671.539476825] [depth_angular_controller]: PAPER_EVIDENCE retained=16 balls=32 revoked_balls=0 expired_views=0 evicted_views=46 radius=0.580 clearance=0.000 best_prefix=0.000
[depth_angular_controller-1] [INFO] [1790706672.480473608] [depth_angular_controller]: PAPER_BUILD reason=FULL_MOTION_CERTIFICATE required=0.0000 best=0.0000 free=0 refined=0 tubes=256 revoked_tubes=0 proofs=128
[depth_angular_controller-1] [INFO] [1790706672.480512791] [depth_angular_controller]: PAPER_EVIDENCE retained=16 balls=32 revoked_balls=0 expired_views=0 evicted_views=47 radius=0.580 clearance=0.000 best_prefix=0.000
[depth_angular_controller-1] [INFO] [1790706673.474081356] [depth_angular_controller]: PAPER_BUILD reason=FULL_MOTION_CERTIFICATE required=0.0000 best=0.0000 free=0 refined=0 tubes=256 revoked_tubes=0 proofs=128
[depth_angular_controller-1] [INFO] [1790706673.474118025] [depth_angular_controller]: PAPER_EVIDENCE retained=16 balls=32 revoked_balls=0 expired_views=0 evicted_views=48 radius=0.580 clearance=0.000 best_prefix=0.000
[depth_angular_controller-1] [INFO] [1790706674.034254690] [depth_angular_controller]: [PERF CTRL] run=iteration77_ego1p1_1 elapsed=84.00s callbacks=4114 commands=4113 guidance=3993 command_fps(ros/wall)=60.00/58.60 guidance_wall_fps=58.30 avoid_ms(mean/p50/p95/max)=0.878/0.716/1.541/3.006 cycle_ms(mean/p95/max)=17.065/19.014/82.367 depth_to_cmd_ms(mean/p95/max)=58.653/100.000/116.667 callback_to_publish_ms(mean/p95/max)=1.357/3.538/13.651
[depth_angular_controller-1] [INFO] [1790706674.034611289] [depth_angular_controller]: EVIDENCE_COST ingest(mean/p95/max)=0.385/2.336/13.598 record=0.028/0.022/2.718 ms
[depth_angular_controller-1] [INFO] [1790706674.034619525] [depth_angular_controller]: EVIDENCE_PHASE per_view_mean_ms balls=0.077 tubes=0.023 history=0.234 eviction=0.002
[depth_angular_controller-1] [INFO] [1790706674.588986262] [depth_angular_controller]: PAPER_BUILD reason=FULL_MOTION_CERTIFICATE required=0.0000 best=0.0000 free=0 refined=0 tubes=256 revoked_tubes=0 proofs=128
[depth_angular_controller-1] [INFO] [1790706674.589022561] [depth_angular_controller]: PAPER_EVIDENCE retained=16 balls=32 revoked_balls=0 expired_views=0 evicted_views=49 radius=0.580 clearance=0.000 best_prefix=0.000
[position_cmd_to_twist-2] [INFO] [1790706675.568027096] [position_cmd_to_twist]: [PERF BRIDGE] run=iteration77_ego1p1_1 elapsed=85.42s received=4195 published=4195 fps(ros/wall)=60.00/58.50 controller_to_bridge_ms(mean/p50/p95/max)=0.000/0.000/0.000/0.000 bridge_process_ms(mean/p95/max)=0.090/0.119/0.896
[NAV] t=70.0s position=(63.54,11.09,2.77) yaw=13.6deg command=(0.88,0.21,0.05) manual_active=0 collision_blocks=0
[depth_angular_controller-1] [INFO] [1790706675.644823637] [depth_angular_controller]: ZERO_INTENT
[BENCHMARK RESULT] ARRIVED sim=69.183s
[PERF ISAAC FINAL] run=iteration77_ego1p1_1 result=ARRIVED wall=73.29s sim_frames=4273 fps(sim/wall)=60.03/58.30 command_changes=2974 collision_blocks=0 frame_interval_ms(mean/p50/p95/max)=17.073/15.607/17.737/79.855
[86.375s] Simulation App Shutting Down
[depth_angular_controller-1] [INFO] [1790706677.393108662] [rclcpp]: signal_handler(SIGINT/SIGTERM)
[position_cmd_to_twist-2] [INFO] [1790706677.393985378] [position_cmd_to_twist]: [PERF BRIDGE FINAL] run=iteration77_ego1p1_1 elapsed=87.25s received=4271 published=4271 fps(ros/wall)=60.00/58.57 controller_to_bridge_ms(mean/p50/p95/max)=0.000/0.000/0.000/0.000 bridge_process_ms(mean/p95/max)=0.090/0.118/0.896
[position_cmd_to_twist-2] Failed to publish log message to rosout: publisher's context is invalid, at ./src/rcl/publisher.c:389
[depth_angular_controller-1] [INFO] [1790706677.394146700] [depth_angular_controller]: [PERF CTRL FINAL] run=iteration77_ego1p1_1 elapsed=87.36s callbacks=4272 commands=4271 guidance=4080 command_fps(ros/wall)=60.00/58.57 guidance_wall_fps=58.22 avoid_ms(mean/p50/p95/max)=0.870/0.700/1.540/3.006 cycle_ms(mean/p95/max)=17.073/19.030/82.367 depth_to_cmd_ms(mean/p95/max)=58.627/100.000/116.667 callback_to_publish_ms(mean/p95/max)=1.334/3.513/13.651
[depth_angular_controller-1] [INFO] [1790706677.394437546] [depth_angular_controller]: EVIDENCE_COST ingest(mean/p95/max)=0.385/2.336/13.598 record=0.028/0.022/2.718 ms
[depth_angular_controller-1] [INFO] [1790706677.394440211] [depth_angular_controller]: EVIDENCE_PHASE per_view_mean_ms balls=0.076 tubes=0.023 history=0.234 eviction=0.002
[INFO] [depth_angular_controller-1]: process has finished cleanly [pid 155812]
[INFO] [position_cmd_to_twist-2]: process has finished cleanly [pid 155814]
