[PERF] run=iteration37_ego1p1_1 log=/home/starry/isaac-data/EGO1P1/performance/navigation_benchmark_20260929/PERFORMANCE.md
[INPUT] mode=goal scene_mode=cloud
[INFO] [launch]: All log files can be found below /tmp/fov_gvf_ego1p1_isaac_ros_log/2026-09-29-23-23-37-479450-starry-System-Product-Name-104471
[INFO] [launch]: Default logging verbosity is set to INFO
[INFO] [depth_angular_controller-1]: process started with pid [104473]
[INFO] [position_cmd_to_twist-2]: process started with pid [104475]
[depth_angular_controller-1] [INFO] [1790695417.851277605] [depth_angular_controller]: C++ controller commands publish on /position_cmd; horizontal views=4
[ROS CHECK] ROS_DOMAIN_ID=42 /position_cmd publishers=1
Type: pc_gvf_msgs/msg/PositionCommand
Publisher count: 1
Subscription count: 1
/depth_angular_controller
/position_cmd_to_twist
WARNING: All log messages before absl::InitializeLog() is called are written to STDERR
E0000 00:00:1790695418.879280  104522 descriptor_database.cc:633] File already exists in database: grpc/health/v1/health.proto
W0000 00:00:1790695418.879302  104522 message.cc:301] Protobuf GeneratedMessageFactory: File is already registered: grpc/health/v1/health.proto
2026-09-29T15:23:38Z [Info] [carb] Logging to file: /home/starry/isaac-data/isaacsim/kit/logs/Kit/Isaac-Sim Python/6.0/kit_20260929_232338.log
[0.042s] [ext: omni.assets.plugins-0.0.0] startup
[0.043s] [ext: omni.blobkey-1.1.2] startup
[0.043s] [ext: omni.kit.async_engine-0.0.3] startup
[0.310s] [ext: omni.client.lib-1.1.1] startup
[0.318s] [ext: omni.client-1.3.0] startup
[0.321s] [ext: omni.protobuf.lib-1.0.0] startup
[0.321s] [ext: omni.grpc.lib-1.0.0] startup
[0.324s] [ext: omni.metrics.core-0.0.3] startup
[0.324s] [ext: omni.datastore-0.0.0] startup
[0.325s] [ext: omni.gpu_foundation.shadercache.vulkan-1.0.0] startup
[0.327s] [ext: omni.hsscclient-1.1.4] startup
[0.327s] [ext: omni.stats-1.0.1] startup
[0.328s] [ext: omni.ujitso.default-1.0.0] startup
[0.330s] [ext: omni.gpu_foundation-0.0.0] startup
[0.460s] [ext: carb.windowing.plugins-1.0.1] startup
[0.460s] [ext: omni.kit.renderer.init-1.0.1] startup
2026-09-29T15:23:39Z [671ms] [Warning] [omni.rtx] Skipping unsupported non-NVIDIA GPU: AMD Unknown (RADV RAPHAEL_MENDOCINO)
2026-09-29T15:23:39Z [671ms] [Warning] [omni.rtx] Skipping unsupported non-NVIDIA GPU: AMD Unknown (RADV RAPHAEL_MENDOCINO)

|---------------------------------------------------------------------------------------------|
| Driver Version: 580.178.04    | Graphics API: Vulkan
|=============================================================================================|
| GPU | Name                             | Active | LDA | GPU Memory | Vendor-ID | LUID       |
|     |                                  |        |     |            | Device-ID | UUID       |
|     |                                  |        |     |            | Bus-ID    |            |
|---------------------------------------------------------------------------------------------|
| 0   | NVIDIA GeForce RTX 5070          | Yes: 0 |     | 12227   MB | 10de      | 0          |
|     |                                  |        |     |            | 2f04      | 348d89fe.. |
|     |                                  |        |     |            | 1         |            |
|---------------------------------------------------------------------------------------------|
| 1   | AMD Unknown (RADV RAPHAEL_MEND.. |        |     | 10755   MB | 1002      | 0          |
|     |                                  |        |     |            | 13c0      | 00000000.. |
|     |                                  |        |     |            | c         |            |
|=============================================================================================|
| OS: 22.04.5 LTS (Jammy Jellyfish) ubuntu, Version: 22.04.5, Kernel: 6.8.0-138-generic
| XServer Vendor: The X.Org Foundation, XServer Version: 12101004 (1.21.1.4)
| Processor: AMD Ryzen 5 9600X 6-Core Processor
| Cores: 6 | Logical Cores: 12
|---------------------------------------------------------------------------------------------|
| Total Memory (MB): 31241 | Free Memory: 22914
| Total Page/Swap (MB): 15624 | Free Page/Swap: 15624
|---------------------------------------------------------------------------------------------|
2026-09-29T15:23:39Z [882ms] [Warning] [omni.rtx] CPU performance profile is set to powersave. This profile sets the CPU to the lowest frequency reducing performance.
2026-09-29T15:23:39Z [890ms] [Warning] [omni.rtx] IOMMU is enabled.
[0.990s] [ext: omni.kit.pipapi-0.0.0] startup
[0.991s] [ext: omni.kit.pip_archive-0.0.0] startup
[0.991s] [ext: isaacsim.pip.newton-0.6.1] startup
[0.992s] [ext: omni.pip.compute-1.9.2] startup
[0.992s] [ext: omni.isaac.core_archive-5.3.1] startup
[0.992s] [ext: omni.kit.telemetry-0.5.2] startup
[1.010s] [ext: omni.kit.loop-isaac-1.6.0] startup
[1.011s] [ext: omni.kit.test-2.0.7] startup
[1.062s] [ext: omni.materialx.libs-1.0.9] startup
[1.067s] [ext: omni.gpucompute.plugins-0.0.0] startup
[1.068s] [ext: omni.usd.config-1.0.7] startup
[1.071s] [ext: omni.usd.libs-1.0.3] startup
[1.125s] [ext: omni.iray.libs-0.0.1] startup
[1.128s] [ext: omni.mdl-57.0.3] startup
[1.188s] [ext: omni.mdl.neuraylib-0.2.20] startup
[1.190s] [ext: omni.kit.usd.mdl-1.1.9] startup
[1.274s] [ext: omni.appwindow-1.2.2] startup
[1.276s] [ext: omni.kit.renderer.core-1.2.2] startup
2026-09-29T15:23:45Z [6,511ms] [Warning] [carb.windowing-glfw.gamepad] Joystick with unknown remapping detected (will be ignored):  BEITONG BEITONG A2P3A BFM DONGLE [03000000bc2000001c51000011010000]
[6.542s] [ext: omni.kit.renderer.capture-2.0.1] startup
[6.543s] [ext: omni.kit.renderer.imgui-2.0.6] startup
[6.580s] [ext: omni.ui-3.2.0] startup
[6.586s] [ext: omni.kit.mainwindow-1.0.3] startup
[6.587s] [ext: carb.audio-0.1.0] startup
[6.589s] [ext: omni.uiaudio-1.0.0] startup
[6.590s] [ext: omni.kit.uiapp-0.0.0] startup
[6.590s] [ext: omni.usd.schema.metrics.assembler-110.1.0] startup
[6.592s] [ext: omni.usd.schema.audio-0.0.1] startup
[6.594s] [ext: omni.usd_resolver-1.0.0] startup
[6.597s] [ext: omni.usd.core-1.8.3] startup
[6.599s] [ext: omni.metropolis.schema-0.0.3] startup
[6.599s] [ext: isaacsim.anim.robot.schema-0.1.1] startup
[6.600s] [ext: omni.usd.schema.anim-0.0.1] startup
[6.613s] [ext: omni.usd.schema.geospatial-0.0.1] startup
[6.614s] [ext: omni.usd.schema.omnigraph-1.0.1] startup
[6.618s] [ext: omni.usd.schema.semantics-0.0.0] startup
[6.620s] [ext: omni.activity.core-1.0.3] startup
[6.621s] [ext: omni.cubric-0.1.0] startup
[6.621s] [ext: omni.graph.exec-0.9.6] startup
[6.621s] [ext: omni.hydra.scene_delegate-0.3.5] startup
[6.624s] [ext: usdrt.scenegraph-7.6.3] startup
[6.642s] [ext: omni.hydra.usdrt_delegate-7.5.2] startup
[6.645s] [ext: omni.inspect-1.0.2] startup
[6.646s] [ext: omni.kit.actions.core-1.0.0] startup
[6.648s] [ext: omni.kit.audiodeviceenum-1.0.2] startup
[6.648s] [ext: omni.kit.commands-1.5.0] startup
[6.651s] [ext: omni.kit.exec.core-0.13.5] startup
[6.652s] [ext: omni.kit.usd_undo-0.1.8] startup
[6.652s] [ext: omni.kit.window.popup_dialog-2.0.25] startup
[6.654s] [ext: omni.kit.widget.nucleus_connector-2.3.1] startup
[6.656s] [ext: omni.timeline-1.1.0] startup
[6.658s] [ext: omni.usd-1.16.0] startup
[6.682s] [ext: omni.graph.core-3.1.2] startup
[6.684s] [ext: omni.kit.notification_manager-1.0.11] startup
[6.686s] [ext: isaacsim.core.deprecation_manager-0.4.2] startup
[6.687s] [ext: isaacsim.replicator.agent.schema-0.1.1] startup
[6.687s] [ext: isaacsim.robot.schema-6.3.7] startup
[6.691s] [ext: isaacsim.robot_motion.schema-0.2.1] startup
[6.692s] [ext: omni.anim.behavior.schema-110.1.0] startup
[6.695s] [ext: omni.anim.graph.schema-110.1.1] startup
[6.699s] [ext: omni.anim.navigation.schema-110.1.0] startup
[6.701s] [ext: omni.behavior.tree.schema-110.1.0] startup
[6.702s] [ext: omni.isaac.ml_archive-3.3.0] startup
[6.702s] [ext: omni.kit.asset_converter-6.0.1] startup
[6.711s] [ext: omni.pip.cloud-1.5.4] startup
[6.713s] [ext: omni.usd.schema.flow-110.0.0] startup
[6.714s] [ext: omni.usd.schema.mujoco-1.1.1] startup
[6.714s] [ext: omni.usd.schema.newton-1.2.1] startup
[6.715s] [ext: omni.usd.schema.omni_lens_distortion-1.0.0] startup
[6.715s] [ext: omni.usd.schema.omni_projectors-1.0.0] startup
[6.716s] [ext: omni.usd.schema.omni_sensors-0.0.0] startup
[6.722s] [ext: omni.usd.schema.omniscripting-1.0.1] startup
[6.725s] [ext: omni.usd.schema.physical_lighting-0.1.0] startup
[6.727s] [ext: omni.usd.schema.physx-110.1.13] startup
[6.750s] [ext: omni.usd.schema.render_settings.rtx-1.0.2] startup
[6.753s] [ext: omni.usd.schema.usd_particle_field-1.0.0] startup
[6.753s] [ext: isaacsim.core.version-2.1.1] startup
[6.754s] [ext: omni.kit.menu.core-1.2.0] startup
[6.754s] [ext: omni.kit.menu.utils-2.2.4] startup
[6.760s] [ext: isaacsim.app.about-2.3.1] startup
[6.764s] [ext: isaacsim.asset.transformer-1.2.5] startup
[6.766s] [ext: omni.scene.optimizer.core-110.1.0] startup
[6.796s] [ext: isaacsim.asset.importer.utils-1.8.1] startup
[6.797s] [ext: omni.convexdecomposition-110.1.13] startup
[6.799s] [ext: omni.physics-110.1.13] startup
[6.801s] [ext: omni.physx.gpu-110.1.13] startup
[6.802s] [ext: omni.physx.foundation-110.1.13] startup
[6.803s] [ext: omni.usdphysics-110.1.13] startup
[6.804s] [ext: omni.physx.cooking-110.1.13] startup
[6.805s] [ext: omni.physx-110.1.13] startup
[6.812s] [ext: omni.physics.physx-110.1.13] startup
[6.813s] [ext: isaacsim.asset.exporter.urdf-2.0.5] startup
[6.820s] [ext: omni.kit.clipboard-1.1.1] startup
[6.820s] [ext: omni.kit.usd.layers-2.6.1] startup
[6.825s] [ext: omni.kit.widget.context_menu-1.4.0] startup
[6.826s] [ext: omni.kit.context_menu-1.9.0] startup
[6.827s] [ext: omni.kit.helper.file_utils-0.1.10] startup
[6.829s] [ext: omni.kit.widget.nucleus_info-2.0.2] startup
[6.829s] [ext: omni.kit.search_core-1.0.8] startup
[6.829s] [ext: omni.kit.widget.path_field-2.0.13] startup
[6.830s] [ext: omni.kit.widget.browser_bar-2.0.10] startup
[6.830s] [ext: omni.kit.widget.filebrowser-2.13.4] startup
[6.834s] [ext: omni.kit.widget.options_menu-1.1.6] startup
[6.836s] [ext: omni.kit.widget.options_button-1.0.3] startup
[6.836s] [ext: omni.kit.widget.search_delegate-1.0.9] startup
[6.837s] [ext: omni.ui.scene-2.0.3] startup
[6.841s] [ext: omni.kit.window.filepicker-2.15.5] startup
[6.851s] [ext: omni.kit.window.file_importer-1.1.21] startup
[6.852s] [ext: omni.kit.material.library-3.1.2] startup
[6.856s] [ext: isaacsim.asset.transformer.rules-1.7.10] startup
[6.865s] [ext: omni.usdex.libs-2.2.2] startup
[6.871s] [ext: isaacsim.asset.importer.mjcf-3.10.1] startup
[6.872s] [ext: isaacsim.asset.importer.urdf-3.11.2] startup
[6.875s] [ext: omni.kit.primitive.mesh-1.1.0] startup
[6.878s] [ext: omni.kit.stage_template.core-1.1.22] startup
[6.878s] [ext: omni.kit.stage_templates-2.0.2] startup
[6.879s] [ext: omni.usd.metrics.assembler-110.1.2] startup
[6.881s] [ext: omni.warp.core-1.13.0] startup
[7.070s] [ext: isaacsim.core.experimental.utils-0.17.2] startup
[7.071s] [ext: omni.physics.stageupdate-110.1.13] startup
[7.072s] [ext: omni.physics.tensors-110.1.13] startup
[7.076s] [ext: omni.physx.tensors-110.1.13] startup
[7.079s] [ext: isaacsim.core.simulation_manager-1.15.6] startup
[7.089s] [ext: isaacsim.storage.native-1.9.3] startup
[7.090s] [ext: omni.usd.metrics.assembler.physics-110.1.13] startup
[7.091s] [ext: isaacsim.core.utils-4.1.7] startup
[7.093s] [ext: isaacsim.core.prims-0.11.7] startup
[7.972s] [ext: isaacsim.core.api-5.2.13] startup
[7.977s] [ext: isaacsim.core.cloner-1.7.3] startup
[7.978s] [ext: isaacsim.test.docstring-1.3.2] startup
[7.980s] [ext: isaacsim.core.experimental.prims-1.8.9] startup
[7.998s] [ext: isaacsim.core.experimental.primdata-0.3.2] startup
[8.000s] [ext: omni.graph.tools-1.81.0] startup
[8.018s] [ext: omni.graph-1.142.5] startup
[8.049s] [ext: isaacsim.core.experimental.actuators-0.1.2] startup
[8.062s] [ext: isaacsim.core.experimental.materials-0.7.1] startup
[8.064s] [ext: isaacsim.core.experimental.objects-0.8.1] startup
[8.117s] [ext: omni.hydra.engine.stats-1.0.5] startup
[8.119s] [ext: omni.hydra.rtx.shadercache.vulkan-1.0.0] startup
[8.120s] [ext: omni.index.libs-387500.4413.0] startup
[8.120s] [ext: omni.index-1.0.1] startup
[8.120s] [ext: omni.ujitso.client-0.0.0] startup
[8.121s] [ext: omni.usd.schema.playback-1.0.0] startup
[8.123s] [ext: omni.volume-0.5.2] startup
[8.127s] [ext: omni.hydra.rtx-1.0.4] startup
2026-09-29T15:23:46Z [8,117ms] [Warning] [omni.log] Source: omni.hydra was already registered.
[8.148s] [ext: omni.kit.hydra_texture-1.6.0] startup
[8.151s] [ext: omni.kit.raycast.query-1.2.0] startup
[8.154s] [ext: omni.kit.viewport.legacy_gizmos-1.0.24] startup
[8.155s] [ext: omni.kit.viewport.registry-104.0.6] startup
[8.156s] [ext: omni.kit.viewport.scene_camera_model-1.0.7] startup
[8.158s] [ext: omni.kit.widget.viewport-109.2.0] startup
[8.162s] [ext: omni.kit.window.drop_support-1.0.8] startup
[8.162s] [ext: omni.kit.viewport.window-109.0.2] startup
[8.176s] [ext: omni.kit.viewport.utility-2.0.1] startup
[8.177s] [ext: isaacsim.core.rendering_manager-0.4.3] startup
[8.198s] [ext: omni.graph.action_core-1.1.9] startup
[8.200s] [ext: omni.graph.action_nodes_core-2.11.0] startup
[8.202s] [ext: omni.graph.action_nodes-2.11.0] startup
[8.217s] [ext: omni.graph.action-2.10.2] startup
[8.219s] [ext: omni.graph.image.core-0.6.1] startup
[8.219s] [ext: omni.graph.image.nodes-1.3.1] startup
[8.220s] [ext: omni.graph.nodes_core-2.11.0] startup
[8.224s] [ext: omni.graph.nodes-2.12.0] startup
[8.228s] [ext: omni.kit.hotkeys.core-1.3.12] startup
[8.229s] [ext: omni.kit.property.adapter.core-1.1.1] startup
[8.231s] [ext: omni.kit.property.adapter.usd-1.0.5] startup
[8.232s] [ext: omni.kit.widget.filter-1.1.5] startup
[8.233s] [ext: omni.kit.widget.highlight_label-1.0.3] startup
[8.233s] [ext: omni.kit.widget.searchfield-1.1.8] startup
[8.234s] [ext: omni.kit.window.file_exporter-1.0.36] startup
[8.235s] [ext: omni.kit.widget.stage-4.4.0] startup
[8.242s] [ext: omni.kit.window.content_browser_registry-0.0.6] startup
[8.243s] [ext: omni.kit.window.file-2.0.10] startup
[8.246s] [ext: omni.kit.window.content_browser-3.1.8] startup
[8.254s] [ext: omni.kit.window.property-1.15.1] startup
[8.263s] [ext: omni.kit.property.usd-4.9.4] startup
[8.272s] [ext: omni.graph.scriptnode-2.10.2] startup
[8.279s] [ext: omni.kit.widget.searchable_combobox-1.0.7] startup
[8.280s] [ext: omni.kit.widget.settings-2.0.0] startup
[8.282s] [ext: omni.kit.window.preferences-1.8.3] startup
[8.286s] [ext: omni.kit.viewport.menubar.core-107.2.2] startup
[8.296s] [ext: omni.syntheticdata-0.6.15] startup
[8.318s] [ext: omni.replicator.nv-1.1.1] startup
[8.322s] [ext: omni.videoencoding-0.2.1] startup
[8.324s] [ext: omni.replicator.core-1.13.27] startup
2026-09-29T15:23:46Z [8,310ms] [Warning] [pxr.Semantics] pxr.Semantics is deprecated - please use Semantics instead
2026-09-29T15:23:46Z [8,375ms] [Warning] [omni.replicator.core.scripts.extension] No material configuration file, adding configuration to material settings directly.
[8.525s] [ext: isaacsim.core.nodes-5.10.5] startup
[8.550s] [ext: isaacsim.core.throttling-2.3.5] startup
[8.551s] [ext: omni.kit.manipulator.viewport-107.0.1] startup
[8.552s] [ext: omni.graph.visualization.nodes-2.1.4] startup
[8.564s] [ext: omni.kit.window.extensions-1.5.10] startup
[8.569s] [ext: isaacsim.gui.components-1.8.5] startup
[8.572s] [ext: isaacsim.robot.surface_gripper-3.6.2] startup
[8.581s] [ext: isaacsim.robot.manipulators-3.4.4] startup
[8.590s] [ext: isaacsim.robot_motion.lula-4.1.3] startup
[8.596s] [ext: isaacsim.robot_motion.motion_generation-8.2.9] startup
[8.600s] [ext: isaacsim.cortex.framework-1.0.18] startup
[8.602s] [ext: isaacsim.cortex.behaviors-2.0.17] startup
[8.603s] [ext: isaacsim.examples.base-1.3.2] startup
[8.604s] [ext: omni.kit.widget.zoombar-1.0.7] startup
[8.605s] [ext: omni.kit.browser.core-2.3.18] startup
[8.608s] [ext: omni.kit.browser.folder.core-2.0.2] startup
[8.611s] [ext: omni.kit.widget.stage_icons-1.0.8] startup
[8.611s] [ext: omni.kit.window.stage-2.6.1] startup
[8.614s] [ext: omni.kit.menu.stage-1.2.7] startup
[8.615s] [ext: omni.kit.usd.collect-3.0.6] startup
[8.617s] [ext: omni.kit.widget.prompt-1.0.7] startup
[8.618s] [ext: omni.kit.tool.collect-2.2.19] startup
[8.620s] [ext: isaacsim.examples.browser-0.3.2] startup
[8.621s] [ext: omni.kit.search.files-1.0.4] startup
[8.622s] [ext: omni.kit.widget.calendar-1.0.9] startup
[8.623s] [ext: omni.kit.widget.extended_searchfield-1.0.31] startup
[8.629s] [ext: omni.simready.content.browser-0.3.7] startup
[8.717s] [ext: isaacsim.gui.content_browser-0.4.3] startup
[8.720s] [ext: omni.kit.selection-0.1.6] startup
[8.721s] [ext: isaacsim.gui.menu-2.10.5] startup
[8.728s] [ext: isaacsim.gui.property-1.6.4] startup
[8.734s] [ext: omni.kit.viewport.actions-110.0.0] startup
[8.737s] [ext: omni.kit.viewport.menubar.display-107.1.3] startup
[8.739s] [ext: isaacsim.gui.sensors.icon-2.2.1] startup
[8.741s] [ext: omni.behavior.scripting.core-110.1.0] startup
[8.744s] [ext: isaacsim.replicator.behavior-1.5.4] startup
[8.745s] [ext: isaacsim.replicator.experimental.domain_randomization-1.2.5] startup
[8.758s] [ext: isaacsim.replicator.domain_randomization-1.2.2] startup
[8.827s] [ext: isaacsim.replicator.writers-1.5.4] startup
[8.848s] [ext: isaacsim.robot.experimental.wheeled_robots-0.2.11] startup
[8.868s] [ext: isaacsim.robot.policy.examples-5.2.12] startup
[8.885s] [ext: isaacsim.robot.wheeled_robots-5.2.4] startup
[8.888s] [ext: isaacsim.robot.wheeled_robots.nodes-0.1.5] startup
[8.904s] [ext: isaacsim.robot_motion.experimental.motion_generation-6.1.3] startup
[8.914s] [ext: isaacsim.robot_motion.cumotion-1.3.1] startup
[8.926s] [ext: omni.kit.numpy.common-0.1.3] startup
[8.927s] [ext: isaacsim.sensors.camera-1.7.9] startup
[8.954s] [ext: isaacsim.sensors.experimental.physics-3.0.2] startup
[8.960s] [ext: omni.sensors.net-1.0.1] startup
[8.962s] [ext: omni.sensors.nv.common-3.0.0] startup
[8.971s] [ext: omni.sensors.nv.materials-2.0.0] startup
[8.973s] [ext: omni.sensors.nv.acoustic-3.0.0] startup
[8.976s] [ext: omni.sensors.nv.ids-2.0.1] startup
[8.977s] [ext: omni.sensors.nv.lidar-3.0.0] startup
[8.980s] [ext: omni.sensors.nv.radar-3.0.0] startup
[8.982s] [ext: isaacsim.sensors.experimental.rtx-1.4.6] startup
[9.214s] [ext: isaacsim.sensors.physics.nodes-1.5.3] startup
[9.219s] [ext: isaacsim.util.debug_draw-3.2.3] startup
[9.223s] [ext: isaacsim.sensors.physx-2.5.5] startup
[9.229s] [ext: isaacsim.sensors.rtx-15.17.1] startup
[9.238s] [ext: isaacsim.simulation_app-2.18.4] startup
[9.238s] [ext: omni.anim.curve.core-1.6.0] startup
[9.246s] [ext: omni.graph.ui_nodes-2.11.1] startup
[9.265s] [ext: omni.hydra.scene_api-0.1.3] startup
[9.268s] [ext: omni.kit.manipulator.camera-110.0.0] startup
[9.271s] [ext: omni.kit.manipulator.selector-1.1.4] startup
[9.272s] [ext: omni.kit.manipulator.transform-107.0.0] startup
[9.276s] [ext: omni.kit.widget.toolbar-2.1.0] startup
[9.281s] [ext: omni.kit.manipulator.tool.snap-1.5.14] startup
[9.284s] [ext: omni.kit.viewport.manipulator.transform-107.0.4] startup
[9.286s] [ext: omni.kit.manipulator.prim.core-108.0.2] startup
[9.291s] [ext: omni.kit.manipulator.prim.usd-107.0.3] startup
[9.292s] [ext: omni.kit.manipulator.prim-108.0.0] startup
[9.292s] [ext: omni.kit.manipulator.selection-109.0.1] startup
[9.293s] [ext: omni.kit.menu.create-2.0.2] startup
[9.294s] [ext: omni.kit.property.audio-1.0.16] startup
[9.297s] [ext: omni.kit.property.camera-1.0.14] startup
[9.298s] [ext: omni.kit.property.geometry-2.1.2] startup
[9.301s] [ext: omni.kit.property.light-1.0.14] startup
2026-09-29T15:23:47Z [9,300ms] [Warning] [omni.usd] Encountered USD Warnings but USD Diagnostics are currently muted. To view USD Warnings, please set the '/persistent/app/usd/muteUsdDiagnostics' setting to false in Preferences page.
[9.327s] [ext: omni.kit.property.material-1.14.6] startup
[9.331s] [ext: omni.kit.property.render-1.2.2] startup
[9.333s] [ext: omni.kit.property.transform-1.6.9] startup
[9.335s] [ext: omni.kit.property.bundle-1.5.1] startup
[9.336s] [ext: omni.kit.usdz_export-1.1.0] startup
[9.339s] [ext: omni.kit.tool.asset_importer-6.0.1] startup
[9.343s] [ext: omni.kit.ui.actions-1.0.5] startup
[9.345s] [ext: omni.kit.viewport.menubar.camera-107.0.10] startup
[9.349s] [ext: omni.kit.viewport.menubar.lighting-107.3.2] startup
[9.351s] [ext: omni.kit.viewport.menubar.render-110.0.0] startup
[9.354s] [ext: omni.kit.viewport.menubar.settings-110.0.1] startup
[9.357s] [ext: omni.kit.window.console-1.1.9] startup
[9.360s] [ext: omni.kit.window.status_bar-0.1.11] startup
[9.362s] [ext: omni.kit.window.toolbar-3.0.3] startup
[9.364s] [ext: omni.ocio-0.1.1] startup
[9.365s] [ext: omni.physx.commands-110.1.13] startup
[9.367s] [ext: omni.replicator.replicator_yaml-2.0.12] startup
[9.376s] [ext: omni.rtx.window.settings-0.8.0] startup
[9.380s] [ext: omni.rtx.settings.core-0.7.1] startup
[9.382s] [ext: omni.usd.metrics.assembler.ui-110.1.1] startup
[9.388s] [ext: semantics.schema.editor-2.0.2] startup
[9.390s] [ext: semantics.schema.property-2.0.2] startup
[9.392s] [ext: omni.kit.menu.common-2.0.2] startup
[9.393s] [ext: isaacsim.exp.base-6.0.1] startup
[9.393s] [ext: isaacsim.exp.base.python-6.0.1] startup
[9.394s] Simulation App Starting
[10.448s] Simulation App Startup Complete
[10.452s] app ready
Starting kit application with the following args:  ['/home/starry/isaac-data/isaacsim/exts/isaacsim.simulation_app/isaacsim/simulation_app/simulation_app.py', '/home/starry/isaac-data/isaacsim/apps/isaacsim.exp.base.python.kit', '--/app/tokens/exe-path=/home/starry/isaac-data/isaacsim/kit', '--/persistent/app/viewport/displayOptions=3094', '--/rtx/materialDb/syncLoads=True', '--/rtx/hydra/materialSyncLoads=True', '--/omni/kit/plugin/syncUsdLoads=True', '--/app/renderer/resolution/width=1280', '--/app/renderer/resolution/height=720', '--/app/window/width=1440', '--/app/window/height=900', '--/renderer/multiGpu/enabled=False', '--/app/fastShutdown=True', '--/app/installSignalHandlers=0', '--ext-folder', '/home/starry/isaac-data/isaacsim/exts', '--ext-folder', '/home/starry/isaac-data/isaacsim/apps', '--/renderer/activeGpu=0', '--/physics/cudaDevice=0', '--/plugins/carb.tasking.plugin/threadCount=12', '--/plugins/omni.tbb.globalcontrol/maxThreadCount=12', '--portable', '--no-window', '--/app/window/hideUi=1']
Passing the following args to the base kit application:  []
Warp 1.13.0 initialized:
   CUDA Toolkit 12.9, Driver 13.0
   Devices:
     "cpu"      : "x86_64"
     "cuda:0"   : "NVIDIA GeForce RTX 5070" (11 GiB, sm_120, mempool enabled)
   Kernel cache:
     /home/starry/.cache/warp/1.13.0
[LIGHTING] sun=800.0 (1) dome=0.0 (1) ambient=0.05 constant_color=(0.6, 0.65, 0.7)
[RENDER] mode=MinimalRendering minimal_shading_mode=2 anti_aliasing=TAA
[DEPTH CAMERAS] count=4 resolution_each=320x240 horizontal_coverage=360deg
[ESDF] path=/home/starry/isaac-data/EGO1P1/scenes/ego_swarm_cloud/occupancy.bin shape=(400, 300, 50) resolution=0.40m
[depth_angular_controller-1] [INFO] [1790695431.682629603] [depth_angular_controller]: WAITING_ODOMETRY
[NAV] t=0.0s position=(-64.00,-11.20,2.80) yaw=1.2deg command=(0.00,0.00,0.00) manual_active=0 collision_blocks=0
[depth_angular_controller-1] [INFO] [1790695432.055426689] [depth_angular_controller]: WAITING_VERIFIED_START_POSE
[depth_angular_controller-1] [INFO] [1790695432.094478331] [depth_angular_controller]: VERIFIED_FREE_SEED center=(-64.000,-11.200,2.800) radius=2.500 balls=1: verified fixed Cloud free ball; USD and occupancy SHA-256 matched
[depth_angular_controller-1] [INFO] [1790695432.094610899] [depth_angular_controller]: ZERO_INTENT
[depth_angular_controller-1] [INFO] [1790695434.053446450] [depth_angular_controller]: 3D guidance switched to view 0
[depth_angular_controller-1] [INFO] [1790695434.053499019] [depth_angular_controller]: DEPTH_PROPOSAL conservative_grid=64x48 measured_state=1 direction_only=1
[depth_angular_controller-1] [INFO] [1790695434.054470913] [depth_angular_controller]: DEPTH_PROPOSAL_CERTIFIED
[depth_angular_controller-1] [INFO] [1790695434.054478407] [depth_angular_controller]: PAPER_BUILD reason=FULL_MOTION_CERTIFICATE required=0.0000 best=0.0000 free=0 refined=0 tubes=0 revoked_tubes=0 proofs=0
[depth_angular_controller-1] [INFO] [1790695434.054484658] [depth_angular_controller]: PAPER_EVIDENCE retained=7 balls=1 revoked_balls=0 expired_views=0 evicted_views=0 radius=0.580 clearance=0.000 best_prefix=0.000
[10.973s] [ext: isaacsim.sensors.rtx.nodes-0.1.2] startup
[10.981s] [ext: isaacsim.ros2.core-1.9.4] startup
[10.994s] Attempting to load system rclpy
[10.995s] Could not import system rclpy: No module named 'rclpy'
[10.995s] Attempting to load internal rclpy for ROS Distro: humble
[11.006s] rclpy loaded
[11.009s] [ext: isaacsim.ros2.nodes-1.18.13] startup
[11.044s] [ext: isaacsim.ros2.examples-1.2.4] startup
[11.048s] [ext: isaacsim.ros2.ui-1.6.5] startup
[11.269s] [ext: isaacsim.ros2.bridge-5.1.2] startup
2026-09-29T15:23:52Z [13,521ms] [Warning] [omni.timeline.plugin] Deprecated: direct use of ITimeline callbacks is deprecated. Use ITimeline::getTimeline (Python: omni.timeline.get_timeline_interface) instead.
[depth_angular_controller-1] [INFO] [1790695435.246978072] [depth_angular_controller]: PAPER_BUILD reason=FULL_MOTION_CERTIFICATE required=0.0000 best=0.0000 free=0 refined=0 tubes=1 revoked_tubes=0 proofs=46
[depth_angular_controller-1] [INFO] [1790695435.247021013] [depth_angular_controller]: PAPER_EVIDENCE retained=11 balls=4 revoked_balls=0 expired_views=0 evicted_views=0 radius=0.580 clearance=0.000 best_prefix=0.000
[depth_angular_controller-1] [INFO] [1790695436.440034874] [depth_angular_controller]: PAPER_BUILD reason=FULL_MOTION_CERTIFICATE required=0.0000 best=0.0000 free=0 refined=0 tubes=4 revoked_tubes=0 proofs=92
[depth_angular_controller-1] [INFO] [1790695436.440076572] [depth_angular_controller]: PAPER_EVIDENCE retained=10 balls=14 revoked_balls=0 expired_views=0 evicted_views=0 radius=0.580 clearance=0.000 best_prefix=0.000
[depth_angular_controller-1] [INFO] [1790695437.065397468] [depth_angular_controller]: [PERF CTRL] run=iteration37_ego1p1_1 elapsed=19.21s callbacks=233 commands=232 guidance=132 command_fps(ros/wall)=50.04/46.11 guidance_wall_fps=43.49 avoid_ms(mean/p50/p95/max)=0.539/0.363/0.972/1.113 cycle_ms(mean/p95/max)=21.688/35.816/98.245 depth_to_cmd_ms(mean/p95/max)=33.586/33.333/50.000 callback_to_publish_ms(mean/p95/max)=5.370/6.977/14.535
[position_cmd_to_twist-2] [INFO] [1790695437.374106671] [position_cmd_to_twist]: [PERF BRIDGE] run=iteration37_ego1p1_1 elapsed=19.51s received=246 published=246 fps(ros/wall)=50.00/46.16 controller_to_bridge_ms(mean/p50/p95/max)=0.000/0.000/0.000/0.000 bridge_process_ms(mean/p95/max)=0.092/0.106/0.782
[NAV] t=5.0s position=(-60.52,-10.20,2.98) yaw=9.8deg command=(1.91,0.34,-0.03) manual_active=1 collision_blocks=0
[depth_angular_controller-1] [INFO] [1790695437.455130194] [depth_angular_controller]: PAPER_BUILD reason=FULL_MOTION_CERTIFICATE required=0.0000 best=0.0000 free=0 refined=0 tubes=8 revoked_tubes=0 proofs=128
[depth_angular_controller-1] [INFO] [1790695437.455165781] [depth_angular_controller]: PAPER_EVIDENCE retained=14 balls=32 revoked_balls=0 expired_views=0 evicted_views=0 radius=0.580 clearance=0.000 best_prefix=0.000
[depth_angular_controller-1] [INFO] [1790695438.610335896] [depth_angular_controller]: PAPER_BUILD reason=FULL_MOTION_CERTIFICATE required=0.0000 best=0.0000 free=0 refined=0 tubes=12 revoked_tubes=0 proofs=128
[depth_angular_controller-1] [INFO] [1790695438.610379719] [depth_angular_controller]: PAPER_EVIDENCE retained=18 balls=32 revoked_balls=0 expired_views=0 evicted_views=0 radius=0.580 clearance=0.000 best_prefix=0.000
[depth_angular_controller-1] [INFO] [1790695439.762793903] [depth_angular_controller]: PAPER_BUILD reason=FULL_MOTION_CERTIFICATE required=0.0000 best=0.0000 free=0 refined=0 tubes=16 revoked_tubes=0 proofs=128
[depth_angular_controller-1] [INFO] [1790695439.762834349] [depth_angular_controller]: PAPER_EVIDENCE retained=22 balls=32 revoked_balls=0 expired_views=0 evicted_views=0 radius=0.580 clearance=0.000 best_prefix=0.000
[depth_angular_controller-1] [INFO] [1790695440.910049066] [depth_angular_controller]: PAPER_BUILD reason=FULL_MOTION_CERTIFICATE required=0.0000 best=0.0000 free=0 refined=0 tubes=20 revoked_tubes=0 proofs=128
[depth_angular_controller-1] [INFO] [1790695440.910082258] [depth_angular_controller]: PAPER_EVIDENCE retained=26 balls=32 revoked_balls=0 expired_views=0 evicted_views=0 radius=0.580 clearance=0.000 best_prefix=0.000
[depth_angular_controller-1] [INFO] [1790695441.936808965] [depth_angular_controller]: PAPER_BUILD reason=FULL_MOTION_CERTIFICATE required=0.0000 best=0.0000 free=0 refined=0 tubes=24 revoked_tubes=0 proofs=128
[depth_angular_controller-1] [INFO] [1790695441.936848319] [depth_angular_controller]: PAPER_EVIDENCE retained=30 balls=32 revoked_balls=0 expired_views=0 evicted_views=0 radius=0.580 clearance=0.000 best_prefix=0.000
[depth_angular_controller-1] [INFO] [1790695442.091576802] [depth_angular_controller]: [PERF CTRL] run=iteration37_ego1p1_1 elapsed=24.24s callbacks=459 commands=458 guidance=358 command_fps(ros/wall)=49.95/45.54 guidance_wall_fps=44.41 avoid_ms(mean/p50/p95/max)=0.839/0.523/1.666/12.639 cycle_ms(mean/p95/max)=21.961/36.082/98.245 depth_to_cmd_ms(mean/p95/max)=33.380/33.333/50.000 callback_to_publish_ms(mean/p95/max)=7.026/10.343/18.157
[position_cmd_to_twist-2] [INFO] [1790695442.867413396] [position_cmd_to_twist]: [PERF BRIDGE] run=iteration37_ego1p1_1 elapsed=25.01s received=496 published=496 fps(ros/wall)=50.00/45.82 controller_to_bridge_ms(mean/p50/p95/max)=0.067/0.000/0.000/16.667 bridge_process_ms(mean/p95/max)=0.095/0.115/0.782
[NAV] t=10.0s position=(-50.86,-8.70,2.32) yaw=9.8deg command=(1.97,-0.21,-0.01) manual_active=1 collision_blocks=0
[depth_angular_controller-1] [INFO] [1790695442.960622115] [depth_angular_controller]: PAPER_BUILD reason=FULL_MOTION_CERTIFICATE required=0.0000 best=0.0000 free=0 refined=0 tubes=28 revoked_tubes=0 proofs=128
[depth_angular_controller-1] [INFO] [1790695442.960659685] [depth_angular_controller]: PAPER_EVIDENCE retained=32 balls=32 revoked_balls=0 expired_views=0 evicted_views=2 radius=0.580 clearance=0.000 best_prefix=0.000
[depth_angular_controller-1] [INFO] [1790695444.109351334] [depth_angular_controller]: PAPER_BUILD reason=FULL_MOTION_CERTIFICATE required=0.0000 best=0.0000 free=0 refined=0 tubes=33 revoked_tubes=0 proofs=128
[depth_angular_controller-1] [INFO] [1790695444.109391990] [depth_angular_controller]: PAPER_EVIDENCE retained=32 balls=32 revoked_balls=0 expired_views=0 evicted_views=6 radius=0.580 clearance=0.000 best_prefix=0.000
[depth_angular_controller-1] [INFO] [1790695445.202889735] [depth_angular_controller]: PAPER_BUILD reason=FULL_MOTION_CERTIFICATE required=0.0000 best=0.0000 free=0 refined=0 tubes=37 revoked_tubes=0 proofs=128
[depth_angular_controller-1] [INFO] [1790695445.202933077] [depth_angular_controller]: PAPER_EVIDENCE retained=32 balls=32 revoked_balls=0 expired_views=0 evicted_views=10 radius=0.580 clearance=0.000 best_prefix=0.000
[depth_angular_controller-1] [INFO] [1790695446.354632990] [depth_angular_controller]: PAPER_BUILD reason=FULL_MOTION_CERTIFICATE required=0.0000 best=0.0000 free=0 refined=0 tubes=41 revoked_tubes=0 proofs=128
[depth_angular_controller-1] [INFO] [1790695446.354671863] [depth_angular_controller]: PAPER_EVIDENCE retained=32 balls=32 revoked_balls=0 expired_views=0 evicted_views=14 radius=0.580 clearance=0.000 best_prefix=0.000
[depth_angular_controller-1] [INFO] [1790695447.092985253] [depth_angular_controller]: [PERF CTRL] run=iteration37_ego1p1_1 elapsed=29.24s callbacks=685 commands=684 guidance=584 command_fps(ros/wall)=49.98/45.42 guidance_wall_fps=44.71 avoid_ms(mean/p50/p95/max)=0.968/0.840/2.065/12.639 cycle_ms(mean/p95/max)=22.017/36.308/98.822 depth_to_cmd_ms(mean/p95/max)=33.134/33.333/50.000 callback_to_publish_ms(mean/p95/max)=8.659/15.157/19.099
[depth_angular_controller-1] [INFO] [1790695447.491969010] [depth_angular_controller]: PAPER_BUILD reason=FULL_MOTION_CERTIFICATE required=0.0000 best=0.0000 free=0 refined=0 tubes=45 revoked_tubes=0 proofs=128
[depth_angular_controller-1] [INFO] [1790695447.492002543] [depth_angular_controller]: PAPER_EVIDENCE retained=32 balls=32 revoked_balls=0 expired_views=0 evicted_views=18 radius=0.580 clearance=0.000 best_prefix=0.000
[position_cmd_to_twist-2] [INFO] [1790695448.529546128] [position_cmd_to_twist]: [PERF BRIDGE] run=iteration37_ego1p1_1 elapsed=30.67s received=746 published=746 fps(ros/wall)=50.00/45.25 controller_to_bridge_ms(mean/p50/p95/max)=0.402/0.000/0.000/16.667 bridge_process_ms(mean/p95/max)=0.100/0.120/1.248
[NAV] t=15.0s position=(-41.35,-8.77,3.07) yaw=10.7deg command=(1.81,0.79,0.30) manual_active=1 collision_blocks=0
[depth_angular_controller-1] [INFO] [1790695448.623551963] [depth_angular_controller]: PAPER_BUILD reason=FULL_MOTION_CERTIFICATE required=0.0000 best=0.0000 free=0 refined=0 tubes=49 revoked_tubes=0 proofs=128
[depth_angular_controller-1] [INFO] [1790695448.623589283] [depth_angular_controller]: PAPER_EVIDENCE retained=32 balls=32 revoked_balls=0 expired_views=0 evicted_views=22 radius=0.580 clearance=0.000 best_prefix=0.000
[depth_angular_controller-1] [INFO] [1790695449.755036372] [depth_angular_controller]: PAPER_BUILD reason=FULL_MOTION_CERTIFICATE required=0.0000 best=0.0000 free=0 refined=0 tubes=53 revoked_tubes=0 proofs=128
[depth_angular_controller-1] [INFO] [1790695449.755076357] [depth_angular_controller]: PAPER_EVIDENCE retained=32 balls=32 revoked_balls=0 expired_views=0 evicted_views=26 radius=0.580 clearance=0.000 best_prefix=0.000
[depth_angular_controller-1] [INFO] [1790695450.880358156] [depth_angular_controller]: PAPER_BUILD reason=FULL_MOTION_CERTIFICATE required=0.0000 best=0.0000 free=0 refined=0 tubes=57 revoked_tubes=0 proofs=128
[depth_angular_controller-1] [INFO] [1790695450.880392410] [depth_angular_controller]: PAPER_EVIDENCE retained=32 balls=32 revoked_balls=0 expired_views=0 evicted_views=30 radius=0.580 clearance=0.000 best_prefix=0.000
[depth_angular_controller-1] [INFO] [1790695452.012380283] [depth_angular_controller]: PAPER_BUILD reason=FULL_MOTION_CERTIFICATE required=0.0000 best=0.0000 free=0 refined=0 tubes=61 revoked_tubes=0 proofs=128
[depth_angular_controller-1] [INFO] [1790695452.012418114] [depth_angular_controller]: PAPER_EVIDENCE retained=32 balls=32 revoked_balls=0 expired_views=0 evicted_views=34 radius=0.580 clearance=0.000 best_prefix=0.000
[depth_angular_controller-1] [INFO] [1790695452.098179919] [depth_angular_controller]: [PERF CTRL] run=iteration37_ego1p1_1 elapsed=34.25s callbacks=906 commands=905 guidance=805 command_fps(ros/wall)=49.99/45.10 guidance_wall_fps=44.56 avoid_ms(mean/p50/p95/max)=0.986/0.972/2.006/12.639 cycle_ms(mean/p95/max)=22.171/36.238/98.822 depth_to_cmd_ms(mean/p95/max)=33.188/33.333/50.000 callback_to_publish_ms(mean/p95/max)=8.753/14.378/19.099
[depth_angular_controller-1] [INFO] [1790695453.086948106] [depth_angular_controller]: PAPER_BUILD reason=FULL_MOTION_CERTIFICATE required=0.0000 best=0.0000 free=0 refined=0 tubes=65 revoked_tubes=0 proofs=128
[depth_angular_controller-1] [INFO] [1790695453.087000925] [depth_angular_controller]: PAPER_EVIDENCE retained=32 balls=32 revoked_balls=0 expired_views=0 evicted_views=38 radius=0.580 clearance=0.000 best_prefix=0.000
[position_cmd_to_twist-2] [INFO] [1790695454.073513028] [position_cmd_to_twist]: [PERF BRIDGE] run=iteration37_ego1p1_1 elapsed=36.21s received=996 published=996 fps(ros/wall)=50.00/45.21 controller_to_bridge_ms(mean/p50/p95/max)=0.301/0.000/0.000/16.667 bridge_process_ms(mean/p95/max)=0.099/0.119/1.248
[NAV] t=20.0s position=(-33.17,-3.45,3.19) yaw=8.6deg command=(1.84,0.68,-0.13) manual_active=1 collision_blocks=0
[depth_angular_controller-1] [INFO] [1790695454.169986484] [depth_angular_controller]: PAPER_BUILD reason=FULL_MOTION_CERTIFICATE required=0.0000 best=0.0000 free=0 refined=0 tubes=69 revoked_tubes=0 proofs=128
[depth_angular_controller-1] [INFO] [1790695454.170026269] [depth_angular_controller]: PAPER_EVIDENCE retained=32 balls=32 revoked_balls=0 expired_views=0 evicted_views=42 radius=0.580 clearance=0.000 best_prefix=0.000
[depth_angular_controller-1] [INFO] [1790695455.324656261] [depth_angular_controller]: PAPER_BUILD reason=FULL_MOTION_CERTIFICATE required=0.0000 best=0.0000 free=0 refined=0 tubes=73 revoked_tubes=0 proofs=128
[depth_angular_controller-1] [INFO] [1790695455.324694442] [depth_angular_controller]: PAPER_EVIDENCE retained=32 balls=32 revoked_balls=0 expired_views=0 evicted_views=46 radius=0.580 clearance=0.000 best_prefix=0.000
[depth_angular_controller-1] [INFO] [1790695456.463619273] [depth_angular_controller]: PAPER_BUILD reason=FULL_MOTION_CERTIFICATE required=0.0000 best=0.0000 free=0 refined=0 tubes=77 revoked_tubes=0 proofs=128
[depth_angular_controller-1] [INFO] [1790695456.463656803] [depth_angular_controller]: PAPER_EVIDENCE retained=32 balls=32 revoked_balls=0 expired_views=0 evicted_views=50 radius=0.580 clearance=0.000 best_prefix=0.000
[depth_angular_controller-1] [INFO] [1790695457.100662917] [depth_angular_controller]: [PERF CTRL] run=iteration37_ego1p1_1 elapsed=39.25s callbacks=1131 commands=1130 guidance=1030 command_fps(ros/wall)=49.99/45.08 guidance_wall_fps=44.65 avoid_ms(mean/p50/p95/max)=0.956/0.965/1.931/12.639 cycle_ms(mean/p95/max)=22.183/36.082/98.822 depth_to_cmd_ms(mean/p95/max)=33.204/33.333/50.000 callback_to_publish_ms(mean/p95/max)=8.897/13.423/19.099
[depth_angular_controller-1] [INFO] [1790695457.712482487] [depth_angular_controller]: PAPER_BUILD reason=FULL_MOTION_CERTIFICATE required=0.0000 best=0.0000 free=0 refined=0 tubes=81 revoked_tubes=0 proofs=128
[depth_angular_controller-1] [INFO] [1790695457.712521450] [depth_angular_controller]: PAPER_EVIDENCE retained=32 balls=32 revoked_balls=0 expired_views=0 evicted_views=54 radius=0.580 clearance=0.000 best_prefix=0.000
[depth_angular_controller-1] [INFO] [1790695458.734828994] [depth_angular_controller]: PAPER_BUILD reason=FULL_MOTION_CERTIFICATE required=0.0000 best=0.0000 free=0 refined=0 tubes=85 revoked_tubes=0 proofs=128
[depth_angular_controller-1] [INFO] [1790695458.734868509] [depth_angular_controller]: PAPER_EVIDENCE retained=32 balls=32 revoked_balls=0 expired_views=0 evicted_views=58 radius=0.580 clearance=0.000 best_prefix=0.000
[position_cmd_to_twist-2] [INFO] [1790695459.720083648] [position_cmd_to_twist]: [PERF BRIDGE] run=iteration37_ego1p1_1 elapsed=41.86s received=1246 published=1246 fps(ros/wall)=50.00/45.01 controller_to_bridge_ms(mean/p50/p95/max)=0.241/0.000/0.000/16.667 bridge_process_ms(mean/p95/max)=0.099/0.119/1.248
[NAV] t=25.0s position=(-23.32,-1.88,3.08) yaw=8.5deg command=(1.98,0.30,-0.01) manual_active=1 collision_blocks=0
[depth_angular_controller-1] [INFO] [1790695459.815772271] [depth_angular_controller]: PAPER_BUILD reason=FULL_MOTION_CERTIFICATE required=0.0000 best=0.0000 free=0 refined=0 tubes=89 revoked_tubes=0 proofs=128
[depth_angular_controller-1] [INFO] [1790695459.815814791] [depth_angular_controller]: PAPER_EVIDENCE retained=32 balls=32 revoked_balls=0 expired_views=0 evicted_views=62 radius=0.580 clearance=0.000 best_prefix=0.000
[depth_angular_controller-1] [INFO] [1790695460.936106265] [depth_angular_controller]: PAPER_BUILD reason=FULL_MOTION_CERTIFICATE required=0.0000 best=0.0000 free=0 refined=0 tubes=93 revoked_tubes=0 proofs=128
[depth_angular_controller-1] [INFO] [1790695460.936142593] [depth_angular_controller]: PAPER_EVIDENCE retained=32 balls=32 revoked_balls=0 expired_views=0 evicted_views=66 radius=0.580 clearance=0.000 best_prefix=0.000
[depth_angular_controller-1] [INFO] [1790695462.079716558] [depth_angular_controller]: PAPER_BUILD reason=FULL_MOTION_CERTIFICATE required=0.0000 best=0.0000 free=0 refined=0 tubes=97 revoked_tubes=0 proofs=128
[depth_angular_controller-1] [INFO] [1790695462.079753838] [depth_angular_controller]: PAPER_EVIDENCE retained=32 balls=32 revoked_balls=0 expired_views=0 evicted_views=70 radius=0.580 clearance=0.000 best_prefix=0.000
[depth_angular_controller-1] [INFO] [1790695462.129546676] [depth_angular_controller]: [PERF CTRL] run=iteration37_ego1p1_1 elapsed=44.28s callbacks=1354 commands=1353 guidance=1253 command_fps(ros/wall)=49.98/44.96 guidance_wall_fps=44.59 avoid_ms(mean/p50/p95/max)=0.961/0.953/1.933/12.639 cycle_ms(mean/p95/max)=22.244/36.107/98.822 depth_to_cmd_ms(mean/p95/max)=33.227/33.333/50.000 callback_to_publish_ms(mean/p95/max)=8.994/13.051/19.099
[depth_angular_controller-1] [INFO] [1790695463.147518585] [depth_angular_controller]: PAPER_BUILD reason=FULL_MOTION_CERTIFICATE required=0.0000 best=0.0000 free=0 refined=0 tubes=102 revoked_tubes=0 proofs=128
[depth_angular_controller-1] [INFO] [1790695463.147555795] [depth_angular_controller]: PAPER_EVIDENCE retained=32 balls=32 revoked_balls=0 expired_views=0 evicted_views=74 radius=0.580 clearance=0.000 best_prefix=0.000
[depth_angular_controller-1] [INFO] [1790695464.287910879] [depth_angular_controller]: PAPER_BUILD reason=FULL_MOTION_CERTIFICATE required=0.0000 best=0.0000 free=0 refined=0 tubes=106 revoked_tubes=0 proofs=128
[depth_angular_controller-1] [INFO] [1790695464.287945745] [depth_angular_controller]: PAPER_EVIDENCE retained=32 balls=32 revoked_balls=0 expired_views=0 evicted_views=77 radius=0.580 clearance=0.000 best_prefix=0.000
[position_cmd_to_twist-2] [INFO] [1790695465.276502775] [position_cmd_to_twist]: [PERF BRIDGE] run=iteration37_ego1p1_1 elapsed=47.42s received=1496 published=1496 fps(ros/wall)=50.00/45.01 controller_to_bridge_ms(mean/p50/p95/max)=0.201/0.000/0.000/16.667 bridge_process_ms(mean/p95/max)=0.097/0.116/1.248
[NAV] t=30.0s position=(-13.68,-2.25,3.96) yaw=9.8deg command=(1.92,-0.37,0.39) manual_active=1 collision_blocks=0
[depth_angular_controller-1] [INFO] [1790695465.369997561] [depth_angular_controller]: PAPER_BUILD reason=FULL_MOTION_CERTIFICATE required=0.0000 best=0.0000 free=0 refined=0 tubes=110 revoked_tubes=0 proofs=128
[depth_angular_controller-1] [INFO] [1790695465.370033489] [depth_angular_controller]: PAPER_EVIDENCE retained=32 balls=32 revoked_balls=0 expired_views=0 evicted_views=81 radius=0.580 clearance=0.000 best_prefix=0.000
[depth_angular_controller-1] [INFO] [1790695466.379606977] [depth_angular_controller]: PAPER_BUILD reason=FULL_MOTION_CERTIFICATE required=0.0000 best=0.0000 free=0 refined=0 tubes=114 revoked_tubes=0 proofs=128
[depth_angular_controller-1] [INFO] [1790695466.379640791] [depth_angular_controller]: PAPER_EVIDENCE retained=32 balls=32 revoked_balls=0 expired_views=0 evicted_views=85 radius=0.580 clearance=0.000 best_prefix=0.000
[depth_angular_controller-1] [INFO] [1790695467.135338062] [depth_angular_controller]: [PERF CTRL] run=iteration37_ego1p1_1 elapsed=49.28s callbacks=1580 commands=1579 guidance=1479 command_fps(ros/wall)=49.99/44.98 guidance_wall_fps=44.68 avoid_ms(mean/p50/p95/max)=0.966/0.995/1.888/12.639 cycle_ms(mean/p95/max)=22.231/36.050/98.822 depth_to_cmd_ms(mean/p95/max)=33.232/33.333/50.000 callback_to_publish_ms(mean/p95/max)=8.807/12.579/19.099
[depth_angular_controller-1] [INFO] [1790695467.637007011] [depth_angular_controller]: PAPER_BUILD reason=FULL_MOTION_CERTIFICATE required=0.0000 best=0.0000 free=0 refined=0 tubes=118 revoked_tubes=0 proofs=128
[depth_angular_controller-1] [INFO] [1790695467.637045814] [depth_angular_controller]: PAPER_EVIDENCE retained=32 balls=32 revoked_balls=0 expired_views=0 evicted_views=88 radius=0.580 clearance=0.000 best_prefix=0.000
[depth_angular_controller-1] [INFO] [1790695468.707935554] [depth_angular_controller]: PAPER_BUILD reason=FULL_MOTION_CERTIFICATE required=0.0000 best=0.0000 free=0 refined=0 tubes=122 revoked_tubes=0 proofs=128
[depth_angular_controller-1] [INFO] [1790695468.707974026] [depth_angular_controller]: PAPER_EVIDENCE retained=32 balls=32 revoked_balls=0 expired_views=0 evicted_views=92 radius=0.580 clearance=0.000 best_prefix=0.000
[depth_angular_controller-1] [INFO] [1790695469.778980456] [depth_angular_controller]: PAPER_BUILD reason=FULL_MOTION_CERTIFICATE required=0.0000 best=0.0000 free=0 refined=0 tubes=126 revoked_tubes=0 proofs=128
[depth_angular_controller-1] [INFO] [1790695469.779014530] [depth_angular_controller]: PAPER_EVIDENCE retained=32 balls=32 revoked_balls=0 expired_views=0 evicted_views=96 radius=0.580 clearance=0.000 best_prefix=0.000
[position_cmd_to_twist-2] [INFO] [1790695470.762712843] [position_cmd_to_twist]: [PERF BRIDGE] run=iteration37_ego1p1_1 elapsed=52.90s received=1746 published=1746 fps(ros/wall)=50.00/45.09 controller_to_bridge_ms(mean/p50/p95/max)=0.172/0.000/0.000/16.667 bridge_process_ms(mean/p95/max)=0.096/0.116/1.248
[NAV] t=35.0s position=(-4.16,-4.01,3.32) yaw=12.6deg command=(1.89,-0.50,-0.39) manual_active=1 collision_blocks=0
[depth_angular_controller-1] [INFO] [1790695470.855649993] [depth_angular_controller]: PAPER_BUILD reason=FULL_MOTION_CERTIFICATE required=0.0000 best=0.0000 free=0 refined=0 tubes=130 revoked_tubes=0 proofs=128
[depth_angular_controller-1] [INFO] [1790695470.855686030] [depth_angular_controller]: PAPER_EVIDENCE retained=32 balls=32 revoked_balls=0 expired_views=0 evicted_views=100 radius=0.580 clearance=0.000 best_prefix=0.000
[depth_angular_controller-1] [INFO] [1790695471.999475740] [depth_angular_controller]: PAPER_BUILD reason=FULL_MOTION_CERTIFICATE required=0.0000 best=0.0000 free=0 refined=0 tubes=134 revoked_tubes=0 proofs=128
[depth_angular_controller-1] [INFO] [1790695471.999511237] [depth_angular_controller]: PAPER_EVIDENCE retained=32 balls=32 revoked_balls=0 expired_views=0 evicted_views=104 radius=0.580 clearance=0.000 best_prefix=0.000
[depth_angular_controller-1] [INFO] [1790695472.150500122] [depth_angular_controller]: [PERF CTRL] run=iteration37_ego1p1_1 elapsed=54.30s callbacks=1809 commands=1808 guidance=1708 command_fps(ros/wall)=49.99/45.07 guidance_wall_fps=44.81 avoid_ms(mean/p50/p95/max)=0.975/1.007/1.831/12.639 cycle_ms(mean/p95/max)=22.189/35.970/98.822 depth_to_cmd_ms(mean/p95/max)=33.246/33.333/50.000 callback_to_publish_ms(mean/p95/max)=8.782/12.394/19.099
[depth_angular_controller-1] [INFO] [1790695473.068676341] [depth_angular_controller]: PAPER_BUILD reason=FULL_MOTION_CERTIFICATE required=0.0000 best=0.0000 free=0 refined=0 tubes=138 revoked_tubes=0 proofs=128
[depth_angular_controller-1] [INFO] [1790695473.068715725] [depth_angular_controller]: PAPER_EVIDENCE retained=32 balls=32 revoked_balls=0 expired_views=0 evicted_views=108 radius=0.580 clearance=0.000 best_prefix=0.000
[depth_angular_controller-1] [INFO] [1790695474.283445316] [depth_angular_controller]: PAPER_BUILD reason=FULL_MOTION_CERTIFICATE required=0.0000 best=0.0000 free=0 refined=0 tubes=142 revoked_tubes=0 proofs=128
[depth_angular_controller-1] [INFO] [1790695474.283481233] [depth_angular_controller]: PAPER_EVIDENCE retained=32 balls=32 revoked_balls=0 expired_views=0 evicted_views=112 radius=0.580 clearance=0.000 best_prefix=0.000
[depth_angular_controller-1] [INFO] [1790695475.359049624] [depth_angular_controller]: PAPER_BUILD reason=FULL_MOTION_CERTIFICATE required=0.0000 best=0.0000 free=0 refined=0 tubes=146 revoked_tubes=0 proofs=128
[depth_angular_controller-1] [INFO] [1790695475.359085902] [depth_angular_controller]: PAPER_EVIDENCE retained=32 balls=32 revoked_balls=0 expired_views=0 evicted_views=116 radius=0.580 clearance=0.000 best_prefix=0.000
[position_cmd_to_twist-2] [INFO] [1790695476.328303461] [position_cmd_to_twist]: [PERF BRIDGE] run=iteration37_ego1p1_1 elapsed=58.47s received=1996 published=1996 fps(ros/wall)=50.00/45.07 controller_to_bridge_ms(mean/p50/p95/max)=0.150/0.000/0.000/16.667 bridge_process_ms(mean/p95/max)=0.096/0.116/1.248
[NAV] t=40.0s position=(5.61,-3.13,2.72) yaw=13.8deg command=(1.94,0.48,0.00) manual_active=1 collision_blocks=0
[depth_angular_controller-1] [INFO] [1790695476.421560711] [depth_angular_controller]: PAPER_BUILD reason=FULL_MOTION_CERTIFICATE required=0.0000 best=0.0000 free=0 refined=0 tubes=150 revoked_tubes=0 proofs=128
[depth_angular_controller-1] [INFO] [1790695476.421596038] [depth_angular_controller]: PAPER_EVIDENCE retained=32 balls=32 revoked_balls=0 expired_views=0 evicted_views=120 radius=0.580 clearance=0.000 best_prefix=0.000
[depth_angular_controller-1] [INFO] [1790695477.157811481] [depth_angular_controller]: [PERF CTRL] run=iteration37_ego1p1_1 elapsed=59.31s callbacks=2035 commands=2034 guidance=1934 command_fps(ros/wall)=49.99/45.08 guidance_wall_fps=44.84 avoid_ms(mean/p50/p95/max)=0.953/0.979/1.831/12.639 cycle_ms(mean/p95/max)=22.185/36.050/98.822 depth_to_cmd_ms(mean/p95/max)=33.256/33.333/50.000 callback_to_publish_ms(mean/p95/max)=8.902/12.295/19.099
[depth_angular_controller-1] [INFO] [1790695477.504627733] [depth_angular_controller]: PAPER_BUILD reason=FULL_MOTION_CERTIFICATE required=0.0000 best=0.0000 free=0 refined=0 tubes=154 revoked_tubes=0 proofs=128
[depth_angular_controller-1] [INFO] [1790695477.504664782] [depth_angular_controller]: PAPER_EVIDENCE retained=32 balls=32 revoked_balls=0 expired_views=0 evicted_views=124 radius=0.580 clearance=0.000 best_prefix=0.000
[depth_angular_controller-1] [INFO] [1790695478.633045868] [depth_angular_controller]: PAPER_BUILD reason=FULL_MOTION_CERTIFICATE required=0.0000 best=0.0000 free=0 refined=0 tubes=158 revoked_tubes=0 proofs=128
[depth_angular_controller-1] [INFO] [1790695478.633084390] [depth_angular_controller]: PAPER_EVIDENCE retained=32 balls=32 revoked_balls=0 expired_views=0 evicted_views=128 radius=0.580 clearance=0.000 best_prefix=0.000
[depth_angular_controller-1] [INFO] [1790695479.830421824] [depth_angular_controller]: PAPER_BUILD reason=FULL_MOTION_CERTIFICATE required=0.0000 best=0.0000 free=0 refined=0 tubes=162 revoked_tubes=0 proofs=128
[depth_angular_controller-1] [INFO] [1790695479.830456739] [depth_angular_controller]: PAPER_EVIDENCE retained=32 balls=32 revoked_balls=0 expired_views=0 evicted_views=132 radius=0.580 clearance=0.000 best_prefix=0.000
[depth_angular_controller-1] [INFO] [1790695480.949321316] [depth_angular_controller]: PAPER_BUILD reason=FULL_MOTION_CERTIFICATE required=0.0000 best=0.0000 free=0 refined=0 tubes=166 revoked_tubes=0 proofs=128
[depth_angular_controller-1] [INFO] [1790695480.949359117] [depth_angular_controller]: PAPER_EVIDENCE retained=32 balls=32 revoked_balls=0 expired_views=0 evicted_views=136 radius=0.580 clearance=0.000 best_prefix=0.000
[position_cmd_to_twist-2] [INFO] [1790695481.923140140] [position_cmd_to_twist]: [PERF BRIDGE] run=iteration37_ego1p1_1 elapsed=64.06s received=2246 published=2246 fps(ros/wall)=50.00/45.03 controller_to_bridge_ms(mean/p50/p95/max)=0.134/0.000/0.000/16.667 bridge_process_ms(mean/p95/max)=0.096/0.115/1.248
[NAV] t=45.0s position=(15.32,-0.75,2.74) yaw=13.8deg command=(1.94,0.48,0.00) manual_active=1 collision_blocks=0
[depth_angular_controller-1] [INFO] [1790695482.014715194] [depth_angular_controller]: PAPER_BUILD reason=FULL_MOTION_CERTIFICATE required=0.0000 best=0.0000 free=0 refined=0 tubes=171 revoked_tubes=0 proofs=128
[depth_angular_controller-1] [INFO] [1790695482.014752374] [depth_angular_controller]: PAPER_EVIDENCE retained=32 balls=32 revoked_balls=0 expired_views=0 evicted_views=140 radius=0.580 clearance=0.000 best_prefix=0.000
[depth_angular_controller-1] [INFO] [1790695482.162879569] [depth_angular_controller]: [PERF CTRL] run=iteration37_ego1p1_1 elapsed=64.31s callbacks=2259 commands=2258 guidance=2158 command_fps(ros/wall)=49.99/45.04 guidance_wall_fps=44.84 avoid_ms(mean/p50/p95/max)=0.898/0.924/1.784/12.639 cycle_ms(mean/p95/max)=22.201/35.939/98.822 depth_to_cmd_ms(mean/p95/max)=33.264/33.333/50.000 callback_to_publish_ms(mean/p95/max)=8.892/12.081/19.099
[depth_angular_controller-1] [INFO] [1790695483.148395753] [depth_angular_controller]: PAPER_BUILD reason=FULL_MOTION_CERTIFICATE required=0.0000 best=0.0000 free=0 refined=0 tubes=175 revoked_tubes=0 proofs=128
[depth_angular_controller-1] [INFO] [1790695483.148434997] [depth_angular_controller]: PAPER_EVIDENCE retained=32 balls=32 revoked_balls=0 expired_views=0 evicted_views=144 radius=0.580 clearance=0.000 best_prefix=0.000
[depth_angular_controller-1] [INFO] [1790695484.313044977] [depth_angular_controller]: PAPER_BUILD reason=FULL_MOTION_CERTIFICATE required=0.0000 best=0.0000 free=0 refined=0 tubes=179 revoked_tubes=0 proofs=128
[depth_angular_controller-1] [INFO] [1790695484.313087166] [depth_angular_controller]: PAPER_EVIDENCE retained=32 balls=32 revoked_balls=0 expired_views=0 evicted_views=148 radius=0.580 clearance=0.000 best_prefix=0.000
[depth_angular_controller-1] [INFO] [1790695485.399934291] [depth_angular_controller]: PAPER_BUILD reason=FULL_MOTION_CERTIFICATE required=0.0000 best=0.0000 free=0 refined=0 tubes=183 revoked_tubes=0 proofs=128
[depth_angular_controller-1] [INFO] [1790695485.399975358] [depth_angular_controller]: PAPER_EVIDENCE retained=32 balls=32 revoked_balls=0 expired_views=0 evicted_views=152 radius=0.580 clearance=0.000 best_prefix=0.000
[depth_angular_controller-1] [INFO] [1790695486.424325506] [depth_angular_controller]: PAPER_BUILD reason=FULL_MOTION_CERTIFICATE required=0.0000 best=0.0000 free=0 refined=0 tubes=187 revoked_tubes=0 proofs=128
[depth_angular_controller-1] [INFO] [1790695486.424361193] [depth_angular_controller]: PAPER_EVIDENCE retained=32 balls=32 revoked_balls=0 expired_views=0 evicted_views=156 radius=0.580 clearance=0.000 best_prefix=0.000
[depth_angular_controller-1] [INFO] [1790695487.178026060] [depth_angular_controller]: [PERF CTRL] run=iteration37_ego1p1_1 elapsed=69.33s callbacks=2485 commands=2484 guidance=2384 command_fps(ros/wall)=49.99/45.05 guidance_wall_fps=44.86 avoid_ms(mean/p50/p95/max)=1.030/0.979/2.168/15.682 cycle_ms(mean/p95/max)=22.200/36.050/98.822 depth_to_cmd_ms(mean/p95/max)=33.159/33.333/50.000 callback_to_publish_ms(mean/p95/max)=9.353/14.662/25.693
[position_cmd_to_twist-2] [INFO] [1790695487.414775509] [position_cmd_to_twist]: [PERF BRIDGE] run=iteration37_ego1p1_1 elapsed=69.55s received=2496 published=2496 fps(ros/wall)=50.00/45.08 controller_to_bridge_ms(mean/p50/p95/max)=0.394/0.000/0.000/16.667 bridge_process_ms(mean/p95/max)=0.097/0.119/1.248
[NAV] t=50.0s position=(24.60,2.48,1.55) yaw=12.5deg command=(1.72,0.98,-0.20) manual_active=1 collision_blocks=0
[depth_angular_controller-1] [INFO] [1790695487.507742434] [depth_angular_controller]: PAPER_BUILD reason=FULL_MOTION_CERTIFICATE required=0.0000 best=0.0000 free=0 refined=0 tubes=191 revoked_tubes=0 proofs=128
[depth_angular_controller-1] [INFO] [1790695487.507778762] [depth_angular_controller]: PAPER_EVIDENCE retained=32 balls=32 revoked_balls=0 expired_views=0 evicted_views=160 radius=0.580 clearance=0.000 best_prefix=0.000
[depth_angular_controller-1] [INFO] [1790695488.660904011] [depth_angular_controller]: PAPER_BUILD reason=FULL_MOTION_CERTIFICATE required=0.0000 best=0.0000 free=0 refined=0 tubes=195 revoked_tubes=0 proofs=128
[depth_angular_controller-1] [INFO] [1790695488.660948344] [depth_angular_controller]: PAPER_EVIDENCE retained=32 balls=32 revoked_balls=0 expired_views=0 evicted_views=164 radius=0.580 clearance=0.000 best_prefix=0.000
[depth_angular_controller-1] [INFO] [1790695489.688746772] [depth_angular_controller]: PAPER_BUILD reason=FULL_MOTION_CERTIFICATE required=0.0000 best=0.0000 free=0 refined=0 tubes=199 revoked_tubes=0 proofs=128
[depth_angular_controller-1] [INFO] [1790695489.688787989] [depth_angular_controller]: PAPER_EVIDENCE retained=32 balls=32 revoked_balls=0 expired_views=0 evicted_views=168 radius=0.580 clearance=0.000 best_prefix=0.000
[depth_angular_controller-1] [INFO] [1790695490.900859883] [depth_angular_controller]: PAPER_BUILD reason=FULL_MOTION_CERTIFICATE required=0.0000 best=0.0000 free=0 refined=0 tubes=203 revoked_tubes=0 proofs=128
[depth_angular_controller-1] [INFO] [1790695490.900901171] [depth_angular_controller]: PAPER_EVIDENCE retained=32 balls=32 revoked_balls=0 expired_views=0 evicted_views=172 radius=0.580 clearance=0.000 best_prefix=0.000
[depth_angular_controller-1] [INFO] [1790695492.047117153] [depth_angular_controller]: PAPER_BUILD reason=FULL_MOTION_CERTIFICATE required=0.0000 best=0.0000 free=0 refined=0 tubes=207 revoked_tubes=0 proofs=128
[depth_angular_controller-1] [INFO] [1790695492.047153221] [depth_angular_controller]: PAPER_EVIDENCE retained=32 balls=32 revoked_balls=0 expired_views=0 evicted_views=176 radius=0.580 clearance=0.000 best_prefix=0.000
[depth_angular_controller-1] [INFO] [1790695492.205515173] [depth_angular_controller]: [PERF CTRL] run=iteration37_ego1p1_1 elapsed=74.35s callbacks=2709 commands=2708 guidance=2608 command_fps(ros/wall)=49.99/45.00 guidance_wall_fps=44.83 avoid_ms(mean/p50/p95/max)=1.022/0.969/2.130/15.682 cycle_ms(mean/p95/max)=22.220/36.308/98.822 depth_to_cmd_ms(mean/p95/max)=33.161/33.333/50.000 callback_to_publish_ms(mean/p95/max)=9.572/14.453/25.693
[position_cmd_to_twist-2] [INFO] [1790695492.977392667] [position_cmd_to_twist]: [PERF BRIDGE] run=iteration37_ego1p1_1 elapsed=75.12s received=2746 published=2746 fps(ros/wall)=50.00/45.07 controller_to_bridge_ms(mean/p50/p95/max)=0.358/0.000/0.000/16.667 bridge_process_ms(mean/p95/max)=0.097/0.120/1.248
[NAV] t=55.0s position=(34.23,3.90,2.30) yaw=13.8deg command=(1.94,0.41,0.08) manual_active=1 collision_blocks=0
[depth_angular_controller-1] [INFO] [1790695493.073189022] [depth_angular_controller]: PAPER_BUILD reason=FULL_MOTION_CERTIFICATE required=0.0000 best=0.0000 free=0 refined=0 tubes=211 revoked_tubes=0 proofs=128
[depth_angular_controller-1] [INFO] [1790695493.073232012] [depth_angular_controller]: PAPER_EVIDENCE retained=32 balls=32 revoked_balls=0 expired_views=0 evicted_views=180 radius=0.580 clearance=0.000 best_prefix=0.000
[depth_angular_controller-1] [INFO] [1790695494.164589712] [depth_angular_controller]: PAPER_BUILD reason=FULL_MOTION_CERTIFICATE required=0.0000 best=0.0000 free=0 refined=0 tubes=215 revoked_tubes=0 proofs=128
[depth_angular_controller-1] [INFO] [1790695494.164629176] [depth_angular_controller]: PAPER_EVIDENCE retained=32 balls=32 revoked_balls=0 expired_views=0 evicted_views=184 radius=0.580 clearance=0.000 best_prefix=0.000
[depth_angular_controller-1] [INFO] [1790695495.184947728] [depth_angular_controller]: PAPER_BUILD reason=FULL_MOTION_CERTIFICATE required=0.0000 best=0.0000 free=0 refined=0 tubes=219 revoked_tubes=0 proofs=128
[depth_angular_controller-1] [INFO] [1790695495.184985629] [depth_angular_controller]: PAPER_EVIDENCE retained=32 balls=32 revoked_balls=0 expired_views=0 evicted_views=188 radius=0.580 clearance=0.000 best_prefix=0.000
[depth_angular_controller-1] [INFO] [1790695496.311700087] [depth_angular_controller]: PAPER_BUILD reason=FULL_MOTION_CERTIFICATE required=0.0000 best=0.0000 free=0 refined=0 tubes=223 revoked_tubes=0 proofs=128
[depth_angular_controller-1] [INFO] [1790695496.311736435] [depth_angular_controller]: PAPER_EVIDENCE retained=32 balls=32 revoked_balls=0 expired_views=0 evicted_views=192 radius=0.580 clearance=0.000 best_prefix=0.000
[depth_angular_controller-1] [INFO] [1790695497.221519634] [depth_angular_controller]: [PERF CTRL] run=iteration37_ego1p1_1 elapsed=79.37s callbacks=2944 commands=2943 guidance=2843 command_fps(ros/wall)=49.99/45.15 guidance_wall_fps=44.99 avoid_ms(mean/p50/p95/max)=0.976/0.912/2.091/15.682 cycle_ms(mean/p95/max)=22.150/36.128/98.822 depth_to_cmd_ms(mean/p95/max)=33.163/33.333/50.000 callback_to_publish_ms(mean/p95/max)=9.575/14.172/25.693
[depth_angular_controller-1] [INFO] [1790695497.374520866] [depth_angular_controller]: PAPER_BUILD reason=FULL_MOTION_CERTIFICATE required=0.0000 best=0.0000 free=0 refined=0 tubes=227 revoked_tubes=0 proofs=128
[depth_angular_controller-1] [INFO] [1790695497.374555380] [depth_angular_controller]: PAPER_EVIDENCE retained=32 balls=32 revoked_balls=0 expired_views=0 evicted_views=196 radius=0.580 clearance=0.000 best_prefix=0.000
[position_cmd_to_twist-2] [INFO] [1790695498.296851340] [position_cmd_to_twist]: [PERF BRIDGE] run=iteration37_ego1p1_1 elapsed=80.44s received=2996 published=2996 fps(ros/wall)=50.00/45.22 controller_to_bridge_ms(mean/p50/p95/max)=0.328/0.000/0.000/16.667 bridge_process_ms(mean/p95/max)=0.097/0.120/1.248
[NAV] t=60.0s position=(43.94,6.24,2.41) yaw=13.9deg command=(1.95,0.37,-0.19) manual_active=1 collision_blocks=0
[depth_angular_controller-1] [INFO] [1790695498.388625247] [depth_angular_controller]: PAPER_BUILD reason=FULL_MOTION_CERTIFICATE required=0.0000 best=0.0000 free=0 refined=0 tubes=231 revoked_tubes=0 proofs=128
[depth_angular_controller-1] [INFO] [1790695498.388662446] [depth_angular_controller]: PAPER_EVIDENCE retained=32 balls=32 revoked_balls=0 expired_views=0 evicted_views=200 radius=0.580 clearance=0.000 best_prefix=0.000
[depth_angular_controller-1] [INFO] [1790695499.519390606] [depth_angular_controller]: PAPER_BUILD reason=FULL_MOTION_CERTIFICATE required=0.0000 best=0.0000 free=0 refined=0 tubes=235 revoked_tubes=0 proofs=128
[depth_angular_controller-1] [INFO] [1790695499.519432184] [depth_angular_controller]: PAPER_EVIDENCE retained=32 balls=32 revoked_balls=0 expired_views=0 evicted_views=204 radius=0.580 clearance=0.000 best_prefix=0.000
[depth_angular_controller-1] [INFO] [1790695500.540479694] [depth_angular_controller]: PAPER_BUILD reason=FULL_MOTION_CERTIFICATE required=0.0000 best=0.0000 free=0 refined=0 tubes=239 revoked_tubes=0 proofs=128
[depth_angular_controller-1] [INFO] [1790695500.540520400] [depth_angular_controller]: PAPER_EVIDENCE retained=32 balls=32 revoked_balls=0 expired_views=0 evicted_views=208 radius=0.580 clearance=0.000 best_prefix=0.000
[depth_angular_controller-1] [INFO] [1790695501.563062966] [depth_angular_controller]: PAPER_BUILD reason=FULL_MOTION_CERTIFICATE required=0.0000 best=0.0000 free=0 refined=0 tubes=243 revoked_tubes=0 proofs=128
[depth_angular_controller-1] [INFO] [1790695501.563103141] [depth_angular_controller]: PAPER_EVIDENCE retained=32 balls=32 revoked_balls=0 expired_views=0 evicted_views=212 radius=0.580 clearance=0.000 best_prefix=0.000
[depth_angular_controller-1] [INFO] [1790695502.248935048] [depth_angular_controller]: [PERF CTRL] run=iteration37_ego1p1_1 elapsed=84.40s callbacks=3179 commands=3178 guidance=3078 command_fps(ros/wall)=49.99/45.26 guidance_wall_fps=45.12 avoid_ms(mean/p50/p95/max)=1.024/0.918/2.270/15.682 cycle_ms(mean/p95/max)=22.094/36.082/98.822 depth_to_cmd_ms(mean/p95/max)=33.176/33.333/50.000 callback_to_publish_ms(mean/p95/max)=9.670/14.444/25.693
[depth_angular_controller-1] [INFO] [1790695502.767505843] [depth_angular_controller]: PAPER_BUILD reason=FULL_MOTION_CERTIFICATE required=0.0000 best=0.0000 free=0 refined=0 tubes=247 revoked_tubes=0 proofs=128
[depth_angular_controller-1] [INFO] [1790695502.767542843] [depth_angular_controller]: PAPER_EVIDENCE retained=32 balls=32 revoked_balls=0 expired_views=0 evicted_views=216 radius=0.580 clearance=0.000 best_prefix=0.000
[position_cmd_to_twist-2] [INFO] [1790695503.683197199] [position_cmd_to_twist]: [PERF BRIDGE] run=iteration37_ego1p1_1 elapsed=85.82s received=3246 published=3246 fps(ros/wall)=50.00/45.31 controller_to_bridge_ms(mean/p50/p95/max)=0.334/0.000/0.000/16.667 bridge_process_ms(mean/p95/max)=0.097/0.122/1.248
[NAV] t=65.0s position=(53.56,8.73,2.16) yaw=13.3deg command=(1.94,0.46,0.12) manual_active=1 collision_blocks=0
[depth_angular_controller-1] [INFO] [1790695503.775115056] [depth_angular_controller]: PAPER_BUILD reason=FULL_MOTION_CERTIFICATE required=0.0000 best=0.0000 free=0 refined=0 tubes=251 revoked_tubes=0 proofs=128
[depth_angular_controller-1] [INFO] [1790695503.775149731] [depth_angular_controller]: PAPER_EVIDENCE retained=32 balls=32 revoked_balls=0 expired_views=0 evicted_views=220 radius=0.580 clearance=0.000 best_prefix=0.000
[depth_angular_controller-1] [INFO] [1790695504.970814135] [depth_angular_controller]: PAPER_BUILD reason=FULL_MOTION_CERTIFICATE required=0.0000 best=0.0000 free=0 refined=0 tubes=256 revoked_tubes=0 proofs=128
[depth_angular_controller-1] [INFO] [1790695504.970857016] [depth_angular_controller]: PAPER_EVIDENCE retained=32 balls=32 revoked_balls=0 expired_views=0 evicted_views=224 radius=0.580 clearance=0.000 best_prefix=0.000
[depth_angular_controller-1] [INFO] [1790695505.969584391] [depth_angular_controller]: PAPER_BUILD reason=FULL_MOTION_CERTIFICATE required=0.0000 best=0.0000 free=0 refined=0 tubes=256 revoked_tubes=0 proofs=128
[depth_angular_controller-1] [INFO] [1790695505.969621782] [depth_angular_controller]: PAPER_EVIDENCE retained=32 balls=32 revoked_balls=0 expired_views=0 evicted_views=228 radius=0.580 clearance=0.000 best_prefix=0.000
[depth_angular_controller-1] [INFO] [1790695507.001006740] [depth_angular_controller]: PAPER_BUILD reason=FULL_MOTION_CERTIFICATE required=0.0000 best=0.0000 free=0 refined=0 tubes=256 revoked_tubes=0 proofs=128
[depth_angular_controller-1] [INFO] [1790695507.001041706] [depth_angular_controller]: PAPER_EVIDENCE retained=32 balls=32 revoked_balls=0 expired_views=0 evicted_views=232 radius=0.580 clearance=0.000 best_prefix=0.000
[depth_angular_controller-1] [INFO] [1790695507.255190394] [depth_angular_controller]: [PERF CTRL] run=iteration37_ego1p1_1 elapsed=89.40s callbacks=3414 commands=3413 guidance=3313 command_fps(ros/wall)=49.99/45.37 guidance_wall_fps=45.25 avoid_ms(mean/p50/p95/max)=0.987/0.851/2.218/15.682 cycle_ms(mean/p95/max)=22.040/35.970/98.822 depth_to_cmd_ms(mean/p95/max)=33.182/33.333/50.000 callback_to_publish_ms(mean/p95/max)=9.695/14.212/25.693
[depth_angular_controller-1] [INFO] [1790695508.133181334] [depth_angular_controller]: PAPER_BUILD reason=FULL_MOTION_CERTIFICATE required=0.0000 best=0.0000 free=0 refined=0 tubes=256 revoked_tubes=0 proofs=128
[depth_angular_controller-1] [INFO] [1790695508.133216660] [depth_angular_controller]: PAPER_EVIDENCE retained=32 balls=32 revoked_balls=0 expired_views=0 evicted_views=236 radius=0.580 clearance=0.000 best_prefix=0.000
[position_cmd_to_twist-2] [INFO] [1790695509.063420449] [position_cmd_to_twist]: [PERF BRIDGE] run=iteration37_ego1p1_1 elapsed=91.20s received=3496 published=3496 fps(ros/wall)=50.00/45.39 controller_to_bridge_ms(mean/p50/p95/max)=0.310/0.000/0.000/16.667 bridge_process_ms(mean/p95/max)=0.097/0.121/1.248
[NAV] t=70.0s position=(63.02,10.97,2.74) yaw=13.3deg command=(1.32,0.31,0.08) manual_active=1 collision_blocks=0
[depth_angular_controller-1] [INFO] [1790695509.155332355] [depth_angular_controller]: PAPER_BUILD reason=FULL_MOTION_CERTIFICATE required=0.0000 best=0.0000 free=0 refined=0 tubes=256 revoked_tubes=0 proofs=128
[depth_angular_controller-1] [INFO] [1790695509.155367651] [depth_angular_controller]: PAPER_EVIDENCE retained=32 balls=32 revoked_balls=0 expired_views=0 evicted_views=240 radius=0.580 clearance=0.000 best_prefix=0.000
[depth_angular_controller-1] [INFO] [1790695509.753259495] [depth_angular_controller]: ZERO_INTENT
[BENCHMARK RESULT] ARRIVED sim=69.650s
[PERF ISAAC FINAL] run=iteration37_ego1p1_1 result=ARRIVED wall=79.33s sim_frames=4301 fps(sim/wall)=60.03/54.22 command_changes=3049 collision_blocks=0 frame_interval_ms(mean/p50/p95/max)=18.367/16.874/19.121/81.696
[92.717s] Simulation App Shutting Down
[depth_angular_controller-1] [INFO] [1790695511.699047351] [rclcpp]: signal_handler(SIGINT/SIGTERM)
[position_cmd_to_twist-2] [INFO] [1790695511.699902416] [position_cmd_to_twist]: [PERF BRIDGE FINAL] run=iteration37_ego1p1_1 elapsed=93.84s received=3582 published=3582 fps(ros/wall)=50.00/45.37 controller_to_bridge_ms(mean/p50/p95/max)=0.302/0.000/0.000/16.667 bridge_process_ms(mean/p95/max)=0.097/0.120/1.248
[position_cmd_to_twist-2] Failed to publish log message to rosout: publisher's context is invalid, at ./src/rcl/publisher.c:389
[depth_angular_controller-1] [INFO] [1790695511.699995460] [depth_angular_controller]: [PERF CTRL FINAL] run=iteration37_ego1p1_1 elapsed=93.85s callbacks=3583 commands=3582 guidance=3423 command_fps(ros/wall)=50.00/45.37 guidance_wall_fps=45.22 avoid_ms(mean/p50/p95/max)=0.969/0.800/2.202/15.682 cycle_ms(mean/p95/max)=22.042/36.046/98.822 depth_to_cmd_ms(mean/p95/max)=33.187/33.333/50.000 callback_to_publish_ms(mean/p95/max)=9.647/14.124/25.693
[INFO] [depth_angular_controller-1]: process has finished cleanly [pid 104473]
[INFO] [position_cmd_to_twist-2]: process has finished cleanly [pid 104475]
