[PERF] run=omni_candidate_v13_ego1p3_1 log=/home/starry/isaac-data/EGO1P3/performance/navigation_benchmark_20260929/PERFORMANCE.md
[INPUT] mode=goal scene_mode=cloud
[LOCK] Waiting for shared Isaac navigation slot
[INFO] [launch]: All log files can be found below /tmp/fov_gvf_ego1p3_isaac_ros_log/2026-10-06-23-38-58-616297-starry-System-Product-Name-146699
[INFO] [launch]: Default logging verbosity is set to INFO
[INFO] [depth_angular_controller-1]: process started with pid [146703]
[INFO] [position_cmd_to_twist-2]: process started with pid [146705]
[depth_angular_controller-1] [INFO] [1791301138.653363501] [depth_angular_controller]: PROCESSING_RATES control=60.0 Hz depth_limit=10.0 Hz (0=unlimited)
[depth_angular_controller-1] [INFO] [1791301138.655335397] [depth_angular_controller]: C++ controller commands publish on /position_cmd; horizontal views=4
[ROS CHECK] ROS_DOMAIN_ID=42 /position_cmd publishers=1
Type: pc_gvf_msgs/msg/PositionCommand
Publisher count: 1
Subscription count: 1
/depth_angular_controller
/position_cmd_to_twist
WARNING: All log messages before absl::InitializeLog() is called are written to STDERR
E0000 00:00:1791301139.599726  146745 descriptor_database.cc:633] File already exists in database: grpc/health/v1/health.proto
W0000 00:00:1791301139.599747  146745 message.cc:301] Protobuf GeneratedMessageFactory: File is already registered: grpc/health/v1/health.proto
2026-10-06T15:38:59Z [Info] [carb] Logging to file: /home/starry/isaac-data/isaacsim/kit/logs/Kit/Isaac-Sim Python/6.0/kit_20261006_233859.log
[0.043s] [ext: omni.assets.plugins-0.0.0] startup
[0.044s] [ext: omni.blobkey-1.1.2] startup
[0.044s] [ext: omni.kit.async_engine-0.0.3] startup
[0.310s] [ext: omni.client.lib-1.1.1] startup
[0.318s] [ext: omni.client-1.3.0] startup
[0.320s] [ext: omni.protobuf.lib-1.0.0] startup
[0.321s] [ext: omni.grpc.lib-1.0.0] startup
[0.324s] [ext: omni.metrics.core-0.0.3] startup
[0.324s] [ext: omni.datastore-0.0.0] startup
[0.324s] [ext: omni.gpu_foundation.shadercache.vulkan-1.0.0] startup
[0.326s] [ext: omni.hsscclient-1.1.4] startup
[0.327s] [ext: omni.stats-1.0.1] startup
[0.327s] [ext: omni.ujitso.default-1.0.0] startup
[0.330s] [ext: omni.gpu_foundation-0.0.0] startup
[0.463s] [ext: carb.windowing.plugins-1.0.1] startup
[0.463s] [ext: omni.kit.renderer.init-1.0.1] startup
2026-10-06T15:38:59Z [664ms] [Warning] [omni.rtx] Skipping unsupported non-NVIDIA GPU: AMD Unknown (RADV RAPHAEL_MENDOCINO)
2026-10-06T15:38:59Z [665ms] [Warning] [omni.rtx] Skipping unsupported non-NVIDIA GPU: AMD Unknown (RADV RAPHAEL_MENDOCINO)

|---------------------------------------------------------------------------------------------|
| Driver Version: 580.178.04    | Graphics API: Vulkan
|=============================================================================================|
| GPU | Name                             | Active | LDA | GPU Memory | Vendor-ID | LUID       |
|     |                                  |        |     |            | Device-ID | UUID       |
|     |                                  |        |     |            | Bus-ID    |            |
|---------------------------------------------------------------------------------------------|
| 0   | NVIDIA GeForce RTX 5070          | Yes: 0 |     | 12227   MB | 10de      | 0          |
|     |                                  |        |     |            | 2f04      | 348d89fe.. |
|     |                                  |        |     |            | 1         |            |
|---------------------------------------------------------------------------------------------|
| 1   | AMD Unknown (RADV RAPHAEL_MEND.. |        |     | 10755   MB | 1002      | 0          |
|     |                                  |        |     |            | 13c0      | 00000000.. |
|     |                                  |        |     |            | c         |            |
|=============================================================================================|
| OS: 22.04.5 LTS (Jammy Jellyfish) ubuntu, Version: 22.04.5, Kernel: 6.8.0-138-generic
| XServer Vendor: The X.Org Foundation, XServer Version: 12101004 (1.21.1.4)
| Processor: AMD Ryzen 5 9600X 6-Core Processor
| Cores: 6 | Logical Cores: 12
|---------------------------------------------------------------------------------------------|
| Total Memory (MB): 31241 | Free Memory: 22611
| Total Page/Swap (MB): 15624 | Free Page/Swap: 15624
|---------------------------------------------------------------------------------------------|
2026-10-06T15:39:00Z [874ms] [Warning] [omni.rtx] CPU performance profile is set to powersave. This profile sets the CPU to the lowest frequency reducing performance.
2026-10-06T15:39:00Z [882ms] [Warning] [omni.rtx] IOMMU is enabled.
[0.985s] [ext: omni.kit.pipapi-0.0.0] startup
[0.986s] [ext: omni.kit.pip_archive-0.0.0] startup
[0.986s] [ext: isaacsim.pip.newton-0.6.1] startup
[0.986s] [ext: omni.pip.compute-1.9.2] startup
[0.987s] [ext: omni.isaac.core_archive-5.3.1] startup
[0.987s] [ext: omni.kit.telemetry-0.5.2] startup
[1.006s] [ext: omni.kit.loop-isaac-1.6.0] startup
[1.007s] [ext: omni.kit.test-2.0.7] startup
[1.058s] [ext: omni.materialx.libs-1.0.9] startup
[1.064s] [ext: omni.gpucompute.plugins-0.0.0] startup
[1.065s] [ext: omni.usd.config-1.0.7] startup
[1.067s] [ext: omni.usd.libs-1.0.3] startup
[1.124s] [ext: omni.iray.libs-0.0.1] startup
[1.127s] [ext: omni.mdl-57.0.3] startup
[1.187s] [ext: omni.mdl.neuraylib-0.2.20] startup
[1.189s] [ext: omni.kit.usd.mdl-1.1.9] startup
[1.274s] [ext: omni.appwindow-1.2.2] startup
[1.276s] [ext: omni.kit.renderer.core-1.2.2] startup
2026-10-06T15:39:05Z [6,471ms] [Warning] [carb.windowing-glfw.gamepad] Joystick with unknown remapping detected (will be ignored):  BEITONG BEITONG A2P3A BFM DONGLE [03000000bc2000001c51000011010000]
[6.503s] [ext: omni.kit.renderer.capture-2.0.1] startup
[6.504s] [ext: omni.kit.renderer.imgui-2.0.6] startup
[6.541s] [ext: omni.ui-3.2.0] startup
[6.548s] [ext: omni.kit.mainwindow-1.0.3] startup
[6.549s] [ext: carb.audio-0.1.0] startup
[6.551s] [ext: omni.uiaudio-1.0.0] startup
[6.552s] [ext: omni.kit.uiapp-0.0.0] startup
[6.552s] [ext: omni.usd.schema.metrics.assembler-110.1.0] startup
[6.554s] [ext: omni.usd.schema.audio-0.0.1] startup
[6.556s] [ext: omni.usd_resolver-1.0.0] startup
[6.558s] [ext: omni.usd.core-1.8.3] startup
[6.561s] [ext: omni.metropolis.schema-0.0.3] startup
[6.561s] [ext: isaacsim.anim.robot.schema-0.1.1] startup
[6.562s] [ext: omni.usd.schema.anim-0.0.1] startup
[6.575s] [ext: omni.usd.schema.geospatial-0.0.1] startup
[6.577s] [ext: omni.usd.schema.omnigraph-1.0.1] startup
[6.581s] [ext: omni.usd.schema.semantics-0.0.0] startup
[6.583s] [ext: omni.activity.core-1.0.3] startup
[6.584s] [ext: omni.cubric-0.1.0] startup
[6.584s] [ext: omni.graph.exec-0.9.6] startup
[6.584s] [ext: omni.hydra.scene_delegate-0.3.5] startup
[6.586s] [ext: usdrt.scenegraph-7.6.3] startup
[6.605s] [ext: omni.hydra.usdrt_delegate-7.5.2] startup
[6.609s] [ext: omni.inspect-1.0.2] startup
[6.610s] [ext: omni.kit.actions.core-1.0.0] startup
[6.611s] [ext: omni.kit.audiodeviceenum-1.0.2] startup
[6.612s] [ext: omni.kit.commands-1.5.0] startup
[6.614s] [ext: omni.kit.exec.core-0.13.5] startup
[6.615s] [ext: omni.kit.usd_undo-0.1.8] startup
[6.615s] [ext: omni.kit.window.popup_dialog-2.0.25] startup
[6.618s] [ext: omni.kit.widget.nucleus_connector-2.3.1] startup
[6.620s] [ext: omni.timeline-1.1.0] startup
[6.622s] [ext: omni.usd-1.16.0] startup
[6.647s] [ext: omni.graph.core-3.1.2] startup
[6.650s] [ext: omni.kit.notification_manager-1.0.11] startup
[6.651s] [ext: isaacsim.core.deprecation_manager-0.4.2] startup
[6.652s] [ext: isaacsim.replicator.agent.schema-0.1.1] startup
[6.653s] [ext: isaacsim.robot.schema-6.3.7] startup
[6.656s] [ext: isaacsim.robot_motion.schema-0.2.1] startup
[6.657s] [ext: omni.anim.behavior.schema-110.1.0] startup
[6.660s] [ext: omni.anim.graph.schema-110.1.1] startup
[6.664s] [ext: omni.anim.navigation.schema-110.1.0] startup
[6.666s] [ext: omni.behavior.tree.schema-110.1.0] startup
[6.667s] [ext: omni.isaac.ml_archive-3.3.0] startup
[6.667s] [ext: omni.kit.asset_converter-6.0.1] startup
[6.676s] [ext: omni.pip.cloud-1.5.4] startup
[6.678s] [ext: omni.usd.schema.flow-110.0.0] startup
[6.678s] [ext: omni.usd.schema.mujoco-1.1.1] startup
[6.679s] [ext: omni.usd.schema.newton-1.2.1] startup
[6.679s] [ext: omni.usd.schema.omni_lens_distortion-1.0.0] startup
[6.680s] [ext: omni.usd.schema.omni_projectors-1.0.0] startup
[6.680s] [ext: omni.usd.schema.omni_sensors-0.0.0] startup
[6.686s] [ext: omni.usd.schema.omniscripting-1.0.1] startup
[6.689s] [ext: omni.usd.schema.physical_lighting-0.1.0] startup
[6.692s] [ext: omni.usd.schema.physx-110.1.13] startup
[6.716s] [ext: omni.usd.schema.render_settings.rtx-1.0.2] startup
[6.718s] [ext: omni.usd.schema.usd_particle_field-1.0.0] startup
[6.719s] [ext: isaacsim.core.version-2.1.1] startup
[6.719s] [ext: omni.kit.menu.core-1.2.0] startup
[6.720s] [ext: omni.kit.menu.utils-2.2.4] startup
[6.725s] [ext: isaacsim.app.about-2.3.1] startup
[6.729s] [ext: isaacsim.asset.transformer-1.2.5] startup
[6.731s] [ext: omni.scene.optimizer.core-110.1.0] startup
[6.761s] [ext: isaacsim.asset.importer.utils-1.8.1] startup
[6.763s] [ext: omni.convexdecomposition-110.1.13] startup
[6.764s] [ext: omni.physics-110.1.13] startup
[6.766s] [ext: omni.physx.gpu-110.1.13] startup
[6.767s] [ext: omni.physx.foundation-110.1.13] startup
[6.768s] [ext: omni.usdphysics-110.1.13] startup
[6.769s] [ext: omni.physx.cooking-110.1.13] startup
[6.770s] [ext: omni.physx-110.1.13] startup
[6.777s] [ext: omni.physics.physx-110.1.13] startup
[6.778s] [ext: isaacsim.asset.exporter.urdf-2.0.5] startup
[6.785s] [ext: omni.kit.clipboard-1.1.1] startup
[6.785s] [ext: omni.kit.usd.layers-2.6.1] startup
[6.790s] [ext: omni.kit.widget.context_menu-1.4.0] startup
[6.792s] [ext: omni.kit.context_menu-1.9.0] startup
[6.793s] [ext: omni.kit.helper.file_utils-0.1.10] startup
[6.794s] [ext: omni.kit.widget.nucleus_info-2.0.2] startup
[6.794s] [ext: omni.kit.search_core-1.0.8] startup
[6.795s] [ext: omni.kit.widget.path_field-2.0.13] startup
[6.795s] [ext: omni.kit.widget.browser_bar-2.0.10] startup
[6.796s] [ext: omni.kit.widget.filebrowser-2.13.4] startup
[6.799s] [ext: omni.kit.widget.options_menu-1.1.6] startup
[6.801s] [ext: omni.kit.widget.options_button-1.0.3] startup
[6.802s] [ext: omni.kit.widget.search_delegate-1.0.9] startup
[6.802s] [ext: omni.ui.scene-2.0.3] startup
[6.806s] [ext: omni.kit.window.filepicker-2.15.5] startup
[6.815s] [ext: omni.kit.window.file_importer-1.1.21] startup
[6.817s] [ext: omni.kit.material.library-3.1.2] startup
[6.821s] [ext: isaacsim.asset.transformer.rules-1.7.10] startup
[6.828s] [ext: omni.usdex.libs-2.2.2] startup
[6.834s] [ext: isaacsim.asset.importer.mjcf-3.10.1] startup
[6.836s] [ext: isaacsim.asset.importer.urdf-3.11.2] startup
[6.839s] [ext: omni.kit.primitive.mesh-1.1.0] startup
[6.841s] [ext: omni.kit.stage_template.core-1.1.22] startup
[6.841s] [ext: omni.kit.stage_templates-2.0.2] startup
[6.842s] [ext: omni.usd.metrics.assembler-110.1.2] startup
[6.844s] [ext: omni.warp.core-1.13.0] startup
[7.026s] [ext: isaacsim.core.experimental.utils-0.17.2] startup
[7.026s] [ext: omni.physics.stageupdate-110.1.13] startup
[7.028s] [ext: omni.physics.tensors-110.1.13] startup
[7.031s] [ext: omni.physx.tensors-110.1.13] startup
[7.034s] [ext: isaacsim.core.simulation_manager-1.15.6] startup
[7.044s] [ext: isaacsim.storage.native-1.9.3] startup
[7.045s] [ext: omni.usd.metrics.assembler.physics-110.1.13] startup
[7.046s] [ext: isaacsim.core.utils-4.1.7] startup
[7.048s] [ext: isaacsim.core.prims-0.11.7] startup
[7.924s] [ext: isaacsim.core.api-5.2.13] startup
[7.930s] [ext: isaacsim.core.cloner-1.7.3] startup
[7.931s] [ext: isaacsim.test.docstring-1.3.2] startup
[7.933s] [ext: isaacsim.core.experimental.prims-1.8.9] startup
[7.951s] [ext: isaacsim.core.experimental.primdata-0.3.2] startup
[7.953s] [ext: omni.graph.tools-1.81.0] startup
[7.971s] [ext: omni.graph-1.142.5] startup
[8.001s] [ext: isaacsim.core.experimental.actuators-0.1.2] startup
[8.014s] [ext: isaacsim.core.experimental.materials-0.7.1] startup
[8.016s] [ext: isaacsim.core.experimental.objects-0.8.1] startup
[8.069s] [ext: omni.hydra.engine.stats-1.0.5] startup
[8.072s] [ext: omni.hydra.rtx.shadercache.vulkan-1.0.0] startup
[8.073s] [ext: omni.index.libs-387500.4413.0] startup
[8.073s] [ext: omni.index-1.0.1] startup
[8.073s] [ext: omni.ujitso.client-0.0.0] startup
[8.073s] [ext: omni.usd.schema.playback-1.0.0] startup
[8.076s] [ext: omni.volume-0.5.2] startup
[8.080s] [ext: omni.hydra.rtx-1.0.4] startup
2026-10-06T15:39:07Z [8,070ms] [Warning] [omni.log] Source: omni.hydra was already registered.
[8.101s] [ext: omni.kit.hydra_texture-1.6.0] startup
[8.104s] [ext: omni.kit.raycast.query-1.2.0] startup
[8.107s] [ext: omni.kit.viewport.legacy_gizmos-1.0.24] startup
[8.108s] [ext: omni.kit.viewport.registry-104.0.6] startup
[8.109s] [ext: omni.kit.viewport.scene_camera_model-1.0.7] startup
[8.112s] [ext: omni.kit.widget.viewport-109.2.0] startup
[8.115s] [ext: omni.kit.window.drop_support-1.0.8] startup
[8.116s] [ext: omni.kit.viewport.window-109.0.2] startup
[8.129s] [ext: omni.kit.viewport.utility-2.0.1] startup
[8.130s] [ext: isaacsim.core.rendering_manager-0.4.3] startup
[8.149s] [ext: omni.graph.action_core-1.1.9] startup
[8.151s] [ext: omni.graph.action_nodes_core-2.11.0] startup
[8.153s] [ext: omni.graph.action_nodes-2.11.0] startup
[8.169s] [ext: omni.graph.action-2.10.2] startup
[8.170s] [ext: omni.graph.image.core-0.6.1] startup
[8.170s] [ext: omni.graph.image.nodes-1.3.1] startup
[8.171s] [ext: omni.graph.nodes_core-2.11.0] startup
[8.175s] [ext: omni.graph.nodes-2.12.0] startup
[8.179s] [ext: omni.kit.hotkeys.core-1.3.12] startup
[8.180s] [ext: omni.kit.property.adapter.core-1.1.1] startup
[8.182s] [ext: omni.kit.property.adapter.usd-1.0.5] startup
[8.183s] [ext: omni.kit.widget.filter-1.1.5] startup
[8.184s] [ext: omni.kit.widget.highlight_label-1.0.3] startup
[8.184s] [ext: omni.kit.widget.searchfield-1.1.8] startup
[8.185s] [ext: omni.kit.window.file_exporter-1.0.36] startup
[8.186s] [ext: omni.kit.widget.stage-4.4.0] startup
[8.194s] [ext: omni.kit.window.content_browser_registry-0.0.6] startup
[8.195s] [ext: omni.kit.window.file-2.0.10] startup
[8.197s] [ext: omni.kit.window.content_browser-3.1.8] startup
[8.206s] [ext: omni.kit.window.property-1.15.1] startup
[8.215s] [ext: omni.kit.property.usd-4.9.4] startup
[8.223s] [ext: omni.graph.scriptnode-2.10.2] startup
[8.231s] [ext: omni.kit.widget.searchable_combobox-1.0.7] startup
[8.231s] [ext: omni.kit.widget.settings-2.0.0] startup
[8.233s] [ext: omni.kit.window.preferences-1.8.3] startup
[8.237s] [ext: omni.kit.viewport.menubar.core-107.2.2] startup
[8.246s] [ext: omni.syntheticdata-0.6.15] startup
[8.269s] [ext: omni.replicator.nv-1.1.1] startup
[8.273s] [ext: omni.videoencoding-0.2.1] startup
[8.274s] [ext: omni.replicator.core-1.13.27] startup
2026-10-06T15:39:07Z [8,260ms] [Warning] [pxr.Semantics] pxr.Semantics is deprecated - please use Semantics instead
2026-10-06T15:39:07Z [8,325ms] [Warning] [omni.replicator.core.scripts.extension] No material configuration file, adding configuration to material settings directly.
[8.470s] [ext: isaacsim.core.nodes-5.10.5] startup
[8.496s] [ext: isaacsim.core.throttling-2.3.5] startup
[8.497s] [ext: omni.kit.manipulator.viewport-107.0.1] startup
[8.498s] [ext: omni.graph.visualization.nodes-2.1.4] startup
[8.510s] [ext: omni.kit.window.extensions-1.5.10] startup
[8.514s] [ext: isaacsim.gui.components-1.8.5] startup
[8.518s] [ext: isaacsim.robot.surface_gripper-3.6.2] startup
[8.527s] [ext: isaacsim.robot.manipulators-3.4.4] startup
[8.536s] [ext: isaacsim.robot_motion.lula-4.1.3] startup
[8.542s] [ext: isaacsim.robot_motion.motion_generation-8.2.9] startup
[8.546s] [ext: isaacsim.cortex.framework-1.0.18] startup
[8.547s] [ext: isaacsim.cortex.behaviors-2.0.17] startup
[8.549s] [ext: isaacsim.examples.base-1.3.2] startup
[8.550s] [ext: omni.kit.widget.zoombar-1.0.7] startup
[8.550s] [ext: omni.kit.browser.core-2.3.18] startup
[8.553s] [ext: omni.kit.browser.folder.core-2.0.2] startup
[8.557s] [ext: omni.kit.widget.stage_icons-1.0.8] startup
[8.557s] [ext: omni.kit.window.stage-2.6.1] startup
[8.560s] [ext: omni.kit.menu.stage-1.2.7] startup
[8.561s] [ext: omni.kit.usd.collect-3.0.6] startup
[8.563s] [ext: omni.kit.widget.prompt-1.0.7] startup
[8.564s] [ext: omni.kit.tool.collect-2.2.19] startup
[8.566s] [ext: isaacsim.examples.browser-0.3.2] startup
[8.567s] [ext: omni.kit.search.files-1.0.4] startup
[8.568s] [ext: omni.kit.widget.calendar-1.0.9] startup
[8.569s] [ext: omni.kit.widget.extended_searchfield-1.0.31] startup
[8.575s] [ext: omni.simready.content.browser-0.3.7] startup
[8.661s] [ext: isaacsim.gui.content_browser-0.4.3] startup
[8.664s] [ext: omni.kit.selection-0.1.6] startup
[8.665s] [ext: isaacsim.gui.menu-2.10.5] startup
[8.671s] [ext: isaacsim.gui.property-1.6.4] startup
[8.677s] [ext: omni.kit.viewport.actions-110.0.0] startup
[8.681s] [ext: omni.kit.viewport.menubar.display-107.1.3] startup
[8.682s] [ext: isaacsim.gui.sensors.icon-2.2.1] startup
[8.685s] [ext: omni.behavior.scripting.core-110.1.0] startup
[8.687s] [ext: isaacsim.replicator.behavior-1.5.4] startup
[8.688s] [ext: isaacsim.replicator.experimental.domain_randomization-1.2.5] startup
[8.700s] [ext: isaacsim.replicator.domain_randomization-1.2.2] startup
[8.766s] [ext: isaacsim.replicator.writers-1.5.4] startup
[8.787s] [ext: isaacsim.robot.experimental.wheeled_robots-0.2.11] startup
[8.807s] [ext: isaacsim.robot.policy.examples-5.2.12] startup
[8.824s] [ext: isaacsim.robot.wheeled_robots-5.2.4] startup
[8.828s] [ext: isaacsim.robot.wheeled_robots.nodes-0.1.5] startup
[8.844s] [ext: isaacsim.robot_motion.experimental.motion_generation-6.1.3] startup
[8.854s] [ext: isaacsim.robot_motion.cumotion-1.3.1] startup
[8.866s] [ext: omni.kit.numpy.common-0.1.3] startup
[8.867s] [ext: isaacsim.sensors.camera-1.7.9] startup
[8.894s] [ext: isaacsim.sensors.experimental.physics-3.0.2] startup
[8.901s] [ext: omni.sensors.net-1.0.1] startup
[8.903s] [ext: omni.sensors.nv.common-3.0.0] startup
[8.911s] [ext: omni.sensors.nv.materials-2.0.0] startup
[8.914s] [ext: omni.sensors.nv.acoustic-3.0.0] startup
[8.916s] [ext: omni.sensors.nv.ids-2.0.1] startup
[8.917s] [ext: omni.sensors.nv.lidar-3.0.0] startup
[8.920s] [ext: omni.sensors.nv.radar-3.0.0] startup
[8.922s] [ext: isaacsim.sensors.experimental.rtx-1.4.6] startup
[9.147s] [ext: isaacsim.sensors.physics.nodes-1.5.3] startup
[9.152s] [ext: isaacsim.util.debug_draw-3.2.3] startup
[9.156s] [ext: isaacsim.sensors.physx-2.5.5] startup
[9.163s] [ext: isaacsim.sensors.rtx-15.17.1] startup
[9.171s] [ext: isaacsim.simulation_app-2.18.4] startup
[9.171s] [ext: omni.anim.curve.core-1.6.0] startup
[9.180s] [ext: omni.graph.ui_nodes-2.11.1] startup
[9.199s] [ext: omni.hydra.scene_api-0.1.3] startup
[9.202s] [ext: omni.kit.manipulator.camera-110.0.0] startup
[9.205s] [ext: omni.kit.manipulator.selector-1.1.4] startup
[9.206s] [ext: omni.kit.manipulator.transform-107.0.0] startup
[9.210s] [ext: omni.kit.widget.toolbar-2.1.0] startup
[9.215s] [ext: omni.kit.manipulator.tool.snap-1.5.14] startup
[9.218s] [ext: omni.kit.viewport.manipulator.transform-107.0.4] startup
[9.220s] [ext: omni.kit.manipulator.prim.core-108.0.2] startup
[9.225s] [ext: omni.kit.manipulator.prim.usd-107.0.3] startup
[9.226s] [ext: omni.kit.manipulator.prim-108.0.0] startup
[9.226s] [ext: omni.kit.manipulator.selection-109.0.1] startup
[9.227s] [ext: omni.kit.menu.create-2.0.2] startup
[9.228s] [ext: omni.kit.property.audio-1.0.16] startup
[9.231s] [ext: omni.kit.property.camera-1.0.14] startup
[9.232s] [ext: omni.kit.property.geometry-2.1.2] startup
[9.235s] [ext: omni.kit.property.light-1.0.14] startup
2026-10-06T15:39:08Z [9,233ms] [Warning] [omni.usd] Encountered USD Warnings but USD Diagnostics are currently muted. To view USD Warnings, please set the '/persistent/app/usd/muteUsdDiagnostics' setting to false in Preferences page.
[9.262s] [ext: omni.kit.property.material-1.14.6] startup
[9.267s] [ext: omni.kit.property.render-1.2.2] startup
[9.268s] [ext: omni.kit.property.transform-1.6.9] startup
[9.271s] [ext: omni.kit.property.bundle-1.5.1] startup
[9.272s] [ext: omni.kit.usdz_export-1.1.0] startup
[9.274s] [ext: omni.kit.tool.asset_importer-6.0.1] startup
[9.279s] [ext: omni.kit.ui.actions-1.0.5] startup
[9.280s] [ext: omni.kit.viewport.menubar.camera-107.0.10] startup
[9.284s] [ext: omni.kit.viewport.menubar.lighting-107.3.2] startup
[9.286s] [ext: omni.kit.viewport.menubar.render-110.0.0] startup
[9.288s] [ext: omni.kit.viewport.menubar.settings-110.0.1] startup
[9.291s] [ext: omni.kit.window.console-1.1.9] startup
[9.294s] [ext: omni.kit.window.status_bar-0.1.11] startup
[9.296s] [ext: omni.kit.window.toolbar-3.0.3] startup
[9.298s] [ext: omni.ocio-0.1.1] startup
[9.298s] [ext: omni.physx.commands-110.1.13] startup
[9.301s] [ext: omni.replicator.replicator_yaml-2.0.12] startup
[9.310s] [ext: omni.rtx.window.settings-0.8.0] startup
[9.314s] [ext: omni.rtx.settings.core-0.7.1] startup
[9.316s] [ext: omni.usd.metrics.assembler.ui-110.1.1] startup
[9.322s] [ext: semantics.schema.editor-2.0.2] startup
[9.325s] [ext: semantics.schema.property-2.0.2] startup
[9.326s] [ext: omni.kit.menu.common-2.0.2] startup
[9.327s] [ext: isaacsim.exp.base-6.0.1] startup
[9.327s] [ext: isaacsim.exp.base.python-6.0.1] startup
[9.328s] Simulation App Starting
[10.374s] Simulation App Startup Complete
[10.378s] app ready
Starting kit application with the following args:  ['/home/starry/isaac-data/isaacsim/exts/isaacsim.simulation_app/isaacsim/simulation_app/simulation_app.py', '/home/starry/isaac-data/isaacsim/apps/isaacsim.exp.base.python.kit', '--/app/tokens/exe-path=/home/starry/isaac-data/isaacsim/kit', '--/persistent/app/viewport/displayOptions=3094', '--/rtx/materialDb/syncLoads=True', '--/rtx/hydra/materialSyncLoads=True', '--/omni/kit/plugin/syncUsdLoads=True', '--/app/renderer/resolution/width=1280', '--/app/renderer/resolution/height=720', '--/app/window/width=1440', '--/app/window/height=900', '--/renderer/multiGpu/enabled=False', '--/app/fastShutdown=True', '--/app/installSignalHandlers=0', '--ext-folder', '/home/starry/isaac-data/isaacsim/exts', '--ext-folder', '/home/starry/isaac-data/isaacsim/apps', '--/renderer/activeGpu=0', '--/physics/cudaDevice=0', '--/plugins/carb.tasking.plugin/threadCount=12', '--/plugins/omni.tbb.globalcontrol/maxThreadCount=12', '--portable', '--no-window', '--/app/window/hideUi=1']
Passing the following args to the base kit application:  []
Warp 1.13.0 initialized:
   CUDA Toolkit 12.9, Driver 13.0
   Devices:
     "cpu"      : "x86_64"
     "cuda:0"   : "NVIDIA GeForce RTX 5070" (11 GiB, sm_120, mempool enabled)
   Kernel cache:
     /home/starry/.cache/warp/1.13.0
[LIGHTING] sun=800.0 (1) dome=0.0 (1) ambient=0.05 constant_color=(0.6, 0.65, 0.7)
[RENDER] mode=MinimalRendering minimal_shading_mode=2 anti_aliasing=TAA
[DEPTH CAMERAS] count=4 resolution_each=320x240 horizontal_coverage=360deg
[ESDF] path=/home/starry/isaac-data/EGO1P3/scenes/ego_swarm_cloud/occupancy.bin shape=(400, 300, 50) resolution=0.40m
[depth_angular_controller-1] [INFO] [1791301152.006096842] [depth_angular_controller]: WAITING_ODOMETRY
[NAV] t=0.0s position=(-64.00,-11.20,2.80) yaw=1.2deg command=(0.00,0.00,0.00) manual_active=0 collision_blocks=0
[depth_angular_controller-1] [INFO] [1791301152.375757410] [depth_angular_controller]: WAITING_VERIFIED_START_POSE
[depth_angular_controller-1] [INFO] [1791301152.412923617] [depth_angular_controller]: VERIFIED_FREE_SEED center=(-64.000,-11.200,2.800) radius=2.500 balls=1: verified fixed Cloud free ball; USD and occupancy SHA-256 matched
[depth_angular_controller-1] [INFO] [1791301152.413031169] [depth_angular_controller]: ZERO_INTENT
[depth_angular_controller-1] [INFO] [1791301154.135423713] [depth_angular_controller]: OMNI_DEPTH views=4 azimuth_bins=180 elevation_bins=37 valid=1 certificates=1 short=0 held=0 yaw=22.00
[depth_angular_controller-1] [INFO] [1791301154.135649007] [depth_angular_controller]: DEPTH_PROPOSAL_CERTIFIED
[depth_angular_controller-1] [INFO] [1791301154.135663424] [depth_angular_controller]: PAPER_BUILD reason=FULL_MOTION_CERTIFICATE required=0.0000 best=0.0000 free=0 refined=0 tubes=0 revoked_tubes=0 proofs=0
[depth_angular_controller-1] [INFO] [1791301154.135696626] [depth_angular_controller]: PAPER_EVIDENCE retained=8 balls=1 revoked_balls=0 expired_views=0 evicted_views=0 radius=0.580 clearance=0.000 best_prefix=0.000
[depth_angular_controller-1] [INFO] [1791301155.212386303] [depth_angular_controller]: OMNI_DEPTH views=4 azimuth_bins=180 elevation_bins=37 valid=1 certificates=1 short=0 held=1 yaw=20.00
[depth_angular_controller-1] [INFO] [1791301155.212508943] [depth_angular_controller]: PAPER_BUILD reason=FULL_MOTION_CERTIFICATE required=0.0000 best=0.0000 free=0 refined=0 tubes=1 revoked_tubes=0 proofs=51
[depth_angular_controller-1] [INFO] [1791301155.212520354] [depth_angular_controller]: PAPER_EVIDENCE retained=12 balls=4 revoked_balls=0 expired_views=0 evicted_views=0 radius=0.580 clearance=0.000 best_prefix=0.000
[10.897s] [ext: isaacsim.sensors.rtx.nodes-0.1.2] startup
[10.905s] [ext: isaacsim.ros2.core-1.9.4] startup
[10.919s] Attempting to load system rclpy
[10.919s] Could not import system rclpy: No module named 'rclpy'
[10.919s] Attempting to load internal rclpy for ROS Distro: humble
[10.930s] rclpy loaded
[10.933s] [ext: isaacsim.ros2.nodes-1.18.13] startup
[10.967s] [ext: isaacsim.ros2.examples-1.2.4] startup
[10.972s] [ext: isaacsim.ros2.ui-1.6.5] startup
[11.182s] [ext: isaacsim.ros2.bridge-5.1.2] startup
2026-10-06T15:39:12Z [13,119ms] [Warning] [omni.timeline.plugin] Deprecated: direct use of ITimeline callbacks is deprecated. Use ITimeline::getTimeline (Python: omni.timeline.get_timeline_interface) instead.
[depth_angular_controller-1] [INFO] [1791301156.290145158] [depth_angular_controller]: OMNI_DEPTH views=4 azimuth_bins=180 elevation_bins=37 valid=1 certificates=1 short=0 held=0 yaw=9.76
[depth_angular_controller-1] [INFO] [1791301156.290410968] [depth_angular_controller]: PAPER_BUILD reason=FULL_MOTION_CERTIFICATE required=0.0000 best=0.0000 free=0 refined=0 tubes=4 revoked_tubes=0 proofs=108
[depth_angular_controller-1] [INFO] [1791301156.290424193] [depth_angular_controller]: PAPER_EVIDENCE retained=16 balls=15 revoked_balls=0 expired_views=0 evicted_views=0 radius=0.580 clearance=0.000 best_prefix=0.000
[position_cmd_to_twist-2] [INFO] [1791301157.232485410] [position_cmd_to_twist]: [PERF BRIDGE] run=omni_candidate_v13_ego1p3_1 elapsed=18.46s received=295 published=295 fps(ros/wall)=60.00/60.84 controller_to_bridge_ms(mean/p50/p95/max)=0.000/0.000/0.000/0.000 bridge_process_ms(mean/p95/max)=0.090/0.122/0.401
[NAV] t=5.0s position=(-60.33,-10.06,2.82) yaw=9.7deg command=(1.97,0.35,-0.01) manual_active=1 collision_blocks=0
[depth_angular_controller-1] [INFO] [1791301157.303761971] [depth_angular_controller]: OMNI_DEPTH views=4 azimuth_bins=180 elevation_bins=37 valid=1 certificates=1 short=0 held=0 yaw=9.70
[depth_angular_controller-1] [INFO] [1791301157.304077725] [depth_angular_controller]: PAPER_BUILD reason=FULL_MOTION_CERTIFICATE required=0.0000 best=0.0000 free=0 refined=0 tubes=8 revoked_tubes=0 proofs=128
[depth_angular_controller-1] [INFO] [1791301157.304084618] [depth_angular_controller]: PAPER_EVIDENCE retained=16 balls=30 revoked_balls=0 expired_views=0 evicted_views=4 radius=0.580 clearance=0.000 best_prefix=0.000
[depth_angular_controller-1] [INFO] [1791301157.389170811] [depth_angular_controller]: [PERF CTRL] run=omni_candidate_v13_ego1p3_1 elapsed=18.73s callbacks=307 commands=306 guidance=186 command_fps(ros/wall)=60.00/60.84 guidance_wall_fps=56.81 avoid_ms(mean/p50/p95/max)=2.005/2.613/3.337/5.136 cycle_ms(mean/p95/max)=16.437/22.769/76.356 depth_to_cmd_ms(mean/p95/max)=55.287/100.000/100.000 callback_to_publish_ms(mean/p95/max)=2.435/8.161/13.376
[depth_angular_controller-1] [INFO] [1791301157.389225454] [depth_angular_controller]: EVIDENCE_COST ingest(mean/p95/max)=1.129/6.397/13.329 record=0.010/0.016/0.037 ms
[depth_angular_controller-1] [INFO] [1791301157.389230744] [depth_angular_controller]: EVIDENCE_PHASE per_view_mean_ms balls=0.050 tubes=0.008 history=0.197 eviction=0.000
[depth_angular_controller-1] [INFO] [1791301158.314328452] [depth_angular_controller]: OMNI_DEPTH views=4 azimuth_bins=180 elevation_bins=37 valid=1 certificates=1 short=0 held=0 yaw=9.70
[depth_angular_controller-1] [INFO] [1791301158.314585304] [depth_angular_controller]: PAPER_BUILD reason=FULL_MOTION_CERTIFICATE required=0.0000 best=0.0000 free=0 refined=0 tubes=12 revoked_tubes=0 proofs=128
[depth_angular_controller-1] [INFO] [1791301158.314592829] [depth_angular_controller]: PAPER_EVIDENCE retained=16 balls=32 revoked_balls=0 expired_views=0 evicted_views=8 radius=0.580 clearance=0.000 best_prefix=0.000
[depth_angular_controller-1] [INFO] [1791301159.327353212] [depth_angular_controller]: OMNI_DEPTH views=4 azimuth_bins=180 elevation_bins=37 valid=1 certificates=1 short=0 held=0 yaw=9.65
[depth_angular_controller-1] [INFO] [1791301159.327567635] [depth_angular_controller]: PAPER_BUILD reason=FULL_MOTION_CERTIFICATE required=0.0000 best=0.0000 free=0 refined=0 tubes=16 revoked_tubes=0 proofs=128
[depth_angular_controller-1] [INFO] [1791301159.327574778] [depth_angular_controller]: PAPER_EVIDENCE retained=16 balls=32 revoked_balls=0 expired_views=0 evicted_views=12 radius=0.580 clearance=0.000 best_prefix=0.000
[depth_angular_controller-1] [INFO] [1791301160.601271863] [depth_angular_controller]: OMNI_DEPTH views=4 azimuth_bins=180 elevation_bins=37 valid=1 certificates=1 short=0 held=1 yaw=4.71
[depth_angular_controller-1] [INFO] [1791301160.601968823] [depth_angular_controller]: PAPER_BUILD reason=FULL_MOTION_CERTIFICATE required=0.0000 best=0.0000 free=0 refined=0 tubes=20 revoked_tubes=0 proofs=128
[depth_angular_controller-1] [INFO] [1791301160.602154562] [depth_angular_controller]: PAPER_EVIDENCE retained=16 balls=32 revoked_balls=0 expired_views=0 evicted_views=16 radius=0.580 clearance=0.000 best_prefix=0.000
[depth_angular_controller-1] [INFO] [1791301161.631512207] [depth_angular_controller]: OMNI_DEPTH views=4 azimuth_bins=180 elevation_bins=37 valid=1 certificates=1 short=0 held=1 yaw=24.00
[depth_angular_controller-1] [INFO] [1791301161.631779049] [depth_angular_controller]: PAPER_BUILD reason=FULL_MOTION_CERTIFICATE required=0.0000 best=0.0000 free=0 refined=0 tubes=24 revoked_tubes=0 proofs=128
[depth_angular_controller-1] [INFO] [1791301161.631785962] [depth_angular_controller]: PAPER_EVIDENCE retained=16 balls=32 revoked_balls=0 expired_views=0 evicted_views=20 radius=0.580 clearance=0.000 best_prefix=0.000
[depth_angular_controller-1] [INFO] [1791301162.395144942] [depth_angular_controller]: [PERF CTRL] run=omni_candidate_v13_ego1p3_1 elapsed=23.74s callbacks=586 commands=585 guidance=465 command_fps(ros/wall)=60.00/58.29 guidance_wall_fps=56.16 avoid_ms(mean/p50/p95/max)=2.257/2.655/4.904/5.669 cycle_ms(mean/p95/max)=17.156/26.326/88.718 depth_to_cmd_ms(mean/p95/max)=55.090/100.000/100.000 callback_to_publish_ms(mean/p95/max)=3.371/11.629/18.415
[depth_angular_controller-1] [INFO] [1791301162.395224912] [depth_angular_controller]: EVIDENCE_COST ingest(mean/p95/max)=1.490/9.286/14.767 record=0.012/0.016/0.037 ms
[depth_angular_controller-1] [INFO] [1791301162.395232536] [depth_angular_controller]: EVIDENCE_PHASE per_view_mean_ms balls=0.056 tubes=0.031 history=0.260 eviction=0.000
[position_cmd_to_twist-2] [INFO] [1791301162.567797660] [position_cmd_to_twist]: [PERF BRIDGE] run=omni_candidate_v13_ego1p3_1 elapsed=23.81s received=595 published=595 fps(ros/wall)=60.00/58.35 controller_to_bridge_ms(mean/p50/p95/max)=0.084/0.000/0.000/16.667 bridge_process_ms(mean/p95/max)=0.089/0.119/0.436
[NAV] t=10.0s position=(-50.70,-8.05,2.15) yaw=9.5deg command=(1.76,0.88,-0.33) manual_active=1 collision_blocks=0
[depth_angular_controller-1] [INFO] [1791301162.651649053] [depth_angular_controller]: OMNI_DEPTH views=4 azimuth_bins=180 elevation_bins=37 valid=1 certificates=1 short=0 held=0 yaw=27.46
[depth_angular_controller-1] [INFO] [1791301162.651959336] [depth_angular_controller]: PAPER_BUILD reason=FULL_MOTION_CERTIFICATE required=0.0000 best=0.0000 free=0 refined=0 tubes=29 revoked_tubes=0 proofs=128
[depth_angular_controller-1] [INFO] [1791301162.651968043] [depth_angular_controller]: PAPER_EVIDENCE retained=16 balls=32 revoked_balls=0 expired_views=0 evicted_views=24 radius=0.580 clearance=0.000 best_prefix=0.000
[depth_angular_controller-1] [INFO] [1791301163.800732510] [depth_angular_controller]: OMNI_DEPTH views=4 azimuth_bins=180 elevation_bins=37 valid=1 certificates=1 short=0 held=1 yaw=34.00
[depth_angular_controller-1] [INFO] [1791301163.801007347] [depth_angular_controller]: PAPER_BUILD reason=FULL_MOTION_CERTIFICATE required=0.0000 best=0.0000 free=0 refined=0 tubes=33 revoked_tubes=0 proofs=128
[depth_angular_controller-1] [INFO] [1791301163.801014711] [depth_angular_controller]: PAPER_EVIDENCE retained=16 balls=32 revoked_balls=0 expired_views=0 evicted_views=28 radius=0.580 clearance=0.000 best_prefix=0.000
[depth_angular_controller-1] [INFO] [1791301164.813849294] [depth_angular_controller]: OMNI_DEPTH views=4 azimuth_bins=180 elevation_bins=37 valid=1 certificates=1 short=0 held=1 yaw=26.00
[depth_angular_controller-1] [INFO] [1791301164.814088573] [depth_angular_controller]: PAPER_BUILD reason=FULL_MOTION_CERTIFICATE required=0.0000 best=0.0000 free=0 refined=0 tubes=37 revoked_tubes=0 proofs=128
[depth_angular_controller-1] [INFO] [1791301164.814099554] [depth_angular_controller]: PAPER_EVIDENCE retained=16 balls=32 revoked_balls=0 expired_views=0 evicted_views=32 radius=0.580 clearance=0.000 best_prefix=0.000
[depth_angular_controller-1] [INFO] [1791301165.830736633] [depth_angular_controller]: OMNI_DEPTH views=4 azimuth_bins=180 elevation_bins=37 valid=1 certificates=1 short=0 held=0 yaw=8.60
[depth_angular_controller-1] [INFO] [1791301165.831012261] [depth_angular_controller]: PAPER_BUILD reason=FULL_MOTION_CERTIFICATE required=0.0000 best=0.0000 free=0 refined=0 tubes=41 revoked_tubes=0 proofs=128
[depth_angular_controller-1] [INFO] [1791301165.831021278] [depth_angular_controller]: PAPER_EVIDENCE retained=16 balls=32 revoked_balls=0 expired_views=0 evicted_views=36 radius=0.580 clearance=0.000 best_prefix=0.000
[depth_angular_controller-1] [INFO] [1791301166.787900042] [depth_angular_controller]: OMNI_DEPTH views=4 azimuth_bins=180 elevation_bins=37 valid=1 certificates=1 short=0 held=0 yaw=8.58
[depth_angular_controller-1] [INFO] [1791301166.788216747] [depth_angular_controller]: PAPER_BUILD reason=FULL_MOTION_CERTIFICATE required=0.0000 best=0.0000 free=0 refined=0 tubes=45 revoked_tubes=0 proofs=128
[depth_angular_controller-1] [INFO] [1791301166.788224772] [depth_angular_controller]: PAPER_EVIDENCE retained=16 balls=32 revoked_balls=0 expired_views=0 evicted_views=40 radius=0.580 clearance=0.000 best_prefix=0.000
[depth_angular_controller-1] [INFO] [1791301167.411369977] [depth_angular_controller]: [PERF CTRL] run=omni_candidate_v13_ego1p3_1 elapsed=28.76s callbacks=877 commands=876 guidance=756 command_fps(ros/wall)=60.00/58.20 guidance_wall_fps=56.86 avoid_ms(mean/p50/p95/max)=2.382/2.705/5.194/7.284 cycle_ms(mean/p95/max)=17.183/27.272/88.718 depth_to_cmd_ms(mean/p95/max)=55.489/100.000/100.000 callback_to_publish_ms(mean/p95/max)=3.775/12.923/18.415
[depth_angular_controller-1] [INFO] [1791301167.411468542] [depth_angular_controller]: EVIDENCE_COST ingest(mean/p95/max)=1.629/9.952/16.562 record=0.017/0.018/0.387 ms
[depth_angular_controller-1] [INFO] [1791301167.411477158] [depth_angular_controller]: EVIDENCE_PHASE per_view_mean_ms balls=0.066 tubes=0.044 history=0.272 eviction=0.001
[position_cmd_to_twist-2] [INFO] [1791301167.838845016] [position_cmd_to_twist]: [PERF BRIDGE] run=omni_candidate_v13_ego1p3_1 elapsed=29.08s received=895 published=895 fps(ros/wall)=60.00/57.87 controller_to_bridge_ms(mean/p50/p95/max)=0.149/0.000/0.000/16.667 bridge_process_ms(mean/p95/max)=0.089/0.118/0.687
[NAV] t=15.0s position=(-41.49,-4.71,1.48) yaw=8.6deg command=(1.98,0.30,0.02) manual_active=1 collision_blocks=0
[depth_angular_controller-1] [INFO] [1791301167.917794747] [depth_angular_controller]: OMNI_DEPTH views=4 azimuth_bins=180 elevation_bins=37 valid=1 certificates=1 short=0 held=0 yaw=8.58
[depth_angular_controller-1] [INFO] [1791301167.918089091] [depth_angular_controller]: PAPER_BUILD reason=FULL_MOTION_CERTIFICATE required=0.0000 best=0.0000 free=0 refined=0 tubes=49 revoked_tubes=0 proofs=128
[depth_angular_controller-1] [INFO] [1791301167.918096825] [depth_angular_controller]: PAPER_EVIDENCE retained=16 balls=32 revoked_balls=0 expired_views=0 evicted_views=44 radius=0.580 clearance=0.000 best_prefix=0.000
[depth_angular_controller-1] [INFO] [1791301168.871289863] [depth_angular_controller]: OMNI_DEPTH views=4 azimuth_bins=180 elevation_bins=37 valid=1 certificates=1 short=0 held=0 yaw=8.58
[depth_angular_controller-1] [INFO] [1791301168.871609373] [depth_angular_controller]: PAPER_BUILD reason=FULL_MOTION_CERTIFICATE required=0.0000 best=0.0000 free=0 refined=0 tubes=53 revoked_tubes=0 proofs=128
[depth_angular_controller-1] [INFO] [1791301168.871614112] [depth_angular_controller]: PAPER_EVIDENCE retained=16 balls=32 revoked_balls=0 expired_views=0 evicted_views=48 radius=0.580 clearance=0.000 best_prefix=0.000
[depth_angular_controller-1] [INFO] [1791301169.883013117] [depth_angular_controller]: OMNI_DEPTH views=4 azimuth_bins=180 elevation_bins=37 valid=1 certificates=1 short=0 held=0 yaw=8.58
[depth_angular_controller-1] [INFO] [1791301169.883271553] [depth_angular_controller]: PAPER_BUILD reason=FULL_MOTION_CERTIFICATE required=0.0000 best=0.0000 free=0 refined=0 tubes=57 revoked_tubes=0 proofs=128
[depth_angular_controller-1] [INFO] [1791301169.883277013] [depth_angular_controller]: PAPER_EVIDENCE retained=16 balls=32 revoked_balls=0 expired_views=0 evicted_views=52 radius=0.580 clearance=0.000 best_prefix=0.000
[depth_angular_controller-1] [INFO] [1791301171.013251328] [depth_angular_controller]: OMNI_DEPTH views=4 azimuth_bins=180 elevation_bins=37 valid=1 certificates=1 short=0 held=0 yaw=8.58
[depth_angular_controller-1] [INFO] [1791301171.013543437] [depth_angular_controller]: PAPER_BUILD reason=FULL_MOTION_CERTIFICATE required=0.0000 best=0.0000 free=0 refined=0 tubes=61 revoked_tubes=0 proofs=128
[depth_angular_controller-1] [INFO] [1791301171.013549469] [depth_angular_controller]: PAPER_EVIDENCE retained=16 balls=32 revoked_balls=0 expired_views=0 evicted_views=56 radius=0.580 clearance=0.000 best_prefix=0.000
[depth_angular_controller-1] [INFO] [1791301172.017662841] [depth_angular_controller]: OMNI_DEPTH views=4 azimuth_bins=180 elevation_bins=37 valid=1 certificates=1 short=0 held=0 yaw=8.58
[depth_angular_controller-1] [INFO] [1791301172.017988874] [depth_angular_controller]: PAPER_BUILD reason=FULL_MOTION_CERTIFICATE required=0.0000 best=0.0000 free=0 refined=0 tubes=65 revoked_tubes=0 proofs=128
[depth_angular_controller-1] [INFO] [1791301172.017995727] [depth_angular_controller]: PAPER_EVIDENCE retained=16 balls=32 revoked_balls=0 expired_views=0 evicted_views=60 radius=0.580 clearance=0.000 best_prefix=0.000
[depth_angular_controller-1] [INFO] [1791301172.424916458] [depth_angular_controller]: [PERF CTRL] run=omni_candidate_v13_ego1p3_1 elapsed=33.77s callbacks=1168 commands=1167 guidance=1047 command_fps(ros/wall)=60.00/58.16 guidance_wall_fps=57.18 avoid_ms(mean/p50/p95/max)=1.831/0.434/5.048/7.284 cycle_ms(mean/p95/max)=17.195/26.955/88.718 depth_to_cmd_ms(mean/p95/max)=55.396/100.000/100.000 callback_to_publish_ms(mean/p95/max)=3.380/12.048/18.415
[depth_angular_controller-1] [INFO] [1791301172.425030282] [depth_angular_controller]: EVIDENCE_COST ingest(mean/p95/max)=1.645/9.760/16.562 record=0.016/0.019/0.387 ms
[depth_angular_controller-1] [INFO] [1791301172.425035512] [depth_angular_controller]: EVIDENCE_PHASE per_view_mean_ms balls=0.063 tubes=0.039 history=0.284 eviction=0.001
[position_cmd_to_twist-2] [INFO] [1791301172.883162716] [position_cmd_to_twist]: [PERF BRIDGE] run=omni_candidate_v13_ego1p3_1 elapsed=34.12s received=1195 published=1195 fps(ros/wall)=60.00/58.27 controller_to_bridge_ms(mean/p50/p95/max)=0.112/0.000/0.000/16.667 bridge_process_ms(mean/p95/max)=0.088/0.118/0.687
[NAV] t=20.0s position=(-31.60,-3.22,1.60) yaw=8.6deg command=(1.98,0.30,0.02) manual_active=1 collision_blocks=0
[depth_angular_controller-1] [INFO] [1791301172.961612769] [depth_angular_controller]: OMNI_DEPTH views=4 azimuth_bins=180 elevation_bins=37 valid=1 certificates=1 short=0 held=0 yaw=8.58
[depth_angular_controller-1] [INFO] [1791301172.961910508] [depth_angular_controller]: PAPER_BUILD reason=FULL_MOTION_CERTIFICATE required=0.0000 best=0.0000 free=0 refined=0 tubes=69 revoked_tubes=0 proofs=128
[depth_angular_controller-1] [INFO] [1791301172.961916349] [depth_angular_controller]: PAPER_EVIDENCE retained=16 balls=32 revoked_balls=0 expired_views=0 evicted_views=64 radius=0.580 clearance=0.000 best_prefix=0.000
[depth_angular_controller-1] [INFO] [1791301174.042228193] [depth_angular_controller]: OMNI_DEPTH views=4 azimuth_bins=180 elevation_bins=37 valid=1 certificates=1 short=0 held=0 yaw=8.58
[depth_angular_controller-1] [INFO] [1791301174.042525652] [depth_angular_controller]: PAPER_BUILD reason=FULL_MOTION_CERTIFICATE required=0.0000 best=0.0000 free=0 refined=0 tubes=73 revoked_tubes=0 proofs=128
[depth_angular_controller-1] [INFO] [1791301174.042533006] [depth_angular_controller]: PAPER_EVIDENCE retained=16 balls=32 revoked_balls=0 expired_views=0 evicted_views=68 radius=0.580 clearance=0.000 best_prefix=0.000
[depth_angular_controller-1] [INFO] [1791301175.044474637] [depth_angular_controller]: OMNI_DEPTH views=4 azimuth_bins=180 elevation_bins=37 valid=1 certificates=1 short=0 held=0 yaw=8.58
[depth_angular_controller-1] [INFO] [1791301175.045507218] [depth_angular_controller]: PAPER_BUILD reason=FULL_MOTION_CERTIFICATE required=0.0000 best=0.0000 free=0 refined=0 tubes=77 revoked_tubes=0 proofs=128
[depth_angular_controller-1] [INFO] [1791301175.045526454] [depth_angular_controller]: PAPER_EVIDENCE retained=16 balls=32 revoked_balls=0 expired_views=0 evicted_views=72 radius=0.580 clearance=0.000 best_prefix=0.000
[depth_angular_controller-1] [INFO] [1791301176.050857936] [depth_angular_controller]: OMNI_DEPTH views=4 azimuth_bins=180 elevation_bins=37 valid=1 certificates=1 short=0 held=0 yaw=8.58
[depth_angular_controller-1] [INFO] [1791301176.051193978] [depth_angular_controller]: PAPER_BUILD reason=FULL_MOTION_CERTIFICATE required=0.0000 best=0.0000 free=0 refined=0 tubes=81 revoked_tubes=0 proofs=128
[depth_angular_controller-1] [INFO] [1791301176.051201251] [depth_angular_controller]: PAPER_EVIDENCE retained=16 balls=32 revoked_balls=0 expired_views=0 evicted_views=76 radius=0.580 clearance=0.000 best_prefix=0.000
[depth_angular_controller-1] [INFO] [1791301177.010239554] [depth_angular_controller]: OMNI_DEPTH views=4 azimuth_bins=180 elevation_bins=37 valid=1 certificates=1 short=0 held=1 yaw=24.00
[depth_angular_controller-1] [INFO] [1791301177.010562892] [depth_angular_controller]: PAPER_BUILD reason=FULL_MOTION_CERTIFICATE required=0.0000 best=0.0000 free=0 refined=0 tubes=85 revoked_tubes=0 proofs=128
[depth_angular_controller-1] [INFO] [1791301177.010570125] [depth_angular_controller]: PAPER_EVIDENCE retained=16 balls=32 revoked_balls=0 expired_views=0 evicted_views=80 radius=0.580 clearance=0.000 best_prefix=0.000
[depth_angular_controller-1] [INFO] [1791301177.442341288] [depth_angular_controller]: [PERF CTRL] run=omni_candidate_v13_ego1p3_1 elapsed=38.79s callbacks=1465 commands=1464 guidance=1344 command_fps(ros/wall)=60.00/58.36 guidance_wall_fps=57.62 avoid_ms(mean/p50/p95/max)=1.627/0.423/4.925/7.284 cycle_ms(mean/p95/max)=17.134/27.158/88.729 depth_to_cmd_ms(mean/p95/max)=55.704/100.000/100.000 callback_to_publish_ms(mean/p95/max)=3.282/12.109/18.415
[depth_angular_controller-1] [INFO] [1791301177.442467556] [depth_angular_controller]: EVIDENCE_COST ingest(mean/p95/max)=1.692/10.050/16.562 record=0.016/0.019/0.387 ms
[depth_angular_controller-1] [INFO] [1791301177.442472405] [depth_angular_controller]: EVIDENCE_PHASE per_view_mean_ms balls=0.063 tubes=0.039 history=0.296 eviction=0.001
[position_cmd_to_twist-2] [INFO] [1791301178.002337196] [position_cmd_to_twist]: [PERF BRIDGE] run=omni_candidate_v13_ego1p3_1 elapsed=39.24s received=1495 published=1495 fps(ros/wall)=60.00/58.32 controller_to_bridge_ms(mean/p50/p95/max)=0.089/0.000/0.000/16.667 bridge_process_ms(mean/p95/max)=0.088/0.118/1.386
[NAV] t=25.0s position=(-21.88,-1.26,1.98) yaw=8.3deg command=(1.78,0.79,0.41) manual_active=1 collision_blocks=0
[depth_angular_controller-1] [INFO] [1791301178.149323018] [depth_angular_controller]: OMNI_DEPTH views=4 azimuth_bins=180 elevation_bins=37 valid=1 certificates=1 short=0 held=0 yaw=22.00
[depth_angular_controller-1] [INFO] [1791301178.149569301] [depth_angular_controller]: PAPER_BUILD reason=FULL_MOTION_CERTIFICATE required=0.0000 best=0.0000 free=0 refined=0 tubes=89 revoked_tubes=0 proofs=128
[depth_angular_controller-1] [INFO] [1791301178.149574360] [depth_angular_controller]: PAPER_EVIDENCE retained=16 balls=32 revoked_balls=0 expired_views=0 evicted_views=84 radius=0.580 clearance=0.000 best_prefix=0.000
[depth_angular_controller-1] [INFO] [1791301179.112931189] [depth_angular_controller]: OMNI_DEPTH views=4 azimuth_bins=180 elevation_bins=37 valid=1 certificates=1 short=0 held=1 yaw=13.23
[depth_angular_controller-1] [INFO] [1791301179.113251080] [depth_angular_controller]: PAPER_BUILD reason=FULL_MOTION_CERTIFICATE required=0.0000 best=0.0000 free=0 refined=0 tubes=93 revoked_tubes=0 proofs=128
[depth_angular_controller-1] [INFO] [1791301179.113263784] [depth_angular_controller]: PAPER_EVIDENCE retained=16 balls=32 revoked_balls=0 expired_views=0 evicted_views=88 radius=0.580 clearance=0.000 best_prefix=0.000
[depth_angular_controller-1] [INFO] [1791301180.133066292] [depth_angular_controller]: OMNI_DEPTH views=4 azimuth_bins=180 elevation_bins=37 valid=1 certificates=1 short=0 held=1 yaw=22.00
[depth_angular_controller-1] [INFO] [1791301180.133387175] [depth_angular_controller]: PAPER_BUILD reason=FULL_MOTION_CERTIFICATE required=0.0000 best=0.0000 free=0 refined=0 tubes=97 revoked_tubes=0 proofs=128
[depth_angular_controller-1] [INFO] [1791301180.133400260] [depth_angular_controller]: PAPER_EVIDENCE retained=16 balls=32 revoked_balls=0 expired_views=0 evicted_views=92 radius=0.580 clearance=0.000 best_prefix=0.000
[depth_angular_controller-1] [INFO] [1791301181.147123743] [depth_angular_controller]: OMNI_DEPTH views=4 azimuth_bins=180 elevation_bins=37 valid=1 certificates=1 short=0 held=1 yaw=28.00
[depth_angular_controller-1] [INFO] [1791301181.147379373] [depth_angular_controller]: PAPER_BUILD reason=FULL_MOTION_CERTIFICATE required=0.0000 best=0.0000 free=0 refined=0 tubes=101 revoked_tubes=0 proofs=128
[depth_angular_controller-1] [INFO] [1791301181.147384603] [depth_angular_controller]: PAPER_EVIDENCE retained=16 balls=32 revoked_balls=0 expired_views=0 evicted_views=96 radius=0.580 clearance=0.000 best_prefix=0.000
[depth_angular_controller-1] [INFO] [1791301182.145938719] [depth_angular_controller]: OMNI_DEPTH views=4 azimuth_bins=180 elevation_bins=37 valid=1 certificates=1 short=0 held=1 yaw=28.00
[depth_angular_controller-1] [INFO] [1791301182.146620079] [depth_angular_controller]: PAPER_BUILD reason=FULL_MOTION_CERTIFICATE required=0.0000 best=0.0000 free=0 refined=0 tubes=105 revoked_tubes=0 proofs=128
[depth_angular_controller-1] [INFO] [1791301182.146643754] [depth_angular_controller]: PAPER_EVIDENCE retained=16 balls=32 revoked_balls=0 expired_views=0 evicted_views=99 radius=0.580 clearance=0.000 best_prefix=0.000
[depth_angular_controller-1] [INFO] [1791301182.442937783] [depth_angular_controller]: [PERF CTRL] run=omni_candidate_v13_ego1p3_1 elapsed=43.79s callbacks=1753 commands=1752 guidance=1632 command_fps(ros/wall)=60.00/58.24 guidance_wall_fps=57.61 avoid_ms(mean/p50/p95/max)=1.823/0.459/4.785/7.284 cycle_ms(mean/p95/max)=17.171/26.721/88.729 depth_to_cmd_ms(mean/p95/max)=55.596/100.000/100.000 callback_to_publish_ms(mean/p95/max)=3.470/11.690/18.415
[depth_angular_controller-1] [INFO] [1791301182.443089087] [depth_angular_controller]: EVIDENCE_COST ingest(mean/p95/max)=1.674/9.738/16.562 record=0.016/0.019/0.387 ms
[depth_angular_controller-1] [INFO] [1791301182.443094267] [depth_angular_controller]: EVIDENCE_PHASE per_view_mean_ms balls=0.061 tubes=0.037 history=0.295 eviction=0.001
[position_cmd_to_twist-2] [INFO] [1791301183.198265980] [position_cmd_to_twist]: [PERF BRIDGE] run=omni_candidate_v13_ego1p3_1 elapsed=44.44s received=1795 published=1795 fps(ros/wall)=60.00/58.23 controller_to_bridge_ms(mean/p50/p95/max)=0.074/0.000/0.000/16.667 bridge_process_ms(mean/p95/max)=0.088/0.116/1.386
[NAV] t=30.0s position=(-12.74,2.29,2.82) yaw=6.6deg command=(1.94,0.38,-0.00) manual_active=1 collision_blocks=0
[depth_angular_controller-1] [INFO] [1791301183.277556502] [depth_angular_controller]: OMNI_DEPTH views=4 azimuth_bins=180 elevation_bins=37 valid=1 certificates=1 short=0 held=0 yaw=6.63
[depth_angular_controller-1] [INFO] [1791301183.277916399] [depth_angular_controller]: PAPER_BUILD reason=FULL_MOTION_CERTIFICATE required=0.0000 best=0.0000 free=0 refined=0 tubes=109 revoked_tubes=0 proofs=128
[depth_angular_controller-1] [INFO] [1791301183.277924113] [depth_angular_controller]: PAPER_EVIDENCE retained=16 balls=32 revoked_balls=0 expired_views=0 evicted_views=103 radius=0.580 clearance=0.000 best_prefix=0.000
[depth_angular_controller-1] [INFO] [1791301184.285600913] [depth_angular_controller]: OMNI_DEPTH views=4 azimuth_bins=180 elevation_bins=37 valid=1 certificates=1 short=0 held=0 yaw=6.60
[depth_angular_controller-1] [INFO] [1791301184.285926194] [depth_angular_controller]: PAPER_BUILD reason=FULL_MOTION_CERTIFICATE required=0.0000 best=0.0000 free=0 refined=0 tubes=113 revoked_tubes=0 proofs=128
[depth_angular_controller-1] [INFO] [1791301184.285934570] [depth_angular_controller]: PAPER_EVIDENCE retained=16 balls=32 revoked_balls=0 expired_views=0 evicted_views=107 radius=0.580 clearance=0.000 best_prefix=0.000
[depth_angular_controller-1] [INFO] [1791301185.300545331] [depth_angular_controller]: OMNI_DEPTH views=4 azimuth_bins=180 elevation_bins=37 valid=1 certificates=1 short=0 held=0 yaw=6.60
[depth_angular_controller-1] [INFO] [1791301185.302339342] [depth_angular_controller]: PAPER_BUILD reason=FULL_MOTION_CERTIFICATE required=0.0000 best=0.0000 free=0 refined=0 tubes=117 revoked_tubes=0 proofs=128
[depth_angular_controller-1] [INFO] [1791301185.302372665] [depth_angular_controller]: PAPER_EVIDENCE retained=16 balls=32 revoked_balls=0 expired_views=0 evicted_views=109 radius=0.580 clearance=0.000 best_prefix=0.000
[depth_angular_controller-1] [INFO] [1791301186.428083978] [depth_angular_controller]: OMNI_DEPTH views=4 azimuth_bins=180 elevation_bins=37 valid=1 certificates=1 short=0 held=0 yaw=6.60
[depth_angular_controller-1] [INFO] [1791301186.428361530] [depth_angular_controller]: PAPER_BUILD reason=FULL_MOTION_CERTIFICATE required=0.0000 best=0.0000 free=0 refined=0 tubes=121 revoked_tubes=0 proofs=128
[depth_angular_controller-1] [INFO] [1791301186.428368233] [depth_angular_controller]: PAPER_EVIDENCE retained=16 balls=32 revoked_balls=0 expired_views=0 evicted_views=113 radius=0.580 clearance=0.000 best_prefix=0.000
[depth_angular_controller-1] [INFO] [1791301187.393744837] [depth_angular_controller]: OMNI_DEPTH views=4 azimuth_bins=180 elevation_bins=37 valid=1 certificates=1 short=0 held=1 yaw=-16.00
[depth_angular_controller-1] [INFO] [1791301187.394016347] [depth_angular_controller]: PAPER_BUILD reason=FULL_MOTION_CERTIFICATE required=0.0000 best=0.0000 free=0 refined=0 tubes=125 revoked_tubes=0 proofs=128
[depth_angular_controller-1] [INFO] [1791301187.394022880] [depth_angular_controller]: PAPER_EVIDENCE retained=16 balls=32 revoked_balls=0 expired_views=0 evicted_views=117 radius=0.580 clearance=0.000 best_prefix=0.000
[depth_angular_controller-1] [INFO] [1791301187.454008111] [depth_angular_controller]: [PERF CTRL] run=omni_candidate_v13_ego1p3_1 elapsed=48.80s callbacks=2046 commands=2045 guidance=1925 command_fps(ros/wall)=60.00/58.27 guidance_wall_fps=57.74 avoid_ms(mean/p50/p95/max)=1.723/0.441/4.764/7.284 cycle_ms(mean/p95/max)=17.161/26.413/88.729 depth_to_cmd_ms(mean/p95/max)=53.965/100.000/100.000 callback_to_publish_ms(mean/p95/max)=3.389/11.057/18.415
[depth_angular_controller-1] [INFO] [1791301187.454215440] [depth_angular_controller]: EVIDENCE_COST ingest(mean/p95/max)=1.668/9.460/16.562 record=0.016/0.019/0.387 ms
[depth_angular_controller-1] [INFO] [1791301187.454223796] [depth_angular_controller]: EVIDENCE_PHASE per_view_mean_ms balls=0.060 tubes=0.038 history=0.293 eviction=0.001
[position_cmd_to_twist-2] [INFO] [1791301188.273313962] [position_cmd_to_twist]: [PERF BRIDGE] run=omni_candidate_v13_ego1p3_1 elapsed=49.51s received=2095 published=2095 fps(ros/wall)=60.00/58.35 controller_to_bridge_ms(mean/p50/p95/max)=0.064/0.000/0.000/16.667 bridge_process_ms(mean/p95/max)=0.087/0.115/1.386
[NAV] t=35.0s position=(-2.87,2.79,2.68) yaw=7.2deg command=(1.94,0.24,-0.25) manual_active=1 collision_blocks=0
[depth_angular_controller-1] [INFO] [1791301188.356536293] [depth_angular_controller]: OMNI_DEPTH views=4 azimuth_bins=180 elevation_bins=37 valid=1 certificates=1 short=0 held=0 yaw=13.13
[depth_angular_controller-1] [INFO] [1791301188.356894977] [depth_angular_controller]: PAPER_BUILD reason=FULL_MOTION_CERTIFICATE required=0.0000 best=0.0000 free=0 refined=0 tubes=129 revoked_tubes=0 proofs=128
[depth_angular_controller-1] [INFO] [1791301188.356909835] [depth_angular_controller]: PAPER_EVIDENCE retained=16 balls=32 revoked_balls=0 expired_views=0 evicted_views=121 radius=0.580 clearance=0.000 best_prefix=0.000
[depth_angular_controller-1] [INFO] [1791301189.317100704] [depth_angular_controller]: OMNI_DEPTH views=4 azimuth_bins=180 elevation_bins=37 valid=1 certificates=1 short=0 held=0 yaw=18.00
[depth_angular_controller-1] [INFO] [1791301189.317390358] [depth_angular_controller]: PAPER_BUILD reason=FULL_MOTION_CERTIFICATE required=0.0000 best=0.0000 free=0 refined=0 tubes=133 revoked_tubes=0 proofs=128
[depth_angular_controller-1] [INFO] [1791301189.317402201] [depth_angular_controller]: PAPER_EVIDENCE retained=16 balls=32 revoked_balls=0 expired_views=0 evicted_views=125 radius=0.580 clearance=0.000 best_prefix=0.000
[depth_angular_controller-1] [INFO] [1791301190.337668761] [depth_angular_controller]: OMNI_DEPTH views=4 azimuth_bins=180 elevation_bins=37 valid=1 certificates=1 short=0 held=0 yaw=6.77
[depth_angular_controller-1] [INFO] [1791301190.337969676] [depth_angular_controller]: PAPER_BUILD reason=FULL_MOTION_CERTIFICATE required=0.0000 best=0.0000 free=0 refined=0 tubes=137 revoked_tubes=0 proofs=128
[depth_angular_controller-1] [INFO] [1791301190.337975487] [depth_angular_controller]: PAPER_EVIDENCE retained=16 balls=32 revoked_balls=0 expired_views=0 evicted_views=129 radius=0.580 clearance=0.000 best_prefix=0.000
[depth_angular_controller-1] [INFO] [1791301191.433687102] [depth_angular_controller]: OMNI_DEPTH views=4 azimuth_bins=180 elevation_bins=37 valid=1 certificates=1 short=0 held=1 yaw=28.00
[depth_angular_controller-1] [INFO] [1791301191.433977928] [depth_angular_controller]: PAPER_BUILD reason=FULL_MOTION_CERTIFICATE required=0.0000 best=0.0000 free=0 refined=0 tubes=141 revoked_tubes=0 proofs=128
[depth_angular_controller-1] [INFO] [1791301191.433983078] [depth_angular_controller]: PAPER_EVIDENCE retained=16 balls=32 revoked_balls=0 expired_views=0 evicted_views=133 radius=0.580 clearance=0.000 best_prefix=0.000
[depth_angular_controller-1] [INFO] [1791301192.459861424] [depth_angular_controller]: [PERF CTRL] run=omni_candidate_v13_ego1p3_1 elapsed=53.80s callbacks=2338 commands=2337 guidance=2217 command_fps(ros/wall)=60.00/58.28 guidance_wall_fps=57.82 avoid_ms(mean/p50/p95/max)=1.901/0.472/4.913/7.284 cycle_ms(mean/p95/max)=17.159/26.009/88.729 depth_to_cmd_ms(mean/p95/max)=52.969/100.000/100.000 callback_to_publish_ms(mean/p95/max)=3.603/10.852/18.415
[depth_angular_controller-1] [INFO] [1791301192.460054527] [depth_angular_controller]: EVIDENCE_COST ingest(mean/p95/max)=1.702/9.145/16.562 record=0.016/0.019/0.628 ms
[depth_angular_controller-1] [INFO] [1791301192.460060017] [depth_angular_controller]: EVIDENCE_PHASE per_view_mean_ms balls=0.060 tubes=0.038 history=0.301 eviction=0.001
[depth_angular_controller-1] [INFO] [1791301192.530924504] [depth_angular_controller]: OMNI_DEPTH views=4 azimuth_bins=180 elevation_bins=37 valid=1 certificates=1 short=0 held=0 yaw=38.00
[depth_angular_controller-1] [INFO] [1791301192.531266126] [depth_angular_controller]: PAPER_BUILD reason=FULL_MOTION_CERTIFICATE required=0.0000 best=0.0000 free=0 refined=0 tubes=146 revoked_tubes=0 proofs=128
[depth_angular_controller-1] [INFO] [1791301192.531273229] [depth_angular_controller]: PAPER_EVIDENCE retained=16 balls=32 revoked_balls=0 expired_views=0 evicted_views=137 radius=0.580 clearance=0.000 best_prefix=0.000
[position_cmd_to_twist-2] [INFO] [1791301193.522674833] [position_cmd_to_twist]: [PERF BRIDGE] run=omni_candidate_v13_ego1p3_1 elapsed=54.76s received=2395 published=2395 fps(ros/wall)=60.00/58.20 controller_to_bridge_ms(mean/p50/p95/max)=0.056/0.000/0.000/16.667 bridge_process_ms(mean/p95/max)=0.087/0.115/1.386
[NAV] t=40.0s position=(6.35,5.93,2.31) yaw=5.2deg command=(1.59,1.16,0.30) manual_active=1 collision_blocks=0
[depth_angular_controller-1] [INFO] [1791301193.610825505] [depth_angular_controller]: OMNI_DEPTH views=4 azimuth_bins=180 elevation_bins=37 valid=1 certificates=1 short=0 held=1 yaw=34.00
[depth_angular_controller-1] [INFO] [1791301193.611247068] [depth_angular_controller]: PAPER_BUILD reason=FULL_MOTION_CERTIFICATE required=0.0000 best=0.0000 free=0 refined=0 tubes=150 revoked_tubes=0 proofs=128
[depth_angular_controller-1] [INFO] [1791301193.611257778] [depth_angular_controller]: PAPER_EVIDENCE retained=16 balls=32 revoked_balls=0 expired_views=0 evicted_views=141 radius=0.580 clearance=0.000 best_prefix=0.000
[depth_angular_controller-1] [INFO] [1791301194.633287080] [depth_angular_controller]: OMNI_DEPTH views=4 azimuth_bins=180 elevation_bins=37 valid=1 certificates=1 short=0 held=1 yaw=26.00
[depth_angular_controller-1] [INFO] [1791301194.633622561] [depth_angular_controller]: PAPER_BUILD reason=FULL_MOTION_CERTIFICATE required=0.0000 best=0.0000 free=0 refined=0 tubes=154 revoked_tubes=0 proofs=128
[depth_angular_controller-1] [INFO] [1791301194.633633331] [depth_angular_controller]: PAPER_EVIDENCE retained=16 balls=32 revoked_balls=0 expired_views=0 evicted_views=145 radius=0.580 clearance=0.000 best_prefix=0.000
[depth_angular_controller-1] [INFO] [1791301195.656503574] [depth_angular_controller]: OMNI_DEPTH views=4 azimuth_bins=180 elevation_bins=37 valid=1 certificates=1 short=0 held=0 yaw=24.00
[depth_angular_controller-1] [INFO] [1791301195.656797767] [depth_angular_controller]: PAPER_BUILD reason=FULL_MOTION_CERTIFICATE required=0.0000 best=0.0000 free=0 refined=0 tubes=158 revoked_tubes=0 proofs=128
[depth_angular_controller-1] [INFO] [1791301195.656815029] [depth_angular_controller]: PAPER_EVIDENCE retained=16 balls=32 revoked_balls=0 expired_views=0 evicted_views=149 radius=0.580 clearance=0.000 best_prefix=0.000
[depth_angular_controller-1] [INFO] [1791301196.752375390] [depth_angular_controller]: OMNI_DEPTH views=4 azimuth_bins=180 elevation_bins=37 valid=1 certificates=1 short=0 held=0 yaw=16.00
[depth_angular_controller-1] [INFO] [1791301196.752740907] [depth_angular_controller]: PAPER_BUILD reason=FULL_MOTION_CERTIFICATE required=0.0000 best=0.0000 free=0 refined=0 tubes=162 revoked_tubes=0 proofs=128
[depth_angular_controller-1] [INFO] [1791301196.752747108] [depth_angular_controller]: PAPER_EVIDENCE retained=16 balls=32 revoked_balls=0 expired_views=0 evicted_views=153 radius=0.580 clearance=0.000 best_prefix=0.000
[depth_angular_controller-1] [INFO] [1791301197.469319332] [depth_angular_controller]: [PERF CTRL] run=omni_candidate_v13_ego1p3_1 elapsed=58.81s callbacks=2616 commands=2615 guidance=2495 command_fps(ros/wall)=60.00/57.97 guidance_wall_fps=57.55 avoid_ms(mean/p50/p95/max)=2.121/2.464/5.011/7.284 cycle_ms(mean/p95/max)=17.251/25.791/88.729 depth_to_cmd_ms(mean/p95/max)=52.351/100.000/100.000 callback_to_publish_ms(mean/p95/max)=3.850/10.737/18.415
[depth_angular_controller-1] [INFO] [1791301197.469592245] [depth_angular_controller]: EVIDENCE_COST ingest(mean/p95/max)=1.729/9.047/16.562 record=0.016/0.019/0.663 ms
[depth_angular_controller-1] [INFO] [1791301197.469600941] [depth_angular_controller]: EVIDENCE_PHASE per_view_mean_ms balls=0.061 tubes=0.040 history=0.304 eviction=0.001
[depth_angular_controller-1] [INFO] [1791301197.954270196] [depth_angular_controller]: OMNI_DEPTH views=4 azimuth_bins=180 elevation_bins=37 valid=1 certificates=1 short=0 held=0 yaw=2.35
[depth_angular_controller-1] [INFO] [1791301197.954562285] [depth_angular_controller]: PAPER_BUILD reason=FULL_MOTION_CERTIFICATE required=0.0000 best=0.0000 free=0 refined=0 tubes=166 revoked_tubes=0 proofs=128
[depth_angular_controller-1] [INFO] [1791301197.954568206] [depth_angular_controller]: PAPER_EVIDENCE retained=16 balls=32 revoked_balls=0 expired_views=0 evicted_views=157 radius=0.580 clearance=0.000 best_prefix=0.000
[position_cmd_to_twist-2] [INFO] [1791301198.819263739] [position_cmd_to_twist]: [PERF BRIDGE] run=omni_candidate_v13_ego1p3_1 elapsed=60.06s received=2695 published=2695 fps(ros/wall)=60.00/58.02 controller_to_bridge_ms(mean/p50/p95/max)=0.049/0.000/0.000/16.667 bridge_process_ms(mean/p95/max)=0.087/0.113/1.386
[NAV] t=45.0s position=(15.45,9.23,3.12) yaw=2.3deg command=(2.00,0.08,-0.01) manual_active=1 collision_blocks=0
[depth_angular_controller-1] [INFO] [1791301198.909775559] [depth_angular_controller]: OMNI_DEPTH views=4 azimuth_bins=180 elevation_bins=37 valid=1 certificates=1 short=0 held=0 yaw=2.32
[depth_angular_controller-1] [INFO] [1791301198.910069762] [depth_angular_controller]: PAPER_BUILD reason=FULL_MOTION_CERTIFICATE required=0.0000 best=0.0000 free=0 refined=0 tubes=170 revoked_tubes=0 proofs=128
[depth_angular_controller-1] [INFO] [1791301198.910074782] [depth_angular_controller]: PAPER_EVIDENCE retained=16 balls=32 revoked_balls=0 expired_views=0 evicted_views=161 radius=0.580 clearance=0.000 best_prefix=0.000
[depth_angular_controller-1] [INFO] [1791301199.870641657] [depth_angular_controller]: OMNI_DEPTH views=4 azimuth_bins=180 elevation_bins=37 valid=1 certificates=1 short=0 held=0 yaw=2.32
[depth_angular_controller-1] [INFO] [1791301199.870931812] [depth_angular_controller]: PAPER_BUILD reason=FULL_MOTION_CERTIFICATE required=0.0000 best=0.0000 free=0 refined=0 tubes=174 revoked_tubes=0 proofs=128
[depth_angular_controller-1] [INFO] [1791301199.870936431] [depth_angular_controller]: PAPER_EVIDENCE retained=16 balls=32 revoked_balls=0 expired_views=0 evicted_views=165 radius=0.580 clearance=0.000 best_prefix=0.000
[depth_angular_controller-1] [INFO] [1791301201.022327555] [depth_angular_controller]: OMNI_DEPTH views=4 azimuth_bins=180 elevation_bins=37 valid=1 certificates=1 short=0 held=0 yaw=2.32
[depth_angular_controller-1] [INFO] [1791301201.022657766] [depth_angular_controller]: PAPER_BUILD reason=FULL_MOTION_CERTIFICATE required=0.0000 best=0.0000 free=0 refined=0 tubes=178 revoked_tubes=0 proofs=128
[depth_angular_controller-1] [INFO] [1791301201.022664528] [depth_angular_controller]: PAPER_EVIDENCE retained=16 balls=32 revoked_balls=0 expired_views=0 evicted_views=169 radius=0.580 clearance=0.000 best_prefix=0.000
[depth_angular_controller-1] [INFO] [1791301202.037681973] [depth_angular_controller]: OMNI_DEPTH views=4 azimuth_bins=180 elevation_bins=37 valid=1 certificates=1 short=0 held=1 yaw=7.28
[depth_angular_controller-1] [INFO] [1791301202.037982508] [depth_angular_controller]: PAPER_BUILD reason=FULL_MOTION_CERTIFICATE required=0.0000 best=0.0000 free=0 refined=0 tubes=182 revoked_tubes=0 proofs=128
[depth_angular_controller-1] [INFO] [1791301202.037989992] [depth_angular_controller]: PAPER_EVIDENCE retained=16 balls=32 revoked_balls=0 expired_views=0 evicted_views=173 radius=0.580 clearance=0.000 best_prefix=0.000
[depth_angular_controller-1] [INFO] [1791301202.477991172] [depth_angular_controller]: [PERF CTRL] run=omni_candidate_v13_ego1p3_1 elapsed=63.82s callbacks=2910 commands=2909 guidance=2789 command_fps(ros/wall)=60.00/58.04 guidance_wall_fps=57.67 avoid_ms(mean/p50/p95/max)=1.985/0.549/4.952/7.284 cycle_ms(mean/p95/max)=17.229/25.572/88.729 depth_to_cmd_ms(mean/p95/max)=51.368/100.000/100.000 callback_to_publish_ms(mean/p95/max)=3.738/10.502/18.415
[depth_angular_controller-1] [INFO] [1791301202.478350087] [depth_angular_controller]: EVIDENCE_COST ingest(mean/p95/max)=1.737/8.765/16.562 record=0.017/0.020/0.663 ms
[depth_angular_controller-1] [INFO] [1791301202.478377278] [depth_angular_controller]: EVIDENCE_PHASE per_view_mean_ms balls=0.061 tubes=0.043 history=0.302 eviction=0.001
[depth_angular_controller-1] [INFO] [1791301203.054434109] [depth_angular_controller]: OMNI_DEPTH views=4 azimuth_bins=180 elevation_bins=37 valid=1 certificates=1 short=0 held=1 yaw=17.79
[depth_angular_controller-1] [INFO] [1791301203.054720587] [depth_angular_controller]: PAPER_BUILD reason=FULL_MOTION_CERTIFICATE required=0.0000 best=0.0000 free=0 refined=0 tubes=186 revoked_tubes=0 proofs=128
[depth_angular_controller-1] [INFO] [1791301203.054725727] [depth_angular_controller]: PAPER_EVIDENCE retained=16 balls=32 revoked_balls=0 expired_views=0 evicted_views=177 radius=0.580 clearance=0.000 best_prefix=0.000
[position_cmd_to_twist-2] [INFO] [1791301204.055980016] [position_cmd_to_twist]: [PERF BRIDGE] run=omni_candidate_v13_ego1p3_1 elapsed=65.29s received=2995 published=2995 fps(ros/wall)=60.00/57.95 controller_to_bridge_ms(mean/p50/p95/max)=0.045/0.000/0.000/16.667 bridge_process_ms(mean/p95/max)=0.087/0.113/1.386
[NAV] t=50.0s position=(25.24,10.24,3.75) yaw=1.4deg command=(1.83,0.74,0.28) manual_active=1 collision_blocks=0
[depth_angular_controller-1] [INFO] [1791301204.204792562] [depth_angular_controller]: OMNI_DEPTH views=4 azimuth_bins=180 elevation_bins=37 valid=1 certificates=1 short=0 held=1 yaw=24.00
[depth_angular_controller-1] [INFO] [1791301204.205096934] [depth_angular_controller]: PAPER_BUILD reason=FULL_MOTION_CERTIFICATE required=0.0000 best=0.0000 free=0 refined=0 tubes=190 revoked_tubes=0 proofs=128
[depth_angular_controller-1] [INFO] [1791301204.205112914] [depth_angular_controller]: PAPER_EVIDENCE retained=16 balls=32 revoked_balls=0 expired_views=0 evicted_views=181 radius=0.580 clearance=0.000 best_prefix=0.000
[depth_angular_controller-1] [INFO] [1791301205.362743624] [depth_angular_controller]: OMNI_DEPTH views=4 azimuth_bins=180 elevation_bins=37 valid=1 certificates=1 short=0 held=1 yaw=28.00
[depth_angular_controller-1] [INFO] [1791301205.363027828] [depth_angular_controller]: PAPER_BUILD reason=FULL_MOTION_CERTIFICATE required=0.0000 best=0.0000 free=0 refined=0 tubes=194 revoked_tubes=0 proofs=128
[depth_angular_controller-1] [INFO] [1791301205.363032607] [depth_angular_controller]: PAPER_EVIDENCE retained=16 balls=32 revoked_balls=0 expired_views=0 evicted_views=185 radius=0.580 clearance=0.000 best_prefix=0.000
[depth_angular_controller-1] [INFO] [1791301206.514552383] [depth_angular_controller]: OMNI_DEPTH views=4 azimuth_bins=180 elevation_bins=37 valid=1 certificates=1 short=0 held=1 yaw=19.19
[depth_angular_controller-1] [INFO] [1791301206.514845584] [depth_angular_controller]: PAPER_BUILD reason=FULL_MOTION_CERTIFICATE required=0.0000 best=0.0000 free=0 refined=0 tubes=198 revoked_tubes=0 proofs=128
[depth_angular_controller-1] [INFO] [1791301206.514850884] [depth_angular_controller]: PAPER_EVIDENCE retained=16 balls=32 revoked_balls=0 expired_views=0 evicted_views=189 radius=0.580 clearance=0.000 best_prefix=0.000
[depth_angular_controller-1] [INFO] [1791301207.474880630] [depth_angular_controller]: OMNI_DEPTH views=4 azimuth_bins=180 elevation_bins=37 valid=1 certificates=1 short=0 held=0 yaw=-1.97
[depth_angular_controller-1] [INFO] [1791301207.475175303] [depth_angular_controller]: PAPER_BUILD reason=FULL_MOTION_CERTIFICATE required=0.0000 best=0.0000 free=0 refined=0 tubes=202 revoked_tubes=0 proofs=128
[depth_angular_controller-1] [INFO] [1791301207.475181124] [depth_angular_controller]: PAPER_EVIDENCE retained=16 balls=32 revoked_balls=0 expired_views=0 evicted_views=193 radius=0.580 clearance=0.000 best_prefix=0.000
[depth_angular_controller-1] [INFO] [1791301207.486279211] [depth_angular_controller]: [PERF CTRL] run=omni_candidate_v13_ego1p3_1 elapsed=68.83s callbacks=3183 commands=3182 guidance=3062 command_fps(ros/wall)=60.00/57.72 guidance_wall_fps=57.37 avoid_ms(mean/p50/p95/max)=2.018/2.245/4.912/7.284 cycle_ms(mean/p95/max)=17.325/25.460/88.729 depth_to_cmd_ms(mean/p95/max)=50.833/100.000/100.000 callback_to_publish_ms(mean/p95/max)=3.767/10.110/18.415
[depth_angular_controller-1] [INFO] [1791301207.486555490] [depth_angular_controller]: EVIDENCE_COST ingest(mean/p95/max)=1.727/8.342/16.562 record=0.017/0.020/1.344 ms
[depth_angular_controller-1] [INFO] [1791301207.486568274] [depth_angular_controller]: EVIDENCE_PHASE per_view_mean_ms balls=0.060 tubes=0.043 history=0.300 eviction=0.001
[depth_angular_controller-1] [INFO] [1791301208.497668398] [depth_angular_controller]: OMNI_DEPTH views=4 azimuth_bins=180 elevation_bins=37 valid=1 certificates=1 short=0 held=0 yaw=-2.04
[depth_angular_controller-1] [INFO] [1791301208.497960988] [depth_angular_controller]: PAPER_BUILD reason=FULL_MOTION_CERTIFICATE required=0.0000 best=0.0000 free=0 refined=0 tubes=206 revoked_tubes=0 proofs=128
[depth_angular_controller-1] [INFO] [1791301208.497965997] [depth_angular_controller]: PAPER_EVIDENCE retained=16 balls=32 revoked_balls=0 expired_views=0 evicted_views=197 radius=0.580 clearance=0.000 best_prefix=0.000
[position_cmd_to_twist-2] [INFO] [1791301209.433292889] [position_cmd_to_twist]: [PERF BRIDGE] run=omni_candidate_v13_ego1p3_1 elapsed=70.67s received=3295 published=3295 fps(ros/wall)=60.00/57.74 controller_to_bridge_ms(mean/p50/p95/max)=0.040/0.000/0.000/16.667 bridge_process_ms(mean/p95/max)=0.087/0.112/1.386
[NAV] t=55.0s position=(34.68,12.07,4.50) yaw=-1.7deg command=(1.89,-0.57,0.20) manual_active=1 collision_blocks=0
[depth_angular_controller-1] [INFO] [1791301209.522020325] [depth_angular_controller]: OMNI_DEPTH views=4 azimuth_bins=180 elevation_bins=37 valid=1 certificates=1 short=0 held=0 yaw=-23.03
[depth_angular_controller-1] [INFO] [1791301209.522327072] [depth_angular_controller]: PAPER_BUILD reason=FULL_MOTION_CERTIFICATE required=0.0000 best=0.0000 free=0 refined=0 tubes=210 revoked_tubes=0 proofs=128
[depth_angular_controller-1] [INFO] [1791301209.522332121] [depth_angular_controller]: PAPER_EVIDENCE retained=16 balls=32 revoked_balls=0 expired_views=0 evicted_views=201 radius=0.580 clearance=0.000 best_prefix=0.000
[depth_angular_controller-1] [INFO] [1791301210.602908001] [depth_angular_controller]: OMNI_DEPTH views=4 azimuth_bins=180 elevation_bins=37 valid=1 certificates=1 short=0 held=0 yaw=-0.30
[depth_angular_controller-1] [INFO] [1791301210.603210930] [depth_angular_controller]: PAPER_BUILD reason=FULL_MOTION_CERTIFICATE required=0.0000 best=0.0000 free=0 refined=0 tubes=214 revoked_tubes=0 proofs=128
[depth_angular_controller-1] [INFO] [1791301210.603216801] [depth_angular_controller]: PAPER_EVIDENCE retained=16 balls=32 revoked_balls=0 expired_views=0 evicted_views=205 radius=0.580 clearance=0.000 best_prefix=0.000
[depth_angular_controller-1] [INFO] [1791301211.602186368] [depth_angular_controller]: OMNI_DEPTH views=4 azimuth_bins=180 elevation_bins=37 valid=1 certificates=1 short=0 held=0 yaw=0.62
[depth_angular_controller-1] [INFO] [1791301211.602614983] [depth_angular_controller]: PAPER_BUILD reason=FULL_MOTION_CERTIFICATE required=0.0000 best=0.0000 free=0 refined=0 tubes=218 revoked_tubes=0 proofs=128
[depth_angular_controller-1] [INFO] [1791301211.602622497] [depth_angular_controller]: PAPER_EVIDENCE retained=16 balls=32 revoked_balls=0 expired_views=0 evicted_views=209 radius=0.580 clearance=0.000 best_prefix=0.000
[depth_angular_controller-1] [INFO] [1791301212.495931574] [depth_angular_controller]: [PERF CTRL] run=omni_candidate_v13_ego1p3_1 elapsed=73.84s callbacks=3471 commands=3470 guidance=3350 command_fps(ros/wall)=60.00/57.70 guidance_wall_fps=57.38 avoid_ms(mean/p50/p95/max)=1.976/2.082/4.868/7.284 cycle_ms(mean/p95/max)=17.331/25.323/88.729 depth_to_cmd_ms(mean/p95/max)=51.164/100.000/100.000 callback_to_publish_ms(mean/p95/max)=3.730/9.924/18.415
[depth_angular_controller-1] [INFO] [1791301212.496215157] [depth_angular_controller]: EVIDENCE_COST ingest(mean/p95/max)=1.724/8.029/16.562 record=0.017/0.020/1.344 ms
[depth_angular_controller-1] [INFO] [1791301212.496222932] [depth_angular_controller]: EVIDENCE_PHASE per_view_mean_ms balls=0.059 tubes=0.045 history=0.298 eviction=0.001
[depth_angular_controller-1] [INFO] [1791301212.676995129] [depth_angular_controller]: OMNI_DEPTH views=4 azimuth_bins=180 elevation_bins=37 valid=1 certificates=1 short=0 held=1 yaw=-22.00
[depth_angular_controller-1] [INFO] [1791301212.677356238] [depth_angular_controller]: PAPER_BUILD reason=FULL_MOTION_CERTIFICATE required=0.0000 best=0.0000 free=0 refined=0 tubes=222 revoked_tubes=0 proofs=128
[depth_angular_controller-1] [INFO] [1791301212.677364063] [depth_angular_controller]: PAPER_EVIDENCE retained=16 balls=32 revoked_balls=0 expired_views=0 evicted_views=213 radius=0.580 clearance=0.000 best_prefix=0.000
[depth_angular_controller-1] [INFO] [1791301213.767133260] [depth_angular_controller]: OMNI_DEPTH views=4 azimuth_bins=180 elevation_bins=37 valid=1 certificates=1 short=0 held=1 yaw=2.00
[depth_angular_controller-1] [INFO] [1791301213.767423255] [depth_angular_controller]: PAPER_BUILD reason=FULL_MOTION_CERTIFICATE required=0.0000 best=0.0000 free=0 refined=0 tubes=226 revoked_tubes=0 proofs=128
[depth_angular_controller-1] [INFO] [1791301213.767430699] [depth_angular_controller]: PAPER_EVIDENCE retained=16 balls=32 revoked_balls=0 expired_views=0 evicted_views=217 radius=0.580 clearance=0.000 best_prefix=0.000
[position_cmd_to_twist-2] [INFO] [1791301214.705226831] [position_cmd_to_twist]: [PERF BRIDGE] run=omni_candidate_v13_ego1p3_1 elapsed=75.94s received=3595 published=3595 fps(ros/wall)=60.00/57.67 controller_to_bridge_ms(mean/p50/p95/max)=0.037/0.000/0.000/16.667 bridge_process_ms(mean/p95/max)=0.087/0.111/1.386
[NAV] t=60.0s position=(44.15,10.44,3.48) yaw=2.2deg command=(1.84,-0.30,-0.69) manual_active=1 collision_blocks=0
[depth_angular_controller-1] [INFO] [1791301214.854727960] [depth_angular_controller]: OMNI_DEPTH views=4 azimuth_bins=180 elevation_bins=37 valid=1 certificates=1 short=0 held=1 yaw=-2.00
[depth_angular_controller-1] [INFO] [1791301214.855032713] [depth_angular_controller]: PAPER_BUILD reason=FULL_MOTION_CERTIFICATE required=0.0000 best=0.0000 free=0 refined=0 tubes=230 revoked_tubes=0 proofs=128
[depth_angular_controller-1] [INFO] [1791301214.855037251] [depth_angular_controller]: PAPER_EVIDENCE retained=16 balls=32 revoked_balls=0 expired_views=0 evicted_views=221 radius=0.580 clearance=0.000 best_prefix=0.000
[depth_angular_controller-1] [INFO] [1791301215.946715616] [depth_angular_controller]: OMNI_DEPTH views=4 azimuth_bins=180 elevation_bins=37 valid=1 certificates=1 short=0 held=0 yaw=-50.00
[depth_angular_controller-1] [INFO] [1791301215.947206549] [depth_angular_controller]: PAPER_BUILD reason=FULL_MOTION_CERTIFICATE required=0.0000 best=0.0000 free=0 refined=0 tubes=234 revoked_tubes=0 proofs=128
[depth_angular_controller-1] [INFO] [1791301215.947213282] [depth_angular_controller]: PAPER_EVIDENCE retained=16 balls=32 revoked_balls=0 expired_views=0 evicted_views=225 radius=0.580 clearance=0.000 best_prefix=0.000
[depth_angular_controller-1] [INFO] [1791301217.024672755] [depth_angular_controller]: OMNI_DEPTH views=4 azimuth_bins=180 elevation_bins=37 valid=1 certificates=1 short=0 held=1 yaw=76.00
[depth_angular_controller-1] [INFO] [1791301217.024956969] [depth_angular_controller]: PAPER_BUILD reason=FULL_MOTION_CERTIFICATE required=0.0000 best=0.0000 free=0 refined=0 tubes=238 revoked_tubes=0 proofs=128
[depth_angular_controller-1] [INFO] [1791301217.024964112] [depth_angular_controller]: PAPER_EVIDENCE retained=16 balls=32 revoked_balls=0 expired_views=0 evicted_views=229 radius=0.580 clearance=0.000 best_prefix=0.000
[depth_angular_controller-1] [INFO] [1791301217.511474778] [depth_angular_controller]: [PERF CTRL] run=omni_candidate_v13_ego1p3_1 elapsed=78.86s callbacks=3744 commands=3743 guidance=3623 command_fps(ros/wall)=60.00/57.45 guidance_wall_fps=57.15 avoid_ms(mean/p50/p95/max)=2.093/2.405/4.826/7.284 cycle_ms(mean/p95/max)=17.407/25.227/88.729 depth_to_cmd_ms(mean/p95/max)=51.757/100.000/116.667 callback_to_publish_ms(mean/p95/max)=3.850/10.044/18.415
[depth_angular_controller-1] [INFO] [1791301217.511795481] [depth_angular_controller]: EVIDENCE_COST ingest(mean/p95/max)=1.725/7.877/16.562 record=0.017/0.020/1.344 ms
[depth_angular_controller-1] [INFO] [1791301217.511802694] [depth_angular_controller]: EVIDENCE_PHASE per_view_mean_ms balls=0.059 tubes=0.046 history=0.297 eviction=0.001
[depth_angular_controller-1] [INFO] [1791301218.306540696] [depth_angular_controller]: OMNI_DEPTH views=4 azimuth_bins=180 elevation_bins=37 valid=1 certificates=1 short=0 held=1 yaw=94.00
[depth_angular_controller-1] [INFO] [1791301218.306791327] [depth_angular_controller]: PAPER_BUILD reason=FULL_MOTION_CERTIFICATE required=0.0000 best=0.0000 free=0 refined=0 tubes=242 revoked_tubes=0 proofs=128
[depth_angular_controller-1] [INFO] [1791301218.306800534] [depth_angular_controller]: PAPER_EVIDENCE retained=16 balls=32 revoked_balls=0 expired_views=0 evicted_views=233 radius=0.580 clearance=0.000 best_prefix=0.000
[depth_angular_controller-1] [INFO] [1791301218.649073722] [depth_angular_controller]: CERTIFIED_TRACKING
[depth_angular_controller-1] [INFO] [1791301218.659135501] [depth_angular_controller]: DEPTH_PROPOSAL_CERTIFIED
[depth_angular_controller-1] [INFO] [1791301219.339560533] [depth_angular_controller]: OMNI_DEPTH views=4 azimuth_bins=180 elevation_bins=37 valid=1 certificates=1 short=0 held=1 yaw=-74.00
[depth_angular_controller-1] [INFO] [1791301219.339741022] [depth_angular_controller]: PAPER_BUILD reason=FULL_MOTION_CERTIFICATE required=0.0000 best=0.0000 free=0 refined=0 tubes=247 revoked_tubes=0 proofs=128
[depth_angular_controller-1] [INFO] [1791301219.339751542] [depth_angular_controller]: PAPER_EVIDENCE retained=16 balls=32 revoked_balls=0 expired_views=0 evicted_views=237 radius=0.580 clearance=0.000 best_prefix=8.072
[position_cmd_to_twist-2] [INFO] [1791301220.342616899] [position_cmd_to_twist]: [PERF BRIDGE] run=omni_candidate_v13_ego1p3_1 elapsed=81.58s received=3893 published=3893 fps(ros/wall)=59.97/57.27 controller_to_bridge_ms(mean/p50/p95/max)=0.051/0.000/0.000/50.000 bridge_process_ms(mean/p95/max)=0.087/0.111/1.386
[NAV] t=65.0s position=(49.16,11.27,1.87) yaw=-0.3deg command=(0.21,-0.08,-0.01) manual_active=1 collision_blocks=0
[depth_angular_controller-1] [INFO] [1791301220.434793398] [depth_angular_controller]: OMNI_DEPTH views=4 azimuth_bins=180 elevation_bins=37 valid=1 certificates=1 short=0 held=1 yaw=-82.00
[depth_angular_controller-1] [INFO] [1791301220.435590736] [depth_angular_controller]: PAPER_BUILD reason=FULL_MOTION_CERTIFICATE required=0.0000 best=0.0000 free=0 refined=0 tubes=249 revoked_tubes=0 proofs=128
[depth_angular_controller-1] [INFO] [1791301220.435598421] [depth_angular_controller]: PAPER_EVIDENCE retained=16 balls=32 revoked_balls=0 expired_views=0 evicted_views=241 radius=0.580 clearance=0.000 best_prefix=8.072
[depth_angular_controller-1] [INFO] [1791301221.603138153] [depth_angular_controller]: OMNI_DEPTH views=4 azimuth_bins=180 elevation_bins=37 valid=1 certificates=1 short=0 held=1 yaw=-86.00
[depth_angular_controller-1] [INFO] [1791301221.606341623] [depth_angular_controller]: PAPER_BUILD reason=FULL_MOTION_CERTIFICATE required=0.0000 best=0.0000 free=0 refined=0 tubes=252 revoked_tubes=0 proofs=128
[depth_angular_controller-1] [INFO] [1791301221.606358325] [depth_angular_controller]: PAPER_EVIDENCE retained=16 balls=32 revoked_balls=0 expired_views=0 evicted_views=245 radius=0.580 clearance=0.000 best_prefix=8.072
[depth_angular_controller-1] [INFO] [1791301222.519469296] [depth_angular_controller]: [PERF CTRL] run=omni_candidate_v13_ego1p3_1 elapsed=83.86s callbacks=4010 commands=4009 guidance=3889 command_fps(ros/wall)=59.94/57.14 guidance_wall_fps=56.85 avoid_ms(mean/p50/p95/max)=2.437/2.609/5.378/50.578 cycle_ms(mean/p95/max)=17.501/25.227/98.323 depth_to_cmd_ms(mean/p95/max)=51.470/100.000/116.667 callback_to_publish_ms(mean/p95/max)=4.230/11.057/53.857
[depth_angular_controller-1] [INFO] [1791301222.519805057] [depth_angular_controller]: EVIDENCE_COST ingest(mean/p95/max)=1.752/7.760/16.562 record=0.033/0.023/1.725 ms
[depth_angular_controller-1] [INFO] [1791301222.519811749] [depth_angular_controller]: EVIDENCE_PHASE per_view_mean_ms balls=0.060 tubes=0.049 history=0.300 eviction=0.001
[depth_angular_controller-1] [INFO] [1791301222.661524822] [depth_angular_controller]: OMNI_DEPTH views=4 azimuth_bins=180 elevation_bins=37 valid=1 certificates=1 short=0 held=1 yaw=-4.00
[depth_angular_controller-1] [INFO] [1791301222.661876273] [depth_angular_controller]: PAPER_BUILD reason=FULL_MOTION_CERTIFICATE required=0.0000 best=0.0000 free=0 refined=0 tubes=256 revoked_tubes=0 proofs=128
[depth_angular_controller-1] [INFO] [1791301222.661886843] [depth_angular_controller]: PAPER_EVIDENCE retained=16 balls=32 revoked_balls=0 expired_views=0 evicted_views=249 radius=0.580 clearance=0.000 best_prefix=8.072
[depth_angular_controller-1] [INFO] [1791301223.661354886] [depth_angular_controller]: PAPER_BUILD reason=FULL_MOTION_CERTIFICATE required=0.0000 best=0.0000 free=0 refined=0 tubes=256 revoked_tubes=0 proofs=128
[depth_angular_controller-1] [INFO] [1791301223.661396263] [depth_angular_controller]: PAPER_EVIDENCE retained=16 balls=32 revoked_balls=0 expired_views=0 evicted_views=253 radius=0.580 clearance=0.000 best_prefix=8.072
[depth_angular_controller-1] [INFO] [1791301223.668002979] [depth_angular_controller]: OMNI_DEPTH views=4 azimuth_bins=180 elevation_bins=37 valid=1 certificates=1 short=0 held=1 yaw=21.12
[depth_angular_controller-1] [INFO] [1791301224.779834298] [depth_angular_controller]: PAPER_BUILD reason=FULL_MOTION_CERTIFICATE required=0.0000 best=0.0000 free=0 refined=0 tubes=256 revoked_tubes=0 proofs=128
[depth_angular_controller-1] [INFO] [1791301224.779871127] [depth_angular_controller]: PAPER_EVIDENCE retained=16 balls=32 revoked_balls=0 expired_views=0 evicted_views=257 radius=0.580 clearance=0.000 best_prefix=8.072
[depth_angular_controller-1] [INFO] [1791301224.787583531] [depth_angular_controller]: OMNI_DEPTH views=4 azimuth_bins=180 elevation_bins=37 valid=1 certificates=1 short=0 held=1 yaw=36.00
[position_cmd_to_twist-2] [INFO] [1791301225.839771992] [position_cmd_to_twist]: [PERF BRIDGE] run=omni_candidate_v13_ego1p3_1 elapsed=87.08s received=4181 published=4181 fps(ros/wall)=59.81/56.91 controller_to_bridge_ms(mean/p50/p95/max)=0.431/0.000/0.000/50.000 bridge_process_ms(mean/p95/max)=0.087/0.112/1.386
[NAV] t=70.0s position=(51.07,6.79,1.51) yaw=18.8deg command=(0.12,0.03,0.03) manual_active=1 collision_blocks=0
[depth_angular_controller-1] [INFO] [1791301225.922957053] [depth_angular_controller]: PAPER_BUILD reason=FULL_MOTION_CERTIFICATE required=0.0000 best=0.0000 free=0 refined=0 tubes=256 revoked_tubes=0 proofs=128
[depth_angular_controller-1] [INFO] [1791301225.922996117] [depth_angular_controller]: PAPER_EVIDENCE retained=16 balls=32 revoked_balls=0 expired_views=0 evicted_views=260 radius=0.580 clearance=0.000 best_prefix=8.072
[depth_angular_controller-1] [INFO] [1791301225.931161261] [depth_angular_controller]: OMNI_DEPTH views=4 azimuth_bins=180 elevation_bins=37 valid=1 certificates=1 short=0 held=1 yaw=44.00
[depth_angular_controller-1] [INFO] [1791301226.965467787] [depth_angular_controller]: OMNI_DEPTH views=4 azimuth_bins=180 elevation_bins=37 valid=1 certificates=1 short=0 held=1 yaw=42.00
[depth_angular_controller-1] [INFO] [1791301226.966321471] [depth_angular_controller]: PAPER_BUILD reason=FULL_MOTION_CERTIFICATE required=0.0000 best=0.0000 free=0 refined=0 tubes=256 revoked_tubes=0 proofs=128
[depth_angular_controller-1] [INFO] [1791301226.966327673] [depth_angular_controller]: PAPER_EVIDENCE retained=16 balls=32 revoked_balls=0 expired_views=0 evicted_views=264 radius=0.580 clearance=0.000 best_prefix=8.072
[depth_angular_controller-1] [INFO] [1791301227.527249460] [depth_angular_controller]: [PERF CTRL] run=omni_candidate_v13_ego1p3_1 elapsed=88.87s callbacks=4279 commands=4278 guidance=4158 command_fps(ros/wall)=59.79/56.91 guidance_wall_fps=56.64 avoid_ms(mean/p50/p95/max)=2.837/2.731/9.198/50.578 cycle_ms(mean/p95/max)=17.571/25.539/98.323 depth_to_cmd_ms(mean/p95/max)=50.605/100.000/116.667 callback_to_publish_ms(mean/p95/max)=4.710/13.037/53.857
[depth_angular_controller-1] [INFO] [1791301227.527616650] [depth_angular_controller]: EVIDENCE_COST ingest(mean/p95/max)=1.826/7.764/16.562 record=0.046/0.264/1.725 ms
[depth_angular_controller-1] [INFO] [1791301227.527623784] [depth_angular_controller]: EVIDENCE_PHASE per_view_mean_ms balls=0.060 tubes=0.058 history=0.308 eviction=0.001
[depth_angular_controller-1] [INFO] [1791301228.117939441] [depth_angular_controller]: OMNI_DEPTH views=4 azimuth_bins=180 elevation_bins=37 valid=1 certificates=1 short=0 held=0 yaw=15.66
[depth_angular_controller-1] [INFO] [1791301228.133908462] [depth_angular_controller]: PAPER_BUILD reason=FULL_MOTION_CERTIFICATE required=0.0000 best=0.0000 free=0 refined=0 tubes=256 revoked_tubes=0 proofs=128
[depth_angular_controller-1] [INFO] [1791301228.133950551] [depth_angular_controller]: PAPER_EVIDENCE retained=16 balls=32 revoked_balls=0 expired_views=0 evicted_views=268 radius=0.580 clearance=0.000 best_prefix=8.072
[depth_angular_controller-1] [INFO] [1791301229.088448642] [depth_angular_controller]: OMNI_DEPTH views=4 azimuth_bins=180 elevation_bins=37 valid=1 certificates=1 short=0 held=0 yaw=15.28
[depth_angular_controller-1] [INFO] [1791301229.102643759] [depth_angular_controller]: PAPER_BUILD reason=FULL_MOTION_CERTIFICATE required=0.0000 best=0.0000 free=0 refined=0 tubes=256 revoked_tubes=0 proofs=128
[depth_angular_controller-1] [INFO] [1791301229.102682802] [depth_angular_controller]: PAPER_EVIDENCE retained=16 balls=32 revoked_balls=0 expired_views=0 evicted_views=272 radius=0.580 clearance=0.000 best_prefix=8.072
[depth_angular_controller-1] [INFO] [1791301230.107629752] [depth_angular_controller]: OMNI_DEPTH views=4 azimuth_bins=180 elevation_bins=37 valid=1 certificates=1 short=0 held=0 yaw=15.26
[depth_angular_controller-1] [INFO] [1791301230.121865114] [depth_angular_controller]: PAPER_BUILD reason=FULL_MOTION_CERTIFICATE required=0.0000 best=0.0000 free=0 refined=0 tubes=256 revoked_tubes=0 proofs=128
[depth_angular_controller-1] [INFO] [1791301230.121900310] [depth_angular_controller]: PAPER_EVIDENCE retained=16 balls=32 revoked_balls=0 expired_views=0 evicted_views=276 radius=0.580 clearance=0.000 best_prefix=8.072
[position_cmd_to_twist-2] [INFO] [1791301231.055486310] [position_cmd_to_twist]: [PERF BRIDGE] run=omni_candidate_v13_ego1p3_1 elapsed=92.29s received=4480 published=4480 fps(ros/wall)=59.80/56.94 controller_to_bridge_ms(mean/p50/p95/max)=0.558/0.000/0.000/50.000 bridge_process_ms(mean/p95/max)=0.087/0.112/1.386
[NAV] t=75.0s position=(58.59,9.72,2.54) yaw=15.3deg command=(1.93,0.53,0.09) manual_active=1 collision_blocks=0
[depth_angular_controller-1] [INFO] [1791301231.138608162] [depth_angular_controller]: OMNI_DEPTH views=4 azimuth_bins=180 elevation_bins=37 valid=1 certificates=1 short=0 held=0 yaw=15.26
[depth_angular_controller-1] [INFO] [1791301231.155266729] [depth_angular_controller]: PAPER_BUILD reason=FULL_MOTION_CERTIFICATE required=0.0000 best=0.0000 free=0 refined=0 tubes=256 revoked_tubes=0 proofs=128
[depth_angular_controller-1] [INFO] [1791301231.155303348] [depth_angular_controller]: PAPER_EVIDENCE retained=16 balls=32 revoked_balls=0 expired_views=0 evicted_views=280 radius=0.580 clearance=0.000 best_prefix=8.072
[depth_angular_controller-1] [INFO] [1791301232.162439832] [depth_angular_controller]: OMNI_DEPTH views=4 azimuth_bins=180 elevation_bins=37 valid=1 certificates=1 short=0 held=0 yaw=15.26
[depth_angular_controller-1] [INFO] [1791301232.176331980] [depth_angular_controller]: PAPER_BUILD reason=FULL_MOTION_CERTIFICATE required=0.0000 best=0.0000 free=0 refined=0 tubes=256 revoked_tubes=0 proofs=128
[depth_angular_controller-1] [INFO] [1791301232.176366855] [depth_angular_controller]: PAPER_EVIDENCE retained=16 balls=32 revoked_balls=0 expired_views=0 evicted_views=284 radius=0.580 clearance=0.000 best_prefix=8.072
[depth_angular_controller-1] [INFO] [1791301232.540395719] [depth_angular_controller]: [PERF CTRL] run=omni_candidate_v13_ego1p3_1 elapsed=93.88s callbacks=4570 commands=4569 guidance=4449 command_fps(ros/wall)=59.80/56.98 guidance_wall_fps=56.73 avoid_ms(mean/p50/p95/max)=2.682/2.503/8.665/50.578 cycle_ms(mean/p95/max)=17.549/25.449/98.323 depth_to_cmd_ms(mean/p95/max)=50.007/100.000/116.667 callback_to_publish_ms(mean/p95/max)=4.581/12.831/53.857
[depth_angular_controller-1] [INFO] [1791301232.540774922] [depth_angular_controller]: EVIDENCE_COST ingest(mean/p95/max)=1.844/7.742/16.562 record=0.045/0.237/1.725 ms
[depth_angular_controller-1] [INFO] [1791301232.540797214] [depth_angular_controller]: EVIDENCE_PHASE per_view_mean_ms balls=0.060 tubes=0.060 history=0.311 eviction=0.001
[depth_angular_controller-1] [INFO] [1791301233.136551422] [depth_angular_controller]: OMNI_DEPTH views=4 azimuth_bins=180 elevation_bins=37 valid=1 certificates=1 short=0 held=0 yaw=15.26
[depth_angular_controller-1] [INFO] [1791301233.150936466] [depth_angular_controller]: PAPER_BUILD reason=FULL_MOTION_CERTIFICATE required=0.0000 best=0.0000 free=0 refined=0 tubes=256 revoked_tubes=0 proofs=128
[depth_angular_controller-1] [INFO] [1791301233.150970651] [depth_angular_controller]: PAPER_EVIDENCE retained=16 balls=32 revoked_balls=0 expired_views=0 evicted_views=288 radius=0.580 clearance=0.000 best_prefix=8.072
[depth_angular_controller-1] [INFO] [1791301234.056782144] [depth_angular_controller]: ZERO_INTENT
[BENCHMARK RESULT] ARRIVED sim=77.083s
[PERF ISAAC FINAL] run=omni_candidate_v13_ego1p3_1 result=ARRIVED wall=83.32s sim_frames=4747 fps(sim/wall)=60.03/56.98 command_changes=3767 collision_blocks=0 frame_interval_ms(mean/p50/p95/max)=17.482/15.941/18.169/79.204
[96.293s] Simulation App Shutting Down
[depth_angular_controller-1] [INFO] [1791301235.889774610] [rclcpp]: signal_handler(SIGINT/SIGTERM)
[position_cmd_to_twist-2] [INFO] [1791301235.890776553] [position_cmd_to_twist]: [PERF BRIDGE FINAL] run=omni_candidate_v13_ego1p3_1 elapsed=97.13s received=4730 published=4730 fps(ros/wall)=59.81/57.02 controller_to_bridge_ms(mean/p50/p95/max)=0.529/0.000/0.000/50.000 bridge_process_ms(mean/p95/max)=0.087/0.112/1.386
[position_cmd_to_twist-2] Failed to publish log message to rosout: publisher's context is invalid, at ./src/rcl/publisher.c:389
[depth_angular_controller-1] [INFO] [1791301235.890952914] [depth_angular_controller]: [PERF CTRL FINAL] run=omni_candidate_v13_ego1p3_1 elapsed=97.23s callbacks=4731 commands=4730 guidance=4539 command_fps(ros/wall)=59.81/57.02 guidance_wall_fps=56.79 avoid_ms(mean/p50/p95/max)=2.635/2.441/8.272/50.578 cycle_ms(mean/p95/max)=17.537/25.360/98.323 depth_to_cmd_ms(mean/p95/max)=49.857/100.000/116.667 callback_to_publish_ms(mean/p95/max)=4.496/12.708/53.857
[depth_angular_controller-1] [INFO] [1791301235.891280510] [depth_angular_controller]: EVIDENCE_COST ingest(mean/p95/max)=1.843/7.625/16.562 record=0.044/0.194/1.725 ms
[depth_angular_controller-1] [INFO] [1791301235.891283355] [depth_angular_controller]: EVIDENCE_PHASE per_view_mean_ms balls=0.060 tubes=0.059 history=0.311 eviction=0.001
[INFO] [depth_angular_controller-1]: process has finished cleanly [pid 146703]
[INFO] [position_cmd_to_twist-2]: process has finished cleanly [pid 146705]
