[PERF] run=omni_final_v18_ego1p2_1 log=/home/starry/isaac-data/EGO1P3/performance/navigation_benchmark_20260929/PERFORMANCE.md
[INPUT] mode=goal scene_mode=cloud
[LOCK] Waiting for shared Isaac navigation slot
[INFO] [launch]: All log files can be found below /tmp/fov_gvf_ego1p3_isaac_ros_log/2026-10-07-01-12-11-120306-starry-System-Product-Name-185775
[INFO] [launch]: Default logging verbosity is set to INFO
[INFO] [depth_angular_controller-1]: process started with pid [185777]
[INFO] [position_cmd_to_twist-2]: process started with pid [185779]
[depth_angular_controller-1] [INFO] [1791306731.154718417] [depth_angular_controller]: PROCESSING_RATES control=60.0 Hz depth_limit=10.0 Hz (0=unlimited)
[depth_angular_controller-1] [INFO] [1791306731.154773230] [depth_angular_controller]: GOAL_FRONT_ONLY enabled: front depth plus certified history; manual mode retains four views
[depth_angular_controller-1] [INFO] [1791306731.156537936] [depth_angular_controller]: C++ controller commands publish on /position_cmd; horizontal views=1
[ROS CHECK] ROS_DOMAIN_ID=42 /position_cmd publishers=1
Type: pc_gvf_msgs/msg/PositionCommand
Publisher count: 1
Subscription count: 1
/depth_angular_controller
/position_cmd_to_twist
WARNING: All log messages before absl::InitializeLog() is called are written to STDERR
E0000 00:00:1791306732.108254  185818 descriptor_database.cc:633] File already exists in database: grpc/health/v1/health.proto
W0000 00:00:1791306732.108275  185818 message.cc:301] Protobuf GeneratedMessageFactory: File is already registered: grpc/health/v1/health.proto
2026-10-06T17:12:11Z [Info] [carb] Logging to file: /home/starry/isaac-data/isaacsim/kit/logs/Kit/Isaac-Sim Python/6.0/kit_20261007_011211.log
[0.043s] [ext: omni.assets.plugins-0.0.0] startup
[0.044s] [ext: omni.blobkey-1.1.2] startup
[0.044s] [ext: omni.kit.async_engine-0.0.3] startup
[0.318s] [ext: omni.client.lib-1.1.1] startup
[0.325s] [ext: omni.client-1.3.0] startup
[0.327s] [ext: omni.protobuf.lib-1.0.0] startup
[0.328s] [ext: omni.grpc.lib-1.0.0] startup
[0.331s] [ext: omni.metrics.core-0.0.3] startup
[0.331s] [ext: omni.datastore-0.0.0] startup
[0.332s] [ext: omni.gpu_foundation.shadercache.vulkan-1.0.0] startup
[0.334s] [ext: omni.hsscclient-1.1.4] startup
[0.334s] [ext: omni.stats-1.0.1] startup
[0.334s] [ext: omni.ujitso.default-1.0.0] startup
[0.337s] [ext: omni.gpu_foundation-0.0.0] startup
[0.470s] [ext: carb.windowing.plugins-1.0.1] startup
[0.470s] [ext: omni.kit.renderer.init-1.0.1] startup
2026-10-06T17:12:12Z [682ms] [Warning] [omni.rtx] Skipping unsupported non-NVIDIA GPU: AMD Unknown (RADV RAPHAEL_MENDOCINO)
2026-10-06T17:12:12Z [683ms] [Warning] [omni.rtx] Skipping unsupported non-NVIDIA GPU: AMD Unknown (RADV RAPHAEL_MENDOCINO)

|---------------------------------------------------------------------------------------------|
| Driver Version: 580.178.04    | Graphics API: Vulkan
|=============================================================================================|
| GPU | Name                             | Active | LDA | GPU Memory | Vendor-ID | LUID       |
|     |                                  |        |     |            | Device-ID | UUID       |
|     |                                  |        |     |            | Bus-ID    |            |
|---------------------------------------------------------------------------------------------|
| 0   | NVIDIA GeForce RTX 5070          | Yes: 0 |     | 12227   MB | 10de      | 0          |
|     |                                  |        |     |            | 2f04      | 348d89fe.. |
|     |                                  |        |     |            | 1         |            |
|---------------------------------------------------------------------------------------------|
| 1   | AMD Unknown (RADV RAPHAEL_MEND.. |        |     | 10755   MB | 1002      | 0          |
|     |                                  |        |     |            | 13c0      | 00000000.. |
|     |                                  |        |     |            | c         |            |
|=============================================================================================|
| OS: 22.04.5 LTS (Jammy Jellyfish) ubuntu, Version: 22.04.5, Kernel: 6.8.0-138-generic
| XServer Vendor: The X.Org Foundation, XServer Version: 12101004 (1.21.1.4)
| Processor: AMD Ryzen 5 9600X 6-Core Processor
| Cores: 6 | Logical Cores: 12
|---------------------------------------------------------------------------------------------|
| Total Memory (MB): 31241 | Free Memory: 22716
| Total Page/Swap (MB): 15624 | Free Page/Swap: 15624
|---------------------------------------------------------------------------------------------|
2026-10-06T17:12:12Z [882ms] [Warning] [omni.rtx] CPU performance profile is set to powersave. This profile sets the CPU to the lowest frequency reducing performance.
2026-10-06T17:12:12Z [889ms] [Warning] [omni.rtx] IOMMU is enabled.
[0.993s] [ext: omni.kit.pipapi-0.0.0] startup
[0.994s] [ext: omni.kit.pip_archive-0.0.0] startup
[0.994s] [ext: isaacsim.pip.newton-0.6.1] startup
[0.994s] [ext: omni.pip.compute-1.9.2] startup
[0.994s] [ext: omni.isaac.core_archive-5.3.1] startup
[0.994s] [ext: omni.kit.telemetry-0.5.2] startup
[1.014s] [ext: omni.kit.loop-isaac-1.6.0] startup
[1.016s] [ext: omni.kit.test-2.0.7] startup
[1.068s] [ext: omni.materialx.libs-1.0.9] startup
[1.074s] [ext: omni.gpucompute.plugins-0.0.0] startup
[1.075s] [ext: omni.usd.config-1.0.7] startup
[1.078s] [ext: omni.usd.libs-1.0.3] startup
[1.133s] [ext: omni.iray.libs-0.0.1] startup
[1.135s] [ext: omni.mdl-57.0.3] startup
[1.195s] [ext: omni.mdl.neuraylib-0.2.20] startup
[1.197s] [ext: omni.kit.usd.mdl-1.1.9] startup
[1.284s] [ext: omni.appwindow-1.2.2] startup
[1.286s] [ext: omni.kit.renderer.core-1.2.2] startup
2026-10-06T17:12:18Z [6,495ms] [Warning] [carb.windowing-glfw.gamepad] Joystick with unknown remapping detected (will be ignored):  BEITONG BEITONG A2P3A BFM DONGLE [03000000bc2000001c51000011010000]
[6.529s] [ext: omni.kit.renderer.capture-2.0.1] startup
[6.531s] [ext: omni.kit.renderer.imgui-2.0.6] startup
[6.567s] [ext: omni.ui-3.2.0] startup
[6.574s] [ext: omni.kit.mainwindow-1.0.3] startup
[6.575s] [ext: carb.audio-0.1.0] startup
[6.577s] [ext: omni.uiaudio-1.0.0] startup
[6.577s] [ext: omni.kit.uiapp-0.0.0] startup
[6.577s] [ext: omni.usd.schema.metrics.assembler-110.1.0] startup
[6.580s] [ext: omni.usd.schema.audio-0.0.1] startup
[6.582s] [ext: omni.usd_resolver-1.0.0] startup
[6.584s] [ext: omni.usd.core-1.8.3] startup
[6.587s] [ext: omni.metropolis.schema-0.0.3] startup
[6.587s] [ext: isaacsim.anim.robot.schema-0.1.1] startup
[6.588s] [ext: omni.usd.schema.anim-0.0.1] startup
[6.601s] [ext: omni.usd.schema.geospatial-0.0.1] startup
[6.602s] [ext: omni.usd.schema.omnigraph-1.0.1] startup
[6.607s] [ext: omni.usd.schema.semantics-0.0.0] startup
[6.608s] [ext: omni.activity.core-1.0.3] startup
[6.609s] [ext: omni.cubric-0.1.0] startup
[6.609s] [ext: omni.graph.exec-0.9.6] startup
[6.610s] [ext: omni.hydra.scene_delegate-0.3.5] startup
[6.612s] [ext: usdrt.scenegraph-7.6.3] startup
[6.631s] [ext: omni.hydra.usdrt_delegate-7.5.2] startup
[6.634s] [ext: omni.inspect-1.0.2] startup
[6.635s] [ext: omni.kit.actions.core-1.0.0] startup
[6.637s] [ext: omni.kit.audiodeviceenum-1.0.2] startup
[6.638s] [ext: omni.kit.commands-1.5.0] startup
[6.640s] [ext: omni.kit.exec.core-0.13.5] startup
[6.641s] [ext: omni.kit.usd_undo-0.1.8] startup
[6.641s] [ext: omni.kit.window.popup_dialog-2.0.25] startup
[6.644s] [ext: omni.kit.widget.nucleus_connector-2.3.1] startup
[6.646s] [ext: omni.timeline-1.1.0] startup
[6.647s] [ext: omni.usd-1.16.0] startup
[6.673s] [ext: omni.graph.core-3.1.2] startup
[6.675s] [ext: omni.kit.notification_manager-1.0.11] startup
[6.676s] [ext: isaacsim.core.deprecation_manager-0.4.2] startup
[6.677s] [ext: isaacsim.replicator.agent.schema-0.1.1] startup
[6.678s] [ext: isaacsim.robot.schema-6.3.7] startup
[6.682s] [ext: isaacsim.robot_motion.schema-0.2.1] startup
[6.682s] [ext: omni.anim.behavior.schema-110.1.0] startup
[6.685s] [ext: omni.anim.graph.schema-110.1.1] startup
[6.689s] [ext: omni.anim.navigation.schema-110.1.0] startup
[6.692s] [ext: omni.behavior.tree.schema-110.1.0] startup
[6.692s] [ext: omni.isaac.ml_archive-3.3.0] startup
[6.693s] [ext: omni.kit.asset_converter-6.0.1] startup
[6.701s] [ext: omni.pip.cloud-1.5.4] startup
[6.703s] [ext: omni.usd.schema.flow-110.0.0] startup
[6.703s] [ext: omni.usd.schema.mujoco-1.1.1] startup
[6.704s] [ext: omni.usd.schema.newton-1.2.1] startup
[6.704s] [ext: omni.usd.schema.omni_lens_distortion-1.0.0] startup
[6.705s] [ext: omni.usd.schema.omni_projectors-1.0.0] startup
[6.705s] [ext: omni.usd.schema.omni_sensors-0.0.0] startup
[6.712s] [ext: omni.usd.schema.omniscripting-1.0.1] startup
[6.714s] [ext: omni.usd.schema.physical_lighting-0.1.0] startup
[6.717s] [ext: omni.usd.schema.physx-110.1.13] startup
[6.740s] [ext: omni.usd.schema.render_settings.rtx-1.0.2] startup
[6.742s] [ext: omni.usd.schema.usd_particle_field-1.0.0] startup
[6.743s] [ext: isaacsim.core.version-2.1.1] startup
[6.743s] [ext: omni.kit.menu.core-1.2.0] startup
[6.744s] [ext: omni.kit.menu.utils-2.2.4] startup
[6.749s] [ext: isaacsim.app.about-2.3.1] startup
[6.753s] [ext: isaacsim.asset.transformer-1.2.5] startup
[6.755s] [ext: omni.scene.optimizer.core-110.1.0] startup
[6.785s] [ext: isaacsim.asset.importer.utils-1.8.1] startup
[6.786s] [ext: omni.convexdecomposition-110.1.13] startup
[6.788s] [ext: omni.physics-110.1.13] startup
[6.790s] [ext: omni.physx.gpu-110.1.13] startup
[6.790s] [ext: omni.physx.foundation-110.1.13] startup
[6.792s] [ext: omni.usdphysics-110.1.13] startup
[6.793s] [ext: omni.physx.cooking-110.1.13] startup
[6.794s] [ext: omni.physx-110.1.13] startup
[6.801s] [ext: omni.physics.physx-110.1.13] startup
[6.802s] [ext: isaacsim.asset.exporter.urdf-2.0.5] startup
[6.808s] [ext: omni.kit.clipboard-1.1.1] startup
[6.809s] [ext: omni.kit.usd.layers-2.6.1] startup
[6.814s] [ext: omni.kit.widget.context_menu-1.4.0] startup
[6.815s] [ext: omni.kit.context_menu-1.9.0] startup
[6.816s] [ext: omni.kit.helper.file_utils-0.1.10] startup
[6.817s] [ext: omni.kit.widget.nucleus_info-2.0.2] startup
[6.818s] [ext: omni.kit.search_core-1.0.8] startup
[6.818s] [ext: omni.kit.widget.path_field-2.0.13] startup
[6.819s] [ext: omni.kit.widget.browser_bar-2.0.10] startup
[6.819s] [ext: omni.kit.widget.filebrowser-2.13.4] startup
[6.823s] [ext: omni.kit.widget.options_menu-1.1.6] startup
[6.825s] [ext: omni.kit.widget.options_button-1.0.3] startup
[6.825s] [ext: omni.kit.widget.search_delegate-1.0.9] startup
[6.826s] [ext: omni.ui.scene-2.0.3] startup
[6.829s] [ext: omni.kit.window.filepicker-2.15.5] startup
[6.838s] [ext: omni.kit.window.file_importer-1.1.21] startup
[6.840s] [ext: omni.kit.material.library-3.1.2] startup
[6.844s] [ext: isaacsim.asset.transformer.rules-1.7.10] startup
[6.851s] [ext: omni.usdex.libs-2.2.2] startup
[6.857s] [ext: isaacsim.asset.importer.mjcf-3.10.1] startup
[6.858s] [ext: isaacsim.asset.importer.urdf-3.11.2] startup
[6.861s] [ext: omni.kit.primitive.mesh-1.1.0] startup
[6.863s] [ext: omni.kit.stage_template.core-1.1.22] startup
[6.864s] [ext: omni.kit.stage_templates-2.0.2] startup
[6.865s] [ext: omni.usd.metrics.assembler-110.1.2] startup
[6.867s] [ext: omni.warp.core-1.13.0] startup
[7.047s] [ext: isaacsim.core.experimental.utils-0.17.2] startup
[7.048s] [ext: omni.physics.stageupdate-110.1.13] startup
[7.049s] [ext: omni.physics.tensors-110.1.13] startup
[7.052s] [ext: omni.physx.tensors-110.1.13] startup
[7.055s] [ext: isaacsim.core.simulation_manager-1.15.6] startup
[7.065s] [ext: isaacsim.storage.native-1.9.3] startup
[7.066s] [ext: omni.usd.metrics.assembler.physics-110.1.13] startup
[7.067s] [ext: isaacsim.core.utils-4.1.7] startup
[7.069s] [ext: isaacsim.core.prims-0.11.7] startup
[7.933s] [ext: isaacsim.core.api-5.2.13] startup
[7.939s] [ext: isaacsim.core.cloner-1.7.3] startup
[7.940s] [ext: isaacsim.test.docstring-1.3.2] startup
[7.942s] [ext: isaacsim.core.experimental.prims-1.8.9] startup
[7.960s] [ext: isaacsim.core.experimental.primdata-0.3.2] startup
[7.961s] [ext: omni.graph.tools-1.81.0] startup
[7.979s] [ext: omni.graph-1.142.5] startup
[8.010s] [ext: isaacsim.core.experimental.actuators-0.1.2] startup
[8.022s] [ext: isaacsim.core.experimental.materials-0.7.1] startup
[8.025s] [ext: isaacsim.core.experimental.objects-0.8.1] startup
[8.076s] [ext: omni.hydra.engine.stats-1.0.5] startup
[8.078s] [ext: omni.hydra.rtx.shadercache.vulkan-1.0.0] startup
[8.079s] [ext: omni.index.libs-387500.4413.0] startup
[8.079s] [ext: omni.index-1.0.1] startup
[8.080s] [ext: omni.ujitso.client-0.0.0] startup
[8.080s] [ext: omni.usd.schema.playback-1.0.0] startup
[8.083s] [ext: omni.volume-0.5.2] startup
[8.086s] [ext: omni.hydra.rtx-1.0.4] startup
2026-10-06T17:12:19Z [8,076ms] [Warning] [omni.log] Source: omni.hydra was already registered.
[8.107s] [ext: omni.kit.hydra_texture-1.6.0] startup
[8.110s] [ext: omni.kit.raycast.query-1.2.0] startup
[8.113s] [ext: omni.kit.viewport.legacy_gizmos-1.0.24] startup
[8.115s] [ext: omni.kit.viewport.registry-104.0.6] startup
[8.116s] [ext: omni.kit.viewport.scene_camera_model-1.0.7] startup
[8.118s] [ext: omni.kit.widget.viewport-109.2.0] startup
[8.122s] [ext: omni.kit.window.drop_support-1.0.8] startup
[8.122s] [ext: omni.kit.viewport.window-109.0.2] startup
[8.136s] [ext: omni.kit.viewport.utility-2.0.1] startup
[8.137s] [ext: isaacsim.core.rendering_manager-0.4.3] startup
[8.156s] [ext: omni.graph.action_core-1.1.9] startup
[8.158s] [ext: omni.graph.action_nodes_core-2.11.0] startup
[8.160s] [ext: omni.graph.action_nodes-2.11.0] startup
[8.175s] [ext: omni.graph.action-2.10.2] startup
[8.176s] [ext: omni.graph.image.core-0.6.1] startup
[8.177s] [ext: omni.graph.image.nodes-1.3.1] startup
[8.177s] [ext: omni.graph.nodes_core-2.11.0] startup
[8.181s] [ext: omni.graph.nodes-2.12.0] startup
[8.185s] [ext: omni.kit.hotkeys.core-1.3.12] startup
[8.186s] [ext: omni.kit.property.adapter.core-1.1.1] startup
[8.188s] [ext: omni.kit.property.adapter.usd-1.0.5] startup
[8.189s] [ext: omni.kit.widget.filter-1.1.5] startup
[8.190s] [ext: omni.kit.widget.highlight_label-1.0.3] startup
[8.191s] [ext: omni.kit.widget.searchfield-1.1.8] startup
[8.192s] [ext: omni.kit.window.file_exporter-1.0.36] startup
[8.193s] [ext: omni.kit.widget.stage-4.4.0] startup
[8.200s] [ext: omni.kit.window.content_browser_registry-0.0.6] startup
[8.201s] [ext: omni.kit.window.file-2.0.10] startup
[8.204s] [ext: omni.kit.window.content_browser-3.1.8] startup
[8.212s] [ext: omni.kit.window.property-1.15.1] startup
[8.221s] [ext: omni.kit.property.usd-4.9.4] startup
[8.229s] [ext: omni.graph.scriptnode-2.10.2] startup
[8.236s] [ext: omni.kit.widget.searchable_combobox-1.0.7] startup
[8.237s] [ext: omni.kit.widget.settings-2.0.0] startup
[8.239s] [ext: omni.kit.window.preferences-1.8.3] startup
[8.243s] [ext: omni.kit.viewport.menubar.core-107.2.2] startup
[8.252s] [ext: omni.syntheticdata-0.6.15] startup
[8.274s] [ext: omni.replicator.nv-1.1.1] startup
[8.278s] [ext: omni.videoencoding-0.2.1] startup
[8.280s] [ext: omni.replicator.core-1.13.27] startup
2026-10-06T17:12:20Z [8,266ms] [Warning] [pxr.Semantics] pxr.Semantics is deprecated - please use Semantics instead
2026-10-06T17:12:20Z [8,331ms] [Warning] [omni.replicator.core.scripts.extension] No material configuration file, adding configuration to material settings directly.
[8.479s] [ext: isaacsim.core.nodes-5.10.5] startup
[8.504s] [ext: isaacsim.core.throttling-2.3.5] startup
[8.505s] [ext: omni.kit.manipulator.viewport-107.0.1] startup
[8.506s] [ext: omni.graph.visualization.nodes-2.1.4] startup
[8.518s] [ext: omni.kit.window.extensions-1.5.10] startup
[8.522s] [ext: isaacsim.gui.components-1.8.5] startup
[8.526s] [ext: isaacsim.robot.surface_gripper-3.6.2] startup
[8.535s] [ext: isaacsim.robot.manipulators-3.4.4] startup
[8.544s] [ext: isaacsim.robot_motion.lula-4.1.3] startup
[8.550s] [ext: isaacsim.robot_motion.motion_generation-8.2.9] startup
[8.554s] [ext: isaacsim.cortex.framework-1.0.18] startup
[8.555s] [ext: isaacsim.cortex.behaviors-2.0.17] startup
[8.557s] [ext: isaacsim.examples.base-1.3.2] startup
[8.558s] [ext: omni.kit.widget.zoombar-1.0.7] startup
[8.558s] [ext: omni.kit.browser.core-2.3.18] startup
[8.562s] [ext: omni.kit.browser.folder.core-2.0.2] startup
[8.565s] [ext: omni.kit.widget.stage_icons-1.0.8] startup
[8.565s] [ext: omni.kit.window.stage-2.6.1] startup
[8.568s] [ext: omni.kit.menu.stage-1.2.7] startup
[8.569s] [ext: omni.kit.usd.collect-3.0.6] startup
[8.571s] [ext: omni.kit.widget.prompt-1.0.7] startup
[8.572s] [ext: omni.kit.tool.collect-2.2.19] startup
[8.574s] [ext: isaacsim.examples.browser-0.3.2] startup
[8.576s] [ext: omni.kit.search.files-1.0.4] startup
[8.576s] [ext: omni.kit.widget.calendar-1.0.9] startup
[8.577s] [ext: omni.kit.widget.extended_searchfield-1.0.31] startup
[8.584s] [ext: omni.simready.content.browser-0.3.7] startup
[8.669s] [ext: isaacsim.gui.content_browser-0.4.3] startup
[8.671s] [ext: omni.kit.selection-0.1.6] startup
[8.672s] [ext: isaacsim.gui.menu-2.10.5] startup
[8.679s] [ext: isaacsim.gui.property-1.6.4] startup
[8.684s] [ext: omni.kit.viewport.actions-110.0.0] startup
[8.688s] [ext: omni.kit.viewport.menubar.display-107.1.3] startup
[8.689s] [ext: isaacsim.gui.sensors.icon-2.2.1] startup
[8.691s] [ext: omni.behavior.scripting.core-110.1.0] startup
[8.694s] [ext: isaacsim.replicator.behavior-1.5.4] startup
[8.694s] [ext: isaacsim.replicator.experimental.domain_randomization-1.2.5] startup
[8.707s] [ext: isaacsim.replicator.domain_randomization-1.2.2] startup
[8.772s] [ext: isaacsim.replicator.writers-1.5.4] startup
[8.792s] [ext: isaacsim.robot.experimental.wheeled_robots-0.2.11] startup
[8.811s] [ext: isaacsim.robot.policy.examples-5.2.12] startup
[8.828s] [ext: isaacsim.robot.wheeled_robots-5.2.4] startup
[8.831s] [ext: isaacsim.robot.wheeled_robots.nodes-0.1.5] startup
[8.847s] [ext: isaacsim.robot_motion.experimental.motion_generation-6.1.3] startup
[8.858s] [ext: isaacsim.robot_motion.cumotion-1.3.1] startup
[8.869s] [ext: omni.kit.numpy.common-0.1.3] startup
[8.871s] [ext: isaacsim.sensors.camera-1.7.9] startup
[8.897s] [ext: isaacsim.sensors.experimental.physics-3.0.2] startup
[8.903s] [ext: omni.sensors.net-1.0.1] startup
[8.905s] [ext: omni.sensors.nv.common-3.0.0] startup
[8.914s] [ext: omni.sensors.nv.materials-2.0.0] startup
[8.917s] [ext: omni.sensors.nv.acoustic-3.0.0] startup
[8.919s] [ext: omni.sensors.nv.ids-2.0.1] startup
[8.922s] [ext: omni.sensors.nv.lidar-3.0.0] startup
[8.926s] [ext: omni.sensors.nv.radar-3.0.0] startup
[8.928s] [ext: isaacsim.sensors.experimental.rtx-1.4.6] startup
[9.147s] [ext: isaacsim.sensors.physics.nodes-1.5.3] startup
[9.152s] [ext: isaacsim.util.debug_draw-3.2.3] startup
[9.156s] [ext: isaacsim.sensors.physx-2.5.5] startup
[9.162s] [ext: isaacsim.sensors.rtx-15.17.1] startup
[9.171s] [ext: isaacsim.simulation_app-2.18.4] startup
[9.171s] [ext: omni.anim.curve.core-1.6.0] startup
[9.180s] [ext: omni.graph.ui_nodes-2.11.1] startup
[9.199s] [ext: omni.hydra.scene_api-0.1.3] startup
[9.202s] [ext: omni.kit.manipulator.camera-110.0.0] startup
[9.206s] [ext: omni.kit.manipulator.selector-1.1.4] startup
[9.207s] [ext: omni.kit.manipulator.transform-107.0.0] startup
[9.211s] [ext: omni.kit.widget.toolbar-2.1.0] startup
[9.216s] [ext: omni.kit.manipulator.tool.snap-1.5.14] startup
[9.219s] [ext: omni.kit.viewport.manipulator.transform-107.0.4] startup
[9.221s] [ext: omni.kit.manipulator.prim.core-108.0.2] startup
[9.226s] [ext: omni.kit.manipulator.prim.usd-107.0.3] startup
[9.227s] [ext: omni.kit.manipulator.prim-108.0.0] startup
[9.227s] [ext: omni.kit.manipulator.selection-109.0.1] startup
[9.228s] [ext: omni.kit.menu.create-2.0.2] startup
[9.230s] [ext: omni.kit.property.audio-1.0.16] startup
[9.233s] [ext: omni.kit.property.camera-1.0.14] startup
[9.234s] [ext: omni.kit.property.geometry-2.1.2] startup
[9.237s] [ext: omni.kit.property.light-1.0.14] startup
2026-10-06T17:12:21Z [9,237ms] [Warning] [omni.usd] Encountered USD Warnings but USD Diagnostics are currently muted. To view USD Warnings, please set the '/persistent/app/usd/muteUsdDiagnostics' setting to false in Preferences page.
[9.262s] [ext: omni.kit.property.material-1.14.6] startup
[9.267s] [ext: omni.kit.property.render-1.2.2] startup
[9.268s] [ext: omni.kit.property.transform-1.6.9] startup
[9.271s] [ext: omni.kit.property.bundle-1.5.1] startup
[9.272s] [ext: omni.kit.usdz_export-1.1.0] startup
[9.274s] [ext: omni.kit.tool.asset_importer-6.0.1] startup
[9.279s] [ext: omni.kit.ui.actions-1.0.5] startup
[9.280s] [ext: omni.kit.viewport.menubar.camera-107.0.10] startup
[9.284s] [ext: omni.kit.viewport.menubar.lighting-107.3.2] startup
[9.286s] [ext: omni.kit.viewport.menubar.render-110.0.0] startup
[9.288s] [ext: omni.kit.viewport.menubar.settings-110.0.1] startup
[9.291s] [ext: omni.kit.window.console-1.1.9] startup
[9.294s] [ext: omni.kit.window.status_bar-0.1.11] startup
[9.296s] [ext: omni.kit.window.toolbar-3.0.3] startup
[9.298s] [ext: omni.ocio-0.1.1] startup
[9.299s] [ext: omni.physx.commands-110.1.13] startup
[9.302s] [ext: omni.replicator.replicator_yaml-2.0.12] startup
[9.310s] [ext: omni.rtx.window.settings-0.8.0] startup
[9.314s] [ext: omni.rtx.settings.core-0.7.1] startup
[9.317s] [ext: omni.usd.metrics.assembler.ui-110.1.1] startup
[9.322s] [ext: semantics.schema.editor-2.0.2] startup
[9.325s] [ext: semantics.schema.property-2.0.2] startup
[9.326s] [ext: omni.kit.menu.common-2.0.2] startup
[9.327s] [ext: isaacsim.exp.base-6.0.1] startup
[9.327s] [ext: isaacsim.exp.base.python-6.0.1] startup
[9.328s] Simulation App Starting
[10.372s] Simulation App Startup Complete
[10.377s] app ready
Starting kit application with the following args:  ['/home/starry/isaac-data/isaacsim/exts/isaacsim.simulation_app/isaacsim/simulation_app/simulation_app.py', '/home/starry/isaac-data/isaacsim/apps/isaacsim.exp.base.python.kit', '--/app/tokens/exe-path=/home/starry/isaac-data/isaacsim/kit', '--/persistent/app/viewport/displayOptions=3094', '--/rtx/materialDb/syncLoads=True', '--/rtx/hydra/materialSyncLoads=True', '--/omni/kit/plugin/syncUsdLoads=True', '--/app/renderer/resolution/width=1280', '--/app/renderer/resolution/height=720', '--/app/window/width=1440', '--/app/window/height=900', '--/renderer/multiGpu/enabled=False', '--/app/fastShutdown=True', '--/app/installSignalHandlers=0', '--ext-folder', '/home/starry/isaac-data/isaacsim/exts', '--ext-folder', '/home/starry/isaac-data/isaacsim/apps', '--/renderer/activeGpu=0', '--/physics/cudaDevice=0', '--/plugins/carb.tasking.plugin/threadCount=12', '--/plugins/omni.tbb.globalcontrol/maxThreadCount=12', '--portable', '--no-window', '--/app/window/hideUi=1']
Passing the following args to the base kit application:  []
Warp 1.13.0 initialized:
   CUDA Toolkit 12.9, Driver 13.0
   Devices:
     "cpu"      : "x86_64"
     "cuda:0"   : "NVIDIA GeForce RTX 5070" (11 GiB, sm_120, mempool enabled)
   Kernel cache:
     /home/starry/.cache/warp/1.13.0
[LIGHTING] sun=800.0 (1) dome=0.0 (1) ambient=0.05 constant_color=(0.6, 0.65, 0.7)
[RENDER] mode=MinimalRendering minimal_shading_mode=2 anti_aliasing=TAA
[DEPTH CAMERAS] count=4 resolution_each=320x240 horizontal_coverage=360deg
[ESDF] path=/home/starry/isaac-data/EGO1P3/scenes/ego_swarm_cloud/occupancy.bin shape=(400, 300, 50) resolution=0.40m
[depth_angular_controller-1] [INFO] [1791306744.499758880] [depth_angular_controller]: WAITING_ODOMETRY
[NAV] t=0.0s position=(-64.00,-11.20,2.80) yaw=1.2deg command=(0.00,0.00,0.00) manual_active=0 collision_blocks=0
[depth_angular_controller-1] [INFO] [1791306744.860872736] [depth_angular_controller]: WAITING_VERIFIED_START_POSE
[depth_angular_controller-1] [INFO] [1791306744.897287751] [depth_angular_controller]: VERIFIED_FREE_SEED center=(-64.000,-11.200,2.800) radius=2.500 balls=1: verified fixed Cloud free ball; USD and occupancy SHA-256 matched
[depth_angular_controller-1] [INFO] [1791306744.897797219] [depth_angular_controller]: ZERO_INTENT
[depth_angular_controller-1] [INFO] [1791306746.629355689] [depth_angular_controller]: DEPTH_PROPOSAL conservative_grid=64x48 measured_state=1 direction_only=1
[depth_angular_controller-1] [INFO] [1791306746.629698503] [depth_angular_controller]: DEPTH_PROPOSAL_CERTIFIED
[depth_angular_controller-1] [INFO] [1791306746.629706438] [depth_angular_controller]: PAPER_BUILD reason=FULL_MOTION_CERTIFICATE required=0.0000 best=0.0000 free=0 refined=0 tubes=0 revoked_tubes=0 proofs=0
[depth_angular_controller-1] [INFO] [1791306746.629714282] [depth_angular_controller]: PAPER_EVIDENCE retained=2 balls=1 revoked_balls=0 expired_views=0 evicted_views=0 radius=0.580 clearance=0.000 best_prefix=0.000
[depth_angular_controller-1] [INFO] [1791306747.613090193] [depth_angular_controller]: PAPER_BUILD reason=FULL_MOTION_CERTIFICATE required=0.0000 best=0.0000 free=0 refined=0 tubes=1 revoked_tubes=0 proofs=51
[depth_angular_controller-1] [INFO] [1791306747.613129898] [depth_angular_controller]: PAPER_EVIDENCE retained=3 balls=4 revoked_balls=0 expired_views=0 evicted_views=0 radius=0.580 clearance=0.000 best_prefix=0.000
[10.910s] [ext: isaacsim.sensors.rtx.nodes-0.1.2] startup
[10.918s] [ext: isaacsim.ros2.core-1.9.4] startup
[10.932s] Attempting to load system rclpy
[10.932s] Could not import system rclpy: No module named 'rclpy'
[10.932s] Attempting to load internal rclpy for ROS Distro: humble
[10.943s] rclpy loaded
[10.946s] [ext: isaacsim.ros2.nodes-1.18.13] startup
[10.981s] [ext: isaacsim.ros2.examples-1.2.4] startup
[10.985s] [ext: isaacsim.ros2.ui-1.6.5] startup
[11.198s] [ext: isaacsim.ros2.bridge-5.1.2] startup
2026-10-06T17:12:24Z [13,101ms] [Warning] [omni.timeline.plugin] Deprecated: direct use of ITimeline callbacks is deprecated. Use ITimeline::getTimeline (Python: omni.timeline.get_timeline_interface) instead.
[depth_angular_controller-1] [INFO] [1791306748.605156185] [depth_angular_controller]: PAPER_BUILD reason=FULL_MOTION_CERTIFICATE required=0.0000 best=0.0000 free=0 refined=0 tubes=4 revoked_tubes=0 proofs=107
[depth_angular_controller-1] [INFO] [1791306748.605195469] [depth_angular_controller]: PAPER_EVIDENCE retained=4 balls=15 revoked_balls=0 expired_views=0 evicted_views=0 radius=0.580 clearance=0.000 best_prefix=0.000
[position_cmd_to_twist-2] [INFO] [1791306749.517042575] [position_cmd_to_twist]: [PERF BRIDGE] run=omni_final_v18_ego1p2_1 elapsed=18.25s received=295 published=295 fps(ros/wall)=60.00/63.44 controller_to_bridge_ms(mean/p50/p95/max)=0.000/0.000/0.000/0.000 bridge_process_ms(mean/p95/max)=0.084/0.105/1.340
[NAV] t=5.0s position=(-60.39,-10.13,2.97) yaw=9.7deg command=(1.91,0.32,-0.02) manual_active=1 collision_blocks=0
[depth_angular_controller-1] [INFO] [1791306749.586521227] [depth_angular_controller]: PAPER_BUILD reason=FULL_MOTION_CERTIFICATE required=0.0000 best=0.0000 free=0 refined=0 tubes=8 revoked_tubes=0 proofs=128
[depth_angular_controller-1] [INFO] [1791306749.586564699] [depth_angular_controller]: PAPER_EVIDENCE retained=5 balls=30 revoked_balls=0 expired_views=0 evicted_views=0 radius=0.580 clearance=0.000 best_prefix=0.000
[depth_angular_controller-1] [INFO] [1791306749.872537962] [depth_angular_controller]: [PERF CTRL] run=omni_final_v18_ego1p2_1 elapsed=18.72s callbacks=321 commands=320 guidance=200 command_fps(ros/wall)=60.00/63.65 guidance_wall_fps=61.36 avoid_ms(mean/p50/p95/max)=0.587/0.415/1.583/5.572 cycle_ms(mean/p95/max)=15.711/18.602/78.354 depth_to_cmd_ms(mean/p95/max)=59.000/100.000/116.667 callback_to_publish_ms(mean/p95/max)=0.830/3.408/14.093
[depth_angular_controller-1] [INFO] [1791306749.872595230] [depth_angular_controller]: EVIDENCE_COST ingest(mean/p95/max)=0.376/2.265/13.660 record=0.009/0.014/0.040 ms
[depth_angular_controller-1] [INFO] [1791306749.872601441] [depth_angular_controller]: EVIDENCE_PHASE per_view_mean_ms balls=0.062 tubes=0.010 history=0.236 eviction=0.000
[depth_angular_controller-1] [INFO] [1791306750.561810250] [depth_angular_controller]: PAPER_BUILD reason=FULL_MOTION_CERTIFICATE required=0.0000 best=0.0000 free=0 refined=0 tubes=12 revoked_tubes=0 proofs=128
[depth_angular_controller-1] [INFO] [1791306750.561849734] [depth_angular_controller]: PAPER_EVIDENCE retained=6 balls=32 revoked_balls=0 expired_views=0 evicted_views=0 radius=0.580 clearance=0.000 best_prefix=0.000
[depth_angular_controller-1] [INFO] [1791306751.543594660] [depth_angular_controller]: PAPER_BUILD reason=FULL_MOTION_CERTIFICATE required=0.0000 best=0.0000 free=0 refined=0 tubes=16 revoked_tubes=0 proofs=128
[depth_angular_controller-1] [INFO] [1791306751.543634615] [depth_angular_controller]: PAPER_EVIDENCE retained=7 balls=32 revoked_balls=0 expired_views=0 evicted_views=0 radius=0.580 clearance=0.000 best_prefix=0.000
[depth_angular_controller-1] [INFO] [1791306752.472635408] [depth_angular_controller]: PAPER_BUILD reason=FULL_MOTION_CERTIFICATE required=0.0000 best=0.0000 free=0 refined=0 tubes=20 revoked_tubes=0 proofs=128
[depth_angular_controller-1] [INFO] [1791306752.472829523] [depth_angular_controller]: PAPER_EVIDENCE retained=8 balls=32 revoked_balls=0 expired_views=0 evicted_views=0 radius=0.580 clearance=0.000 best_prefix=0.000
[depth_angular_controller-1] [INFO] [1791306753.393402838] [depth_angular_controller]: PAPER_BUILD reason=FULL_MOTION_CERTIFICATE required=0.0000 best=0.0000 free=0 refined=0 tubes=24 revoked_tubes=0 proofs=128
[depth_angular_controller-1] [INFO] [1791306753.393443615] [depth_angular_controller]: PAPER_EVIDENCE retained=9 balls=32 revoked_balls=0 expired_views=0 evicted_views=0 radius=0.580 clearance=0.000 best_prefix=0.000
[position_cmd_to_twist-2] [INFO] [1791306754.239462178] [position_cmd_to_twist]: [PERF BRIDGE] run=omni_final_v18_ego1p2_1 elapsed=22.98s received=595 published=595 fps(ros/wall)=60.00/63.44 controller_to_bridge_ms(mean/p50/p95/max)=0.000/0.000/0.000/0.000 bridge_process_ms(mean/p95/max)=0.083/0.109/1.340
[NAV] t=10.0s position=(-50.66,-8.70,2.36) yaw=9.8deg command=(1.98,-0.20,-0.17) manual_active=1 collision_blocks=0
[depth_angular_controller-1] [INFO] [1791306754.316490208] [depth_angular_controller]: PAPER_BUILD reason=FULL_MOTION_CERTIFICATE required=0.0000 best=0.0000 free=0 refined=0 tubes=28 revoked_tubes=0 proofs=128
[depth_angular_controller-1] [INFO] [1791306754.316530634] [depth_angular_controller]: PAPER_EVIDENCE retained=10 balls=32 revoked_balls=0 expired_views=0 evicted_views=0 radius=0.580 clearance=0.000 best_prefix=0.000
[depth_angular_controller-1] [INFO] [1791306754.886107687] [depth_angular_controller]: [PERF CTRL] run=omni_final_v18_ego1p2_1 elapsed=23.73s callbacks=639 commands=638 guidance=518 command_fps(ros/wall)=60.00/63.54 guidance_wall_fps=62.62 avoid_ms(mean/p50/p95/max)=0.543/0.479/0.846/5.572 cycle_ms(mean/p95/max)=15.738/18.574/78.354 depth_to_cmd_ms(mean/p95/max)=58.977/100.000/116.667 callback_to_publish_ms(mean/p95/max)=0.927/3.309/14.093
[depth_angular_controller-1] [INFO] [1791306754.886196203] [depth_angular_controller]: EVIDENCE_COST ingest(mean/p95/max)=0.394/2.443/13.660 record=0.012/0.016/0.048 ms
[depth_angular_controller-1] [INFO] [1791306754.886204058] [depth_angular_controller]: EVIDENCE_PHASE per_view_mean_ms balls=0.062 tubes=0.012 history=0.267 eviction=0.000
[depth_angular_controller-1] [INFO] [1791306755.239830252] [depth_angular_controller]: PAPER_BUILD reason=FULL_MOTION_CERTIFICATE required=0.0000 best=0.0000 free=0 refined=0 tubes=32 revoked_tubes=0 proofs=128
[depth_angular_controller-1] [INFO] [1791306755.239866841] [depth_angular_controller]: PAPER_EVIDENCE retained=11 balls=32 revoked_balls=0 expired_views=0 evicted_views=0 radius=0.580 clearance=0.000 best_prefix=0.000
[depth_angular_controller-1] [INFO] [1791306756.164257069] [depth_angular_controller]: PAPER_BUILD reason=FULL_MOTION_CERTIFICATE required=0.0000 best=0.0000 free=0 refined=0 tubes=36 revoked_tubes=0 proofs=128
[depth_angular_controller-1] [INFO] [1791306756.164295742] [depth_angular_controller]: PAPER_EVIDENCE retained=12 balls=32 revoked_balls=0 expired_views=0 evicted_views=0 radius=0.580 clearance=0.000 best_prefix=0.000
[depth_angular_controller-1] [INFO] [1791306757.211233285] [depth_angular_controller]: PAPER_BUILD reason=FULL_MOTION_CERTIFICATE required=0.0000 best=0.0000 free=0 refined=0 tubes=40 revoked_tubes=0 proofs=128
[depth_angular_controller-1] [INFO] [1791306757.211274222] [depth_angular_controller]: PAPER_EVIDENCE retained=13 balls=32 revoked_balls=0 expired_views=0 evicted_views=0 radius=0.580 clearance=0.000 best_prefix=0.000
[depth_angular_controller-1] [INFO] [1791306758.187554358] [depth_angular_controller]: PAPER_BUILD reason=FULL_MOTION_CERTIFICATE required=0.0000 best=0.0000 free=0 refined=0 tubes=45 revoked_tubes=0 proofs=128
[depth_angular_controller-1] [INFO] [1791306758.187595795] [depth_angular_controller]: PAPER_EVIDENCE retained=14 balls=32 revoked_balls=0 expired_views=0 evicted_views=0 radius=0.580 clearance=0.000 best_prefix=0.000
[position_cmd_to_twist-2] [INFO] [1791306759.223442305] [position_cmd_to_twist]: [PERF BRIDGE] run=omni_final_v18_ego1p2_1 elapsed=27.96s received=895 published=895 fps(ros/wall)=60.00/62.31 controller_to_bridge_ms(mean/p50/p95/max)=0.000/0.000/0.000/0.000 bridge_process_ms(mean/p95/max)=0.085/0.111/1.340
[NAV] t=15.0s position=(-41.22,-8.73,3.09) yaw=10.7deg command=(1.77,0.84,0.35) manual_active=1 collision_blocks=0
[depth_angular_controller-1] [INFO] [1791306759.301663176] [depth_angular_controller]: PAPER_BUILD reason=FULL_MOTION_CERTIFICATE required=0.0000 best=0.0000 free=0 refined=0 tubes=49 revoked_tubes=0 proofs=128
[depth_angular_controller-1] [INFO] [1791306759.301705155] [depth_angular_controller]: PAPER_EVIDENCE retained=15 balls=32 revoked_balls=0 expired_views=0 evicted_views=0 radius=0.580 clearance=0.000 best_prefix=0.000
[depth_angular_controller-1] [INFO] [1791306759.895173187] [depth_angular_controller]: [PERF CTRL] run=omni_final_v18_ego1p2_1 elapsed=28.74s callbacks=941 commands=940 guidance=820 command_fps(ros/wall)=60.00/62.46 guidance_wall_fps=61.74 avoid_ms(mean/p50/p95/max)=0.576/0.510/0.995/5.572 cycle_ms(mean/p95/max)=16.011/18.566/78.354 depth_to_cmd_ms(mean/p95/max)=58.740/100.000/116.667 callback_to_publish_ms(mean/p95/max)=0.982/3.273/14.093
[depth_angular_controller-1] [INFO] [1791306759.895278645] [depth_angular_controller]: EVIDENCE_COST ingest(mean/p95/max)=0.382/2.401/13.660 record=0.014/0.019/0.627 ms
[depth_angular_controller-1] [INFO] [1791306759.895285909] [depth_angular_controller]: EVIDENCE_PHASE per_view_mean_ms balls=0.060 tubes=0.014 history=0.259 eviction=0.000
[depth_angular_controller-1] [INFO] [1791306760.212722391] [depth_angular_controller]: PAPER_BUILD reason=FULL_MOTION_CERTIFICATE required=0.0000 best=0.0000 free=0 refined=0 tubes=53 revoked_tubes=0 proofs=128
[depth_angular_controller-1] [INFO] [1791306760.212758740] [depth_angular_controller]: PAPER_EVIDENCE retained=15 balls=32 revoked_balls=0 expired_views=0 evicted_views=0 radius=0.580 clearance=0.000 best_prefix=0.000
[depth_angular_controller-1] [INFO] [1791306761.254369041] [depth_angular_controller]: PAPER_BUILD reason=FULL_MOTION_CERTIFICATE required=0.0000 best=0.0000 free=0 refined=0 tubes=57 revoked_tubes=0 proofs=128
[depth_angular_controller-1] [INFO] [1791306761.254403476] [depth_angular_controller]: PAPER_EVIDENCE retained=16 balls=32 revoked_balls=0 expired_views=0 evicted_views=0 radius=0.580 clearance=0.000 best_prefix=0.000
[depth_angular_controller-1] [INFO] [1791306762.169169628] [depth_angular_controller]: PAPER_BUILD reason=FULL_MOTION_CERTIFICATE required=0.0000 best=0.0000 free=0 refined=0 tubes=61 revoked_tubes=0 proofs=128
[depth_angular_controller-1] [INFO] [1791306762.169207018] [depth_angular_controller]: PAPER_EVIDENCE retained=16 balls=32 revoked_balls=0 expired_views=0 evicted_views=1 radius=0.580 clearance=0.000 best_prefix=0.000
[depth_angular_controller-1] [INFO] [1791306763.151827619] [depth_angular_controller]: PAPER_BUILD reason=FULL_MOTION_CERTIFICATE required=0.0000 best=0.0000 free=0 refined=0 tubes=65 revoked_tubes=0 proofs=128
[depth_angular_controller-1] [INFO] [1791306763.151868797] [depth_angular_controller]: PAPER_EVIDENCE retained=16 balls=32 revoked_balls=0 expired_views=0 evicted_views=2 radius=0.580 clearance=0.000 best_prefix=0.000
[position_cmd_to_twist-2] [INFO] [1791306763.996749932] [position_cmd_to_twist]: [PERF BRIDGE] run=omni_final_v18_ego1p2_1 elapsed=32.73s received=1195 published=1195 fps(ros/wall)=60.00/62.45 controller_to_bridge_ms(mean/p50/p95/max)=0.000/0.000/0.000/0.000 bridge_process_ms(mean/p95/max)=0.087/0.114/1.371
[NAV] t=20.0s position=(-33.00,-3.42,3.35) yaw=8.6deg command=(1.77,0.84,-0.22) manual_active=1 collision_blocks=0
[depth_angular_controller-1] [INFO] [1791306764.071838307] [depth_angular_controller]: PAPER_BUILD reason=FULL_MOTION_CERTIFICATE required=0.0000 best=0.0000 free=0 refined=0 tubes=69 revoked_tubes=0 proofs=128
[depth_angular_controller-1] [INFO] [1791306764.071879304] [depth_angular_controller]: PAPER_EVIDENCE retained=16 balls=32 revoked_balls=0 expired_views=0 evicted_views=3 radius=0.580 clearance=0.000 best_prefix=0.000
[depth_angular_controller-1] [INFO] [1791306764.906217035] [depth_angular_controller]: [PERF CTRL] run=omni_final_v18_ego1p2_1 elapsed=33.75s callbacks=1252 commands=1251 guidance=1131 command_fps(ros/wall)=60.00/62.36 guidance_wall_fps=61.83 avoid_ms(mean/p50/p95/max)=0.594/0.534/0.985/5.572 cycle_ms(mean/p95/max)=16.036/18.322/78.354 depth_to_cmd_ms(mean/p95/max)=58.665/100.000/116.667 callback_to_publish_ms(mean/p95/max)=1.011/3.296/14.093
[depth_angular_controller-1] [INFO] [1791306764.906341900] [depth_angular_controller]: EVIDENCE_COST ingest(mean/p95/max)=0.377/2.359/13.660 record=0.015/0.019/0.654 ms
[depth_angular_controller-1] [INFO] [1791306764.906350115] [depth_angular_controller]: EVIDENCE_PHASE per_view_mean_ms balls=0.062 tubes=0.015 history=0.251 eviction=0.000
[depth_angular_controller-1] [INFO] [1791306765.060672085] [depth_angular_controller]: PAPER_BUILD reason=FULL_MOTION_CERTIFICATE required=0.0000 best=0.0000 free=0 refined=0 tubes=73 revoked_tubes=0 proofs=128
[depth_angular_controller-1] [INFO] [1791306765.060711930] [depth_angular_controller]: PAPER_EVIDENCE retained=16 balls=32 revoked_balls=0 expired_views=0 evicted_views=4 radius=0.580 clearance=0.000 best_prefix=0.000
[depth_angular_controller-1] [INFO] [1791306765.980977286] [depth_angular_controller]: PAPER_BUILD reason=FULL_MOTION_CERTIFICATE required=0.0000 best=0.0000 free=0 refined=0 tubes=77 revoked_tubes=0 proofs=128
[depth_angular_controller-1] [INFO] [1791306765.981010719] [depth_angular_controller]: PAPER_EVIDENCE retained=16 balls=32 revoked_balls=0 expired_views=0 evicted_views=5 radius=0.580 clearance=0.000 best_prefix=0.000
[depth_angular_controller-1] [INFO] [1791306767.019484385] [depth_angular_controller]: PAPER_BUILD reason=FULL_MOTION_CERTIFICATE required=0.0000 best=0.0000 free=0 refined=0 tubes=81 revoked_tubes=0 proofs=128
[depth_angular_controller-1] [INFO] [1791306767.019525372] [depth_angular_controller]: PAPER_EVIDENCE retained=16 balls=32 revoked_balls=0 expired_views=0 evicted_views=6 radius=0.580 clearance=0.000 best_prefix=0.000
[depth_angular_controller-1] [INFO] [1791306768.012218613] [depth_angular_controller]: PAPER_BUILD reason=FULL_MOTION_CERTIFICATE required=0.0000 best=0.0000 free=0 refined=0 tubes=85 revoked_tubes=0 proofs=128
[depth_angular_controller-1] [INFO] [1791306768.012253088] [depth_angular_controller]: PAPER_EVIDENCE retained=16 balls=32 revoked_balls=0 expired_views=0 evicted_views=7 radius=0.580 clearance=0.000 best_prefix=0.000
[position_cmd_to_twist-2] [INFO] [1791306768.919016079] [position_cmd_to_twist]: [PERF BRIDGE] run=omni_final_v18_ego1p2_1 elapsed=37.66s received=1495 published=1495 fps(ros/wall)=60.00/62.14 controller_to_bridge_ms(mean/p50/p95/max)=0.000/0.000/0.000/0.000 bridge_process_ms(mean/p95/max)=0.086/0.113/1.371
[NAV] t=25.0s position=(-23.18,-1.80,3.04) yaw=8.5deg command=(1.98,0.30,-0.01) manual_active=1 collision_blocks=0
[depth_angular_controller-1] [INFO] [1791306768.995450584] [depth_angular_controller]: PAPER_BUILD reason=FULL_MOTION_CERTIFICATE required=0.0000 best=0.0000 free=0 refined=0 tubes=89 revoked_tubes=0 proofs=128
[depth_angular_controller-1] [INFO] [1791306768.995489507] [depth_angular_controller]: PAPER_EVIDENCE retained=16 balls=32 revoked_balls=0 expired_views=0 evicted_views=8 radius=0.580 clearance=0.000 best_prefix=0.000
[depth_angular_controller-1] [INFO] [1791306769.917698005] [depth_angular_controller]: [PERF CTRL] run=omni_final_v18_ego1p2_1 elapsed=38.76s callbacks=1558 commands=1557 guidance=1437 command_fps(ros/wall)=60.00/62.10 guidance_wall_fps=61.66 avoid_ms(mean/p50/p95/max)=0.583/0.533/0.932/5.572 cycle_ms(mean/p95/max)=16.103/18.219/78.354 depth_to_cmd_ms(mean/p95/max)=58.664/100.000/116.667 callback_to_publish_ms(mean/p95/max)=1.007/3.083/14.093
[depth_angular_controller-1] [INFO] [1791306769.917852896] [depth_angular_controller]: EVIDENCE_COST ingest(mean/p95/max)=0.374/2.263/13.660 record=0.016/0.020/0.654 ms
[depth_angular_controller-1] [INFO] [1791306769.917863246] [depth_angular_controller]: EVIDENCE_PHASE per_view_mean_ms balls=0.061 tubes=0.016 history=0.249 eviction=0.001
[depth_angular_controller-1] [INFO] [1791306769.978087005] [depth_angular_controller]: PAPER_BUILD reason=FULL_MOTION_CERTIFICATE required=0.0000 best=0.0000 free=0 refined=0 tubes=93 revoked_tubes=0 proofs=128
[depth_angular_controller-1] [INFO] [1791306769.978124395] [depth_angular_controller]: PAPER_EVIDENCE retained=16 balls=32 revoked_balls=0 expired_views=0 evicted_views=9 radius=0.580 clearance=0.000 best_prefix=0.000
[depth_angular_controller-1] [INFO] [1791306770.959722114] [depth_angular_controller]: PAPER_BUILD reason=FULL_MOTION_CERTIFICATE required=0.0000 best=0.0000 free=0 refined=0 tubes=97 revoked_tubes=0 proofs=128
[depth_angular_controller-1] [INFO] [1791306770.959757130] [depth_angular_controller]: PAPER_EVIDENCE retained=16 balls=32 revoked_balls=0 expired_views=0 evicted_views=10 radius=0.580 clearance=0.000 best_prefix=0.000
[depth_angular_controller-1] [INFO] [1791306772.126258942] [depth_angular_controller]: PAPER_BUILD reason=FULL_MOTION_CERTIFICATE required=0.0000 best=0.0000 free=0 refined=0 tubes=102 revoked_tubes=0 proofs=128
[depth_angular_controller-1] [INFO] [1791306772.126300580] [depth_angular_controller]: PAPER_EVIDENCE retained=16 balls=32 revoked_balls=0 expired_views=0 evicted_views=11 radius=0.580 clearance=0.000 best_prefix=0.000
[depth_angular_controller-1] [INFO] [1791306773.047321887] [depth_angular_controller]: PAPER_BUILD reason=FULL_MOTION_CERTIFICATE required=0.0000 best=0.0000 free=0 refined=0 tubes=106 revoked_tubes=0 proofs=128
[depth_angular_controller-1] [INFO] [1791306773.047359768] [depth_angular_controller]: PAPER_EVIDENCE retained=16 balls=32 revoked_balls=0 expired_views=0 evicted_views=12 radius=0.580 clearance=0.000 best_prefix=0.000
[position_cmd_to_twist-2] [INFO] [1791306773.963709856] [position_cmd_to_twist]: [PERF BRIDGE] run=omni_final_v18_ego1p2_1 elapsed=42.70s received=1795 published=1795 fps(ros/wall)=60.00/61.68 controller_to_bridge_ms(mean/p50/p95/max)=0.000/0.000/0.000/0.000 bridge_process_ms(mean/p95/max)=0.086/0.113/1.371
[NAV] t=30.0s position=(-13.48,-2.17,3.76) yaw=9.8deg command=(1.97,-0.30,0.20) manual_active=1 collision_blocks=0
[depth_angular_controller-1] [INFO] [1791306774.040950235] [depth_angular_controller]: PAPER_BUILD reason=FULL_MOTION_CERTIFICATE required=0.0000 best=0.0000 free=0 refined=0 tubes=110 revoked_tubes=0 proofs=128
[depth_angular_controller-1] [INFO] [1791306774.040985371] [depth_angular_controller]: PAPER_EVIDENCE retained=16 balls=32 revoked_balls=0 expired_views=0 evicted_views=13 radius=0.580 clearance=0.000 best_prefix=0.000
[depth_angular_controller-1] [INFO] [1791306774.925171614] [depth_angular_controller]: [PERF CTRL] run=omni_final_v18_ego1p2_1 elapsed=43.77s callbacks=1859 commands=1858 guidance=1738 command_fps(ros/wall)=60.00/61.77 guidance_wall_fps=61.39 avoid_ms(mean/p50/p95/max)=0.577/0.532/0.863/5.572 cycle_ms(mean/p95/max)=16.190/18.184/78.354 depth_to_cmd_ms(mean/p95/max)=58.698/100.000/116.667 callback_to_publish_ms(mean/p95/max)=0.997/3.047/14.093
[depth_angular_controller-1] [INFO] [1791306774.925349378] [depth_angular_controller]: EVIDENCE_COST ingest(mean/p95/max)=0.362/2.231/13.660 record=0.016/0.020/0.654 ms
[depth_angular_controller-1] [INFO] [1791306774.925357313] [depth_angular_controller]: EVIDENCE_PHASE per_view_mean_ms balls=0.058 tubes=0.017 history=0.239 eviction=0.001
[depth_angular_controller-1] [INFO] [1791306774.965794978] [depth_angular_controller]: PAPER_BUILD reason=FULL_MOTION_CERTIFICATE required=0.0000 best=0.0000 free=0 refined=0 tubes=114 revoked_tubes=0 proofs=128
[depth_angular_controller-1] [INFO] [1791306774.965829102] [depth_angular_controller]: PAPER_EVIDENCE retained=16 balls=32 revoked_balls=0 expired_views=0 evicted_views=14 radius=0.580 clearance=0.000 best_prefix=0.000
[depth_angular_controller-1] [INFO] [1791306775.884286480] [depth_angular_controller]: PAPER_BUILD reason=FULL_MOTION_CERTIFICATE required=0.0000 best=0.0000 free=0 refined=0 tubes=118 revoked_tubes=0 proofs=128
[depth_angular_controller-1] [INFO] [1791306775.884328299] [depth_angular_controller]: PAPER_EVIDENCE retained=16 balls=32 revoked_balls=0 expired_views=0 evicted_views=15 radius=0.580 clearance=0.000 best_prefix=0.000
[depth_angular_controller-1] [INFO] [1791306776.856845974] [depth_angular_controller]: PAPER_BUILD reason=FULL_MOTION_CERTIFICATE required=0.0000 best=0.0000 free=0 refined=0 tubes=122 revoked_tubes=0 proofs=128
[depth_angular_controller-1] [INFO] [1791306776.856880358] [depth_angular_controller]: PAPER_EVIDENCE retained=16 balls=32 revoked_balls=0 expired_views=0 evicted_views=16 radius=0.580 clearance=0.000 best_prefix=0.000
[depth_angular_controller-1] [INFO] [1791306777.839525045] [depth_angular_controller]: PAPER_BUILD reason=FULL_MOTION_CERTIFICATE required=0.0000 best=0.0000 free=0 refined=0 tubes=126 revoked_tubes=0 proofs=128
[depth_angular_controller-1] [INFO] [1791306777.839567174] [depth_angular_controller]: PAPER_EVIDENCE retained=16 balls=32 revoked_balls=0 expired_views=0 evicted_views=17 radius=0.580 clearance=0.000 best_prefix=0.000
[position_cmd_to_twist-2] [INFO] [1791306778.760549317] [position_cmd_to_twist]: [PERF BRIDGE] run=omni_final_v18_ego1p2_1 elapsed=47.50s received=2095 published=2095 fps(ros/wall)=60.00/61.80 controller_to_bridge_ms(mean/p50/p95/max)=0.000/0.000/0.000/0.000 bridge_process_ms(mean/p95/max)=0.086/0.112/1.371
[NAV] t=35.0s position=(-3.89,-4.01,3.57) yaw=12.6deg command=(1.88,-0.52,-0.38) manual_active=1 collision_blocks=0
[depth_angular_controller-1] [INFO] [1791306778.838093948] [depth_angular_controller]: PAPER_BUILD reason=FULL_MOTION_CERTIFICATE required=0.0000 best=0.0000 free=0 refined=0 tubes=130 revoked_tubes=0 proofs=128
[depth_angular_controller-1] [INFO] [1791306778.838129004] [depth_angular_controller]: PAPER_EVIDENCE retained=16 balls=32 revoked_balls=0 expired_views=0 evicted_views=18 radius=0.580 clearance=0.000 best_prefix=0.000
[depth_angular_controller-1] [INFO] [1791306779.824106915] [depth_angular_controller]: PAPER_BUILD reason=FULL_MOTION_CERTIFICATE required=0.0000 best=0.0000 free=0 refined=0 tubes=134 revoked_tubes=0 proofs=128
[depth_angular_controller-1] [INFO] [1791306779.824139486] [depth_angular_controller]: PAPER_EVIDENCE retained=16 balls=32 revoked_balls=0 expired_views=0 evicted_views=19 radius=0.580 clearance=0.000 best_prefix=0.000
[depth_angular_controller-1] [INFO] [1791306779.932330611] [depth_angular_controller]: [PERF CTRL] run=omni_final_v18_ego1p2_1 elapsed=48.78s callbacks=2169 commands=2168 guidance=2048 command_fps(ros/wall)=60.00/61.79 guidance_wall_fps=61.47 avoid_ms(mean/p50/p95/max)=0.583/0.546/0.840/5.572 cycle_ms(mean/p95/max)=16.184/18.224/78.354 depth_to_cmd_ms(mean/p95/max)=58.643/100.000/116.667 callback_to_publish_ms(mean/p95/max)=1.012/3.090/14.093
[depth_angular_controller-1] [INFO] [1791306779.932826473] [depth_angular_controller]: EVIDENCE_COST ingest(mean/p95/max)=0.365/2.269/13.660 record=0.016/0.020/0.654 ms
[depth_angular_controller-1] [INFO] [1791306779.932835680] [depth_angular_controller]: EVIDENCE_PHASE per_view_mean_ms balls=0.057 tubes=0.018 history=0.243 eviction=0.001
[depth_angular_controller-1] [INFO] [1791306780.738945472] [depth_angular_controller]: PAPER_BUILD reason=FULL_MOTION_CERTIFICATE required=0.0000 best=0.0000 free=0 refined=0 tubes=138 revoked_tubes=0 proofs=128
[depth_angular_controller-1] [INFO] [1791306780.738984686] [depth_angular_controller]: PAPER_EVIDENCE retained=16 balls=32 revoked_balls=0 expired_views=0 evicted_views=20 radius=0.580 clearance=0.000 best_prefix=0.000
[depth_angular_controller-1] [INFO] [1791306781.727277848] [depth_angular_controller]: PAPER_BUILD reason=FULL_MOTION_CERTIFICATE required=0.0000 best=0.0000 free=0 refined=0 tubes=142 revoked_tubes=0 proofs=128
[depth_angular_controller-1] [INFO] [1791306781.727316911] [depth_angular_controller]: PAPER_EVIDENCE retained=16 balls=32 revoked_balls=0 expired_views=0 evicted_views=21 radius=0.580 clearance=0.000 best_prefix=0.000
[depth_angular_controller-1] [INFO] [1791306782.831296113] [depth_angular_controller]: PAPER_BUILD reason=FULL_MOTION_CERTIFICATE required=0.0000 best=0.0000 free=0 refined=0 tubes=146 revoked_tubes=0 proofs=128
[depth_angular_controller-1] [INFO] [1791306782.831332602] [depth_angular_controller]: PAPER_EVIDENCE retained=16 balls=32 revoked_balls=0 expired_views=0 evicted_views=22 radius=0.580 clearance=0.000 best_prefix=0.000
[position_cmd_to_twist-2] [INFO] [1791306783.811380138] [position_cmd_to_twist]: [PERF BRIDGE] run=omni_final_v18_ego1p2_1 elapsed=52.55s received=2395 published=2395 fps(ros/wall)=60.00/61.49 controller_to_bridge_ms(mean/p50/p95/max)=0.000/0.000/0.000/0.000 bridge_process_ms(mean/p95/max)=0.085/0.112/1.371
[NAV] t=40.0s position=(5.86,-3.21,2.85) yaw=13.9deg command=(1.94,0.48,-0.00) manual_active=1 collision_blocks=0
[depth_angular_controller-1] [INFO] [1791306783.888563730] [depth_angular_controller]: PAPER_BUILD reason=FULL_MOTION_CERTIFICATE required=0.0000 best=0.0000 free=0 refined=0 tubes=150 revoked_tubes=0 proofs=128
[depth_angular_controller-1] [INFO] [1791306783.888599247] [depth_angular_controller]: PAPER_EVIDENCE retained=16 balls=32 revoked_balls=0 expired_views=0 evicted_views=23 radius=0.580 clearance=0.000 best_prefix=0.000
[depth_angular_controller-1] [INFO] [1791306784.827204900] [depth_angular_controller]: PAPER_BUILD reason=FULL_MOTION_CERTIFICATE required=0.0000 best=0.0000 free=0 refined=0 tubes=154 revoked_tubes=0 proofs=128
[depth_angular_controller-1] [INFO] [1791306784.827240928] [depth_angular_controller]: PAPER_EVIDENCE retained=16 balls=32 revoked_balls=0 expired_views=0 evicted_views=24 radius=0.580 clearance=0.000 best_prefix=0.000
[depth_angular_controller-1] [INFO] [1791306784.935897217] [depth_angular_controller]: [PERF CTRL] run=omni_final_v18_ego1p2_1 elapsed=53.78s callbacks=2469 commands=2468 guidance=2348 command_fps(ros/wall)=60.00/61.56 guidance_wall_fps=61.27 avoid_ms(mean/p50/p95/max)=0.582/0.543/0.850/5.572 cycle_ms(mean/p95/max)=16.244/18.297/80.100 depth_to_cmd_ms(mean/p95/max)=58.646/100.000/116.667 callback_to_publish_ms(mean/p95/max)=1.020/3.090/14.093
[depth_angular_controller-1] [INFO] [1791306784.936119765] [depth_angular_controller]: EVIDENCE_COST ingest(mean/p95/max)=0.370/2.263/13.660 record=0.016/0.020/0.654 ms
[depth_angular_controller-1] [INFO] [1791306784.936128041] [depth_angular_controller]: EVIDENCE_PHASE per_view_mean_ms balls=0.056 tubes=0.019 history=0.248 eviction=0.001
[depth_angular_controller-1] [INFO] [1791306785.879071356] [depth_angular_controller]: PAPER_BUILD reason=FULL_MOTION_CERTIFICATE required=0.0000 best=0.0000 free=0 refined=0 tubes=158 revoked_tubes=0 proofs=128
[depth_angular_controller-1] [INFO] [1791306785.879107394] [depth_angular_controller]: PAPER_EVIDENCE retained=16 balls=32 revoked_balls=0 expired_views=0 evicted_views=25 radius=0.580 clearance=0.000 best_prefix=0.000
[depth_angular_controller-1] [INFO] [1791306786.926024859] [depth_angular_controller]: PAPER_BUILD reason=FULL_MOTION_CERTIFICATE required=0.0000 best=0.0000 free=0 refined=0 tubes=162 revoked_tubes=0 proofs=128
[depth_angular_controller-1] [INFO] [1791306786.926060776] [depth_angular_controller]: PAPER_EVIDENCE retained=16 balls=32 revoked_balls=0 expired_views=0 evicted_views=26 radius=0.580 clearance=0.000 best_prefix=0.000
[depth_angular_controller-1] [INFO] [1791306787.873061477] [depth_angular_controller]: PAPER_BUILD reason=FULL_MOTION_CERTIFICATE required=0.0000 best=0.0000 free=0 refined=0 tubes=166 revoked_tubes=0 proofs=128
[depth_angular_controller-1] [INFO] [1791306787.873105419] [depth_angular_controller]: PAPER_EVIDENCE retained=16 balls=32 revoked_balls=0 expired_views=0 evicted_views=27 radius=0.580 clearance=0.000 best_prefix=0.000
[position_cmd_to_twist-2] [INFO] [1791306788.861898611] [position_cmd_to_twist]: [PERF BRIDGE] run=omni_final_v18_ego1p2_1 elapsed=57.60s received=2695 published=2695 fps(ros/wall)=60.00/61.25 controller_to_bridge_ms(mean/p50/p95/max)=0.000/0.000/0.000/0.000 bridge_process_ms(mean/p95/max)=0.086/0.112/2.129
[NAV] t=45.0s position=(15.57,-0.80,2.84) yaw=13.9deg command=(1.94,0.48,-0.00) manual_active=1 collision_blocks=0
[depth_angular_controller-1] [INFO] [1791306788.938012322] [depth_angular_controller]: PAPER_BUILD reason=FULL_MOTION_CERTIFICATE required=0.0000 best=0.0000 free=0 refined=0 tubes=170 revoked_tubes=0 proofs=128
[depth_angular_controller-1] [INFO] [1791306788.938051787] [depth_angular_controller]: PAPER_EVIDENCE retained=16 balls=32 revoked_balls=0 expired_views=0 evicted_views=28 radius=0.580 clearance=0.000 best_prefix=0.000
[depth_angular_controller-1] [INFO] [1791306789.917643416] [depth_angular_controller]: PAPER_BUILD reason=FULL_MOTION_CERTIFICATE required=0.0000 best=0.0000 free=0 refined=0 tubes=174 revoked_tubes=0 proofs=128
[depth_angular_controller-1] [INFO] [1791306789.917684533] [depth_angular_controller]: PAPER_EVIDENCE retained=16 balls=32 revoked_balls=0 expired_views=0 evicted_views=29 radius=0.580 clearance=0.000 best_prefix=0.000
[depth_angular_controller-1] [INFO] [1791306789.948163803] [depth_angular_controller]: [PERF CTRL] run=omni_final_v18_ego1p2_1 elapsed=58.79s callbacks=2764 commands=2763 guidance=2643 command_fps(ros/wall)=60.00/61.26 guidance_wall_fps=60.99 avoid_ms(mean/p50/p95/max)=0.580/0.537/0.851/5.572 cycle_ms(mean/p95/max)=16.324/18.395/80.100 depth_to_cmd_ms(mean/p95/max)=58.702/100.000/116.667 callback_to_publish_ms(mean/p95/max)=1.020/3.057/14.093
[depth_angular_controller-1] [INFO] [1791306789.948406088] [depth_angular_controller]: EVIDENCE_COST ingest(mean/p95/max)=0.370/2.249/13.660 record=0.017/0.020/0.654 ms
[depth_angular_controller-1] [INFO] [1791306789.948414494] [depth_angular_controller]: EVIDENCE_PHASE per_view_mean_ms balls=0.056 tubes=0.019 history=0.247 eviction=0.001
[depth_angular_controller-1] [INFO] [1791306790.907737412] [depth_angular_controller]: PAPER_BUILD reason=FULL_MOTION_CERTIFICATE required=0.0000 best=0.0000 free=0 refined=0 tubes=178 revoked_tubes=0 proofs=128
[depth_angular_controller-1] [INFO] [1791306790.907777126] [depth_angular_controller]: PAPER_EVIDENCE retained=16 balls=32 revoked_balls=0 expired_views=0 evicted_views=30 radius=0.580 clearance=0.000 best_prefix=0.000
[depth_angular_controller-1] [INFO] [1791306791.906315502] [depth_angular_controller]: PAPER_BUILD reason=FULL_MOTION_CERTIFICATE required=0.0000 best=0.0000 free=0 refined=0 tubes=182 revoked_tubes=0 proofs=128
[depth_angular_controller-1] [INFO] [1791306791.906353353] [depth_angular_controller]: PAPER_EVIDENCE retained=16 balls=32 revoked_balls=0 expired_views=0 evicted_views=31 radius=0.580 clearance=0.000 best_prefix=0.000
[depth_angular_controller-1] [INFO] [1791306792.886254684] [depth_angular_controller]: PAPER_BUILD reason=FULL_MOTION_CERTIFICATE required=0.0000 best=0.0000 free=0 refined=0 tubes=186 revoked_tubes=0 proofs=128
[depth_angular_controller-1] [INFO] [1791306792.886293918] [depth_angular_controller]: PAPER_EVIDENCE retained=16 balls=32 revoked_balls=0 expired_views=0 evicted_views=32 radius=0.580 clearance=0.000 best_prefix=0.000
[position_cmd_to_twist-2] [INFO] [1791306793.854158308] [position_cmd_to_twist]: [PERF BRIDGE] run=omni_final_v18_ego1p2_1 elapsed=62.59s received=2995 published=2995 fps(ros/wall)=60.00/61.13 controller_to_bridge_ms(mean/p50/p95/max)=0.000/0.000/0.000/0.000 bridge_process_ms(mean/p95/max)=0.086/0.114/2.129
[NAV] t=50.0s position=(25.08,1.78,1.47) yaw=13.6deg command=(1.93,0.44,-0.24) manual_active=1 collision_blocks=0
[depth_angular_controller-1] [INFO] [1791306793.931635502] [depth_angular_controller]: PAPER_BUILD reason=FULL_MOTION_CERTIFICATE required=0.0000 best=0.0000 free=0 refined=0 tubes=190 revoked_tubes=0 proofs=128
[depth_angular_controller-1] [INFO] [1791306793.931673894] [depth_angular_controller]: PAPER_EVIDENCE retained=16 balls=32 revoked_balls=0 expired_views=0 evicted_views=33 radius=0.580 clearance=0.000 best_prefix=0.000
[depth_angular_controller-1] [INFO] [1791306794.921361426] [depth_angular_controller]: PAPER_BUILD reason=FULL_MOTION_CERTIFICATE required=0.0000 best=0.0000 free=0 refined=0 tubes=194 revoked_tubes=0 proofs=128
[depth_angular_controller-1] [INFO] [1791306794.921404637] [depth_angular_controller]: PAPER_EVIDENCE retained=16 balls=32 revoked_balls=0 expired_views=0 evicted_views=34 radius=0.580 clearance=0.000 best_prefix=0.000
[depth_angular_controller-1] [INFO] [1791306794.952958547] [depth_angular_controller]: [PERF CTRL] run=omni_final_v18_ego1p2_1 elapsed=63.80s callbacks=3064 commands=3063 guidance=2943 command_fps(ros/wall)=60.00/61.13 guidance_wall_fps=60.88 avoid_ms(mean/p50/p95/max)=0.617/0.553/0.911/5.572 cycle_ms(mean/p95/max)=16.359/18.588/80.100 depth_to_cmd_ms(mean/p95/max)=58.733/100.000/116.667 callback_to_publish_ms(mean/p95/max)=1.087/3.333/14.093
[depth_angular_controller-1] [INFO] [1791306794.953229156] [depth_angular_controller]: EVIDENCE_COST ingest(mean/p95/max)=0.390/2.443/13.660 record=0.021/0.021/0.798 ms
[depth_angular_controller-1] [INFO] [1791306794.953241669] [depth_angular_controller]: EVIDENCE_PHASE per_view_mean_ms balls=0.062 tubes=0.020 history=0.260 eviction=0.001
[depth_angular_controller-1] [INFO] [1791306795.907391595] [depth_angular_controller]: PAPER_BUILD reason=FULL_MOTION_CERTIFICATE required=0.0000 best=0.0000 free=0 refined=0 tubes=198 revoked_tubes=0 proofs=128
[depth_angular_controller-1] [INFO] [1791306795.907424156] [depth_angular_controller]: PAPER_EVIDENCE retained=16 balls=32 revoked_balls=0 expired_views=0 evicted_views=35 radius=0.580 clearance=0.000 best_prefix=0.000
[depth_angular_controller-1] [INFO] [1791306797.081187214] [depth_angular_controller]: PAPER_BUILD reason=FULL_MOTION_CERTIFICATE required=0.0000 best=0.0000 free=0 refined=0 tubes=202 revoked_tubes=0 proofs=128
[depth_angular_controller-1] [INFO] [1791306797.081227139] [depth_angular_controller]: PAPER_EVIDENCE retained=16 balls=32 revoked_balls=0 expired_views=0 evicted_views=36 radius=0.580 clearance=0.000 best_prefix=0.000
[depth_angular_controller-1] [INFO] [1791306798.190856760] [depth_angular_controller]: PAPER_BUILD reason=FULL_MOTION_CERTIFICATE required=0.0000 best=0.0000 free=0 refined=0 tubes=206 revoked_tubes=0 proofs=128
[depth_angular_controller-1] [INFO] [1791306798.190893329] [depth_angular_controller]: PAPER_EVIDENCE retained=16 balls=32 revoked_balls=0 expired_views=0 evicted_views=37 radius=0.580 clearance=0.000 best_prefix=0.000
[position_cmd_to_twist-2] [INFO] [1791306799.052592090] [position_cmd_to_twist]: [PERF BRIDGE] run=omni_final_v18_ego1p2_1 elapsed=67.79s received=3295 published=3295 fps(ros/wall)=60.00/60.80 controller_to_bridge_ms(mean/p50/p95/max)=0.000/0.000/0.000/0.000 bridge_process_ms(mean/p95/max)=0.087/0.113/2.129
[NAV] t=55.0s position=(34.78,4.13,1.71) yaw=13.6deg command=(1.94,0.47,0.07) manual_active=1 collision_blocks=0
[depth_angular_controller-1] [INFO] [1791306799.132965928] [depth_angular_controller]: PAPER_BUILD reason=FULL_MOTION_CERTIFICATE required=0.0000 best=0.0000 free=0 refined=0 tubes=210 revoked_tubes=0 proofs=128
[depth_angular_controller-1] [INFO] [1791306799.133008287] [depth_angular_controller]: PAPER_EVIDENCE retained=16 balls=32 revoked_balls=0 expired_views=0 evicted_views=38 radius=0.580 clearance=0.000 best_prefix=0.000
[depth_angular_controller-1] [INFO] [1791306799.955017349] [depth_angular_controller]: [PERF CTRL] run=omni_final_v18_ego1p2_1 elapsed=68.80s callbacks=3355 commands=3354 guidance=3234 command_fps(ros/wall)=60.00/60.86 guidance_wall_fps=60.63 avoid_ms(mean/p50/p95/max)=0.617/0.557/0.905/5.572 cycle_ms(mean/p95/max)=16.431/18.634/80.100 depth_to_cmd_ms(mean/p95/max)=58.735/100.000/116.667 callback_to_publish_ms(mean/p95/max)=1.093/3.332/14.093
[depth_angular_controller-1] [INFO] [1791306799.955564778] [depth_angular_controller]: EVIDENCE_COST ingest(mean/p95/max)=0.394/2.476/13.660 record=0.021/0.021/0.798 ms
[depth_angular_controller-1] [INFO] [1791306799.955576390] [depth_angular_controller]: EVIDENCE_PHASE per_view_mean_ms balls=0.062 tubes=0.021 history=0.263 eviction=0.001
[depth_angular_controller-1] [INFO] [1791306800.061758029] [depth_angular_controller]: PAPER_BUILD reason=FULL_MOTION_CERTIFICATE required=0.0000 best=0.0000 free=0 refined=0 tubes=214 revoked_tubes=0 proofs=128
[depth_angular_controller-1] [INFO] [1791306800.061795269] [depth_angular_controller]: PAPER_EVIDENCE retained=16 balls=32 revoked_balls=0 expired_views=0 evicted_views=39 radius=0.580 clearance=0.000 best_prefix=0.000
[depth_angular_controller-1] [INFO] [1791306800.978242179] [depth_angular_controller]: PAPER_BUILD reason=FULL_MOTION_CERTIFICATE required=0.0000 best=0.0000 free=0 refined=0 tubes=219 revoked_tubes=0 proofs=128
[depth_angular_controller-1] [INFO] [1791306800.978277856] [depth_angular_controller]: PAPER_EVIDENCE retained=16 balls=32 revoked_balls=0 expired_views=0 evicted_views=40 radius=0.580 clearance=0.000 best_prefix=0.000
[depth_angular_controller-1] [INFO] [1791306801.949816902] [depth_angular_controller]: PAPER_BUILD reason=FULL_MOTION_CERTIFICATE required=0.0000 best=0.0000 free=0 refined=0 tubes=223 revoked_tubes=0 proofs=128
[depth_angular_controller-1] [INFO] [1791306801.949852779] [depth_angular_controller]: PAPER_EVIDENCE retained=16 balls=32 revoked_balls=0 expired_views=0 evicted_views=41 radius=0.580 clearance=0.000 best_prefix=0.000
[depth_angular_controller-1] [INFO] [1791306802.996785793] [depth_angular_controller]: PAPER_BUILD reason=FULL_MOTION_CERTIFICATE required=0.0000 best=0.0000 free=0 refined=0 tubes=227 revoked_tubes=0 proofs=128
[depth_angular_controller-1] [INFO] [1791306802.996825147] [depth_angular_controller]: PAPER_EVIDENCE retained=16 balls=32 revoked_balls=0 expired_views=0 evicted_views=42 radius=0.580 clearance=0.000 best_prefix=0.000
[position_cmd_to_twist-2] [INFO] [1791306803.852228748] [position_cmd_to_twist]: [PERF BRIDGE] run=omni_final_v18_ego1p2_1 elapsed=72.59s received=3595 published=3595 fps(ros/wall)=60.00/60.94 controller_to_bridge_ms(mean/p50/p95/max)=0.000/0.000/0.000/0.000 bridge_process_ms(mean/p95/max)=0.086/0.112/2.129
[NAV] t=60.0s position=(44.50,6.44,2.04) yaw=13.7deg command=(1.96,0.38,-0.08) manual_active=1 collision_blocks=0
[depth_angular_controller-1] [INFO] [1791306803.928836698] [depth_angular_controller]: PAPER_BUILD reason=FULL_MOTION_CERTIFICATE required=0.0000 best=0.0000 free=0 refined=0 tubes=231 revoked_tubes=0 proofs=128
[depth_angular_controller-1] [INFO] [1791306803.928876032] [depth_angular_controller]: PAPER_EVIDENCE retained=16 balls=32 revoked_balls=0 expired_views=0 evicted_views=43 radius=0.580 clearance=0.000 best_prefix=0.000
[depth_angular_controller-1] [INFO] [1791306804.836009700] [depth_angular_controller]: PAPER_BUILD reason=FULL_MOTION_CERTIFICATE required=0.0000 best=0.0000 free=0 refined=0 tubes=235 revoked_tubes=0 proofs=128
[depth_angular_controller-1] [INFO] [1791306804.836050056] [depth_angular_controller]: PAPER_EVIDENCE retained=16 balls=32 revoked_balls=0 expired_views=0 evicted_views=44 radius=0.580 clearance=0.000 best_prefix=0.000
[depth_angular_controller-1] [INFO] [1791306804.960857538] [depth_angular_controller]: [PERF CTRL] run=omni_final_v18_ego1p2_1 elapsed=73.80s callbacks=3670 commands=3669 guidance=3549 command_fps(ros/wall)=60.00/61.03 guidance_wall_fps=60.83 avoid_ms(mean/p50/p95/max)=0.612/0.554/0.894/5.572 cycle_ms(mean/p95/max)=16.385/18.602/80.100 depth_to_cmd_ms(mean/p95/max)=58.777/100.000/116.667 callback_to_publish_ms(mean/p95/max)=1.088/3.309/14.093
[depth_angular_controller-1] [INFO] [1791306804.961173222] [depth_angular_controller]: EVIDENCE_COST ingest(mean/p95/max)=0.392/2.420/13.660 record=0.021/0.021/0.798 ms
[depth_angular_controller-1] [INFO] [1791306804.961180515] [depth_angular_controller]: EVIDENCE_PHASE per_view_mean_ms balls=0.061 tubes=0.022 history=0.261 eviction=0.001
[depth_angular_controller-1] [INFO] [1791306805.816726163] [depth_angular_controller]: PAPER_BUILD reason=FULL_MOTION_CERTIFICATE required=0.0000 best=0.0000 free=0 refined=0 tubes=239 revoked_tubes=0 proofs=128
[depth_angular_controller-1] [INFO] [1791306805.817153907] [depth_angular_controller]: PAPER_EVIDENCE retained=16 balls=32 revoked_balls=0 expired_views=0 evicted_views=45 radius=0.580 clearance=0.000 best_prefix=0.000
[depth_angular_controller-1] [INFO] [1791306806.791774894] [depth_angular_controller]: PAPER_BUILD reason=FULL_MOTION_CERTIFICATE required=0.0000 best=0.0000 free=0 refined=0 tubes=243 revoked_tubes=0 proofs=128
[depth_angular_controller-1] [INFO] [1791306806.791816072] [depth_angular_controller]: PAPER_EVIDENCE retained=16 balls=32 revoked_balls=0 expired_views=0 evicted_views=46 radius=0.580 clearance=0.000 best_prefix=0.000
[depth_angular_controller-1] [INFO] [1791306807.780009757] [depth_angular_controller]: PAPER_BUILD reason=FULL_MOTION_CERTIFICATE required=0.0000 best=0.0000 free=0 refined=0 tubes=247 revoked_tubes=0 proofs=128
[depth_angular_controller-1] [INFO] [1791306807.780047818] [depth_angular_controller]: PAPER_EVIDENCE retained=16 balls=32 revoked_balls=0 expired_views=0 evicted_views=47 radius=0.580 clearance=0.000 best_prefix=0.000
[position_cmd_to_twist-2] [INFO] [1791306808.682624622] [position_cmd_to_twist]: [PERF BRIDGE] run=omni_final_v18_ego1p2_1 elapsed=77.42s received=3895 published=3895 fps(ros/wall)=60.00/61.03 controller_to_bridge_ms(mean/p50/p95/max)=0.000/0.000/0.000/0.000 bridge_process_ms(mean/p95/max)=0.086/0.112/2.129
[NAV] t=65.0s position=(54.17,8.87,2.16) yaw=13.3deg command=(1.94,0.46,0.13) manual_active=1 collision_blocks=0
[depth_angular_controller-1] [INFO] [1791306808.758374781] [depth_angular_controller]: PAPER_BUILD reason=FULL_MOTION_CERTIFICATE required=0.0000 best=0.0000 free=0 refined=0 tubes=251 revoked_tubes=0 proofs=128
[depth_angular_controller-1] [INFO] [1791306808.758408153] [depth_angular_controller]: PAPER_EVIDENCE retained=16 balls=32 revoked_balls=0 expired_views=0 evicted_views=48 radius=0.580 clearance=0.000 best_prefix=0.000
[depth_angular_controller-1] [INFO] [1791306809.671790865] [depth_angular_controller]: PAPER_BUILD reason=FULL_MOTION_CERTIFICATE required=0.0000 best=0.0000 free=0 refined=0 tubes=255 revoked_tubes=0 proofs=128
[depth_angular_controller-1] [INFO] [1791306809.671833235] [depth_angular_controller]: PAPER_EVIDENCE retained=16 balls=32 revoked_balls=0 expired_views=0 evicted_views=49 radius=0.580 clearance=0.000 best_prefix=0.000
[depth_angular_controller-1] [INFO] [1791306809.960948643] [depth_angular_controller]: [PERF CTRL] run=omni_final_v18_ego1p2_1 elapsed=78.80s callbacks=3981 commands=3980 guidance=3860 command_fps(ros/wall)=60.00/61.12 guidance_wall_fps=60.93 avoid_ms(mean/p50/p95/max)=0.613/0.555/0.889/5.572 cycle_ms(mean/p95/max)=16.361/18.588/80.100 depth_to_cmd_ms(mean/p95/max)=58.731/100.000/116.667 callback_to_publish_ms(mean/p95/max)=1.090/3.309/14.093
[depth_angular_controller-1] [INFO] [1791306809.961270017] [depth_angular_controller]: EVIDENCE_COST ingest(mean/p95/max)=0.391/2.409/13.660 record=0.022/0.021/1.105 ms
[depth_angular_controller-1] [INFO] [1791306809.961281889] [depth_angular_controller]: EVIDENCE_PHASE per_view_mean_ms balls=0.060 tubes=0.022 history=0.260 eviction=0.001
[depth_angular_controller-1] [INFO] [1791306810.643509428] [depth_angular_controller]: PAPER_BUILD reason=FULL_MOTION_CERTIFICATE required=0.0000 best=0.0000 free=0 refined=0 tubes=256 revoked_tubes=0 proofs=128
[depth_angular_controller-1] [INFO] [1791306810.643545906] [depth_angular_controller]: PAPER_EVIDENCE retained=16 balls=32 revoked_balls=0 expired_views=0 evicted_views=50 radius=0.580 clearance=0.000 best_prefix=0.000
[depth_angular_controller-1] [INFO] [1791306811.694390181] [depth_angular_controller]: PAPER_BUILD reason=FULL_MOTION_CERTIFICATE required=0.0000 best=0.0000 free=0 refined=0 tubes=256 revoked_tubes=0 proofs=128
[depth_angular_controller-1] [INFO] [1791306811.694423123] [depth_angular_controller]: PAPER_EVIDENCE retained=16 balls=32 revoked_balls=0 expired_views=0 evicted_views=51 radius=0.580 clearance=0.000 best_prefix=0.000
[depth_angular_controller-1] [INFO] [1791306812.666785897] [depth_angular_controller]: PAPER_BUILD reason=FULL_MOTION_CERTIFICATE required=0.0000 best=0.0000 free=0 refined=0 tubes=256 revoked_tubes=0 proofs=128
[depth_angular_controller-1] [INFO] [1791306812.666819460] [depth_angular_controller]: PAPER_EVIDENCE retained=16 balls=32 revoked_balls=0 expired_views=0 evicted_views=52 radius=0.580 clearance=0.000 best_prefix=0.000
[position_cmd_to_twist-2] [INFO] [1791306813.562533918] [position_cmd_to_twist]: [PERF BRIDGE] run=omni_final_v18_ego1p2_1 elapsed=82.30s received=4195 published=4195 fps(ros/wall)=60.00/61.06 controller_to_bridge_ms(mean/p50/p95/max)=0.000/0.000/0.000/0.000 bridge_process_ms(mean/p95/max)=0.086/0.111/2.129
[NAV] t=70.0s position=(63.39,11.06,2.76) yaw=13.3deg command=(1.03,0.24,0.07) manual_active=1 collision_blocks=0
[depth_angular_controller-1] [INFO] [1791306813.641149431] [depth_angular_controller]: PAPER_BUILD reason=FULL_MOTION_CERTIFICATE required=0.0000 best=0.0000 free=0 refined=0 tubes=256 revoked_tubes=0 proofs=128
[depth_angular_controller-1] [INFO] [1791306813.641183675] [depth_angular_controller]: PAPER_EVIDENCE retained=16 balls=32 revoked_balls=0 expired_views=0 evicted_views=53 radius=0.580 clearance=0.000 best_prefix=0.000
[depth_angular_controller-1] [INFO] [1791306813.779404375] [depth_angular_controller]: ZERO_INTENT
[BENCHMARK RESULT] ARRIVED sim=69.333s
[PERF ISAAC FINAL] run=omni_final_v18_ego1p2_1 result=ARRIVED wall=70.32s sim_frames=4282 fps(sim/wall)=60.03/60.89 command_changes=2756 collision_blocks=0 frame_interval_ms(mean/p50/p95/max)=16.348/15.285/17.073/78.340
[83.297s] Simulation App Shutting Down
[depth_angular_controller-1] [INFO] [1791306815.514307951] [rclcpp]: signal_handler(SIGINT/SIGTERM)
[position_cmd_to_twist-2] [INFO] [1791306815.515281962] [position_cmd_to_twist]: [PERF BRIDGE FINAL] run=omni_final_v18_ego1p2_1 elapsed=84.25s received=4280 published=4280 fps(ros/wall)=60.00/61.17 controller_to_bridge_ms(mean/p50/p95/max)=0.000/0.000/0.000/0.000 bridge_process_ms(mean/p95/max)=0.085/0.111/2.129
[position_cmd_to_twist-2] Failed to publish log message to rosout: publisher's context is invalid, at ./src/rcl/publisher.c:389
[depth_angular_controller-1] [INFO] [1791306815.515415503] [depth_angular_controller]: [PERF CTRL FINAL] run=omni_final_v18_ego1p2_1 elapsed=84.36s callbacks=4281 commands=4280 guidance=4089 command_fps(ros/wall)=60.00/61.17 guidance_wall_fps=60.89 avoid_ms(mean/p50/p95/max)=0.606/0.549/0.880/5.572 cycle_ms(mean/p95/max)=16.348/18.546/80.100 depth_to_cmd_ms(mean/p95/max)=58.719/100.000/116.667 callback_to_publish_ms(mean/p95/max)=1.069/3.237/14.093
[depth_angular_controller-1] [INFO] [1791306815.515741706] [depth_angular_controller]: EVIDENCE_COST ingest(mean/p95/max)=0.387/2.356/13.660 record=0.022/0.021/1.105 ms
[depth_angular_controller-1] [INFO] [1791306815.515746084] [depth_angular_controller]: EVIDENCE_PHASE per_view_mean_ms balls=0.059 tubes=0.023 history=0.256 eviction=0.001
[INFO] [depth_angular_controller-1]: process has finished cleanly [pid 185777]
[INFO] [position_cmd_to_twist-2]: process has finished cleanly [pid 185779]
