[PERF] run=omni_candidate_v22_ego1p3_3 log=/home/starry/isaac-data/EGO1P3/performance/navigation_benchmark_20260929/PERFORMANCE.md
[INPUT] mode=goal scene_mode=cloud
[LOCK] Waiting for shared Isaac navigation slot
[INFO] [launch]: All log files can be found below /tmp/fov_gvf_ego1p3_isaac_ros_log/2026-10-07-01-51-55-260887-starry-System-Product-Name-195370
[INFO] [launch]: Default logging verbosity is set to INFO
[INFO] [depth_angular_controller-1]: process started with pid [195372]
[INFO] [position_cmd_to_twist-2]: process started with pid [195374]
[depth_angular_controller-1] [INFO] [1791309115.295789951] [depth_angular_controller]: PROCESSING_RATES control=60.0 Hz depth_limit=10.0 Hz (0=unlimited)
[depth_angular_controller-1] [INFO] [1791309115.297770823] [depth_angular_controller]: C++ controller commands publish on /position_cmd; horizontal views=4
[ROS CHECK] ROS_DOMAIN_ID=42 /position_cmd publishers=1
Type: pc_gvf_msgs/msg/PositionCommand
Publisher count: 1
Subscription count: 1
/depth_angular_controller
/position_cmd_to_twist
WARNING: All log messages before absl::InitializeLog() is called are written to STDERR
E0000 00:00:1791309116.247120  195413 descriptor_database.cc:633] File already exists in database: grpc/health/v1/health.proto
W0000 00:00:1791309116.247141  195413 message.cc:301] Protobuf GeneratedMessageFactory: File is already registered: grpc/health/v1/health.proto
2026-10-06T17:51:55Z [Info] [carb] Logging to file: /home/starry/isaac-data/isaacsim/kit/logs/Kit/Isaac-Sim Python/6.0/kit_20261007_015155.log
[0.043s] [ext: omni.assets.plugins-0.0.0] startup
[0.044s] [ext: omni.blobkey-1.1.2] startup
[0.044s] [ext: omni.kit.async_engine-0.0.3] startup
[0.311s] [ext: omni.client.lib-1.1.1] startup
[0.319s] [ext: omni.client-1.3.0] startup
[0.321s] [ext: omni.protobuf.lib-1.0.0] startup
[0.322s] [ext: omni.grpc.lib-1.0.0] startup
[0.325s] [ext: omni.metrics.core-0.0.3] startup
[0.325s] [ext: omni.datastore-0.0.0] startup
[0.326s] [ext: omni.gpu_foundation.shadercache.vulkan-1.0.0] startup
[0.327s] [ext: omni.hsscclient-1.1.4] startup
[0.328s] [ext: omni.stats-1.0.1] startup
[0.328s] [ext: omni.ujitso.default-1.0.0] startup
[0.331s] [ext: omni.gpu_foundation-0.0.0] startup
[0.464s] [ext: carb.windowing.plugins-1.0.1] startup
[0.464s] [ext: omni.kit.renderer.init-1.0.1] startup
2026-10-06T17:51:56Z [668ms] [Warning] [omni.rtx] Skipping unsupported non-NVIDIA GPU: AMD Unknown (RADV RAPHAEL_MENDOCINO)
2026-10-06T17:51:56Z [668ms] [Warning] [omni.rtx] Skipping unsupported non-NVIDIA GPU: AMD Unknown (RADV RAPHAEL_MENDOCINO)

|---------------------------------------------------------------------------------------------|
| Driver Version: 580.178.04    | Graphics API: Vulkan
|=============================================================================================|
| GPU | Name                             | Active | LDA | GPU Memory | Vendor-ID | LUID       |
|     |                                  |        |     |            | Device-ID | UUID       |
|     |                                  |        |     |            | Bus-ID    |            |
|---------------------------------------------------------------------------------------------|
| 0   | NVIDIA GeForce RTX 5070          | Yes: 0 |     | 12227   MB | 10de      | 0          |
|     |                                  |        |     |            | 2f04      | 348d89fe.. |
|     |                                  |        |     |            | 1         |            |
|---------------------------------------------------------------------------------------------|
| 1   | AMD Unknown (RADV RAPHAEL_MEND.. |        |     | 10755   MB | 1002      | 0          |
|     |                                  |        |     |            | 13c0      | 00000000.. |
|     |                                  |        |     |            | c         |            |
|=============================================================================================|
| OS: 22.04.5 LTS (Jammy Jellyfish) ubuntu, Version: 22.04.5, Kernel: 6.8.0-138-generic
| XServer Vendor: The X.Org Foundation, XServer Version: 12101004 (1.21.1.4)
| Processor: AMD Ryzen 5 9600X 6-Core Processor
| Cores: 6 | Logical Cores: 12
|---------------------------------------------------------------------------------------------|
| Total Memory (MB): 31241 | Free Memory: 22900
| Total Page/Swap (MB): 15624 | Free Page/Swap: 15624
|---------------------------------------------------------------------------------------------|
2026-10-06T17:51:56Z [879ms] [Warning] [omni.rtx] CPU performance profile is set to powersave. This profile sets the CPU to the lowest frequency reducing performance.
2026-10-06T17:51:56Z [888ms] [Warning] [omni.rtx] IOMMU is enabled.
[0.992s] [ext: omni.kit.pipapi-0.0.0] startup
[0.993s] [ext: omni.kit.pip_archive-0.0.0] startup
[0.993s] [ext: isaacsim.pip.newton-0.6.1] startup
[0.993s] [ext: omni.pip.compute-1.9.2] startup
[0.994s] [ext: omni.isaac.core_archive-5.3.1] startup
[0.994s] [ext: omni.kit.telemetry-0.5.2] startup
[1.014s] [ext: omni.kit.loop-isaac-1.6.0] startup
[1.015s] [ext: omni.kit.test-2.0.7] startup
[1.065s] [ext: omni.materialx.libs-1.0.9] startup
[1.071s] [ext: omni.gpucompute.plugins-0.0.0] startup
[1.071s] [ext: omni.usd.config-1.0.7] startup
[1.074s] [ext: omni.usd.libs-1.0.3] startup
[1.130s] [ext: omni.iray.libs-0.0.1] startup
[1.133s] [ext: omni.mdl-57.0.3] startup
[1.193s] [ext: omni.mdl.neuraylib-0.2.20] startup
[1.195s] [ext: omni.kit.usd.mdl-1.1.9] startup
[1.281s] [ext: omni.appwindow-1.2.2] startup
[1.282s] [ext: omni.kit.renderer.core-1.2.2] startup
2026-10-06T17:52:02Z [6,486ms] [Warning] [carb.windowing-glfw.gamepad] Joystick with unknown remapping detected (will be ignored):  BEITONG BEITONG A2P3A BFM DONGLE [03000000bc2000001c51000011010000]
[6.517s] [ext: omni.kit.renderer.capture-2.0.1] startup
[6.518s] [ext: omni.kit.renderer.imgui-2.0.6] startup
[6.556s] [ext: omni.ui-3.2.0] startup
[6.562s] [ext: omni.kit.mainwindow-1.0.3] startup
[6.563s] [ext: carb.audio-0.1.0] startup
[6.565s] [ext: omni.uiaudio-1.0.0] startup
[6.565s] [ext: omni.kit.uiapp-0.0.0] startup
[6.565s] [ext: omni.usd.schema.metrics.assembler-110.1.0] startup
[6.568s] [ext: omni.usd.schema.audio-0.0.1] startup
[6.570s] [ext: omni.usd_resolver-1.0.0] startup
[6.572s] [ext: omni.usd.core-1.8.3] startup
[6.574s] [ext: omni.metropolis.schema-0.0.3] startup
[6.575s] [ext: isaacsim.anim.robot.schema-0.1.1] startup
[6.576s] [ext: omni.usd.schema.anim-0.0.1] startup
[6.588s] [ext: omni.usd.schema.geospatial-0.0.1] startup
[6.590s] [ext: omni.usd.schema.omnigraph-1.0.1] startup
[6.594s] [ext: omni.usd.schema.semantics-0.0.0] startup
[6.596s] [ext: omni.activity.core-1.0.3] startup
[6.597s] [ext: omni.cubric-0.1.0] startup
[6.597s] [ext: omni.graph.exec-0.9.6] startup
[6.597s] [ext: omni.hydra.scene_delegate-0.3.5] startup
[6.599s] [ext: usdrt.scenegraph-7.6.3] startup
[6.617s] [ext: omni.hydra.usdrt_delegate-7.5.2] startup
[6.621s] [ext: omni.inspect-1.0.2] startup
[6.622s] [ext: omni.kit.actions.core-1.0.0] startup
[6.623s] [ext: omni.kit.audiodeviceenum-1.0.2] startup
[6.624s] [ext: omni.kit.commands-1.5.0] startup
[6.626s] [ext: omni.kit.exec.core-0.13.5] startup
[6.627s] [ext: omni.kit.usd_undo-0.1.8] startup
[6.627s] [ext: omni.kit.window.popup_dialog-2.0.25] startup
[6.630s] [ext: omni.kit.widget.nucleus_connector-2.3.1] startup
[6.632s] [ext: omni.timeline-1.1.0] startup
[6.633s] [ext: omni.usd-1.16.0] startup
[6.657s] [ext: omni.graph.core-3.1.2] startup
[6.660s] [ext: omni.kit.notification_manager-1.0.11] startup
[6.662s] [ext: isaacsim.core.deprecation_manager-0.4.2] startup
[6.662s] [ext: isaacsim.replicator.agent.schema-0.1.1] startup
[6.663s] [ext: isaacsim.robot.schema-6.3.7] startup
[6.667s] [ext: isaacsim.robot_motion.schema-0.2.1] startup
[6.667s] [ext: omni.anim.behavior.schema-110.1.0] startup
[6.670s] [ext: omni.anim.graph.schema-110.1.1] startup
[6.675s] [ext: omni.anim.navigation.schema-110.1.0] startup
[6.677s] [ext: omni.behavior.tree.schema-110.1.0] startup
[6.677s] [ext: omni.isaac.ml_archive-3.3.0] startup
[6.678s] [ext: omni.kit.asset_converter-6.0.1] startup
[6.686s] [ext: omni.pip.cloud-1.5.4] startup
[6.688s] [ext: omni.usd.schema.flow-110.0.0] startup
[6.688s] [ext: omni.usd.schema.mujoco-1.1.1] startup
[6.689s] [ext: omni.usd.schema.newton-1.2.1] startup
[6.689s] [ext: omni.usd.schema.omni_lens_distortion-1.0.0] startup
[6.690s] [ext: omni.usd.schema.omni_projectors-1.0.0] startup
[6.690s] [ext: omni.usd.schema.omni_sensors-0.0.0] startup
[6.696s] [ext: omni.usd.schema.omniscripting-1.0.1] startup
[6.699s] [ext: omni.usd.schema.physical_lighting-0.1.0] startup
[6.702s] [ext: omni.usd.schema.physx-110.1.13] startup
[6.725s] [ext: omni.usd.schema.render_settings.rtx-1.0.2] startup
[6.728s] [ext: omni.usd.schema.usd_particle_field-1.0.0] startup
[6.728s] [ext: isaacsim.core.version-2.1.1] startup
[6.728s] [ext: omni.kit.menu.core-1.2.0] startup
[6.729s] [ext: omni.kit.menu.utils-2.2.4] startup
[6.734s] [ext: isaacsim.app.about-2.3.1] startup
[6.738s] [ext: isaacsim.asset.transformer-1.2.5] startup
[6.740s] [ext: omni.scene.optimizer.core-110.1.0] startup
[6.770s] [ext: isaacsim.asset.importer.utils-1.8.1] startup
[6.771s] [ext: omni.convexdecomposition-110.1.13] startup
[6.773s] [ext: omni.physics-110.1.13] startup
[6.775s] [ext: omni.physx.gpu-110.1.13] startup
[6.775s] [ext: omni.physx.foundation-110.1.13] startup
[6.776s] [ext: omni.usdphysics-110.1.13] startup
[6.777s] [ext: omni.physx.cooking-110.1.13] startup
[6.779s] [ext: omni.physx-110.1.13] startup
[6.786s] [ext: omni.physics.physx-110.1.13] startup
[6.787s] [ext: isaacsim.asset.exporter.urdf-2.0.5] startup
[6.793s] [ext: omni.kit.clipboard-1.1.1] startup
[6.794s] [ext: omni.kit.usd.layers-2.6.1] startup
[6.799s] [ext: omni.kit.widget.context_menu-1.4.0] startup
[6.800s] [ext: omni.kit.context_menu-1.9.0] startup
[6.801s] [ext: omni.kit.helper.file_utils-0.1.10] startup
[6.802s] [ext: omni.kit.widget.nucleus_info-2.0.2] startup
[6.802s] [ext: omni.kit.search_core-1.0.8] startup
[6.803s] [ext: omni.kit.widget.path_field-2.0.13] startup
[6.803s] [ext: omni.kit.widget.browser_bar-2.0.10] startup
[6.804s] [ext: omni.kit.widget.filebrowser-2.13.4] startup
[6.807s] [ext: omni.kit.widget.options_menu-1.1.6] startup
[6.809s] [ext: omni.kit.widget.options_button-1.0.3] startup
[6.810s] [ext: omni.kit.widget.search_delegate-1.0.9] startup
[6.811s] [ext: omni.ui.scene-2.0.3] startup
[6.814s] [ext: omni.kit.window.filepicker-2.15.5] startup
[6.823s] [ext: omni.kit.window.file_importer-1.1.21] startup
[6.825s] [ext: omni.kit.material.library-3.1.2] startup
[6.829s] [ext: isaacsim.asset.transformer.rules-1.7.10] startup
[6.836s] [ext: omni.usdex.libs-2.2.2] startup
[6.842s] [ext: isaacsim.asset.importer.mjcf-3.10.1] startup
[6.843s] [ext: isaacsim.asset.importer.urdf-3.11.2] startup
[6.846s] [ext: omni.kit.primitive.mesh-1.1.0] startup
[6.848s] [ext: omni.kit.stage_template.core-1.1.22] startup
[6.849s] [ext: omni.kit.stage_templates-2.0.2] startup
[6.850s] [ext: omni.usd.metrics.assembler-110.1.2] startup
[6.852s] [ext: omni.warp.core-1.13.0] startup
[7.032s] [ext: isaacsim.core.experimental.utils-0.17.2] startup
[7.033s] [ext: omni.physics.stageupdate-110.1.13] startup
[7.034s] [ext: omni.physics.tensors-110.1.13] startup
[7.038s] [ext: omni.physx.tensors-110.1.13] startup
[7.041s] [ext: isaacsim.core.simulation_manager-1.15.6] startup
[7.050s] [ext: isaacsim.storage.native-1.9.3] startup
[7.051s] [ext: omni.usd.metrics.assembler.physics-110.1.13] startup
[7.052s] [ext: isaacsim.core.utils-4.1.7] startup
[7.054s] [ext: isaacsim.core.prims-0.11.7] startup
[7.922s] [ext: isaacsim.core.api-5.2.13] startup
[7.928s] [ext: isaacsim.core.cloner-1.7.3] startup
[7.929s] [ext: isaacsim.test.docstring-1.3.2] startup
[7.930s] [ext: isaacsim.core.experimental.prims-1.8.9] startup
[7.948s] [ext: isaacsim.core.experimental.primdata-0.3.2] startup
[7.950s] [ext: omni.graph.tools-1.81.0] startup
[7.968s] [ext: omni.graph-1.142.5] startup
[7.999s] [ext: isaacsim.core.experimental.actuators-0.1.2] startup
[8.012s] [ext: isaacsim.core.experimental.materials-0.7.1] startup
[8.014s] [ext: isaacsim.core.experimental.objects-0.8.1] startup
[8.066s] [ext: omni.hydra.engine.stats-1.0.5] startup
[8.068s] [ext: omni.hydra.rtx.shadercache.vulkan-1.0.0] startup
[8.069s] [ext: omni.index.libs-387500.4413.0] startup
[8.069s] [ext: omni.index-1.0.1] startup
[8.069s] [ext: omni.ujitso.client-0.0.0] startup
[8.070s] [ext: omni.usd.schema.playback-1.0.0] startup
[8.072s] [ext: omni.volume-0.5.2] startup
[8.076s] [ext: omni.hydra.rtx-1.0.4] startup
2026-10-06T17:52:04Z [8,066ms] [Warning] [omni.log] Source: omni.hydra was already registered.
[8.097s] [ext: omni.kit.hydra_texture-1.6.0] startup
[8.099s] [ext: omni.kit.raycast.query-1.2.0] startup
[8.103s] [ext: omni.kit.viewport.legacy_gizmos-1.0.24] startup
[8.104s] [ext: omni.kit.viewport.registry-104.0.6] startup
[8.105s] [ext: omni.kit.viewport.scene_camera_model-1.0.7] startup
[8.107s] [ext: omni.kit.widget.viewport-109.2.0] startup
[8.111s] [ext: omni.kit.window.drop_support-1.0.8] startup
[8.111s] [ext: omni.kit.viewport.window-109.0.2] startup
[8.125s] [ext: omni.kit.viewport.utility-2.0.1] startup
[8.126s] [ext: isaacsim.core.rendering_manager-0.4.3] startup
[8.146s] [ext: omni.graph.action_core-1.1.9] startup
[8.147s] [ext: omni.graph.action_nodes_core-2.11.0] startup
[8.149s] [ext: omni.graph.action_nodes-2.11.0] startup
[8.165s] [ext: omni.graph.action-2.10.2] startup
[8.166s] [ext: omni.graph.image.core-0.6.1] startup
[8.166s] [ext: omni.graph.image.nodes-1.3.1] startup
[8.167s] [ext: omni.graph.nodes_core-2.11.0] startup
[8.171s] [ext: omni.graph.nodes-2.12.0] startup
[8.175s] [ext: omni.kit.hotkeys.core-1.3.12] startup
[8.176s] [ext: omni.kit.property.adapter.core-1.1.1] startup
[8.178s] [ext: omni.kit.property.adapter.usd-1.0.5] startup
[8.179s] [ext: omni.kit.widget.filter-1.1.5] startup
[8.180s] [ext: omni.kit.widget.highlight_label-1.0.3] startup
[8.180s] [ext: omni.kit.widget.searchfield-1.1.8] startup
[8.182s] [ext: omni.kit.window.file_exporter-1.0.36] startup
[8.182s] [ext: omni.kit.widget.stage-4.4.0] startup
[8.190s] [ext: omni.kit.window.content_browser_registry-0.0.6] startup
[8.190s] [ext: omni.kit.window.file-2.0.10] startup
[8.193s] [ext: omni.kit.window.content_browser-3.1.8] startup
[8.201s] [ext: omni.kit.window.property-1.15.1] startup
[8.211s] [ext: omni.kit.property.usd-4.9.4] startup
[8.219s] [ext: omni.graph.scriptnode-2.10.2] startup
[8.227s] [ext: omni.kit.widget.searchable_combobox-1.0.7] startup
[8.228s] [ext: omni.kit.widget.settings-2.0.0] startup
[8.230s] [ext: omni.kit.window.preferences-1.8.3] startup
[8.234s] [ext: omni.kit.viewport.menubar.core-107.2.2] startup
[8.243s] [ext: omni.syntheticdata-0.6.15] startup
[8.267s] [ext: omni.replicator.nv-1.1.1] startup
[8.270s] [ext: omni.videoencoding-0.2.1] startup
[8.272s] [ext: omni.replicator.core-1.13.27] startup
2026-10-06T17:52:04Z [8,258ms] [Warning] [pxr.Semantics] pxr.Semantics is deprecated - please use Semantics instead
2026-10-06T17:52:04Z [8,323ms] [Warning] [omni.replicator.core.scripts.extension] No material configuration file, adding configuration to material settings directly.
[8.469s] [ext: isaacsim.core.nodes-5.10.5] startup
[8.494s] [ext: isaacsim.core.throttling-2.3.5] startup
[8.495s] [ext: omni.kit.manipulator.viewport-107.0.1] startup
[8.496s] [ext: omni.graph.visualization.nodes-2.1.4] startup
[8.508s] [ext: omni.kit.window.extensions-1.5.10] startup
[8.513s] [ext: isaacsim.gui.components-1.8.5] startup
[8.516s] [ext: isaacsim.robot.surface_gripper-3.6.2] startup
[8.526s] [ext: isaacsim.robot.manipulators-3.4.4] startup
[8.535s] [ext: isaacsim.robot_motion.lula-4.1.3] startup
[8.540s] [ext: isaacsim.robot_motion.motion_generation-8.2.9] startup
[8.545s] [ext: isaacsim.cortex.framework-1.0.18] startup
[8.546s] [ext: isaacsim.cortex.behaviors-2.0.17] startup
[8.547s] [ext: isaacsim.examples.base-1.3.2] startup
[8.549s] [ext: omni.kit.widget.zoombar-1.0.7] startup
[8.549s] [ext: omni.kit.browser.core-2.3.18] startup
[8.552s] [ext: omni.kit.browser.folder.core-2.0.2] startup
[8.555s] [ext: omni.kit.widget.stage_icons-1.0.8] startup
[8.556s] [ext: omni.kit.window.stage-2.6.1] startup
[8.559s] [ext: omni.kit.menu.stage-1.2.7] startup
[8.560s] [ext: omni.kit.usd.collect-3.0.6] startup
[8.562s] [ext: omni.kit.widget.prompt-1.0.7] startup
[8.563s] [ext: omni.kit.tool.collect-2.2.19] startup
[8.564s] [ext: isaacsim.examples.browser-0.3.2] startup
[8.566s] [ext: omni.kit.search.files-1.0.4] startup
[8.567s] [ext: omni.kit.widget.calendar-1.0.9] startup
[8.568s] [ext: omni.kit.widget.extended_searchfield-1.0.31] startup
[8.574s] [ext: omni.simready.content.browser-0.3.7] startup
[8.660s] [ext: isaacsim.gui.content_browser-0.4.3] startup
[8.662s] [ext: omni.kit.selection-0.1.6] startup
[8.663s] [ext: isaacsim.gui.menu-2.10.5] startup
[8.670s] [ext: isaacsim.gui.property-1.6.4] startup
[8.676s] [ext: omni.kit.viewport.actions-110.0.0] startup
[8.680s] [ext: omni.kit.viewport.menubar.display-107.1.3] startup
[8.681s] [ext: isaacsim.gui.sensors.icon-2.2.1] startup
[8.684s] [ext: omni.behavior.scripting.core-110.1.0] startup
[8.686s] [ext: isaacsim.replicator.behavior-1.5.4] startup
[8.687s] [ext: isaacsim.replicator.experimental.domain_randomization-1.2.5] startup
[8.700s] [ext: isaacsim.replicator.domain_randomization-1.2.2] startup
[8.767s] [ext: isaacsim.replicator.writers-1.5.4] startup
[8.789s] [ext: isaacsim.robot.experimental.wheeled_robots-0.2.11] startup
[8.809s] [ext: isaacsim.robot.policy.examples-5.2.12] startup
[8.826s] [ext: isaacsim.robot.wheeled_robots-5.2.4] startup
[8.829s] [ext: isaacsim.robot.wheeled_robots.nodes-0.1.5] startup
[8.845s] [ext: isaacsim.robot_motion.experimental.motion_generation-6.1.3] startup
[8.855s] [ext: isaacsim.robot_motion.cumotion-1.3.1] startup
[8.869s] [ext: omni.kit.numpy.common-0.1.3] startup
[8.870s] [ext: isaacsim.sensors.camera-1.7.9] startup
[8.897s] [ext: isaacsim.sensors.experimental.physics-3.0.2] startup
[8.903s] [ext: omni.sensors.net-1.0.1] startup
[8.905s] [ext: omni.sensors.nv.common-3.0.0] startup
[8.914s] [ext: omni.sensors.nv.materials-2.0.0] startup
[8.916s] [ext: omni.sensors.nv.acoustic-3.0.0] startup
[8.918s] [ext: omni.sensors.nv.ids-2.0.1] startup
[8.920s] [ext: omni.sensors.nv.lidar-3.0.0] startup
[8.923s] [ext: omni.sensors.nv.radar-3.0.0] startup
[8.925s] [ext: isaacsim.sensors.experimental.rtx-1.4.6] startup
[9.149s] [ext: isaacsim.sensors.physics.nodes-1.5.3] startup
[9.154s] [ext: isaacsim.util.debug_draw-3.2.3] startup
[9.158s] [ext: isaacsim.sensors.physx-2.5.5] startup
[9.164s] [ext: isaacsim.sensors.rtx-15.17.1] startup
[9.173s] [ext: isaacsim.simulation_app-2.18.4] startup
[9.173s] [ext: omni.anim.curve.core-1.6.0] startup
[9.181s] [ext: omni.graph.ui_nodes-2.11.1] startup
[9.201s] [ext: omni.hydra.scene_api-0.1.3] startup
[9.204s] [ext: omni.kit.manipulator.camera-110.0.0] startup
[9.207s] [ext: omni.kit.manipulator.selector-1.1.4] startup
[9.208s] [ext: omni.kit.manipulator.transform-107.0.0] startup
[9.212s] [ext: omni.kit.widget.toolbar-2.1.0] startup
[9.217s] [ext: omni.kit.manipulator.tool.snap-1.5.14] startup
[9.220s] [ext: omni.kit.viewport.manipulator.transform-107.0.4] startup
[9.221s] [ext: omni.kit.manipulator.prim.core-108.0.2] startup
[9.226s] [ext: omni.kit.manipulator.prim.usd-107.0.3] startup
[9.227s] [ext: omni.kit.manipulator.prim-108.0.0] startup
[9.227s] [ext: omni.kit.manipulator.selection-109.0.1] startup
[9.228s] [ext: omni.kit.menu.create-2.0.2] startup
[9.230s] [ext: omni.kit.property.audio-1.0.16] startup
[9.233s] [ext: omni.kit.property.camera-1.0.14] startup
[9.234s] [ext: omni.kit.property.geometry-2.1.2] startup
[9.237s] [ext: omni.kit.property.light-1.0.14] startup
2026-10-06T17:52:05Z [9,236ms] [Warning] [omni.usd] Encountered USD Warnings but USD Diagnostics are currently muted. To view USD Warnings, please set the '/persistent/app/usd/muteUsdDiagnostics' setting to false in Preferences page.
[9.265s] [ext: omni.kit.property.material-1.14.6] startup
[9.270s] [ext: omni.kit.property.render-1.2.2] startup
[9.271s] [ext: omni.kit.property.transform-1.6.9] startup
[9.274s] [ext: omni.kit.property.bundle-1.5.1] startup
[9.275s] [ext: omni.kit.usdz_export-1.1.0] startup
[9.277s] [ext: omni.kit.tool.asset_importer-6.0.1] startup
[9.282s] [ext: omni.kit.ui.actions-1.0.5] startup
[9.283s] [ext: omni.kit.viewport.menubar.camera-107.0.10] startup
[9.287s] [ext: omni.kit.viewport.menubar.lighting-107.3.2] startup
[9.290s] [ext: omni.kit.viewport.menubar.render-110.0.0] startup
[9.292s] [ext: omni.kit.viewport.menubar.settings-110.0.1] startup
[9.295s] [ext: omni.kit.window.console-1.1.9] startup
[9.298s] [ext: omni.kit.window.status_bar-0.1.11] startup
[9.300s] [ext: omni.kit.window.toolbar-3.0.3] startup
[9.302s] [ext: omni.ocio-0.1.1] startup
[9.303s] [ext: omni.physx.commands-110.1.13] startup
[9.306s] [ext: omni.replicator.replicator_yaml-2.0.12] startup
[9.315s] [ext: omni.rtx.window.settings-0.8.0] startup
[9.318s] [ext: omni.rtx.settings.core-0.7.1] startup
[9.321s] [ext: omni.usd.metrics.assembler.ui-110.1.1] startup
[9.326s] [ext: semantics.schema.editor-2.0.2] startup
[9.329s] [ext: semantics.schema.property-2.0.2] startup
[9.330s] [ext: omni.kit.menu.common-2.0.2] startup
[9.331s] [ext: isaacsim.exp.base-6.0.1] startup
[9.331s] [ext: isaacsim.exp.base.python-6.0.1] startup
[9.332s] Simulation App Starting
[10.379s] Simulation App Startup Complete
[10.384s] app ready
Starting kit application with the following args:  ['/home/starry/isaac-data/isaacsim/exts/isaacsim.simulation_app/isaacsim/simulation_app/simulation_app.py', '/home/starry/isaac-data/isaacsim/apps/isaacsim.exp.base.python.kit', '--/app/tokens/exe-path=/home/starry/isaac-data/isaacsim/kit', '--/persistent/app/viewport/displayOptions=3094', '--/rtx/materialDb/syncLoads=True', '--/rtx/hydra/materialSyncLoads=True', '--/omni/kit/plugin/syncUsdLoads=True', '--/app/renderer/resolution/width=1280', '--/app/renderer/resolution/height=720', '--/app/window/width=1440', '--/app/window/height=900', '--/renderer/multiGpu/enabled=False', '--/app/fastShutdown=True', '--/app/installSignalHandlers=0', '--ext-folder', '/home/starry/isaac-data/isaacsim/exts', '--ext-folder', '/home/starry/isaac-data/isaacsim/apps', '--/renderer/activeGpu=0', '--/physics/cudaDevice=0', '--/plugins/carb.tasking.plugin/threadCount=12', '--/plugins/omni.tbb.globalcontrol/maxThreadCount=12', '--portable', '--no-window', '--/app/window/hideUi=1']
Passing the following args to the base kit application:  []
Warp 1.13.0 initialized:
   CUDA Toolkit 12.9, Driver 13.0
   Devices:
     "cpu"      : "x86_64"
     "cuda:0"   : "NVIDIA GeForce RTX 5070" (11 GiB, sm_120, mempool enabled)
   Kernel cache:
     /home/starry/.cache/warp/1.13.0
[LIGHTING] sun=800.0 (1) dome=0.0 (1) ambient=0.05 constant_color=(0.6, 0.65, 0.7)
[RENDER] mode=MinimalRendering minimal_shading_mode=2 anti_aliasing=TAA
[DEPTH CAMERAS] count=4 resolution_each=320x240 horizontal_coverage=360deg
[ESDF] path=/home/starry/isaac-data/EGO1P3/scenes/ego_swarm_cloud/occupancy.bin shape=(400, 300, 50) resolution=0.40m
[depth_angular_controller-1] [INFO] [1791309128.633808267] [depth_angular_controller]: WAITING_ODOMETRY
[NAV] t=0.0s position=(-64.00,-11.20,2.80) yaw=1.2deg command=(0.00,0.00,0.00) manual_active=0 collision_blocks=0
[depth_angular_controller-1] [INFO] [1791309129.010021560] [depth_angular_controller]: VERIFIED_FREE_SEED center=(-64.000,-11.200,2.800) radius=2.500 balls=1: verified fixed Cloud free ball; USD and occupancy SHA-256 matched
[depth_angular_controller-1] [INFO] [1791309129.010157655] [depth_angular_controller]: ZERO_INTENT
[depth_angular_controller-1] [INFO] [1791309130.851753009] [depth_angular_controller]: OMNI_DEPTH views=4 azimuth_bins=180 elevation_bins=37 valid=1 certificates=0 short=0 held=0 local_candidates=3 yaw=31.36
[depth_angular_controller-1] [INFO] [1791309130.851837878] [depth_angular_controller]: DEPTH_PROPOSAL_CERTIFIED
[depth_angular_controller-1] [INFO] [1791309130.851846895] [depth_angular_controller]: PAPER_BUILD reason=FULL_MOTION_CERTIFICATE required=0.0000 best=0.0000 free=0 refined=0 tubes=0 revoked_tubes=0 proofs=0
[depth_angular_controller-1] [INFO] [1791309130.851855041] [depth_angular_controller]: PAPER_EVIDENCE retained=8 balls=1 revoked_balls=0 expired_views=0 evicted_views=0 radius=0.580 clearance=0.000 best_prefix=0.000
[depth_angular_controller-1] [INFO] [1791309131.993092092] [depth_angular_controller]: OMNI_DEPTH views=4 azimuth_bins=180 elevation_bins=37 valid=1 certificates=0 short=0 held=0 local_candidates=3 yaw=21.27
[depth_angular_controller-1] [INFO] [1791309131.993856128] [depth_angular_controller]: PAPER_BUILD reason=FULL_MOTION_CERTIFICATE required=0.0000 best=0.0000 free=0 refined=0 tubes=1 revoked_tubes=0 proofs=49
[depth_angular_controller-1] [INFO] [1791309131.993874061] [depth_angular_controller]: PAPER_EVIDENCE retained=12 balls=4 revoked_balls=0 expired_views=0 evicted_views=0 radius=0.580 clearance=0.000 best_prefix=0.000
[10.904s] [ext: isaacsim.sensors.rtx.nodes-0.1.2] startup
[10.912s] [ext: isaacsim.ros2.core-1.9.4] startup
[10.926s] Attempting to load system rclpy
[10.926s] Could not import system rclpy: No module named 'rclpy'
[10.926s] Attempting to load internal rclpy for ROS Distro: humble
[10.937s] rclpy loaded
[10.940s] [ext: isaacsim.ros2.nodes-1.18.13] startup
[10.976s] [ext: isaacsim.ros2.examples-1.2.4] startup
[10.980s] [ext: isaacsim.ros2.ui-1.6.5] startup
[11.192s] [ext: isaacsim.ros2.bridge-5.1.2] startup
2026-10-06T17:52:09Z [13,095ms] [Warning] [omni.timeline.plugin] Deprecated: direct use of ITimeline callbacks is deprecated. Use ITimeline::getTimeline (Python: omni.timeline.get_timeline_interface) instead.
[depth_angular_controller-1] [INFO] [1791309133.085665419] [depth_angular_controller]: OMNI_DEPTH views=4 azimuth_bins=180 elevation_bins=37 valid=1 certificates=0 short=0 held=0 local_candidates=3 yaw=8.85
[depth_angular_controller-1] [INFO] [1791309133.085932471] [depth_angular_controller]: PAPER_BUILD reason=FULL_MOTION_CERTIFICATE required=0.0000 best=0.0000 free=0 refined=0 tubes=4 revoked_tubes=0 proofs=100
[depth_angular_controller-1] [INFO] [1791309133.085939534] [depth_angular_controller]: PAPER_EVIDENCE retained=16 balls=15 revoked_balls=0 expired_views=0 evicted_views=0 radius=0.580 clearance=0.000 best_prefix=0.000
[depth_angular_controller-1] [INFO] [1791309134.017105897] [depth_angular_controller]: [PERF CTRL] run=omni_candidate_v22_ego1p3_3 elapsed=18.72s callbacks=296 commands=295 guidance=175 command_fps(ros/wall)=60.00/58.72 guidance_wall_fps=54.96 avoid_ms(mean/p50/p95/max)=1.450/0.895/3.098/10.731 cycle_ms(mean/p95/max)=17.030/19.973/79.479 depth_to_cmd_ms(mean/p95/max)=46.476/83.333/83.333 callback_to_publish_ms(mean/p95/max)=2.049/5.595/14.953
[depth_angular_controller-1] [INFO] [1791309134.017160830] [depth_angular_controller]: EVIDENCE_COST ingest(mean/p95/max)=1.079/3.653/12.933 record=0.010/0.015/0.024 ms
[depth_angular_controller-1] [INFO] [1791309134.017166200] [depth_angular_controller]: EVIDENCE_PHASE per_view_mean_ms balls=0.049 tubes=0.007 history=0.189 eviction=0.000
[position_cmd_to_twist-2] [INFO] [1791309134.036216942] [position_cmd_to_twist]: [PERF BRIDGE] run=omni_candidate_v22_ego1p3_3 elapsed=18.62s received=295 published=295 fps(ros/wall)=60.00/58.72 controller_to_bridge_ms(mean/p50/p95/max)=0.000/0.000/0.000/0.000 bridge_process_ms(mean/p95/max)=0.091/0.125/0.394
[NAV] t=5.0s position=(-60.38,-10.16,2.96) yaw=9.7deg command=(1.97,0.33,-0.03) manual_active=1 collision_blocks=0
[depth_angular_controller-1] [INFO] [1791309134.107366685] [depth_angular_controller]: OMNI_DEPTH views=4 azimuth_bins=180 elevation_bins=37 valid=1 certificates=0 short=0 held=0 local_candidates=3 yaw=10.64
[depth_angular_controller-1] [INFO] [1791309134.114097073] [depth_angular_controller]: PAPER_BUILD reason=FULL_MOTION_CERTIFICATE required=0.0000 best=0.0000 free=0 refined=0 tubes=8 revoked_tubes=0 proofs=128
[depth_angular_controller-1] [INFO] [1791309134.114126829] [depth_angular_controller]: PAPER_EVIDENCE retained=16 balls=31 revoked_balls=0 expired_views=0 evicted_views=4 radius=0.580 clearance=0.000 best_prefix=0.000
[depth_angular_controller-1] [INFO] [1791309135.137839586] [depth_angular_controller]: OMNI_DEPTH views=4 azimuth_bins=180 elevation_bins=37 valid=1 certificates=0 short=0 held=0 local_candidates=2 yaw=9.72
[depth_angular_controller-1] [INFO] [1791309135.138120333] [depth_angular_controller]: PAPER_BUILD reason=FULL_MOTION_CERTIFICATE required=0.0000 best=0.0000 free=0 refined=0 tubes=12 revoked_tubes=0 proofs=128
[depth_angular_controller-1] [INFO] [1791309135.138128769] [depth_angular_controller]: PAPER_EVIDENCE retained=16 balls=32 revoked_balls=0 expired_views=0 evicted_views=8 radius=0.580 clearance=0.000 best_prefix=0.000
[depth_angular_controller-1] [INFO] [1791309136.096824929] [depth_angular_controller]: OMNI_DEPTH views=4 azimuth_bins=180 elevation_bins=37 valid=1 certificates=0 short=0 held=0 local_candidates=1 yaw=9.68
[depth_angular_controller-1] [INFO] [1791309136.097070671] [depth_angular_controller]: PAPER_BUILD reason=FULL_MOTION_CERTIFICATE required=0.0000 best=0.0000 free=0 refined=0 tubes=16 revoked_tubes=0 proofs=128
[depth_angular_controller-1] [INFO] [1791309136.097076622] [depth_angular_controller]: PAPER_EVIDENCE retained=16 balls=32 revoked_balls=0 expired_views=0 evicted_views=12 radius=0.580 clearance=0.000 best_prefix=0.000
[depth_angular_controller-1] [INFO] [1791309137.135154415] [depth_angular_controller]: OMNI_DEPTH views=4 azimuth_bins=180 elevation_bins=37 valid=1 certificates=0 short=0 held=0 local_candidates=3 yaw=9.92
[depth_angular_controller-1] [INFO] [1791309137.135459839] [depth_angular_controller]: PAPER_BUILD reason=FULL_MOTION_CERTIFICATE required=0.0000 best=0.0000 free=0 refined=0 tubes=20 revoked_tubes=0 proofs=128
[depth_angular_controller-1] [INFO] [1791309137.135470459] [depth_angular_controller]: PAPER_EVIDENCE retained=16 balls=32 revoked_balls=0 expired_views=0 evicted_views=16 radius=0.580 clearance=0.000 best_prefix=0.000
[depth_angular_controller-1] [INFO] [1791309138.219621197] [depth_angular_controller]: OMNI_DEPTH views=4 azimuth_bins=180 elevation_bins=37 valid=1 certificates=0 short=0 held=0 local_candidates=2 yaw=-1.37
[depth_angular_controller-1] [INFO] [1791309138.219892457] [depth_angular_controller]: PAPER_BUILD reason=FULL_MOTION_CERTIFICATE required=0.0000 best=0.0000 free=0 refined=0 tubes=24 revoked_tubes=0 proofs=128
[depth_angular_controller-1] [INFO] [1791309138.219911613] [depth_angular_controller]: PAPER_EVIDENCE retained=16 balls=32 revoked_balls=0 expired_views=0 evicted_views=20 radius=0.580 clearance=0.000 best_prefix=0.000
[depth_angular_controller-1] [INFO] [1791309139.089401917] [depth_angular_controller]: [PERF CTRL] run=omni_candidate_v22_ego1p3_3 elapsed=23.79s callbacks=592 commands=591 guidance=471 command_fps(ros/wall)=60.00/58.54 guidance_wall_fps=57.05 avoid_ms(mean/p50/p95/max)=1.701/1.497/4.539/14.405 cycle_ms(mean/p95/max)=17.083/21.851/86.659 depth_to_cmd_ms(mean/p95/max)=43.843/83.333/100.000 callback_to_publish_ms(mean/p95/max)=3.098/7.884/14.953
[depth_angular_controller-1] [INFO] [1791309139.089482318] [depth_angular_controller]: EVIDENCE_COST ingest(mean/p95/max)=1.625/6.005/12.933 record=0.020/0.017/0.624 ms
[depth_angular_controller-1] [INFO] [1791309139.089489091] [depth_angular_controller]: EVIDENCE_PHASE per_view_mean_ms balls=0.059 tubes=0.040 history=0.284 eviction=0.000
[position_cmd_to_twist-2] [INFO] [1791309139.154727163] [position_cmd_to_twist]: [PERF BRIDGE] run=omni_candidate_v22_ego1p3_3 elapsed=23.75s received=595 published=595 fps(ros/wall)=60.00/58.60 controller_to_bridge_ms(mean/p50/p95/max)=0.000/0.000/0.000/0.000 bridge_process_ms(mean/p95/max)=0.091/0.117/0.945
[NAV] t=10.0s position=(-50.59,-8.80,2.36) yaw=9.9deg command=(1.98,-0.18,-0.19) manual_active=1 collision_blocks=0
[depth_angular_controller-1] [INFO] [1791309139.245414092] [depth_angular_controller]: OMNI_DEPTH views=4 azimuth_bins=180 elevation_bins=37 valid=1 certificates=0 short=0 held=0 local_candidates=3 yaw=-6.55
[depth_angular_controller-1] [INFO] [1791309139.245695091] [depth_angular_controller]: PAPER_BUILD reason=FULL_MOTION_CERTIFICATE required=0.0000 best=0.0000 free=0 refined=0 tubes=28 revoked_tubes=0 proofs=128
[depth_angular_controller-1] [INFO] [1791309139.245701823] [depth_angular_controller]: PAPER_EVIDENCE retained=16 balls=32 revoked_balls=0 expired_views=0 evicted_views=24 radius=0.580 clearance=0.000 best_prefix=0.000
[depth_angular_controller-1] [INFO] [1791309140.387459603] [depth_angular_controller]: OMNI_DEPTH views=4 azimuth_bins=180 elevation_bins=37 valid=1 certificates=0 short=0 held=0 local_candidates=2 yaw=-7.83
[depth_angular_controller-1] [INFO] [1791309140.387895953] [depth_angular_controller]: PAPER_BUILD reason=FULL_MOTION_CERTIFICATE required=0.0000 best=0.0000 free=0 refined=0 tubes=32 revoked_tubes=0 proofs=128
[depth_angular_controller-1] [INFO] [1791309140.387905741] [depth_angular_controller]: PAPER_EVIDENCE retained=16 balls=32 revoked_balls=0 expired_views=0 evicted_views=26 radius=0.580 clearance=0.000 best_prefix=0.000
[depth_angular_controller-1] [INFO] [1791309141.437859753] [depth_angular_controller]: OMNI_DEPTH views=4 azimuth_bins=180 elevation_bins=37 valid=1 certificates=0 short=0 held=0 local_candidates=2 yaw=-19.14
[depth_angular_controller-1] [INFO] [1791309141.438851126] [depth_angular_controller]: PAPER_BUILD reason=FULL_MOTION_CERTIFICATE required=0.0000 best=0.0000 free=0 refined=0 tubes=36 revoked_tubes=0 proofs=128
[depth_angular_controller-1] [INFO] [1791309141.438866826] [depth_angular_controller]: PAPER_EVIDENCE retained=16 balls=32 revoked_balls=0 expired_views=0 evicted_views=30 radius=0.580 clearance=0.000 best_prefix=0.000
[depth_angular_controller-1] [INFO] [1791309142.410935507] [depth_angular_controller]: OMNI_DEPTH views=4 azimuth_bins=180 elevation_bins=37 valid=1 certificates=0 short=0 held=0 local_candidates=2 yaw=11.78
[depth_angular_controller-1] [INFO] [1791309142.411274073] [depth_angular_controller]: PAPER_BUILD reason=FULL_MOTION_CERTIFICATE required=0.0000 best=0.0000 free=0 refined=0 tubes=40 revoked_tubes=0 proofs=128
[depth_angular_controller-1] [INFO] [1791309142.411291115] [depth_angular_controller]: PAPER_EVIDENCE retained=16 balls=32 revoked_balls=0 expired_views=0 evicted_views=34 radius=0.580 clearance=0.000 best_prefix=0.000
[depth_angular_controller-1] [INFO] [1791309143.503621906] [depth_angular_controller]: OMNI_DEPTH views=4 azimuth_bins=180 elevation_bins=37 valid=1 certificates=0 short=0 held=0 local_candidates=3 yaw=31.94
[depth_angular_controller-1] [INFO] [1791309143.503924245] [depth_angular_controller]: PAPER_BUILD reason=FULL_MOTION_CERTIFICATE required=0.0000 best=0.0000 free=0 refined=0 tubes=45 revoked_tubes=0 proofs=128
[depth_angular_controller-1] [INFO] [1791309143.503931829] [depth_angular_controller]: PAPER_EVIDENCE retained=16 balls=32 revoked_balls=0 expired_views=0 evicted_views=38 radius=0.580 clearance=0.000 best_prefix=0.000
[depth_angular_controller-1] [INFO] [1791309144.096812307] [depth_angular_controller]: [PERF CTRL] run=omni_candidate_v22_ego1p3_3 elapsed=28.80s callbacks=875 commands=874 guidance=754 command_fps(ros/wall)=60.00/57.87 guidance_wall_fps=56.85 avoid_ms(mean/p50/p95/max)=1.978/1.719/4.539/14.405 cycle_ms(mean/p95/max)=17.281/22.391/86.659 depth_to_cmd_ms(mean/p95/max)=42.109/83.333/100.000 callback_to_publish_ms(mean/p95/max)=3.620/8.572/16.292
[depth_angular_controller-1] [INFO] [1791309144.096920560] [depth_angular_controller]: EVIDENCE_COST ingest(mean/p95/max)=1.800/6.032/12.933 record=0.018/0.017/0.624 ms
[depth_angular_controller-1] [INFO] [1791309144.096927743] [depth_angular_controller]: EVIDENCE_PHASE per_view_mean_ms balls=0.066 tubes=0.057 history=0.303 eviction=0.001
[position_cmd_to_twist-2] [INFO] [1791309144.509188891] [position_cmd_to_twist]: [PERF BRIDGE] run=omni_candidate_v22_ego1p3_3 elapsed=29.11s received=895 published=895 fps(ros/wall)=60.00/57.74 controller_to_bridge_ms(mean/p50/p95/max)=0.019/0.000/0.000/16.667 bridge_process_ms(mean/p95/max)=0.091/0.115/0.945
[NAV] t=15.0s position=(-41.15,-8.70,3.06) yaw=10.7deg command=(1.77,0.86,0.34) manual_active=1 collision_blocks=0
[depth_angular_controller-1] [INFO] [1791309144.589030158] [depth_angular_controller]: OMNI_DEPTH views=4 azimuth_bins=180 elevation_bins=37 valid=1 certificates=0 short=0 held=0 local_candidates=3 yaw=25.41
[depth_angular_controller-1] [INFO] [1791309144.589723952] [depth_angular_controller]: PAPER_BUILD reason=FULL_MOTION_CERTIFICATE required=0.0000 best=0.0000 free=0 refined=0 tubes=49 revoked_tubes=0 proofs=128
[depth_angular_controller-1] [INFO] [1791309144.589739010] [depth_angular_controller]: PAPER_EVIDENCE retained=16 balls=32 revoked_balls=0 expired_views=0 evicted_views=42 radius=0.580 clearance=0.000 best_prefix=0.000
[depth_angular_controller-1] [INFO] [1791309145.667585020] [depth_angular_controller]: OMNI_DEPTH views=4 azimuth_bins=180 elevation_bins=37 valid=1 certificates=0 short=0 held=0 local_candidates=3 yaw=41.57
[depth_angular_controller-1] [INFO] [1791309145.667953272] [depth_angular_controller]: PAPER_BUILD reason=FULL_MOTION_CERTIFICATE required=0.0000 best=0.0000 free=0 refined=0 tubes=53 revoked_tubes=0 proofs=128
[depth_angular_controller-1] [INFO] [1791309145.667960866] [depth_angular_controller]: PAPER_EVIDENCE retained=16 balls=32 revoked_balls=0 expired_views=0 evicted_views=46 radius=0.580 clearance=0.000 best_prefix=0.000
[depth_angular_controller-1] [INFO] [1791309146.874837815] [depth_angular_controller]: OMNI_DEPTH views=4 azimuth_bins=180 elevation_bins=37 valid=1 certificates=0 short=0 held=0 local_candidates=3 yaw=42.28
[depth_angular_controller-1] [INFO] [1791309146.875593305] [depth_angular_controller]: PAPER_BUILD reason=FULL_MOTION_CERTIFICATE required=0.0000 best=0.0000 free=0 refined=0 tubes=57 revoked_tubes=0 proofs=128
[depth_angular_controller-1] [INFO] [1791309146.875614996] [depth_angular_controller]: PAPER_EVIDENCE retained=16 balls=32 revoked_balls=0 expired_views=0 evicted_views=51 radius=0.580 clearance=0.000 best_prefix=0.000
[depth_angular_controller-1] [INFO] [1791309147.892429558] [depth_angular_controller]: OMNI_DEPTH views=4 azimuth_bins=180 elevation_bins=37 valid=1 certificates=0 short=0 held=0 local_candidates=3 yaw=39.14
[depth_angular_controller-1] [INFO] [1791309147.892702782] [depth_angular_controller]: PAPER_BUILD reason=FULL_MOTION_CERTIFICATE required=0.0000 best=0.0000 free=0 refined=0 tubes=61 revoked_tubes=0 proofs=128
[depth_angular_controller-1] [INFO] [1791309147.892713532] [depth_angular_controller]: PAPER_EVIDENCE retained=16 balls=32 revoked_balls=0 expired_views=0 evicted_views=54 radius=0.580 clearance=0.000 best_prefix=0.000
[depth_angular_controller-1] [INFO] [1791309148.922978111] [depth_angular_controller]: OMNI_DEPTH views=4 azimuth_bins=180 elevation_bins=37 valid=1 certificates=0 short=0 held=0 local_candidates=3 yaw=26.71
[depth_angular_controller-1] [INFO] [1791309148.924024217] [depth_angular_controller]: PAPER_BUILD reason=FULL_MOTION_CERTIFICATE required=0.0000 best=0.0000 free=0 refined=0 tubes=65 revoked_tubes=0 proofs=128
[depth_angular_controller-1] [INFO] [1791309148.924228982] [depth_angular_controller]: PAPER_EVIDENCE retained=16 balls=32 revoked_balls=0 expired_views=0 evicted_views=58 radius=0.580 clearance=0.000 best_prefix=0.000
[depth_angular_controller-1] [INFO] [1791309149.097496636] [depth_angular_controller]: [PERF CTRL] run=omni_candidate_v22_ego1p3_3 elapsed=33.80s callbacks=1153 commands=1152 guidance=1032 command_fps(ros/wall)=60.00/57.30 guidance_wall_fps=56.50 avoid_ms(mean/p50/p95/max)=1.786/1.393/4.194/14.405 cycle_ms(mean/p95/max)=17.452/21.950/86.659 depth_to_cmd_ms(mean/p95/max)=41.457/83.333/100.000 callback_to_publish_ms(mean/p95/max)=3.475/8.222/16.292
[depth_angular_controller-1] [INFO] [1791309149.097619507] [depth_angular_controller]: EVIDENCE_COST ingest(mean/p95/max)=1.758/5.639/12.933 record=0.017/0.017/0.624 ms
[depth_angular_controller-1] [INFO] [1791309149.097627642] [depth_angular_controller]: EVIDENCE_PHASE per_view_mean_ms balls=0.063 tubes=0.048 history=0.304 eviction=0.001
[position_cmd_to_twist-2] [INFO] [1791309149.856946570] [position_cmd_to_twist]: [PERF BRIDGE] run=omni_candidate_v22_ego1p3_3 elapsed=34.45s received=1195 published=1195 fps(ros/wall)=60.00/57.31 controller_to_bridge_ms(mean/p50/p95/max)=0.014/0.000/0.000/16.667 bridge_process_ms(mean/p95/max)=0.092/0.116/0.945
[NAV] t=20.0s position=(-32.96,-3.28,3.13) yaw=8.5deg command=(1.90,0.52,-0.10) manual_active=1 collision_blocks=0
[depth_angular_controller-1] [INFO] [1791309149.941583980] [depth_angular_controller]: OMNI_DEPTH views=4 azimuth_bins=180 elevation_bins=37 valid=1 certificates=0 short=0 held=0 local_candidates=2 yaw=7.64
[depth_angular_controller-1] [INFO] [1791309149.941904192] [depth_angular_controller]: PAPER_BUILD reason=FULL_MOTION_CERTIFICATE required=0.0000 best=0.0000 free=0 refined=0 tubes=69 revoked_tubes=0 proofs=128
[depth_angular_controller-1] [INFO] [1791309149.941911686] [depth_angular_controller]: PAPER_EVIDENCE retained=16 balls=32 revoked_balls=0 expired_views=0 evicted_views=62 radius=0.580 clearance=0.000 best_prefix=0.000
[depth_angular_controller-1] [INFO] [1791309151.094487336] [depth_angular_controller]: OMNI_DEPTH views=4 azimuth_bins=180 elevation_bins=37 valid=1 certificates=0 short=0 held=0 local_candidates=1 yaw=8.47
[depth_angular_controller-1] [INFO] [1791309151.094902797] [depth_angular_controller]: PAPER_BUILD reason=FULL_MOTION_CERTIFICATE required=0.0000 best=0.0000 free=0 refined=0 tubes=73 revoked_tubes=0 proofs=128
[depth_angular_controller-1] [INFO] [1791309151.094920209] [depth_angular_controller]: PAPER_EVIDENCE retained=16 balls=32 revoked_balls=0 expired_views=0 evicted_views=67 radius=0.580 clearance=0.000 best_prefix=0.000
[depth_angular_controller-1] [INFO] [1791309152.121339041] [depth_angular_controller]: OMNI_DEPTH views=4 azimuth_bins=180 elevation_bins=37 valid=1 certificates=0 short=0 held=0 local_candidates=1 yaw=8.47
[depth_angular_controller-1] [INFO] [1791309152.121659564] [depth_angular_controller]: PAPER_BUILD reason=FULL_MOTION_CERTIFICATE required=0.0000 best=0.0000 free=0 refined=0 tubes=77 revoked_tubes=0 proofs=128
[depth_angular_controller-1] [INFO] [1791309152.121674952] [depth_angular_controller]: PAPER_EVIDENCE retained=16 balls=32 revoked_balls=0 expired_views=0 evicted_views=71 radius=0.580 clearance=0.000 best_prefix=0.000
[depth_angular_controller-1] [INFO] [1791309153.093025764] [depth_angular_controller]: OMNI_DEPTH views=4 azimuth_bins=180 elevation_bins=37 valid=1 certificates=0 short=0 held=0 local_candidates=2 yaw=7.57
[depth_angular_controller-1] [INFO] [1791309153.093292235] [depth_angular_controller]: PAPER_BUILD reason=FULL_MOTION_CERTIFICATE required=0.0000 best=0.0000 free=0 refined=0 tubes=81 revoked_tubes=0 proofs=128
[depth_angular_controller-1] [INFO] [1791309153.093297826] [depth_angular_controller]: PAPER_EVIDENCE retained=16 balls=32 revoked_balls=0 expired_views=0 evicted_views=75 radius=0.580 clearance=0.000 best_prefix=0.000
[depth_angular_controller-1] [INFO] [1791309154.102143282] [depth_angular_controller]: [PERF CTRL] run=omni_candidate_v22_ego1p3_3 elapsed=38.80s callbacks=1441 commands=1440 guidance=1320 command_fps(ros/wall)=60.00/57.35 guidance_wall_fps=56.73 avoid_ms(mean/p50/p95/max)=1.630/1.258/3.855/14.405 cycle_ms(mean/p95/max)=17.437/21.806/86.659 depth_to_cmd_ms(mean/p95/max)=40.215/66.667/100.000 callback_to_publish_ms(mean/p95/max)=3.391/7.721/16.292
[depth_angular_controller-1] [INFO] [1791309154.102290498] [depth_angular_controller]: EVIDENCE_COST ingest(mean/p95/max)=1.784/5.476/12.933 record=0.017/0.018/0.624 ms
[depth_angular_controller-1] [INFO] [1791309154.102300187] [depth_angular_controller]: EVIDENCE_PHASE per_view_mean_ms balls=0.064 tubes=0.046 history=0.312 eviction=0.001
[depth_angular_controller-1] [INFO] [1791309154.121679757] [depth_angular_controller]: OMNI_DEPTH views=4 azimuth_bins=180 elevation_bins=37 valid=1 certificates=0 short=0 held=0 local_candidates=1 yaw=8.47
[depth_angular_controller-1] [INFO] [1791309154.121955335] [depth_angular_controller]: PAPER_BUILD reason=FULL_MOTION_CERTIFICATE required=0.0000 best=0.0000 free=0 refined=0 tubes=85 revoked_tubes=0 proofs=128
[depth_angular_controller-1] [INFO] [1791309154.121961386] [depth_angular_controller]: PAPER_EVIDENCE retained=16 balls=32 revoked_balls=0 expired_views=0 evicted_views=79 radius=0.580 clearance=0.000 best_prefix=0.000
[position_cmd_to_twist-2] [INFO] [1791309155.063273506] [position_cmd_to_twist]: [PERF BRIDGE] run=omni_candidate_v22_ego1p3_3 elapsed=39.66s received=1495 published=1495 fps(ros/wall)=60.00/57.37 controller_to_bridge_ms(mean/p50/p95/max)=0.011/0.000/0.000/16.667 bridge_process_ms(mean/p95/max)=0.091/0.114/0.945
[NAV] t=25.0s position=(-23.09,-1.76,3.04) yaw=8.5deg command=(1.98,0.29,-0.01) manual_active=1 collision_blocks=0
[depth_angular_controller-1] [INFO] [1791309155.146245065] [depth_angular_controller]: OMNI_DEPTH views=4 azimuth_bins=180 elevation_bins=37 valid=1 certificates=0 short=0 held=0 local_candidates=1 yaw=8.47
[depth_angular_controller-1] [INFO] [1791309155.146642312] [depth_angular_controller]: PAPER_BUILD reason=FULL_MOTION_CERTIFICATE required=0.0000 best=0.0000 free=0 refined=0 tubes=89 revoked_tubes=0 proofs=128
[depth_angular_controller-1] [INFO] [1791309155.146659304] [depth_angular_controller]: PAPER_EVIDENCE retained=16 balls=32 revoked_balls=0 expired_views=0 evicted_views=83 radius=0.580 clearance=0.000 best_prefix=0.000
[depth_angular_controller-1] [INFO] [1791309156.296413572] [depth_angular_controller]: OMNI_DEPTH views=4 azimuth_bins=180 elevation_bins=37 valid=1 certificates=0 short=0 held=0 local_candidates=1 yaw=8.47
[depth_angular_controller-1] [INFO] [1791309156.296857486] [depth_angular_controller]: PAPER_BUILD reason=FULL_MOTION_CERTIFICATE required=0.0000 best=0.0000 free=0 refined=0 tubes=93 revoked_tubes=0 proofs=128
[depth_angular_controller-1] [INFO] [1791309156.296867986] [depth_angular_controller]: PAPER_EVIDENCE retained=16 balls=32 revoked_balls=0 expired_views=0 evicted_views=86 radius=0.580 clearance=0.000 best_prefix=0.000
[depth_angular_controller-1] [INFO] [1791309157.317887611] [depth_angular_controller]: OMNI_DEPTH views=4 azimuth_bins=180 elevation_bins=37 valid=1 certificates=0 short=0 held=0 local_candidates=1 yaw=8.47
[depth_angular_controller-1] [INFO] [1791309157.318172246] [depth_angular_controller]: PAPER_BUILD reason=FULL_MOTION_CERTIFICATE required=0.0000 best=0.0000 free=0 refined=0 tubes=97 revoked_tubes=0 proofs=128
[depth_angular_controller-1] [INFO] [1791309157.318179359] [depth_angular_controller]: PAPER_EVIDENCE retained=16 balls=32 revoked_balls=0 expired_views=0 evicted_views=90 radius=0.580 clearance=0.000 best_prefix=0.000
[depth_angular_controller-1] [INFO] [1791309158.463821148] [depth_angular_controller]: OMNI_DEPTH views=4 azimuth_bins=180 elevation_bins=37 valid=1 certificates=0 short=0 held=0 local_candidates=3 yaw=-20.95
[depth_angular_controller-1] [INFO] [1791309158.464554015] [depth_angular_controller]: PAPER_BUILD reason=FULL_MOTION_CERTIFICATE required=0.0000 best=0.0000 free=0 refined=0 tubes=102 revoked_tubes=0 proofs=128
[depth_angular_controller-1] [INFO] [1791309158.464563373] [depth_angular_controller]: PAPER_EVIDENCE retained=16 balls=32 revoked_balls=0 expired_views=0 evicted_views=94 radius=0.580 clearance=0.000 best_prefix=0.000
[depth_angular_controller-1] [INFO] [1791309159.117567702] [depth_angular_controller]: [PERF CTRL] run=omni_candidate_v22_ego1p3_3 elapsed=43.82s callbacks=1722 commands=1721 guidance=1601 command_fps(ros/wall)=60.00/57.13 guidance_wall_fps=56.60 avoid_ms(mean/p50/p95/max)=1.470/1.061/3.668/14.405 cycle_ms(mean/p95/max)=17.504/21.840/86.659 depth_to_cmd_ms(mean/p95/max)=38.819/66.667/100.000 callback_to_publish_ms(mean/p95/max)=3.259/7.512/16.292
[depth_angular_controller-1] [INFO] [1791309159.117733985] [depth_angular_controller]: EVIDENCE_COST ingest(mean/p95/max)=1.778/5.351/12.933 record=0.016/0.018/0.624 ms
[depth_angular_controller-1] [INFO] [1791309159.117740046] [depth_angular_controller]: EVIDENCE_PHASE per_view_mean_ms balls=0.061 tubes=0.046 history=0.312 eviction=0.001
[depth_angular_controller-1] [INFO] [1791309159.437123668] [depth_angular_controller]: OMNI_DEPTH views=4 azimuth_bins=180 elevation_bins=37 valid=1 certificates=0 short=0 held=0 local_candidates=3 yaw=-10.59
[depth_angular_controller-1] [INFO] [1791309159.437421518] [depth_angular_controller]: PAPER_BUILD reason=FULL_MOTION_CERTIFICATE required=0.0000 best=0.0000 free=0 refined=0 tubes=106 revoked_tubes=0 proofs=128
[depth_angular_controller-1] [INFO] [1791309159.437427288] [depth_angular_controller]: PAPER_EVIDENCE retained=16 balls=32 revoked_balls=0 expired_views=0 evicted_views=99 radius=0.580 clearance=0.000 best_prefix=0.000
[position_cmd_to_twist-2] [INFO] [1791309160.316040077] [position_cmd_to_twist]: [PERF BRIDGE] run=omni_candidate_v22_ego1p3_3 elapsed=44.91s received=1795 published=1795 fps(ros/wall)=60.00/57.33 controller_to_bridge_ms(mean/p50/p95/max)=0.009/0.000/0.000/16.667 bridge_process_ms(mean/p95/max)=0.091/0.115/0.945
[NAV] t=30.0s position=(-13.39,-2.17,3.76) yaw=9.8deg command=(1.97,-0.30,0.21) manual_active=1 collision_blocks=0
[depth_angular_controller-1] [INFO] [1791309160.398803856] [depth_angular_controller]: OMNI_DEPTH views=4 azimuth_bins=180 elevation_bins=37 valid=1 certificates=0 short=0 held=0 local_candidates=3 yaw=-8.10
[depth_angular_controller-1] [INFO] [1791309160.399148924] [depth_angular_controller]: PAPER_BUILD reason=FULL_MOTION_CERTIFICATE required=0.0000 best=0.0000 free=0 refined=0 tubes=110 revoked_tubes=0 proofs=128
[depth_angular_controller-1] [INFO] [1791309160.399156058] [depth_angular_controller]: PAPER_EVIDENCE retained=16 balls=32 revoked_balls=0 expired_views=0 evicted_views=102 radius=0.580 clearance=0.000 best_prefix=0.000
[depth_angular_controller-1] [INFO] [1791309161.543538189] [depth_angular_controller]: OMNI_DEPTH views=4 azimuth_bins=180 elevation_bins=37 valid=1 certificates=0 short=0 held=0 local_candidates=2 yaw=10.21
[depth_angular_controller-1] [INFO] [1791309161.543928833] [depth_angular_controller]: PAPER_BUILD reason=FULL_MOTION_CERTIFICATE required=0.0000 best=0.0000 free=0 refined=0 tubes=114 revoked_tubes=0 proofs=128
[depth_angular_controller-1] [INFO] [1791309161.543941227] [depth_angular_controller]: PAPER_EVIDENCE retained=16 balls=32 revoked_balls=0 expired_views=0 evicted_views=107 radius=0.580 clearance=0.000 best_prefix=0.000
[depth_angular_controller-1] [INFO] [1791309162.617981805] [depth_angular_controller]: OMNI_DEPTH views=4 azimuth_bins=180 elevation_bins=37 valid=1 certificates=0 short=0 held=0 local_candidates=2 yaw=-19.24
[depth_angular_controller-1] [INFO] [1791309162.618367480] [depth_angular_controller]: PAPER_BUILD reason=FULL_MOTION_CERTIFICATE required=0.0000 best=0.0000 free=0 refined=0 tubes=118 revoked_tubes=0 proofs=128
[depth_angular_controller-1] [INFO] [1791309162.618374984] [depth_angular_controller]: PAPER_EVIDENCE retained=16 balls=32 revoked_balls=0 expired_views=0 evicted_views=109 radius=0.580 clearance=0.000 best_prefix=0.000
[depth_angular_controller-1] [INFO] [1791309163.639462597] [depth_angular_controller]: OMNI_DEPTH views=4 azimuth_bins=180 elevation_bins=37 valid=1 certificates=0 short=0 held=0 local_candidates=3 yaw=-20.33
[depth_angular_controller-1] [INFO] [1791309163.639807926] [depth_angular_controller]: PAPER_BUILD reason=FULL_MOTION_CERTIFICATE required=0.0000 best=0.0000 free=0 refined=0 tubes=122 revoked_tubes=0 proofs=128
[depth_angular_controller-1] [INFO] [1791309163.639815289] [depth_angular_controller]: PAPER_EVIDENCE retained=16 balls=32 revoked_balls=0 expired_views=0 evicted_views=113 radius=0.580 clearance=0.000 best_prefix=0.000
[depth_angular_controller-1] [INFO] [1791309164.119727354] [depth_angular_controller]: [PERF CTRL] run=omni_candidate_v22_ego1p3_3 elapsed=48.82s callbacks=2012 commands=2011 guidance=1891 command_fps(ros/wall)=60.00/57.25 guidance_wall_fps=56.81 avoid_ms(mean/p50/p95/max)=1.454/1.067/3.518/14.405 cycle_ms(mean/p95/max)=17.467/21.761/86.659 depth_to_cmd_ms(mean/p95/max)=37.872/66.667/100.000 callback_to_publish_ms(mean/p95/max)=3.243/7.419/16.292
[depth_angular_controller-1] [INFO] [1791309164.119914416] [depth_angular_controller]: EVIDENCE_COST ingest(mean/p95/max)=1.761/5.314/12.933 record=0.016/0.018/0.624 ms
[depth_angular_controller-1] [INFO] [1791309164.119921669] [depth_angular_controller]: EVIDENCE_PHASE per_view_mean_ms balls=0.059 tubes=0.049 history=0.307 eviction=0.001
[depth_angular_controller-1] [INFO] [1791309164.604791451] [depth_angular_controller]: OMNI_DEPTH views=4 azimuth_bins=180 elevation_bins=37 valid=1 certificates=0 short=0 held=0 local_candidates=3 yaw=-20.58
[depth_angular_controller-1] [INFO] [1791309164.605172678] [depth_angular_controller]: PAPER_BUILD reason=FULL_MOTION_CERTIFICATE required=0.0000 best=0.0000 free=0 refined=0 tubes=126 revoked_tubes=0 proofs=128
[depth_angular_controller-1] [INFO] [1791309164.605184109] [depth_angular_controller]: PAPER_EVIDENCE retained=16 balls=32 revoked_balls=0 expired_views=0 evicted_views=118 radius=0.580 clearance=0.000 best_prefix=0.000
[position_cmd_to_twist-2] [INFO] [1791309165.536511955] [position_cmd_to_twist]: [PERF BRIDGE] run=omni_candidate_v22_ego1p3_3 elapsed=50.13s received=2095 published=2095 fps(ros/wall)=60.00/57.35 controller_to_bridge_ms(mean/p50/p95/max)=0.008/0.000/0.000/16.667 bridge_process_ms(mean/p95/max)=0.092/0.115/1.452
[NAV] t=35.0s position=(-3.82,-4.02,3.44) yaw=12.6deg command=(1.87,-0.54,-0.43) manual_active=1 collision_blocks=0
[depth_angular_controller-1] [INFO] [1791309165.616182501] [depth_angular_controller]: OMNI_DEPTH views=4 azimuth_bins=180 elevation_bins=37 valid=1 certificates=0 short=0 held=0 local_candidates=3 yaw=-5.66
[depth_angular_controller-1] [INFO] [1791309165.616560051] [depth_angular_controller]: PAPER_BUILD reason=FULL_MOTION_CERTIFICATE required=0.0000 best=0.0000 free=0 refined=0 tubes=130 revoked_tubes=0 proofs=128
[depth_angular_controller-1] [INFO] [1791309165.616567455] [depth_angular_controller]: PAPER_EVIDENCE retained=16 balls=32 revoked_balls=0 expired_views=0 evicted_views=121 radius=0.580 clearance=0.000 best_prefix=0.000
[depth_angular_controller-1] [INFO] [1791309166.627044337] [depth_angular_controller]: OMNI_DEPTH views=4 azimuth_bins=180 elevation_bins=37 valid=1 certificates=0 short=0 held=0 local_candidates=3 yaw=0.15
[depth_angular_controller-1] [INFO] [1791309166.627425293] [depth_angular_controller]: PAPER_BUILD reason=FULL_MOTION_CERTIFICATE required=0.0000 best=0.0000 free=0 refined=0 tubes=134 revoked_tubes=0 proofs=128
[depth_angular_controller-1] [INFO] [1791309166.627435111] [depth_angular_controller]: PAPER_EVIDENCE retained=16 balls=32 revoked_balls=0 expired_views=0 evicted_views=125 radius=0.580 clearance=0.000 best_prefix=0.000
[depth_angular_controller-1] [INFO] [1791309167.655622897] [depth_angular_controller]: OMNI_DEPTH views=4 azimuth_bins=180 elevation_bins=37 valid=1 certificates=0 short=0 held=0 local_candidates=2 yaw=2.42
[depth_angular_controller-1] [INFO] [1791309167.655978406] [depth_angular_controller]: PAPER_BUILD reason=FULL_MOTION_CERTIFICATE required=0.0000 best=0.0000 free=0 refined=0 tubes=138 revoked_tubes=0 proofs=128
[depth_angular_controller-1] [INFO] [1791309167.655985569] [depth_angular_controller]: PAPER_EVIDENCE retained=16 balls=32 revoked_balls=0 expired_views=0 evicted_views=129 radius=0.580 clearance=0.000 best_prefix=0.000
[depth_angular_controller-1] [INFO] [1791309168.628224650] [depth_angular_controller]: OMNI_DEPTH views=4 azimuth_bins=180 elevation_bins=37 valid=1 certificates=0 short=0 held=0 local_candidates=1 yaw=13.90
[depth_angular_controller-1] [INFO] [1791309168.628547768] [depth_angular_controller]: PAPER_BUILD reason=FULL_MOTION_CERTIFICATE required=0.0000 best=0.0000 free=0 refined=0 tubes=142 revoked_tubes=0 proofs=128
[depth_angular_controller-1] [INFO] [1791309168.628556294] [depth_angular_controller]: PAPER_EVIDENCE retained=16 balls=32 revoked_balls=0 expired_views=0 evicted_views=133 radius=0.580 clearance=0.000 best_prefix=0.000
[depth_angular_controller-1] [INFO] [1791309169.122636635] [depth_angular_controller]: [PERF CTRL] run=omni_candidate_v22_ego1p3_3 elapsed=53.82s callbacks=2313 commands=2312 guidance=2192 command_fps(ros/wall)=60.00/57.61 guidance_wall_fps=57.25 avoid_ms(mean/p50/p95/max)=1.445/1.065/3.518/14.405 cycle_ms(mean/p95/max)=17.357/21.851/86.659 depth_to_cmd_ms(mean/p95/max)=37.530/66.667/100.000 callback_to_publish_ms(mean/p95/max)=3.240/7.490/16.292
[depth_angular_controller-1] [INFO] [1791309169.122857841] [depth_angular_controller]: EVIDENCE_COST ingest(mean/p95/max)=1.756/5.344/12.933 record=0.016/0.018/0.624 ms
[depth_angular_controller-1] [INFO] [1791309169.122865535] [depth_angular_controller]: EVIDENCE_PHASE per_view_mean_ms balls=0.058 tubes=0.051 history=0.304 eviction=0.001
[depth_angular_controller-1] [INFO] [1791309169.655742357] [depth_angular_controller]: OMNI_DEPTH views=4 azimuth_bins=180 elevation_bins=37 valid=1 certificates=0 short=0 held=0 local_candidates=1 yaw=13.92
[depth_angular_controller-1] [INFO] [1791309169.656032182] [depth_angular_controller]: PAPER_BUILD reason=FULL_MOTION_CERTIFICATE required=0.0000 best=0.0000 free=0 refined=0 tubes=146 revoked_tubes=0 proofs=128
[depth_angular_controller-1] [INFO] [1791309169.656040538] [depth_angular_controller]: PAPER_EVIDENCE retained=16 balls=32 revoked_balls=0 expired_views=0 evicted_views=138 radius=0.580 clearance=0.000 best_prefix=0.000
[position_cmd_to_twist-2] [INFO] [1791309170.707420059] [position_cmd_to_twist]: [PERF BRIDGE] run=omni_candidate_v22_ego1p3_3 elapsed=55.30s received=2395 published=2395 fps(ros/wall)=60.00/57.43 controller_to_bridge_ms(mean/p50/p95/max)=0.007/0.000/0.000/16.667 bridge_process_ms(mean/p95/max)=0.091/0.115/1.452
[NAV] t=40.0s position=(5.95,-3.19,2.79) yaw=13.9deg command=(1.94,0.48,0.00) manual_active=1 collision_blocks=0
[depth_angular_controller-1] [INFO] [1791309170.790931653] [depth_angular_controller]: OMNI_DEPTH views=4 azimuth_bins=180 elevation_bins=37 valid=1 certificates=0 short=0 held=0 local_candidates=1 yaw=13.92
[depth_angular_controller-1] [INFO] [1791309170.791767303] [depth_angular_controller]: PAPER_BUILD reason=FULL_MOTION_CERTIFICATE required=0.0000 best=0.0000 free=0 refined=0 tubes=150 revoked_tubes=0 proofs=128
[depth_angular_controller-1] [INFO] [1791309170.791793442] [depth_angular_controller]: PAPER_EVIDENCE retained=16 balls=32 revoked_balls=0 expired_views=0 evicted_views=141 radius=0.580 clearance=0.000 best_prefix=0.000
[depth_angular_controller-1] [INFO] [1791309171.869113293] [depth_angular_controller]: OMNI_DEPTH views=4 azimuth_bins=180 elevation_bins=37 valid=1 certificates=0 short=0 held=0 local_candidates=1 yaw=13.92
[depth_angular_controller-1] [INFO] [1791309171.869498958] [depth_angular_controller]: PAPER_BUILD reason=FULL_MOTION_CERTIFICATE required=0.0000 best=0.0000 free=0 refined=0 tubes=154 revoked_tubes=0 proofs=128
[depth_angular_controller-1] [INFO] [1791309171.869506182] [depth_angular_controller]: PAPER_EVIDENCE retained=16 balls=32 revoked_balls=0 expired_views=0 evicted_views=145 radius=0.580 clearance=0.000 best_prefix=0.000
[depth_angular_controller-1] [INFO] [1791309172.893154437] [depth_angular_controller]: OMNI_DEPTH views=4 azimuth_bins=180 elevation_bins=37 valid=1 certificates=0 short=0 held=0 local_candidates=1 yaw=13.92
[depth_angular_controller-1] [INFO] [1791309172.893448770] [depth_angular_controller]: PAPER_BUILD reason=FULL_MOTION_CERTIFICATE required=0.0000 best=0.0000 free=0 refined=0 tubes=158 revoked_tubes=0 proofs=128
[depth_angular_controller-1] [INFO] [1791309172.893455002] [depth_angular_controller]: PAPER_EVIDENCE retained=16 balls=32 revoked_balls=0 expired_views=0 evicted_views=149 radius=0.580 clearance=0.000 best_prefix=0.000
[depth_angular_controller-1] [INFO] [1791309173.985221863] [depth_angular_controller]: OMNI_DEPTH views=4 azimuth_bins=180 elevation_bins=37 valid=1 certificates=0 short=0 held=0 local_candidates=1 yaw=13.92
[depth_angular_controller-1] [INFO] [1791309173.985580687] [depth_angular_controller]: PAPER_BUILD reason=FULL_MOTION_CERTIFICATE required=0.0000 best=0.0000 free=0 refined=0 tubes=162 revoked_tubes=0 proofs=128
[depth_angular_controller-1] [INFO] [1791309173.985587861] [depth_angular_controller]: PAPER_EVIDENCE retained=16 balls=32 revoked_balls=0 expired_views=0 evicted_views=153 radius=0.580 clearance=0.000 best_prefix=0.000
[depth_angular_controller-1] [INFO] [1791309174.124348535] [depth_angular_controller]: [PERF CTRL] run=omni_candidate_v22_ego1p3_3 elapsed=58.83s callbacks=2591 commands=2590 guidance=2470 command_fps(ros/wall)=60.00/57.39 guidance_wall_fps=57.06 avoid_ms(mean/p50/p95/max)=1.335/1.005/3.419/14.405 cycle_ms(mean/p95/max)=17.425/22.090/86.659 depth_to_cmd_ms(mean/p95/max)=37.625/66.667/100.000 callback_to_publish_ms(mean/p95/max)=3.144/7.337/16.292
[depth_angular_controller-1] [INFO] [1791309174.124571374] [depth_angular_controller]: EVIDENCE_COST ingest(mean/p95/max)=1.760/5.531/12.933 record=0.016/0.019/0.624 ms
[depth_angular_controller-1] [INFO] [1791309174.124579019] [depth_angular_controller]: EVIDENCE_PHASE per_view_mean_ms balls=0.057 tubes=0.051 history=0.305 eviction=0.001
[depth_angular_controller-1] [INFO] [1791309174.999101780] [depth_angular_controller]: OMNI_DEPTH views=4 azimuth_bins=180 elevation_bins=37 valid=1 certificates=0 short=0 held=0 local_candidates=1 yaw=13.92
[depth_angular_controller-1] [INFO] [1791309174.999513043] [depth_angular_controller]: PAPER_BUILD reason=FULL_MOTION_CERTIFICATE required=0.0000 best=0.0000 free=0 refined=0 tubes=166 revoked_tubes=0 proofs=128
[depth_angular_controller-1] [INFO] [1791309174.999519886] [depth_angular_controller]: PAPER_EVIDENCE retained=16 balls=32 revoked_balls=0 expired_views=0 evicted_views=158 radius=0.580 clearance=0.000 best_prefix=0.000
[position_cmd_to_twist-2] [INFO] [1791309175.987786678] [position_cmd_to_twist]: [PERF BRIDGE] run=omni_candidate_v22_ego1p3_3 elapsed=60.58s received=2695 published=2695 fps(ros/wall)=60.00/57.36 controller_to_bridge_ms(mean/p50/p95/max)=0.006/0.000/0.000/16.667 bridge_process_ms(mean/p95/max)=0.091/0.115/1.452
[NAV] t=45.0s position=(15.65,-0.78,2.79) yaw=13.9deg command=(1.94,0.48,0.00) manual_active=1 collision_blocks=0
[depth_angular_controller-1] [INFO] [1791309176.070341775] [depth_angular_controller]: OMNI_DEPTH views=4 azimuth_bins=180 elevation_bins=37 valid=1 certificates=0 short=0 held=0 local_candidates=1 yaw=13.92
[depth_angular_controller-1] [INFO] [1791309176.070695189] [depth_angular_controller]: PAPER_BUILD reason=FULL_MOTION_CERTIFICATE required=0.0000 best=0.0000 free=0 refined=0 tubes=170 revoked_tubes=0 proofs=128
[depth_angular_controller-1] [INFO] [1791309176.070712392] [depth_angular_controller]: PAPER_EVIDENCE retained=16 balls=32 revoked_balls=0 expired_views=0 evicted_views=162 radius=0.580 clearance=0.000 best_prefix=0.000
[depth_angular_controller-1] [INFO] [1791309177.089940941] [depth_angular_controller]: OMNI_DEPTH views=4 azimuth_bins=180 elevation_bins=37 valid=1 certificates=0 short=0 held=0 local_candidates=3 yaw=11.25
[depth_angular_controller-1] [INFO] [1791309177.090859136] [depth_angular_controller]: PAPER_BUILD reason=FULL_MOTION_CERTIFICATE required=0.0000 best=0.0000 free=0 refined=0 tubes=174 revoked_tubes=0 proofs=128
[depth_angular_controller-1] [INFO] [1791309177.090887800] [depth_angular_controller]: PAPER_EVIDENCE retained=16 balls=32 revoked_balls=0 expired_views=0 evicted_views=165 radius=0.580 clearance=0.000 best_prefix=0.000
[depth_angular_controller-1] [INFO] [1791309178.251924371] [depth_angular_controller]: OMNI_DEPTH views=4 azimuth_bins=180 elevation_bins=37 valid=1 certificates=0 short=0 held=0 local_candidates=2 yaw=14.42
[depth_angular_controller-1] [INFO] [1791309178.252232781] [depth_angular_controller]: PAPER_BUILD reason=FULL_MOTION_CERTIFICATE required=0.0000 best=0.0000 free=0 refined=0 tubes=178 revoked_tubes=0 proofs=128
[depth_angular_controller-1] [INFO] [1791309178.252239463] [depth_angular_controller]: PAPER_EVIDENCE retained=16 balls=32 revoked_balls=0 expired_views=0 evicted_views=170 radius=0.580 clearance=0.000 best_prefix=0.000
[depth_angular_controller-1] [INFO] [1791309179.133488586] [depth_angular_controller]: [PERF CTRL] run=omni_candidate_v22_ego1p3_3 elapsed=63.84s callbacks=2869 commands=2868 guidance=2748 command_fps(ros/wall)=60.00/57.20 guidance_wall_fps=56.89 avoid_ms(mean/p50/p95/max)=1.381/1.013/3.547/14.405 cycle_ms(mean/p95/max)=17.483/22.190/86.659 depth_to_cmd_ms(mean/p95/max)=37.821/66.667/100.000 callback_to_publish_ms(mean/p95/max)=3.222/7.504/16.292
[depth_angular_controller-1] [INFO] [1791309179.133716454] [depth_angular_controller]: EVIDENCE_COST ingest(mean/p95/max)=1.784/5.531/12.933 record=0.022/0.019/2.817 ms
[depth_angular_controller-1] [INFO] [1791309179.133722004] [depth_angular_controller]: EVIDENCE_PHASE per_view_mean_ms balls=0.059 tubes=0.053 history=0.307 eviction=0.001
[depth_angular_controller-1] [INFO] [1791309179.342817881] [depth_angular_controller]: OMNI_DEPTH views=4 azimuth_bins=180 elevation_bins=37 valid=1 certificates=0 short=0 held=0 local_candidates=2 yaw=15.81
[depth_angular_controller-1] [INFO] [1791309179.343070456] [depth_angular_controller]: PAPER_BUILD reason=FULL_MOTION_CERTIFICATE required=0.0000 best=0.0000 free=0 refined=0 tubes=182 revoked_tubes=0 proofs=128
[depth_angular_controller-1] [INFO] [1791309179.343077008] [depth_angular_controller]: PAPER_EVIDENCE retained=16 balls=32 revoked_balls=0 expired_views=0 evicted_views=173 radius=0.580 clearance=0.000 best_prefix=0.000
[depth_angular_controller-1] [INFO] [1791309180.364320955] [depth_angular_controller]: OMNI_DEPTH views=4 azimuth_bins=180 elevation_bins=37 valid=1 certificates=0 short=0 held=0 local_candidates=3 yaw=15.59
[depth_angular_controller-1] [INFO] [1791309180.364631318] [depth_angular_controller]: PAPER_BUILD reason=FULL_MOTION_CERTIFICATE required=0.0000 best=0.0000 free=0 refined=0 tubes=186 revoked_tubes=0 proofs=128
[depth_angular_controller-1] [INFO] [1791309180.364636598] [depth_angular_controller]: PAPER_EVIDENCE retained=16 balls=32 revoked_balls=0 expired_views=0 evicted_views=177 radius=0.580 clearance=0.000 best_prefix=0.000
[position_cmd_to_twist-2] [INFO] [1791309181.433766748] [position_cmd_to_twist]: [PERF BRIDGE] run=omni_candidate_v22_ego1p3_3 elapsed=66.03s received=2995 published=2995 fps(ros/wall)=60.00/57.12 controller_to_bridge_ms(mean/p50/p95/max)=0.045/0.000/0.000/16.667 bridge_process_ms(mean/p95/max)=0.091/0.114/1.452
[NAV] t=50.0s position=(25.20,1.71,1.46) yaw=13.7deg command=(1.90,0.59,-0.21) manual_active=1 collision_blocks=0
[depth_angular_controller-1] [INFO] [1791309181.524544097] [depth_angular_controller]: OMNI_DEPTH views=4 azimuth_bins=180 elevation_bins=37 valid=1 certificates=0 short=0 held=0 local_candidates=3 yaw=18.27
[depth_angular_controller-1] [INFO] [1791309181.524862886] [depth_angular_controller]: PAPER_BUILD reason=FULL_MOTION_CERTIFICATE required=0.0000 best=0.0000 free=0 refined=0 tubes=190 revoked_tubes=0 proofs=128
[depth_angular_controller-1] [INFO] [1791309181.524868637] [depth_angular_controller]: PAPER_EVIDENCE retained=16 balls=32 revoked_balls=0 expired_views=0 evicted_views=181 radius=0.580 clearance=0.000 best_prefix=0.000
[depth_angular_controller-1] [INFO] [1791309182.566809700] [depth_angular_controller]: OMNI_DEPTH views=4 azimuth_bins=180 elevation_bins=37 valid=1 certificates=0 short=0 held=0 local_candidates=1 yaw=13.62
[depth_angular_controller-1] [INFO] [1791309182.567118650] [depth_angular_controller]: PAPER_BUILD reason=FULL_MOTION_CERTIFICATE required=0.0000 best=0.0000 free=0 refined=0 tubes=194 revoked_tubes=0 proofs=128
[depth_angular_controller-1] [INFO] [1791309182.567123760] [depth_angular_controller]: PAPER_EVIDENCE retained=16 balls=32 revoked_balls=0 expired_views=0 evicted_views=186 radius=0.580 clearance=0.000 best_prefix=0.000
[depth_angular_controller-1] [INFO] [1791309183.596515248] [depth_angular_controller]: OMNI_DEPTH views=4 azimuth_bins=180 elevation_bins=37 valid=1 certificates=0 short=0 held=0 local_candidates=1 yaw=13.61
[depth_angular_controller-1] [INFO] [1791309183.597207279] [depth_angular_controller]: PAPER_BUILD reason=FULL_MOTION_CERTIFICATE required=0.0000 best=0.0000 free=0 refined=0 tubes=198 revoked_tubes=0 proofs=128
[depth_angular_controller-1] [INFO] [1791309183.597229911] [depth_angular_controller]: PAPER_EVIDENCE retained=16 balls=32 revoked_balls=0 expired_views=0 evicted_views=189 radius=0.580 clearance=0.000 best_prefix=0.000
[depth_angular_controller-1] [INFO] [1791309184.146978060] [depth_angular_controller]: [PERF CTRL] run=omni_candidate_v22_ego1p3_3 elapsed=68.85s callbacks=3152 commands=3151 guidance=3031 command_fps(ros/wall)=60.00/57.13 guidance_wall_fps=56.85 avoid_ms(mean/p50/p95/max)=1.503/1.020/3.879/22.394 cycle_ms(mean/p95/max)=17.504/22.370/86.659 depth_to_cmd_ms(mean/p95/max)=38.629/66.667/100.000 callback_to_publish_ms(mean/p95/max)=3.429/8.240/22.806
[depth_angular_controller-1] [INFO] [1791309184.147245533] [depth_angular_controller]: EVIDENCE_COST ingest(mean/p95/max)=1.860/5.812/12.933 record=0.030/0.020/3.099 ms
[depth_angular_controller-1] [INFO] [1791309184.147251494] [depth_angular_controller]: EVIDENCE_PHASE per_view_mean_ms balls=0.062 tubes=0.062 history=0.314 eviction=0.001
[depth_angular_controller-1] [INFO] [1791309184.640226298] [depth_angular_controller]: OMNI_DEPTH views=4 azimuth_bins=180 elevation_bins=37 valid=1 certificates=0 short=0 held=0 local_candidates=1 yaw=13.61
[depth_angular_controller-1] [INFO] [1791309184.640607053] [depth_angular_controller]: PAPER_BUILD reason=FULL_MOTION_CERTIFICATE required=0.0000 best=0.0000 free=0 refined=0 tubes=202 revoked_tubes=0 proofs=128
[depth_angular_controller-1] [INFO] [1791309184.640622292] [depth_angular_controller]: PAPER_EVIDENCE retained=16 balls=32 revoked_balls=0 expired_views=0 evicted_views=193 radius=0.580 clearance=0.000 best_prefix=0.000
[depth_angular_controller-1] [INFO] [1791309185.608998554] [depth_angular_controller]: OMNI_DEPTH views=4 azimuth_bins=180 elevation_bins=37 valid=1 certificates=0 short=0 held=0 local_candidates=1 yaw=13.62
[depth_angular_controller-1] [INFO] [1791309185.609362678] [depth_angular_controller]: PAPER_BUILD reason=FULL_MOTION_CERTIFICATE required=0.0000 best=0.0000 free=0 refined=0 tubes=206 revoked_tubes=0 proofs=128
[depth_angular_controller-1] [INFO] [1791309185.609373919] [depth_angular_controller]: PAPER_EVIDENCE retained=16 balls=32 revoked_balls=0 expired_views=0 evicted_views=197 radius=0.580 clearance=0.000 best_prefix=0.000
[position_cmd_to_twist-2] [INFO] [1791309186.679071656] [position_cmd_to_twist]: [PERF BRIDGE] run=omni_candidate_v22_ego1p3_3 elapsed=71.28s received=3295 published=3295 fps(ros/wall)=60.00/57.13 controller_to_bridge_ms(mean/p50/p95/max)=0.051/0.000/0.000/16.667 bridge_process_ms(mean/p95/max)=0.091/0.114/1.452
[NAV] t=55.0s position=(34.89,4.14,1.68) yaw=13.6deg command=(1.94,0.47,0.07) manual_active=1 collision_blocks=0
[depth_angular_controller-1] [INFO] [1791309186.766228120] [depth_angular_controller]: OMNI_DEPTH views=4 azimuth_bins=180 elevation_bins=37 valid=1 certificates=0 short=0 held=0 local_candidates=1 yaw=13.63
[depth_angular_controller-1] [INFO] [1791309186.766615027] [depth_angular_controller]: PAPER_BUILD reason=FULL_MOTION_CERTIFICATE required=0.0000 best=0.0000 free=0 refined=0 tubes=210 revoked_tubes=0 proofs=128
[depth_angular_controller-1] [INFO] [1791309186.766623994] [depth_angular_controller]: PAPER_EVIDENCE retained=16 balls=32 revoked_balls=0 expired_views=0 evicted_views=201 radius=0.580 clearance=0.000 best_prefix=0.000
[depth_angular_controller-1] [INFO] [1791309187.733091278] [depth_angular_controller]: OMNI_DEPTH views=4 azimuth_bins=180 elevation_bins=37 valid=1 certificates=0 short=0 held=0 local_candidates=1 yaw=13.63
[depth_angular_controller-1] [INFO] [1791309187.733438470] [depth_angular_controller]: PAPER_BUILD reason=FULL_MOTION_CERTIFICATE required=0.0000 best=0.0000 free=0 refined=0 tubes=214 revoked_tubes=0 proofs=128
[depth_angular_controller-1] [INFO] [1791309187.733445904] [depth_angular_controller]: PAPER_EVIDENCE retained=16 balls=32 revoked_balls=0 expired_views=0 evicted_views=205 radius=0.580 clearance=0.000 best_prefix=0.000
[depth_angular_controller-1] [INFO] [1791309188.759462410] [depth_angular_controller]: OMNI_DEPTH views=4 azimuth_bins=180 elevation_bins=37 valid=1 certificates=0 short=0 held=0 local_candidates=1 yaw=13.63
[depth_angular_controller-1] [INFO] [1791309188.759762604] [depth_angular_controller]: PAPER_BUILD reason=FULL_MOTION_CERTIFICATE required=0.0000 best=0.0000 free=0 refined=0 tubes=219 revoked_tubes=0 proofs=128
[depth_angular_controller-1] [INFO] [1791309188.759768806] [depth_angular_controller]: PAPER_EVIDENCE retained=16 balls=32 revoked_balls=0 expired_views=0 evicted_views=209 radius=0.580 clearance=0.000 best_prefix=0.000
[depth_angular_controller-1] [INFO] [1791309189.151554784] [depth_angular_controller]: [PERF CTRL] run=omni_candidate_v22_ego1p3_3 elapsed=73.85s callbacks=3446 commands=3445 guidance=3325 command_fps(ros/wall)=60.00/57.27 guidance_wall_fps=57.02 avoid_ms(mean/p50/p95/max)=1.430/0.977/3.751/22.394 cycle_ms(mean/p95/max)=17.463/22.457/86.659 depth_to_cmd_ms(mean/p95/max)=39.353/66.667/100.000 callback_to_publish_ms(mean/p95/max)=3.388/8.013/22.806
[depth_angular_controller-1] [INFO] [1791309189.151824231] [depth_angular_controller]: EVIDENCE_COST ingest(mean/p95/max)=1.888/5.997/12.933 record=0.029/0.020/3.099 ms
[depth_angular_controller-1] [INFO] [1791309189.151829471] [depth_angular_controller]: EVIDENCE_PHASE per_view_mean_ms balls=0.062 tubes=0.061 history=0.321 eviction=0.001
[depth_angular_controller-1] [INFO] [1791309189.783299300] [depth_angular_controller]: OMNI_DEPTH views=4 azimuth_bins=180 elevation_bins=37 valid=1 certificates=0 short=0 held=0 local_candidates=1 yaw=13.63
[depth_angular_controller-1] [INFO] [1791309189.783558467] [depth_angular_controller]: PAPER_BUILD reason=FULL_MOTION_CERTIFICATE required=0.0000 best=0.0000 free=0 refined=0 tubes=223 revoked_tubes=0 proofs=128
[depth_angular_controller-1] [INFO] [1791309189.783565260] [depth_angular_controller]: PAPER_EVIDENCE retained=16 balls=32 revoked_balls=0 expired_views=0 evicted_views=213 radius=0.580 clearance=0.000 best_prefix=0.000
[depth_angular_controller-1] [INFO] [1791309190.864378826] [depth_angular_controller]: OMNI_DEPTH views=4 azimuth_bins=180 elevation_bins=37 valid=1 certificates=0 short=0 held=0 local_candidates=1 yaw=13.63
[depth_angular_controller-1] [INFO] [1791309190.864739304] [depth_angular_controller]: PAPER_BUILD reason=FULL_MOTION_CERTIFICATE required=0.0000 best=0.0000 free=0 refined=0 tubes=227 revoked_tubes=0 proofs=128
[depth_angular_controller-1] [INFO] [1791309190.864745475] [depth_angular_controller]: PAPER_EVIDENCE retained=16 balls=32 revoked_balls=0 expired_views=0 evicted_views=217 radius=0.580 clearance=0.000 best_prefix=0.000
[position_cmd_to_twist-2] [INFO] [1791309191.742806877] [position_cmd_to_twist]: [PERF BRIDGE] run=omni_candidate_v22_ego1p3_3 elapsed=76.34s received=3595 published=3595 fps(ros/wall)=60.00/57.30 controller_to_bridge_ms(mean/p50/p95/max)=0.046/0.000/0.000/16.667 bridge_process_ms(mean/p95/max)=0.091/0.114/1.452
[NAV] t=60.0s position=(44.61,6.46,2.02) yaw=13.7deg command=(1.96,0.39,-0.09) manual_active=1 collision_blocks=0
[depth_angular_controller-1] [INFO] [1791309191.826976669] [depth_angular_controller]: OMNI_DEPTH views=4 azimuth_bins=180 elevation_bins=37 valid=1 certificates=0 short=0 held=0 local_candidates=3 yaw=13.62
[depth_angular_controller-1] [INFO] [1791309191.827299756] [depth_angular_controller]: PAPER_BUILD reason=FULL_MOTION_CERTIFICATE required=0.0000 best=0.0000 free=0 refined=0 tubes=231 revoked_tubes=0 proofs=128
[depth_angular_controller-1] [INFO] [1791309191.827307821] [depth_angular_controller]: PAPER_EVIDENCE retained=16 balls=32 revoked_balls=0 expired_views=0 evicted_views=221 radius=0.580 clearance=0.000 best_prefix=0.000
[depth_angular_controller-1] [INFO] [1791309192.787012737] [depth_angular_controller]: OMNI_DEPTH views=4 azimuth_bins=180 elevation_bins=37 valid=1 certificates=0 short=0 held=0 local_candidates=3 yaw=12.88
[depth_angular_controller-1] [INFO] [1791309192.787341765] [depth_angular_controller]: PAPER_BUILD reason=FULL_MOTION_CERTIFICATE required=0.0000 best=0.0000 free=0 refined=0 tubes=235 revoked_tubes=0 proofs=128
[depth_angular_controller-1] [INFO] [1791309192.787349449] [depth_angular_controller]: PAPER_EVIDENCE retained=16 balls=32 revoked_balls=0 expired_views=0 evicted_views=224 radius=0.580 clearance=0.000 best_prefix=0.000
[depth_angular_controller-1] [INFO] [1791309193.900669806] [depth_angular_controller]: OMNI_DEPTH views=4 azimuth_bins=180 elevation_bins=37 valid=1 certificates=0 short=0 held=0 local_candidates=3 yaw=12.77
[depth_angular_controller-1] [INFO] [1791309193.901083464] [depth_angular_controller]: PAPER_BUILD reason=FULL_MOTION_CERTIFICATE required=0.0000 best=0.0000 free=0 refined=0 tubes=239 revoked_tubes=0 proofs=128
[depth_angular_controller-1] [INFO] [1791309193.901091038] [depth_angular_controller]: PAPER_EVIDENCE retained=16 balls=32 revoked_balls=0 expired_views=0 evicted_views=229 radius=0.580 clearance=0.000 best_prefix=0.000
[depth_angular_controller-1] [INFO] [1791309194.184939678] [depth_angular_controller]: [PERF CTRL] run=omni_candidate_v22_ego1p3_3 elapsed=78.89s callbacks=3739 commands=3738 guidance=3618 command_fps(ros/wall)=59.98/57.34 guidance_wall_fps=57.11 avoid_ms(mean/p50/p95/max)=1.447/0.987/3.759/23.691 cycle_ms(mean/p95/max)=17.440/22.472/86.659 depth_to_cmd_ms(mean/p95/max)=39.902/83.333/100.000 callback_to_publish_ms(mean/p95/max)=3.407/8.084/29.680
[depth_angular_controller-1] [INFO] [1791309194.185234743] [depth_angular_controller]: EVIDENCE_COST ingest(mean/p95/max)=1.886/5.977/12.933 record=0.028/0.020/3.099 ms
[depth_angular_controller-1] [INFO] [1791309194.185241536] [depth_angular_controller]: EVIDENCE_PHASE per_view_mean_ms balls=0.062 tubes=0.059 history=0.322 eviction=0.001
[depth_angular_controller-1] [INFO] [1791309194.928205928] [depth_angular_controller]: OMNI_DEPTH views=4 azimuth_bins=180 elevation_bins=37 valid=1 certificates=0 short=0 held=0 local_candidates=1 yaw=13.67
[depth_angular_controller-1] [INFO] [1791309194.928802329] [depth_angular_controller]: PAPER_BUILD reason=FULL_MOTION_CERTIFICATE required=0.0000 best=0.0000 free=0 refined=0 tubes=243 revoked_tubes=0 proofs=128
[depth_angular_controller-1] [INFO] [1791309194.928810765] [depth_angular_controller]: PAPER_EVIDENCE retained=16 balls=32 revoked_balls=0 expired_views=0 evicted_views=233 radius=0.580 clearance=0.000 best_prefix=0.000
[depth_angular_controller-1] [INFO] [1791309195.967767419] [depth_angular_controller]: OMNI_DEPTH views=4 azimuth_bins=180 elevation_bins=37 valid=1 certificates=0 short=0 held=0 local_candidates=1 yaw=13.67
[depth_angular_controller-1] [INFO] [1791309195.968169505] [depth_angular_controller]: PAPER_BUILD reason=FULL_MOTION_CERTIFICATE required=0.0000 best=0.0000 free=0 refined=0 tubes=247 revoked_tubes=0 proofs=128
[depth_angular_controller-1] [INFO] [1791309195.968178381] [depth_angular_controller]: PAPER_EVIDENCE retained=16 balls=32 revoked_balls=0 expired_views=0 evicted_views=238 radius=0.580 clearance=0.000 best_prefix=0.000
[position_cmd_to_twist-2] [INFO] [1791309196.936535537] [position_cmd_to_twist]: [PERF BRIDGE] run=omni_candidate_v22_ego1p3_3 elapsed=81.53s received=3893 published=3893 fps(ros/wall)=59.97/57.31 controller_to_bridge_ms(mean/p50/p95/max)=0.103/0.000/0.000/33.333 bridge_process_ms(mean/p95/max)=0.090/0.113/1.452
[NAV] t=65.0s position=(54.29,8.84,2.21) yaw=13.7deg command=(1.94,0.47,0.12) manual_active=1 collision_blocks=0
[depth_angular_controller-1] [INFO] [1791309197.113110908] [depth_angular_controller]: OMNI_DEPTH views=4 azimuth_bins=180 elevation_bins=37 valid=1 certificates=0 short=0 held=0 local_candidates=1 yaw=13.67
[depth_angular_controller-1] [INFO] [1791309197.113552868] [depth_angular_controller]: PAPER_BUILD reason=FULL_MOTION_CERTIFICATE required=0.0000 best=0.0000 free=0 refined=0 tubes=251 revoked_tubes=0 proofs=128
[depth_angular_controller-1] [INFO] [1791309197.113559290] [depth_angular_controller]: PAPER_EVIDENCE retained=16 balls=32 revoked_balls=0 expired_views=0 evicted_views=242 radius=0.580 clearance=0.000 best_prefix=0.000
[depth_angular_controller-1] [INFO] [1791309198.189058159] [depth_angular_controller]: OMNI_DEPTH views=4 azimuth_bins=180 elevation_bins=37 valid=1 certificates=0 short=0 held=0 local_candidates=1 yaw=13.67
[depth_angular_controller-1] [INFO] [1791309198.189371628] [depth_angular_controller]: PAPER_BUILD reason=FULL_MOTION_CERTIFICATE required=0.0000 best=0.0000 free=0 refined=0 tubes=255 revoked_tubes=0 proofs=128
[depth_angular_controller-1] [INFO] [1791309198.189376708] [depth_angular_controller]: PAPER_EVIDENCE retained=16 balls=32 revoked_balls=0 expired_views=0 evicted_views=246 radius=0.580 clearance=0.000 best_prefix=0.000
[depth_angular_controller-1] [INFO] [1791309199.196195956] [depth_angular_controller]: [PERF CTRL] run=omni_candidate_v22_ego1p3_3 elapsed=83.90s callbacks=4021 commands=4020 guidance=3900 command_fps(ros/wall)=59.97/57.26 guidance_wall_fps=57.05 avoid_ms(mean/p50/p95/max)=1.421/0.943/3.729/35.212 cycle_ms(mean/p95/max)=17.463/22.638/86.659 depth_to_cmd_ms(mean/p95/max)=40.380/83.333/100.000 callback_to_publish_ms(mean/p95/max)=3.398/8.130/39.472
[depth_angular_controller-1] [INFO] [1791309199.196628769] [depth_angular_controller]: EVIDENCE_COST ingest(mean/p95/max)=1.893/6.021/12.933 record=0.035/0.020/3.099 ms
[depth_angular_controller-1] [INFO] [1791309199.196643407] [depth_angular_controller]: EVIDENCE_PHASE per_view_mean_ms balls=0.061 tubes=0.060 history=0.323 eviction=0.001
[depth_angular_controller-1] [INFO] [1791309199.216268178] [depth_angular_controller]: OMNI_DEPTH views=4 azimuth_bins=180 elevation_bins=37 valid=1 certificates=0 short=0 held=0 local_candidates=1 yaw=13.67
[depth_angular_controller-1] [INFO] [1791309199.216608968] [depth_angular_controller]: PAPER_BUILD reason=FULL_MOTION_CERTIFICATE required=0.0000 best=0.0000 free=0 refined=0 tubes=256 revoked_tubes=0 proofs=128
[depth_angular_controller-1] [INFO] [1791309199.216624567] [depth_angular_controller]: PAPER_EVIDENCE retained=16 balls=32 revoked_balls=0 expired_views=0 evicted_views=250 radius=0.580 clearance=0.000 best_prefix=0.000
[depth_angular_controller-1] [INFO] [1791309200.301830168] [depth_angular_controller]: OMNI_DEPTH views=4 azimuth_bins=180 elevation_bins=37 valid=1 certificates=0 short=0 held=0 local_candidates=1 yaw=13.67
[depth_angular_controller-1] [INFO] [1791309200.302172331] [depth_angular_controller]: PAPER_BUILD reason=FULL_MOTION_CERTIFICATE required=0.0000 best=0.0000 free=0 refined=0 tubes=256 revoked_tubes=0 proofs=128
[depth_angular_controller-1] [INFO] [1791309200.302178883] [depth_angular_controller]: PAPER_EVIDENCE retained=16 balls=32 revoked_balls=0 expired_views=0 evicted_views=254 radius=0.580 clearance=0.000 best_prefix=0.000
[depth_angular_controller-1] [INFO] [1791309201.261762261] [depth_angular_controller]: OMNI_DEPTH views=4 azimuth_bins=180 elevation_bins=37 valid=1 certificates=0 short=0 held=0 local_candidates=1 yaw=13.67
[depth_angular_controller-1] [INFO] [1791309201.262072433] [depth_angular_controller]: PAPER_BUILD reason=FULL_MOTION_CERTIFICATE required=0.0000 best=0.0000 free=0 refined=0 tubes=256 revoked_tubes=0 proofs=128
[depth_angular_controller-1] [INFO] [1791309201.262080118] [depth_angular_controller]: PAPER_EVIDENCE retained=16 balls=32 revoked_balls=0 expired_views=0 evicted_views=258 radius=0.580 clearance=0.000 best_prefix=0.000
[position_cmd_to_twist-2] [INFO] [1791309202.352243345] [position_cmd_to_twist]: [PERF BRIDGE] run=omni_candidate_v22_ego1p3_3 elapsed=86.95s received=4193 published=4193 fps(ros/wall)=59.97/57.17 controller_to_bridge_ms(mean/p50/p95/max)=0.095/0.000/0.000/33.333 bridge_process_ms(mean/p95/max)=0.090/0.113/1.452
[NAV] t=70.0s position=(63.45,11.07,2.77) yaw=13.7deg command=(0.98,0.24,0.06) manual_active=1 collision_blocks=0
[depth_angular_controller-1] [INFO] [1791309202.471124310] [depth_angular_controller]: OMNI_DEPTH views=4 azimuth_bins=180 elevation_bins=37 valid=1 certificates=0 short=0 held=0 local_candidates=1 yaw=13.67
[depth_angular_controller-1] [INFO] [1791309202.471297365] [depth_angular_controller]: PAPER_BUILD reason=FULL_MOTION_CERTIFICATE required=0.0000 best=0.0000 free=0 refined=0 tubes=256 revoked_tubes=0 proofs=128
[depth_angular_controller-1] [INFO] [1791309202.471302745] [depth_angular_controller]: PAPER_EVIDENCE retained=16 balls=32 revoked_balls=0 expired_views=0 evicted_views=262 radius=0.580 clearance=0.000 best_prefix=0.000
[depth_angular_controller-1] [INFO] [1791309202.531871122] [depth_angular_controller]: ZERO_INTENT
[BENCHMARK RESULT] ARRIVED sim=69.283s
[PERF ISAAC FINAL] run=omni_candidate_v22_ego1p3_3 result=ARRIVED wall=75.18s sim_frames=4279 fps(sim/wall)=60.03/56.92 command_changes=3342 collision_blocks=0 frame_interval_ms(mean/p50/p95/max)=17.493/15.955/18.000/79.542
[88.137s] Simulation App Shutting Down
[depth_angular_controller-1] [INFO] [1791309204.470477520] [rclcpp]: signal_handler(SIGINT/SIGTERM)
[position_cmd_to_twist-2] [INFO] [1791309204.471360219] [position_cmd_to_twist]: [PERF BRIDGE FINAL] run=omni_candidate_v22_ego1p3_3 elapsed=89.07s received=4275 published=4275 fps(ros/wall)=59.97/57.15 controller_to_bridge_ms(mean/p50/p95/max)=0.094/0.000/0.000/33.333 bridge_process_ms(mean/p95/max)=0.090/0.113/1.452
[position_cmd_to_twist-2] Failed to publish log message to rosout: publisher's context is invalid, at ./src/rcl/publisher.c:389
[depth_angular_controller-1] [INFO] [1791309204.471619205] [depth_angular_controller]: [PERF CTRL FINAL] run=omni_candidate_v22_ego1p3_3 elapsed=89.17s callbacks=4276 commands=4275 guidance=4084 command_fps(ros/wall)=59.97/57.15 guidance_wall_fps=56.98 avoid_ms(mean/p50/p95/max)=1.378/0.895/3.638/35.212 cycle_ms(mean/p95/max)=17.498/22.636/86.659 depth_to_cmd_ms(mean/p95/max)=40.667/83.333/100.000 callback_to_publish_ms(mean/p95/max)=3.324/7.890/39.472
[depth_angular_controller-1] [INFO] [1791309204.471923487] [depth_angular_controller]: EVIDENCE_COST ingest(mean/p95/max)=1.884/5.991/12.933 record=0.034/0.020/3.099 ms
[depth_angular_controller-1] [INFO] [1791309204.471931242] [depth_angular_controller]: EVIDENCE_PHASE per_view_mean_ms balls=0.061 tubes=0.059 history=0.322 eviction=0.001
[INFO] [depth_angular_controller-1]: process has finished cleanly [pid 195372]
[INFO] [position_cmd_to_twist-2]: process has finished cleanly [pid 195374]
