[PERF] run=omni_final_v22_ego1p2_3 log=/home/starry/isaac-data/EGO1P3/performance/navigation_benchmark_20260929/PERFORMANCE.md
[INPUT] mode=goal scene_mode=cloud
[LOCK] Waiting for shared Isaac navigation slot
[INFO] [launch]: All log files can be found below /tmp/fov_gvf_ego1p3_isaac_ros_log/2026-10-07-02-19-46-982403-starry-System-Product-Name-204200
[INFO] [launch]: Default logging verbosity is set to INFO
[INFO] [depth_angular_controller-1]: process started with pid [204202]
[INFO] [position_cmd_to_twist-2]: process started with pid [204204]
[depth_angular_controller-1] [INFO] [1791310787.016771983] [depth_angular_controller]: PROCESSING_RATES control=60.0 Hz depth_limit=10.0 Hz (0=unlimited)
[depth_angular_controller-1] [INFO] [1791310787.016824802] [depth_angular_controller]: GOAL_FRONT_ONLY enabled: front depth plus certified history; manual mode retains four views
[depth_angular_controller-1] [INFO] [1791310787.018610418] [depth_angular_controller]: C++ controller commands publish on /position_cmd; horizontal views=1
[ROS CHECK] ROS_DOMAIN_ID=42 /position_cmd publishers=1
Type: pc_gvf_msgs/msg/PositionCommand
Publisher count: 1
Subscription count: 1
/depth_angular_controller
/position_cmd_to_twist
WARNING: All log messages before absl::InitializeLog() is called are written to STDERR
E0000 00:00:1791310787.974227  204243 descriptor_database.cc:633] File already exists in database: grpc/health/v1/health.proto
W0000 00:00:1791310787.974251  204243 message.cc:301] Protobuf GeneratedMessageFactory: File is already registered: grpc/health/v1/health.proto
2026-10-06T18:19:47Z [Info] [carb] Logging to file: /home/starry/isaac-data/isaacsim/kit/logs/Kit/Isaac-Sim Python/6.0/kit_20261007_021947.log
[0.044s] [ext: omni.assets.plugins-0.0.0] startup
[0.045s] [ext: omni.blobkey-1.1.2] startup
[0.045s] [ext: omni.kit.async_engine-0.0.3] startup
[0.322s] [ext: omni.client.lib-1.1.1] startup
[0.330s] [ext: omni.client-1.3.0] startup
[0.332s] [ext: omni.protobuf.lib-1.0.0] startup
[0.333s] [ext: omni.grpc.lib-1.0.0] startup
[0.336s] [ext: omni.metrics.core-0.0.3] startup
[0.336s] [ext: omni.datastore-0.0.0] startup
[0.337s] [ext: omni.gpu_foundation.shadercache.vulkan-1.0.0] startup
[0.339s] [ext: omni.hsscclient-1.1.4] startup
[0.339s] [ext: omni.stats-1.0.1] startup
[0.340s] [ext: omni.ujitso.default-1.0.0] startup
[0.342s] [ext: omni.gpu_foundation-0.0.0] startup
[0.478s] [ext: carb.windowing.plugins-1.0.1] startup
[0.478s] [ext: omni.kit.renderer.init-1.0.1] startup
2026-10-06T18:19:48Z [686ms] [Warning] [omni.rtx] Skipping unsupported non-NVIDIA GPU: AMD Unknown (RADV RAPHAEL_MENDOCINO)
2026-10-06T18:19:48Z [686ms] [Warning] [omni.rtx] Skipping unsupported non-NVIDIA GPU: AMD Unknown (RADV RAPHAEL_MENDOCINO)

|---------------------------------------------------------------------------------------------|
| Driver Version: 580.178.04    | Graphics API: Vulkan
|=============================================================================================|
| GPU | Name                             | Active | LDA | GPU Memory | Vendor-ID | LUID       |
|     |                                  |        |     |            | Device-ID | UUID       |
|     |                                  |        |     |            | Bus-ID    |            |
|---------------------------------------------------------------------------------------------|
| 0   | NVIDIA GeForce RTX 5070          | Yes: 0 |     | 12227   MB | 10de      | 0          |
|     |                                  |        |     |            | 2f04      | 348d89fe.. |
|     |                                  |        |     |            | 1         |            |
|---------------------------------------------------------------------------------------------|
| 1   | AMD Unknown (RADV RAPHAEL_MEND.. |        |     | 10755   MB | 1002      | 0          |
|     |                                  |        |     |            | 13c0      | 00000000.. |
|     |                                  |        |     |            | c         |            |
|=============================================================================================|
| OS: 22.04.5 LTS (Jammy Jellyfish) ubuntu, Version: 22.04.5, Kernel: 6.8.0-138-generic
| XServer Vendor: The X.Org Foundation, XServer Version: 12101004 (1.21.1.4)
| Processor: AMD Ryzen 5 9600X 6-Core Processor
| Cores: 6 | Logical Cores: 12
|---------------------------------------------------------------------------------------------|
| Total Memory (MB): 31241 | Free Memory: 22858
| Total Page/Swap (MB): 15624 | Free Page/Swap: 15624
|---------------------------------------------------------------------------------------------|
2026-10-06T18:19:48Z [904ms] [Warning] [omni.rtx] CPU performance profile is set to powersave. This profile sets the CPU to the lowest frequency reducing performance.
2026-10-06T18:19:48Z [912ms] [Warning] [omni.rtx] IOMMU is enabled.
[1.016s] [ext: omni.kit.pipapi-0.0.0] startup
[1.017s] [ext: omni.kit.pip_archive-0.0.0] startup
[1.017s] [ext: isaacsim.pip.newton-0.6.1] startup
[1.018s] [ext: omni.pip.compute-1.9.2] startup
[1.018s] [ext: omni.isaac.core_archive-5.3.1] startup
[1.018s] [ext: omni.kit.telemetry-0.5.2] startup
[1.044s] [ext: omni.kit.loop-isaac-1.6.0] startup
[1.046s] [ext: omni.kit.test-2.0.7] startup
[1.121s] [ext: omni.materialx.libs-1.0.9] startup
[1.130s] [ext: omni.gpucompute.plugins-0.0.0] startup
[1.130s] [ext: omni.usd.config-1.0.7] startup
[1.134s] [ext: omni.usd.libs-1.0.3] startup
[1.190s] [ext: omni.iray.libs-0.0.1] startup
[1.193s] [ext: omni.mdl-57.0.3] startup
[1.253s] [ext: omni.mdl.neuraylib-0.2.20] startup
[1.255s] [ext: omni.kit.usd.mdl-1.1.9] startup
[1.339s] [ext: omni.appwindow-1.2.2] startup
[1.341s] [ext: omni.kit.renderer.core-1.2.2] startup
2026-10-06T18:19:54Z [6,521ms] [Warning] [carb.windowing-glfw.gamepad] Joystick with unknown remapping detected (will be ignored):  BEITONG BEITONG A2P3A BFM DONGLE [03000000bc2000001c51000011010000]
[6.553s] [ext: omni.kit.renderer.capture-2.0.1] startup
[6.555s] [ext: omni.kit.renderer.imgui-2.0.6] startup
[6.591s] [ext: omni.ui-3.2.0] startup
[6.598s] [ext: omni.kit.mainwindow-1.0.3] startup
[6.599s] [ext: carb.audio-0.1.0] startup
[6.601s] [ext: omni.uiaudio-1.0.0] startup
[6.602s] [ext: omni.kit.uiapp-0.0.0] startup
[6.602s] [ext: omni.usd.schema.metrics.assembler-110.1.0] startup
[6.604s] [ext: omni.usd.schema.audio-0.0.1] startup
[6.606s] [ext: omni.usd_resolver-1.0.0] startup
[6.608s] [ext: omni.usd.core-1.8.3] startup
[6.611s] [ext: omni.metropolis.schema-0.0.3] startup
[6.611s] [ext: isaacsim.anim.robot.schema-0.1.1] startup
[6.612s] [ext: omni.usd.schema.anim-0.0.1] startup
[6.625s] [ext: omni.usd.schema.geospatial-0.0.1] startup
[6.626s] [ext: omni.usd.schema.omnigraph-1.0.1] startup
[6.630s] [ext: omni.usd.schema.semantics-0.0.0] startup
[6.632s] [ext: omni.activity.core-1.0.3] startup
[6.633s] [ext: omni.cubric-0.1.0] startup
[6.633s] [ext: omni.graph.exec-0.9.6] startup
[6.633s] [ext: omni.hydra.scene_delegate-0.3.5] startup
[6.635s] [ext: usdrt.scenegraph-7.6.3] startup
[6.654s] [ext: omni.hydra.usdrt_delegate-7.5.2] startup
[6.657s] [ext: omni.inspect-1.0.2] startup
[6.658s] [ext: omni.kit.actions.core-1.0.0] startup
[6.660s] [ext: omni.kit.audiodeviceenum-1.0.2] startup
[6.661s] [ext: omni.kit.commands-1.5.0] startup
[6.663s] [ext: omni.kit.exec.core-0.13.5] startup
[6.664s] [ext: omni.kit.usd_undo-0.1.8] startup
[6.664s] [ext: omni.kit.window.popup_dialog-2.0.25] startup
[6.667s] [ext: omni.kit.widget.nucleus_connector-2.3.1] startup
[6.669s] [ext: omni.timeline-1.1.0] startup
[6.670s] [ext: omni.usd-1.16.0] startup
[6.694s] [ext: omni.graph.core-3.1.2] startup
[6.697s] [ext: omni.kit.notification_manager-1.0.11] startup
[6.698s] [ext: isaacsim.core.deprecation_manager-0.4.2] startup
[6.699s] [ext: isaacsim.replicator.agent.schema-0.1.1] startup
[6.699s] [ext: isaacsim.robot.schema-6.3.7] startup
[6.703s] [ext: isaacsim.robot_motion.schema-0.2.1] startup
[6.704s] [ext: omni.anim.behavior.schema-110.1.0] startup
[6.707s] [ext: omni.anim.graph.schema-110.1.1] startup
[6.711s] [ext: omni.anim.navigation.schema-110.1.0] startup
[6.713s] [ext: omni.behavior.tree.schema-110.1.0] startup
[6.714s] [ext: omni.isaac.ml_archive-3.3.0] startup
[6.714s] [ext: omni.kit.asset_converter-6.0.1] startup
[6.723s] [ext: omni.pip.cloud-1.5.4] startup
[6.725s] [ext: omni.usd.schema.flow-110.0.0] startup
[6.725s] [ext: omni.usd.schema.mujoco-1.1.1] startup
[6.725s] [ext: omni.usd.schema.newton-1.2.1] startup
[6.726s] [ext: omni.usd.schema.omni_lens_distortion-1.0.0] startup
[6.726s] [ext: omni.usd.schema.omni_projectors-1.0.0] startup
[6.727s] [ext: omni.usd.schema.omni_sensors-0.0.0] startup
[6.733s] [ext: omni.usd.schema.omniscripting-1.0.1] startup
[6.736s] [ext: omni.usd.schema.physical_lighting-0.1.0] startup
[6.738s] [ext: omni.usd.schema.physx-110.1.13] startup
[6.761s] [ext: omni.usd.schema.render_settings.rtx-1.0.2] startup
[6.764s] [ext: omni.usd.schema.usd_particle_field-1.0.0] startup
[6.764s] [ext: isaacsim.core.version-2.1.1] startup
[6.765s] [ext: omni.kit.menu.core-1.2.0] startup
[6.765s] [ext: omni.kit.menu.utils-2.2.4] startup
[6.771s] [ext: isaacsim.app.about-2.3.1] startup
[6.774s] [ext: isaacsim.asset.transformer-1.2.5] startup
[6.777s] [ext: omni.scene.optimizer.core-110.1.0] startup
[6.806s] [ext: isaacsim.asset.importer.utils-1.8.1] startup
[6.808s] [ext: omni.convexdecomposition-110.1.13] startup
[6.809s] [ext: omni.physics-110.1.13] startup
[6.812s] [ext: omni.physx.gpu-110.1.13] startup
[6.812s] [ext: omni.physx.foundation-110.1.13] startup
[6.813s] [ext: omni.usdphysics-110.1.13] startup
[6.814s] [ext: omni.physx.cooking-110.1.13] startup
[6.816s] [ext: omni.physx-110.1.13] startup
[6.822s] [ext: omni.physics.physx-110.1.13] startup
[6.824s] [ext: isaacsim.asset.exporter.urdf-2.0.5] startup
[6.830s] [ext: omni.kit.clipboard-1.1.1] startup
[6.830s] [ext: omni.kit.usd.layers-2.6.1] startup
[6.835s] [ext: omni.kit.widget.context_menu-1.4.0] startup
[6.837s] [ext: omni.kit.context_menu-1.9.0] startup
[6.837s] [ext: omni.kit.helper.file_utils-0.1.10] startup
[6.839s] [ext: omni.kit.widget.nucleus_info-2.0.2] startup
[6.839s] [ext: omni.kit.search_core-1.0.8] startup
[6.840s] [ext: omni.kit.widget.path_field-2.0.13] startup
[6.840s] [ext: omni.kit.widget.browser_bar-2.0.10] startup
[6.840s] [ext: omni.kit.widget.filebrowser-2.13.4] startup
[6.844s] [ext: omni.kit.widget.options_menu-1.1.6] startup
[6.846s] [ext: omni.kit.widget.options_button-1.0.3] startup
[6.846s] [ext: omni.kit.widget.search_delegate-1.0.9] startup
[6.847s] [ext: omni.ui.scene-2.0.3] startup
[6.850s] [ext: omni.kit.window.filepicker-2.15.5] startup
[6.860s] [ext: omni.kit.window.file_importer-1.1.21] startup
[6.861s] [ext: omni.kit.material.library-3.1.2] startup
[6.865s] [ext: isaacsim.asset.transformer.rules-1.7.10] startup
[6.873s] [ext: omni.usdex.libs-2.2.2] startup
[6.878s] [ext: isaacsim.asset.importer.mjcf-3.10.1] startup
[6.880s] [ext: isaacsim.asset.importer.urdf-3.11.2] startup
[6.883s] [ext: omni.kit.primitive.mesh-1.1.0] startup
[6.885s] [ext: omni.kit.stage_template.core-1.1.22] startup
[6.885s] [ext: omni.kit.stage_templates-2.0.2] startup
[6.886s] [ext: omni.usd.metrics.assembler-110.1.2] startup
[6.888s] [ext: omni.warp.core-1.13.0] startup
[7.068s] [ext: isaacsim.core.experimental.utils-0.17.2] startup
[7.069s] [ext: omni.physics.stageupdate-110.1.13] startup
[7.070s] [ext: omni.physics.tensors-110.1.13] startup
[7.074s] [ext: omni.physx.tensors-110.1.13] startup
[7.076s] [ext: isaacsim.core.simulation_manager-1.15.6] startup
[7.086s] [ext: isaacsim.storage.native-1.9.3] startup
[7.087s] [ext: omni.usd.metrics.assembler.physics-110.1.13] startup
[7.088s] [ext: isaacsim.core.utils-4.1.7] startup
[7.090s] [ext: isaacsim.core.prims-0.11.7] startup
[7.958s] [ext: isaacsim.core.api-5.2.13] startup
[7.963s] [ext: isaacsim.core.cloner-1.7.3] startup
[7.964s] [ext: isaacsim.test.docstring-1.3.2] startup
[7.966s] [ext: isaacsim.core.experimental.prims-1.8.9] startup
[7.985s] [ext: isaacsim.core.experimental.primdata-0.3.2] startup
[7.987s] [ext: omni.graph.tools-1.81.0] startup
[8.006s] [ext: omni.graph-1.142.5] startup
[8.038s] [ext: isaacsim.core.experimental.actuators-0.1.2] startup
[8.050s] [ext: isaacsim.core.experimental.materials-0.7.1] startup
[8.053s] [ext: isaacsim.core.experimental.objects-0.8.1] startup
[8.106s] [ext: omni.hydra.engine.stats-1.0.5] startup
[8.109s] [ext: omni.hydra.rtx.shadercache.vulkan-1.0.0] startup
[8.109s] [ext: omni.index.libs-387500.4413.0] startup
[8.110s] [ext: omni.index-1.0.1] startup
[8.110s] [ext: omni.ujitso.client-0.0.0] startup
[8.110s] [ext: omni.usd.schema.playback-1.0.0] startup
[8.113s] [ext: omni.volume-0.5.2] startup
[8.117s] [ext: omni.hydra.rtx-1.0.4] startup
2026-10-06T18:19:55Z [8,107ms] [Warning] [omni.log] Source: omni.hydra was already registered.
[8.138s] [ext: omni.kit.hydra_texture-1.6.0] startup
[8.141s] [ext: omni.kit.raycast.query-1.2.0] startup
[8.144s] [ext: omni.kit.viewport.legacy_gizmos-1.0.24] startup
[8.146s] [ext: omni.kit.viewport.registry-104.0.6] startup
[8.146s] [ext: omni.kit.viewport.scene_camera_model-1.0.7] startup
[8.149s] [ext: omni.kit.widget.viewport-109.2.0] startup
[8.152s] [ext: omni.kit.window.drop_support-1.0.8] startup
[8.153s] [ext: omni.kit.viewport.window-109.0.2] startup
[8.167s] [ext: omni.kit.viewport.utility-2.0.1] startup
[8.168s] [ext: isaacsim.core.rendering_manager-0.4.3] startup
[8.187s] [ext: omni.graph.action_core-1.1.9] startup
[8.189s] [ext: omni.graph.action_nodes_core-2.11.0] startup
[8.191s] [ext: omni.graph.action_nodes-2.11.0] startup
[8.206s] [ext: omni.graph.action-2.10.2] startup
[8.207s] [ext: omni.graph.image.core-0.6.1] startup
[8.208s] [ext: omni.graph.image.nodes-1.3.1] startup
[8.209s] [ext: omni.graph.nodes_core-2.11.0] startup
[8.213s] [ext: omni.graph.nodes-2.12.0] startup
[8.217s] [ext: omni.kit.hotkeys.core-1.3.12] startup
[8.218s] [ext: omni.kit.property.adapter.core-1.1.1] startup
[8.220s] [ext: omni.kit.property.adapter.usd-1.0.5] startup
[8.221s] [ext: omni.kit.widget.filter-1.1.5] startup
[8.221s] [ext: omni.kit.widget.highlight_label-1.0.3] startup
[8.222s] [ext: omni.kit.widget.searchfield-1.1.8] startup
[8.223s] [ext: omni.kit.window.file_exporter-1.0.36] startup
[8.224s] [ext: omni.kit.widget.stage-4.4.0] startup
[8.231s] [ext: omni.kit.window.content_browser_registry-0.0.6] startup
[8.232s] [ext: omni.kit.window.file-2.0.10] startup
[8.235s] [ext: omni.kit.window.content_browser-3.1.8] startup
[8.243s] [ext: omni.kit.window.property-1.15.1] startup
[8.253s] [ext: omni.kit.property.usd-4.9.4] startup
[8.261s] [ext: omni.graph.scriptnode-2.10.2] startup
[8.269s] [ext: omni.kit.widget.searchable_combobox-1.0.7] startup
[8.270s] [ext: omni.kit.widget.settings-2.0.0] startup
[8.271s] [ext: omni.kit.window.preferences-1.8.3] startup
[8.275s] [ext: omni.kit.viewport.menubar.core-107.2.2] startup
[8.285s] [ext: omni.syntheticdata-0.6.15] startup
[8.307s] [ext: omni.replicator.nv-1.1.1] startup
[8.311s] [ext: omni.videoencoding-0.2.1] startup
[8.313s] [ext: omni.replicator.core-1.13.27] startup
2026-10-06T18:19:55Z [8,298ms] [Warning] [pxr.Semantics] pxr.Semantics is deprecated - please use Semantics instead
2026-10-06T18:19:56Z [8,362ms] [Warning] [omni.replicator.core.scripts.extension] No material configuration file, adding configuration to material settings directly.
[8.509s] [ext: isaacsim.core.nodes-5.10.5] startup
[8.535s] [ext: isaacsim.core.throttling-2.3.5] startup
[8.536s] [ext: omni.kit.manipulator.viewport-107.0.1] startup
[8.537s] [ext: omni.graph.visualization.nodes-2.1.4] startup
[8.549s] [ext: omni.kit.window.extensions-1.5.10] startup
[8.554s] [ext: isaacsim.gui.components-1.8.5] startup
[8.558s] [ext: isaacsim.robot.surface_gripper-3.6.2] startup
[8.567s] [ext: isaacsim.robot.manipulators-3.4.4] startup
[8.576s] [ext: isaacsim.robot_motion.lula-4.1.3] startup
[8.582s] [ext: isaacsim.robot_motion.motion_generation-8.2.9] startup
[8.586s] [ext: isaacsim.cortex.framework-1.0.18] startup
[8.588s] [ext: isaacsim.cortex.behaviors-2.0.17] startup
[8.589s] [ext: isaacsim.examples.base-1.3.2] startup
[8.590s] [ext: omni.kit.widget.zoombar-1.0.7] startup
[8.591s] [ext: omni.kit.browser.core-2.3.18] startup
[8.594s] [ext: omni.kit.browser.folder.core-2.0.2] startup
[8.597s] [ext: omni.kit.widget.stage_icons-1.0.8] startup
[8.598s] [ext: omni.kit.window.stage-2.6.1] startup
[8.600s] [ext: omni.kit.menu.stage-1.2.7] startup
[8.601s] [ext: omni.kit.usd.collect-3.0.6] startup
[8.603s] [ext: omni.kit.widget.prompt-1.0.7] startup
[8.604s] [ext: omni.kit.tool.collect-2.2.19] startup
[8.606s] [ext: isaacsim.examples.browser-0.3.2] startup
[8.607s] [ext: omni.kit.search.files-1.0.4] startup
[8.608s] [ext: omni.kit.widget.calendar-1.0.9] startup
[8.609s] [ext: omni.kit.widget.extended_searchfield-1.0.31] startup
[8.615s] [ext: omni.simready.content.browser-0.3.7] startup
[8.698s] [ext: isaacsim.gui.content_browser-0.4.3] startup
[8.700s] [ext: omni.kit.selection-0.1.6] startup
[8.701s] [ext: isaacsim.gui.menu-2.10.5] startup
[8.708s] [ext: isaacsim.gui.property-1.6.4] startup
[8.713s] [ext: omni.kit.viewport.actions-110.0.0] startup
[8.717s] [ext: omni.kit.viewport.menubar.display-107.1.3] startup
[8.718s] [ext: isaacsim.gui.sensors.icon-2.2.1] startup
[8.721s] [ext: omni.behavior.scripting.core-110.1.0] startup
[8.723s] [ext: isaacsim.replicator.behavior-1.5.4] startup
[8.724s] [ext: isaacsim.replicator.experimental.domain_randomization-1.2.5] startup
[8.736s] [ext: isaacsim.replicator.domain_randomization-1.2.2] startup
[8.802s] [ext: isaacsim.replicator.writers-1.5.4] startup
[8.823s] [ext: isaacsim.robot.experimental.wheeled_robots-0.2.11] startup
[8.842s] [ext: isaacsim.robot.policy.examples-5.2.12] startup
[8.859s] [ext: isaacsim.robot.wheeled_robots-5.2.4] startup
[8.862s] [ext: isaacsim.robot.wheeled_robots.nodes-0.1.5] startup
[8.877s] [ext: isaacsim.robot_motion.experimental.motion_generation-6.1.3] startup
[8.887s] [ext: isaacsim.robot_motion.cumotion-1.3.1] startup
[8.899s] [ext: omni.kit.numpy.common-0.1.3] startup
[8.900s] [ext: isaacsim.sensors.camera-1.7.9] startup
[8.926s] [ext: isaacsim.sensors.experimental.physics-3.0.2] startup
[8.932s] [ext: omni.sensors.net-1.0.1] startup
[8.934s] [ext: omni.sensors.nv.common-3.0.0] startup
[8.943s] [ext: omni.sensors.nv.materials-2.0.0] startup
[8.945s] [ext: omni.sensors.nv.acoustic-3.0.0] startup
[8.947s] [ext: omni.sensors.nv.ids-2.0.1] startup
[8.949s] [ext: omni.sensors.nv.lidar-3.0.0] startup
[8.951s] [ext: omni.sensors.nv.radar-3.0.0] startup
[8.954s] [ext: isaacsim.sensors.experimental.rtx-1.4.6] startup
[9.189s] [ext: isaacsim.sensors.physics.nodes-1.5.3] startup
[9.195s] [ext: isaacsim.util.debug_draw-3.2.3] startup
[9.199s] [ext: isaacsim.sensors.physx-2.5.5] startup
[9.205s] [ext: isaacsim.sensors.rtx-15.17.1] startup
[9.213s] [ext: isaacsim.simulation_app-2.18.4] startup
[9.214s] [ext: omni.anim.curve.core-1.6.0] startup
[9.222s] [ext: omni.graph.ui_nodes-2.11.1] startup
[9.241s] [ext: omni.hydra.scene_api-0.1.3] startup
[9.244s] [ext: omni.kit.manipulator.camera-110.0.0] startup
[9.247s] [ext: omni.kit.manipulator.selector-1.1.4] startup
[9.248s] [ext: omni.kit.manipulator.transform-107.0.0] startup
[9.252s] [ext: omni.kit.widget.toolbar-2.1.0] startup
[9.257s] [ext: omni.kit.manipulator.tool.snap-1.5.14] startup
[9.260s] [ext: omni.kit.viewport.manipulator.transform-107.0.4] startup
[9.261s] [ext: omni.kit.manipulator.prim.core-108.0.2] startup
[9.266s] [ext: omni.kit.manipulator.prim.usd-107.0.3] startup
[9.267s] [ext: omni.kit.manipulator.prim-108.0.0] startup
[9.267s] [ext: omni.kit.manipulator.selection-109.0.1] startup
[9.268s] [ext: omni.kit.menu.create-2.0.2] startup
[9.270s] [ext: omni.kit.property.audio-1.0.16] startup
[9.272s] [ext: omni.kit.property.camera-1.0.14] startup
[9.273s] [ext: omni.kit.property.geometry-2.1.2] startup
[9.276s] [ext: omni.kit.property.light-1.0.14] startup
2026-10-06T18:19:56Z [9,274ms] [Warning] [omni.usd] Encountered USD Warnings but USD Diagnostics are currently muted. To view USD Warnings, please set the '/persistent/app/usd/muteUsdDiagnostics' setting to false in Preferences page.
[9.301s] [ext: omni.kit.property.material-1.14.6] startup
[9.306s] [ext: omni.kit.property.render-1.2.2] startup
[9.307s] [ext: omni.kit.property.transform-1.6.9] startup
[9.309s] [ext: omni.kit.property.bundle-1.5.1] startup
[9.311s] [ext: omni.kit.usdz_export-1.1.0] startup
[9.313s] [ext: omni.kit.tool.asset_importer-6.0.1] startup
[9.317s] [ext: omni.kit.ui.actions-1.0.5] startup
[9.319s] [ext: omni.kit.viewport.menubar.camera-107.0.10] startup
[9.322s] [ext: omni.kit.viewport.menubar.lighting-107.3.2] startup
[9.325s] [ext: omni.kit.viewport.menubar.render-110.0.0] startup
[9.326s] [ext: omni.kit.viewport.menubar.settings-110.0.1] startup
[9.329s] [ext: omni.kit.window.console-1.1.9] startup
[9.332s] [ext: omni.kit.window.status_bar-0.1.11] startup
[9.334s] [ext: omni.kit.window.toolbar-3.0.3] startup
[9.336s] [ext: omni.ocio-0.1.1] startup
[9.337s] [ext: omni.physx.commands-110.1.13] startup
[9.340s] [ext: omni.replicator.replicator_yaml-2.0.12] startup
[9.349s] [ext: omni.rtx.window.settings-0.8.0] startup
[9.352s] [ext: omni.rtx.settings.core-0.7.1] startup
[9.355s] [ext: omni.usd.metrics.assembler.ui-110.1.1] startup
[9.360s] [ext: semantics.schema.editor-2.0.2] startup
[9.363s] [ext: semantics.schema.property-2.0.2] startup
[9.364s] [ext: omni.kit.menu.common-2.0.2] startup
[9.365s] [ext: isaacsim.exp.base-6.0.1] startup
[9.365s] [ext: isaacsim.exp.base.python-6.0.1] startup
[9.366s] Simulation App Starting
[10.423s] Simulation App Startup Complete
[10.427s] app ready
Starting kit application with the following args:  ['/home/starry/isaac-data/isaacsim/exts/isaacsim.simulation_app/isaacsim/simulation_app/simulation_app.py', '/home/starry/isaac-data/isaacsim/apps/isaacsim.exp.base.python.kit', '--/app/tokens/exe-path=/home/starry/isaac-data/isaacsim/kit', '--/persistent/app/viewport/displayOptions=3094', '--/rtx/materialDb/syncLoads=True', '--/rtx/hydra/materialSyncLoads=True', '--/omni/kit/plugin/syncUsdLoads=True', '--/app/renderer/resolution/width=1280', '--/app/renderer/resolution/height=720', '--/app/window/width=1440', '--/app/window/height=900', '--/renderer/multiGpu/enabled=False', '--/app/fastShutdown=True', '--/app/installSignalHandlers=0', '--ext-folder', '/home/starry/isaac-data/isaacsim/exts', '--ext-folder', '/home/starry/isaac-data/isaacsim/apps', '--/renderer/activeGpu=0', '--/physics/cudaDevice=0', '--/plugins/carb.tasking.plugin/threadCount=12', '--/plugins/omni.tbb.globalcontrol/maxThreadCount=12', '--portable', '--no-window', '--/app/window/hideUi=1']
Passing the following args to the base kit application:  []
Warp 1.13.0 initialized:
   CUDA Toolkit 12.9, Driver 13.0
   Devices:
     "cpu"      : "x86_64"
     "cuda:0"   : "NVIDIA GeForce RTX 5070" (11 GiB, sm_120, mempool enabled)
   Kernel cache:
     /home/starry/.cache/warp/1.13.0
[LIGHTING] sun=800.0 (1) dome=0.0 (1) ambient=0.05 constant_color=(0.6, 0.65, 0.7)
[RENDER] mode=MinimalRendering minimal_shading_mode=2 anti_aliasing=TAA
[DEPTH CAMERAS] count=4 resolution_each=320x240 horizontal_coverage=360deg
[ESDF] path=/home/starry/isaac-data/EGO1P3/scenes/ego_swarm_cloud/occupancy.bin shape=(400, 300, 50) resolution=0.40m
[depth_angular_controller-1] [INFO] [1791310800.725454714] [depth_angular_controller]: WAITING_ODOMETRY
[NAV] t=0.0s position=(-64.00,-11.20,2.80) yaw=1.2deg command=(0.00,0.00,0.00) manual_active=0 collision_blocks=0
[depth_angular_controller-1] [INFO] [1791310801.085037803] [depth_angular_controller]: WAITING_VERIFIED_START_POSE
[depth_angular_controller-1] [INFO] [1791310801.122993874] [depth_angular_controller]: VERIFIED_FREE_SEED center=(-64.000,-11.200,2.800) radius=2.500 balls=1: verified fixed Cloud free ball; USD and occupancy SHA-256 matched
[depth_angular_controller-1] [INFO] [1791310801.123555259] [depth_angular_controller]: ZERO_INTENT
[depth_angular_controller-1] [INFO] [1791310802.926240689] [depth_angular_controller]: DEPTH_PROPOSAL conservative_grid=64x48 measured_state=1 direction_only=1
[depth_angular_controller-1] [INFO] [1791310802.926589093] [depth_angular_controller]: DEPTH_PROPOSAL_CERTIFIED
[depth_angular_controller-1] [INFO] [1791310802.926596447] [depth_angular_controller]: PAPER_BUILD reason=FULL_MOTION_CERTIFICATE required=0.0000 best=0.0000 free=0 refined=0 tubes=0 revoked_tubes=0 proofs=0
[depth_angular_controller-1] [INFO] [1791310802.926603751] [depth_angular_controller]: PAPER_EVIDENCE retained=2 balls=1 revoked_balls=0 expired_views=0 evicted_views=0 radius=0.580 clearance=0.000 best_prefix=0.000
[10.944s] [ext: isaacsim.sensors.rtx.nodes-0.1.2] startup
[10.952s] [ext: isaacsim.ros2.core-1.9.4] startup
[10.965s] Attempting to load system rclpy
[10.965s] Could not import system rclpy: No module named 'rclpy'
[10.965s] Attempting to load internal rclpy for ROS Distro: humble
[10.977s] rclpy loaded
[10.980s] [ext: isaacsim.ros2.nodes-1.18.13] startup
[11.014s] [ext: isaacsim.ros2.examples-1.2.4] startup
[11.018s] [ext: isaacsim.ros2.ui-1.6.5] startup
[11.223s] [ext: isaacsim.ros2.bridge-5.1.2] startup
2026-10-06T18:20:01Z [13,466ms] [Warning] [omni.timeline.plugin] Deprecated: direct use of ITimeline callbacks is deprecated. Use ITimeline::getTimeline (Python: omni.timeline.get_timeline_interface) instead.
[depth_angular_controller-1] [INFO] [1791310803.914865063] [depth_angular_controller]: PAPER_BUILD reason=FULL_MOTION_CERTIFICATE required=0.0000 best=0.0000 free=0 refined=0 tubes=1 revoked_tubes=0 proofs=49
[depth_angular_controller-1] [INFO] [1791310803.914905359] [depth_angular_controller]: PAPER_EVIDENCE retained=3 balls=4 revoked_balls=0 expired_views=0 evicted_views=0 radius=0.580 clearance=0.000 best_prefix=0.000
[depth_angular_controller-1] [INFO] [1791310804.903712737] [depth_angular_controller]: PAPER_BUILD reason=FULL_MOTION_CERTIFICATE required=0.0000 best=0.0000 free=0 refined=0 tubes=4 revoked_tubes=0 proofs=105
[depth_angular_controller-1] [INFO] [1791310804.903753033] [depth_angular_controller]: PAPER_EVIDENCE retained=4 balls=15 revoked_balls=0 expired_views=0 evicted_views=0 radius=0.580 clearance=0.000 best_prefix=0.000
[position_cmd_to_twist-2] [INFO] [1791310805.817240190] [position_cmd_to_twist]: [PERF BRIDGE] run=omni_final_v22_ego1p2_3 elapsed=18.68s received=295 published=295 fps(ros/wall)=60.00/62.36 controller_to_bridge_ms(mean/p50/p95/max)=0.000/0.000/0.000/0.000 bridge_process_ms(mean/p95/max)=0.082/0.109/0.194
[NAV] t=5.0s position=(-60.39,-10.13,2.97) yaw=9.7deg command=(1.90,0.31,-0.02) manual_active=1 collision_blocks=0
[depth_angular_controller-1] [INFO] [1791310805.888555384] [depth_angular_controller]: PAPER_BUILD reason=FULL_MOTION_CERTIFICATE required=0.0000 best=0.0000 free=0 refined=0 tubes=8 revoked_tubes=0 proofs=128
[depth_angular_controller-1] [INFO] [1791310805.888593506] [depth_angular_controller]: PAPER_EVIDENCE retained=5 balls=30 revoked_balls=0 expired_views=0 evicted_views=0 radius=0.580 clearance=0.000 best_prefix=0.000
[depth_angular_controller-1] [INFO] [1791310806.089094339] [depth_angular_controller]: [PERF CTRL] run=omni_final_v22_ego1p2_3 elapsed=19.07s callbacks=315 commands=314 guidance=194 command_fps(ros/wall)=60.00/62.55 guidance_wall_fps=61.02 avoid_ms(mean/p50/p95/max)=0.666/0.402/2.070/6.249 cycle_ms(mean/p95/max)=15.987/18.343/80.644 depth_to_cmd_ms(mean/p95/max)=58.505/100.000/100.000 callback_to_publish_ms(mean/p95/max)=0.862/3.100/14.267
[depth_angular_controller-1] [INFO] [1791310806.089161075] [depth_angular_controller]: EVIDENCE_COST ingest(mean/p95/max)=0.375/2.238/13.784 record=0.010/0.015/0.147 ms
[depth_angular_controller-1] [INFO] [1791310806.089168789] [depth_angular_controller]: EVIDENCE_PHASE per_view_mean_ms balls=0.061 tubes=0.011 history=0.229 eviction=0.000
[depth_angular_controller-1] [INFO] [1791310806.820160832] [depth_angular_controller]: PAPER_BUILD reason=FULL_MOTION_CERTIFICATE required=0.0000 best=0.0000 free=0 refined=0 tubes=12 revoked_tubes=0 proofs=128
[depth_angular_controller-1] [INFO] [1791310806.820197361] [depth_angular_controller]: PAPER_EVIDENCE retained=6 balls=32 revoked_balls=0 expired_views=0 evicted_views=0 radius=0.580 clearance=0.000 best_prefix=0.000
[depth_angular_controller-1] [INFO] [1791310807.936831746] [depth_angular_controller]: PAPER_BUILD reason=FULL_MOTION_CERTIFICATE required=0.0000 best=0.0000 free=0 refined=0 tubes=16 revoked_tubes=0 proofs=128
[depth_angular_controller-1] [INFO] [1791310807.936871931] [depth_angular_controller]: PAPER_EVIDENCE retained=7 balls=32 revoked_balls=0 expired_views=0 evicted_views=0 radius=0.580 clearance=0.000 best_prefix=0.000
[depth_angular_controller-1] [INFO] [1791310808.868293904] [depth_angular_controller]: PAPER_BUILD reason=FULL_MOTION_CERTIFICATE required=0.0000 best=0.0000 free=0 refined=0 tubes=20 revoked_tubes=0 proofs=128
[depth_angular_controller-1] [INFO] [1791310808.868331525] [depth_angular_controller]: PAPER_EVIDENCE retained=8 balls=32 revoked_balls=0 expired_views=0 evicted_views=0 radius=0.580 clearance=0.000 best_prefix=0.000
[depth_angular_controller-1] [INFO] [1791310809.854618777] [depth_angular_controller]: PAPER_BUILD reason=FULL_MOTION_CERTIFICATE required=0.0000 best=0.0000 free=0 refined=0 tubes=24 revoked_tubes=0 proofs=128
[depth_angular_controller-1] [INFO] [1791310809.854661517] [depth_angular_controller]: PAPER_EVIDENCE retained=9 balls=32 revoked_balls=0 expired_views=0 evicted_views=0 radius=0.580 clearance=0.000 best_prefix=0.000
[position_cmd_to_twist-2] [INFO] [1791310810.881292678] [position_cmd_to_twist]: [PERF BRIDGE] run=omni_final_v22_ego1p2_3 elapsed=23.75s received=595 published=595 fps(ros/wall)=60.00/60.74 controller_to_bridge_ms(mean/p50/p95/max)=0.000/0.000/0.000/0.000 bridge_process_ms(mean/p95/max)=0.086/0.107/1.211
[NAV] t=10.0s position=(-50.68,-8.71,2.36) yaw=9.8deg command=(1.98,-0.21,-0.16) manual_active=1 collision_blocks=0
[depth_angular_controller-1] [INFO] [1791310810.956985008] [depth_angular_controller]: PAPER_BUILD reason=FULL_MOTION_CERTIFICATE required=0.0000 best=0.0000 free=0 refined=0 tubes=28 revoked_tubes=0 proofs=128
[depth_angular_controller-1] [INFO] [1791310810.957022078] [depth_angular_controller]: PAPER_EVIDENCE retained=10 balls=32 revoked_balls=0 expired_views=0 evicted_views=0 radius=0.580 clearance=0.000 best_prefix=0.000
[depth_angular_controller-1] [INFO] [1791310811.098331332] [depth_angular_controller]: [PERF CTRL] run=omni_final_v22_ego1p2_3 elapsed=24.08s callbacks=611 commands=610 guidance=490 command_fps(ros/wall)=60.00/60.82 guidance_wall_fps=59.84 avoid_ms(mean/p50/p95/max)=0.583/0.466/1.018/6.249 cycle_ms(mean/p95/max)=16.442/18.534/80.644 depth_to_cmd_ms(mean/p95/max)=58.605/100.000/116.667 callback_to_publish_ms(mean/p95/max)=0.937/3.093/14.267
[depth_angular_controller-1] [INFO] [1791310811.098413256] [depth_angular_controller]: EVIDENCE_COST ingest(mean/p95/max)=0.389/2.325/13.784 record=0.012/0.016/0.242 ms
[depth_angular_controller-1] [INFO] [1791310811.098419027] [depth_angular_controller]: EVIDENCE_PHASE per_view_mean_ms balls=0.062 tubes=0.013 history=0.251 eviction=0.000
[depth_angular_controller-1] [INFO] [1791310811.937900325] [depth_angular_controller]: PAPER_BUILD reason=FULL_MOTION_CERTIFICATE required=0.0000 best=0.0000 free=0 refined=0 tubes=32 revoked_tubes=0 proofs=128
[depth_angular_controller-1] [INFO] [1791310811.937935431] [depth_angular_controller]: PAPER_EVIDENCE retained=11 balls=32 revoked_balls=0 expired_views=0 evicted_views=0 radius=0.580 clearance=0.000 best_prefix=0.000
[depth_angular_controller-1] [INFO] [1791310812.927984973] [depth_angular_controller]: PAPER_BUILD reason=FULL_MOTION_CERTIFICATE required=0.0000 best=0.0000 free=0 refined=0 tubes=36 revoked_tubes=0 proofs=128
[depth_angular_controller-1] [INFO] [1791310812.928025099] [depth_angular_controller]: PAPER_EVIDENCE retained=12 balls=32 revoked_balls=0 expired_views=0 evicted_views=0 radius=0.580 clearance=0.000 best_prefix=0.000
[depth_angular_controller-1] [INFO] [1791310813.972445752] [depth_angular_controller]: PAPER_BUILD reason=FULL_MOTION_CERTIFICATE required=0.0000 best=0.0000 free=0 refined=0 tubes=40 revoked_tubes=0 proofs=128
[depth_angular_controller-1] [INFO] [1791310813.972481288] [depth_angular_controller]: PAPER_EVIDENCE retained=13 balls=32 revoked_balls=0 expired_views=0 evicted_views=0 radius=0.580 clearance=0.000 best_prefix=0.000
[depth_angular_controller-1] [INFO] [1791310815.013434044] [depth_angular_controller]: PAPER_BUILD reason=FULL_MOTION_CERTIFICATE required=0.0000 best=0.0000 free=0 refined=0 tubes=45 revoked_tubes=0 proofs=128
[depth_angular_controller-1] [INFO] [1791310815.013474019] [depth_angular_controller]: PAPER_EVIDENCE retained=14 balls=32 revoked_balls=0 expired_views=0 evicted_views=0 radius=0.580 clearance=0.000 best_prefix=0.000
[position_cmd_to_twist-2] [INFO] [1791310815.996251646] [position_cmd_to_twist]: [PERF BRIDGE] run=omni_final_v22_ego1p2_3 elapsed=28.87s received=895 published=895 fps(ros/wall)=60.00/60.01 controller_to_bridge_ms(mean/p50/p95/max)=0.000/0.000/0.000/0.000 bridge_process_ms(mean/p95/max)=0.086/0.111/1.211
[NAV] t=15.0s position=(-41.23,-8.83,3.05) yaw=10.8deg command=(1.77,0.86,0.35) manual_active=1 collision_blocks=0
[depth_angular_controller-1] [INFO] [1791310816.074612039] [depth_angular_controller]: PAPER_BUILD reason=FULL_MOTION_CERTIFICATE required=0.0000 best=0.0000 free=0 refined=0 tubes=49 revoked_tubes=0 proofs=128
[depth_angular_controller-1] [INFO] [1791310816.074651724] [depth_angular_controller]: PAPER_EVIDENCE retained=15 balls=32 revoked_balls=0 expired_views=0 evicted_views=0 radius=0.580 clearance=0.000 best_prefix=0.000
[depth_angular_controller-1] [INFO] [1791310816.105443080] [depth_angular_controller]: [PERF CTRL] run=omni_final_v22_ego1p2_3 elapsed=29.09s callbacks=904 commands=903 guidance=783 command_fps(ros/wall)=60.00/60.05 guidance_wall_fps=59.34 avoid_ms(mean/p50/p95/max)=0.606/0.518/0.993/6.249 cycle_ms(mean/p95/max)=16.652/18.569/80.644 depth_to_cmd_ms(mean/p95/max)=58.557/100.000/116.667 callback_to_publish_ms(mean/p95/max)=0.998/3.190/14.267
[depth_angular_controller-1] [INFO] [1791310816.105535324] [depth_angular_controller]: EVIDENCE_COST ingest(mean/p95/max)=0.384/2.342/13.784 record=0.013/0.018/0.242 ms
[depth_angular_controller-1] [INFO] [1791310816.105541004] [depth_angular_controller]: EVIDENCE_PHASE per_view_mean_ms balls=0.060 tubes=0.014 history=0.252 eviction=0.000
[depth_angular_controller-1] [INFO] [1791310817.189025350] [depth_angular_controller]: PAPER_BUILD reason=FULL_MOTION_CERTIFICATE required=0.0000 best=0.0000 free=0 refined=0 tubes=53 revoked_tubes=0 proofs=128
[depth_angular_controller-1] [INFO] [1791310817.189066427] [depth_angular_controller]: PAPER_EVIDENCE retained=15 balls=32 revoked_balls=0 expired_views=0 evicted_views=0 radius=0.580 clearance=0.000 best_prefix=0.000
[depth_angular_controller-1] [INFO] [1791310818.156869492] [depth_angular_controller]: PAPER_BUILD reason=FULL_MOTION_CERTIFICATE required=0.0000 best=0.0000 free=0 refined=0 tubes=57 revoked_tubes=0 proofs=128
[depth_angular_controller-1] [INFO] [1791310818.156904939] [depth_angular_controller]: PAPER_EVIDENCE retained=16 balls=32 revoked_balls=0 expired_views=0 evicted_views=0 radius=0.580 clearance=0.000 best_prefix=0.000
[depth_angular_controller-1] [INFO] [1791310819.179667539] [depth_angular_controller]: PAPER_BUILD reason=FULL_MOTION_CERTIFICATE required=0.0000 best=0.0000 free=0 refined=0 tubes=61 revoked_tubes=0 proofs=128
[depth_angular_controller-1] [INFO] [1791310819.179708316] [depth_angular_controller]: PAPER_EVIDENCE retained=16 balls=32 revoked_balls=0 expired_views=0 evicted_views=1 radius=0.580 clearance=0.000 best_prefix=0.000
[depth_angular_controller-1] [INFO] [1791310820.263332625] [depth_angular_controller]: PAPER_BUILD reason=FULL_MOTION_CERTIFICATE required=0.0000 best=0.0000 free=0 refined=0 tubes=65 revoked_tubes=0 proofs=128
[depth_angular_controller-1] [INFO] [1791310820.263374704] [depth_angular_controller]: PAPER_EVIDENCE retained=16 balls=32 revoked_balls=0 expired_views=0 evicted_views=2 radius=0.580 clearance=0.000 best_prefix=0.000
[depth_angular_controller-1] [INFO] [1791310821.111934493] [depth_angular_controller]: [PERF CTRL] run=omni_final_v22_ego1p2_3 elapsed=34.09s callbacks=1192 commands=1191 guidance=1071 command_fps(ros/wall)=60.00/59.42 guidance_wall_fps=58.84 avoid_ms(mean/p50/p95/max)=0.611/0.546/0.960/6.249 cycle_ms(mean/p95/max)=16.829/18.795/80.644 depth_to_cmd_ms(mean/p95/max)=58.870/100.000/116.667 callback_to_publish_ms(mean/p95/max)=1.014/3.136/14.267
[depth_angular_controller-1] [INFO] [1791310821.112057284] [depth_angular_controller]: EVIDENCE_COST ingest(mean/p95/max)=0.377/2.317/13.784 record=0.014/0.020/0.242 ms
[depth_angular_controller-1] [INFO] [1791310821.112065129] [depth_angular_controller]: EVIDENCE_PHASE per_view_mean_ms balls=0.060 tubes=0.016 history=0.245 eviction=0.000
[position_cmd_to_twist-2] [INFO] [1791310821.252662305] [position_cmd_to_twist]: [PERF BRIDGE] run=omni_final_v22_ego1p2_3 elapsed=34.13s received=1195 published=1195 fps(ros/wall)=60.00/59.25 controller_to_bridge_ms(mean/p50/p95/max)=0.000/0.000/0.000/0.000 bridge_process_ms(mean/p95/max)=0.087/0.114/1.211
[NAV] t=20.0s position=(-33.05,-3.36,3.20) yaw=8.5deg command=(1.92,0.46,-0.07) manual_active=1 collision_blocks=0
[depth_angular_controller-1] [INFO] [1791310821.330179684] [depth_angular_controller]: PAPER_BUILD reason=FULL_MOTION_CERTIFICATE required=0.0000 best=0.0000 free=0 refined=0 tubes=69 revoked_tubes=0 proofs=128
[depth_angular_controller-1] [INFO] [1791310821.330216633] [depth_angular_controller]: PAPER_EVIDENCE retained=16 balls=32 revoked_balls=0 expired_views=0 evicted_views=3 radius=0.580 clearance=0.000 best_prefix=0.000
[depth_angular_controller-1] [INFO] [1791310822.445149220] [depth_angular_controller]: PAPER_BUILD reason=FULL_MOTION_CERTIFICATE required=0.0000 best=0.0000 free=0 refined=0 tubes=73 revoked_tubes=0 proofs=128
[depth_angular_controller-1] [INFO] [1791310822.445184827] [depth_angular_controller]: PAPER_EVIDENCE retained=16 balls=32 revoked_balls=0 expired_views=0 evicted_views=4 radius=0.580 clearance=0.000 best_prefix=0.000
[depth_angular_controller-1] [INFO] [1791310823.429728743] [depth_angular_controller]: PAPER_BUILD reason=FULL_MOTION_CERTIFICATE required=0.0000 best=0.0000 free=0 refined=0 tubes=77 revoked_tubes=0 proofs=128
[depth_angular_controller-1] [INFO] [1791310823.429797042] [depth_angular_controller]: PAPER_EVIDENCE retained=16 balls=32 revoked_balls=0 expired_views=0 evicted_views=5 radius=0.580 clearance=0.000 best_prefix=0.000
[depth_angular_controller-1] [INFO] [1791310824.416220690] [depth_angular_controller]: PAPER_BUILD reason=FULL_MOTION_CERTIFICATE required=0.0000 best=0.0000 free=0 refined=0 tubes=81 revoked_tubes=0 proofs=128
[depth_angular_controller-1] [INFO] [1791310824.416261106] [depth_angular_controller]: PAPER_EVIDENCE retained=16 balls=32 revoked_balls=0 expired_views=0 evicted_views=6 radius=0.580 clearance=0.000 best_prefix=0.000
[depth_angular_controller-1] [INFO] [1791310825.523470468] [depth_angular_controller]: PAPER_BUILD reason=FULL_MOTION_CERTIFICATE required=0.0000 best=0.0000 free=0 refined=0 tubes=85 revoked_tubes=0 proofs=128
[depth_angular_controller-1] [INFO] [1791310825.523512638] [depth_angular_controller]: PAPER_EVIDENCE retained=16 balls=32 revoked_balls=0 expired_views=0 evicted_views=7 radius=0.580 clearance=0.000 best_prefix=0.000
[depth_angular_controller-1] [INFO] [1791310826.116923001] [depth_angular_controller]: [PERF CTRL] run=omni_final_v22_ego1p2_3 elapsed=39.10s callbacks=1473 commands=1472 guidance=1352 command_fps(ros/wall)=60.00/58.77 guidance_wall_fps=58.26 avoid_ms(mean/p50/p95/max)=0.596/0.540/0.913/6.249 cycle_ms(mean/p95/max)=17.017/18.778/80.644 depth_to_cmd_ms(mean/p95/max)=58.728/100.000/116.667 callback_to_publish_ms(mean/p95/max)=1.011/2.983/14.267
[depth_angular_controller-1] [INFO] [1791310826.117073324] [depth_angular_controller]: EVIDENCE_COST ingest(mean/p95/max)=0.370/2.179/13.784 record=0.018/0.020/0.919 ms
[depth_angular_controller-1] [INFO] [1791310826.117081419] [depth_angular_controller]: EVIDENCE_PHASE per_view_mean_ms balls=0.059 tubes=0.016 history=0.239 eviction=0.001
[position_cmd_to_twist-2] [INFO] [1791310826.484312701] [position_cmd_to_twist]: [PERF BRIDGE] run=omni_final_v22_ego1p2_3 elapsed=39.36s received=1495 published=1495 fps(ros/wall)=60.00/58.86 controller_to_bridge_ms(mean/p50/p95/max)=0.000/0.000/0.000/0.000 bridge_process_ms(mean/p95/max)=0.086/0.112/1.211
[NAV] t=25.0s position=(-23.17,-1.86,3.09) yaw=8.5deg command=(1.98,0.30,-0.01) manual_active=1 collision_blocks=0
[depth_angular_controller-1] [INFO] [1791310826.559801378] [depth_angular_controller]: PAPER_BUILD reason=FULL_MOTION_CERTIFICATE required=0.0000 best=0.0000 free=0 refined=0 tubes=89 revoked_tubes=0 proofs=128
[depth_angular_controller-1] [INFO] [1791310826.559840662] [depth_angular_controller]: PAPER_EVIDENCE retained=16 balls=32 revoked_balls=0 expired_views=0 evicted_views=8 radius=0.580 clearance=0.000 best_prefix=0.000
[depth_angular_controller-1] [INFO] [1791310827.671463649] [depth_angular_controller]: PAPER_BUILD reason=FULL_MOTION_CERTIFICATE required=0.0000 best=0.0000 free=0 refined=0 tubes=93 revoked_tubes=0 proofs=128
[depth_angular_controller-1] [INFO] [1791310827.671501500] [depth_angular_controller]: PAPER_EVIDENCE retained=16 balls=32 revoked_balls=0 expired_views=0 evicted_views=9 radius=0.580 clearance=0.000 best_prefix=0.000
[depth_angular_controller-1] [INFO] [1791310828.591642874] [depth_angular_controller]: PAPER_BUILD reason=FULL_MOTION_CERTIFICATE required=0.0000 best=0.0000 free=0 refined=0 tubes=97 revoked_tubes=0 proofs=128
[depth_angular_controller-1] [INFO] [1791310828.591680755] [depth_angular_controller]: PAPER_EVIDENCE retained=16 balls=32 revoked_balls=0 expired_views=0 evicted_views=10 radius=0.580 clearance=0.000 best_prefix=0.000
[depth_angular_controller-1] [INFO] [1791310829.632748757] [depth_angular_controller]: PAPER_BUILD reason=FULL_MOTION_CERTIFICATE required=0.0000 best=0.0000 free=0 refined=0 tubes=101 revoked_tubes=0 proofs=128
[depth_angular_controller-1] [INFO] [1791310829.632789384] [depth_angular_controller]: PAPER_EVIDENCE retained=16 balls=32 revoked_balls=0 expired_views=0 evicted_views=11 radius=0.580 clearance=0.000 best_prefix=0.000
[depth_angular_controller-1] [INFO] [1791310830.605598576] [depth_angular_controller]: PAPER_BUILD reason=FULL_MOTION_CERTIFICATE required=0.0000 best=0.0000 free=0 refined=0 tubes=105 revoked_tubes=0 proofs=128
[depth_angular_controller-1] [INFO] [1791310830.605638792] [depth_angular_controller]: PAPER_EVIDENCE retained=16 balls=32 revoked_balls=0 expired_views=0 evicted_views=12 radius=0.580 clearance=0.000 best_prefix=0.000
[depth_angular_controller-1] [INFO] [1791310831.129123854] [depth_angular_controller]: [PERF CTRL] run=omni_final_v22_ego1p2_3 elapsed=44.11s callbacks=1776 commands=1775 guidance=1655 command_fps(ros/wall)=60.00/59.05 guidance_wall_fps=58.65 avoid_ms(mean/p50/p95/max)=0.589/0.539/0.874/6.249 cycle_ms(mean/p95/max)=16.936/18.616/80.644 depth_to_cmd_ms(mean/p95/max)=58.640/100.000/116.667 callback_to_publish_ms(mean/p95/max)=1.007/2.931/14.267
[depth_angular_controller-1] [INFO] [1791310831.129286049] [depth_angular_controller]: EVIDENCE_COST ingest(mean/p95/max)=0.357/2.131/13.784 record=0.025/0.021/1.272 ms
[depth_angular_controller-1] [INFO] [1791310831.129293913] [depth_angular_controller]: EVIDENCE_PHASE per_view_mean_ms balls=0.056 tubes=0.017 history=0.229 eviction=0.001
[position_cmd_to_twist-2] [INFO] [1791310831.451019316] [position_cmd_to_twist]: [PERF BRIDGE] run=omni_final_v22_ego1p2_3 elapsed=44.32s received=1795 published=1795 fps(ros/wall)=60.00/59.11 controller_to_bridge_ms(mean/p50/p95/max)=0.000/0.000/0.000/0.000 bridge_process_ms(mean/p95/max)=0.086/0.110/1.211
[NAV] t=30.0s position=(-13.46,-2.24,3.80) yaw=9.8deg command=(1.97,-0.27,0.21) manual_active=1 collision_blocks=0
[depth_angular_controller-1] [INFO] [1791310831.526419156] [depth_angular_controller]: PAPER_BUILD reason=FULL_MOTION_CERTIFICATE required=0.0000 best=0.0000 free=0 refined=0 tubes=109 revoked_tubes=0 proofs=128
[depth_angular_controller-1] [INFO] [1791310831.526460544] [depth_angular_controller]: PAPER_EVIDENCE retained=16 balls=32 revoked_balls=0 expired_views=0 evicted_views=13 radius=0.580 clearance=0.000 best_prefix=0.000
[depth_angular_controller-1] [INFO] [1791310832.577276676] [depth_angular_controller]: PAPER_BUILD reason=FULL_MOTION_CERTIFICATE required=0.0000 best=0.0000 free=0 refined=0 tubes=114 revoked_tubes=0 proofs=128
[depth_angular_controller-1] [INFO] [1791310832.577317763] [depth_angular_controller]: PAPER_EVIDENCE retained=16 balls=32 revoked_balls=0 expired_views=0 evicted_views=14 radius=0.580 clearance=0.000 best_prefix=0.000
[depth_angular_controller-1] [INFO] [1791310833.563477616] [depth_angular_controller]: PAPER_BUILD reason=FULL_MOTION_CERTIFICATE required=0.0000 best=0.0000 free=0 refined=0 tubes=118 revoked_tubes=0 proofs=128
[depth_angular_controller-1] [INFO] [1791310833.563518252] [depth_angular_controller]: PAPER_EVIDENCE retained=16 balls=32 revoked_balls=0 expired_views=0 evicted_views=15 radius=0.580 clearance=0.000 best_prefix=0.000
[depth_angular_controller-1] [INFO] [1791310834.615270984] [depth_angular_controller]: PAPER_BUILD reason=FULL_MOTION_CERTIFICATE required=0.0000 best=0.0000 free=0 refined=0 tubes=122 revoked_tubes=0 proofs=128
[depth_angular_controller-1] [INFO] [1791310834.615312102] [depth_angular_controller]: PAPER_EVIDENCE retained=16 balls=32 revoked_balls=0 expired_views=0 evicted_views=16 radius=0.580 clearance=0.000 best_prefix=0.000
[depth_angular_controller-1] [INFO] [1791310835.736634747] [depth_angular_controller]: PAPER_BUILD reason=FULL_MOTION_CERTIFICATE required=0.0000 best=0.0000 free=0 refined=0 tubes=126 revoked_tubes=0 proofs=128
[depth_angular_controller-1] [INFO] [1791310835.736676165] [depth_angular_controller]: PAPER_EVIDENCE retained=16 balls=32 revoked_balls=0 expired_views=0 evicted_views=17 radius=0.580 clearance=0.000 best_prefix=0.000
[depth_angular_controller-1] [INFO] [1791310836.138091370] [depth_angular_controller]: [PERF CTRL] run=omni_final_v22_ego1p2_3 elapsed=49.12s callbacks=2068 commands=2067 guidance=1947 command_fps(ros/wall)=60.00/58.94 guidance_wall_fps=58.59 avoid_ms(mean/p50/p95/max)=0.592/0.550/0.843/6.249 cycle_ms(mean/p95/max)=16.967/18.640/80.644 depth_to_cmd_ms(mean/p95/max)=58.731/100.000/116.667 callback_to_publish_ms(mean/p95/max)=1.011/2.934/14.267
[depth_angular_controller-1] [INFO] [1791310836.138284884] [depth_angular_controller]: EVIDENCE_COST ingest(mean/p95/max)=0.355/2.131/13.784 record=0.023/0.021/1.272 ms
[depth_angular_controller-1] [INFO] [1791310836.138301946] [depth_angular_controller]: EVIDENCE_PHASE per_view_mean_ms balls=0.054 tubes=0.018 history=0.227 eviction=0.001
[position_cmd_to_twist-2] [INFO] [1791310836.584623604] [position_cmd_to_twist]: [PERF BRIDGE] run=omni_final_v22_ego1p2_3 elapsed=49.46s received=2095 published=2095 fps(ros/wall)=60.00/59.01 controller_to_bridge_ms(mean/p50/p95/max)=0.000/0.000/0.000/0.000 bridge_process_ms(mean/p95/max)=0.085/0.110/1.211
[NAV] t=35.0s position=(-3.87,-4.08,3.29) yaw=12.7deg command=(1.91,-0.44,-0.38) manual_active=1 collision_blocks=0
[depth_angular_controller-1] [INFO] [1791310836.722417762] [depth_angular_controller]: PAPER_BUILD reason=FULL_MOTION_CERTIFICATE required=0.0000 best=0.0000 free=0 refined=0 tubes=130 revoked_tubes=0 proofs=128
[depth_angular_controller-1] [INFO] [1791310836.722452397] [depth_angular_controller]: PAPER_EVIDENCE retained=16 balls=32 revoked_balls=0 expired_views=0 evicted_views=18 radius=0.580 clearance=0.000 best_prefix=0.000
[depth_angular_controller-1] [INFO] [1791310837.649665110] [depth_angular_controller]: PAPER_BUILD reason=FULL_MOTION_CERTIFICATE required=0.0000 best=0.0000 free=0 refined=0 tubes=134 revoked_tubes=0 proofs=128
[depth_angular_controller-1] [INFO] [1791310837.649706648] [depth_angular_controller]: PAPER_EVIDENCE retained=16 balls=32 revoked_balls=0 expired_views=0 evicted_views=19 radius=0.580 clearance=0.000 best_prefix=0.000
[depth_angular_controller-1] [INFO] [1791310838.631620972] [depth_angular_controller]: PAPER_BUILD reason=FULL_MOTION_CERTIFICATE required=0.0000 best=0.0000 free=0 refined=0 tubes=138 revoked_tubes=0 proofs=128
[depth_angular_controller-1] [INFO] [1791310838.631662680] [depth_angular_controller]: PAPER_EVIDENCE retained=16 balls=32 revoked_balls=0 expired_views=0 evicted_views=20 radius=0.580 clearance=0.000 best_prefix=0.000
[depth_angular_controller-1] [INFO] [1791310839.567125497] [depth_angular_controller]: PAPER_BUILD reason=FULL_MOTION_CERTIFICATE required=0.0000 best=0.0000 free=0 refined=0 tubes=142 revoked_tubes=0 proofs=128
[depth_angular_controller-1] [INFO] [1791310839.567166374] [depth_angular_controller]: PAPER_EVIDENCE retained=16 balls=32 revoked_balls=0 expired_views=0 evicted_views=21 radius=0.580 clearance=0.000 best_prefix=0.000
[depth_angular_controller-1] [INFO] [1791310840.482239613] [depth_angular_controller]: PAPER_BUILD reason=FULL_MOTION_CERTIFICATE required=0.0000 best=0.0000 free=0 refined=0 tubes=146 revoked_tubes=0 proofs=128
[depth_angular_controller-1] [INFO] [1791310840.482279047] [depth_angular_controller]: PAPER_EVIDENCE retained=16 balls=32 revoked_balls=0 expired_views=0 evicted_views=22 radius=0.580 clearance=0.000 best_prefix=0.000
[depth_angular_controller-1] [INFO] [1791310841.150306459] [depth_angular_controller]: [PERF CTRL] run=omni_final_v22_ego1p2_3 elapsed=54.13s callbacks=2382 commands=2381 guidance=2261 command_fps(ros/wall)=60.00/59.40 guidance_wall_fps=59.13 avoid_ms(mean/p50/p95/max)=0.597/0.557/0.850/6.249 cycle_ms(mean/p95/max)=16.834/18.640/81.203 depth_to_cmd_ms(mean/p95/max)=58.735/100.000/116.667 callback_to_publish_ms(mean/p95/max)=1.034/3.034/14.267
[depth_angular_controller-1] [INFO] [1791310841.150703355] [depth_angular_controller]: EVIDENCE_COST ingest(mean/p95/max)=0.367/2.244/13.784 record=0.023/0.021/1.272 ms
[depth_angular_controller-1] [INFO] [1791310841.150720708] [depth_angular_controller]: EVIDENCE_PHASE per_view_mean_ms balls=0.055 tubes=0.019 history=0.239 eviction=0.001
[position_cmd_to_twist-2] [INFO] [1791310841.440338250] [position_cmd_to_twist]: [PERF BRIDGE] run=omni_final_v22_ego1p2_3 elapsed=54.31s received=2395 published=2395 fps(ros/wall)=60.00/59.34 controller_to_bridge_ms(mean/p50/p95/max)=0.000/0.000/0.000/0.000 bridge_process_ms(mean/p95/max)=0.085/0.110/1.211
[NAV] t=40.0s position=(5.91,-3.14,2.75) yaw=13.9deg command=(1.94,0.48,0.00) manual_active=1 collision_blocks=0
[depth_angular_controller-1] [INFO] [1791310841.578299572] [depth_angular_controller]: PAPER_BUILD reason=FULL_MOTION_CERTIFICATE required=0.0000 best=0.0000 free=0 refined=0 tubes=150 revoked_tubes=0 proofs=128
[depth_angular_controller-1] [INFO] [1791310841.578337954] [depth_angular_controller]: PAPER_EVIDENCE retained=16 balls=32 revoked_balls=0 expired_views=0 evicted_views=23 radius=0.580 clearance=0.000 best_prefix=0.000
[depth_angular_controller-1] [INFO] [1791310842.610769596] [depth_angular_controller]: PAPER_BUILD reason=FULL_MOTION_CERTIFICATE required=0.0000 best=0.0000 free=0 refined=0 tubes=154 revoked_tubes=0 proofs=128
[depth_angular_controller-1] [INFO] [1791310842.610804882] [depth_angular_controller]: PAPER_EVIDENCE retained=16 balls=32 revoked_balls=0 expired_views=0 evicted_views=24 radius=0.580 clearance=0.000 best_prefix=0.000
[depth_angular_controller-1] [INFO] [1791310843.526591532] [depth_angular_controller]: PAPER_BUILD reason=FULL_MOTION_CERTIFICATE required=0.0000 best=0.0000 free=0 refined=0 tubes=158 revoked_tubes=0 proofs=128
[depth_angular_controller-1] [INFO] [1791310843.526639813] [depth_angular_controller]: PAPER_EVIDENCE retained=16 balls=32 revoked_balls=0 expired_views=0 evicted_views=25 radius=0.580 clearance=0.000 best_prefix=0.000
[depth_angular_controller-1] [INFO] [1791310844.502839978] [depth_angular_controller]: PAPER_BUILD reason=FULL_MOTION_CERTIFICATE required=0.0000 best=0.0000 free=0 refined=0 tubes=162 revoked_tubes=0 proofs=128
[depth_angular_controller-1] [INFO] [1791310844.502879232] [depth_angular_controller]: PAPER_EVIDENCE retained=16 balls=32 revoked_balls=0 expired_views=0 evicted_views=26 radius=0.580 clearance=0.000 best_prefix=0.000
[depth_angular_controller-1] [INFO] [1791310845.413297592] [depth_angular_controller]: PAPER_BUILD reason=FULL_MOTION_CERTIFICATE required=0.0000 best=0.0000 free=0 refined=0 tubes=166 revoked_tubes=0 proofs=128
[depth_angular_controller-1] [INFO] [1791310845.413339491] [depth_angular_controller]: PAPER_EVIDENCE retained=16 balls=32 revoked_balls=0 expired_views=0 evicted_views=27 radius=0.580 clearance=0.000 best_prefix=0.000
[depth_angular_controller-1] [INFO] [1791310846.161788210] [depth_angular_controller]: [PERF CTRL] run=omni_final_v22_ego1p2_3 elapsed=59.14s callbacks=2687 commands=2686 guidance=2566 command_fps(ros/wall)=60.00/59.57 guidance_wall_fps=59.33 avoid_ms(mean/p50/p95/max)=0.585/0.542/0.829/6.249 cycle_ms(mean/p95/max)=16.788/18.600/81.203 depth_to_cmd_ms(mean/p95/max)=58.697/100.000/116.667 callback_to_publish_ms(mean/p95/max)=1.021/2.971/14.267
[depth_angular_controller-1] [INFO] [1791310846.162028462] [depth_angular_controller]: EVIDENCE_COST ingest(mean/p95/max)=0.364/2.172/13.784 record=0.022/0.021/1.272 ms
[depth_angular_controller-1] [INFO] [1791310846.162035725] [depth_angular_controller]: EVIDENCE_PHASE per_view_mean_ms balls=0.055 tubes=0.020 history=0.235 eviction=0.001
[position_cmd_to_twist-2] [INFO] [1791310846.380167413] [position_cmd_to_twist]: [PERF BRIDGE] run=omni_final_v22_ego1p2_3 elapsed=59.25s received=2695 published=2695 fps(ros/wall)=60.00/59.50 controller_to_bridge_ms(mean/p50/p95/max)=0.000/0.000/0.000/0.000 bridge_process_ms(mean/p95/max)=0.085/0.109/1.211
[NAV] t=45.0s position=(15.61,-0.74,2.76) yaw=13.9deg command=(1.94,0.48,0.00) manual_active=1 collision_blocks=0
[depth_angular_controller-1] [INFO] [1791310846.457704770] [depth_angular_controller]: PAPER_BUILD reason=FULL_MOTION_CERTIFICATE required=0.0000 best=0.0000 free=0 refined=0 tubes=170 revoked_tubes=0 proofs=128
[depth_angular_controller-1] [INFO] [1791310846.457741369] [depth_angular_controller]: PAPER_EVIDENCE retained=16 balls=32 revoked_balls=0 expired_views=0 evicted_views=28 radius=0.580 clearance=0.000 best_prefix=0.000
[depth_angular_controller-1] [INFO] [1791310847.503347309] [depth_angular_controller]: PAPER_BUILD reason=FULL_MOTION_CERTIFICATE required=0.0000 best=0.0000 free=0 refined=0 tubes=174 revoked_tubes=0 proofs=128
[depth_angular_controller-1] [INFO] [1791310847.503386793] [depth_angular_controller]: PAPER_EVIDENCE retained=16 balls=32 revoked_balls=0 expired_views=0 evicted_views=29 radius=0.580 clearance=0.000 best_prefix=0.000
[depth_angular_controller-1] [INFO] [1791310848.503383310] [depth_angular_controller]: PAPER_BUILD reason=FULL_MOTION_CERTIFICATE required=0.0000 best=0.0000 free=0 refined=0 tubes=178 revoked_tubes=0 proofs=128
[depth_angular_controller-1] [INFO] [1791310848.503420650] [depth_angular_controller]: PAPER_EVIDENCE retained=16 balls=32 revoked_balls=0 expired_views=0 evicted_views=30 radius=0.580 clearance=0.000 best_prefix=0.000
[depth_angular_controller-1] [INFO] [1791310849.560506044] [depth_angular_controller]: PAPER_BUILD reason=FULL_MOTION_CERTIFICATE required=0.0000 best=0.0000 free=0 refined=0 tubes=182 revoked_tubes=0 proofs=128
[depth_angular_controller-1] [INFO] [1791310849.560545548] [depth_angular_controller]: PAPER_EVIDENCE retained=16 balls=32 revoked_balls=0 expired_views=0 evicted_views=31 radius=0.580 clearance=0.000 best_prefix=0.000
[depth_angular_controller-1] [INFO] [1791310850.611710025] [depth_angular_controller]: PAPER_BUILD reason=FULL_MOTION_CERTIFICATE required=0.0000 best=0.0000 free=0 refined=0 tubes=186 revoked_tubes=0 proofs=128
[depth_angular_controller-1] [INFO] [1791310850.611751463] [depth_angular_controller]: PAPER_EVIDENCE retained=16 balls=32 revoked_balls=0 expired_views=0 evicted_views=32 radius=0.580 clearance=0.000 best_prefix=0.000
[depth_angular_controller-1] [INFO] [1791310851.170198349] [depth_angular_controller]: [PERF CTRL] run=omni_final_v22_ego1p2_3 elapsed=64.15s callbacks=2974 commands=2973 guidance=2853 command_fps(ros/wall)=60.00/59.34 guidance_wall_fps=59.12 avoid_ms(mean/p50/p95/max)=0.607/0.558/0.904/6.249 cycle_ms(mean/p95/max)=16.852/18.672/81.203 depth_to_cmd_ms(mean/p95/max)=58.710/100.000/116.667 callback_to_publish_ms(mean/p95/max)=1.061/3.100/14.267
[depth_angular_controller-1] [INFO] [1791310851.170464058] [depth_angular_controller]: EVIDENCE_COST ingest(mean/p95/max)=0.379/2.315/13.784 record=0.023/0.021/1.272 ms
[depth_angular_controller-1] [INFO] [1791310851.170471592] [depth_angular_controller]: EVIDENCE_PHASE per_view_mean_ms balls=0.059 tubes=0.021 history=0.245 eviction=0.001
[position_cmd_to_twist-2] [INFO] [1791310851.531849254] [position_cmd_to_twist]: [PERF BRIDGE] run=omni_final_v22_ego1p2_3 elapsed=64.40s received=2995 published=2995 fps(ros/wall)=60.00/59.37 controller_to_bridge_ms(mean/p50/p95/max)=0.000/0.000/0.000/0.000 bridge_process_ms(mean/p95/max)=0.085/0.110/1.211
[NAV] t=50.0s position=(25.18,1.73,1.46) yaw=13.7deg command=(1.90,0.59,-0.20) manual_active=1 collision_blocks=0
[depth_angular_controller-1] [INFO] [1791310851.670958313] [depth_angular_controller]: PAPER_BUILD reason=FULL_MOTION_CERTIFICATE required=0.0000 best=0.0000 free=0 refined=0 tubes=190 revoked_tubes=0 proofs=128
[depth_angular_controller-1] [INFO] [1791310851.670995864] [depth_angular_controller]: PAPER_EVIDENCE retained=16 balls=32 revoked_balls=0 expired_views=0 evicted_views=33 radius=0.580 clearance=0.000 best_prefix=0.000
[depth_angular_controller-1] [INFO] [1791310852.608129611] [depth_angular_controller]: PAPER_BUILD reason=FULL_MOTION_CERTIFICATE required=0.0000 best=0.0000 free=0 refined=0 tubes=194 revoked_tubes=0 proofs=128
[depth_angular_controller-1] [INFO] [1791310852.608171640] [depth_angular_controller]: PAPER_EVIDENCE retained=16 balls=32 revoked_balls=0 expired_views=0 evicted_views=34 radius=0.580 clearance=0.000 best_prefix=0.000
[depth_angular_controller-1] [INFO] [1791310853.600943228] [depth_angular_controller]: PAPER_BUILD reason=FULL_MOTION_CERTIFICATE required=0.0000 best=0.0000 free=0 refined=0 tubes=198 revoked_tubes=0 proofs=128
[depth_angular_controller-1] [INFO] [1791310853.600982843] [depth_angular_controller]: PAPER_EVIDENCE retained=16 balls=32 revoked_balls=0 expired_views=0 evicted_views=35 radius=0.580 clearance=0.000 best_prefix=0.000
[depth_angular_controller-1] [INFO] [1791310854.639303492] [depth_angular_controller]: PAPER_BUILD reason=FULL_MOTION_CERTIFICATE required=0.0000 best=0.0000 free=0 refined=0 tubes=202 revoked_tubes=0 proofs=128
[depth_angular_controller-1] [INFO] [1791310854.639339890] [depth_angular_controller]: PAPER_EVIDENCE retained=16 balls=32 revoked_balls=0 expired_views=0 evicted_views=36 radius=0.580 clearance=0.000 best_prefix=0.000
[depth_angular_controller-1] [INFO] [1791310855.547584716] [depth_angular_controller]: PAPER_BUILD reason=FULL_MOTION_CERTIFICATE required=0.0000 best=0.0000 free=0 refined=0 tubes=206 revoked_tubes=0 proofs=128
[depth_angular_controller-1] [INFO] [1791310855.547623650] [depth_angular_controller]: PAPER_EVIDENCE retained=16 balls=32 revoked_balls=0 expired_views=0 evicted_views=37 radius=0.580 clearance=0.000 best_prefix=0.000
[depth_angular_controller-1] [INFO] [1791310856.182389703] [depth_angular_controller]: [PERF CTRL] run=omni_final_v22_ego1p2_3 elapsed=69.16s callbacks=3276 commands=3275 guidance=3155 command_fps(ros/wall)=60.00/59.42 guidance_wall_fps=59.22 avoid_ms(mean/p50/p95/max)=0.615/0.564/0.912/6.249 cycle_ms(mean/p95/max)=16.829/18.737/81.203 depth_to_cmd_ms(mean/p95/max)=58.653/100.000/116.667 callback_to_publish_ms(mean/p95/max)=1.079/3.157/14.267
[depth_angular_controller-1] [INFO] [1791310856.182721427] [depth_angular_controller]: EVIDENCE_COST ingest(mean/p95/max)=0.388/2.338/13.784 record=0.022/0.021/1.272 ms
[depth_angular_controller-1] [INFO] [1791310856.182730334] [depth_angular_controller]: EVIDENCE_PHASE per_view_mean_ms balls=0.061 tubes=0.021 history=0.251 eviction=0.001
[position_cmd_to_twist-2] [INFO] [1791310856.502496725] [position_cmd_to_twist]: [PERF BRIDGE] run=omni_final_v22_ego1p2_3 elapsed=69.38s received=3296 published=3296 fps(ros/wall)=60.00/59.46 controller_to_bridge_ms(mean/p50/p95/max)=0.000/0.000/0.000/0.000 bridge_process_ms(mean/p95/max)=0.085/0.110/1.211
[NAV] t=55.0s position=(34.87,4.15,1.71) yaw=13.6deg command=(1.94,0.47,0.07) manual_active=1 collision_blocks=0
[depth_angular_controller-1] [INFO] [1791310856.578191439] [depth_angular_controller]: PAPER_BUILD reason=FULL_MOTION_CERTIFICATE required=0.0000 best=0.0000 free=0 refined=0 tubes=210 revoked_tubes=0 proofs=128
[depth_angular_controller-1] [INFO] [1791310856.578227256] [depth_angular_controller]: PAPER_EVIDENCE retained=16 balls=32 revoked_balls=0 expired_views=0 evicted_views=38 radius=0.580 clearance=0.000 best_prefix=0.000
[depth_angular_controller-1] [INFO] [1791310857.489333820] [depth_angular_controller]: PAPER_BUILD reason=FULL_MOTION_CERTIFICATE required=0.0000 best=0.0000 free=0 refined=0 tubes=214 revoked_tubes=0 proofs=128
[depth_angular_controller-1] [INFO] [1791310857.489369537] [depth_angular_controller]: PAPER_EVIDENCE retained=16 balls=32 revoked_balls=0 expired_views=0 evicted_views=39 radius=0.580 clearance=0.000 best_prefix=0.000
[depth_angular_controller-1] [INFO] [1791310858.400884519] [depth_angular_controller]: PAPER_BUILD reason=FULL_MOTION_CERTIFICATE required=0.0000 best=0.0000 free=0 refined=0 tubes=218 revoked_tubes=0 proofs=128
[depth_angular_controller-1] [INFO] [1791310858.400924935] [depth_angular_controller]: PAPER_EVIDENCE retained=16 balls=32 revoked_balls=0 expired_views=0 evicted_views=40 radius=0.580 clearance=0.000 best_prefix=0.000
[depth_angular_controller-1] [INFO] [1791310859.442128432] [depth_angular_controller]: PAPER_BUILD reason=FULL_MOTION_CERTIFICATE required=0.0000 best=0.0000 free=0 refined=0 tubes=222 revoked_tubes=0 proofs=128
[depth_angular_controller-1] [INFO] [1791310859.442168327] [depth_angular_controller]: PAPER_EVIDENCE retained=16 balls=32 revoked_balls=0 expired_views=0 evicted_views=41 radius=0.580 clearance=0.000 best_prefix=0.000
[depth_angular_controller-1] [INFO] [1791310860.485404584] [depth_angular_controller]: PAPER_BUILD reason=FULL_MOTION_CERTIFICATE required=0.0000 best=0.0000 free=0 refined=0 tubes=226 revoked_tubes=0 proofs=128
[depth_angular_controller-1] [INFO] [1791310860.485445370] [depth_angular_controller]: PAPER_EVIDENCE retained=16 balls=32 revoked_balls=0 expired_views=0 evicted_views=42 radius=0.580 clearance=0.000 best_prefix=0.000
[depth_angular_controller-1] [INFO] [1791310861.241060207] [depth_angular_controller]: [PERF CTRL] run=omni_final_v22_ego1p2_3 elapsed=74.22s callbacks=3583 commands=3582 guidance=3462 command_fps(ros/wall)=60.00/59.53 guidance_wall_fps=59.35 avoid_ms(mean/p50/p95/max)=0.612/0.562/0.901/6.249 cycle_ms(mean/p95/max)=16.799/18.673/81.203 depth_to_cmd_ms(mean/p95/max)=58.651/100.000/116.667 callback_to_publish_ms(mean/p95/max)=1.075/3.131/14.267
[depth_angular_controller-1] [INFO] [1791310861.241374478] [depth_angular_controller]: EVIDENCE_COST ingest(mean/p95/max)=0.386/2.331/13.784 record=0.022/0.021/1.272 ms
[depth_angular_controller-1] [INFO] [1791310861.241382483] [depth_angular_controller]: EVIDENCE_PHASE per_view_mean_ms balls=0.060 tubes=0.022 history=0.249 eviction=0.001
[position_cmd_to_twist-2] [INFO] [1791310861.453512030] [position_cmd_to_twist]: [PERF BRIDGE] run=omni_final_v22_ego1p2_3 elapsed=74.33s received=3595 published=3595 fps(ros/wall)=60.00/59.55 controller_to_bridge_ms(mean/p50/p95/max)=0.000/0.000/0.000/0.000 bridge_process_ms(mean/p95/max)=0.085/0.109/1.211
[NAV] t=60.0s position=(44.59,6.46,2.04) yaw=13.7deg command=(1.96,0.38,-0.08) manual_active=1 collision_blocks=0
[depth_angular_controller-1] [INFO] [1791310861.529909034] [depth_angular_controller]: PAPER_BUILD reason=FULL_MOTION_CERTIFICATE required=0.0000 best=0.0000 free=0 refined=0 tubes=230 revoked_tubes=0 proofs=128
[depth_angular_controller-1] [INFO] [1791310861.529942156] [depth_angular_controller]: PAPER_EVIDENCE retained=16 balls=32 revoked_balls=0 expired_views=0 evicted_views=43 radius=0.580 clearance=0.000 best_prefix=0.000
[depth_angular_controller-1] [INFO] [1791310862.510064423] [depth_angular_controller]: PAPER_BUILD reason=FULL_MOTION_CERTIFICATE required=0.0000 best=0.0000 free=0 refined=0 tubes=234 revoked_tubes=0 proofs=128
[depth_angular_controller-1] [INFO] [1791310862.510104418] [depth_angular_controller]: PAPER_EVIDENCE retained=16 balls=32 revoked_balls=0 expired_views=0 evicted_views=44 radius=0.580 clearance=0.000 best_prefix=0.000
[depth_angular_controller-1] [INFO] [1791310863.496514010] [depth_angular_controller]: PAPER_BUILD reason=FULL_MOTION_CERTIFICATE required=0.0000 best=0.0000 free=0 refined=0 tubes=238 revoked_tubes=0 proofs=128
[depth_angular_controller-1] [INFO] [1791310863.496552612] [depth_angular_controller]: PAPER_EVIDENCE retained=16 balls=32 revoked_balls=0 expired_views=0 evicted_views=45 radius=0.580 clearance=0.000 best_prefix=0.000
[depth_angular_controller-1] [INFO] [1791310864.539815209] [depth_angular_controller]: PAPER_BUILD reason=FULL_MOTION_CERTIFICATE required=0.0000 best=0.0000 free=0 refined=0 tubes=242 revoked_tubes=0 proofs=128
[depth_angular_controller-1] [INFO] [1791310864.539856036] [depth_angular_controller]: PAPER_EVIDENCE retained=16 balls=32 revoked_balls=0 expired_views=0 evicted_views=46 radius=0.580 clearance=0.000 best_prefix=0.000
[depth_angular_controller-1] [INFO] [1791310865.534755924] [depth_angular_controller]: PAPER_BUILD reason=FULL_MOTION_CERTIFICATE required=0.0000 best=0.0000 free=0 refined=0 tubes=246 revoked_tubes=0 proofs=128
[depth_angular_controller-1] [INFO] [1791310865.534791260] [depth_angular_controller]: PAPER_EVIDENCE retained=16 balls=32 revoked_balls=0 expired_views=0 evicted_views=47 radius=0.580 clearance=0.000 best_prefix=0.000
[depth_angular_controller-1] [INFO] [1791310866.245268930] [depth_angular_controller]: [PERF CTRL] run=omni_final_v22_ego1p2_3 elapsed=79.23s callbacks=3876 commands=3875 guidance=3755 command_fps(ros/wall)=60.00/59.45 guidance_wall_fps=59.29 avoid_ms(mean/p50/p95/max)=0.650/0.569/0.970/6.249 cycle_ms(mean/p95/max)=16.820/18.683/81.203 depth_to_cmd_ms(mean/p95/max)=58.655/100.000/116.667 callback_to_publish_ms(mean/p95/max)=1.122/3.281/14.267
[depth_angular_controller-1] [INFO] [1791310866.245613107] [depth_angular_controller]: EVIDENCE_COST ingest(mean/p95/max)=0.390/2.365/13.784 record=0.026/0.022/1.565 ms
[depth_angular_controller-1] [INFO] [1791310866.245628946] [depth_angular_controller]: EVIDENCE_PHASE per_view_mean_ms balls=0.060 tubes=0.023 history=0.252 eviction=0.001
[position_cmd_to_twist-2] [INFO] [1791310866.625570115] [position_cmd_to_twist]: [PERF BRIDGE] run=omni_final_v22_ego1p2_3 elapsed=79.50s received=3895 published=3895 fps(ros/wall)=60.00/59.43 controller_to_bridge_ms(mean/p50/p95/max)=0.000/0.000/0.000/0.000 bridge_process_ms(mean/p95/max)=0.085/0.110/1.211
[NAV] t=65.0s position=(54.27,8.76,2.25) yaw=14.1deg command=(1.94,0.49,0.11) manual_active=1 collision_blocks=0
[depth_angular_controller-1] [INFO] [1791310866.701393040] [depth_angular_controller]: PAPER_BUILD reason=FULL_MOTION_CERTIFICATE required=0.0000 best=0.0000 free=0 refined=0 tubes=250 revoked_tubes=0 proofs=128
[depth_angular_controller-1] [INFO] [1791310866.701429709] [depth_angular_controller]: PAPER_EVIDENCE retained=16 balls=32 revoked_balls=0 expired_views=0 evicted_views=48 radius=0.580 clearance=0.000 best_prefix=0.000
[depth_angular_controller-1] [INFO] [1791310867.688967381] [depth_angular_controller]: PAPER_BUILD reason=FULL_MOTION_CERTIFICATE required=0.0000 best=0.0000 free=0 refined=0 tubes=254 revoked_tubes=0 proofs=128
[depth_angular_controller-1] [INFO] [1791310867.689002076] [depth_angular_controller]: PAPER_EVIDENCE retained=16 balls=32 revoked_balls=0 expired_views=0 evicted_views=49 radius=0.580 clearance=0.000 best_prefix=0.000
[depth_angular_controller-1] [INFO] [1791310868.735407799] [depth_angular_controller]: PAPER_BUILD reason=FULL_MOTION_CERTIFICATE required=0.0000 best=0.0000 free=0 refined=0 tubes=256 revoked_tubes=0 proofs=128
[depth_angular_controller-1] [INFO] [1791310868.735449317] [depth_angular_controller]: PAPER_EVIDENCE retained=16 balls=32 revoked_balls=0 expired_views=0 evicted_views=50 radius=0.580 clearance=0.000 best_prefix=0.000
[depth_angular_controller-1] [INFO] [1791310869.723333491] [depth_angular_controller]: PAPER_BUILD reason=FULL_MOTION_CERTIFICATE required=0.0000 best=0.0000 free=0 refined=0 tubes=256 revoked_tubes=0 proofs=128
[depth_angular_controller-1] [INFO] [1791310869.723374758] [depth_angular_controller]: PAPER_EVIDENCE retained=16 balls=32 revoked_balls=0 expired_views=0 evicted_views=51 radius=0.580 clearance=0.000 best_prefix=0.000
[depth_angular_controller-1] [INFO] [1791310870.677571262] [depth_angular_controller]: PAPER_BUILD reason=FULL_MOTION_CERTIFICATE required=0.0000 best=0.0000 free=0 refined=0 tubes=256 revoked_tubes=0 proofs=128
[depth_angular_controller-1] [INFO] [1791310870.677608592] [depth_angular_controller]: PAPER_EVIDENCE retained=16 balls=32 revoked_balls=0 expired_views=0 evicted_views=52 radius=0.580 clearance=0.000 best_prefix=0.000
[depth_angular_controller-1] [INFO] [1791310871.252017456] [depth_angular_controller]: [PERF CTRL] run=omni_final_v22_ego1p2_3 elapsed=84.23s callbacks=4176 commands=4175 guidance=4055 command_fps(ros/wall)=60.00/59.49 guidance_wall_fps=59.33 avoid_ms(mean/p50/p95/max)=0.640/0.561/0.963/6.249 cycle_ms(mean/p95/max)=16.810/18.672/81.203 depth_to_cmd_ms(mean/p95/max)=58.681/100.000/116.667 callback_to_publish_ms(mean/p95/max)=1.110/3.232/14.267
[depth_angular_controller-1] [INFO] [1791310871.252479484] [depth_angular_controller]: EVIDENCE_COST ingest(mean/p95/max)=0.386/2.331/13.784 record=0.025/0.022/1.565 ms
[depth_angular_controller-1] [INFO] [1791310871.252488431] [depth_angular_controller]: EVIDENCE_PHASE per_view_mean_ms balls=0.059 tubes=0.024 history=0.248 eviction=0.001
[position_cmd_to_twist-2] [INFO] [1791310871.693683544] [position_cmd_to_twist]: [PERF BRIDGE] run=omni_final_v22_ego1p2_3 elapsed=84.57s received=4195 published=4195 fps(ros/wall)=60.00/59.41 controller_to_bridge_ms(mean/p50/p95/max)=0.000/0.000/0.000/0.000 bridge_process_ms(mean/p95/max)=0.085/0.110/1.211
[NAV] t=70.0s position=(63.43,11.06,2.77) yaw=14.1deg command=(0.99,0.25,0.06) manual_active=1 collision_blocks=0
[depth_angular_controller-1] [INFO] [1791310871.769262791] [depth_angular_controller]: PAPER_BUILD reason=FULL_MOTION_CERTIFICATE required=0.0000 best=0.0000 free=0 refined=0 tubes=256 revoked_tubes=0 proofs=128
[depth_angular_controller-1] [INFO] [1791310871.770117177] [depth_angular_controller]: PAPER_EVIDENCE retained=16 balls=32 revoked_balls=0 expired_views=0 evicted_views=53 radius=0.580 clearance=0.000 best_prefix=0.000
[depth_angular_controller-1] [INFO] [1791310871.874743803] [depth_angular_controller]: ZERO_INTENT
[BENCHMARK RESULT] ARRIVED sim=69.300s
[PERF ISAAC FINAL] run=omni_final_v22_ego1p2_3 result=ARRIVED wall=72.31s sim_frames=4280 fps(sim/wall)=60.03/59.19 command_changes=2620 collision_blocks=0 frame_interval_ms(mean/p50/p95/max)=16.820/15.315/17.382/84.077
[85.649s] Simulation App Shutting Down
[depth_angular_controller-1] [INFO] [1791310873.687852271] [rclcpp]: signal_handler(SIGINT/SIGTERM)
[position_cmd_to_twist-2] [INFO] [1791310873.688912193] [position_cmd_to_twist]: [PERF BRIDGE FINAL] run=omni_final_v22_ego1p2_3 elapsed=86.56s received=4278 published=4278 fps(ros/wall)=60.00/59.45 controller_to_bridge_ms(mean/p50/p95/max)=0.000/0.000/0.000/0.000 bridge_process_ms(mean/p95/max)=0.085/0.109/1.211
[position_cmd_to_twist-2] Failed to publish log message to rosout: publisher's context is invalid, at ./src/rcl/publisher.c:389
[depth_angular_controller-1] [INFO] [1791310873.689102070] [depth_angular_controller]: [PERF CTRL FINAL] run=omni_final_v22_ego1p2_3 elapsed=86.67s callbacks=4279 commands=4278 guidance=4087 command_fps(ros/wall)=60.00/59.45 guidance_wall_fps=59.28 avoid_ms(mean/p50/p95/max)=0.638/0.560/0.962/6.249 cycle_ms(mean/p95/max)=16.820/18.669/81.203 depth_to_cmd_ms(mean/p95/max)=58.678/100.000/116.667 callback_to_publish_ms(mean/p95/max)=1.098/3.205/14.267
[depth_angular_controller-1] [INFO] [1791310873.689402444] [depth_angular_controller]: EVIDENCE_COST ingest(mean/p95/max)=0.387/2.341/13.784 record=0.025/0.022/1.565 ms
[depth_angular_controller-1] [INFO] [1791310873.689406081] [depth_angular_controller]: EVIDENCE_PHASE per_view_mean_ms balls=0.059 tubes=0.024 history=0.249 eviction=0.001
[INFO] [depth_angular_controller-1]: process has finished cleanly [pid 204202]
[INFO] [position_cmd_to_twist-2]: process has finished cleanly [pid 204204]
