[PERF] run=p5_refine_formal_goals_20261007_after_ego1p5_2 log=/home/starry/isaac-data/EGO1P5/performance/navigation_benchmark_20260929/PERFORMANCE.md
[INPUT] mode=goal scene_mode=cloud
[LOCK] Waiting for shared Isaac navigation slot
[INFO] [launch]: All log files can be found below /tmp/fov_gvf_ego1p5_isaac_ros_log/2026-10-07-21-46-22-999038-starry-System-Product-Name-278121
[INFO] [launch]: Default logging verbosity is set to INFO
[INFO] [depth_angular_controller-1]: process started with pid [278140]
[INFO] [position_cmd_to_twist-2]: process started with pid [278142]
[depth_angular_controller-1] [INFO] [1791380783.036308898] [depth_angular_controller]: PROCESSING_RATES control=60.0 Hz depth_limit=10.0 Hz (0=unlimited)
[depth_angular_controller-1] [INFO] [1791380783.038423432] [depth_angular_controller]: C++ controller commands publish on /position_cmd; horizontal views=4
[ROS CHECK] ROS_DOMAIN_ID=42 /position_cmd publishers=1
Type: pc_gvf_msgs/msg/PositionCommand
Publisher count: 1
Subscription count: 1
/depth_angular_controller
/position_cmd_to_twist
WARNING: All log messages before absl::InitializeLog() is called are written to STDERR
E0000 00:00:1791380783.989518  278181 descriptor_database.cc:633] File already exists in database: grpc/health/v1/health.proto
W0000 00:00:1791380783.989541  278181 message.cc:301] Protobuf GeneratedMessageFactory: File is already registered: grpc/health/v1/health.proto
2026-10-07T13:46:23Z [Info] [carb] Logging to file: /home/starry/isaac-data/isaacsim/kit/logs/Kit/Isaac-Sim Python/6.0/kit_20261007_214623.log
[0.043s] [ext: omni.assets.plugins-0.0.0] startup
[0.044s] [ext: omni.blobkey-1.1.2] startup
[0.044s] [ext: omni.kit.async_engine-0.0.3] startup
[0.313s] [ext: omni.client.lib-1.1.1] startup
[0.321s] [ext: omni.client-1.3.0] startup
[0.324s] [ext: omni.protobuf.lib-1.0.0] startup
[0.324s] [ext: omni.grpc.lib-1.0.0] startup
[0.328s] [ext: omni.metrics.core-0.0.3] startup
[0.328s] [ext: omni.datastore-0.0.0] startup
[0.328s] [ext: omni.gpu_foundation.shadercache.vulkan-1.0.0] startup
[0.330s] [ext: omni.hsscclient-1.1.4] startup
[0.331s] [ext: omni.stats-1.0.1] startup
[0.331s] [ext: omni.ujitso.default-1.0.0] startup
[0.334s] [ext: omni.gpu_foundation-0.0.0] startup
[0.458s] [ext: carb.windowing.plugins-1.0.1] startup
[0.458s] [ext: omni.kit.renderer.init-1.0.1] startup
2026-10-07T13:46:24Z [657ms] [Warning] [omni.rtx] Skipping unsupported non-NVIDIA GPU: AMD Unknown (RADV RAPHAEL_MENDOCINO)
2026-10-07T13:46:24Z [658ms] [Warning] [omni.rtx] Skipping unsupported non-NVIDIA GPU: AMD Unknown (RADV RAPHAEL_MENDOCINO)

|---------------------------------------------------------------------------------------------|
| Driver Version: 580.178.04    | Graphics API: Vulkan
|=============================================================================================|
| GPU | Name                             | Active | LDA | GPU Memory | Vendor-ID | LUID       |
|     |                                  |        |     |            | Device-ID | UUID       |
|     |                                  |        |     |            | Bus-ID    |            |
|---------------------------------------------------------------------------------------------|
| 0   | NVIDIA GeForce RTX 5070          | Yes: 0 |     | 12227   MB | 10de      | 0          |
|     |                                  |        |     |            | 2f04      | 348d89fe.. |
|     |                                  |        |     |            | 1         |            |
|---------------------------------------------------------------------------------------------|
| 1   | AMD Unknown (RADV RAPHAEL_MEND.. |        |     | 10755   MB | 1002      | 0          |
|     |                                  |        |     |            | 13c0      | 00000000.. |
|     |                                  |        |     |            | c         |            |
|=============================================================================================|
| OS: 22.04.5 LTS (Jammy Jellyfish) ubuntu, Version: 22.04.5, Kernel: 6.8.0-138-generic
| XServer Vendor: The X.Org Foundation, XServer Version: 12101004 (1.21.1.4)
| Processor: AMD Ryzen 5 9600X 6-Core Processor
| Cores: 6 | Logical Cores: 12
|---------------------------------------------------------------------------------------------|
| Total Memory (MB): 31241 | Free Memory: 23156
| Total Page/Swap (MB): 15624 | Free Page/Swap: 15624
|---------------------------------------------------------------------------------------------|
2026-10-07T13:46:24Z [863ms] [Warning] [omni.rtx] CPU performance profile is set to powersave. This profile sets the CPU to the lowest frequency reducing performance.
2026-10-07T13:46:24Z [872ms] [Warning] [omni.rtx] IOMMU is enabled.
[0.977s] [ext: omni.kit.pipapi-0.0.0] startup
[0.978s] [ext: omni.kit.pip_archive-0.0.0] startup
[0.978s] [ext: isaacsim.pip.newton-0.6.1] startup
[0.978s] [ext: omni.pip.compute-1.9.2] startup
[0.979s] [ext: omni.isaac.core_archive-5.3.1] startup
[0.979s] [ext: omni.kit.telemetry-0.5.2] startup
[0.995s] [ext: omni.kit.loop-isaac-1.6.0] startup
[0.996s] [ext: omni.kit.test-2.0.7] startup
[1.045s] [ext: omni.materialx.libs-1.0.9] startup
[1.051s] [ext: omni.gpucompute.plugins-0.0.0] startup
[1.052s] [ext: omni.usd.config-1.0.7] startup
[1.055s] [ext: omni.usd.libs-1.0.3] startup
[1.109s] [ext: omni.iray.libs-0.0.1] startup
[1.112s] [ext: omni.mdl-57.0.3] startup
[1.171s] [ext: omni.mdl.neuraylib-0.2.20] startup
[1.173s] [ext: omni.kit.usd.mdl-1.1.9] startup
[1.257s] [ext: omni.appwindow-1.2.2] startup
[1.258s] [ext: omni.kit.renderer.core-1.2.2] startup
2026-10-07T13:46:30Z [6,472ms] [Warning] [carb.windowing-glfw.gamepad] Joystick with unknown remapping detected (will be ignored):  BEITONG BEITONG A2P3A BFM DONGLE [03000000bc2000001c51000011010000]
[6.504s] [ext: omni.kit.renderer.capture-2.0.1] startup
[6.505s] [ext: omni.kit.renderer.imgui-2.0.6] startup
[6.541s] [ext: omni.ui-3.2.0] startup
[6.548s] [ext: omni.kit.mainwindow-1.0.3] startup
[6.549s] [ext: carb.audio-0.1.0] startup
[6.551s] [ext: omni.uiaudio-1.0.0] startup
[6.552s] [ext: omni.kit.uiapp-0.0.0] startup
[6.552s] [ext: omni.usd.schema.metrics.assembler-110.1.0] startup
[6.554s] [ext: omni.usd.schema.audio-0.0.1] startup
[6.557s] [ext: omni.usd_resolver-1.0.0] startup
[6.559s] [ext: omni.usd.core-1.8.3] startup
[6.561s] [ext: omni.metropolis.schema-0.0.3] startup
[6.562s] [ext: isaacsim.anim.robot.schema-0.1.1] startup
[6.562s] [ext: omni.usd.schema.anim-0.0.1] startup
[6.575s] [ext: omni.usd.schema.geospatial-0.0.1] startup
[6.577s] [ext: omni.usd.schema.omnigraph-1.0.1] startup
[6.581s] [ext: omni.usd.schema.semantics-0.0.0] startup
[6.583s] [ext: omni.activity.core-1.0.3] startup
[6.584s] [ext: omni.cubric-0.1.0] startup
[6.584s] [ext: omni.graph.exec-0.9.6] startup
[6.584s] [ext: omni.hydra.scene_delegate-0.3.5] startup
[6.586s] [ext: usdrt.scenegraph-7.6.3] startup
[6.606s] [ext: omni.hydra.usdrt_delegate-7.5.2] startup
[6.609s] [ext: omni.inspect-1.0.2] startup
[6.610s] [ext: omni.kit.actions.core-1.0.0] startup
[6.612s] [ext: omni.kit.audiodeviceenum-1.0.2] startup
[6.612s] [ext: omni.kit.commands-1.5.0] startup
[6.615s] [ext: omni.kit.exec.core-0.13.5] startup
[6.616s] [ext: omni.kit.usd_undo-0.1.8] startup
[6.616s] [ext: omni.kit.window.popup_dialog-2.0.25] startup
[6.618s] [ext: omni.kit.widget.nucleus_connector-2.3.1] startup
[6.621s] [ext: omni.timeline-1.1.0] startup
[6.622s] [ext: omni.usd-1.16.0] startup
[6.646s] [ext: omni.graph.core-3.1.2] startup
[6.648s] [ext: omni.kit.notification_manager-1.0.11] startup
[6.650s] [ext: isaacsim.core.deprecation_manager-0.4.2] startup
[6.650s] [ext: isaacsim.replicator.agent.schema-0.1.1] startup
[6.651s] [ext: isaacsim.robot.schema-6.3.7] startup
[6.655s] [ext: isaacsim.robot_motion.schema-0.2.1] startup
[6.655s] [ext: omni.anim.behavior.schema-110.1.0] startup
[6.658s] [ext: omni.anim.graph.schema-110.1.1] startup
[6.663s] [ext: omni.anim.navigation.schema-110.1.0] startup
[6.665s] [ext: omni.behavior.tree.schema-110.1.0] startup
[6.665s] [ext: omni.isaac.ml_archive-3.3.0] startup
[6.666s] [ext: omni.kit.asset_converter-6.0.1] startup
[6.674s] [ext: omni.pip.cloud-1.5.4] startup
[6.676s] [ext: omni.usd.schema.flow-110.0.0] startup
[6.676s] [ext: omni.usd.schema.mujoco-1.1.1] startup
[6.677s] [ext: omni.usd.schema.newton-1.2.1] startup
[6.677s] [ext: omni.usd.schema.omni_lens_distortion-1.0.0] startup
[6.678s] [ext: omni.usd.schema.omni_projectors-1.0.0] startup
[6.678s] [ext: omni.usd.schema.omni_sensors-0.0.0] startup
[6.684s] [ext: omni.usd.schema.omniscripting-1.0.1] startup
[6.687s] [ext: omni.usd.schema.physical_lighting-0.1.0] startup
[6.690s] [ext: omni.usd.schema.physx-110.1.13] startup
[6.713s] [ext: omni.usd.schema.render_settings.rtx-1.0.2] startup
[6.715s] [ext: omni.usd.schema.usd_particle_field-1.0.0] startup
[6.716s] [ext: isaacsim.core.version-2.1.1] startup
[6.716s] [ext: omni.kit.menu.core-1.2.0] startup
[6.717s] [ext: omni.kit.menu.utils-2.2.4] startup
[6.722s] [ext: isaacsim.app.about-2.3.1] startup
[6.726s] [ext: isaacsim.asset.transformer-1.2.5] startup
[6.728s] [ext: omni.scene.optimizer.core-110.1.0] startup
[6.757s] [ext: isaacsim.asset.importer.utils-1.8.1] startup
[6.759s] [ext: omni.convexdecomposition-110.1.13] startup
[6.760s] [ext: omni.physics-110.1.13] startup
[6.763s] [ext: omni.physx.gpu-110.1.13] startup
[6.763s] [ext: omni.physx.foundation-110.1.13] startup
[6.764s] [ext: omni.usdphysics-110.1.13] startup
[6.765s] [ext: omni.physx.cooking-110.1.13] startup
[6.766s] [ext: omni.physx-110.1.13] startup
[6.773s] [ext: omni.physics.physx-110.1.13] startup
[6.774s] [ext: isaacsim.asset.exporter.urdf-2.0.5] startup
[6.780s] [ext: omni.kit.clipboard-1.1.1] startup
[6.781s] [ext: omni.kit.usd.layers-2.6.1] startup
[6.786s] [ext: omni.kit.widget.context_menu-1.4.0] startup
[6.787s] [ext: omni.kit.context_menu-1.9.0] startup
[6.788s] [ext: omni.kit.helper.file_utils-0.1.10] startup
[6.789s] [ext: omni.kit.widget.nucleus_info-2.0.2] startup
[6.790s] [ext: omni.kit.search_core-1.0.8] startup
[6.790s] [ext: omni.kit.widget.path_field-2.0.13] startup
[6.791s] [ext: omni.kit.widget.browser_bar-2.0.10] startup
[6.791s] [ext: omni.kit.widget.filebrowser-2.13.4] startup
[6.795s] [ext: omni.kit.widget.options_menu-1.1.6] startup
[6.797s] [ext: omni.kit.widget.options_button-1.0.3] startup
[6.797s] [ext: omni.kit.widget.search_delegate-1.0.9] startup
[6.798s] [ext: omni.ui.scene-2.0.3] startup
[6.801s] [ext: omni.kit.window.filepicker-2.15.5] startup
[6.810s] [ext: omni.kit.window.file_importer-1.1.21] startup
[6.812s] [ext: omni.kit.material.library-3.1.2] startup
[6.815s] [ext: isaacsim.asset.transformer.rules-1.7.10] startup
[6.823s] [ext: omni.usdex.libs-2.2.2] startup
[6.829s] [ext: isaacsim.asset.importer.mjcf-3.10.1] startup
[6.830s] [ext: isaacsim.asset.importer.urdf-3.11.2] startup
[6.833s] [ext: omni.kit.primitive.mesh-1.1.0] startup
[6.835s] [ext: omni.kit.stage_template.core-1.1.22] startup
[6.835s] [ext: omni.kit.stage_templates-2.0.2] startup
[6.837s] [ext: omni.usd.metrics.assembler-110.1.2] startup
[6.838s] [ext: omni.warp.core-1.13.0] startup
[7.016s] [ext: isaacsim.core.experimental.utils-0.17.2] startup
[7.017s] [ext: omni.physics.stageupdate-110.1.13] startup
[7.019s] [ext: omni.physics.tensors-110.1.13] startup
[7.022s] [ext: omni.physx.tensors-110.1.13] startup
[7.025s] [ext: isaacsim.core.simulation_manager-1.15.6] startup
[7.035s] [ext: isaacsim.storage.native-1.9.3] startup
[7.036s] [ext: omni.usd.metrics.assembler.physics-110.1.13] startup
[7.037s] [ext: isaacsim.core.utils-4.1.7] startup
[7.039s] [ext: isaacsim.core.prims-0.11.7] startup
[7.891s] [ext: isaacsim.core.api-5.2.13] startup
[7.897s] [ext: isaacsim.core.cloner-1.7.3] startup
[7.898s] [ext: isaacsim.test.docstring-1.3.2] startup
[7.900s] [ext: isaacsim.core.experimental.prims-1.8.9] startup
[7.917s] [ext: isaacsim.core.experimental.primdata-0.3.2] startup
[7.918s] [ext: omni.graph.tools-1.81.0] startup
[7.936s] [ext: omni.graph-1.142.5] startup
[7.966s] [ext: isaacsim.core.experimental.actuators-0.1.2] startup
[7.978s] [ext: isaacsim.core.experimental.materials-0.7.1] startup
[7.981s] [ext: isaacsim.core.experimental.objects-0.8.1] startup
[8.031s] [ext: omni.hydra.engine.stats-1.0.5] startup
[8.033s] [ext: omni.hydra.rtx.shadercache.vulkan-1.0.0] startup
[8.034s] [ext: omni.index.libs-387500.4413.0] startup
[8.034s] [ext: omni.index-1.0.1] startup
[8.034s] [ext: omni.ujitso.client-0.0.0] startup
[8.035s] [ext: omni.usd.schema.playback-1.0.0] startup
[8.037s] [ext: omni.volume-0.5.2] startup
[8.041s] [ext: omni.hydra.rtx-1.0.4] startup
2026-10-07T13:46:31Z [8,031ms] [Warning] [omni.log] Source: omni.hydra was already registered.
[8.061s] [ext: omni.kit.hydra_texture-1.6.0] startup
[8.064s] [ext: omni.kit.raycast.query-1.2.0] startup
[8.067s] [ext: omni.kit.viewport.legacy_gizmos-1.0.24] startup
[8.068s] [ext: omni.kit.viewport.registry-104.0.6] startup
[8.069s] [ext: omni.kit.viewport.scene_camera_model-1.0.7] startup
[8.072s] [ext: omni.kit.widget.viewport-109.2.0] startup
[8.075s] [ext: omni.kit.window.drop_support-1.0.8] startup
[8.075s] [ext: omni.kit.viewport.window-109.0.2] startup
[8.089s] [ext: omni.kit.viewport.utility-2.0.1] startup
[8.090s] [ext: isaacsim.core.rendering_manager-0.4.3] startup
[8.109s] [ext: omni.graph.action_core-1.1.9] startup
[8.110s] [ext: omni.graph.action_nodes_core-2.11.0] startup
[8.112s] [ext: omni.graph.action_nodes-2.11.0] startup
[8.128s] [ext: omni.graph.action-2.10.2] startup
[8.129s] [ext: omni.graph.image.core-0.6.1] startup
[8.129s] [ext: omni.graph.image.nodes-1.3.1] startup
[8.130s] [ext: omni.graph.nodes_core-2.11.0] startup
[8.134s] [ext: omni.graph.nodes-2.12.0] startup
[8.138s] [ext: omni.kit.hotkeys.core-1.3.12] startup
[8.139s] [ext: omni.kit.property.adapter.core-1.1.1] startup
[8.140s] [ext: omni.kit.property.adapter.usd-1.0.5] startup
[8.141s] [ext: omni.kit.widget.filter-1.1.5] startup
[8.142s] [ext: omni.kit.widget.highlight_label-1.0.3] startup
[8.143s] [ext: omni.kit.widget.searchfield-1.1.8] startup
[8.144s] [ext: omni.kit.window.file_exporter-1.0.36] startup
[8.145s] [ext: omni.kit.widget.stage-4.4.0] startup
[8.152s] [ext: omni.kit.window.content_browser_registry-0.0.6] startup
[8.152s] [ext: omni.kit.window.file-2.0.10] startup
[8.155s] [ext: omni.kit.window.content_browser-3.1.8] startup
[8.163s] [ext: omni.kit.window.property-1.15.1] startup
[8.171s] [ext: omni.kit.property.usd-4.9.4] startup
[8.180s] [ext: omni.graph.scriptnode-2.10.2] startup
[8.187s] [ext: omni.kit.widget.searchable_combobox-1.0.7] startup
[8.188s] [ext: omni.kit.widget.settings-2.0.0] startup
[8.190s] [ext: omni.kit.window.preferences-1.8.3] startup
[8.193s] [ext: omni.kit.viewport.menubar.core-107.2.2] startup
[8.203s] [ext: omni.syntheticdata-0.6.15] startup
[8.225s] [ext: omni.replicator.nv-1.1.1] startup
[8.229s] [ext: omni.videoencoding-0.2.1] startup
[8.230s] [ext: omni.replicator.core-1.13.27] startup
2026-10-07T13:46:31Z [8,217ms] [Warning] [pxr.Semantics] pxr.Semantics is deprecated - please use Semantics instead
2026-10-07T13:46:31Z [8,280ms] [Warning] [omni.replicator.core.scripts.extension] No material configuration file, adding configuration to material settings directly.
[8.421s] [ext: isaacsim.core.nodes-5.10.5] startup
[8.445s] [ext: isaacsim.core.throttling-2.3.5] startup
[8.446s] [ext: omni.kit.manipulator.viewport-107.0.1] startup
[8.447s] [ext: omni.graph.visualization.nodes-2.1.4] startup
[8.459s] [ext: omni.kit.window.extensions-1.5.10] startup
[8.464s] [ext: isaacsim.gui.components-1.8.5] startup
[8.467s] [ext: isaacsim.robot.surface_gripper-3.6.2] startup
[8.477s] [ext: isaacsim.robot.manipulators-3.4.4] startup
[8.486s] [ext: isaacsim.robot_motion.lula-4.1.3] startup
[8.491s] [ext: isaacsim.robot_motion.motion_generation-8.2.9] startup
[8.496s] [ext: isaacsim.cortex.framework-1.0.18] startup
[8.497s] [ext: isaacsim.cortex.behaviors-2.0.17] startup
[8.498s] [ext: isaacsim.examples.base-1.3.2] startup
[8.499s] [ext: omni.kit.widget.zoombar-1.0.7] startup
[8.500s] [ext: omni.kit.browser.core-2.3.18] startup
[8.503s] [ext: omni.kit.browser.folder.core-2.0.2] startup
[8.506s] [ext: omni.kit.widget.stage_icons-1.0.8] startup
[8.507s] [ext: omni.kit.window.stage-2.6.1] startup
[8.509s] [ext: omni.kit.menu.stage-1.2.7] startup
[8.510s] [ext: omni.kit.usd.collect-3.0.6] startup
[8.512s] [ext: omni.kit.widget.prompt-1.0.7] startup
[8.513s] [ext: omni.kit.tool.collect-2.2.19] startup
[8.515s] [ext: isaacsim.examples.browser-0.3.2] startup
[8.516s] [ext: omni.kit.search.files-1.0.4] startup
[8.517s] [ext: omni.kit.widget.calendar-1.0.9] startup
[8.518s] [ext: omni.kit.widget.extended_searchfield-1.0.31] startup
[8.524s] [ext: omni.simready.content.browser-0.3.7] startup
[8.606s] [ext: isaacsim.gui.content_browser-0.4.3] startup
[8.608s] [ext: omni.kit.selection-0.1.6] startup
[8.609s] [ext: isaacsim.gui.menu-2.10.5] startup
[8.616s] [ext: isaacsim.gui.property-1.6.4] startup
[8.621s] [ext: omni.kit.viewport.actions-110.0.0] startup
[8.625s] [ext: omni.kit.viewport.menubar.display-107.1.3] startup
[8.626s] [ext: isaacsim.gui.sensors.icon-2.2.1] startup
[8.629s] [ext: omni.behavior.scripting.core-110.1.0] startup
[8.631s] [ext: isaacsim.replicator.behavior-1.5.4] startup
[8.632s] [ext: isaacsim.replicator.experimental.domain_randomization-1.2.5] startup
[8.644s] [ext: isaacsim.replicator.domain_randomization-1.2.2] startup
[8.709s] [ext: isaacsim.replicator.writers-1.5.4] startup
[8.729s] [ext: isaacsim.robot.experimental.wheeled_robots-0.2.11] startup
[8.748s] [ext: isaacsim.robot.policy.examples-5.2.12] startup
[8.765s] [ext: isaacsim.robot.wheeled_robots-5.2.4] startup
[8.768s] [ext: isaacsim.robot.wheeled_robots.nodes-0.1.5] startup
[8.783s] [ext: isaacsim.robot_motion.experimental.motion_generation-6.1.3] startup
[8.793s] [ext: isaacsim.robot_motion.cumotion-1.3.1] startup
[8.804s] [ext: omni.kit.numpy.common-0.1.3] startup
[8.805s] [ext: isaacsim.sensors.camera-1.7.9] startup
[8.831s] [ext: isaacsim.sensors.experimental.physics-3.0.2] startup
[8.837s] [ext: omni.sensors.net-1.0.1] startup
[8.839s] [ext: omni.sensors.nv.common-3.0.0] startup
[8.848s] [ext: omni.sensors.nv.materials-2.0.0] startup
[8.850s] [ext: omni.sensors.nv.acoustic-3.0.0] startup
[8.852s] [ext: omni.sensors.nv.ids-2.0.1] startup
[8.853s] [ext: omni.sensors.nv.lidar-3.0.0] startup
[8.856s] [ext: omni.sensors.nv.radar-3.0.0] startup
[8.858s] [ext: isaacsim.sensors.experimental.rtx-1.4.6] startup
[9.078s] [ext: isaacsim.sensors.physics.nodes-1.5.3] startup
[9.083s] [ext: isaacsim.util.debug_draw-3.2.3] startup
[9.087s] [ext: isaacsim.sensors.physx-2.5.5] startup
[9.093s] [ext: isaacsim.sensors.rtx-15.17.1] startup
[9.102s] [ext: isaacsim.simulation_app-2.18.4] startup
[9.102s] [ext: omni.anim.curve.core-1.6.0] startup
[9.111s] [ext: omni.graph.ui_nodes-2.11.1] startup
[9.131s] [ext: omni.hydra.scene_api-0.1.3] startup
[9.134s] [ext: omni.kit.manipulator.camera-110.0.0] startup
[9.137s] [ext: omni.kit.manipulator.selector-1.1.4] startup
[9.138s] [ext: omni.kit.manipulator.transform-107.0.0] startup
[9.142s] [ext: omni.kit.widget.toolbar-2.1.0] startup
[9.147s] [ext: omni.kit.manipulator.tool.snap-1.5.14] startup
[9.150s] [ext: omni.kit.viewport.manipulator.transform-107.0.4] startup
[9.151s] [ext: omni.kit.manipulator.prim.core-108.0.2] startup
[9.156s] [ext: omni.kit.manipulator.prim.usd-107.0.3] startup
[9.157s] [ext: omni.kit.manipulator.prim-108.0.0] startup
[9.157s] [ext: omni.kit.manipulator.selection-109.0.1] startup
[9.158s] [ext: omni.kit.menu.create-2.0.2] startup
[9.160s] [ext: omni.kit.property.audio-1.0.16] startup
[9.162s] [ext: omni.kit.property.camera-1.0.14] startup
[9.164s] [ext: omni.kit.property.geometry-2.1.2] startup
[9.166s] [ext: omni.kit.property.light-1.0.14] startup
2026-10-07T13:46:32Z [9,168ms] [Warning] [omni.usd] Encountered USD Warnings but USD Diagnostics are currently muted. To view USD Warnings, please set the '/persistent/app/usd/muteUsdDiagnostics' setting to false in Preferences page.
[9.193s] [ext: omni.kit.property.material-1.14.6] startup
[9.198s] [ext: omni.kit.property.render-1.2.2] startup
[9.199s] [ext: omni.kit.property.transform-1.6.9] startup
[9.202s] [ext: omni.kit.property.bundle-1.5.1] startup
[9.203s] [ext: omni.kit.usdz_export-1.1.0] startup
[9.205s] [ext: omni.kit.tool.asset_importer-6.0.1] startup
[9.210s] [ext: omni.kit.ui.actions-1.0.5] startup
[9.211s] [ext: omni.kit.viewport.menubar.camera-107.0.10] startup
[9.216s] [ext: omni.kit.viewport.menubar.lighting-107.3.2] startup
[9.218s] [ext: omni.kit.viewport.menubar.render-110.0.0] startup
[9.220s] [ext: omni.kit.viewport.menubar.settings-110.0.1] startup
[9.223s] [ext: omni.kit.window.console-1.1.9] startup
[9.226s] [ext: omni.kit.window.status_bar-0.1.11] startup
[9.228s] [ext: omni.kit.window.toolbar-3.0.3] startup
[9.229s] [ext: omni.ocio-0.1.1] startup
[9.230s] [ext: omni.physx.commands-110.1.13] startup
[9.233s] [ext: omni.replicator.replicator_yaml-2.0.12] startup
[9.242s] [ext: omni.rtx.window.settings-0.8.0] startup
[9.246s] [ext: omni.rtx.settings.core-0.7.1] startup
[9.249s] [ext: omni.usd.metrics.assembler.ui-110.1.1] startup
[9.254s] [ext: semantics.schema.editor-2.0.2] startup
[9.257s] [ext: semantics.schema.property-2.0.2] startup
[9.258s] [ext: omni.kit.menu.common-2.0.2] startup
[9.259s] [ext: isaacsim.exp.base-6.0.1] startup
[9.259s] [ext: isaacsim.exp.base.python-6.0.1] startup
[9.261s] Simulation App Starting
[10.289s] Simulation App Startup Complete
[10.294s] app ready
Starting kit application with the following args:  ['/home/starry/isaac-data/isaacsim/exts/isaacsim.simulation_app/isaacsim/simulation_app/simulation_app.py', '/home/starry/isaac-data/isaacsim/apps/isaacsim.exp.base.python.kit', '--/app/tokens/exe-path=/home/starry/isaac-data/isaacsim/kit', '--/persistent/app/viewport/displayOptions=3094', '--/rtx/materialDb/syncLoads=True', '--/rtx/hydra/materialSyncLoads=True', '--/omni/kit/plugin/syncUsdLoads=True', '--/app/renderer/resolution/width=1280', '--/app/renderer/resolution/height=720', '--/app/window/width=1440', '--/app/window/height=900', '--/renderer/multiGpu/enabled=False', '--/app/fastShutdown=True', '--/app/installSignalHandlers=0', '--ext-folder', '/home/starry/isaac-data/isaacsim/exts', '--ext-folder', '/home/starry/isaac-data/isaacsim/apps', '--/renderer/activeGpu=0', '--/physics/cudaDevice=0', '--/plugins/carb.tasking.plugin/threadCount=12', '--/plugins/omni.tbb.globalcontrol/maxThreadCount=12', '--portable', '--no-window', '--/app/window/hideUi=1']
Passing the following args to the base kit application:  []
Warp 1.13.0 initialized:
   CUDA Toolkit 12.9, Driver 13.0
   Devices:
     "cpu"      : "x86_64"
     "cuda:0"   : "NVIDIA GeForce RTX 5070" (11 GiB, sm_120, mempool enabled)
   Kernel cache:
     /home/starry/.cache/warp/1.13.0
[LIGHTING] sun=800.0 (1) dome=0.0 (1) ambient=0.05 constant_color=(0.6, 0.65, 0.7)
[RENDER] mode=MinimalRendering minimal_shading_mode=2 anti_aliasing=TAA
[DEPTH CAMERAS] count=4 resolution_each=320x240 horizontal_coverage=360deg
[ESDF] path=/home/starry/isaac-data/EGO1P5/scenes/ego_swarm_cloud/occupancy.bin shape=(400, 300, 50) resolution=0.40m
[depth_angular_controller-1] [INFO] [1791380796.321579676] [depth_angular_controller]: WAITING_ODOMETRY
[NAV] t=0.0s position=(-64.00,-11.20,2.80) yaw=1.2deg command=(0.00,0.00,0.00) manual_active=0 collision_blocks=0
[depth_angular_controller-1] [INFO] [1791380796.748623705] [depth_angular_controller]: WAITING_VERIFIED_START_POSE
[depth_angular_controller-1] [INFO] [1791380796.785722726] [depth_angular_controller]: VERIFIED_FREE_SEED center=(-64.000,-11.200,2.800) radius=2.500 balls=1: verified fixed Cloud free ball; USD and occupancy SHA-256 matched
[depth_angular_controller-1] [INFO] [1791380796.785829316] [depth_angular_controller]: ZERO_INTENT
[depth_angular_controller-1] [INFO] [1791380798.745023064] [depth_angular_controller]: OMNI_DEPTH views=4 azimuth_bins=180 elevation_bins=37 valid=1 certificates=0 short=0 held=0 local_candidates=3 yaw=31.36
[depth_angular_controller-1] [INFO] [1791380798.745109426] [depth_angular_controller]: DEPTH_PROPOSAL_CERTIFIED
[depth_angular_controller-1] [INFO] [1791380798.745116008] [depth_angular_controller]: PAPER_BUILD reason=FULL_MOTION_CERTIFICATE required=0.0000 best=0.0000 free=0 refined=0 tubes=0 revoked_tubes=0 proofs=0
[depth_angular_controller-1] [INFO] [1791380798.745122250] [depth_angular_controller]: PAPER_EVIDENCE retained=8 balls=1 revoked_balls=0 expired_views=0 evicted_views=0 radius=0.580 clearance=0.000 best_prefix=0.000
[depth_angular_controller-1] [INFO] [1791380799.758609720] [depth_angular_controller]: OMNI_DEPTH views=4 azimuth_bins=180 elevation_bins=37 valid=1 certificates=0 short=0 held=0 local_candidates=3 yaw=21.26
[depth_angular_controller-1] [INFO] [1791380799.758712934] [depth_angular_controller]: PAPER_BUILD reason=FULL_MOTION_CERTIFICATE required=0.0000 best=0.0000 free=0 refined=0 tubes=1 revoked_tubes=0 proofs=50
[depth_angular_controller-1] [INFO] [1791380799.758720408] [depth_angular_controller]: PAPER_EVIDENCE retained=12 balls=4 revoked_balls=0 expired_views=0 evicted_views=0 radius=0.580 clearance=0.000 best_prefix=0.000
[10.825s] [ext: isaacsim.sensors.rtx.nodes-0.1.2] startup
[10.833s] [ext: isaacsim.ros2.core-1.9.4] startup
[10.847s] Attempting to load system rclpy
[10.847s] Could not import system rclpy: No module named 'rclpy'
[10.847s] Attempting to load internal rclpy for ROS Distro: humble
[10.858s] rclpy loaded
[10.861s] [ext: isaacsim.ros2.nodes-1.18.13] startup
[10.895s] [ext: isaacsim.ros2.examples-1.2.4] startup
[10.900s] [ext: isaacsim.ros2.ui-1.6.5] startup
[11.106s] [ext: isaacsim.ros2.bridge-5.1.2] startup
2026-10-07T13:46:36Z [13,107ms] [Warning] [omni.timeline.plugin] Deprecated: direct use of ITimeline callbacks is deprecated. Use ITimeline::getTimeline (Python: omni.timeline.get_timeline_interface) instead.
[depth_angular_controller-1] [INFO] [1791380800.911573189] [depth_angular_controller]: OMNI_DEPTH views=4 azimuth_bins=180 elevation_bins=37 valid=1 certificates=0 short=0 held=0 local_candidates=3 yaw=8.84
[depth_angular_controller-1] [INFO] [1791380800.911839269] [depth_angular_controller]: PAPER_BUILD reason=FULL_MOTION_CERTIFICATE required=0.0000 best=0.0000 free=0 refined=0 tubes=4 revoked_tubes=0 proofs=107
[depth_angular_controller-1] [INFO] [1791380800.911846512] [depth_angular_controller]: PAPER_EVIDENCE retained=16 balls=15 revoked_balls=0 expired_views=0 evicted_views=0 radius=0.580 clearance=0.000 best_prefix=0.000
[depth_angular_controller-1] [INFO] [1791380801.760110315] [depth_angular_controller]: [PERF CTRL] run=p5_refine_formal_goals_20261007_after_ego1p5_2 elapsed=18.72s callbacks=294 commands=293 guidance=173 command_fps(ros/wall)=60.00/58.26 guidance_wall_fps=57.03 avoid_ms(mean/p50/p95/max)=1.273/0.817/2.752/7.824 cycle_ms(mean/p95/max)=17.165/20.716/77.554 depth_to_cmd_ms(mean/p95/max)=58.382/100.000/100.000 callback_to_publish_ms(mean/p95/max)=2.060/6.694/15.945
[depth_angular_controller-1] [INFO] [1791380801.760175488] [depth_angular_controller]: EVIDENCE_COST ingest(mean/p95/max)=1.208/5.482/13.377 record=0.010/0.014/0.030 ms
[depth_angular_controller-1] [INFO] [1791380801.760182150] [depth_angular_controller]: EVIDENCE_PHASE per_view_mean_ms balls=0.069 tubes=0.007 history=0.200 eviction=0.000
[position_cmd_to_twist-2] [INFO] [1791380801.800917605] [position_cmd_to_twist]: [PERF BRIDGE] run=p5_refine_formal_goals_20261007_after_ego1p5_2 elapsed=18.65s received=295 published=295 fps(ros/wall)=60.00/58.36 controller_to_bridge_ms(mean/p50/p95/max)=0.000/0.000/0.000/0.000 bridge_process_ms(mean/p95/max)=0.093/0.118/1.030
[NAV] t=5.0s position=(-60.39,-10.12,2.97) yaw=9.7deg command=(1.97,0.33,-0.02) manual_active=1 collision_blocks=0
[depth_angular_controller-1] [INFO] [1791380801.875039112] [depth_angular_controller]: OMNI_DEPTH views=4 azimuth_bins=180 elevation_bins=37 valid=1 certificates=0 short=0 held=0 local_candidates=3 yaw=19.32
[depth_angular_controller-1] [INFO] [1791380801.880057574] [depth_angular_controller]: PAPER_BUILD reason=FULL_MOTION_CERTIFICATE required=0.0000 best=0.0000 free=0 refined=0 tubes=8 revoked_tubes=0 proofs=128
[depth_angular_controller-1] [INFO] [1791380801.880074455] [depth_angular_controller]: PAPER_EVIDENCE retained=16 balls=30 revoked_balls=0 expired_views=0 evicted_views=4 radius=0.580 clearance=0.000 best_prefix=0.000
[depth_angular_controller-1] [INFO] [1791380802.971674182] [depth_angular_controller]: OMNI_DEPTH views=4 azimuth_bins=180 elevation_bins=37 valid=1 certificates=0 short=0 held=0 local_candidates=2 yaw=8.79
[depth_angular_controller-1] [INFO] [1791380802.971951444] [depth_angular_controller]: PAPER_BUILD reason=FULL_MOTION_CERTIFICATE required=0.0000 best=0.0000 free=0 refined=0 tubes=12 revoked_tubes=0 proofs=128
[depth_angular_controller-1] [INFO] [1791380802.971957305] [depth_angular_controller]: PAPER_EVIDENCE retained=16 balls=32 revoked_balls=0 expired_views=0 evicted_views=8 radius=0.580 clearance=0.000 best_prefix=0.000
[depth_angular_controller-1] [INFO] [1791380804.011787040] [depth_angular_controller]: OMNI_DEPTH views=4 azimuth_bins=180 elevation_bins=37 valid=1 certificates=0 short=0 held=0 local_candidates=1 yaw=9.68
[depth_angular_controller-1] [INFO] [1791380804.012087013] [depth_angular_controller]: PAPER_BUILD reason=FULL_MOTION_CERTIFICATE required=0.0000 best=0.0000 free=0 refined=0 tubes=16 revoked_tubes=0 proofs=128
[depth_angular_controller-1] [INFO] [1791380804.012094708] [depth_angular_controller]: PAPER_EVIDENCE retained=16 balls=32 revoked_balls=0 expired_views=0 evicted_views=12 radius=0.580 clearance=0.000 best_prefix=0.000
[depth_angular_controller-1] [INFO] [1791380805.116302480] [depth_angular_controller]: OMNI_DEPTH views=4 azimuth_bins=180 elevation_bins=37 valid=1 certificates=0 short=0 held=0 local_candidates=3 yaw=9.91
[depth_angular_controller-1] [INFO] [1791380805.117023324] [depth_angular_controller]: PAPER_BUILD reason=FULL_MOTION_CERTIFICATE required=0.0000 best=0.0000 free=0 refined=0 tubes=20 revoked_tubes=0 proofs=128
[depth_angular_controller-1] [INFO] [1791380805.117038653] [depth_angular_controller]: PAPER_EVIDENCE retained=16 balls=32 revoked_balls=0 expired_views=0 evicted_views=16 radius=0.580 clearance=0.000 best_prefix=0.000
[depth_angular_controller-1] [INFO] [1791380806.146834842] [depth_angular_controller]: OMNI_DEPTH views=4 azimuth_bins=180 elevation_bins=37 valid=1 certificates=0 short=0 held=0 local_candidates=2 yaw=-3.50
[depth_angular_controller-1] [INFO] [1791380806.147076376] [depth_angular_controller]: PAPER_BUILD reason=FULL_MOTION_CERTIFICATE required=0.0000 best=0.0000 free=0 refined=0 tubes=24 revoked_tubes=0 proofs=128
[depth_angular_controller-1] [INFO] [1791380806.147082067] [depth_angular_controller]: PAPER_EVIDENCE retained=16 balls=32 revoked_balls=0 expired_views=0 evicted_views=20 radius=0.580 clearance=0.000 best_prefix=0.000
[depth_angular_controller-1] [INFO] [1791380806.765936407] [depth_angular_controller]: [PERF CTRL] run=p5_refine_formal_goals_20261007_after_ego1p5_2 elapsed=23.73s callbacks=569 commands=568 guidance=448 command_fps(ros/wall)=60.00/56.60 guidance_wall_fps=55.73 avoid_ms(mean/p50/p95/max)=1.567/1.417/3.851/9.351 cycle_ms(mean/p95/max)=17.668/22.228/82.319 depth_to_cmd_ms(mean/p95/max)=50.112/100.000/100.000 callback_to_publish_ms(mean/p95/max)=2.980/7.864/15.945
[depth_angular_controller-1] [INFO] [1791380806.766021006] [depth_angular_controller]: EVIDENCE_COST ingest(mean/p95/max)=1.633/6.333/13.377 record=0.018/0.017/1.163 ms
[depth_angular_controller-1] [INFO] [1791380806.766027889] [depth_angular_controller]: EVIDENCE_PHASE per_view_mean_ms balls=0.077 tubes=0.037 history=0.270 eviction=0.000
[position_cmd_to_twist-2] [INFO] [1791380807.220812652] [position_cmd_to_twist]: [PERF BRIDGE] run=p5_refine_formal_goals_20261007_after_ego1p5_2 elapsed=24.08s received=595 published=595 fps(ros/wall)=60.00/56.73 controller_to_bridge_ms(mean/p50/p95/max)=0.056/0.000/0.000/16.667 bridge_process_ms(mean/p95/max)=0.092/0.117/1.030
[NAV] t=10.0s position=(-50.58,-8.79,2.46) yaw=9.9deg command=(1.98,-0.19,-0.09) manual_active=1 collision_blocks=0
[depth_angular_controller-1] [INFO] [1791380807.308617435] [depth_angular_controller]: OMNI_DEPTH views=4 azimuth_bins=180 elevation_bins=37 valid=1 certificates=0 short=0 held=0 local_candidates=3 yaw=-7.92
[depth_angular_controller-1] [INFO] [1791380807.308879858] [depth_angular_controller]: PAPER_BUILD reason=FULL_MOTION_CERTIFICATE required=0.0000 best=0.0000 free=0 refined=0 tubes=28 revoked_tubes=0 proofs=128
[depth_angular_controller-1] [INFO] [1791380807.308890819] [depth_angular_controller]: PAPER_EVIDENCE retained=16 balls=32 revoked_balls=0 expired_views=0 evicted_views=24 radius=0.580 clearance=0.000 best_prefix=0.000
[depth_angular_controller-1] [INFO] [1791380808.279645190] [depth_angular_controller]: OMNI_DEPTH views=4 azimuth_bins=180 elevation_bins=37 valid=1 certificates=0 short=0 held=0 local_candidates=2 yaw=-9.44
[depth_angular_controller-1] [INFO] [1791380808.279906521] [depth_angular_controller]: PAPER_BUILD reason=FULL_MOTION_CERTIFICATE required=0.0000 best=0.0000 free=0 refined=0 tubes=32 revoked_tubes=0 proofs=128
[depth_angular_controller-1] [INFO] [1791380808.279912913] [depth_angular_controller]: PAPER_EVIDENCE retained=16 balls=32 revoked_balls=0 expired_views=0 evicted_views=28 radius=0.580 clearance=0.000 best_prefix=0.000
[depth_angular_controller-1] [INFO] [1791380809.253670127] [depth_angular_controller]: OMNI_DEPTH views=4 azimuth_bins=180 elevation_bins=37 valid=1 certificates=0 short=0 held=0 local_candidates=2 yaw=-17.70
[depth_angular_controller-1] [INFO] [1791380809.253933502] [depth_angular_controller]: PAPER_BUILD reason=FULL_MOTION_CERTIFICATE required=0.0000 best=0.0000 free=0 refined=0 tubes=36 revoked_tubes=0 proofs=128
[depth_angular_controller-1] [INFO] [1791380809.253942920] [depth_angular_controller]: PAPER_EVIDENCE retained=16 balls=32 revoked_balls=0 expired_views=0 evicted_views=32 radius=0.580 clearance=0.000 best_prefix=0.000
[depth_angular_controller-1] [INFO] [1791380810.282051728] [depth_angular_controller]: OMNI_DEPTH views=4 azimuth_bins=180 elevation_bins=37 valid=1 certificates=0 short=0 held=0 local_candidates=3 yaw=11.88
[depth_angular_controller-1] [INFO] [1791380810.282294874] [depth_angular_controller]: PAPER_BUILD reason=FULL_MOTION_CERTIFICATE required=0.0000 best=0.0000 free=0 refined=0 tubes=40 revoked_tubes=0 proofs=128
[depth_angular_controller-1] [INFO] [1791380810.282300034] [depth_angular_controller]: PAPER_EVIDENCE retained=16 balls=32 revoked_balls=0 expired_views=0 evicted_views=36 radius=0.580 clearance=0.000 best_prefix=0.000
[depth_angular_controller-1] [INFO] [1791380811.310902600] [depth_angular_controller]: OMNI_DEPTH views=4 azimuth_bins=180 elevation_bins=37 valid=1 certificates=0 short=0 held=0 local_candidates=3 yaw=25.78
[depth_angular_controller-1] [INFO] [1791380811.311207743] [depth_angular_controller]: PAPER_BUILD reason=FULL_MOTION_CERTIFICATE required=0.0000 best=0.0000 free=0 refined=0 tubes=45 revoked_tubes=0 proofs=128
[depth_angular_controller-1] [INFO] [1791380811.311214937] [depth_angular_controller]: PAPER_EVIDENCE retained=16 balls=32 revoked_balls=0 expired_views=0 evicted_views=40 radius=0.580 clearance=0.000 best_prefix=0.000
[depth_angular_controller-1] [INFO] [1791380811.773024041] [depth_angular_controller]: [PERF CTRL] run=p5_refine_formal_goals_20261007_after_ego1p5_2 elapsed=28.73s callbacks=871 commands=870 guidance=750 command_fps(ros/wall)=60.00/57.84 guidance_wall_fps=57.49 avoid_ms(mean/p50/p95/max)=1.824/1.599/4.228/24.377 cycle_ms(mean/p95/max)=17.289/22.526/86.456 depth_to_cmd_ms(mean/p95/max)=46.267/83.333/100.000 callback_to_publish_ms(mean/p95/max)=3.504/8.210/28.334
[depth_angular_controller-1] [INFO] [1791380811.773130381] [depth_angular_controller]: EVIDENCE_COST ingest(mean/p95/max)=1.818/6.472/13.377 record=0.016/0.017/1.163 ms
[depth_angular_controller-1] [INFO] [1791380811.773138616] [depth_angular_controller]: EVIDENCE_PHASE per_view_mean_ms balls=0.083 tubes=0.062 history=0.285 eviction=0.001
[position_cmd_to_twist-2] [INFO] [1791380812.186816957] [position_cmd_to_twist]: [PERF BRIDGE] run=p5_refine_formal_goals_20261007_after_ego1p5_2 elapsed=29.04s received=895 published=895 fps(ros/wall)=60.00/57.95 controller_to_bridge_ms(mean/p50/p95/max)=0.037/0.000/0.000/16.667 bridge_process_ms(mean/p95/max)=0.092/0.117/1.030
[NAV] t=15.0s position=(-41.13,-8.64,3.29) yaw=10.7deg command=(1.85,0.69,0.18) manual_active=1 collision_blocks=0
[depth_angular_controller-1] [INFO] [1791380812.270530771] [depth_angular_controller]: OMNI_DEPTH views=4 azimuth_bins=180 elevation_bins=37 valid=1 certificates=0 short=0 held=0 local_candidates=1 yaw=10.69
[depth_angular_controller-1] [INFO] [1791380812.270813002] [depth_angular_controller]: PAPER_BUILD reason=FULL_MOTION_CERTIFICATE required=0.0000 best=0.0000 free=0 refined=0 tubes=49 revoked_tubes=0 proofs=128
[depth_angular_controller-1] [INFO] [1791380812.270818642] [depth_angular_controller]: PAPER_EVIDENCE retained=16 balls=32 revoked_balls=0 expired_views=0 evicted_views=44 radius=0.580 clearance=0.000 best_prefix=0.000
[depth_angular_controller-1] [INFO] [1791380813.233830172] [depth_angular_controller]: OMNI_DEPTH views=4 azimuth_bins=180 elevation_bins=37 valid=1 certificates=0 short=0 held=0 local_candidates=3 yaw=42.78
[depth_angular_controller-1] [INFO] [1791380813.234079741] [depth_angular_controller]: PAPER_BUILD reason=FULL_MOTION_CERTIFICATE required=0.0000 best=0.0000 free=0 refined=0 tubes=53 revoked_tubes=0 proofs=128
[depth_angular_controller-1] [INFO] [1791380813.234086324] [depth_angular_controller]: PAPER_EVIDENCE retained=16 balls=32 revoked_balls=0 expired_views=0 evicted_views=46 radius=0.580 clearance=0.000 best_prefix=0.000
[depth_angular_controller-1] [INFO] [1791380814.264353067] [depth_angular_controller]: OMNI_DEPTH views=4 azimuth_bins=180 elevation_bins=37 valid=1 certificates=0 short=0 held=0 local_candidates=2 yaw=41.01
[depth_angular_controller-1] [INFO] [1791380814.264626100] [depth_angular_controller]: PAPER_BUILD reason=FULL_MOTION_CERTIFICATE required=0.0000 best=0.0000 free=0 refined=0 tubes=57 revoked_tubes=0 proofs=128
[depth_angular_controller-1] [INFO] [1791380814.264633604] [depth_angular_controller]: PAPER_EVIDENCE retained=16 balls=32 revoked_balls=0 expired_views=0 evicted_views=50 radius=0.580 clearance=0.000 best_prefix=0.000
[depth_angular_controller-1] [INFO] [1791380815.342076015] [depth_angular_controller]: OMNI_DEPTH views=4 azimuth_bins=180 elevation_bins=37 valid=1 certificates=0 short=0 held=0 local_candidates=3 yaw=33.61
[depth_angular_controller-1] [INFO] [1791380815.342325795] [depth_angular_controller]: PAPER_BUILD reason=FULL_MOTION_CERTIFICATE required=0.0000 best=0.0000 free=0 refined=0 tubes=61 revoked_tubes=0 proofs=128
[depth_angular_controller-1] [INFO] [1791380815.342332798] [depth_angular_controller]: PAPER_EVIDENCE retained=16 balls=32 revoked_balls=0 expired_views=0 evicted_views=54 radius=0.580 clearance=0.000 best_prefix=0.000
[depth_angular_controller-1] [INFO] [1791380816.423809881] [depth_angular_controller]: OMNI_DEPTH views=4 azimuth_bins=180 elevation_bins=37 valid=1 certificates=0 short=0 held=0 local_candidates=3 yaw=33.50
[depth_angular_controller-1] [INFO] [1791380816.424087543] [depth_angular_controller]: PAPER_BUILD reason=FULL_MOTION_CERTIFICATE required=0.0000 best=0.0000 free=0 refined=0 tubes=65 revoked_tubes=0 proofs=128
[depth_angular_controller-1] [INFO] [1791380816.424095218] [depth_angular_controller]: PAPER_EVIDENCE retained=16 balls=32 revoked_balls=0 expired_views=0 evicted_views=58 radius=0.580 clearance=0.000 best_prefix=0.000
[depth_angular_controller-1] [INFO] [1791380816.785514307] [depth_angular_controller]: [PERF CTRL] run=p5_refine_formal_goals_20261007_after_ego1p5_2 elapsed=33.75s callbacks=1157 commands=1156 guidance=1036 command_fps(ros/wall)=60.00/57.64 guidance_wall_fps=57.37 avoid_ms(mean/p50/p95/max)=1.727/1.339/4.205/24.377 cycle_ms(mean/p95/max)=17.348/22.228/86.456 depth_to_cmd_ms(mean/p95/max)=44.772/83.333/100.000 callback_to_publish_ms(mean/p95/max)=3.431/7.938/28.334
[depth_angular_controller-1] [INFO] [1791380816.785635415] [depth_angular_controller]: EVIDENCE_COST ingest(mean/p95/max)=1.766/6.149/13.377 record=0.016/0.018/1.163 ms
[depth_angular_controller-1] [INFO] [1791380816.785643570] [depth_angular_controller]: EVIDENCE_PHASE per_view_mean_ms balls=0.080 tubes=0.052 history=0.285 eviction=0.001
[position_cmd_to_twist-2] [INFO] [1791380817.476575738] [position_cmd_to_twist]: [PERF BRIDGE] run=p5_refine_formal_goals_20261007_after_ego1p5_2 elapsed=34.33s received=1195 published=1195 fps(ros/wall)=60.00/57.64 controller_to_bridge_ms(mean/p50/p95/max)=0.028/0.000/0.000/16.667 bridge_process_ms(mean/p95/max)=0.093/0.117/1.037
[NAV] t=20.0s position=(-32.91,-3.41,3.38) yaw=8.6deg command=(1.75,0.88,-0.23) manual_active=1 collision_blocks=0
[depth_angular_controller-1] [INFO] [1791380817.559917843] [depth_angular_controller]: OMNI_DEPTH views=4 azimuth_bins=180 elevation_bins=37 valid=1 certificates=0 short=0 held=0 local_candidates=2 yaw=7.70
[depth_angular_controller-1] [INFO] [1791380817.560349274] [depth_angular_controller]: PAPER_BUILD reason=FULL_MOTION_CERTIFICATE required=0.0000 best=0.0000 free=0 refined=0 tubes=69 revoked_tubes=0 proofs=128
[depth_angular_controller-1] [INFO] [1791380817.560357740] [depth_angular_controller]: PAPER_EVIDENCE retained=16 balls=32 revoked_balls=0 expired_views=0 evicted_views=61 radius=0.580 clearance=0.000 best_prefix=0.000
[depth_angular_controller-1] [INFO] [1791380818.542191312] [depth_angular_controller]: OMNI_DEPTH views=4 azimuth_bins=180 elevation_bins=37 valid=1 certificates=0 short=0 held=0 local_candidates=3 yaw=8.11
[depth_angular_controller-1] [INFO] [1791380818.542477280] [depth_angular_controller]: PAPER_BUILD reason=FULL_MOTION_CERTIFICATE required=0.0000 best=0.0000 free=0 refined=0 tubes=73 revoked_tubes=0 proofs=128
[depth_angular_controller-1] [INFO] [1791380818.542488150] [depth_angular_controller]: PAPER_EVIDENCE retained=16 balls=32 revoked_balls=0 expired_views=0 evicted_views=65 radius=0.580 clearance=0.000 best_prefix=0.000
[depth_angular_controller-1] [INFO] [1791380819.515508099] [depth_angular_controller]: OMNI_DEPTH views=4 azimuth_bins=180 elevation_bins=37 valid=1 certificates=0 short=0 held=0 local_candidates=1 yaw=8.48
[depth_angular_controller-1] [INFO] [1791380819.515843630] [depth_angular_controller]: PAPER_BUILD reason=FULL_MOTION_CERTIFICATE required=0.0000 best=0.0000 free=0 refined=0 tubes=77 revoked_tubes=0 proofs=128
[depth_angular_controller-1] [INFO] [1791380819.515855532] [depth_angular_controller]: PAPER_EVIDENCE retained=16 balls=32 revoked_balls=0 expired_views=0 evicted_views=69 radius=0.580 clearance=0.000 best_prefix=0.000
[depth_angular_controller-1] [INFO] [1791380820.541689334] [depth_angular_controller]: OMNI_DEPTH views=4 azimuth_bins=180 elevation_bins=37 valid=1 certificates=0 short=0 held=0 local_candidates=1 yaw=8.49
[depth_angular_controller-1] [INFO] [1791380820.542003665] [depth_angular_controller]: PAPER_BUILD reason=FULL_MOTION_CERTIFICATE required=0.0000 best=0.0000 free=0 refined=0 tubes=81 revoked_tubes=0 proofs=128
[depth_angular_controller-1] [INFO] [1791380820.542011790] [depth_angular_controller]: PAPER_EVIDENCE retained=16 balls=32 revoked_balls=0 expired_views=0 evicted_views=73 radius=0.580 clearance=0.000 best_prefix=0.000
[depth_angular_controller-1] [INFO] [1791380821.577537697] [depth_angular_controller]: OMNI_DEPTH views=4 azimuth_bins=180 elevation_bins=37 valid=1 certificates=0 short=0 held=0 local_candidates=1 yaw=8.49
[depth_angular_controller-1] [INFO] [1791380821.577873659] [depth_angular_controller]: PAPER_BUILD reason=FULL_MOTION_CERTIFICATE required=0.0000 best=0.0000 free=0 refined=0 tubes=85 revoked_tubes=0 proofs=128
[depth_angular_controller-1] [INFO] [1791380821.577880732] [depth_angular_controller]: PAPER_EVIDENCE retained=16 balls=32 revoked_balls=0 expired_views=0 evicted_views=77 radius=0.580 clearance=0.000 best_prefix=0.000
[depth_angular_controller-1] [INFO] [1791380821.787203014] [depth_angular_controller]: [PERF CTRL] run=p5_refine_formal_goals_20261007_after_ego1p5_2 elapsed=38.75s callbacks=1455 commands=1454 guidance=1334 command_fps(ros/wall)=60.00/58.03 guidance_wall_fps=57.85 avoid_ms(mean/p50/p95/max)=1.625/1.344/4.039/24.377 cycle_ms(mean/p95/max)=17.233/22.055/86.456 depth_to_cmd_ms(mean/p95/max)=42.766/83.333/100.000 callback_to_publish_ms(mean/p95/max)=3.427/7.816/28.334
[depth_angular_controller-1] [INFO] [1791380821.787358747] [depth_angular_controller]: EVIDENCE_COST ingest(mean/p95/max)=1.824/5.930/13.377 record=0.016/0.018/1.163 ms
[depth_angular_controller-1] [INFO] [1791380821.787366301] [depth_angular_controller]: EVIDENCE_PHASE per_view_mean_ms balls=0.081 tubes=0.051 history=0.298 eviction=0.001
[position_cmd_to_twist-2] [INFO] [1791380822.516594128] [position_cmd_to_twist]: [PERF BRIDGE] run=p5_refine_formal_goals_20261007_after_ego1p5_2 elapsed=39.37s received=1495 published=1495 fps(ros/wall)=60.00/58.01 controller_to_bridge_ms(mean/p50/p95/max)=0.022/0.000/0.000/16.667 bridge_process_ms(mean/p95/max)=0.093/0.114/1.037
[NAV] t=25.0s position=(-23.11,-1.80,2.97) yaw=8.5deg command=(1.98,0.30,-0.00) manual_active=1 collision_blocks=0
[depth_angular_controller-1] [INFO] [1791380822.599194680] [depth_angular_controller]: OMNI_DEPTH views=4 azimuth_bins=180 elevation_bins=37 valid=1 certificates=0 short=0 held=0 local_candidates=1 yaw=8.49
[depth_angular_controller-1] [INFO] [1791380822.599515313] [depth_angular_controller]: PAPER_BUILD reason=FULL_MOTION_CERTIFICATE required=0.0000 best=0.0000 free=0 refined=0 tubes=89 revoked_tubes=0 proofs=128
[depth_angular_controller-1] [INFO] [1791380822.599523618] [depth_angular_controller]: PAPER_EVIDENCE retained=16 balls=32 revoked_balls=0 expired_views=0 evicted_views=81 radius=0.580 clearance=0.000 best_prefix=0.000
[depth_angular_controller-1] [INFO] [1791380823.749262066] [depth_angular_controller]: OMNI_DEPTH views=4 azimuth_bins=180 elevation_bins=37 valid=1 certificates=0 short=0 held=0 local_candidates=1 yaw=8.49
[depth_angular_controller-1] [INFO] [1791380823.749648903] [depth_angular_controller]: PAPER_BUILD reason=FULL_MOTION_CERTIFICATE required=0.0000 best=0.0000 free=0 refined=0 tubes=93 revoked_tubes=0 proofs=128
[depth_angular_controller-1] [INFO] [1791380823.749659113] [depth_angular_controller]: PAPER_EVIDENCE retained=16 balls=32 revoked_balls=0 expired_views=0 evicted_views=85 radius=0.580 clearance=0.000 best_prefix=0.000
[depth_angular_controller-1] [INFO] [1791380824.766531674] [depth_angular_controller]: OMNI_DEPTH views=4 azimuth_bins=180 elevation_bins=37 valid=1 certificates=0 short=0 held=0 local_candidates=1 yaw=8.49
[depth_angular_controller-1] [INFO] [1791380824.766843450] [depth_angular_controller]: PAPER_BUILD reason=FULL_MOTION_CERTIFICATE required=0.0000 best=0.0000 free=0 refined=0 tubes=97 revoked_tubes=0 proofs=128
[depth_angular_controller-1] [INFO] [1791380824.766849882] [depth_angular_controller]: PAPER_EVIDENCE retained=16 balls=32 revoked_balls=0 expired_views=0 evicted_views=89 radius=0.580 clearance=0.000 best_prefix=0.000
[depth_angular_controller-1] [INFO] [1791380826.053106310] [depth_angular_controller]: PAPER_BUILD reason=FULL_MOTION_CERTIFICATE required=0.0000 best=0.0000 free=0 refined=0 tubes=101 revoked_tubes=0 proofs=128
[depth_angular_controller-1] [INFO] [1791380826.053147688] [depth_angular_controller]: PAPER_EVIDENCE retained=16 balls=32 revoked_balls=0 expired_views=0 evicted_views=93 radius=0.580 clearance=0.000 best_prefix=0.000
[depth_angular_controller-1] [INFO] [1791380826.071140021] [depth_angular_controller]: OMNI_DEPTH views=4 azimuth_bins=180 elevation_bins=37 valid=1 certificates=0 short=0 held=0 local_candidates=2 yaw=32.58
[depth_angular_controller-1] [INFO] [1791380826.800197107] [depth_angular_controller]: [PERF CTRL] run=p5_refine_formal_goals_20261007_after_ego1p5_2 elapsed=43.76s callbacks=1713 commands=1712 guidance=1592 command_fps(ros/wall)=59.89/56.93 guidance_wall_fps=56.71 avoid_ms(mean/p50/p95/max)=1.813/1.189/4.747/24.441 cycle_ms(mean/p95/max)=17.564/22.143/86.456 depth_to_cmd_ms(mean/p95/max)=41.332/83.333/100.000 callback_to_publish_ms(mean/p95/max)=3.620/8.210/28.573
[depth_angular_controller-1] [INFO] [1791380826.800350766] [depth_angular_controller]: EVIDENCE_COST ingest(mean/p95/max)=1.821/5.736/13.377 record=0.016/0.018/1.163 ms
[depth_angular_controller-1] [INFO] [1791380826.800357529] [depth_angular_controller]: EVIDENCE_PHASE per_view_mean_ms balls=0.079 tubes=0.050 history=0.301 eviction=0.001
[depth_angular_controller-1] [INFO] [1791380827.221224620] [depth_angular_controller]: PAPER_BUILD reason=FULL_MOTION_CERTIFICATE required=0.0000 best=0.0000 free=0 refined=0 tubes=105 revoked_tubes=0 proofs=128
[depth_angular_controller-1] [INFO] [1791380827.221262350] [depth_angular_controller]: PAPER_EVIDENCE retained=16 balls=32 revoked_balls=0 expired_views=0 evicted_views=97 radius=0.580 clearance=0.000 best_prefix=0.000
[depth_angular_controller-1] [INFO] [1791380827.238861505] [depth_angular_controller]: OMNI_DEPTH views=4 azimuth_bins=180 elevation_bins=37 valid=1 certificates=0 short=0 held=0 local_candidates=3 yaw=35.08
[position_cmd_to_twist-2] [INFO] [1791380828.110076420] [position_cmd_to_twist]: [PERF BRIDGE] run=p5_refine_formal_goals_20261007_after_ego1p5_2 elapsed=44.96s received=1792 published=1792 fps(ros/wall)=59.90/57.13 controller_to_bridge_ms(mean/p50/p95/max)=0.223/0.000/0.000/33.333 bridge_process_ms(mean/p95/max)=0.092/0.113/1.037
[NAV] t=30.0s position=(-13.92,1.46,2.91) yaw=7.1deg command=(1.60,1.20,-0.05) manual_active=1 collision_blocks=0
[depth_angular_controller-1] [INFO] [1791380828.189446982] [depth_angular_controller]: PAPER_BUILD reason=FULL_MOTION_CERTIFICATE required=0.0000 best=0.0000 free=0 refined=0 tubes=109 revoked_tubes=0 proofs=128
[depth_angular_controller-1] [INFO] [1791380828.189486346] [depth_angular_controller]: PAPER_EVIDENCE retained=16 balls=32 revoked_balls=0 expired_views=0 evicted_views=101 radius=0.580 clearance=0.000 best_prefix=0.000
[depth_angular_controller-1] [INFO] [1791380828.207620486] [depth_angular_controller]: OMNI_DEPTH views=4 azimuth_bins=180 elevation_bins=37 valid=1 certificates=0 short=0 held=0 local_candidates=3 yaw=35.55
[depth_angular_controller-1] [INFO] [1791380829.281297511] [depth_angular_controller]: PAPER_BUILD reason=FULL_MOTION_CERTIFICATE required=0.0000 best=0.0000 free=0 refined=0 tubes=113 revoked_tubes=0 proofs=128
[depth_angular_controller-1] [INFO] [1791380829.281336203] [depth_angular_controller]: PAPER_EVIDENCE retained=16 balls=32 revoked_balls=0 expired_views=0 evicted_views=105 radius=0.580 clearance=0.000 best_prefix=0.000
[depth_angular_controller-1] [INFO] [1791380829.299462518] [depth_angular_controller]: OMNI_DEPTH views=4 azimuth_bins=180 elevation_bins=37 valid=1 certificates=0 short=0 held=0 local_candidates=3 yaw=5.57
[depth_angular_controller-1] [INFO] [1791380830.319604123] [depth_angular_controller]: PAPER_BUILD reason=FULL_MOTION_CERTIFICATE required=0.0000 best=0.0000 free=0 refined=0 tubes=118 revoked_tubes=0 proofs=128
[depth_angular_controller-1] [INFO] [1791380830.319639470] [depth_angular_controller]: PAPER_EVIDENCE retained=16 balls=32 revoked_balls=0 expired_views=0 evicted_views=108 radius=0.580 clearance=0.000 best_prefix=0.000
[depth_angular_controller-1] [INFO] [1791380830.335081821] [depth_angular_controller]: OMNI_DEPTH views=4 azimuth_bins=180 elevation_bins=37 valid=1 certificates=0 short=0 held=0 local_candidates=3 yaw=5.31
[depth_angular_controller-1] [INFO] [1791380831.346716388] [depth_angular_controller]: PAPER_BUILD reason=FULL_MOTION_CERTIFICATE required=0.0000 best=0.0000 free=0 refined=0 tubes=122 revoked_tubes=0 proofs=128
[depth_angular_controller-1] [INFO] [1791380831.346766633] [depth_angular_controller]: PAPER_EVIDENCE retained=16 balls=32 revoked_balls=0 expired_views=0 evicted_views=112 radius=0.580 clearance=0.000 best_prefix=0.000
[depth_angular_controller-1] [INFO] [1791380831.364134462] [depth_angular_controller]: OMNI_DEPTH views=4 azimuth_bins=180 elevation_bins=37 valid=1 certificates=0 short=0 held=0 local_candidates=3 yaw=5.40
[depth_angular_controller-1] [INFO] [1791380831.813147088] [depth_angular_controller]: [PERF CTRL] run=p5_refine_formal_goals_20261007_after_ego1p5_2 elapsed=48.77s callbacks=2004 commands=2003 guidance=1883 command_fps(ros/wall)=59.91/57.09 guidance_wall_fps=56.91 avoid_ms(mean/p50/p95/max)=1.746/1.158/4.578/24.441 cycle_ms(mean/p95/max)=17.515/22.015/86.456 depth_to_cmd_ms(mean/p95/max)=40.281/66.667/100.000 callback_to_publish_ms(mean/p95/max)=3.539/7.952/28.573
[depth_angular_controller-1] [INFO] [1791380831.813390465] [depth_angular_controller]: EVIDENCE_COST ingest(mean/p95/max)=1.781/5.620/13.377 record=0.016/0.018/1.163 ms
[depth_angular_controller-1] [INFO] [1791380831.813404812] [depth_angular_controller]: EVIDENCE_PHASE per_view_mean_ms balls=0.077 tubes=0.047 history=0.296 eviction=0.001
[depth_angular_controller-1] [INFO] [1791380832.436387561] [depth_angular_controller]: PAPER_BUILD reason=FULL_MOTION_CERTIFICATE required=0.0000 best=0.0000 free=0 refined=0 tubes=126 revoked_tubes=0 proofs=128
[depth_angular_controller-1] [INFO] [1791380832.436426655] [depth_angular_controller]: PAPER_EVIDENCE retained=16 balls=32 revoked_balls=0 expired_views=0 evicted_views=116 radius=0.580 clearance=0.000 best_prefix=0.000
[depth_angular_controller-1] [INFO] [1791380832.454736204] [depth_angular_controller]: OMNI_DEPTH views=4 azimuth_bins=180 elevation_bins=37 valid=1 certificates=0 short=0 held=0 local_candidates=1 yaw=6.52
[position_cmd_to_twist-2] [INFO] [1791380833.377803266] [position_cmd_to_twist]: [PERF BRIDGE] run=p5_refine_formal_goals_20261007_after_ego1p5_2 elapsed=50.23s received=2092 published=2092 fps(ros/wall)=59.91/57.10 controller_to_bridge_ms(mean/p50/p95/max)=0.191/0.000/0.000/33.333 bridge_process_ms(mean/p95/max)=0.092/0.114/1.037
[NAV] t=35.0s position=(-4.45,3.36,2.89) yaw=6.5deg command=(1.99,0.21,-0.02) manual_active=1 collision_blocks=0
[depth_angular_controller-1] [INFO] [1791380833.463071702] [depth_angular_controller]: PAPER_BUILD reason=FULL_MOTION_CERTIFICATE required=0.0000 best=0.0000 free=0 refined=0 tubes=130 revoked_tubes=0 proofs=128
[depth_angular_controller-1] [INFO] [1791380833.463114101] [depth_angular_controller]: PAPER_EVIDENCE retained=16 balls=32 revoked_balls=0 expired_views=0 evicted_views=120 radius=0.580 clearance=0.000 best_prefix=0.000
[depth_angular_controller-1] [INFO] [1791380833.482471981] [depth_angular_controller]: OMNI_DEPTH views=4 azimuth_bins=180 elevation_bins=37 valid=1 certificates=0 short=0 held=0 local_candidates=2 yaw=7.42
[depth_angular_controller-1] [INFO] [1791380834.499056251] [depth_angular_controller]: PAPER_BUILD reason=FULL_MOTION_CERTIFICATE required=0.0000 best=0.0000 free=0 refined=0 tubes=134 revoked_tubes=0 proofs=128
[depth_angular_controller-1] [INFO] [1791380834.499100243] [depth_angular_controller]: PAPER_EVIDENCE retained=16 balls=32 revoked_balls=0 expired_views=0 evicted_views=124 radius=0.580 clearance=0.000 best_prefix=0.000
[depth_angular_controller-1] [INFO] [1791380834.518677685] [depth_angular_controller]: OMNI_DEPTH views=4 azimuth_bins=180 elevation_bins=37 valid=1 certificates=0 short=0 held=0 local_candidates=3 yaw=5.65
[depth_angular_controller-1] [INFO] [1791380835.590391741] [depth_angular_controller]: PAPER_BUILD reason=FULL_MOTION_CERTIFICATE required=0.0000 best=0.0000 free=0 refined=0 tubes=138 revoked_tubes=0 proofs=128
[depth_angular_controller-1] [INFO] [1791380835.590436285] [depth_angular_controller]: PAPER_EVIDENCE retained=16 balls=32 revoked_balls=0 expired_views=0 evicted_views=128 radius=0.580 clearance=0.000 best_prefix=0.000
[depth_angular_controller-1] [INFO] [1791380835.608039457] [depth_angular_controller]: OMNI_DEPTH views=4 azimuth_bins=180 elevation_bins=37 valid=1 certificates=0 short=0 held=0 local_candidates=1 yaw=6.54
[depth_angular_controller-1] [INFO] [1791380836.740891059] [depth_angular_controller]: PAPER_BUILD reason=FULL_MOTION_CERTIFICATE required=0.0000 best=0.0000 free=0 refined=0 tubes=142 revoked_tubes=0 proofs=128
[depth_angular_controller-1] [INFO] [1791380836.740933800] [depth_angular_controller]: PAPER_EVIDENCE retained=16 balls=32 revoked_balls=0 expired_views=0 evicted_views=132 radius=0.580 clearance=0.000 best_prefix=0.000
[depth_angular_controller-1] [INFO] [1791380836.756458545] [depth_angular_controller]: OMNI_DEPTH views=4 azimuth_bins=180 elevation_bins=37 valid=1 certificates=0 short=0 held=0 local_candidates=1 yaw=6.54
[depth_angular_controller-1] [INFO] [1791380836.818574821] [depth_angular_controller]: [PERF CTRL] run=p5_refine_formal_goals_20261007_after_ego1p5_2 elapsed=53.78s callbacks=2284 commands=2283 guidance=2163 command_fps(ros/wall)=59.92/56.95 guidance_wall_fps=56.78 avoid_ms(mean/p50/p95/max)=1.740/1.169/4.574/24.441 cycle_ms(mean/p95/max)=17.559/21.929/86.456 depth_to_cmd_ms(mean/p95/max)=39.652/66.667/100.000 callback_to_publish_ms(mean/p95/max)=3.564/7.910/28.573
[depth_angular_controller-1] [INFO] [1791380836.818768385] [depth_angular_controller]: EVIDENCE_COST ingest(mean/p95/max)=1.797/5.412/13.377 record=0.019/0.019/1.206 ms
[depth_angular_controller-1] [INFO] [1791380836.818776480] [depth_angular_controller]: EVIDENCE_PHASE per_view_mean_ms balls=0.076 tubes=0.044 history=0.302 eviction=0.001
[depth_angular_controller-1] [INFO] [1791380837.833228833] [depth_angular_controller]: PAPER_BUILD reason=FULL_MOTION_CERTIFICATE required=0.0000 best=0.0000 free=0 refined=0 tubes=146 revoked_tubes=0 proofs=128
[depth_angular_controller-1] [INFO] [1791380837.833275060] [depth_angular_controller]: PAPER_EVIDENCE retained=16 balls=32 revoked_balls=0 expired_views=0 evicted_views=136 radius=0.580 clearance=0.000 best_prefix=0.000
[depth_angular_controller-1] [INFO] [1791380837.852324971] [depth_angular_controller]: OMNI_DEPTH views=4 azimuth_bins=180 elevation_bins=37 valid=1 certificates=0 short=0 held=0 local_candidates=2 yaw=24.55
[position_cmd_to_twist-2] [INFO] [1791380838.723567578] [position_cmd_to_twist]: [PERF BRIDGE] run=p5_refine_formal_goals_20261007_after_ego1p5_2 elapsed=55.58s received=2392 published=2392 fps(ros/wall)=59.92/56.98 controller_to_bridge_ms(mean/p50/p95/max)=0.167/0.000/0.000/33.333 bridge_process_ms(mean/p95/max)=0.092/0.113/1.037
[NAV] t=40.0s position=(5.27,5.00,2.52) yaw=6.0deg command=(1.62,1.15,-0.06) manual_active=1 collision_blocks=0
[depth_angular_controller-1] [INFO] [1791380838.807532805] [depth_angular_controller]: PAPER_BUILD reason=FULL_MOTION_CERTIFICATE required=0.0000 best=0.0000 free=0 refined=0 tubes=150 revoked_tubes=0 proofs=128
[depth_angular_controller-1] [INFO] [1791380838.807574724] [depth_angular_controller]: PAPER_EVIDENCE retained=16 balls=32 revoked_balls=0 expired_views=0 evicted_views=140 radius=0.580 clearance=0.000 best_prefix=0.000
[depth_angular_controller-1] [INFO] [1791380838.825620347] [depth_angular_controller]: OMNI_DEPTH views=4 azimuth_bins=180 elevation_bins=37 valid=1 certificates=0 short=0 held=0 local_candidates=2 yaw=39.65
[depth_angular_controller-1] [INFO] [1791380839.905882618] [depth_angular_controller]: PAPER_BUILD reason=FULL_MOTION_CERTIFICATE required=0.0000 best=0.0000 free=0 refined=0 tubes=154 revoked_tubes=0 proofs=128
[depth_angular_controller-1] [INFO] [1791380839.905917523] [depth_angular_controller]: PAPER_EVIDENCE retained=16 balls=32 revoked_balls=0 expired_views=0 evicted_views=144 radius=0.580 clearance=0.000 best_prefix=0.000
[depth_angular_controller-1] [INFO] [1791380839.919804962] [depth_angular_controller]: OMNI_DEPTH views=4 azimuth_bins=180 elevation_bins=37 valid=1 certificates=0 short=0 held=0 local_candidates=3 yaw=32.27
[depth_angular_controller-1] [INFO] [1791380840.993339419] [depth_angular_controller]: PAPER_BUILD reason=FULL_MOTION_CERTIFICATE required=0.0000 best=0.0000 free=0 refined=0 tubes=158 revoked_tubes=0 proofs=128
[depth_angular_controller-1] [INFO] [1791380840.993380977] [depth_angular_controller]: PAPER_EVIDENCE retained=16 balls=32 revoked_balls=0 expired_views=0 evicted_views=148 radius=0.580 clearance=0.000 best_prefix=0.000
[depth_angular_controller-1] [INFO] [1791380841.012552426] [depth_angular_controller]: OMNI_DEPTH views=4 azimuth_bins=180 elevation_bins=37 valid=1 certificates=0 short=0 held=0 local_candidates=3 yaw=23.76
[depth_angular_controller-1] [INFO] [1791380841.833248932] [depth_angular_controller]: [PERF CTRL] run=p5_refine_formal_goals_20261007_after_ego1p5_2 elapsed=58.79s callbacks=2558 commands=2557 guidance=2437 command_fps(ros/wall)=59.93/56.69 guidance_wall_fps=56.53 avoid_ms(mean/p50/p95/max)=1.812/1.260/4.931/24.441 cycle_ms(mean/p95/max)=17.639/21.937/86.456 depth_to_cmd_ms(mean/p95/max)=39.064/66.667/100.000 callback_to_publish_ms(mean/p95/max)=3.687/8.066/28.573
[depth_angular_controller-1] [INFO] [1791380841.833460099] [depth_angular_controller]: EVIDENCE_COST ingest(mean/p95/max)=1.843/5.398/13.377 record=0.019/0.019/1.206 ms
[depth_angular_controller-1] [INFO] [1791380841.833466130] [depth_angular_controller]: EVIDENCE_PHASE per_view_mean_ms balls=0.076 tubes=0.050 history=0.308 eviction=0.001
[depth_angular_controller-1] [INFO] [1791380842.191662132] [depth_angular_controller]: PAPER_BUILD reason=FULL_MOTION_CERTIFICATE required=0.0000 best=0.0000 free=0 refined=0 tubes=162 revoked_tubes=0 proofs=128
[depth_angular_controller-1] [INFO] [1791380842.191716595] [depth_angular_controller]: PAPER_EVIDENCE retained=16 balls=32 revoked_balls=0 expired_views=0 evicted_views=152 radius=0.580 clearance=0.000 best_prefix=0.000
[depth_angular_controller-1] [INFO] [1791380842.212950400] [depth_angular_controller]: OMNI_DEPTH views=4 azimuth_bins=180 elevation_bins=37 valid=1 certificates=0 short=0 held=0 local_candidates=2 yaw=14.99
[depth_angular_controller-1] [INFO] [1791380843.234916533] [depth_angular_controller]: PAPER_BUILD reason=FULL_MOTION_CERTIFICATE required=0.0000 best=0.0000 free=0 refined=0 tubes=166 revoked_tubes=0 proofs=128
[depth_angular_controller-1] [INFO] [1791380843.234952491] [depth_angular_controller]: PAPER_EVIDENCE retained=16 balls=32 revoked_balls=0 expired_views=0 evicted_views=156 radius=0.580 clearance=0.000 best_prefix=0.000
[depth_angular_controller-1] [INFO] [1791380843.249554924] [depth_angular_controller]: OMNI_DEPTH views=4 azimuth_bins=180 elevation_bins=37 valid=1 certificates=0 short=0 held=0 local_candidates=2 yaw=12.52
[position_cmd_to_twist-2] [INFO] [1791380844.190855692] [position_cmd_to_twist]: [PERF BRIDGE] run=p5_refine_formal_goals_20261007_after_ego1p5_2 elapsed=61.05s received=2692 published=2692 fps(ros/wall)=59.93/56.74 controller_to_bridge_ms(mean/p50/p95/max)=0.186/0.000/0.000/33.333 bridge_process_ms(mean/p95/max)=0.092/0.113/1.037
[NAV] t=45.0s position=(14.20,9.04,3.29) yaw=2.5deg command=(1.97,0.30,0.04) manual_active=1 collision_blocks=0
[depth_angular_controller-1] [INFO] [1791380844.276482021] [depth_angular_controller]: PAPER_BUILD reason=FULL_MOTION_CERTIFICATE required=0.0000 best=0.0000 free=0 refined=0 tubes=170 revoked_tubes=0 proofs=128
[depth_angular_controller-1] [INFO] [1791380844.276523739] [depth_angular_controller]: PAPER_EVIDENCE retained=16 balls=32 revoked_balls=0 expired_views=0 evicted_views=160 radius=0.580 clearance=0.000 best_prefix=0.000
[depth_angular_controller-1] [INFO] [1791380844.293652109] [depth_angular_controller]: OMNI_DEPTH views=4 azimuth_bins=180 elevation_bins=37 valid=1 certificates=0 short=0 held=0 local_candidates=1 yaw=2.48
[depth_angular_controller-1] [INFO] [1791380845.427374608] [depth_angular_controller]: PAPER_BUILD reason=FULL_MOTION_CERTIFICATE required=0.0000 best=0.0000 free=0 refined=0 tubes=174 revoked_tubes=0 proofs=128
[depth_angular_controller-1] [INFO] [1791380845.427409133] [depth_angular_controller]: PAPER_EVIDENCE retained=16 balls=32 revoked_balls=0 expired_views=0 evicted_views=164 radius=0.580 clearance=0.000 best_prefix=0.000
[depth_angular_controller-1] [INFO] [1791380845.437786204] [depth_angular_controller]: OMNI_DEPTH views=4 azimuth_bins=180 elevation_bins=37 valid=1 certificates=0 short=0 held=0 local_candidates=1 yaw=2.41
[depth_angular_controller-1] [INFO] [1791380846.400905707] [depth_angular_controller]: PAPER_BUILD reason=FULL_MOTION_CERTIFICATE required=0.0000 best=0.0000 free=0 refined=0 tubes=178 revoked_tubes=0 proofs=128
[depth_angular_controller-1] [INFO] [1791380846.400948307] [depth_angular_controller]: PAPER_EVIDENCE retained=16 balls=32 revoked_balls=0 expired_views=0 evicted_views=168 radius=0.580 clearance=0.000 best_prefix=0.000
[depth_angular_controller-1] [INFO] [1791380846.414859110] [depth_angular_controller]: OMNI_DEPTH views=4 azimuth_bins=180 elevation_bins=37 valid=1 certificates=0 short=0 held=0 local_candidates=1 yaw=2.41
[depth_angular_controller-1] [INFO] [1791380846.838390047] [depth_angular_controller]: [PERF CTRL] run=p5_refine_formal_goals_20261007_after_ego1p5_2 elapsed=63.80s callbacks=2846 commands=2845 guidance=2725 command_fps(ros/wall)=59.94/56.78 guidance_wall_fps=56.64 avoid_ms(mean/p50/p95/max)=1.884/1.245/5.734/24.441 cycle_ms(mean/p95/max)=17.612/21.953/86.456 depth_to_cmd_ms(mean/p95/max)=38.624/66.667/100.000 callback_to_publish_ms(mean/p95/max)=3.822/8.902/28.573
[depth_angular_controller-1] [INFO] [1791380846.838650416] [depth_angular_controller]: EVIDENCE_COST ingest(mean/p95/max)=1.884/5.495/13.377 record=0.034/0.020/2.991 ms
[depth_angular_controller-1] [INFO] [1791380846.838665685] [depth_angular_controller]: EVIDENCE_PHASE per_view_mean_ms balls=0.078 tubes=0.056 history=0.309 eviction=0.001
[depth_angular_controller-1] [INFO] [1791380847.430606336] [depth_angular_controller]: PAPER_BUILD reason=FULL_MOTION_CERTIFICATE required=0.0000 best=0.0000 free=0 refined=0 tubes=182 revoked_tubes=0 proofs=128
[depth_angular_controller-1] [INFO] [1791380847.430643075] [depth_angular_controller]: PAPER_EVIDENCE retained=16 balls=32 revoked_balls=0 expired_views=0 evicted_views=172 radius=0.580 clearance=0.000 best_prefix=0.000
[depth_angular_controller-1] [INFO] [1791380847.445580017] [depth_angular_controller]: OMNI_DEPTH views=4 azimuth_bins=180 elevation_bins=37 valid=1 certificates=0 short=0 held=0 local_candidates=1 yaw=2.41
[depth_angular_controller-1] [INFO] [1791380848.390800281] [depth_angular_controller]: PAPER_BUILD reason=FULL_MOTION_CERTIFICATE required=0.0000 best=0.0000 free=0 refined=0 tubes=187 revoked_tubes=0 proofs=128
[depth_angular_controller-1] [INFO] [1791380848.390840697] [depth_angular_controller]: PAPER_EVIDENCE retained=16 balls=32 revoked_balls=0 expired_views=0 evicted_views=176 radius=0.580 clearance=0.000 best_prefix=0.000
[depth_angular_controller-1] [INFO] [1791380848.405347790] [depth_angular_controller]: OMNI_DEPTH views=4 azimuth_bins=180 elevation_bins=37 valid=1 certificates=0 short=0 held=0 local_candidates=3 yaw=13.42
[position_cmd_to_twist-2] [INFO] [1791380849.273949144] [position_cmd_to_twist]: [PERF BRIDGE] run=p5_refine_formal_goals_20261007_after_ego1p5_2 elapsed=66.13s received=2992 published=2992 fps(ros/wall)=59.94/56.96 controller_to_bridge_ms(mean/p50/p95/max)=0.167/0.000/0.000/33.333 bridge_process_ms(mean/p95/max)=0.092/0.114/1.037
[NAV] t=50.0s position=(24.10,9.95,3.48) yaw=1.8deg command=(1.89,0.61,0.25) manual_active=1 collision_blocks=0
[depth_angular_controller-1] [INFO] [1791380849.353509703] [depth_angular_controller]: PAPER_BUILD reason=FULL_MOTION_CERTIFICATE required=0.0000 best=0.0000 free=0 refined=0 tubes=191 revoked_tubes=0 proofs=128
[depth_angular_controller-1] [INFO] [1791380849.353551281] [depth_angular_controller]: PAPER_EVIDENCE retained=16 balls=32 revoked_balls=0 expired_views=0 evicted_views=180 radius=0.580 clearance=0.000 best_prefix=0.000
[depth_angular_controller-1] [INFO] [1791380849.369249383] [depth_angular_controller]: OMNI_DEPTH views=4 azimuth_bins=180 elevation_bins=37 valid=1 certificates=0 short=0 held=0 local_candidates=3 yaw=20.92
[depth_angular_controller-1] [INFO] [1791380850.383666710] [depth_angular_controller]: PAPER_BUILD reason=FULL_MOTION_CERTIFICATE required=0.0000 best=0.0000 free=0 refined=0 tubes=195 revoked_tubes=0 proofs=128
[depth_angular_controller-1] [INFO] [1791380850.383707246] [depth_angular_controller]: PAPER_EVIDENCE retained=16 balls=32 revoked_balls=0 expired_views=0 evicted_views=184 radius=0.580 clearance=0.000 best_prefix=0.000
[depth_angular_controller-1] [INFO] [1791380850.397494547] [depth_angular_controller]: OMNI_DEPTH views=4 azimuth_bins=180 elevation_bins=37 valid=1 certificates=0 short=0 held=0 local_candidates=3 yaw=20.99
[depth_angular_controller-1] [INFO] [1791380851.405945261] [depth_angular_controller]: PAPER_BUILD reason=FULL_MOTION_CERTIFICATE required=0.0000 best=0.0000 free=0 refined=0 tubes=199 revoked_tubes=0 proofs=128
[depth_angular_controller-1] [INFO] [1791380851.405985006] [depth_angular_controller]: PAPER_EVIDENCE retained=16 balls=32 revoked_balls=0 expired_views=0 evicted_views=188 radius=0.580 clearance=0.000 best_prefix=0.000
[depth_angular_controller-1] [INFO] [1791380851.419966782] [depth_angular_controller]: OMNI_DEPTH views=4 azimuth_bins=180 elevation_bins=37 valid=1 certificates=0 short=0 held=0 local_candidates=2 yaw=27.76
[depth_angular_controller-1] [INFO] [1791380851.846868273] [depth_angular_controller]: [PERF CTRL] run=p5_refine_formal_goals_20261007_after_ego1p5_2 elapsed=68.81s callbacks=3146 commands=3145 guidance=3025 command_fps(ros/wall)=59.94/57.06 guidance_wall_fps=56.95 avoid_ms(mean/p50/p95/max)=1.812/1.180/5.497/24.441 cycle_ms(mean/p95/max)=17.525/21.764/86.456 depth_to_cmd_ms(mean/p95/max)=38.242/66.667/100.000 callback_to_publish_ms(mean/p95/max)=3.742/8.557/28.573
[depth_angular_controller-1] [INFO] [1791380851.847129023] [depth_angular_controller]: EVIDENCE_COST ingest(mean/p95/max)=1.866/5.286/13.377 record=0.032/0.019/2.991 ms
[depth_angular_controller-1] [INFO] [1791380851.847140214] [depth_angular_controller]: EVIDENCE_PHASE per_view_mean_ms balls=0.077 tubes=0.054 history=0.308 eviction=0.001
[depth_angular_controller-1] [INFO] [1791380852.397351944] [depth_angular_controller]: PAPER_BUILD reason=FULL_MOTION_CERTIFICATE required=0.0000 best=0.0000 free=0 refined=0 tubes=203 revoked_tubes=0 proofs=128
[depth_angular_controller-1] [INFO] [1791380852.397389715] [depth_angular_controller]: PAPER_EVIDENCE retained=16 balls=32 revoked_balls=0 expired_views=0 evicted_views=192 radius=0.580 clearance=0.000 best_prefix=0.000
[depth_angular_controller-1] [INFO] [1791380852.415696600] [depth_angular_controller]: OMNI_DEPTH views=4 azimuth_bins=180 elevation_bins=37 valid=1 certificates=0 short=0 held=0 local_candidates=2 yaw=-1.93
[depth_angular_controller-1] [INFO] [1791380853.459568091] [depth_angular_controller]: PAPER_BUILD reason=FULL_MOTION_CERTIFICATE required=0.0000 best=0.0000 free=0 refined=0 tubes=207 revoked_tubes=0 proofs=128
[depth_angular_controller-1] [INFO] [1791380853.459610420] [depth_angular_controller]: PAPER_EVIDENCE retained=16 balls=32 revoked_balls=0 expired_views=0 evicted_views=196 radius=0.580 clearance=0.000 best_prefix=0.000
[depth_angular_controller-1] [INFO] [1791380853.473403802] [depth_angular_controller]: OMNI_DEPTH views=4 azimuth_bins=180 elevation_bins=37 valid=1 certificates=0 short=0 held=0 local_candidates=1 yaw=-2.77
[position_cmd_to_twist-2] [INFO] [1791380854.416843480] [position_cmd_to_twist]: [PERF BRIDGE] run=p5_refine_formal_goals_20261007_after_ego1p5_2 elapsed=71.27s received=3292 published=3292 fps(ros/wall)=59.95/57.09 controller_to_bridge_ms(mean/p50/p95/max)=0.152/0.000/0.000/33.333 bridge_process_ms(mean/p95/max)=0.092/0.115/1.037
[NAV] t=55.0s position=(33.37,12.70,4.53) yaw=-2.8deg command=(1.99,-0.10,-0.11) manual_active=1 collision_blocks=0
[depth_angular_controller-1] [INFO] [1791380854.522825203] [depth_angular_controller]: PAPER_BUILD reason=FULL_MOTION_CERTIFICATE required=0.0000 best=0.0000 free=0 refined=0 tubes=211 revoked_tubes=0 proofs=128
[depth_angular_controller-1] [INFO] [1791380854.522874586] [depth_angular_controller]: PAPER_EVIDENCE retained=16 balls=32 revoked_balls=0 expired_views=0 evicted_views=200 radius=0.580 clearance=0.000 best_prefix=0.000
[depth_angular_controller-1] [INFO] [1791380854.541453772] [depth_angular_controller]: OMNI_DEPTH views=4 azimuth_bins=180 elevation_bins=37 valid=1 certificates=0 short=0 held=0 local_candidates=1 yaw=-2.81
[depth_angular_controller-1] [INFO] [1791380855.490240990] [depth_angular_controller]: PAPER_BUILD reason=FULL_MOTION_CERTIFICATE required=0.0000 best=0.0000 free=0 refined=0 tubes=215 revoked_tubes=0 proofs=128
[depth_angular_controller-1] [INFO] [1791380855.490282909] [depth_angular_controller]: PAPER_EVIDENCE retained=16 balls=32 revoked_balls=0 expired_views=0 evicted_views=204 radius=0.580 clearance=0.000 best_prefix=0.000
[depth_angular_controller-1] [INFO] [1791380855.504745058] [depth_angular_controller]: OMNI_DEPTH views=4 azimuth_bins=180 elevation_bins=37 valid=1 certificates=0 short=0 held=0 local_candidates=3 yaw=-29.28
[depth_angular_controller-1] [INFO] [1791380856.521121487] [depth_angular_controller]: PAPER_BUILD reason=FULL_MOTION_CERTIFICATE required=0.0000 best=0.0000 free=0 refined=0 tubes=219 revoked_tubes=0 proofs=128
[depth_angular_controller-1] [INFO] [1791380856.521163956] [depth_angular_controller]: PAPER_EVIDENCE retained=16 balls=32 revoked_balls=0 expired_views=0 evicted_views=208 radius=0.580 clearance=0.000 best_prefix=0.000
[depth_angular_controller-1] [INFO] [1791380856.537478577] [depth_angular_controller]: OMNI_DEPTH views=4 azimuth_bins=180 elevation_bins=37 valid=1 certificates=0 short=0 held=0 local_candidates=3 yaw=-18.73
[depth_angular_controller-1] [INFO] [1791380856.864459777] [depth_angular_controller]: [PERF CTRL] run=p5_refine_formal_goals_20261007_after_ego1p5_2 elapsed=73.83s callbacks=3436 commands=3435 guidance=3315 command_fps(ros/wall)=59.95/57.12 guidance_wall_fps=57.02 avoid_ms(mean/p50/p95/max)=1.741/1.148/5.275/24.441 cycle_ms(mean/p95/max)=17.506/21.531/86.456 depth_to_cmd_ms(mean/p95/max)=37.919/66.667/100.000 callback_to_publish_ms(mean/p95/max)=3.667/8.294/28.573
[depth_angular_controller-1] [INFO] [1791380856.864751645] [depth_angular_controller]: EVIDENCE_COST ingest(mean/p95/max)=1.854/5.153/13.377 record=0.031/0.019/2.991 ms
[depth_angular_controller-1] [INFO] [1791380856.864759310] [depth_angular_controller]: EVIDENCE_PHASE per_view_mean_ms balls=0.076 tubes=0.052 history=0.307 eviction=0.001
[depth_angular_controller-1] [INFO] [1791380857.558369650] [depth_angular_controller]: PAPER_BUILD reason=FULL_MOTION_CERTIFICATE required=0.0000 best=0.0000 free=0 refined=0 tubes=223 revoked_tubes=0 proofs=128
[depth_angular_controller-1] [INFO] [1791380857.558405568] [depth_angular_controller]: PAPER_EVIDENCE retained=16 balls=32 revoked_balls=0 expired_views=0 evicted_views=212 radius=0.580 clearance=0.000 best_prefix=0.000
[depth_angular_controller-1] [INFO] [1791380857.573439671] [depth_angular_controller]: OMNI_DEPTH views=4 azimuth_bins=180 elevation_bins=37 valid=1 certificates=0 short=0 held=0 local_candidates=1 yaw=0.54
[depth_angular_controller-1] [INFO] [1791380858.579252268] [depth_angular_controller]: PAPER_BUILD reason=FULL_MOTION_CERTIFICATE required=0.0000 best=0.0000 free=0 refined=0 tubes=227 revoked_tubes=0 proofs=128
[depth_angular_controller-1] [INFO] [1791380858.579292393] [depth_angular_controller]: PAPER_EVIDENCE retained=16 balls=32 revoked_balls=0 expired_views=0 evicted_views=216 radius=0.580 clearance=0.000 best_prefix=0.000
[depth_angular_controller-1] [INFO] [1791380858.593367344] [depth_angular_controller]: OMNI_DEPTH views=4 azimuth_bins=180 elevation_bins=37 valid=1 certificates=0 short=0 held=0 local_candidates=2 yaw=6.43
[position_cmd_to_twist-2] [INFO] [1791380859.514758186] [position_cmd_to_twist]: [PERF BRIDGE] run=p5_refine_formal_goals_20261007_after_ego1p5_2 elapsed=76.37s received=3592 published=3592 fps(ros/wall)=59.95/57.22 controller_to_bridge_ms(mean/p50/p95/max)=0.139/0.000/0.000/33.333 bridge_process_ms(mean/p95/max)=0.092/0.116/1.037
[NAV] t=60.0s position=(42.90,11.10,4.22) yaw=0.3deg command=(1.89,0.38,-0.49) manual_active=1 collision_blocks=0
[depth_angular_controller-1] [INFO] [1791380859.596925224] [depth_angular_controller]: PAPER_BUILD reason=FULL_MOTION_CERTIFICATE required=0.0000 best=0.0000 free=0 refined=0 tubes=231 revoked_tubes=0 proofs=128
[depth_angular_controller-1] [INFO] [1791380859.596965599] [depth_angular_controller]: PAPER_EVIDENCE retained=16 balls=32 revoked_balls=0 expired_views=0 evicted_views=220 radius=0.580 clearance=0.000 best_prefix=0.000
[depth_angular_controller-1] [INFO] [1791380859.614629565] [depth_angular_controller]: OMNI_DEPTH views=4 azimuth_bins=180 elevation_bins=37 valid=1 certificates=0 short=0 held=0 local_candidates=2 yaw=15.23
[depth_angular_controller-1] [INFO] [1791380860.578705826] [depth_angular_controller]: PAPER_BUILD reason=FULL_MOTION_CERTIFICATE required=0.0000 best=0.0000 free=0 refined=0 tubes=235 revoked_tubes=0 proofs=128
[depth_angular_controller-1] [INFO] [1791380860.578745491] [depth_angular_controller]: PAPER_EVIDENCE retained=16 balls=32 revoked_balls=0 expired_views=0 evicted_views=224 radius=0.580 clearance=0.000 best_prefix=0.000
[depth_angular_controller-1] [INFO] [1791380860.600490316] [depth_angular_controller]: OMNI_DEPTH views=4 azimuth_bins=180 elevation_bins=37 valid=1 certificates=0 short=0 held=0 local_candidates=3 yaw=15.84
[depth_angular_controller-1] [INFO] [1791380861.674548888] [depth_angular_controller]: PAPER_BUILD reason=FULL_MOTION_CERTIFICATE required=0.0000 best=0.0000 free=0 refined=0 tubes=239 revoked_tubes=0 proofs=128
[depth_angular_controller-1] [INFO] [1791380861.674590526] [depth_angular_controller]: PAPER_EVIDENCE retained=16 balls=32 revoked_balls=0 expired_views=0 evicted_views=228 radius=0.580 clearance=0.000 best_prefix=0.000
[depth_angular_controller-1] [INFO] [1791380861.694714536] [depth_angular_controller]: OMNI_DEPTH views=4 azimuth_bins=180 elevation_bins=37 valid=1 certificates=0 short=0 held=0 local_candidates=3 yaw=15.43
[depth_angular_controller-1] [INFO] [1791380861.872559121] [depth_angular_controller]: [PERF CTRL] run=p5_refine_formal_goals_20261007_after_ego1p5_2 elapsed=78.83s callbacks=3731 commands=3730 guidance=3610 command_fps(ros/wall)=59.95/57.26 guidance_wall_fps=57.17 avoid_ms(mean/p50/p95/max)=1.720/1.179/5.048/24.441 cycle_ms(mean/p95/max)=17.464/21.484/86.456 depth_to_cmd_ms(mean/p95/max)=37.825/66.667/100.000 callback_to_publish_ms(mean/p95/max)=3.650/8.052/28.573
[depth_angular_controller-1] [INFO] [1791380861.872884282] [depth_angular_controller]: EVIDENCE_COST ingest(mean/p95/max)=1.853/5.105/13.377 record=0.029/0.019/2.991 ms
[depth_angular_controller-1] [INFO] [1791380861.872892728] [depth_angular_controller]: EVIDENCE_PHASE per_view_mean_ms balls=0.075 tubes=0.053 history=0.306 eviction=0.001
[depth_angular_controller-1] [INFO] [1791380862.727460969] [depth_angular_controller]: PAPER_BUILD reason=FULL_MOTION_CERTIFICATE required=0.0000 best=0.0000 free=0 refined=0 tubes=243 revoked_tubes=0 proofs=128
[depth_angular_controller-1] [INFO] [1791380862.727907688] [depth_angular_controller]: PAPER_EVIDENCE retained=16 balls=32 revoked_balls=0 expired_views=0 evicted_views=232 radius=0.580 clearance=0.000 best_prefix=0.000
[depth_angular_controller-1] [INFO] [1791380862.744730875] [depth_angular_controller]: OMNI_DEPTH views=4 azimuth_bins=180 elevation_bins=37 valid=1 certificates=0 short=0 held=0 local_candidates=1 yaw=43.24
[depth_angular_controller-1] [INFO] [1791380863.434113460] [depth_angular_controller]: COMPUTE_DEADLINE
[depth_angular_controller-1] [INFO] [1791380863.455489652] [depth_angular_controller]: DEPTH_PROPOSAL_CERTIFIED
[depth_angular_controller-1] [INFO] [1791380863.780696217] [depth_angular_controller]: PAPER_BUILD reason=FULL_MOTION_CERTIFICATE required=0.0000 best=0.0000 free=0 refined=0 tubes=247 revoked_tubes=0 proofs=128
[depth_angular_controller-1] [INFO] [1791380863.780734529] [depth_angular_controller]: PAPER_EVIDENCE retained=16 balls=32 revoked_balls=0 expired_views=0 evicted_views=236 radius=0.580 clearance=0.000 best_prefix=0.000
[depth_angular_controller-1] [INFO] [1791380863.812750477] [depth_angular_controller]: OMNI_DEPTH views=4 azimuth_bins=180 elevation_bins=37 valid=1 certificates=0 short=0 held=0 local_candidates=2 yaw=-8.59
[position_cmd_to_twist-2] [INFO] [1791380864.656202016] [position_cmd_to_twist]: [PERF BRIDGE] run=p5_refine_formal_goals_20261007_after_ego1p5_2 elapsed=81.51s received=3882 published=3881 fps(ros/wall)=59.80/57.15 controller_to_bridge_ms(mean/p50/p95/max)=0.189/0.000/0.000/116.667 bridge_process_ms(mean/p95/max)=0.092/0.115/1.037
[NAV] t=65.0s position=(51.29,13.65,1.94) yaw=-10.9deg command=(1.66,-0.10,-0.00) manual_active=1 collision_blocks=0
[depth_angular_controller-1] [INFO] [1791380864.739621738] [depth_angular_controller]: PAPER_BUILD reason=FULL_MOTION_CERTIFICATE required=0.0000 best=0.0000 free=0 refined=0 tubes=251 revoked_tubes=0 proofs=128
[depth_angular_controller-1] [INFO] [1791380864.739663296] [depth_angular_controller]: PAPER_EVIDENCE retained=16 balls=32 revoked_balls=0 expired_views=0 evicted_views=240 radius=0.580 clearance=0.000 best_prefix=0.000
[depth_angular_controller-1] [INFO] [1791380864.775849171] [depth_angular_controller]: OMNI_DEPTH views=4 azimuth_bins=180 elevation_bins=37 valid=1 certificates=0 short=0 held=0 local_candidates=2 yaw=-11.49
[depth_angular_controller-1] [INFO] [1791380865.778682979] [depth_angular_controller]: PAPER_BUILD reason=FULL_MOTION_CERTIFICATE required=0.0000 best=0.0000 free=0 refined=0 tubes=255 revoked_tubes=0 proofs=128
[depth_angular_controller-1] [INFO] [1791380865.778725830] [depth_angular_controller]: PAPER_EVIDENCE retained=16 balls=32 revoked_balls=0 expired_views=0 evicted_views=244 radius=0.580 clearance=0.000 best_prefix=0.000
[depth_angular_controller-1] [INFO] [1791380865.814312468] [depth_angular_controller]: OMNI_DEPTH views=4 azimuth_bins=180 elevation_bins=37 valid=1 certificates=0 short=0 held=0 local_candidates=2 yaw=-36.76
[depth_angular_controller-1] [INFO] [1791380866.745865648] [depth_angular_controller]: PAPER_BUILD reason=FULL_MOTION_CERTIFICATE required=0.0000 best=0.0000 free=0 refined=0 tubes=256 revoked_tubes=0 proofs=128
[depth_angular_controller-1] [INFO] [1791380866.745906154] [depth_angular_controller]: PAPER_EVIDENCE retained=16 balls=32 revoked_balls=0 expired_views=0 evicted_views=248 radius=0.580 clearance=0.000 best_prefix=0.000
[depth_angular_controller-1] [INFO] [1791380866.786934930] [depth_angular_controller]: OMNI_DEPTH views=4 azimuth_bins=180 elevation_bins=37 valid=1 certificates=0 short=0 held=0 local_candidates=2 yaw=-7.46
[depth_angular_controller-1] [INFO] [1791380866.881726623] [depth_angular_controller]: [PERF CTRL] run=p5_refine_formal_goals_20261007_after_ego1p5_2 elapsed=83.84s callbacks=4017 commands=4016 guidance=3896 command_fps(ros/wall)=59.81/57.25 guidance_wall_fps=57.16 avoid_ms(mean/p50/p95/max)=1.812/1.249/5.161/113.194 cycle_ms(mean/p95/max)=17.468/21.467/117.600 depth_to_cmd_ms(mean/p95/max)=37.714/66.667/100.000 callback_to_publish_ms(mean/p95/max)=3.777/8.113/117.539
[depth_angular_controller-1] [INFO] [1791380866.882058547] [depth_angular_controller]: EVIDENCE_COST ingest(mean/p95/max)=1.888/5.075/13.377 record=0.028/0.019/2.991 ms
[depth_angular_controller-1] [INFO] [1791380866.882069437] [depth_angular_controller]: EVIDENCE_PHASE per_view_mean_ms balls=0.077 tubes=0.055 history=0.311 eviction=0.001
[depth_angular_controller-1] [INFO] [1791380867.843120803] [depth_angular_controller]: PAPER_BUILD reason=FULL_MOTION_CERTIFICATE required=0.0000 best=0.0000 free=0 refined=0 tubes=256 revoked_tubes=0 proofs=128
[depth_angular_controller-1] [INFO] [1791380867.843159255] [depth_angular_controller]: PAPER_EVIDENCE retained=16 balls=32 revoked_balls=0 expired_views=0 evicted_views=252 radius=0.580 clearance=0.000 best_prefix=0.000
[depth_angular_controller-1] [INFO] [1791380867.879298813] [depth_angular_controller]: OMNI_DEPTH views=4 azimuth_bins=180 elevation_bins=37 valid=1 certificates=0 short=0 held=0 local_candidates=1 yaw=-7.15
[depth_angular_controller-1] [INFO] [1791380868.876729758] [depth_angular_controller]: PAPER_BUILD reason=FULL_MOTION_CERTIFICATE required=0.0000 best=0.0000 free=0 refined=0 tubes=256 revoked_tubes=0 proofs=128
[depth_angular_controller-1] [INFO] [1791380868.876773610] [depth_angular_controller]: PAPER_EVIDENCE retained=16 balls=32 revoked_balls=0 expired_views=0 evicted_views=256 radius=0.580 clearance=0.000 best_prefix=0.000
[depth_angular_controller-1] [INFO] [1791380868.910723182] [depth_angular_controller]: OMNI_DEPTH views=4 azimuth_bins=180 elevation_bins=37 valid=1 certificates=0 short=0 held=0 local_candidates=1 yaw=-7.14
[position_cmd_to_twist-2] [INFO] [1791380869.821302295] [position_cmd_to_twist]: [PERF BRIDGE] run=p5_refine_formal_goals_20261007_after_ego1p5_2 elapsed=86.68s received=4182 published=4181 fps(ros/wall)=59.81/57.22 controller_to_bridge_ms(mean/p50/p95/max)=0.175/0.000/0.000/116.667 bridge_process_ms(mean/p95/max)=0.092/0.113/1.037
[NAV] t=70.0s position=(60.80,11.60,2.66) yaw=-7.1deg command=(1.98,-0.25,0.09) manual_active=1 collision_blocks=0
[depth_angular_controller-1] [INFO] [1791380869.902932153] [depth_angular_controller]: PAPER_BUILD reason=FULL_MOTION_CERTIFICATE required=0.0000 best=0.0000 free=0 refined=0 tubes=256 revoked_tubes=0 proofs=128
[depth_angular_controller-1] [INFO] [1791380869.902969032] [depth_angular_controller]: PAPER_EVIDENCE retained=16 balls=32 revoked_balls=0 expired_views=0 evicted_views=260 radius=0.580 clearance=0.000 best_prefix=0.000
[depth_angular_controller-1] [INFO] [1791380869.939020985] [depth_angular_controller]: OMNI_DEPTH views=4 azimuth_bins=180 elevation_bins=37 valid=1 certificates=0 short=0 held=0 local_candidates=1 yaw=-7.14
[depth_angular_controller-1] [INFO] [1791380870.924491182] [depth_angular_controller]: PAPER_BUILD reason=FULL_MOTION_CERTIFICATE required=0.0000 best=0.0000 free=0 refined=0 tubes=256 revoked_tubes=0 proofs=128
[depth_angular_controller-1] [INFO] [1791380870.924530415] [depth_angular_controller]: PAPER_EVIDENCE retained=16 balls=32 revoked_balls=0 expired_views=0 evicted_views=264 radius=0.580 clearance=0.000 best_prefix=0.000
[depth_angular_controller-1] [INFO] [1791380870.959795319] [depth_angular_controller]: OMNI_DEPTH views=4 azimuth_bins=180 elevation_bins=37 valid=1 certificates=0 short=0 held=0 local_candidates=1 yaw=-7.14
[depth_angular_controller-1] [INFO] [1791380871.597384278] [depth_angular_controller]: ZERO_INTENT
[depth_angular_controller-1] [INFO] [1791380871.888240017] [depth_angular_controller]: [PERF CTRL] run=p5_refine_formal_goals_20261007_after_ego1p5_2 elapsed=88.85s callbacks=4305 commands=4304 guidance=4169 command_fps(ros/wall)=59.82/57.27 guidance_wall_fps=57.22 avoid_ms(mean/p50/p95/max)=1.729/1.170/4.931/113.194 cycle_ms(mean/p95/max)=17.462/21.347/117.600 depth_to_cmd_ms(mean/p95/max)=37.367/66.667/100.000 callback_to_publish_ms(mean/p95/max)=3.701/8.025/117.539
[depth_angular_controller-1] [INFO] [1791380871.888939441] [depth_angular_controller]: EVIDENCE_COST ingest(mean/p95/max)=1.898/5.063/13.377 record=0.028/0.019/2.991 ms
[depth_angular_controller-1] [INFO] [1791380871.889140630] [depth_angular_controller]: EVIDENCE_PHASE per_view_mean_ms balls=0.077 tubes=0.055 history=0.313 eviction=0.001
[BENCHMARK RESULT] ARRIVED sim=70.883s
[PERF ISAAC FINAL] run=p5_refine_formal_goals_20261007_after_ego1p5_2 result=ARRIVED wall=76.50s sim_frames=4375 fps(sim/wall)=60.03/57.19 command_changes=3906 collision_blocks=0 frame_interval_ms(mean/p50/p95/max)=17.397/16.075/18.128/79.354
[89.407s] Simulation App Shutting Down
[depth_angular_controller-1] [INFO] [1791380873.463314334] [rclcpp]: signal_handler(SIGINT/SIGTERM)
[position_cmd_to_twist-2] [INFO] [1791380873.464167738] [position_cmd_to_twist]: [PERF BRIDGE FINAL] run=p5_refine_formal_goals_20261007_after_ego1p5_2 elapsed=90.32s received=4360 published=4359 fps(ros/wall)=59.82/57.30 controller_to_bridge_ms(mean/p50/p95/max)=0.168/0.000/0.000/116.667 bridge_process_ms(mean/p95/max)=0.092/0.113/1.037
[position_cmd_to_twist-2] Failed to publish log message to rosout: publisher's context is invalid, at ./src/rcl/publisher.c:389
[depth_angular_controller-1] [INFO] [1791380873.464425963] [depth_angular_controller]: [PERF CTRL FINAL] run=p5_refine_formal_goals_20261007_after_ego1p5_2 elapsed=90.43s callbacks=4361 commands=4360 guidance=4169 command_fps(ros/wall)=59.82/57.31 guidance_wall_fps=57.22 avoid_ms(mean/p50/p95/max)=1.729/1.170/4.931/113.194 cycle_ms(mean/p95/max)=17.448/21.331/117.600 depth_to_cmd_ms(mean/p95/max)=37.367/66.667/100.000 callback_to_publish_ms(mean/p95/max)=3.677/7.979/117.539
[depth_angular_controller-1] [INFO] [1791380873.464731748] [depth_angular_controller]: EVIDENCE_COST ingest(mean/p95/max)=1.895/5.021/13.377 record=0.027/0.019/2.991 ms
[depth_angular_controller-1] [INFO] [1791380873.464734753] [depth_angular_controller]: EVIDENCE_PHASE per_view_mean_ms balls=0.076 tubes=0.055 history=0.313 eviction=0.001
[INFO] [depth_angular_controller-1]: process has finished cleanly [pid 278140]
[INFO] [position_cmd_to_twist-2]: process has finished cleanly [pid 278142]
