[PERF] run=p5_six_recovery_v2_baseline_ego1p5_2 log=/home/starry/isaac-data/EGO1P5/performance/navigation_benchmark_20260929/PERFORMANCE.md
[INPUT] mode=goal scene_mode=cloud
[LOCK] Waiting for shared Isaac navigation slot
[INFO] [launch]: All log files can be found below /tmp/fov_gvf_ego1p5_isaac_ros_log/2026-10-07-17-15-09-499664-starry-System-Product-Name-257631
[INFO] [launch]: Default logging verbosity is set to INFO
[INFO] [depth_angular_controller-1]: process started with pid [257633]
[INFO] [position_cmd_to_twist-2]: process started with pid [257635]
[depth_angular_controller-1] [INFO] [1791364509.534947302] [depth_angular_controller]: PROCESSING_RATES control=60.0 Hz depth_limit=10.0 Hz (0=unlimited)
[depth_angular_controller-1] [INFO] [1791364509.537415300] [depth_angular_controller]: C++ controller commands publish on /position_cmd; horizontal views=4
[ROS CHECK] ROS_DOMAIN_ID=42 /position_cmd publishers=1
Type: pc_gvf_msgs/msg/PositionCommand
Publisher count: 1
Subscription count: 1
/depth_angular_controller
/position_cmd_to_twist
WARNING: All log messages before absl::InitializeLog() is called are written to STDERR
E0000 00:00:1791364510.495086  257674 descriptor_database.cc:633] File already exists in database: grpc/health/v1/health.proto
W0000 00:00:1791364510.495114  257674 message.cc:301] Protobuf GeneratedMessageFactory: File is already registered: grpc/health/v1/health.proto
2026-10-07T09:15:10Z [Info] [carb] Logging to file: /home/starry/isaac-data/isaacsim/kit/logs/Kit/Isaac-Sim Python/6.0/kit_20261007_171510.log
[0.045s] [ext: omni.assets.plugins-0.0.0] startup
[0.045s] [ext: omni.blobkey-1.1.2] startup
[0.045s] [ext: omni.kit.async_engine-0.0.3] startup
[0.323s] [ext: omni.client.lib-1.1.1] startup
[0.331s] [ext: omni.client-1.3.0] startup
[0.333s] [ext: omni.protobuf.lib-1.0.0] startup
[0.334s] [ext: omni.grpc.lib-1.0.0] startup
[0.338s] [ext: omni.metrics.core-0.0.3] startup
[0.338s] [ext: omni.datastore-0.0.0] startup
[0.338s] [ext: omni.gpu_foundation.shadercache.vulkan-1.0.0] startup
[0.340s] [ext: omni.hsscclient-1.1.4] startup
[0.340s] [ext: omni.stats-1.0.1] startup
[0.341s] [ext: omni.ujitso.default-1.0.0] startup
[0.344s] [ext: omni.gpu_foundation-0.0.0] startup
[0.466s] [ext: carb.windowing.plugins-1.0.1] startup
[0.466s] [ext: omni.kit.renderer.init-1.0.1] startup
2026-10-07T09:15:10Z [657ms] [Warning] [omni.rtx] Skipping unsupported non-NVIDIA GPU: AMD Unknown (RADV RAPHAEL_MENDOCINO)
2026-10-07T09:15:10Z [657ms] [Warning] [omni.rtx] Skipping unsupported non-NVIDIA GPU: AMD Unknown (RADV RAPHAEL_MENDOCINO)

|---------------------------------------------------------------------------------------------|
| Driver Version: 580.178.04    | Graphics API: Vulkan
|=============================================================================================|
| GPU | Name                             | Active | LDA | GPU Memory | Vendor-ID | LUID       |
|     |                                  |        |     |            | Device-ID | UUID       |
|     |                                  |        |     |            | Bus-ID    |            |
|---------------------------------------------------------------------------------------------|
| 0   | NVIDIA GeForce RTX 5070          | Yes: 0 |     | 12227   MB | 10de      | 0          |
|     |                                  |        |     |            | 2f04      | 348d89fe.. |
|     |                                  |        |     |            | 1         |            |
|---------------------------------------------------------------------------------------------|
| 1   | AMD Unknown (RADV RAPHAEL_MEND.. |        |     | 10755   MB | 1002      | 0          |
|     |                                  |        |     |            | 13c0      | 00000000.. |
|     |                                  |        |     |            | c         |            |
|=============================================================================================|
| OS: 22.04.5 LTS (Jammy Jellyfish) ubuntu, Version: 22.04.5, Kernel: 6.8.0-138-generic
| XServer Vendor: The X.Org Foundation, XServer Version: 12101004 (1.21.1.4)
| Processor: AMD Ryzen 5 9600X 6-Core Processor
| Cores: 6 | Logical Cores: 12
|---------------------------------------------------------------------------------------------|
| Total Memory (MB): 31241 | Free Memory: 23205
| Total Page/Swap (MB): 15624 | Free Page/Swap: 15624
|---------------------------------------------------------------------------------------------|
2026-10-07T09:15:11Z [862ms] [Warning] [omni.rtx] CPU performance profile is set to powersave. This profile sets the CPU to the lowest frequency reducing performance.
2026-10-07T09:15:11Z [870ms] [Warning] [omni.rtx] IOMMU is enabled.
[0.973s] [ext: omni.kit.pipapi-0.0.0] startup
[0.974s] [ext: omni.kit.pip_archive-0.0.0] startup
[0.974s] [ext: isaacsim.pip.newton-0.6.1] startup
[0.974s] [ext: omni.pip.compute-1.9.2] startup
[0.974s] [ext: omni.isaac.core_archive-5.3.1] startup
[0.975s] [ext: omni.kit.telemetry-0.5.2] startup
[0.991s] [ext: omni.kit.loop-isaac-1.6.0] startup
[0.993s] [ext: omni.kit.test-2.0.7] startup
[1.044s] [ext: omni.materialx.libs-1.0.9] startup
[1.050s] [ext: omni.gpucompute.plugins-0.0.0] startup
[1.051s] [ext: omni.usd.config-1.0.7] startup
[1.054s] [ext: omni.usd.libs-1.0.3] startup
[1.110s] [ext: omni.iray.libs-0.0.1] startup
[1.112s] [ext: omni.mdl-57.0.3] startup
[1.173s] [ext: omni.mdl.neuraylib-0.2.20] startup
[1.174s] [ext: omni.kit.usd.mdl-1.1.9] startup
[1.260s] [ext: omni.appwindow-1.2.2] startup
[1.261s] [ext: omni.kit.renderer.core-1.2.2] startup
2026-10-07T09:15:16Z [6,489ms] [Warning] [carb.windowing-glfw.gamepad] Joystick with unknown remapping detected (will be ignored):  BEITONG BEITONG A2P3A BFM DONGLE [03000000bc2000001c51000011010000]
[6.521s] [ext: omni.kit.renderer.capture-2.0.1] startup
[6.522s] [ext: omni.kit.renderer.imgui-2.0.6] startup
[6.558s] [ext: omni.ui-3.2.0] startup
[6.564s] [ext: omni.kit.mainwindow-1.0.3] startup
[6.565s] [ext: carb.audio-0.1.0] startup
[6.567s] [ext: omni.uiaudio-1.0.0] startup
[6.568s] [ext: omni.kit.uiapp-0.0.0] startup
[6.568s] [ext: omni.usd.schema.metrics.assembler-110.1.0] startup
[6.570s] [ext: omni.usd.schema.audio-0.0.1] startup
[6.572s] [ext: omni.usd_resolver-1.0.0] startup
[6.575s] [ext: omni.usd.core-1.8.3] startup
[6.577s] [ext: omni.metropolis.schema-0.0.3] startup
[6.577s] [ext: isaacsim.anim.robot.schema-0.1.1] startup
[6.578s] [ext: omni.usd.schema.anim-0.0.1] startup
[6.591s] [ext: omni.usd.schema.geospatial-0.0.1] startup
[6.592s] [ext: omni.usd.schema.omnigraph-1.0.1] startup
[6.596s] [ext: omni.usd.schema.semantics-0.0.0] startup
[6.598s] [ext: omni.activity.core-1.0.3] startup
[6.599s] [ext: omni.cubric-0.1.0] startup
[6.599s] [ext: omni.graph.exec-0.9.6] startup
[6.600s] [ext: omni.hydra.scene_delegate-0.3.5] startup
[6.602s] [ext: usdrt.scenegraph-7.6.3] startup
[6.620s] [ext: omni.hydra.usdrt_delegate-7.5.2] startup
[6.624s] [ext: omni.inspect-1.0.2] startup
[6.625s] [ext: omni.kit.actions.core-1.0.0] startup
[6.626s] [ext: omni.kit.audiodeviceenum-1.0.2] startup
[6.627s] [ext: omni.kit.commands-1.5.0] startup
[6.629s] [ext: omni.kit.exec.core-0.13.5] startup
[6.630s] [ext: omni.kit.usd_undo-0.1.8] startup
[6.631s] [ext: omni.kit.window.popup_dialog-2.0.25] startup
[6.633s] [ext: omni.kit.widget.nucleus_connector-2.3.1] startup
[6.635s] [ext: omni.timeline-1.1.0] startup
[6.636s] [ext: omni.usd-1.16.0] startup
[6.661s] [ext: omni.graph.core-3.1.2] startup
[6.663s] [ext: omni.kit.notification_manager-1.0.11] startup
[6.664s] [ext: isaacsim.core.deprecation_manager-0.4.2] startup
[6.665s] [ext: isaacsim.replicator.agent.schema-0.1.1] startup
[6.666s] [ext: isaacsim.robot.schema-6.3.7] startup
[6.670s] [ext: isaacsim.robot_motion.schema-0.2.1] startup
[6.670s] [ext: omni.anim.behavior.schema-110.1.0] startup
[6.673s] [ext: omni.anim.graph.schema-110.1.1] startup
[6.677s] [ext: omni.anim.navigation.schema-110.1.0] startup
[6.680s] [ext: omni.behavior.tree.schema-110.1.0] startup
[6.680s] [ext: omni.isaac.ml_archive-3.3.0] startup
[6.681s] [ext: omni.kit.asset_converter-6.0.1] startup
[6.689s] [ext: omni.pip.cloud-1.5.4] startup
[6.691s] [ext: omni.usd.schema.flow-110.0.0] startup
[6.691s] [ext: omni.usd.schema.mujoco-1.1.1] startup
[6.692s] [ext: omni.usd.schema.newton-1.2.1] startup
[6.692s] [ext: omni.usd.schema.omni_lens_distortion-1.0.0] startup
[6.693s] [ext: omni.usd.schema.omni_projectors-1.0.0] startup
[6.693s] [ext: omni.usd.schema.omni_sensors-0.0.0] startup
[6.699s] [ext: omni.usd.schema.omniscripting-1.0.1] startup
[6.702s] [ext: omni.usd.schema.physical_lighting-0.1.0] startup
[6.705s] [ext: omni.usd.schema.physx-110.1.13] startup
[6.728s] [ext: omni.usd.schema.render_settings.rtx-1.0.2] startup
[6.730s] [ext: omni.usd.schema.usd_particle_field-1.0.0] startup
[6.731s] [ext: isaacsim.core.version-2.1.1] startup
[6.731s] [ext: omni.kit.menu.core-1.2.0] startup
[6.732s] [ext: omni.kit.menu.utils-2.2.4] startup
[6.737s] [ext: isaacsim.app.about-2.3.1] startup
[6.741s] [ext: isaacsim.asset.transformer-1.2.5] startup
[6.743s] [ext: omni.scene.optimizer.core-110.1.0] startup
[6.774s] [ext: isaacsim.asset.importer.utils-1.8.1] startup
[6.776s] [ext: omni.convexdecomposition-110.1.13] startup
[6.777s] [ext: omni.physics-110.1.13] startup
[6.780s] [ext: omni.physx.gpu-110.1.13] startup
[6.780s] [ext: omni.physx.foundation-110.1.13] startup
[6.781s] [ext: omni.usdphysics-110.1.13] startup
[6.782s] [ext: omni.physx.cooking-110.1.13] startup
[6.784s] [ext: omni.physx-110.1.13] startup
[6.790s] [ext: omni.physics.physx-110.1.13] startup
[6.792s] [ext: isaacsim.asset.exporter.urdf-2.0.5] startup
[6.798s] [ext: omni.kit.clipboard-1.1.1] startup
[6.798s] [ext: omni.kit.usd.layers-2.6.1] startup
[6.804s] [ext: omni.kit.widget.context_menu-1.4.0] startup
[6.805s] [ext: omni.kit.context_menu-1.9.0] startup
[6.806s] [ext: omni.kit.helper.file_utils-0.1.10] startup
[6.807s] [ext: omni.kit.widget.nucleus_info-2.0.2] startup
[6.807s] [ext: omni.kit.search_core-1.0.8] startup
[6.808s] [ext: omni.kit.widget.path_field-2.0.13] startup
[6.808s] [ext: omni.kit.widget.browser_bar-2.0.10] startup
[6.809s] [ext: omni.kit.widget.filebrowser-2.13.4] startup
[6.812s] [ext: omni.kit.widget.options_menu-1.1.6] startup
[6.814s] [ext: omni.kit.widget.options_button-1.0.3] startup
[6.814s] [ext: omni.kit.widget.search_delegate-1.0.9] startup
[6.815s] [ext: omni.ui.scene-2.0.3] startup
[6.818s] [ext: omni.kit.window.filepicker-2.15.5] startup
[6.828s] [ext: omni.kit.window.file_importer-1.1.21] startup
[6.829s] [ext: omni.kit.material.library-3.1.2] startup
[6.833s] [ext: isaacsim.asset.transformer.rules-1.7.10] startup
[6.841s] [ext: omni.usdex.libs-2.2.2] startup
[6.846s] [ext: isaacsim.asset.importer.mjcf-3.10.1] startup
[6.848s] [ext: isaacsim.asset.importer.urdf-3.11.2] startup
[6.851s] [ext: omni.kit.primitive.mesh-1.1.0] startup
[6.852s] [ext: omni.kit.stage_template.core-1.1.22] startup
[6.853s] [ext: omni.kit.stage_templates-2.0.2] startup
[6.854s] [ext: omni.usd.metrics.assembler-110.1.2] startup
[6.856s] [ext: omni.warp.core-1.13.0] startup
[7.034s] [ext: isaacsim.core.experimental.utils-0.17.2] startup
[7.035s] [ext: omni.physics.stageupdate-110.1.13] startup
[7.037s] [ext: omni.physics.tensors-110.1.13] startup
[7.040s] [ext: omni.physx.tensors-110.1.13] startup
[7.043s] [ext: isaacsim.core.simulation_manager-1.15.6] startup
[7.053s] [ext: isaacsim.storage.native-1.9.3] startup
[7.054s] [ext: omni.usd.metrics.assembler.physics-110.1.13] startup
[7.055s] [ext: isaacsim.core.utils-4.1.7] startup
[7.056s] [ext: isaacsim.core.prims-0.11.7] startup
[7.919s] [ext: isaacsim.core.api-5.2.13] startup
[7.924s] [ext: isaacsim.core.cloner-1.7.3] startup
[7.925s] [ext: isaacsim.test.docstring-1.3.2] startup
[7.927s] [ext: isaacsim.core.experimental.prims-1.8.9] startup
[7.945s] [ext: isaacsim.core.experimental.primdata-0.3.2] startup
[7.946s] [ext: omni.graph.tools-1.81.0] startup
[7.965s] [ext: omni.graph-1.142.5] startup
[7.996s] [ext: isaacsim.core.experimental.actuators-0.1.2] startup
[8.008s] [ext: isaacsim.core.experimental.materials-0.7.1] startup
[8.011s] [ext: isaacsim.core.experimental.objects-0.8.1] startup
[8.065s] [ext: omni.hydra.engine.stats-1.0.5] startup
[8.067s] [ext: omni.hydra.rtx.shadercache.vulkan-1.0.0] startup
[8.068s] [ext: omni.index.libs-387500.4413.0] startup
[8.068s] [ext: omni.index-1.0.1] startup
[8.068s] [ext: omni.ujitso.client-0.0.0] startup
[8.068s] [ext: omni.usd.schema.playback-1.0.0] startup
[8.071s] [ext: omni.volume-0.5.2] startup
[8.075s] [ext: omni.hydra.rtx-1.0.4] startup
2026-10-07T09:15:18Z [8,064ms] [Warning] [omni.log] Source: omni.hydra was already registered.
[8.095s] [ext: omni.kit.hydra_texture-1.6.0] startup
[8.098s] [ext: omni.kit.raycast.query-1.2.0] startup
[8.102s] [ext: omni.kit.viewport.legacy_gizmos-1.0.24] startup
[8.103s] [ext: omni.kit.viewport.registry-104.0.6] startup
[8.104s] [ext: omni.kit.viewport.scene_camera_model-1.0.7] startup
[8.107s] [ext: omni.kit.widget.viewport-109.2.0] startup
[8.110s] [ext: omni.kit.window.drop_support-1.0.8] startup
[8.111s] [ext: omni.kit.viewport.window-109.0.2] startup
[8.124s] [ext: omni.kit.viewport.utility-2.0.1] startup
[8.125s] [ext: isaacsim.core.rendering_manager-0.4.3] startup
[8.144s] [ext: omni.graph.action_core-1.1.9] startup
[8.146s] [ext: omni.graph.action_nodes_core-2.11.0] startup
[8.148s] [ext: omni.graph.action_nodes-2.11.0] startup
[8.163s] [ext: omni.graph.action-2.10.2] startup
[8.164s] [ext: omni.graph.image.core-0.6.1] startup
[8.165s] [ext: omni.graph.image.nodes-1.3.1] startup
[8.166s] [ext: omni.graph.nodes_core-2.11.0] startup
[8.170s] [ext: omni.graph.nodes-2.12.0] startup
[8.174s] [ext: omni.kit.hotkeys.core-1.3.12] startup
[8.174s] [ext: omni.kit.property.adapter.core-1.1.1] startup
[8.176s] [ext: omni.kit.property.adapter.usd-1.0.5] startup
[8.177s] [ext: omni.kit.widget.filter-1.1.5] startup
[8.178s] [ext: omni.kit.widget.highlight_label-1.0.3] startup
[8.179s] [ext: omni.kit.widget.searchfield-1.1.8] startup
[8.180s] [ext: omni.kit.window.file_exporter-1.0.36] startup
[8.181s] [ext: omni.kit.widget.stage-4.4.0] startup
[8.188s] [ext: omni.kit.window.content_browser_registry-0.0.6] startup
[8.188s] [ext: omni.kit.window.file-2.0.10] startup
[8.191s] [ext: omni.kit.window.content_browser-3.1.8] startup
[8.199s] [ext: omni.kit.window.property-1.15.1] startup
[8.208s] [ext: omni.kit.property.usd-4.9.4] startup
[8.216s] [ext: omni.graph.scriptnode-2.10.2] startup
[8.223s] [ext: omni.kit.widget.searchable_combobox-1.0.7] startup
[8.224s] [ext: omni.kit.widget.settings-2.0.0] startup
[8.225s] [ext: omni.kit.window.preferences-1.8.3] startup
[8.229s] [ext: omni.kit.viewport.menubar.core-107.2.2] startup
[8.239s] [ext: omni.syntheticdata-0.6.15] startup
[8.262s] [ext: omni.replicator.nv-1.1.1] startup
[8.266s] [ext: omni.videoencoding-0.2.1] startup
[8.267s] [ext: omni.replicator.core-1.13.27] startup
2026-10-07T09:15:18Z [8,252ms] [Warning] [pxr.Semantics] pxr.Semantics is deprecated - please use Semantics instead
2026-10-07T09:15:18Z [8,317ms] [Warning] [omni.replicator.core.scripts.extension] No material configuration file, adding configuration to material settings directly.
[8.463s] [ext: isaacsim.core.nodes-5.10.5] startup
[8.488s] [ext: isaacsim.core.throttling-2.3.5] startup
[8.490s] [ext: omni.kit.manipulator.viewport-107.0.1] startup
[8.491s] [ext: omni.graph.visualization.nodes-2.1.4] startup
[8.502s] [ext: omni.kit.window.extensions-1.5.10] startup
[8.507s] [ext: isaacsim.gui.components-1.8.5] startup
[8.510s] [ext: isaacsim.robot.surface_gripper-3.6.2] startup
[8.519s] [ext: isaacsim.robot.manipulators-3.4.4] startup
[8.528s] [ext: isaacsim.robot_motion.lula-4.1.3] startup
[8.533s] [ext: isaacsim.robot_motion.motion_generation-8.2.9] startup
[8.538s] [ext: isaacsim.cortex.framework-1.0.18] startup
[8.539s] [ext: isaacsim.cortex.behaviors-2.0.17] startup
[8.540s] [ext: isaacsim.examples.base-1.3.2] startup
[8.541s] [ext: omni.kit.widget.zoombar-1.0.7] startup
[8.542s] [ext: omni.kit.browser.core-2.3.18] startup
[8.545s] [ext: omni.kit.browser.folder.core-2.0.2] startup
[8.548s] [ext: omni.kit.widget.stage_icons-1.0.8] startup
[8.549s] [ext: omni.kit.window.stage-2.6.1] startup
[8.551s] [ext: omni.kit.menu.stage-1.2.7] startup
[8.552s] [ext: omni.kit.usd.collect-3.0.6] startup
[8.555s] [ext: omni.kit.widget.prompt-1.0.7] startup
[8.555s] [ext: omni.kit.tool.collect-2.2.19] startup
[8.557s] [ext: isaacsim.examples.browser-0.3.2] startup
[8.558s] [ext: omni.kit.search.files-1.0.4] startup
[8.559s] [ext: omni.kit.widget.calendar-1.0.9] startup
[8.560s] [ext: omni.kit.widget.extended_searchfield-1.0.31] startup
[8.566s] [ext: omni.simready.content.browser-0.3.7] startup
[8.650s] [ext: isaacsim.gui.content_browser-0.4.3] startup
[8.652s] [ext: omni.kit.selection-0.1.6] startup
[8.653s] [ext: isaacsim.gui.menu-2.10.5] startup
[8.660s] [ext: isaacsim.gui.property-1.6.4] startup
[8.666s] [ext: omni.kit.viewport.actions-110.0.0] startup
[8.669s] [ext: omni.kit.viewport.menubar.display-107.1.3] startup
[8.671s] [ext: isaacsim.gui.sensors.icon-2.2.1] startup
[8.673s] [ext: omni.behavior.scripting.core-110.1.0] startup
[8.675s] [ext: isaacsim.replicator.behavior-1.5.4] startup
[8.676s] [ext: isaacsim.replicator.experimental.domain_randomization-1.2.5] startup
[8.689s] [ext: isaacsim.replicator.domain_randomization-1.2.2] startup
[8.755s] [ext: isaacsim.replicator.writers-1.5.4] startup
[8.776s] [ext: isaacsim.robot.experimental.wheeled_robots-0.2.11] startup
[8.796s] [ext: isaacsim.robot.policy.examples-5.2.12] startup
[8.813s] [ext: isaacsim.robot.wheeled_robots-5.2.4] startup
[8.816s] [ext: isaacsim.robot.wheeled_robots.nodes-0.1.5] startup
[8.833s] [ext: isaacsim.robot_motion.experimental.motion_generation-6.1.3] startup
[8.843s] [ext: isaacsim.robot_motion.cumotion-1.3.1] startup
[8.855s] [ext: omni.kit.numpy.common-0.1.3] startup
[8.856s] [ext: isaacsim.sensors.camera-1.7.9] startup
[8.884s] [ext: isaacsim.sensors.experimental.physics-3.0.2] startup
[8.891s] [ext: omni.sensors.net-1.0.1] startup
[8.893s] [ext: omni.sensors.nv.common-3.0.0] startup
[8.902s] [ext: omni.sensors.nv.materials-2.0.0] startup
[8.904s] [ext: omni.sensors.nv.acoustic-3.0.0] startup
[8.906s] [ext: omni.sensors.nv.ids-2.0.1] startup
[8.908s] [ext: omni.sensors.nv.lidar-3.0.0] startup
[8.911s] [ext: omni.sensors.nv.radar-3.0.0] startup
[8.913s] [ext: isaacsim.sensors.experimental.rtx-1.4.6] startup
[9.147s] [ext: isaacsim.sensors.physics.nodes-1.5.3] startup
[9.152s] [ext: isaacsim.util.debug_draw-3.2.3] startup
[9.156s] [ext: isaacsim.sensors.physx-2.5.5] startup
[9.162s] [ext: isaacsim.sensors.rtx-15.17.1] startup
[9.171s] [ext: isaacsim.simulation_app-2.18.4] startup
[9.171s] [ext: omni.anim.curve.core-1.6.0] startup
[9.180s] [ext: omni.graph.ui_nodes-2.11.1] startup
[9.199s] [ext: omni.hydra.scene_api-0.1.3] startup
[9.202s] [ext: omni.kit.manipulator.camera-110.0.0] startup
[9.206s] [ext: omni.kit.manipulator.selector-1.1.4] startup
[9.207s] [ext: omni.kit.manipulator.transform-107.0.0] startup
[9.211s] [ext: omni.kit.widget.toolbar-2.1.0] startup
[9.216s] [ext: omni.kit.manipulator.tool.snap-1.5.14] startup
[9.219s] [ext: omni.kit.viewport.manipulator.transform-107.0.4] startup
[9.221s] [ext: omni.kit.manipulator.prim.core-108.0.2] startup
[9.225s] [ext: omni.kit.manipulator.prim.usd-107.0.3] startup
[9.227s] [ext: omni.kit.manipulator.prim-108.0.0] startup
[9.227s] [ext: omni.kit.manipulator.selection-109.0.1] startup
[9.228s] [ext: omni.kit.menu.create-2.0.2] startup
[9.229s] [ext: omni.kit.property.audio-1.0.16] startup
[9.232s] [ext: omni.kit.property.camera-1.0.14] startup
[9.233s] [ext: omni.kit.property.geometry-2.1.2] startup
[9.236s] [ext: omni.kit.property.light-1.0.14] startup
2026-10-07T09:15:19Z [9,237ms] [Warning] [omni.usd] Encountered USD Warnings but USD Diagnostics are currently muted. To view USD Warnings, please set the '/persistent/app/usd/muteUsdDiagnostics' setting to false in Preferences page.
[9.263s] [ext: omni.kit.property.material-1.14.6] startup
[9.267s] [ext: omni.kit.property.render-1.2.2] startup
[9.269s] [ext: omni.kit.property.transform-1.6.9] startup
[9.271s] [ext: omni.kit.property.bundle-1.5.1] startup
[9.273s] [ext: omni.kit.usdz_export-1.1.0] startup
[9.275s] [ext: omni.kit.tool.asset_importer-6.0.1] startup
[9.280s] [ext: omni.kit.ui.actions-1.0.5] startup
[9.281s] [ext: omni.kit.viewport.menubar.camera-107.0.10] startup
[9.285s] [ext: omni.kit.viewport.menubar.lighting-107.3.2] startup
[9.287s] [ext: omni.kit.viewport.menubar.render-110.0.0] startup
[9.289s] [ext: omni.kit.viewport.menubar.settings-110.0.1] startup
[9.292s] [ext: omni.kit.window.console-1.1.9] startup
[9.295s] [ext: omni.kit.window.status_bar-0.1.11] startup
[9.297s] [ext: omni.kit.window.toolbar-3.0.3] startup
[9.299s] [ext: omni.ocio-0.1.1] startup
[9.300s] [ext: omni.physx.commands-110.1.13] startup
[9.303s] [ext: omni.replicator.replicator_yaml-2.0.12] startup
[9.311s] [ext: omni.rtx.window.settings-0.8.0] startup
[9.315s] [ext: omni.rtx.settings.core-0.7.1] startup
[9.318s] [ext: omni.usd.metrics.assembler.ui-110.1.1] startup
[9.323s] [ext: semantics.schema.editor-2.0.2] startup
[9.326s] [ext: semantics.schema.property-2.0.2] startup
[9.327s] [ext: omni.kit.menu.common-2.0.2] startup
[9.328s] [ext: isaacsim.exp.base-6.0.1] startup
[9.328s] [ext: isaacsim.exp.base.python-6.0.1] startup
[9.329s] Simulation App Starting
[10.354s] Simulation App Startup Complete
[10.358s] app ready
Starting kit application with the following args:  ['/home/starry/isaac-data/isaacsim/exts/isaacsim.simulation_app/isaacsim/simulation_app/simulation_app.py', '/home/starry/isaac-data/isaacsim/apps/isaacsim.exp.base.python.kit', '--/app/tokens/exe-path=/home/starry/isaac-data/isaacsim/kit', '--/persistent/app/viewport/displayOptions=3094', '--/rtx/materialDb/syncLoads=True', '--/rtx/hydra/materialSyncLoads=True', '--/omni/kit/plugin/syncUsdLoads=True', '--/app/renderer/resolution/width=1280', '--/app/renderer/resolution/height=720', '--/app/window/width=1440', '--/app/window/height=900', '--/renderer/multiGpu/enabled=False', '--/app/fastShutdown=True', '--/app/installSignalHandlers=0', '--ext-folder', '/home/starry/isaac-data/isaacsim/exts', '--ext-folder', '/home/starry/isaac-data/isaacsim/apps', '--/renderer/activeGpu=0', '--/physics/cudaDevice=0', '--/plugins/carb.tasking.plugin/threadCount=12', '--/plugins/omni.tbb.globalcontrol/maxThreadCount=12', '--portable', '--no-window', '--/app/window/hideUi=1']
Passing the following args to the base kit application:  []
Warp 1.13.0 initialized:
   CUDA Toolkit 12.9, Driver 13.0
   Devices:
     "cpu"      : "x86_64"
     "cuda:0"   : "NVIDIA GeForce RTX 5070" (11 GiB, sm_120, mempool enabled)
   Kernel cache:
     /home/starry/.cache/warp/1.13.0
[LIGHTING] sun=800.0 (1) dome=0.0 (1) ambient=0.05 constant_color=(0.6, 0.65, 0.7)
[RENDER] mode=MinimalRendering minimal_shading_mode=2 anti_aliasing=TAA
[DEPTH CAMERAS] count=4 resolution_each=320x240 horizontal_coverage=360deg
[ESDF] path=/home/starry/isaac-data/EGO1P5/scenes/ego_swarm_cloud/occupancy.bin shape=(400, 300, 50) resolution=0.40m
[depth_angular_controller-1] [INFO] [1791364522.846967770] [depth_angular_controller]: WAITING_ODOMETRY
[NAV] t=0.0s position=(-64.00,-11.20,2.80) yaw=1.2deg command=(0.00,0.00,0.00) manual_active=0 collision_blocks=0
[depth_angular_controller-1] [INFO] [1791364523.208063582] [depth_angular_controller]: WAITING_VERIFIED_START_POSE
[depth_angular_controller-1] [INFO] [1791364523.245483887] [depth_angular_controller]: VERIFIED_FREE_SEED center=(-64.000,-11.200,2.800) radius=2.500 balls=1: verified fixed Cloud free ball; USD and occupancy SHA-256 matched
[depth_angular_controller-1] [INFO] [1791364523.245592621] [depth_angular_controller]: ZERO_INTENT
[depth_angular_controller-1] [INFO] [1791364525.051326650] [depth_angular_controller]: OMNI_DEPTH views=4 azimuth_bins=180 elevation_bins=37 valid=1 certificates=0 short=0 held=0 local_candidates=3 yaw=31.36
[depth_angular_controller-1] [INFO] [1791364525.052146821] [depth_angular_controller]: DEPTH_PROPOSAL_CERTIFIED
[depth_angular_controller-1] [INFO] [1791364525.052166458] [depth_angular_controller]: PAPER_BUILD reason=FULL_MOTION_CERTIFICATE required=0.0000 best=0.0000 free=0 refined=0 tubes=0 revoked_tubes=0 proofs=0
[depth_angular_controller-1] [INFO] [1791364525.052174623] [depth_angular_controller]: PAPER_EVIDENCE retained=8 balls=1 revoked_balls=0 expired_views=0 evicted_views=0 radius=0.580 clearance=0.000 best_prefix=0.000
[depth_angular_controller-1] [INFO] [1791364526.117129537] [depth_angular_controller]: OMNI_DEPTH views=4 azimuth_bins=180 elevation_bins=37 valid=1 certificates=0 short=0 held=0 local_candidates=3 yaw=21.27
[depth_angular_controller-1] [INFO] [1791364526.117218985] [depth_angular_controller]: PAPER_BUILD reason=FULL_MOTION_CERTIFICATE required=0.0000 best=0.0000 free=0 refined=0 tubes=1 revoked_tubes=0 proofs=53
[depth_angular_controller-1] [INFO] [1791364526.117224615] [depth_angular_controller]: PAPER_EVIDENCE retained=12 balls=4 revoked_balls=0 expired_views=0 evicted_views=0 radius=0.580 clearance=0.000 best_prefix=0.000
[10.892s] [ext: isaacsim.sensors.rtx.nodes-0.1.2] startup
[10.901s] [ext: isaacsim.ros2.core-1.9.4] startup
[10.914s] Attempting to load system rclpy
[10.915s] Could not import system rclpy: No module named 'rclpy'
[10.915s] Attempting to load internal rclpy for ROS Distro: humble
[10.926s] rclpy loaded
[10.930s] [ext: isaacsim.ros2.nodes-1.18.13] startup
[10.964s] [ext: isaacsim.ros2.examples-1.2.4] startup
[10.968s] [ext: isaacsim.ros2.ui-1.6.5] startup
[11.176s] [ext: isaacsim.ros2.bridge-5.1.2] startup
2026-10-07T09:15:23Z [13,069ms] [Warning] [omni.timeline.plugin] Deprecated: direct use of ITimeline callbacks is deprecated. Use ITimeline::getTimeline (Python: omni.timeline.get_timeline_interface) instead.
[depth_angular_controller-1] [INFO] [1791364527.064387130] [depth_angular_controller]: OMNI_DEPTH views=4 azimuth_bins=180 elevation_bins=37 valid=1 certificates=0 short=0 held=0 local_candidates=3 yaw=8.86
[depth_angular_controller-1] [INFO] [1791364527.064837306] [depth_angular_controller]: PAPER_BUILD reason=FULL_MOTION_CERTIFICATE required=0.0000 best=0.0000 free=0 refined=0 tubes=4 revoked_tubes=0 proofs=111
[depth_angular_controller-1] [INFO] [1791364527.064852144] [depth_angular_controller]: PAPER_EVIDENCE retained=16 balls=15 revoked_balls=0 expired_views=0 evicted_views=0 radius=0.580 clearance=0.000 best_prefix=0.000
[position_cmd_to_twist-2] [INFO] [1791364528.071555213] [position_cmd_to_twist]: [PERF BRIDGE] run=p5_six_recovery_v2_baseline_ego1p5_2 elapsed=18.42s received=295 published=295 fps(ros/wall)=60.00/60.68 controller_to_bridge_ms(mean/p50/p95/max)=0.056/0.000/0.000/16.667 bridge_process_ms(mean/p95/max)=0.093/0.123/1.134
[NAV] t=5.0s position=(-60.38,-10.16,2.96) yaw=9.7deg command=(1.89,0.31,-0.02) manual_active=1 collision_blocks=0
[depth_angular_controller-1] [INFO] [1791364528.207716122] [depth_angular_controller]: PAPER_BUILD reason=FULL_MOTION_CERTIFICATE required=0.0000 best=0.0000 free=0 refined=0 tubes=8 revoked_tubes=0 proofs=128
[depth_angular_controller-1] [INFO] [1791364528.207759253] [depth_angular_controller]: PAPER_EVIDENCE retained=16 balls=29 revoked_balls=0 expired_views=0 evicted_views=4 radius=0.580 clearance=0.000 best_prefix=0.000
[depth_angular_controller-1] [INFO] [1791364528.209886581] [depth_angular_controller]: OMNI_DEPTH views=4 azimuth_bins=180 elevation_bins=37 valid=1 certificates=0 short=0 held=0 local_candidates=3 yaw=10.64
[depth_angular_controller-1] [INFO] [1791364528.222257971] [depth_angular_controller]: [PERF CTRL] run=p5_six_recovery_v2_baseline_ego1p5_2 elapsed=18.68s callbacks=302 commands=301 guidance=181 command_fps(ros/wall)=60.00/59.83 guidance_wall_fps=56.75 avoid_ms(mean/p50/p95/max)=1.910/0.935/10.053/16.111 cycle_ms(mean/p95/max)=16.714/20.125/80.756 depth_to_cmd_ms(mean/p95/max)=53.407/100.000/100.000 callback_to_publish_ms(mean/p95/max)=2.469/7.757/19.362
[depth_angular_controller-1] [INFO] [1791364528.222311041] [depth_angular_controller]: EVIDENCE_COST ingest(mean/p95/max)=1.227/4.476/13.699 record=0.011/0.016/0.027 ms
[depth_angular_controller-1] [INFO] [1791364528.222318024] [depth_angular_controller]: EVIDENCE_PHASE per_view_mean_ms balls=0.070 tubes=0.009 history=0.200 eviction=0.000
[depth_angular_controller-1] [INFO] [1791364529.405881380] [depth_angular_controller]: OMNI_DEPTH views=4 azimuth_bins=180 elevation_bins=37 valid=1 certificates=0 short=0 held=0 local_candidates=1 yaw=9.71
[depth_angular_controller-1] [INFO] [1791364529.406161185] [depth_angular_controller]: PAPER_BUILD reason=FULL_MOTION_CERTIFICATE required=0.0000 best=0.0000 free=0 refined=0 tubes=12 revoked_tubes=0 proofs=128
[depth_angular_controller-1] [INFO] [1791364529.406169501] [depth_angular_controller]: PAPER_EVIDENCE retained=16 balls=32 revoked_balls=0 expired_views=0 evicted_views=8 radius=0.580 clearance=0.000 best_prefix=0.000
[depth_angular_controller-1] [INFO] [1791364530.423099110] [depth_angular_controller]: OMNI_DEPTH views=4 azimuth_bins=180 elevation_bins=37 valid=1 certificates=0 short=0 held=0 local_candidates=1 yaw=9.68
[depth_angular_controller-1] [INFO] [1791364530.423364679] [depth_angular_controller]: PAPER_BUILD reason=FULL_MOTION_CERTIFICATE required=0.0000 best=0.0000 free=0 refined=0 tubes=16 revoked_tubes=0 proofs=128
[depth_angular_controller-1] [INFO] [1791364530.423371802] [depth_angular_controller]: PAPER_EVIDENCE retained=16 balls=32 revoked_balls=0 expired_views=0 evicted_views=12 radius=0.580 clearance=0.000 best_prefix=0.000
[depth_angular_controller-1] [INFO] [1791364531.437676808] [depth_angular_controller]: OMNI_DEPTH views=4 azimuth_bins=180 elevation_bins=37 valid=1 certificates=0 short=0 held=0 local_candidates=3 yaw=8.78
[depth_angular_controller-1] [INFO] [1791364531.437947587] [depth_angular_controller]: PAPER_BUILD reason=FULL_MOTION_CERTIFICATE required=0.0000 best=0.0000 free=0 refined=0 tubes=20 revoked_tubes=0 proofs=128
[depth_angular_controller-1] [INFO] [1791364531.437958999] [depth_angular_controller]: PAPER_EVIDENCE retained=16 balls=32 revoked_balls=0 expired_views=0 evicted_views=16 radius=0.580 clearance=0.000 best_prefix=0.000
[depth_angular_controller-1] [INFO] [1791364532.457522077] [depth_angular_controller]: OMNI_DEPTH views=4 azimuth_bins=180 elevation_bins=37 valid=1 certificates=0 short=0 held=0 local_candidates=2 yaw=-0.53
[depth_angular_controller-1] [INFO] [1791364532.457802093] [depth_angular_controller]: PAPER_BUILD reason=FULL_MOTION_CERTIFICATE required=0.0000 best=0.0000 free=0 refined=0 tubes=24 revoked_tubes=0 proofs=128
[depth_angular_controller-1] [INFO] [1791364532.457818393] [depth_angular_controller]: PAPER_EVIDENCE retained=16 balls=32 revoked_balls=0 expired_views=0 evicted_views=20 radius=0.580 clearance=0.000 best_prefix=0.000
[depth_angular_controller-1] [INFO] [1791364533.227745347] [depth_angular_controller]: [PERF CTRL] run=p5_six_recovery_v2_baseline_ego1p5_2 elapsed=23.69s callbacks=590 commands=589 guidance=469 command_fps(ros/wall)=60.00/58.68 guidance_wall_fps=57.23 avoid_ms(mean/p50/p95/max)=1.825/1.230/6.715/16.111 cycle_ms(mean/p95/max)=17.040/22.532/83.220 depth_to_cmd_ms(mean/p95/max)=49.716/83.333/100.000 callback_to_publish_ms(mean/p95/max)=3.204/9.173/19.362
[depth_angular_controller-1] [INFO] [1791364533.227818595] [depth_angular_controller]: EVIDENCE_COST ingest(mean/p95/max)=1.653/6.793/13.699 record=0.013/0.017/0.615 ms
[depth_angular_controller-1] [INFO] [1791364533.227824325] [depth_angular_controller]: EVIDENCE_PHASE per_view_mean_ms balls=0.080 tubes=0.040 history=0.268 eviction=0.000
[position_cmd_to_twist-2] [INFO] [1791364533.332651248] [position_cmd_to_twist]: [PERF BRIDGE] run=p5_six_recovery_v2_baseline_ego1p5_2 elapsed=23.69s received=595 published=595 fps(ros/wall)=60.00/58.74 controller_to_bridge_ms(mean/p50/p95/max)=0.084/0.000/0.000/16.667 bridge_process_ms(mean/p95/max)=0.090/0.115/1.134
[NAV] t=10.0s position=(-50.63,-8.78,2.30) yaw=9.9deg command=(1.98,-0.16,-0.19) manual_active=1 collision_blocks=0
[depth_angular_controller-1] [INFO] [1791364533.437375598] [depth_angular_controller]: OMNI_DEPTH views=4 azimuth_bins=180 elevation_bins=37 valid=1 certificates=0 short=0 held=0 local_candidates=3 yaw=-6.54
[depth_angular_controller-1] [INFO] [1791364533.437695298] [depth_angular_controller]: PAPER_BUILD reason=FULL_MOTION_CERTIFICATE required=0.0000 best=0.0000 free=0 refined=0 tubes=28 revoked_tubes=0 proofs=128
[depth_angular_controller-1] [INFO] [1791364533.437711148] [depth_angular_controller]: PAPER_EVIDENCE retained=16 balls=32 revoked_balls=0 expired_views=0 evicted_views=24 radius=0.580 clearance=0.000 best_prefix=0.000
[depth_angular_controller-1] [INFO] [1791364534.399807328] [depth_angular_controller]: OMNI_DEPTH views=4 azimuth_bins=180 elevation_bins=37 valid=1 certificates=0 short=0 held=0 local_candidates=2 yaw=-7.75
[depth_angular_controller-1] [INFO] [1791364534.400089869] [depth_angular_controller]: PAPER_BUILD reason=FULL_MOTION_CERTIFICATE required=0.0000 best=0.0000 free=0 refined=0 tubes=32 revoked_tubes=0 proofs=128
[depth_angular_controller-1] [INFO] [1791364534.400097463] [depth_angular_controller]: PAPER_EVIDENCE retained=16 balls=32 revoked_balls=0 expired_views=0 evicted_views=28 radius=0.580 clearance=0.000 best_prefix=0.000
[depth_angular_controller-1] [INFO] [1791364535.347884942] [depth_angular_controller]: OMNI_DEPTH views=4 azimuth_bins=180 elevation_bins=37 valid=1 certificates=0 short=0 held=0 local_candidates=1 yaw=-18.77
[depth_angular_controller-1] [INFO] [1791364535.348174967] [depth_angular_controller]: PAPER_BUILD reason=FULL_MOTION_CERTIFICATE required=0.0000 best=0.0000 free=0 refined=0 tubes=36 revoked_tubes=0 proofs=128
[depth_angular_controller-1] [INFO] [1791364535.348181039] [depth_angular_controller]: PAPER_EVIDENCE retained=16 balls=32 revoked_balls=0 expired_views=0 evicted_views=30 radius=0.580 clearance=0.000 best_prefix=0.000
[depth_angular_controller-1] [INFO] [1791364536.369808416] [depth_angular_controller]: OMNI_DEPTH views=4 azimuth_bins=180 elevation_bins=37 valid=1 certificates=0 short=0 held=0 local_candidates=2 yaw=11.80
[depth_angular_controller-1] [INFO] [1791364536.370522357] [depth_angular_controller]: PAPER_BUILD reason=FULL_MOTION_CERTIFICATE required=0.0000 best=0.0000 free=0 refined=0 tubes=40 revoked_tubes=0 proofs=128
[depth_angular_controller-1] [INFO] [1791364536.370537626] [depth_angular_controller]: PAPER_EVIDENCE retained=16 balls=32 revoked_balls=0 expired_views=0 evicted_views=34 radius=0.580 clearance=0.000 best_prefix=0.000
[depth_angular_controller-1] [INFO] [1791364537.387870012] [depth_angular_controller]: OMNI_DEPTH views=4 azimuth_bins=180 elevation_bins=37 valid=1 certificates=0 short=0 held=0 local_candidates=3 yaw=28.86
[depth_angular_controller-1] [INFO] [1791364537.388523009] [depth_angular_controller]: PAPER_BUILD reason=FULL_MOTION_CERTIFICATE required=0.0000 best=0.0000 free=0 refined=0 tubes=45 revoked_tubes=0 proofs=128
[depth_angular_controller-1] [INFO] [1791364537.388543638] [depth_angular_controller]: PAPER_EVIDENCE retained=16 balls=32 revoked_balls=0 expired_views=0 evicted_views=38 radius=0.580 clearance=0.000 best_prefix=0.000
[depth_angular_controller-1] [INFO] [1791364538.239567518] [depth_angular_controller]: [PERF CTRL] run=p5_six_recovery_v2_baseline_ego1p5_2 elapsed=28.70s callbacks=895 commands=894 guidance=774 command_fps(ros/wall)=59.93/59.41 guidance_wall_fps=58.61 avoid_ms(mean/p50/p95/max)=2.101/1.598/6.526/16.111 cycle_ms(mean/p95/max)=16.832/22.522/83.220 depth_to_cmd_ms(mean/p95/max)=44.681/83.333/100.000 callback_to_publish_ms(mean/p95/max)=3.741/9.421/26.079
[depth_angular_controller-1] [INFO] [1791364538.239674839] [depth_angular_controller]: EVIDENCE_COST ingest(mean/p95/max)=1.817/6.699/13.966 record=0.014/0.017/0.615 ms
[depth_angular_controller-1] [INFO] [1791364538.239682624] [depth_angular_controller]: EVIDENCE_PHASE per_view_mean_ms balls=0.087 tubes=0.057 history=0.285 eviction=0.001
[position_cmd_to_twist-2] [INFO] [1791364538.253229984] [position_cmd_to_twist]: [PERF BRIDGE] run=p5_six_recovery_v2_baseline_ego1p5_2 elapsed=28.61s received=894 published=894 fps(ros/wall)=59.93/59.41 controller_to_bridge_ms(mean/p50/p95/max)=0.149/0.000/0.000/16.667 bridge_process_ms(mean/p95/max)=0.090/0.114/1.134
[NAV] t=15.0s position=(-41.19,-8.86,2.93) yaw=10.8deg command=(1.76,0.85,0.40) manual_active=1 collision_blocks=0
[depth_angular_controller-1] [INFO] [1791364538.331139991] [depth_angular_controller]: OMNI_DEPTH views=4 azimuth_bins=180 elevation_bins=37 valid=1 certificates=0 short=0 held=0 local_candidates=3 yaw=24.44
[depth_angular_controller-1] [INFO] [1791364538.331413625] [depth_angular_controller]: PAPER_BUILD reason=FULL_MOTION_CERTIFICATE required=0.0000 best=0.0000 free=0 refined=0 tubes=49 revoked_tubes=0 proofs=128
[depth_angular_controller-1] [INFO] [1791364538.331433963] [depth_angular_controller]: PAPER_EVIDENCE retained=16 balls=32 revoked_balls=0 expired_views=0 evicted_views=42 radius=0.580 clearance=0.000 best_prefix=0.000
[depth_angular_controller-1] [INFO] [1791364539.280011447] [depth_angular_controller]: OMNI_DEPTH views=4 azimuth_bins=180 elevation_bins=37 valid=1 certificates=0 short=0 held=0 local_candidates=3 yaw=42.71
[depth_angular_controller-1] [INFO] [1791364539.280673511] [depth_angular_controller]: PAPER_BUILD reason=FULL_MOTION_CERTIFICATE required=0.0000 best=0.0000 free=0 refined=0 tubes=53 revoked_tubes=0 proofs=128
[depth_angular_controller-1] [INFO] [1791364539.280693128] [depth_angular_controller]: PAPER_EVIDENCE retained=16 balls=32 revoked_balls=0 expired_views=0 evicted_views=45 radius=0.580 clearance=0.000 best_prefix=0.000
[depth_angular_controller-1] [INFO] [1791364540.291359456] [depth_angular_controller]: OMNI_DEPTH views=4 azimuth_bins=180 elevation_bins=37 valid=1 certificates=0 short=0 held=0 local_candidates=3 yaw=43.48
[depth_angular_controller-1] [INFO] [1791364540.291671903] [depth_angular_controller]: PAPER_BUILD reason=FULL_MOTION_CERTIFICATE required=0.0000 best=0.0000 free=0 refined=0 tubes=57 revoked_tubes=0 proofs=128
[depth_angular_controller-1] [INFO] [1791364540.291683225] [depth_angular_controller]: PAPER_EVIDENCE retained=16 balls=32 revoked_balls=0 expired_views=0 evicted_views=49 radius=0.580 clearance=0.000 best_prefix=0.000
[depth_angular_controller-1] [INFO] [1791364541.359762850] [depth_angular_controller]: OMNI_DEPTH views=4 azimuth_bins=180 elevation_bins=37 valid=1 certificates=0 short=0 held=0 local_candidates=3 yaw=35.22
[depth_angular_controller-1] [INFO] [1791364541.360038568] [depth_angular_controller]: PAPER_BUILD reason=FULL_MOTION_CERTIFICATE required=0.0000 best=0.0000 free=0 refined=0 tubes=61 revoked_tubes=0 proofs=128
[depth_angular_controller-1] [INFO] [1791364541.360048367] [depth_angular_controller]: PAPER_EVIDENCE retained=16 balls=32 revoked_balls=0 expired_views=0 evicted_views=53 radius=0.580 clearance=0.000 best_prefix=0.000
[depth_angular_controller-1] [INFO] [1791364542.429467951] [depth_angular_controller]: OMNI_DEPTH views=4 azimuth_bins=180 elevation_bins=37 valid=1 certificates=0 short=0 held=0 local_candidates=3 yaw=30.81
[depth_angular_controller-1] [INFO] [1791364542.429750772] [depth_angular_controller]: PAPER_BUILD reason=FULL_MOTION_CERTIFICATE required=0.0000 best=0.0000 free=0 refined=0 tubes=65 revoked_tubes=0 proofs=128
[depth_angular_controller-1] [INFO] [1791364542.429757966] [depth_angular_controller]: PAPER_EVIDENCE retained=16 balls=32 revoked_balls=0 expired_views=0 evicted_views=57 radius=0.580 clearance=0.000 best_prefix=0.000
[depth_angular_controller-1] [INFO] [1791364543.244519457] [depth_angular_controller]: [PERF CTRL] run=p5_six_recovery_v2_baseline_ego1p5_2 elapsed=33.71s callbacks=1193 commands=1192 guidance=1072 command_fps(ros/wall)=59.95/59.44 guidance_wall_fps=58.87 avoid_ms(mean/p50/p95/max)=1.890/1.340/5.164/16.111 cycle_ms(mean/p95/max)=16.823/21.772/83.220 depth_to_cmd_ms(mean/p95/max)=41.449/83.333/100.000 callback_to_publish_ms(mean/p95/max)=3.592/8.912/26.079
[depth_angular_controller-1] [INFO] [1791364543.244650874] [depth_angular_controller]: EVIDENCE_COST ingest(mean/p95/max)=1.786/6.150/13.966 record=0.014/0.018/0.615 ms
[depth_angular_controller-1] [INFO] [1791364543.244663628] [depth_angular_controller]: EVIDENCE_PHASE per_view_mean_ms balls=0.084 tubes=0.048 history=0.288 eviction=0.001
[position_cmd_to_twist-2] [INFO] [1791364543.290627328] [position_cmd_to_twist]: [PERF BRIDGE] run=p5_six_recovery_v2_baseline_ego1p5_2 elapsed=33.65s received=1194 published=1194 fps(ros/wall)=59.95/59.45 controller_to_bridge_ms(mean/p50/p95/max)=0.112/0.000/0.000/16.667 bridge_process_ms(mean/p95/max)=0.091/0.113/1.134
[NAV] t=20.0s position=(-33.02,-3.33,3.24) yaw=8.5deg command=(1.79,0.82,-0.31) manual_active=1 collision_blocks=0
[depth_angular_controller-1] [INFO] [1791364543.370742450] [depth_angular_controller]: OMNI_DEPTH views=4 azimuth_bins=180 elevation_bins=37 valid=1 certificates=0 short=0 held=0 local_candidates=2 yaw=8.55
[depth_angular_controller-1] [INFO] [1791364543.371053324] [depth_angular_controller]: PAPER_BUILD reason=FULL_MOTION_CERTIFICATE required=0.0000 best=0.0000 free=0 refined=0 tubes=69 revoked_tubes=0 proofs=128
[depth_angular_controller-1] [INFO] [1791364543.371061089] [depth_angular_controller]: PAPER_EVIDENCE retained=16 balls=32 revoked_balls=0 expired_views=0 evicted_views=61 radius=0.580 clearance=0.000 best_prefix=0.000
[depth_angular_controller-1] [INFO] [1791364544.448602125] [depth_angular_controller]: OMNI_DEPTH views=4 azimuth_bins=180 elevation_bins=37 valid=1 certificates=0 short=0 held=0 local_candidates=3 yaw=8.41
[depth_angular_controller-1] [INFO] [1791364544.448922497] [depth_angular_controller]: PAPER_BUILD reason=FULL_MOTION_CERTIFICATE required=0.0000 best=0.0000 free=0 refined=0 tubes=73 revoked_tubes=0 proofs=128
[depth_angular_controller-1] [INFO] [1791364544.448929079] [depth_angular_controller]: PAPER_EVIDENCE retained=16 balls=32 revoked_balls=0 expired_views=0 evicted_views=65 radius=0.580 clearance=0.000 best_prefix=0.000
[depth_angular_controller-1] [INFO] [1791364545.525570866] [depth_angular_controller]: OMNI_DEPTH views=4 azimuth_bins=180 elevation_bins=37 valid=1 certificates=0 short=0 held=0 local_candidates=1 yaw=8.41
[depth_angular_controller-1] [INFO] [1791364545.525878895] [depth_angular_controller]: PAPER_BUILD reason=FULL_MOTION_CERTIFICATE required=0.0000 best=0.0000 free=0 refined=0 tubes=77 revoked_tubes=0 proofs=128
[depth_angular_controller-1] [INFO] [1791364545.525893853] [depth_angular_controller]: PAPER_EVIDENCE retained=16 balls=32 revoked_balls=0 expired_views=0 evicted_views=69 radius=0.580 clearance=0.000 best_prefix=0.000
[depth_angular_controller-1] [INFO] [1791364546.537317715] [depth_angular_controller]: OMNI_DEPTH views=4 azimuth_bins=180 elevation_bins=37 valid=1 certificates=0 short=0 held=0 local_candidates=2 yaw=7.51
[depth_angular_controller-1] [INFO] [1791364546.537731202] [depth_angular_controller]: PAPER_BUILD reason=FULL_MOTION_CERTIFICATE required=0.0000 best=0.0000 free=0 refined=0 tubes=81 revoked_tubes=0 proofs=128
[depth_angular_controller-1] [INFO] [1791364546.537755397] [depth_angular_controller]: PAPER_EVIDENCE retained=16 balls=32 revoked_balls=0 expired_views=0 evicted_views=73 radius=0.580 clearance=0.000 best_prefix=0.000
[depth_angular_controller-1] [INFO] [1791364547.657380573] [depth_angular_controller]: OMNI_DEPTH views=4 azimuth_bins=180 elevation_bins=37 valid=1 certificates=0 short=0 held=0 local_candidates=1 yaw=8.41
[depth_angular_controller-1] [INFO] [1791364547.657704361] [depth_angular_controller]: PAPER_BUILD reason=FULL_MOTION_CERTIFICATE required=0.0000 best=0.0000 free=0 refined=0 tubes=85 revoked_tubes=0 proofs=128
[depth_angular_controller-1] [INFO] [1791364547.657711154] [depth_angular_controller]: PAPER_EVIDENCE retained=16 balls=32 revoked_balls=0 expired_views=0 evicted_views=77 radius=0.580 clearance=0.000 best_prefix=0.000
[depth_angular_controller-1] [INFO] [1791364548.247208654] [depth_angular_controller]: [PERF CTRL] run=p5_six_recovery_v2_baseline_ego1p5_2 elapsed=38.71s callbacks=1474 commands=1473 guidance=1353 command_fps(ros/wall)=59.96/58.79 guidance_wall_fps=58.29 avoid_ms(mean/p50/p95/max)=1.721/1.215/4.404/16.111 cycle_ms(mean/p95/max)=17.010/21.757/83.562 depth_to_cmd_ms(mean/p95/max)=39.677/83.333/100.000 callback_to_publish_ms(mean/p95/max)=3.529/8.363/26.079
[depth_angular_controller-1] [INFO] [1791364548.247343838] [depth_angular_controller]: EVIDENCE_COST ingest(mean/p95/max)=1.838/5.768/13.966 record=0.020/0.019/1.379 ms
[depth_angular_controller-1] [INFO] [1791364548.247349229] [depth_angular_controller]: EVIDENCE_PHASE per_view_mean_ms balls=0.085 tubes=0.048 history=0.299 eviction=0.001
[position_cmd_to_twist-2] [INFO] [1791364548.719194523] [position_cmd_to_twist]: [PERF BRIDGE] run=p5_six_recovery_v2_baseline_ego1p5_2 elapsed=39.08s received=1494 published=1494 fps(ros/wall)=59.96/58.56 controller_to_bridge_ms(mean/p50/p95/max)=0.089/0.000/0.000/16.667 bridge_process_ms(mean/p95/max)=0.090/0.111/1.134
[NAV] t=25.0s position=(-23.19,-1.68,3.05) yaw=8.4deg command=(1.98,0.29,-0.01) manual_active=1 collision_blocks=0
[depth_angular_controller-1] [INFO] [1791364548.797949819] [depth_angular_controller]: OMNI_DEPTH views=4 azimuth_bins=180 elevation_bins=37 valid=1 certificates=0 short=0 held=0 local_candidates=1 yaw=8.41
[depth_angular_controller-1] [INFO] [1791364548.798331627] [depth_angular_controller]: PAPER_BUILD reason=FULL_MOTION_CERTIFICATE required=0.0000 best=0.0000 free=0 refined=0 tubes=89 revoked_tubes=0 proofs=128
[depth_angular_controller-1] [INFO] [1791364548.798339391] [depth_angular_controller]: PAPER_EVIDENCE retained=16 balls=32 revoked_balls=0 expired_views=0 evicted_views=81 radius=0.580 clearance=0.000 best_prefix=0.000
[depth_angular_controller-1] [INFO] [1791364549.880230293] [depth_angular_controller]: OMNI_DEPTH views=4 azimuth_bins=180 elevation_bins=37 valid=1 certificates=0 short=0 held=0 local_candidates=1 yaw=8.41
[depth_angular_controller-1] [INFO] [1791364549.880556405] [depth_angular_controller]: PAPER_BUILD reason=FULL_MOTION_CERTIFICATE required=0.0000 best=0.0000 free=0 refined=0 tubes=93 revoked_tubes=0 proofs=128
[depth_angular_controller-1] [INFO] [1791364549.880566995] [depth_angular_controller]: PAPER_EVIDENCE retained=16 balls=32 revoked_balls=0 expired_views=0 evicted_views=85 radius=0.580 clearance=0.000 best_prefix=0.000
[depth_angular_controller-1] [INFO] [1791364551.009728222] [depth_angular_controller]: OMNI_DEPTH views=4 azimuth_bins=180 elevation_bins=37 valid=1 certificates=0 short=0 held=0 local_candidates=1 yaw=8.41
[depth_angular_controller-1] [INFO] [1791364551.010033666] [depth_angular_controller]: PAPER_BUILD reason=FULL_MOTION_CERTIFICATE required=0.0000 best=0.0000 free=0 refined=0 tubes=97 revoked_tubes=0 proofs=128
[depth_angular_controller-1] [INFO] [1791364551.010041261] [depth_angular_controller]: PAPER_EVIDENCE retained=16 balls=32 revoked_balls=0 expired_views=0 evicted_views=89 radius=0.580 clearance=0.000 best_prefix=0.000
[depth_angular_controller-1] [INFO] [1791364552.032679107] [depth_angular_controller]: OMNI_DEPTH views=4 azimuth_bins=180 elevation_bins=37 valid=1 certificates=0 short=0 held=0 local_candidates=3 yaw=-20.92
[depth_angular_controller-1] [INFO] [1791364552.032992596] [depth_angular_controller]: PAPER_BUILD reason=FULL_MOTION_CERTIFICATE required=0.0000 best=0.0000 free=0 refined=0 tubes=101 revoked_tubes=0 proofs=128
[depth_angular_controller-1] [INFO] [1791364552.033002174] [depth_angular_controller]: PAPER_EVIDENCE retained=16 balls=32 revoked_balls=0 expired_views=0 evicted_views=93 radius=0.580 clearance=0.000 best_prefix=0.000
[depth_angular_controller-1] [INFO] [1791364553.099995178] [depth_angular_controller]: OMNI_DEPTH views=4 azimuth_bins=180 elevation_bins=37 valid=1 certificates=0 short=0 held=0 local_candidates=3 yaw=-12.22
[depth_angular_controller-1] [INFO] [1791364553.100265365] [depth_angular_controller]: PAPER_BUILD reason=FULL_MOTION_CERTIFICATE required=0.0000 best=0.0000 free=0 refined=0 tubes=105 revoked_tubes=0 proofs=128
[depth_angular_controller-1] [INFO] [1791364553.100272168] [depth_angular_controller]: PAPER_EVIDENCE retained=16 balls=32 revoked_balls=0 expired_views=0 evicted_views=97 radius=0.580 clearance=0.000 best_prefix=0.000
[depth_angular_controller-1] [INFO] [1791364553.248841767] [depth_angular_controller]: [PERF CTRL] run=p5_six_recovery_v2_baseline_ego1p5_2 elapsed=43.71s callbacks=1750 commands=1749 guidance=1629 command_fps(ros/wall)=59.97/58.19 guidance_wall_fps=57.73 avoid_ms(mean/p50/p95/max)=1.558/1.051/3.873/16.111 cycle_ms(mean/p95/max)=17.186/21.579/83.562 depth_to_cmd_ms(mean/p95/max)=38.838/83.333/100.000 callback_to_publish_ms(mean/p95/max)=3.393/8.064/26.079
[depth_angular_controller-1] [INFO] [1791364553.248995666] [depth_angular_controller]: EVIDENCE_COST ingest(mean/p95/max)=1.833/5.485/13.966 record=0.019/0.019/1.379 ms
[depth_angular_controller-1] [INFO] [1791364553.249004653] [depth_angular_controller]: EVIDENCE_PHASE per_view_mean_ms balls=0.082 tubes=0.048 history=0.301 eviction=0.001
[position_cmd_to_twist-2] [INFO] [1791364553.983179277] [position_cmd_to_twist]: [PERF BRIDGE] run=p5_six_recovery_v2_baseline_ego1p5_2 elapsed=44.34s received=1794 published=1794 fps(ros/wall)=59.97/58.29 controller_to_bridge_ms(mean/p50/p95/max)=0.074/0.000/0.000/16.667 bridge_process_ms(mean/p95/max)=0.090/0.113/1.134
[NAV] t=30.0s position=(-13.47,-2.01,3.69) yaw=9.7deg command=(1.97,-0.32,0.17) manual_active=1 collision_blocks=0
[depth_angular_controller-1] [INFO] [1791364554.063751307] [depth_angular_controller]: OMNI_DEPTH views=4 azimuth_bins=180 elevation_bins=37 valid=1 certificates=0 short=0 held=0 local_candidates=3 yaw=-8.41
[depth_angular_controller-1] [INFO] [1791364554.064064044] [depth_angular_controller]: PAPER_BUILD reason=FULL_MOTION_CERTIFICATE required=0.0000 best=0.0000 free=0 refined=0 tubes=109 revoked_tubes=0 proofs=128
[depth_angular_controller-1] [INFO] [1791364554.064072099] [depth_angular_controller]: PAPER_EVIDENCE retained=16 balls=32 revoked_balls=0 expired_views=0 evicted_views=101 radius=0.580 clearance=0.000 best_prefix=0.000
[depth_angular_controller-1] [INFO] [1791364555.130289034] [depth_angular_controller]: OMNI_DEPTH views=4 azimuth_bins=180 elevation_bins=37 valid=1 certificates=0 short=0 held=0 local_candidates=1 yaw=10.13
[depth_angular_controller-1] [INFO] [1791364555.130580312] [depth_angular_controller]: PAPER_BUILD reason=FULL_MOTION_CERTIFICATE required=0.0000 best=0.0000 free=0 refined=0 tubes=113 revoked_tubes=0 proofs=128
[depth_angular_controller-1] [INFO] [1791364555.130586493] [depth_angular_controller]: PAPER_EVIDENCE retained=16 balls=32 revoked_balls=0 expired_views=0 evicted_views=105 radius=0.580 clearance=0.000 best_prefix=0.000
[depth_angular_controller-1] [INFO] [1791364556.138530125] [depth_angular_controller]: OMNI_DEPTH views=4 azimuth_bins=180 elevation_bins=37 valid=1 certificates=0 short=0 held=0 local_candidates=2 yaw=-18.14
[depth_angular_controller-1] [INFO] [1791364556.139003745] [depth_angular_controller]: PAPER_BUILD reason=FULL_MOTION_CERTIFICATE required=0.0000 best=0.0000 free=0 refined=0 tubes=117 revoked_tubes=0 proofs=128
[depth_angular_controller-1] [INFO] [1791364556.139020216] [depth_angular_controller]: PAPER_EVIDENCE retained=16 balls=32 revoked_balls=0 expired_views=0 evicted_views=109 radius=0.580 clearance=0.000 best_prefix=0.000
[depth_angular_controller-1] [INFO] [1791364557.148359450] [depth_angular_controller]: OMNI_DEPTH views=4 azimuth_bins=180 elevation_bins=37 valid=1 certificates=0 short=0 held=0 local_candidates=3 yaw=-20.20
[depth_angular_controller-1] [INFO] [1791364557.148677227] [depth_angular_controller]: PAPER_BUILD reason=FULL_MOTION_CERTIFICATE required=0.0000 best=0.0000 free=0 refined=0 tubes=122 revoked_tubes=0 proofs=128
[depth_angular_controller-1] [INFO] [1791364557.148686504] [depth_angular_controller]: PAPER_EVIDENCE retained=16 balls=32 revoked_balls=0 expired_views=0 evicted_views=113 radius=0.580 clearance=0.000 best_prefix=0.000
[depth_angular_controller-1] [INFO] [1791364558.157300986] [depth_angular_controller]: OMNI_DEPTH views=4 azimuth_bins=180 elevation_bins=37 valid=1 certificates=0 short=0 held=0 local_candidates=3 yaw=-20.67
[depth_angular_controller-1] [INFO] [1791364558.157592144] [depth_angular_controller]: PAPER_BUILD reason=FULL_MOTION_CERTIFICATE required=0.0000 best=0.0000 free=0 refined=0 tubes=126 revoked_tubes=0 proofs=128
[depth_angular_controller-1] [INFO] [1791364558.157599978] [depth_angular_controller]: PAPER_EVIDENCE retained=16 balls=32 revoked_balls=0 expired_views=0 evicted_views=117 radius=0.580 clearance=0.000 best_prefix=0.000
[depth_angular_controller-1] [INFO] [1791364558.252874349] [depth_angular_controller]: [PERF CTRL] run=p5_six_recovery_v2_baseline_ego1p5_2 elapsed=48.72s callbacks=2046 commands=2045 guidance=1925 command_fps(ros/wall)=59.94/58.33 guidance_wall_fps=57.95 avoid_ms(mean/p50/p95/max)=1.533/1.055/3.743/16.111 cycle_ms(mean/p95/max)=17.145/21.757/83.562 depth_to_cmd_ms(mean/p95/max)=39.082/83.333/100.000 callback_to_publish_ms(mean/p95/max)=3.368/7.991/26.079
[depth_angular_controller-1] [INFO] [1791364558.253061590] [depth_angular_controller]: EVIDENCE_COST ingest(mean/p95/max)=1.814/5.485/13.966 record=0.019/0.019/1.379 ms
[depth_angular_controller-1] [INFO] [1791364558.253068714] [depth_angular_controller]: EVIDENCE_PHASE per_view_mean_ms balls=0.079 tubes=0.050 history=0.296 eviction=0.001
[position_cmd_to_twist-2] [INFO] [1791364559.025296121] [position_cmd_to_twist]: [PERF BRIDGE] run=p5_six_recovery_v2_baseline_ego1p5_2 elapsed=49.38s received=2093 published=2093 fps(ros/wall)=59.94/58.43 controller_to_bridge_ms(mean/p50/p95/max)=0.064/0.000/0.000/16.667 bridge_process_ms(mean/p95/max)=0.090/0.114/1.134
[NAV] t=35.0s position=(-3.89,-3.99,3.43) yaw=12.6deg command=(1.89,-0.51,-0.40) manual_active=1 collision_blocks=0
[depth_angular_controller-1] [INFO] [1791364559.104983809] [depth_angular_controller]: OMNI_DEPTH views=4 azimuth_bins=180 elevation_bins=37 valid=1 certificates=0 short=0 held=0 local_candidates=3 yaw=-5.64
[depth_angular_controller-1] [INFO] [1791364559.105316524] [depth_angular_controller]: PAPER_BUILD reason=FULL_MOTION_CERTIFICATE required=0.0000 best=0.0000 free=0 refined=0 tubes=130 revoked_tubes=0 proofs=128
[depth_angular_controller-1] [INFO] [1791364559.105334037] [depth_angular_controller]: PAPER_EVIDENCE retained=16 balls=32 revoked_balls=0 expired_views=0 evicted_views=121 radius=0.580 clearance=0.000 best_prefix=0.000
[depth_angular_controller-1] [INFO] [1791364560.051320431] [depth_angular_controller]: OMNI_DEPTH views=4 azimuth_bins=180 elevation_bins=37 valid=1 certificates=0 short=0 held=0 local_candidates=3 yaw=0.11
[depth_angular_controller-1] [INFO] [1791364560.052541336] [depth_angular_controller]: PAPER_BUILD reason=FULL_MOTION_CERTIFICATE required=0.0000 best=0.0000 free=0 refined=0 tubes=134 revoked_tubes=0 proofs=128
[depth_angular_controller-1] [INFO] [1791364560.052569398] [depth_angular_controller]: PAPER_EVIDENCE retained=16 balls=32 revoked_balls=0 expired_views=0 evicted_views=125 radius=0.580 clearance=0.000 best_prefix=0.000
[depth_angular_controller-1] [INFO] [1791364561.062484304] [depth_angular_controller]: OMNI_DEPTH views=4 azimuth_bins=180 elevation_bins=37 valid=1 certificates=0 short=0 held=0 local_candidates=2 yaw=3.26
[depth_angular_controller-1] [INFO] [1791364561.062814384] [depth_angular_controller]: PAPER_BUILD reason=FULL_MOTION_CERTIFICATE required=0.0000 best=0.0000 free=0 refined=0 tubes=138 revoked_tubes=0 proofs=128
[depth_angular_controller-1] [INFO] [1791364561.062827078] [depth_angular_controller]: PAPER_EVIDENCE retained=16 balls=32 revoked_balls=0 expired_views=0 evicted_views=129 radius=0.580 clearance=0.000 best_prefix=0.000
[depth_angular_controller-1] [INFO] [1791364562.142551558] [depth_angular_controller]: OMNI_DEPTH views=4 azimuth_bins=180 elevation_bins=37 valid=1 certificates=0 short=0 held=0 local_candidates=1 yaw=13.87
[depth_angular_controller-1] [INFO] [1791364562.142897729] [depth_angular_controller]: PAPER_BUILD reason=FULL_MOTION_CERTIFICATE required=0.0000 best=0.0000 free=0 refined=0 tubes=142 revoked_tubes=0 proofs=128
[depth_angular_controller-1] [INFO] [1791364562.142905253] [depth_angular_controller]: PAPER_EVIDENCE retained=16 balls=32 revoked_balls=0 expired_views=0 evicted_views=133 radius=0.580 clearance=0.000 best_prefix=0.000
[depth_angular_controller-1] [INFO] [1791364563.146038865] [depth_angular_controller]: OMNI_DEPTH views=4 azimuth_bins=180 elevation_bins=37 valid=1 certificates=0 short=0 held=0 local_candidates=1 yaw=13.88
[depth_angular_controller-1] [INFO] [1791364563.146380126] [depth_angular_controller]: PAPER_BUILD reason=FULL_MOTION_CERTIFICATE required=0.0000 best=0.0000 free=0 refined=0 tubes=146 revoked_tubes=0 proofs=128
[depth_angular_controller-1] [INFO] [1791364563.146394763] [depth_angular_controller]: PAPER_EVIDENCE retained=16 balls=32 revoked_balls=0 expired_views=0 evicted_views=137 radius=0.580 clearance=0.000 best_prefix=0.000
[depth_angular_controller-1] [INFO] [1791364563.289348809] [depth_angular_controller]: [PERF CTRL] run=p5_six_recovery_v2_baseline_ego1p5_2 elapsed=53.75s callbacks=2345 commands=2344 guidance=2224 command_fps(ros/wall)=59.95/58.46 guidance_wall_fps=58.14 avoid_ms(mean/p50/p95/max)=1.584/1.052/4.377/18.753 cycle_ms(mean/p95/max)=17.107/22.029/83.562 depth_to_cmd_ms(mean/p95/max)=39.359/66.667/100.000 callback_to_publish_ms(mean/p95/max)=3.439/8.306/26.079
[depth_angular_controller-1] [INFO] [1791364563.289567510] [depth_angular_controller]: EVIDENCE_COST ingest(mean/p95/max)=1.826/5.632/13.966 record=0.018/0.019/1.379 ms
[depth_angular_controller-1] [INFO] [1791364563.289574954] [depth_angular_controller]: EVIDENCE_PHASE per_view_mean_ms balls=0.078 tubes=0.053 history=0.298 eviction=0.001
[position_cmd_to_twist-2] [INFO] [1791364564.076256574] [position_cmd_to_twist]: [PERF BRIDGE] run=p5_six_recovery_v2_baseline_ego1p5_2 elapsed=54.43s received=2393 published=2393 fps(ros/wall)=59.95/58.55 controller_to_bridge_ms(mean/p50/p95/max)=0.077/0.000/0.000/16.667 bridge_process_ms(mean/p95/max)=0.090/0.113/1.563
[NAV] t=40.0s position=(5.88,-3.16,2.75) yaw=13.9deg command=(1.94,0.48,0.00) manual_active=1 collision_blocks=0
[depth_angular_controller-1] [INFO] [1791364564.217275673] [depth_angular_controller]: OMNI_DEPTH views=4 azimuth_bins=180 elevation_bins=37 valid=1 certificates=0 short=0 held=0 local_candidates=1 yaw=13.88
[depth_angular_controller-1] [INFO] [1791364564.217615011] [depth_angular_controller]: PAPER_BUILD reason=FULL_MOTION_CERTIFICATE required=0.0000 best=0.0000 free=0 refined=0 tubes=150 revoked_tubes=0 proofs=128
[depth_angular_controller-1] [INFO] [1791364564.217623497] [depth_angular_controller]: PAPER_EVIDENCE retained=16 balls=32 revoked_balls=0 expired_views=0 evicted_views=141 radius=0.580 clearance=0.000 best_prefix=0.000
[depth_angular_controller-1] [INFO] [1791364565.221546793] [depth_angular_controller]: OMNI_DEPTH views=4 azimuth_bins=180 elevation_bins=37 valid=1 certificates=0 short=0 held=0 local_candidates=1 yaw=13.88
[depth_angular_controller-1] [INFO] [1791364565.221883315] [depth_angular_controller]: PAPER_BUILD reason=FULL_MOTION_CERTIFICATE required=0.0000 best=0.0000 free=0 refined=0 tubes=154 revoked_tubes=0 proofs=128
[depth_angular_controller-1] [INFO] [1791364565.221890679] [depth_angular_controller]: PAPER_EVIDENCE retained=16 balls=32 revoked_balls=0 expired_views=0 evicted_views=145 radius=0.580 clearance=0.000 best_prefix=0.000
[depth_angular_controller-1] [INFO] [1791364566.294583544] [depth_angular_controller]: OMNI_DEPTH views=4 azimuth_bins=180 elevation_bins=37 valid=1 certificates=0 short=0 held=0 local_candidates=1 yaw=13.88
[depth_angular_controller-1] [INFO] [1791364566.294924215] [depth_angular_controller]: PAPER_BUILD reason=FULL_MOTION_CERTIFICATE required=0.0000 best=0.0000 free=0 refined=0 tubes=158 revoked_tubes=0 proofs=128
[depth_angular_controller-1] [INFO] [1791364566.294931729] [depth_angular_controller]: PAPER_EVIDENCE retained=16 balls=32 revoked_balls=0 expired_views=0 evicted_views=149 radius=0.580 clearance=0.000 best_prefix=0.000
[depth_angular_controller-1] [INFO] [1791364567.364010883] [depth_angular_controller]: OMNI_DEPTH views=4 azimuth_bins=180 elevation_bins=37 valid=1 certificates=0 short=0 held=0 local_candidates=1 yaw=13.88
[depth_angular_controller-1] [INFO] [1791364567.364361452] [depth_angular_controller]: PAPER_BUILD reason=FULL_MOTION_CERTIFICATE required=0.0000 best=0.0000 free=0 refined=0 tubes=162 revoked_tubes=0 proofs=128
[depth_angular_controller-1] [INFO] [1791364567.364369136] [depth_angular_controller]: PAPER_EVIDENCE retained=16 balls=32 revoked_balls=0 expired_views=0 evicted_views=153 radius=0.580 clearance=0.000 best_prefix=0.000
[depth_angular_controller-1] [INFO] [1791364568.302117859] [depth_angular_controller]: [PERF CTRL] run=p5_six_recovery_v2_baseline_ego1p5_2 elapsed=58.76s callbacks=2624 commands=2623 guidance=2503 command_fps(ros/wall)=59.95/58.15 guidance_wall_fps=57.85 avoid_ms(mean/p50/p95/max)=1.460/0.990/3.972/18.753 cycle_ms(mean/p95/max)=17.198/22.008/84.550 depth_to_cmd_ms(mean/p95/max)=39.486/66.667/100.000 callback_to_publish_ms(mean/p95/max)=3.337/8.099/26.079
[depth_angular_controller-1] [INFO] [1791364568.302336580] [depth_angular_controller]: EVIDENCE_COST ingest(mean/p95/max)=1.833/5.485/13.966 record=0.018/0.020/1.379 ms
[depth_angular_controller-1] [INFO] [1791364568.302341830] [depth_angular_controller]: EVIDENCE_PHASE per_view_mean_ms balls=0.077 tubes=0.051 history=0.301 eviction=0.001
[depth_angular_controller-1] [INFO] [1791364568.560350088] [depth_angular_controller]: OMNI_DEPTH views=4 azimuth_bins=180 elevation_bins=37 valid=1 certificates=0 short=0 held=0 local_candidates=1 yaw=13.88
[depth_angular_controller-1] [INFO] [1791364568.560798331] [depth_angular_controller]: PAPER_BUILD reason=FULL_MOTION_CERTIFICATE required=0.0000 best=0.0000 free=0 refined=0 tubes=166 revoked_tubes=0 proofs=128
[depth_angular_controller-1] [INFO] [1791364568.560809722] [depth_angular_controller]: PAPER_EVIDENCE retained=16 balls=32 revoked_balls=0 expired_views=0 evicted_views=157 radius=0.580 clearance=0.000 best_prefix=0.000
[position_cmd_to_twist-2] [INFO] [1791364569.549062448] [position_cmd_to_twist]: [PERF BRIDGE] run=p5_six_recovery_v2_baseline_ego1p5_2 elapsed=59.91s received=2693 published=2693 fps(ros/wall)=59.96/58.11 controller_to_bridge_ms(mean/p50/p95/max)=0.068/0.000/0.000/16.667 bridge_process_ms(mean/p95/max)=0.089/0.112/1.563
[NAV] t=45.0s position=(15.59,-0.77,2.76) yaw=13.9deg command=(1.94,0.48,0.00) manual_active=1 collision_blocks=0
[depth_angular_controller-1] [INFO] [1791364569.688928530] [depth_angular_controller]: OMNI_DEPTH views=4 azimuth_bins=180 elevation_bins=37 valid=1 certificates=0 short=0 held=0 local_candidates=1 yaw=13.88
[depth_angular_controller-1] [INFO] [1791364569.689812421] [depth_angular_controller]: PAPER_BUILD reason=FULL_MOTION_CERTIFICATE required=0.0000 best=0.0000 free=0 refined=0 tubes=170 revoked_tubes=0 proofs=128
[depth_angular_controller-1] [INFO] [1791364569.690140197] [depth_angular_controller]: PAPER_EVIDENCE retained=16 balls=32 revoked_balls=0 expired_views=0 evicted_views=161 radius=0.580 clearance=0.000 best_prefix=0.000
[depth_angular_controller-1] [INFO] [1791364570.767176836] [depth_angular_controller]: OMNI_DEPTH views=4 azimuth_bins=180 elevation_bins=37 valid=1 certificates=0 short=0 held=0 local_candidates=3 yaw=9.43
[depth_angular_controller-1] [INFO] [1791364570.767587658] [depth_angular_controller]: PAPER_BUILD reason=FULL_MOTION_CERTIFICATE required=0.0000 best=0.0000 free=0 refined=0 tubes=174 revoked_tubes=0 proofs=128
[depth_angular_controller-1] [INFO] [1791364570.767595563] [depth_angular_controller]: PAPER_EVIDENCE retained=16 balls=32 revoked_balls=0 expired_views=0 evicted_views=165 radius=0.580 clearance=0.000 best_prefix=0.000
[depth_angular_controller-1] [INFO] [1791364571.854604673] [depth_angular_controller]: OMNI_DEPTH views=4 azimuth_bins=180 elevation_bins=37 valid=1 certificates=0 short=0 held=0 local_candidates=2 yaw=15.65
[depth_angular_controller-1] [INFO] [1791364571.854905197] [depth_angular_controller]: PAPER_BUILD reason=FULL_MOTION_CERTIFICATE required=0.0000 best=0.0000 free=0 refined=0 tubes=178 revoked_tubes=0 proofs=128
[depth_angular_controller-1] [INFO] [1791364571.854912221] [depth_angular_controller]: PAPER_EVIDENCE retained=16 balls=32 revoked_balls=0 expired_views=0 evicted_views=169 radius=0.580 clearance=0.000 best_prefix=0.000
[depth_angular_controller-1] [INFO] [1791364572.866419970] [depth_angular_controller]: OMNI_DEPTH views=4 azimuth_bins=180 elevation_bins=37 valid=1 certificates=0 short=0 held=0 local_candidates=2 yaw=17.30
[depth_angular_controller-1] [INFO] [1791364572.866684717] [depth_angular_controller]: PAPER_BUILD reason=FULL_MOTION_CERTIFICATE required=0.0000 best=0.0000 free=0 refined=0 tubes=182 revoked_tubes=0 proofs=128
[depth_angular_controller-1] [INFO] [1791364572.866690057] [depth_angular_controller]: PAPER_EVIDENCE retained=16 balls=32 revoked_balls=0 expired_views=0 evicted_views=173 radius=0.580 clearance=0.000 best_prefix=0.000
[depth_angular_controller-1] [INFO] [1791364573.313321988] [depth_angular_controller]: [PERF CTRL] run=p5_six_recovery_v2_baseline_ego1p5_2 elapsed=63.78s callbacks=2908 commands=2907 guidance=2787 command_fps(ros/wall)=59.96/58.00 guidance_wall_fps=57.73 avoid_ms(mean/p50/p95/max)=1.502/1.008/3.976/18.753 cycle_ms(mean/p95/max)=17.242/22.353/84.550 depth_to_cmd_ms(mean/p95/max)=40.205/66.667/100.000 callback_to_publish_ms(mean/p95/max)=3.430/8.432/26.079
[depth_angular_controller-1] [INFO] [1791364573.313569123] [depth_angular_controller]: EVIDENCE_COST ingest(mean/p95/max)=1.876/5.837/15.719 record=0.023/0.020/2.047 ms
[depth_angular_controller-1] [INFO] [1791364573.313576336] [depth_angular_controller]: EVIDENCE_PHASE per_view_mean_ms balls=0.079 tubes=0.057 history=0.305 eviction=0.001
[depth_angular_controller-1] [INFO] [1791364573.817188792] [depth_angular_controller]: OMNI_DEPTH views=4 azimuth_bins=180 elevation_bins=37 valid=1 certificates=0 short=0 held=0 local_candidates=3 yaw=15.43
[depth_angular_controller-1] [INFO] [1791364573.817667121] [depth_angular_controller]: PAPER_BUILD reason=FULL_MOTION_CERTIFICATE required=0.0000 best=0.0000 free=0 refined=0 tubes=186 revoked_tubes=0 proofs=128
[depth_angular_controller-1] [INFO] [1791364573.817674254] [depth_angular_controller]: PAPER_EVIDENCE retained=16 balls=32 revoked_balls=0 expired_views=0 evicted_views=177 radius=0.580 clearance=0.000 best_prefix=0.000
[position_cmd_to_twist-2] [INFO] [1791364574.682581776] [position_cmd_to_twist]: [PERF BRIDGE] run=p5_six_recovery_v2_baseline_ego1p5_2 elapsed=65.04s received=2993 published=2993 fps(ros/wall)=59.96/58.14 controller_to_bridge_ms(mean/p50/p95/max)=0.084/0.000/0.000/16.667 bridge_process_ms(mean/p95/max)=0.090/0.113/1.563
[NAV] t=50.0s position=(25.13,1.78,1.46) yaw=13.6deg command=(1.91,0.54,-0.20) manual_active=1 collision_blocks=0
[depth_angular_controller-1] [INFO] [1791364574.769169832] [depth_angular_controller]: OMNI_DEPTH views=4 azimuth_bins=180 elevation_bins=37 valid=1 certificates=0 short=0 held=0 local_candidates=1 yaw=13.63
[depth_angular_controller-1] [INFO] [1791364574.769490104] [depth_angular_controller]: PAPER_BUILD reason=FULL_MOTION_CERTIFICATE required=0.0000 best=0.0000 free=0 refined=0 tubes=190 revoked_tubes=0 proofs=128
[depth_angular_controller-1] [INFO] [1791364574.769499010] [depth_angular_controller]: PAPER_EVIDENCE retained=16 balls=32 revoked_balls=0 expired_views=0 evicted_views=181 radius=0.580 clearance=0.000 best_prefix=0.000
[depth_angular_controller-1] [INFO] [1791364575.733824149] [depth_angular_controller]: OMNI_DEPTH views=4 azimuth_bins=180 elevation_bins=37 valid=1 certificates=0 short=0 held=0 local_candidates=1 yaw=13.58
[depth_angular_controller-1] [INFO] [1791364575.734192311] [depth_angular_controller]: PAPER_BUILD reason=FULL_MOTION_CERTIFICATE required=0.0000 best=0.0000 free=0 refined=0 tubes=194 revoked_tubes=0 proofs=128
[depth_angular_controller-1] [INFO] [1791364575.734203812] [depth_angular_controller]: PAPER_EVIDENCE retained=16 balls=32 revoked_balls=0 expired_views=0 evicted_views=185 radius=0.580 clearance=0.000 best_prefix=0.000
[depth_angular_controller-1] [INFO] [1791364576.865021122] [depth_angular_controller]: OMNI_DEPTH views=4 azimuth_bins=180 elevation_bins=37 valid=1 certificates=0 short=0 held=0 local_candidates=1 yaw=13.58
[depth_angular_controller-1] [INFO] [1791364576.865314022] [depth_angular_controller]: PAPER_BUILD reason=FULL_MOTION_CERTIFICATE required=0.0000 best=0.0000 free=0 refined=0 tubes=198 revoked_tubes=0 proofs=128
[depth_angular_controller-1] [INFO] [1791364576.865319703] [depth_angular_controller]: PAPER_EVIDENCE retained=16 balls=32 revoked_balls=0 expired_views=0 evicted_views=189 radius=0.580 clearance=0.000 best_prefix=0.000
[depth_angular_controller-1] [INFO] [1791364577.824260903] [depth_angular_controller]: OMNI_DEPTH views=4 azimuth_bins=180 elevation_bins=37 valid=1 certificates=0 short=0 held=0 local_candidates=1 yaw=13.58
[depth_angular_controller-1] [INFO] [1791364577.824683978] [depth_angular_controller]: PAPER_BUILD reason=FULL_MOTION_CERTIFICATE required=0.0000 best=0.0000 free=0 refined=0 tubes=202 revoked_tubes=0 proofs=128
[depth_angular_controller-1] [INFO] [1791364577.824691132] [depth_angular_controller]: PAPER_EVIDENCE retained=16 balls=32 revoked_balls=0 expired_views=0 evicted_views=193 radius=0.580 clearance=0.000 best_prefix=0.000
[depth_angular_controller-1] [INFO] [1791364578.321643601] [depth_angular_controller]: [PERF CTRL] run=p5_six_recovery_v2_baseline_ego1p5_2 elapsed=68.78s callbacks=3208 commands=3207 guidance=3087 command_fps(ros/wall)=59.96/58.17 guidance_wall_fps=57.93 avoid_ms(mean/p50/p95/max)=1.504/0.987/4.192/18.753 cycle_ms(mean/p95/max)=17.191/22.897/84.603 depth_to_cmd_ms(mean/p95/max)=40.060/66.667/100.000 callback_to_publish_ms(mean/p95/max)=3.514/8.809/26.079
[depth_angular_controller-1] [INFO] [1791364578.321903559] [depth_angular_controller]: EVIDENCE_COST ingest(mean/p95/max)=1.954/6.327/15.719 record=0.023/0.021/2.047 ms
[depth_angular_controller-1] [INFO] [1791364578.321911194] [depth_angular_controller]: EVIDENCE_PHASE per_view_mean_ms balls=0.082 tubes=0.066 history=0.311 eviction=0.001
[depth_angular_controller-1] [INFO] [1791364578.832931290] [depth_angular_controller]: OMNI_DEPTH views=4 azimuth_bins=180 elevation_bins=37 valid=1 certificates=0 short=0 held=0 local_candidates=1 yaw=13.58
[depth_angular_controller-1] [INFO] [1791364578.833237826] [depth_angular_controller]: PAPER_BUILD reason=FULL_MOTION_CERTIFICATE required=0.0000 best=0.0000 free=0 refined=0 tubes=206 revoked_tubes=0 proofs=128
[depth_angular_controller-1] [INFO] [1791364578.833243477] [depth_angular_controller]: PAPER_EVIDENCE retained=16 balls=32 revoked_balls=0 expired_views=0 evicted_views=197 radius=0.580 clearance=0.000 best_prefix=0.000
[position_cmd_to_twist-2] [INFO] [1791364579.834136017] [position_cmd_to_twist]: [PERF BRIDGE] run=p5_six_recovery_v2_baseline_ego1p5_2 elapsed=70.19s received=3293 published=3293 fps(ros/wall)=59.96/58.15 controller_to_bridge_ms(mean/p50/p95/max)=0.076/0.000/0.000/16.667 bridge_process_ms(mean/p95/max)=0.089/0.112/1.563
[NAV] t=55.0s position=(34.84,4.16,1.72) yaw=13.6deg command=(1.94,0.47,0.07) manual_active=1 collision_blocks=0
[depth_angular_controller-1] [INFO] [1791364579.924695987] [depth_angular_controller]: OMNI_DEPTH views=4 azimuth_bins=180 elevation_bins=37 valid=1 certificates=0 short=0 held=0 local_candidates=1 yaw=13.58
[depth_angular_controller-1] [INFO] [1791364579.925166071] [depth_angular_controller]: PAPER_BUILD reason=FULL_MOTION_CERTIFICATE required=0.0000 best=0.0000 free=0 refined=0 tubes=210 revoked_tubes=0 proofs=128
[depth_angular_controller-1] [INFO] [1791364579.925173274] [depth_angular_controller]: PAPER_EVIDENCE retained=16 balls=32 revoked_balls=0 expired_views=0 evicted_views=201 radius=0.580 clearance=0.000 best_prefix=0.000
[depth_angular_controller-1] [INFO] [1791364580.934268740] [depth_angular_controller]: OMNI_DEPTH views=4 azimuth_bins=180 elevation_bins=37 valid=1 certificates=0 short=0 held=0 local_candidates=1 yaw=13.58
[depth_angular_controller-1] [INFO] [1791364580.934636121] [depth_angular_controller]: PAPER_BUILD reason=FULL_MOTION_CERTIFICATE required=0.0000 best=0.0000 free=0 refined=0 tubes=214 revoked_tubes=0 proofs=128
[depth_angular_controller-1] [INFO] [1791364580.934643444] [depth_angular_controller]: PAPER_EVIDENCE retained=16 balls=32 revoked_balls=0 expired_views=0 evicted_views=205 radius=0.580 clearance=0.000 best_prefix=0.000
[depth_angular_controller-1] [INFO] [1791364581.942493099] [depth_angular_controller]: OMNI_DEPTH views=4 azimuth_bins=180 elevation_bins=37 valid=1 certificates=0 short=0 held=0 local_candidates=1 yaw=13.58
[depth_angular_controller-1] [INFO] [1791364581.942866070] [depth_angular_controller]: PAPER_BUILD reason=FULL_MOTION_CERTIFICATE required=0.0000 best=0.0000 free=0 refined=0 tubes=218 revoked_tubes=0 proofs=128
[depth_angular_controller-1] [INFO] [1791364581.942874696] [depth_angular_controller]: PAPER_EVIDENCE retained=16 balls=32 revoked_balls=0 expired_views=0 evicted_views=209 radius=0.580 clearance=0.000 best_prefix=0.000
[depth_angular_controller-1] [INFO] [1791364582.892368101] [depth_angular_controller]: OMNI_DEPTH views=4 azimuth_bins=180 elevation_bins=37 valid=1 certificates=0 short=0 held=0 local_candidates=1 yaw=13.58
[depth_angular_controller-1] [INFO] [1791364582.892702239] [depth_angular_controller]: PAPER_BUILD reason=FULL_MOTION_CERTIFICATE required=0.0000 best=0.0000 free=0 refined=0 tubes=223 revoked_tubes=0 proofs=128
[depth_angular_controller-1] [INFO] [1791364582.892708230] [depth_angular_controller]: PAPER_EVIDENCE retained=16 balls=32 revoked_balls=0 expired_views=0 evicted_views=213 radius=0.580 clearance=0.000 best_prefix=0.000
[depth_angular_controller-1] [INFO] [1791364583.334909475] [depth_angular_controller]: [PERF CTRL] run=p5_six_recovery_v2_baseline_ego1p5_2 elapsed=73.80s callbacks=3508 commands=3507 guidance=3387 command_fps(ros/wall)=59.97/58.31 guidance_wall_fps=58.10 avoid_ms(mean/p50/p95/max)=1.420/0.932/3.873/18.753 cycle_ms(mean/p95/max)=17.150/22.839/84.603 depth_to_cmd_ms(mean/p95/max)=39.996/66.667/100.000 callback_to_publish_ms(mean/p95/max)=3.455/8.683/26.079
[depth_angular_controller-1] [INFO] [1791364583.335191915] [depth_angular_controller]: EVIDENCE_COST ingest(mean/p95/max)=1.973/6.257/15.719 record=0.022/0.021/2.047 ms
[depth_angular_controller-1] [INFO] [1791364583.335198668] [depth_angular_controller]: EVIDENCE_PHASE per_view_mean_ms balls=0.083 tubes=0.064 history=0.316 eviction=0.001
[depth_angular_controller-1] [INFO] [1791364583.845393564] [depth_angular_controller]: OMNI_DEPTH views=4 azimuth_bins=180 elevation_bins=37 valid=1 certificates=0 short=0 held=0 local_candidates=3 yaw=12.68
[depth_angular_controller-1] [INFO] [1791364583.845662800] [depth_angular_controller]: PAPER_BUILD reason=FULL_MOTION_CERTIFICATE required=0.0000 best=0.0000 free=0 refined=0 tubes=227 revoked_tubes=0 proofs=128
[depth_angular_controller-1] [INFO] [1791364583.845668601] [depth_angular_controller]: PAPER_EVIDENCE retained=16 balls=32 revoked_balls=0 expired_views=0 evicted_views=217 radius=0.580 clearance=0.000 best_prefix=0.000
[position_cmd_to_twist-2] [INFO] [1791364584.772378368] [position_cmd_to_twist]: [PERF BRIDGE] run=p5_six_recovery_v2_baseline_ego1p5_2 elapsed=75.13s received=3593 published=3593 fps(ros/wall)=59.97/58.36 controller_to_bridge_ms(mean/p50/p95/max)=0.070/0.000/0.000/16.667 bridge_process_ms(mean/p95/max)=0.089/0.112/1.563
[NAV] t=60.0s position=(44.56,6.46,2.04) yaw=13.7deg command=(1.96,0.39,-0.09) manual_active=1 collision_blocks=0
[depth_angular_controller-1] [INFO] [1791364584.856666973] [depth_angular_controller]: OMNI_DEPTH views=4 azimuth_bins=180 elevation_bins=37 valid=1 certificates=0 short=0 held=0 local_candidates=3 yaw=13.56
[depth_angular_controller-1] [INFO] [1791364584.857050814] [depth_angular_controller]: PAPER_BUILD reason=FULL_MOTION_CERTIFICATE required=0.0000 best=0.0000 free=0 refined=0 tubes=231 revoked_tubes=0 proofs=128
[depth_angular_controller-1] [INFO] [1791364584.857070040] [depth_angular_controller]: PAPER_EVIDENCE retained=16 balls=32 revoked_balls=0 expired_views=0 evicted_views=221 radius=0.580 clearance=0.000 best_prefix=0.000
[depth_angular_controller-1] [INFO] [1791364585.875636285] [depth_angular_controller]: OMNI_DEPTH views=4 azimuth_bins=180 elevation_bins=37 valid=1 certificates=0 short=0 held=0 local_candidates=3 yaw=19.78
[depth_angular_controller-1] [INFO] [1791364585.875917954] [depth_angular_controller]: PAPER_BUILD reason=FULL_MOTION_CERTIFICATE required=0.0000 best=0.0000 free=0 refined=0 tubes=235 revoked_tubes=0 proofs=128
[depth_angular_controller-1] [INFO] [1791364585.875925689] [depth_angular_controller]: PAPER_EVIDENCE retained=16 balls=32 revoked_balls=0 expired_views=0 evicted_views=225 radius=0.580 clearance=0.000 best_prefix=0.000
[depth_angular_controller-1] [INFO] [1791364586.881759104] [depth_angular_controller]: OMNI_DEPTH views=4 azimuth_bins=180 elevation_bins=37 valid=1 certificates=0 short=0 held=0 local_candidates=1 yaw=13.32
[depth_angular_controller-1] [INFO] [1791364586.882293078] [depth_angular_controller]: PAPER_BUILD reason=FULL_MOTION_CERTIFICATE required=0.0000 best=0.0000 free=0 refined=0 tubes=239 revoked_tubes=0 proofs=128
[depth_angular_controller-1] [INFO] [1791364586.882304850] [depth_angular_controller]: PAPER_EVIDENCE retained=16 balls=32 revoked_balls=0 expired_views=0 evicted_views=229 radius=0.580 clearance=0.000 best_prefix=0.000
[depth_angular_controller-1] [INFO] [1791364587.895160903] [depth_angular_controller]: OMNI_DEPTH views=4 azimuth_bins=180 elevation_bins=37 valid=1 certificates=0 short=0 held=0 local_candidates=1 yaw=13.31
[depth_angular_controller-1] [INFO] [1791364587.895509047] [depth_angular_controller]: PAPER_BUILD reason=FULL_MOTION_CERTIFICATE required=0.0000 best=0.0000 free=0 refined=0 tubes=243 revoked_tubes=0 proofs=128
[depth_angular_controller-1] [INFO] [1791364587.895517313] [depth_angular_controller]: PAPER_EVIDENCE retained=16 balls=32 revoked_balls=0 expired_views=0 evicted_views=233 radius=0.580 clearance=0.000 best_prefix=0.000
[depth_angular_controller-1] [INFO] [1791364588.349661882] [depth_angular_controller]: [PERF CTRL] run=p5_six_recovery_v2_baseline_ego1p5_2 elapsed=78.81s callbacks=3807 commands=3806 guidance=3686 command_fps(ros/wall)=59.95/58.41 guidance_wall_fps=58.22 avoid_ms(mean/p50/p95/max)=1.397/0.935/3.766/37.291 cycle_ms(mean/p95/max)=17.120/22.750/84.603 depth_to_cmd_ms(mean/p95/max)=39.763/66.667/100.000 callback_to_publish_ms(mean/p95/max)=3.443/8.441/42.761
[depth_angular_controller-1] [INFO] [1791364588.349983056] [depth_angular_controller]: EVIDENCE_COST ingest(mean/p95/max)=1.978/6.171/15.719 record=0.024/0.021/2.047 ms
[depth_angular_controller-1] [INFO] [1791364588.349994307] [depth_angular_controller]: EVIDENCE_PHASE per_view_mean_ms balls=0.082 tubes=0.062 history=0.320 eviction=0.001
[depth_angular_controller-1] [INFO] [1791364588.976764805] [depth_angular_controller]: OMNI_DEPTH views=4 azimuth_bins=180 elevation_bins=37 valid=1 certificates=0 short=0 held=0 local_candidates=1 yaw=13.31
[depth_angular_controller-1] [INFO] [1791364588.977147163] [depth_angular_controller]: PAPER_BUILD reason=FULL_MOTION_CERTIFICATE required=0.0000 best=0.0000 free=0 refined=0 tubes=247 revoked_tubes=0 proofs=128
[depth_angular_controller-1] [INFO] [1791364588.977167812] [depth_angular_controller]: PAPER_EVIDENCE retained=16 balls=32 revoked_balls=0 expired_views=0 evicted_views=237 radius=0.580 clearance=0.000 best_prefix=0.000
[position_cmd_to_twist-2] [INFO] [1791364589.847264907] [position_cmd_to_twist]: [PERF BRIDGE] run=p5_six_recovery_v2_baseline_ego1p5_2 elapsed=80.20s received=3892 published=3892 fps(ros/wall)=59.95/58.40 controller_to_bridge_ms(mean/p50/p95/max)=0.081/0.000/0.000/33.333 bridge_process_ms(mean/p95/max)=0.089/0.112/1.563
[NAV] t=65.0s position=(54.22,8.89,2.16) yaw=13.3deg command=(1.94,0.46,0.13) manual_active=1 collision_blocks=0
[depth_angular_controller-1] [INFO] [1791364589.931045376] [depth_angular_controller]: OMNI_DEPTH views=4 azimuth_bins=180 elevation_bins=37 valid=1 certificates=0 short=0 held=0 local_candidates=1 yaw=13.31
[depth_angular_controller-1] [INFO] [1791364589.931423757] [depth_angular_controller]: PAPER_BUILD reason=FULL_MOTION_CERTIFICATE required=0.0000 best=0.0000 free=0 refined=0 tubes=251 revoked_tubes=0 proofs=128
[depth_angular_controller-1] [INFO] [1791364589.931431502] [depth_angular_controller]: PAPER_EVIDENCE retained=16 balls=32 revoked_balls=0 expired_views=0 evicted_views=241 radius=0.580 clearance=0.000 best_prefix=0.000
[depth_angular_controller-1] [INFO] [1791364590.989463345] [depth_angular_controller]: OMNI_DEPTH views=4 azimuth_bins=180 elevation_bins=37 valid=1 certificates=0 short=0 held=0 local_candidates=1 yaw=13.31
[depth_angular_controller-1] [INFO] [1791364590.990232370] [depth_angular_controller]: PAPER_BUILD reason=FULL_MOTION_CERTIFICATE required=0.0000 best=0.0000 free=0 refined=0 tubes=255 revoked_tubes=0 proofs=128
[depth_angular_controller-1] [INFO] [1791364590.990239864] [depth_angular_controller]: PAPER_EVIDENCE retained=16 balls=32 revoked_balls=0 expired_views=0 evicted_views=245 radius=0.580 clearance=0.000 best_prefix=0.000
[depth_angular_controller-1] [INFO] [1791364592.053414662] [depth_angular_controller]: OMNI_DEPTH views=4 azimuth_bins=180 elevation_bins=37 valid=1 certificates=0 short=0 held=0 local_candidates=1 yaw=13.31
[depth_angular_controller-1] [INFO] [1791364592.054531220] [depth_angular_controller]: PAPER_BUILD reason=FULL_MOTION_CERTIFICATE required=0.0000 best=0.0000 free=0 refined=0 tubes=256 revoked_tubes=0 proofs=128
[depth_angular_controller-1] [INFO] [1791364592.054762244] [depth_angular_controller]: PAPER_EVIDENCE retained=16 balls=32 revoked_balls=0 expired_views=0 evicted_views=249 radius=0.580 clearance=0.000 best_prefix=0.000
[depth_angular_controller-1] [INFO] [1791364593.070857355] [depth_angular_controller]: OMNI_DEPTH views=4 azimuth_bins=180 elevation_bins=37 valid=1 certificates=0 short=0 held=0 local_candidates=1 yaw=13.31
[depth_angular_controller-1] [INFO] [1791364593.071248309] [depth_angular_controller]: PAPER_BUILD reason=FULL_MOTION_CERTIFICATE required=0.0000 best=0.0000 free=0 refined=0 tubes=256 revoked_tubes=0 proofs=128
[depth_angular_controller-1] [INFO] [1791364593.071262356] [depth_angular_controller]: PAPER_EVIDENCE retained=16 balls=32 revoked_balls=0 expired_views=0 evicted_views=253 radius=0.580 clearance=0.000 best_prefix=0.000
[depth_angular_controller-1] [INFO] [1791364593.367357501] [depth_angular_controller]: [PERF CTRL] run=p5_six_recovery_v2_baseline_ego1p5_2 elapsed=83.83s callbacks=4088 commands=4087 guidance=3967 command_fps(ros/wall)=59.93/58.24 guidance_wall_fps=58.05 avoid_ms(mean/p50/p95/max)=1.334/0.873/3.662/37.291 cycle_ms(mean/p95/max)=17.171/22.671/84.603 depth_to_cmd_ms(mean/p95/max)=39.429/66.667/100.000 callback_to_publish_ms(mean/p95/max)=3.394/8.280/42.761
[depth_angular_controller-1] [INFO] [1791364593.367710094] [depth_angular_controller]: EVIDENCE_COST ingest(mean/p95/max)=1.987/6.004/15.719 record=0.023/0.021/2.047 ms
[depth_angular_controller-1] [INFO] [1791364593.367723088] [depth_angular_controller]: EVIDENCE_PHASE per_view_mean_ms balls=0.082 tubes=0.063 history=0.321 eviction=0.001
[depth_angular_controller-1] [INFO] [1791364594.150335862] [depth_angular_controller]: OMNI_DEPTH views=4 azimuth_bins=180 elevation_bins=37 valid=1 certificates=0 short=0 held=0 local_candidates=1 yaw=13.31
[depth_angular_controller-1] [INFO] [1791364594.150758226] [depth_angular_controller]: PAPER_BUILD reason=FULL_MOTION_CERTIFICATE required=0.0000 best=0.0000 free=0 refined=0 tubes=256 revoked_tubes=0 proofs=128
[depth_angular_controller-1] [INFO] [1791364594.150767363] [depth_angular_controller]: PAPER_EVIDENCE retained=16 balls=32 revoked_balls=0 expired_views=0 evicted_views=257 radius=0.580 clearance=0.000 best_prefix=0.000
[position_cmd_to_twist-2] [INFO] [1791364595.076648483] [position_cmd_to_twist]: [PERF BRIDGE] run=p5_six_recovery_v2_baseline_ego1p5_2 elapsed=85.43s received=4190 published=4190 fps(ros/wall)=59.93/58.30 controller_to_bridge_ms(mean/p50/p95/max)=0.076/0.000/0.000/33.333 bridge_process_ms(mean/p95/max)=0.089/0.112/1.563
[NAV] t=70.0s position=(63.42,11.06,2.76) yaw=13.3deg command=(1.00,0.24,0.07) manual_active=1 collision_blocks=0
[depth_angular_controller-1] [INFO] [1791364595.159420448] [depth_angular_controller]: OMNI_DEPTH views=4 azimuth_bins=180 elevation_bins=37 valid=1 certificates=0 short=0 held=0 local_candidates=1 yaw=13.31
[depth_angular_controller-1] [INFO] [1791364595.159642405] [depth_angular_controller]: PAPER_BUILD reason=FULL_MOTION_CERTIFICATE required=0.0000 best=0.0000 free=0 refined=0 tubes=256 revoked_tubes=0 proofs=128
[depth_angular_controller-1] [INFO] [1791364595.159657884] [depth_angular_controller]: PAPER_EVIDENCE retained=16 balls=32 revoked_balls=0 expired_views=0 evicted_views=261 radius=0.580 clearance=0.000 best_prefix=0.000
[depth_angular_controller-1] [INFO] [1791364595.268961379] [depth_angular_controller]: ZERO_INTENT
[BENCHMARK RESULT] ARRIVED sim=69.300s
[PERF ISAAC FINAL] run=p5_six_recovery_v2_baseline_ego1p5_2 result=ARRIVED wall=73.68s sim_frames=4280 fps(sim/wall)=60.03/58.09 command_changes=3184 collision_blocks=0 frame_interval_ms(mean/p50/p95/max)=17.141/15.749/17.806/79.118
[86.619s] Simulation App Shutting Down
[depth_angular_controller-1] [INFO] [1791364597.168683551] [rclcpp]: signal_handler(SIGINT/SIGTERM)
[position_cmd_to_twist-2] [INFO] [1791364597.169739185] [position_cmd_to_twist]: [PERF BRIDGE FINAL] run=p5_six_recovery_v2_baseline_ego1p5_2 elapsed=87.53s received=4273 published=4273 fps(ros/wall)=59.93/58.27 controller_to_bridge_ms(mean/p50/p95/max)=0.074/0.000/0.000/33.333 bridge_process_ms(mean/p95/max)=0.089/0.112/1.563
[position_cmd_to_twist-2] Failed to publish log message to rosout: publisher's context is invalid, at ./src/rcl/publisher.c:389
[depth_angular_controller-1] [INFO] [1791364597.169840997] [depth_angular_controller]: [PERF CTRL FINAL] run=p5_six_recovery_v2_baseline_ego1p5_2 elapsed=87.63s callbacks=4274 commands=4273 guidance=4082 command_fps(ros/wall)=59.93/58.27 guidance_wall_fps=58.13 avoid_ms(mean/p50/p95/max)=1.310/0.838/3.608/37.291 cycle_ms(mean/p95/max)=17.161/22.535/84.603 depth_to_cmd_ms(mean/p95/max)=39.348/66.667/100.000 callback_to_publish_ms(mean/p95/max)=3.341/8.188/42.761
[depth_angular_controller-1] [INFO] [1791364597.170138065] [depth_angular_controller]: EVIDENCE_COST ingest(mean/p95/max)=1.979/5.923/15.719 record=0.023/0.021/2.047 ms
[depth_angular_controller-1] [INFO] [1791364597.170141241] [depth_angular_controller]: EVIDENCE_PHASE per_view_mean_ms balls=0.082 tubes=0.062 history=0.320 eviction=0.001
[INFO] [depth_angular_controller-1]: process has finished cleanly [pid 257633]
[INFO] [position_cmd_to_twist-2]: process has finished cleanly [pid 257635]
