[PERF] run=p5_six_final_20261007_baseline_ego1p5_2 log=/home/starry/isaac-data/EGO1P5/performance/navigation_benchmark_20260929/PERFORMANCE.md
[INPUT] mode=goal scene_mode=cloud
[LOCK] Waiting for shared Isaac navigation slot
[INFO] [launch]: All log files can be found below /tmp/fov_gvf_ego1p5_isaac_ros_log/2026-10-07-16-56-44-661299-starry-System-Product-Name-251595
[INFO] [launch]: Default logging verbosity is set to INFO
[INFO] [depth_angular_controller-1]: process started with pid [251597]
[INFO] [position_cmd_to_twist-2]: process started with pid [251599]
[depth_angular_controller-1] [INFO] [1791363404.696241958] [depth_angular_controller]: PROCESSING_RATES control=60.0 Hz depth_limit=10.0 Hz (0=unlimited)
[depth_angular_controller-1] [INFO] [1791363404.698231527] [depth_angular_controller]: C++ controller commands publish on /position_cmd; horizontal views=4
[ROS CHECK] ROS_DOMAIN_ID=42 /position_cmd publishers=1
Type: pc_gvf_msgs/msg/PositionCommand
Publisher count: 1
Subscription count: 1
/depth_angular_controller
/position_cmd_to_twist
WARNING: All log messages before absl::InitializeLog() is called are written to STDERR
E0000 00:00:1791363405.647202  251638 descriptor_database.cc:633] File already exists in database: grpc/health/v1/health.proto
W0000 00:00:1791363405.647223  251638 message.cc:301] Protobuf GeneratedMessageFactory: File is already registered: grpc/health/v1/health.proto
2026-10-07T08:56:45Z [Info] [carb] Logging to file: /home/starry/isaac-data/isaacsim/kit/logs/Kit/Isaac-Sim Python/6.0/kit_20261007_165645.log
[0.044s] [ext: omni.assets.plugins-0.0.0] startup
[0.044s] [ext: omni.blobkey-1.1.2] startup
[0.045s] [ext: omni.kit.async_engine-0.0.3] startup
[0.310s] [ext: omni.client.lib-1.1.1] startup
[0.318s] [ext: omni.client-1.3.0] startup
[0.320s] [ext: omni.protobuf.lib-1.0.0] startup
[0.320s] [ext: omni.grpc.lib-1.0.0] startup
[0.324s] [ext: omni.metrics.core-0.0.3] startup
[0.324s] [ext: omni.datastore-0.0.0] startup
[0.324s] [ext: omni.gpu_foundation.shadercache.vulkan-1.0.0] startup
[0.326s] [ext: omni.hsscclient-1.1.4] startup
[0.326s] [ext: omni.stats-1.0.1] startup
[0.327s] [ext: omni.ujitso.default-1.0.0] startup
[0.330s] [ext: omni.gpu_foundation-0.0.0] startup
[0.453s] [ext: carb.windowing.plugins-1.0.1] startup
[0.454s] [ext: omni.kit.renderer.init-1.0.1] startup
2026-10-07T08:56:46Z [658ms] [Warning] [omni.rtx] Skipping unsupported non-NVIDIA GPU: AMD Unknown (RADV RAPHAEL_MENDOCINO)
2026-10-07T08:56:46Z [658ms] [Warning] [omni.rtx] Skipping unsupported non-NVIDIA GPU: AMD Unknown (RADV RAPHAEL_MENDOCINO)

|---------------------------------------------------------------------------------------------|
| Driver Version: 580.178.04    | Graphics API: Vulkan
|=============================================================================================|
| GPU | Name                             | Active | LDA | GPU Memory | Vendor-ID | LUID       |
|     |                                  |        |     |            | Device-ID | UUID       |
|     |                                  |        |     |            | Bus-ID    |            |
|---------------------------------------------------------------------------------------------|
| 0   | NVIDIA GeForce RTX 5070          | Yes: 0 |     | 12227   MB | 10de      | 0          |
|     |                                  |        |     |            | 2f04      | 348d89fe.. |
|     |                                  |        |     |            | 1         |            |
|---------------------------------------------------------------------------------------------|
| 1   | AMD Unknown (RADV RAPHAEL_MEND.. |        |     | 10755   MB | 1002      | 0          |
|     |                                  |        |     |            | 13c0      | 00000000.. |
|     |                                  |        |     |            | c         |            |
|=============================================================================================|
| OS: 22.04.5 LTS (Jammy Jellyfish) ubuntu, Version: 22.04.5, Kernel: 6.8.0-138-generic
| XServer Vendor: The X.Org Foundation, XServer Version: 12101004 (1.21.1.4)
| Processor: AMD Ryzen 5 9600X 6-Core Processor
| Cores: 6 | Logical Cores: 12
|---------------------------------------------------------------------------------------------|
| Total Memory (MB): 31241 | Free Memory: 23245
| Total Page/Swap (MB): 15624 | Free Page/Swap: 15624
|---------------------------------------------------------------------------------------------|
2026-10-07T08:56:46Z [866ms] [Warning] [omni.rtx] CPU performance profile is set to powersave. This profile sets the CPU to the lowest frequency reducing performance.
2026-10-07T08:56:46Z [875ms] [Warning] [omni.rtx] IOMMU is enabled.
[0.979s] [ext: omni.kit.pipapi-0.0.0] startup
[0.980s] [ext: omni.kit.pip_archive-0.0.0] startup
[0.980s] [ext: isaacsim.pip.newton-0.6.1] startup
[0.980s] [ext: omni.pip.compute-1.9.2] startup
[0.980s] [ext: omni.isaac.core_archive-5.3.1] startup
[0.980s] [ext: omni.kit.telemetry-0.5.2] startup
[0.999s] [ext: omni.kit.loop-isaac-1.6.0] startup
[1.000s] [ext: omni.kit.test-2.0.7] startup
[1.050s] [ext: omni.materialx.libs-1.0.9] startup
[1.056s] [ext: omni.gpucompute.plugins-0.0.0] startup
[1.056s] [ext: omni.usd.config-1.0.7] startup
[1.059s] [ext: omni.usd.libs-1.0.3] startup
[1.114s] [ext: omni.iray.libs-0.0.1] startup
[1.117s] [ext: omni.mdl-57.0.3] startup
[1.178s] [ext: omni.mdl.neuraylib-0.2.20] startup
[1.179s] [ext: omni.kit.usd.mdl-1.1.9] startup
[1.263s] [ext: omni.appwindow-1.2.2] startup
[1.265s] [ext: omni.kit.renderer.core-1.2.2] startup
2026-10-07T08:56:51Z [6,489ms] [Warning] [carb.windowing-glfw.gamepad] Joystick with unknown remapping detected (will be ignored):  BEITONG BEITONG A2P3A BFM DONGLE [03000000bc2000001c51000011010000]
[6.521s] [ext: omni.kit.renderer.capture-2.0.1] startup
[6.523s] [ext: omni.kit.renderer.imgui-2.0.6] startup
[6.559s] [ext: omni.ui-3.2.0] startup
[6.566s] [ext: omni.kit.mainwindow-1.0.3] startup
[6.567s] [ext: carb.audio-0.1.0] startup
[6.569s] [ext: omni.uiaudio-1.0.0] startup
[6.570s] [ext: omni.kit.uiapp-0.0.0] startup
[6.570s] [ext: omni.usd.schema.metrics.assembler-110.1.0] startup
[6.572s] [ext: omni.usd.schema.audio-0.0.1] startup
[6.574s] [ext: omni.usd_resolver-1.0.0] startup
[6.577s] [ext: omni.usd.core-1.8.3] startup
[6.579s] [ext: omni.metropolis.schema-0.0.3] startup
[6.579s] [ext: isaacsim.anim.robot.schema-0.1.1] startup
[6.580s] [ext: omni.usd.schema.anim-0.0.1] startup
[6.593s] [ext: omni.usd.schema.geospatial-0.0.1] startup
[6.594s] [ext: omni.usd.schema.omnigraph-1.0.1] startup
[6.598s] [ext: omni.usd.schema.semantics-0.0.0] startup
[6.600s] [ext: omni.activity.core-1.0.3] startup
[6.601s] [ext: omni.cubric-0.1.0] startup
[6.601s] [ext: omni.graph.exec-0.9.6] startup
[6.601s] [ext: omni.hydra.scene_delegate-0.3.5] startup
[6.603s] [ext: usdrt.scenegraph-7.6.3] startup
[6.622s] [ext: omni.hydra.usdrt_delegate-7.5.2] startup
[6.625s] [ext: omni.inspect-1.0.2] startup
[6.626s] [ext: omni.kit.actions.core-1.0.0] startup
[6.627s] [ext: omni.kit.audiodeviceenum-1.0.2] startup
[6.628s] [ext: omni.kit.commands-1.5.0] startup
[6.631s] [ext: omni.kit.exec.core-0.13.5] startup
[6.632s] [ext: omni.kit.usd_undo-0.1.8] startup
[6.632s] [ext: omni.kit.window.popup_dialog-2.0.25] startup
[6.634s] [ext: omni.kit.widget.nucleus_connector-2.3.1] startup
[6.636s] [ext: omni.timeline-1.1.0] startup
[6.638s] [ext: omni.usd-1.16.0] startup
[6.663s] [ext: omni.graph.core-3.1.2] startup
[6.665s] [ext: omni.kit.notification_manager-1.0.11] startup
[6.667s] [ext: isaacsim.core.deprecation_manager-0.4.2] startup
[6.667s] [ext: isaacsim.replicator.agent.schema-0.1.1] startup
[6.668s] [ext: isaacsim.robot.schema-6.3.7] startup
[6.672s] [ext: isaacsim.robot_motion.schema-0.2.1] startup
[6.672s] [ext: omni.anim.behavior.schema-110.1.0] startup
[6.675s] [ext: omni.anim.graph.schema-110.1.1] startup
[6.679s] [ext: omni.anim.navigation.schema-110.1.0] startup
[6.682s] [ext: omni.behavior.tree.schema-110.1.0] startup
[6.682s] [ext: omni.isaac.ml_archive-3.3.0] startup
[6.682s] [ext: omni.kit.asset_converter-6.0.1] startup
[6.691s] [ext: omni.pip.cloud-1.5.4] startup
[6.693s] [ext: omni.usd.schema.flow-110.0.0] startup
[6.693s] [ext: omni.usd.schema.mujoco-1.1.1] startup
[6.694s] [ext: omni.usd.schema.newton-1.2.1] startup
[6.694s] [ext: omni.usd.schema.omni_lens_distortion-1.0.0] startup
[6.695s] [ext: omni.usd.schema.omni_projectors-1.0.0] startup
[6.695s] [ext: omni.usd.schema.omni_sensors-0.0.0] startup
[6.701s] [ext: omni.usd.schema.omniscripting-1.0.1] startup
[6.704s] [ext: omni.usd.schema.physical_lighting-0.1.0] startup
[6.706s] [ext: omni.usd.schema.physx-110.1.13] startup
[6.729s] [ext: omni.usd.schema.render_settings.rtx-1.0.2] startup
[6.732s] [ext: omni.usd.schema.usd_particle_field-1.0.0] startup
[6.732s] [ext: isaacsim.core.version-2.1.1] startup
[6.733s] [ext: omni.kit.menu.core-1.2.0] startup
[6.733s] [ext: omni.kit.menu.utils-2.2.4] startup
[6.739s] [ext: isaacsim.app.about-2.3.1] startup
[6.742s] [ext: isaacsim.asset.transformer-1.2.5] startup
[6.745s] [ext: omni.scene.optimizer.core-110.1.0] startup
[6.774s] [ext: isaacsim.asset.importer.utils-1.8.1] startup
[6.776s] [ext: omni.convexdecomposition-110.1.13] startup
[6.777s] [ext: omni.physics-110.1.13] startup
[6.780s] [ext: omni.physx.gpu-110.1.13] startup
[6.780s] [ext: omni.physx.foundation-110.1.13] startup
[6.781s] [ext: omni.usdphysics-110.1.13] startup
[6.782s] [ext: omni.physx.cooking-110.1.13] startup
[6.784s] [ext: omni.physx-110.1.13] startup
[6.790s] [ext: omni.physics.physx-110.1.13] startup
[6.792s] [ext: isaacsim.asset.exporter.urdf-2.0.5] startup
[6.798s] [ext: omni.kit.clipboard-1.1.1] startup
[6.798s] [ext: omni.kit.usd.layers-2.6.1] startup
[6.804s] [ext: omni.kit.widget.context_menu-1.4.0] startup
[6.805s] [ext: omni.kit.context_menu-1.9.0] startup
[6.806s] [ext: omni.kit.helper.file_utils-0.1.10] startup
[6.807s] [ext: omni.kit.widget.nucleus_info-2.0.2] startup
[6.807s] [ext: omni.kit.search_core-1.0.8] startup
[6.808s] [ext: omni.kit.widget.path_field-2.0.13] startup
[6.808s] [ext: omni.kit.widget.browser_bar-2.0.10] startup
[6.809s] [ext: omni.kit.widget.filebrowser-2.13.4] startup
[6.812s] [ext: omni.kit.widget.options_menu-1.1.6] startup
[6.814s] [ext: omni.kit.widget.options_button-1.0.3] startup
[6.814s] [ext: omni.kit.widget.search_delegate-1.0.9] startup
[6.815s] [ext: omni.ui.scene-2.0.3] startup
[6.818s] [ext: omni.kit.window.filepicker-2.15.5] startup
[6.828s] [ext: omni.kit.window.file_importer-1.1.21] startup
[6.829s] [ext: omni.kit.material.library-3.1.2] startup
[6.833s] [ext: isaacsim.asset.transformer.rules-1.7.10] startup
[6.841s] [ext: omni.usdex.libs-2.2.2] startup
[6.846s] [ext: isaacsim.asset.importer.mjcf-3.10.1] startup
[6.848s] [ext: isaacsim.asset.importer.urdf-3.11.2] startup
[6.851s] [ext: omni.kit.primitive.mesh-1.1.0] startup
[6.853s] [ext: omni.kit.stage_template.core-1.1.22] startup
[6.853s] [ext: omni.kit.stage_templates-2.0.2] startup
[6.854s] [ext: omni.usd.metrics.assembler-110.1.2] startup
[6.856s] [ext: omni.warp.core-1.13.0] startup
[7.035s] [ext: isaacsim.core.experimental.utils-0.17.2] startup
[7.036s] [ext: omni.physics.stageupdate-110.1.13] startup
[7.038s] [ext: omni.physics.tensors-110.1.13] startup
[7.042s] [ext: omni.physx.tensors-110.1.13] startup
[7.045s] [ext: isaacsim.core.simulation_manager-1.15.6] startup
[7.058s] [ext: isaacsim.storage.native-1.9.3] startup
[7.059s] [ext: omni.usd.metrics.assembler.physics-110.1.13] startup
[7.060s] [ext: isaacsim.core.utils-4.1.7] startup
[7.063s] [ext: isaacsim.core.prims-0.11.7] startup
[7.933s] [ext: isaacsim.core.api-5.2.13] startup
[7.938s] [ext: isaacsim.core.cloner-1.7.3] startup
[7.939s] [ext: isaacsim.test.docstring-1.3.2] startup
[7.941s] [ext: isaacsim.core.experimental.prims-1.8.9] startup
[7.959s] [ext: isaacsim.core.experimental.primdata-0.3.2] startup
[7.960s] [ext: omni.graph.tools-1.81.0] startup
[7.978s] [ext: omni.graph-1.142.5] startup
[8.008s] [ext: isaacsim.core.experimental.actuators-0.1.2] startup
[8.021s] [ext: isaacsim.core.experimental.materials-0.7.1] startup
[8.023s] [ext: isaacsim.core.experimental.objects-0.8.1] startup
[8.074s] [ext: omni.hydra.engine.stats-1.0.5] startup
[8.076s] [ext: omni.hydra.rtx.shadercache.vulkan-1.0.0] startup
[8.077s] [ext: omni.index.libs-387500.4413.0] startup
[8.077s] [ext: omni.index-1.0.1] startup
[8.077s] [ext: omni.ujitso.client-0.0.0] startup
[8.077s] [ext: omni.usd.schema.playback-1.0.0] startup
[8.080s] [ext: omni.volume-0.5.2] startup
[8.084s] [ext: omni.hydra.rtx-1.0.4] startup
2026-10-07T08:56:53Z [8,074ms] [Warning] [omni.log] Source: omni.hydra was already registered.
[8.104s] [ext: omni.kit.hydra_texture-1.6.0] startup
[8.107s] [ext: omni.kit.raycast.query-1.2.0] startup
[8.110s] [ext: omni.kit.viewport.legacy_gizmos-1.0.24] startup
[8.112s] [ext: omni.kit.viewport.registry-104.0.6] startup
[8.112s] [ext: omni.kit.viewport.scene_camera_model-1.0.7] startup
[8.115s] [ext: omni.kit.widget.viewport-109.2.0] startup
[8.118s] [ext: omni.kit.window.drop_support-1.0.8] startup
[8.118s] [ext: omni.kit.viewport.window-109.0.2] startup
[8.132s] [ext: omni.kit.viewport.utility-2.0.1] startup
[8.133s] [ext: isaacsim.core.rendering_manager-0.4.3] startup
[8.151s] [ext: omni.graph.action_core-1.1.9] startup
[8.153s] [ext: omni.graph.action_nodes_core-2.11.0] startup
[8.155s] [ext: omni.graph.action_nodes-2.11.0] startup
[8.170s] [ext: omni.graph.action-2.10.2] startup
[8.171s] [ext: omni.graph.image.core-0.6.1] startup
[8.172s] [ext: omni.graph.image.nodes-1.3.1] startup
[8.172s] [ext: omni.graph.nodes_core-2.11.0] startup
[8.176s] [ext: omni.graph.nodes-2.12.0] startup
[8.180s] [ext: omni.kit.hotkeys.core-1.3.12] startup
[8.181s] [ext: omni.kit.property.adapter.core-1.1.1] startup
[8.183s] [ext: omni.kit.property.adapter.usd-1.0.5] startup
[8.184s] [ext: omni.kit.widget.filter-1.1.5] startup
[8.185s] [ext: omni.kit.widget.highlight_label-1.0.3] startup
[8.186s] [ext: omni.kit.widget.searchfield-1.1.8] startup
[8.187s] [ext: omni.kit.window.file_exporter-1.0.36] startup
[8.188s] [ext: omni.kit.widget.stage-4.4.0] startup
[8.195s] [ext: omni.kit.window.content_browser_registry-0.0.6] startup
[8.196s] [ext: omni.kit.window.file-2.0.10] startup
[8.198s] [ext: omni.kit.window.content_browser-3.1.8] startup
[8.207s] [ext: omni.kit.window.property-1.15.1] startup
[8.216s] [ext: omni.kit.property.usd-4.9.4] startup
[8.225s] [ext: omni.graph.scriptnode-2.10.2] startup
[8.233s] [ext: omni.kit.widget.searchable_combobox-1.0.7] startup
[8.234s] [ext: omni.kit.widget.settings-2.0.0] startup
[8.235s] [ext: omni.kit.window.preferences-1.8.3] startup
[8.240s] [ext: omni.kit.viewport.menubar.core-107.2.2] startup
[8.250s] [ext: omni.syntheticdata-0.6.15] startup
[8.273s] [ext: omni.replicator.nv-1.1.1] startup
[8.277s] [ext: omni.videoencoding-0.2.1] startup
[8.278s] [ext: omni.replicator.core-1.13.27] startup
2026-10-07T08:56:53Z [8,264ms] [Warning] [pxr.Semantics] pxr.Semantics is deprecated - please use Semantics instead
2026-10-07T08:56:53Z [8,329ms] [Warning] [omni.replicator.core.scripts.extension] No material configuration file, adding configuration to material settings directly.
[8.476s] [ext: isaacsim.core.nodes-5.10.5] startup
[8.501s] [ext: isaacsim.core.throttling-2.3.5] startup
[8.503s] [ext: omni.kit.manipulator.viewport-107.0.1] startup
[8.503s] [ext: omni.graph.visualization.nodes-2.1.4] startup
[8.515s] [ext: omni.kit.window.extensions-1.5.10] startup
[8.520s] [ext: isaacsim.gui.components-1.8.5] startup
[8.524s] [ext: isaacsim.robot.surface_gripper-3.6.2] startup
[8.533s] [ext: isaacsim.robot.manipulators-3.4.4] startup
[8.542s] [ext: isaacsim.robot_motion.lula-4.1.3] startup
[8.548s] [ext: isaacsim.robot_motion.motion_generation-8.2.9] startup
[8.552s] [ext: isaacsim.cortex.framework-1.0.18] startup
[8.553s] [ext: isaacsim.cortex.behaviors-2.0.17] startup
[8.555s] [ext: isaacsim.examples.base-1.3.2] startup
[8.556s] [ext: omni.kit.widget.zoombar-1.0.7] startup
[8.557s] [ext: omni.kit.browser.core-2.3.18] startup
[8.559s] [ext: omni.kit.browser.folder.core-2.0.2] startup
[8.562s] [ext: omni.kit.widget.stage_icons-1.0.8] startup
[8.563s] [ext: omni.kit.window.stage-2.6.1] startup
[8.566s] [ext: omni.kit.menu.stage-1.2.7] startup
[8.567s] [ext: omni.kit.usd.collect-3.0.6] startup
[8.569s] [ext: omni.kit.widget.prompt-1.0.7] startup
[8.570s] [ext: omni.kit.tool.collect-2.2.19] startup
[8.572s] [ext: isaacsim.examples.browser-0.3.2] startup
[8.573s] [ext: omni.kit.search.files-1.0.4] startup
[8.574s] [ext: omni.kit.widget.calendar-1.0.9] startup
[8.575s] [ext: omni.kit.widget.extended_searchfield-1.0.31] startup
[8.581s] [ext: omni.simready.content.browser-0.3.7] startup
[8.667s] [ext: isaacsim.gui.content_browser-0.4.3] startup
[8.669s] [ext: omni.kit.selection-0.1.6] startup
[8.670s] [ext: isaacsim.gui.menu-2.10.5] startup
[8.677s] [ext: isaacsim.gui.property-1.6.4] startup
[8.683s] [ext: omni.kit.viewport.actions-110.0.0] startup
[8.687s] [ext: omni.kit.viewport.menubar.display-107.1.3] startup
[8.688s] [ext: isaacsim.gui.sensors.icon-2.2.1] startup
[8.690s] [ext: omni.behavior.scripting.core-110.1.0] startup
[8.693s] [ext: isaacsim.replicator.behavior-1.5.4] startup
[8.693s] [ext: isaacsim.replicator.experimental.domain_randomization-1.2.5] startup
[8.707s] [ext: isaacsim.replicator.domain_randomization-1.2.2] startup
[8.773s] [ext: isaacsim.replicator.writers-1.5.4] startup
[8.795s] [ext: isaacsim.robot.experimental.wheeled_robots-0.2.11] startup
[8.815s] [ext: isaacsim.robot.policy.examples-5.2.12] startup
[8.832s] [ext: isaacsim.robot.wheeled_robots-5.2.4] startup
[8.835s] [ext: isaacsim.robot.wheeled_robots.nodes-0.1.5] startup
[8.851s] [ext: isaacsim.robot_motion.experimental.motion_generation-6.1.3] startup
[8.861s] [ext: isaacsim.robot_motion.cumotion-1.3.1] startup
[8.873s] [ext: omni.kit.numpy.common-0.1.3] startup
[8.874s] [ext: isaacsim.sensors.camera-1.7.9] startup
[8.901s] [ext: isaacsim.sensors.experimental.physics-3.0.2] startup
[8.907s] [ext: omni.sensors.net-1.0.1] startup
[8.909s] [ext: omni.sensors.nv.common-3.0.0] startup
[8.917s] [ext: omni.sensors.nv.materials-2.0.0] startup
[8.920s] [ext: omni.sensors.nv.acoustic-3.0.0] startup
[8.922s] [ext: omni.sensors.nv.ids-2.0.1] startup
[8.923s] [ext: omni.sensors.nv.lidar-3.0.0] startup
[8.926s] [ext: omni.sensors.nv.radar-3.0.0] startup
[8.928s] [ext: isaacsim.sensors.experimental.rtx-1.4.6] startup
[9.154s] [ext: isaacsim.sensors.physics.nodes-1.5.3] startup
[9.159s] [ext: isaacsim.util.debug_draw-3.2.3] startup
[9.164s] [ext: isaacsim.sensors.physx-2.5.5] startup
[9.170s] [ext: isaacsim.sensors.rtx-15.17.1] startup
[9.179s] [ext: isaacsim.simulation_app-2.18.4] startup
[9.179s] [ext: omni.anim.curve.core-1.6.0] startup
[9.187s] [ext: omni.graph.ui_nodes-2.11.1] startup
[9.207s] [ext: omni.hydra.scene_api-0.1.3] startup
[9.210s] [ext: omni.kit.manipulator.camera-110.0.0] startup
[9.213s] [ext: omni.kit.manipulator.selector-1.1.4] startup
[9.214s] [ext: omni.kit.manipulator.transform-107.0.0] startup
[9.217s] [ext: omni.kit.widget.toolbar-2.1.0] startup
[9.222s] [ext: omni.kit.manipulator.tool.snap-1.5.14] startup
[9.226s] [ext: omni.kit.viewport.manipulator.transform-107.0.4] startup
[9.227s] [ext: omni.kit.manipulator.prim.core-108.0.2] startup
[9.232s] [ext: omni.kit.manipulator.prim.usd-107.0.3] startup
[9.233s] [ext: omni.kit.manipulator.prim-108.0.0] startup
[9.233s] [ext: omni.kit.manipulator.selection-109.0.1] startup
[9.234s] [ext: omni.kit.menu.create-2.0.2] startup
[9.236s] [ext: omni.kit.property.audio-1.0.16] startup
[9.239s] [ext: omni.kit.property.camera-1.0.14] startup
[9.240s] [ext: omni.kit.property.geometry-2.1.2] startup
[9.242s] [ext: omni.kit.property.light-1.0.14] startup
2026-10-07T08:56:54Z [9,244ms] [Warning] [omni.usd] Encountered USD Warnings but USD Diagnostics are currently muted. To view USD Warnings, please set the '/persistent/app/usd/muteUsdDiagnostics' setting to false in Preferences page.
[9.269s] [ext: omni.kit.property.material-1.14.6] startup
[9.274s] [ext: omni.kit.property.render-1.2.2] startup
[9.275s] [ext: omni.kit.property.transform-1.6.9] startup
[9.278s] [ext: omni.kit.property.bundle-1.5.1] startup
[9.279s] [ext: omni.kit.usdz_export-1.1.0] startup
[9.281s] [ext: omni.kit.tool.asset_importer-6.0.1] startup
[9.286s] [ext: omni.kit.ui.actions-1.0.5] startup
[9.287s] [ext: omni.kit.viewport.menubar.camera-107.0.10] startup
[9.291s] [ext: omni.kit.viewport.menubar.lighting-107.3.2] startup
[9.293s] [ext: omni.kit.viewport.menubar.render-110.0.0] startup
[9.295s] [ext: omni.kit.viewport.menubar.settings-110.0.1] startup
[9.298s] [ext: omni.kit.window.console-1.1.9] startup
[9.301s] [ext: omni.kit.window.status_bar-0.1.11] startup
[9.303s] [ext: omni.kit.window.toolbar-3.0.3] startup
[9.305s] [ext: omni.ocio-0.1.1] startup
[9.305s] [ext: omni.physx.commands-110.1.13] startup
[9.308s] [ext: omni.replicator.replicator_yaml-2.0.12] startup
[9.317s] [ext: omni.rtx.window.settings-0.8.0] startup
[9.321s] [ext: omni.rtx.settings.core-0.7.1] startup
[9.323s] [ext: omni.usd.metrics.assembler.ui-110.1.1] startup
[9.329s] [ext: semantics.schema.editor-2.0.2] startup
[9.331s] [ext: semantics.schema.property-2.0.2] startup
[9.333s] [ext: omni.kit.menu.common-2.0.2] startup
[9.334s] [ext: isaacsim.exp.base-6.0.1] startup
[9.334s] [ext: isaacsim.exp.base.python-6.0.1] startup
[9.335s] Simulation App Starting
[10.370s] Simulation App Startup Complete
[10.375s] app ready
Starting kit application with the following args:  ['/home/starry/isaac-data/isaacsim/exts/isaacsim.simulation_app/isaacsim/simulation_app/simulation_app.py', '/home/starry/isaac-data/isaacsim/apps/isaacsim.exp.base.python.kit', '--/app/tokens/exe-path=/home/starry/isaac-data/isaacsim/kit', '--/persistent/app/viewport/displayOptions=3094', '--/rtx/materialDb/syncLoads=True', '--/rtx/hydra/materialSyncLoads=True', '--/omni/kit/plugin/syncUsdLoads=True', '--/app/renderer/resolution/width=1280', '--/app/renderer/resolution/height=720', '--/app/window/width=1440', '--/app/window/height=900', '--/renderer/multiGpu/enabled=False', '--/app/fastShutdown=True', '--/app/installSignalHandlers=0', '--ext-folder', '/home/starry/isaac-data/isaacsim/exts', '--ext-folder', '/home/starry/isaac-data/isaacsim/apps', '--/renderer/activeGpu=0', '--/physics/cudaDevice=0', '--/plugins/carb.tasking.plugin/threadCount=12', '--/plugins/omni.tbb.globalcontrol/maxThreadCount=12', '--portable', '--no-window', '--/app/window/hideUi=1']
Passing the following args to the base kit application:  []
Warp 1.13.0 initialized:
   CUDA Toolkit 12.9, Driver 13.0
   Devices:
     "cpu"      : "x86_64"
     "cuda:0"   : "NVIDIA GeForce RTX 5070" (11 GiB, sm_120, mempool enabled)
   Kernel cache:
     /home/starry/.cache/warp/1.13.0
[LIGHTING] sun=800.0 (1) dome=0.0 (1) ambient=0.05 constant_color=(0.6, 0.65, 0.7)
[RENDER] mode=MinimalRendering minimal_shading_mode=2 anti_aliasing=TAA
[DEPTH CAMERAS] count=4 resolution_each=320x240 horizontal_coverage=360deg
[ESDF] path=/home/starry/isaac-data/EGO1P5/scenes/ego_swarm_cloud/occupancy.bin shape=(400, 300, 50) resolution=0.40m
[depth_angular_controller-1] [INFO] [1791363418.055920000] [depth_angular_controller]: WAITING_ODOMETRY
[NAV] t=0.0s position=(-64.00,-11.20,2.80) yaw=1.2deg command=(0.00,0.00,0.00) manual_active=0 collision_blocks=0
[depth_angular_controller-1] [INFO] [1791363418.420235162] [depth_angular_controller]: WAITING_VERIFIED_START_POSE
[depth_angular_controller-1] [INFO] [1791363418.457004202] [depth_angular_controller]: VERIFIED_FREE_SEED center=(-64.000,-11.200,2.800) radius=2.500 balls=1: verified fixed Cloud free ball; USD and occupancy SHA-256 matched
[depth_angular_controller-1] [INFO] [1791363418.458146249] [depth_angular_controller]: ZERO_INTENT
[depth_angular_controller-1] [INFO] [1791363420.129726971] [depth_angular_controller]: OMNI_DEPTH views=4 azimuth_bins=180 elevation_bins=37 valid=1 certificates=0 short=0 held=0 local_candidates=3 yaw=31.36
[depth_angular_controller-1] [INFO] [1791363420.129813464] [depth_angular_controller]: DEPTH_PROPOSAL_CERTIFIED
[depth_angular_controller-1] [INFO] [1791363420.129819766] [depth_angular_controller]: PAPER_BUILD reason=FULL_MOTION_CERTIFICATE required=0.0000 best=0.0000 free=0 refined=0 tubes=0 revoked_tubes=0 proofs=0
[depth_angular_controller-1] [INFO] [1791363420.129826018] [depth_angular_controller]: PAPER_EVIDENCE retained=8 balls=1 revoked_balls=0 expired_views=0 evicted_views=0 radius=0.580 clearance=0.000 best_prefix=0.000
[depth_angular_controller-1] [INFO] [1791363421.266597497] [depth_angular_controller]: OMNI_DEPTH views=4 azimuth_bins=180 elevation_bins=37 valid=1 certificates=0 short=0 held=0 local_candidates=3 yaw=21.27
[depth_angular_controller-1] [INFO] [1791363421.266689830] [depth_angular_controller]: PAPER_BUILD reason=FULL_MOTION_CERTIFICATE required=0.0000 best=0.0000 free=0 refined=0 tubes=1 revoked_tubes=0 proofs=51
[depth_angular_controller-1] [INFO] [1791363421.266699769] [depth_angular_controller]: PAPER_EVIDENCE retained=12 balls=4 revoked_balls=0 expired_views=0 evicted_views=0 radius=0.580 clearance=0.000 best_prefix=0.000
[10.904s] [ext: isaacsim.sensors.rtx.nodes-0.1.2] startup
[10.912s] [ext: isaacsim.ros2.core-1.9.4] startup
[10.926s] Attempting to load system rclpy
[10.926s] Could not import system rclpy: No module named 'rclpy'
[10.926s] Attempting to load internal rclpy for ROS Distro: humble
[10.937s] rclpy loaded
[10.940s] [ext: isaacsim.ros2.nodes-1.18.13] startup
[10.974s] [ext: isaacsim.ros2.examples-1.2.4] startup
[10.979s] [ext: isaacsim.ros2.ui-1.6.5] startup
[11.188s] [ext: isaacsim.ros2.bridge-5.1.2] startup
2026-10-07T08:56:58Z [13,115ms] [Warning] [omni.timeline.plugin] Deprecated: direct use of ITimeline callbacks is deprecated. Use ITimeline::getTimeline (Python: omni.timeline.get_timeline_interface) instead.
[depth_angular_controller-1] [INFO] [1791363422.294591038] [depth_angular_controller]: OMNI_DEPTH views=4 azimuth_bins=180 elevation_bins=37 valid=1 certificates=0 short=0 held=0 local_candidates=3 yaw=8.86
[depth_angular_controller-1] [INFO] [1791363422.294806603] [depth_angular_controller]: PAPER_BUILD reason=FULL_MOTION_CERTIFICATE required=0.0000 best=0.0000 free=0 refined=0 tubes=4 revoked_tubes=0 proofs=107
[depth_angular_controller-1] [INFO] [1791363422.294817934] [depth_angular_controller]: PAPER_EVIDENCE retained=16 balls=15 revoked_balls=0 expired_views=0 evicted_views=0 radius=0.580 clearance=0.000 best_prefix=0.000
[position_cmd_to_twist-2] [INFO] [1791363423.241222895] [position_cmd_to_twist]: [PERF BRIDGE] run=p5_six_final_20261007_baseline_ego1p5_2 elapsed=18.43s received=295 published=295 fps(ros/wall)=60.00/62.03 controller_to_bridge_ms(mean/p50/p95/max)=0.000/0.000/0.000/0.000 bridge_process_ms(mean/p95/max)=0.090/0.118/0.435
[NAV] t=5.0s position=(-60.37,-10.16,2.95) yaw=9.7deg command=(1.97,0.34,-0.03) manual_active=1 collision_blocks=0
[depth_angular_controller-1] [INFO] [1791363423.316183259] [depth_angular_controller]: OMNI_DEPTH views=4 azimuth_bins=180 elevation_bins=37 valid=1 certificates=0 short=0 held=0 local_candidates=3 yaw=19.34
[depth_angular_controller-1] [INFO] [1791363423.317207033] [depth_angular_controller]: PAPER_BUILD reason=FULL_MOTION_CERTIFICATE required=0.0000 best=0.0000 free=0 refined=0 tubes=8 revoked_tubes=0 proofs=128
[depth_angular_controller-1] [INFO] [1791363423.317226530] [depth_angular_controller]: PAPER_EVIDENCE retained=16 balls=30 revoked_balls=0 expired_views=0 evicted_views=4 radius=0.580 clearance=0.000 best_prefix=0.000
[depth_angular_controller-1] [INFO] [1791363423.428125203] [depth_angular_controller]: [PERF CTRL] run=p5_six_final_20261007_baseline_ego1p5_2 elapsed=18.73s callbacks=309 commands=308 guidance=188 command_fps(ros/wall)=60.00/61.30 guidance_wall_fps=56.68 avoid_ms(mean/p50/p95/max)=1.267/1.004/3.040/5.947 cycle_ms(mean/p95/max)=16.312/20.188/76.088 depth_to_cmd_ms(mean/p95/max)=58.511/100.000/100.000 callback_to_publish_ms(mean/p95/max)=2.051/6.930/13.869
[depth_angular_controller-1] [INFO] [1791363423.428189484] [depth_angular_controller]: EVIDENCE_COST ingest(mean/p95/max)=1.193/5.771/13.391 record=0.010/0.016/0.068 ms
[depth_angular_controller-1] [INFO] [1791363423.428196537] [depth_angular_controller]: EVIDENCE_PHASE per_view_mean_ms balls=0.069 tubes=0.009 history=0.193 eviction=0.000
[depth_angular_controller-1] [INFO] [1791363424.273584004] [depth_angular_controller]: OMNI_DEPTH views=4 azimuth_bins=180 elevation_bins=37 valid=1 certificates=0 short=0 held=0 local_candidates=2 yaw=8.81
[depth_angular_controller-1] [INFO] [1791363424.273862398] [depth_angular_controller]: PAPER_BUILD reason=FULL_MOTION_CERTIFICATE required=0.0000 best=0.0000 free=0 refined=0 tubes=12 revoked_tubes=0 proofs=128
[depth_angular_controller-1] [INFO] [1791363424.273870052] [depth_angular_controller]: PAPER_EVIDENCE retained=16 balls=32 revoked_balls=0 expired_views=0 evicted_views=8 radius=0.580 clearance=0.000 best_prefix=0.000
[depth_angular_controller-1] [INFO] [1791363425.351754053] [depth_angular_controller]: OMNI_DEPTH views=4 azimuth_bins=180 elevation_bins=37 valid=1 certificates=0 short=0 held=0 local_candidates=1 yaw=9.69
[depth_angular_controller-1] [INFO] [1791363425.352062783] [depth_angular_controller]: PAPER_BUILD reason=FULL_MOTION_CERTIFICATE required=0.0000 best=0.0000 free=0 refined=0 tubes=16 revoked_tubes=0 proofs=128
[depth_angular_controller-1] [INFO] [1791363425.352070027] [depth_angular_controller]: PAPER_EVIDENCE retained=16 balls=32 revoked_balls=0 expired_views=0 evicted_views=12 radius=0.580 clearance=0.000 best_prefix=0.000
[depth_angular_controller-1] [INFO] [1791363426.555066033] [depth_angular_controller]: OMNI_DEPTH views=4 azimuth_bins=180 elevation_bins=37 valid=1 certificates=0 short=0 held=0 local_candidates=3 yaw=8.80
[depth_angular_controller-1] [INFO] [1791363426.555370094] [depth_angular_controller]: PAPER_BUILD reason=FULL_MOTION_CERTIFICATE required=0.0000 best=0.0000 free=0 refined=0 tubes=20 revoked_tubes=0 proofs=128
[depth_angular_controller-1] [INFO] [1791363426.555377368] [depth_angular_controller]: PAPER_EVIDENCE retained=16 balls=32 revoked_balls=0 expired_views=0 evicted_views=16 radius=0.580 clearance=0.000 best_prefix=0.000
[depth_angular_controller-1] [INFO] [1791363427.583341774] [depth_angular_controller]: OMNI_DEPTH views=4 azimuth_bins=180 elevation_bins=37 valid=1 certificates=0 short=0 held=0 local_candidates=2 yaw=-3.48
[depth_angular_controller-1] [INFO] [1791363427.583583999] [depth_angular_controller]: PAPER_BUILD reason=FULL_MOTION_CERTIFICATE required=0.0000 best=0.0000 free=0 refined=0 tubes=24 revoked_tubes=0 proofs=128
[depth_angular_controller-1] [INFO] [1791363427.583590071] [depth_angular_controller]: PAPER_EVIDENCE retained=16 balls=32 revoked_balls=0 expired_views=0 evicted_views=20 radius=0.580 clearance=0.000 best_prefix=0.000
[depth_angular_controller-1] [INFO] [1791363428.428229863] [depth_angular_controller]: [PERF CTRL] run=p5_six_final_20261007_baseline_ego1p5_2 elapsed=23.73s callbacks=591 commands=590 guidance=470 command_fps(ros/wall)=60.00/58.85 guidance_wall_fps=56.51 avoid_ms(mean/p50/p95/max)=1.393/1.198/3.161/9.333 cycle_ms(mean/p95/max)=16.991/21.333/81.716 depth_to_cmd_ms(mean/p95/max)=52.695/100.000/100.000 callback_to_publish_ms(mean/p95/max)=2.885/8.278/17.449
[depth_angular_controller-1] [INFO] [1791363428.428307569] [depth_angular_controller]: EVIDENCE_COST ingest(mean/p95/max)=1.682/6.742/13.391 record=0.019/0.019/0.499 ms
[depth_angular_controller-1] [INFO] [1791363428.428314252] [depth_angular_controller]: EVIDENCE_PHASE per_view_mean_ms balls=0.081 tubes=0.045 history=0.270 eviction=0.000
[position_cmd_to_twist-2] [INFO] [1791363428.521942088] [position_cmd_to_twist]: [PERF BRIDGE] run=p5_six_final_20261007_baseline_ego1p5_2 elapsed=23.72s received=595 published=595 fps(ros/wall)=60.00/58.87 controller_to_bridge_ms(mean/p50/p95/max)=0.028/0.000/0.000/16.667 bridge_process_ms(mean/p95/max)=0.089/0.114/0.435
[NAV] t=10.0s position=(-50.56,-8.82,2.46) yaw=9.9deg command=(1.98,-0.18,-0.12) manual_active=1 collision_blocks=0
[depth_angular_controller-1] [INFO] [1791363428.664466926] [depth_angular_controller]: OMNI_DEPTH views=4 azimuth_bins=180 elevation_bins=37 valid=1 certificates=0 short=0 held=0 local_candidates=3 yaw=-7.91
[depth_angular_controller-1] [INFO] [1791363428.664726274] [depth_angular_controller]: PAPER_BUILD reason=FULL_MOTION_CERTIFICATE required=0.0000 best=0.0000 free=0 refined=0 tubes=28 revoked_tubes=0 proofs=128
[depth_angular_controller-1] [INFO] [1791363428.664734269] [depth_angular_controller]: PAPER_EVIDENCE retained=16 balls=32 revoked_balls=0 expired_views=0 evicted_views=24 radius=0.580 clearance=0.000 best_prefix=0.000
[depth_angular_controller-1] [INFO] [1791363429.749830794] [depth_angular_controller]: OMNI_DEPTH views=4 azimuth_bins=180 elevation_bins=37 valid=1 certificates=0 short=0 held=0 local_candidates=2 yaw=-9.24
[depth_angular_controller-1] [INFO] [1791363429.750081576] [depth_angular_controller]: PAPER_BUILD reason=FULL_MOTION_CERTIFICATE required=0.0000 best=0.0000 free=0 refined=0 tubes=32 revoked_tubes=0 proofs=128
[depth_angular_controller-1] [INFO] [1791363429.750086826] [depth_angular_controller]: PAPER_EVIDENCE retained=16 balls=32 revoked_balls=0 expired_views=0 evicted_views=28 radius=0.580 clearance=0.000 best_prefix=0.000
[depth_angular_controller-1] [INFO] [1791363430.774495430] [depth_angular_controller]: OMNI_DEPTH views=4 azimuth_bins=180 elevation_bins=37 valid=1 certificates=0 short=0 held=0 local_candidates=2 yaw=-19.16
[depth_angular_controller-1] [INFO] [1791363430.774804080] [depth_angular_controller]: PAPER_BUILD reason=FULL_MOTION_CERTIFICATE required=0.0000 best=0.0000 free=0 refined=0 tubes=36 revoked_tubes=0 proofs=128
[depth_angular_controller-1] [INFO] [1791363430.774818046] [depth_angular_controller]: PAPER_EVIDENCE retained=16 balls=32 revoked_balls=0 expired_views=0 evicted_views=32 radius=0.580 clearance=0.000 best_prefix=0.000
[depth_angular_controller-1] [INFO] [1791363431.801519980] [depth_angular_controller]: OMNI_DEPTH views=4 azimuth_bins=180 elevation_bins=37 valid=1 certificates=0 short=0 held=0 local_candidates=3 yaw=11.88
[depth_angular_controller-1] [INFO] [1791363431.801772725] [depth_angular_controller]: PAPER_BUILD reason=FULL_MOTION_CERTIFICATE required=0.0000 best=0.0000 free=0 refined=0 tubes=40 revoked_tubes=0 proofs=128
[depth_angular_controller-1] [INFO] [1791363431.801777854] [depth_angular_controller]: PAPER_EVIDENCE retained=16 balls=32 revoked_balls=0 expired_views=0 evicted_views=36 radius=0.580 clearance=0.000 best_prefix=0.000
[depth_angular_controller-1] [INFO] [1791363432.750560153] [depth_angular_controller]: OMNI_DEPTH views=4 azimuth_bins=180 elevation_bins=37 valid=1 certificates=0 short=0 held=0 local_candidates=3 yaw=33.17
[depth_angular_controller-1] [INFO] [1791363432.750856320] [depth_angular_controller]: PAPER_BUILD reason=FULL_MOTION_CERTIFICATE required=0.0000 best=0.0000 free=0 refined=0 tubes=45 revoked_tubes=0 proofs=128
[depth_angular_controller-1] [INFO] [1791363432.750871478] [depth_angular_controller]: PAPER_EVIDENCE retained=16 balls=32 revoked_balls=0 expired_views=0 evicted_views=40 radius=0.580 clearance=0.000 best_prefix=0.000
[depth_angular_controller-1] [INFO] [1791363433.435622028] [depth_angular_controller]: [PERF CTRL] run=p5_six_final_20261007_baseline_ego1p5_2 elapsed=28.74s callbacks=880 commands=879 guidance=759 command_fps(ros/wall)=59.66/58.47 guidance_wall_fps=56.96 avoid_ms(mean/p50/p95/max)=1.815/1.402/4.247/38.362 cycle_ms(mean/p95/max)=17.102/22.816/81.716 depth_to_cmd_ms(mean/p95/max)=49.012/83.333/100.000 callback_to_publish_ms(mean/p95/max)=3.506/9.167/43.881
[depth_angular_controller-1] [INFO] [1791363433.435788231] [depth_angular_controller]: EVIDENCE_COST ingest(mean/p95/max)=1.841/7.092/13.391 record=0.017/0.019/0.499 ms
[depth_angular_controller-1] [INFO] [1791363433.435799883] [depth_angular_controller]: EVIDENCE_PHASE per_view_mean_ms balls=0.087 tubes=0.065 history=0.283 eviction=0.001
[position_cmd_to_twist-2] [INFO] [1791363433.687099383] [position_cmd_to_twist]: [PERF BRIDGE] run=p5_six_final_20261007_baseline_ego1p5_2 elapsed=28.88s received=890 published=890 fps(ros/wall)=59.66/58.27 controller_to_bridge_ms(mean/p50/p95/max)=0.169/0.000/0.000/50.000 bridge_process_ms(mean/p95/max)=0.089/0.113/0.435
[NAV] t=15.0s position=(-41.14,-8.60,3.24) yaw=10.7deg command=(1.80,0.81,0.27) manual_active=1 collision_blocks=0
[depth_angular_controller-1] [INFO] [1791363433.768981505] [depth_angular_controller]: OMNI_DEPTH views=4 azimuth_bins=180 elevation_bins=37 valid=1 certificates=0 short=0 held=0 local_candidates=1 yaw=10.67
[depth_angular_controller-1] [INFO] [1791363433.769256632] [depth_angular_controller]: PAPER_BUILD reason=FULL_MOTION_CERTIFICATE required=0.0000 best=0.0000 free=0 refined=0 tubes=49 revoked_tubes=0 proofs=128
[depth_angular_controller-1] [INFO] [1791363433.769261862] [depth_angular_controller]: PAPER_EVIDENCE retained=16 balls=32 revoked_balls=0 expired_views=0 evicted_views=44 radius=0.580 clearance=0.000 best_prefix=0.000
[depth_angular_controller-1] [INFO] [1791363434.773066845] [depth_angular_controller]: OMNI_DEPTH views=4 azimuth_bins=180 elevation_bins=37 valid=1 certificates=0 short=0 held=0 local_candidates=3 yaw=2.58
[depth_angular_controller-1] [INFO] [1791363434.773424518] [depth_angular_controller]: PAPER_BUILD reason=FULL_MOTION_CERTIFICATE required=0.0000 best=0.0000 free=0 refined=0 tubes=53 revoked_tubes=0 proofs=128
[depth_angular_controller-1] [INFO] [1791363434.773431912] [depth_angular_controller]: PAPER_EVIDENCE retained=16 balls=32 revoked_balls=0 expired_views=0 evicted_views=46 radius=0.580 clearance=0.000 best_prefix=0.000
[depth_angular_controller-1] [INFO] [1791363435.863405623] [depth_angular_controller]: OMNI_DEPTH views=4 azimuth_bins=180 elevation_bins=37 valid=1 certificates=0 short=0 held=0 local_candidates=3 yaw=-8.63
[depth_angular_controller-1] [INFO] [1791363435.863654721] [depth_angular_controller]: PAPER_BUILD reason=FULL_MOTION_CERTIFICATE required=0.0000 best=0.0000 free=0 refined=0 tubes=57 revoked_tubes=0 proofs=128
[depth_angular_controller-1] [INFO] [1791363435.863661003] [depth_angular_controller]: PAPER_EVIDENCE retained=16 balls=32 revoked_balls=0 expired_views=0 evicted_views=50 radius=0.580 clearance=0.000 best_prefix=0.000
[depth_angular_controller-1] [INFO] [1791363436.941575581] [depth_angular_controller]: OMNI_DEPTH views=4 azimuth_bins=180 elevation_bins=37 valid=1 certificates=0 short=0 held=0 local_candidates=3 yaw=-22.36
[depth_angular_controller-1] [INFO] [1791363436.941900682] [depth_angular_controller]: PAPER_BUILD reason=FULL_MOTION_CERTIFICATE required=0.0000 best=0.0000 free=0 refined=0 tubes=61 revoked_tubes=0 proofs=128
[depth_angular_controller-1] [INFO] [1791363436.941908938] [depth_angular_controller]: PAPER_EVIDENCE retained=16 balls=32 revoked_balls=0 expired_views=0 evicted_views=53 radius=0.580 clearance=0.000 best_prefix=0.000
[depth_angular_controller-1] [INFO] [1791363437.966816981] [depth_angular_controller]: OMNI_DEPTH views=4 azimuth_bins=180 elevation_bins=37 valid=1 certificates=0 short=0 held=0 local_candidates=3 yaw=-12.71
[depth_angular_controller-1] [INFO] [1791363437.967134688] [depth_angular_controller]: PAPER_BUILD reason=FULL_MOTION_CERTIFICATE required=0.0000 best=0.0000 free=0 refined=0 tubes=65 revoked_tubes=0 proofs=128
[depth_angular_controller-1] [INFO] [1791363437.967142252] [depth_angular_controller]: PAPER_EVIDENCE retained=16 balls=32 revoked_balls=0 expired_views=0 evicted_views=56 radius=0.580 clearance=0.000 best_prefix=0.000
[depth_angular_controller-1] [INFO] [1791363438.450017646] [depth_angular_controller]: [PERF CTRL] run=p5_six_final_20261007_baseline_ego1p5_2 elapsed=33.75s callbacks=1167 commands=1166 guidance=1046 command_fps(ros/wall)=59.74/58.16 guidance_wall_fps=57.04 avoid_ms(mean/p50/p95/max)=1.883/1.275/4.902/38.362 cycle_ms(mean/p95/max)=17.193/22.434/82.609 depth_to_cmd_ms(mean/p95/max)=46.670/83.333/100.000 callback_to_publish_ms(mean/p95/max)=3.593/9.167/43.881
[depth_angular_controller-1] [INFO] [1791363438.450140677] [depth_angular_controller]: EVIDENCE_COST ingest(mean/p95/max)=1.798/6.560/13.391 record=0.017/0.020/0.499 ms
[depth_angular_controller-1] [INFO] [1791363438.450147740] [depth_angular_controller]: EVIDENCE_PHASE per_view_mean_ms balls=0.083 tubes=0.056 history=0.285 eviction=0.001
[position_cmd_to_twist-2] [INFO] [1791363438.848045254] [position_cmd_to_twist]: [PERF BRIDGE] run=p5_six_final_20261007_baseline_ego1p5_2 elapsed=34.04s received=1190 published=1190 fps(ros/wall)=59.75/58.25 controller_to_bridge_ms(mean/p50/p95/max)=0.140/0.000/0.000/50.000 bridge_process_ms(mean/p95/max)=0.089/0.114/0.590
[NAV] t=20.0s position=(-31.62,-9.57,4.31) yaw=12.3deg command=(1.96,-0.35,0.01) manual_active=1 collision_blocks=0
[depth_angular_controller-1] [INFO] [1791363438.930646788] [depth_angular_controller]: OMNI_DEPTH views=4 azimuth_bins=180 elevation_bins=37 valid=1 certificates=0 short=0 held=0 local_candidates=2 yaw=-7.37
[depth_angular_controller-1] [INFO] [1791363438.930941151] [depth_angular_controller]: PAPER_BUILD reason=FULL_MOTION_CERTIFICATE required=0.0000 best=0.0000 free=0 refined=0 tubes=69 revoked_tubes=0 proofs=128
[depth_angular_controller-1] [INFO] [1791363438.930948235] [depth_angular_controller]: PAPER_EVIDENCE retained=16 balls=32 revoked_balls=0 expired_views=0 evicted_views=60 radius=0.580 clearance=0.000 best_prefix=0.000
[depth_angular_controller-1] [INFO] [1791363440.090569215] [depth_angular_controller]: OMNI_DEPTH views=4 azimuth_bins=180 elevation_bins=37 valid=1 certificates=0 short=0 held=0 local_candidates=1 yaw=12.61
[depth_angular_controller-1] [INFO] [1791363440.090881462] [depth_angular_controller]: PAPER_BUILD reason=FULL_MOTION_CERTIFICATE required=0.0000 best=0.0000 free=0 refined=0 tubes=73 revoked_tubes=0 proofs=128
[depth_angular_controller-1] [INFO] [1791363440.090896700] [depth_angular_controller]: PAPER_EVIDENCE retained=16 balls=32 revoked_balls=0 expired_views=0 evicted_views=64 radius=0.580 clearance=0.000 best_prefix=0.000
[depth_angular_controller-1] [INFO] [1791363441.236736592] [depth_angular_controller]: OMNI_DEPTH views=4 azimuth_bins=180 elevation_bins=37 valid=1 certificates=0 short=0 held=0 local_candidates=1 yaw=12.66
[depth_angular_controller-1] [INFO] [1791363441.237042797] [depth_angular_controller]: PAPER_BUILD reason=FULL_MOTION_CERTIFICATE required=0.0000 best=0.0000 free=0 refined=0 tubes=77 revoked_tubes=0 proofs=128
[depth_angular_controller-1] [INFO] [1791363441.237068175] [depth_angular_controller]: PAPER_EVIDENCE retained=16 balls=32 revoked_balls=0 expired_views=0 evicted_views=68 radius=0.580 clearance=0.000 best_prefix=0.000
[depth_angular_controller-1] [INFO] [1791363442.286862146] [depth_angular_controller]: OMNI_DEPTH views=4 azimuth_bins=180 elevation_bins=37 valid=1 certificates=0 short=0 held=0 local_candidates=2 yaw=13.14
[depth_angular_controller-1] [INFO] [1791363442.287173361] [depth_angular_controller]: PAPER_BUILD reason=FULL_MOTION_CERTIFICATE required=0.0000 best=0.0000 free=0 refined=0 tubes=81 revoked_tubes=0 proofs=128
[depth_angular_controller-1] [INFO] [1791363442.287184582] [depth_angular_controller]: PAPER_EVIDENCE retained=16 balls=32 revoked_balls=0 expired_views=0 evicted_views=72 radius=0.580 clearance=0.000 best_prefix=0.000
[depth_angular_controller-1] [INFO] [1791363443.374173344] [depth_angular_controller]: OMNI_DEPTH views=4 azimuth_bins=180 elevation_bins=37 valid=1 certificates=0 short=0 held=0 local_candidates=2 yaw=33.94
[depth_angular_controller-1] [INFO] [1791363443.374497022] [depth_angular_controller]: PAPER_BUILD reason=FULL_MOTION_CERTIFICATE required=0.0000 best=0.0000 free=0 refined=0 tubes=85 revoked_tubes=0 proofs=128
[depth_angular_controller-1] [INFO] [1791363443.374504817] [depth_angular_controller]: PAPER_EVIDENCE retained=16 balls=32 revoked_balls=0 expired_views=0 evicted_views=76 radius=0.580 clearance=0.000 best_prefix=0.000
[depth_angular_controller-1] [INFO] [1791363443.458065734] [depth_angular_controller]: [PERF CTRL] run=p5_six_final_20261007_baseline_ego1p5_2 elapsed=38.76s callbacks=1442 commands=1441 guidance=1321 command_fps(ros/wall)=59.79/57.51 guidance_wall_fps=56.58 avoid_ms(mean/p50/p95/max)=1.768/1.298/4.379/38.362 cycle_ms(mean/p95/max)=17.387/22.434/82.779 depth_to_cmd_ms(mean/p95/max)=45.105/83.333/100.000 callback_to_publish_ms(mean/p95/max)=3.579/8.631/43.881
[depth_angular_controller-1] [INFO] [1791363443.458211037] [depth_angular_controller]: EVIDENCE_COST ingest(mean/p95/max)=1.854/6.449/13.391 record=0.016/0.020/0.499 ms
[depth_angular_controller-1] [INFO] [1791363443.458221356] [depth_angular_controller]: EVIDENCE_PHASE per_view_mean_ms balls=0.085 tubes=0.053 history=0.299 eviction=0.001
[position_cmd_to_twist-2] [INFO] [1791363444.324253441] [position_cmd_to_twist]: [PERF BRIDGE] run=p5_six_final_20261007_baseline_ego1p5_2 elapsed=39.52s received=1490 published=1490 fps(ros/wall)=59.80/57.51 controller_to_bridge_ms(mean/p50/p95/max)=0.112/0.000/0.000/50.000 bridge_process_ms(mean/p95/max)=0.089/0.114/0.590
[NAV] t=25.0s position=(-22.20,-7.37,3.68) yaw=12.2deg command=(1.56,1.23,-0.19) manual_active=1 collision_blocks=0
[depth_angular_controller-1] [INFO] [1791363444.409414506] [depth_angular_controller]: OMNI_DEPTH views=4 azimuth_bins=180 elevation_bins=37 valid=1 certificates=0 short=0 held=0 local_candidates=3 yaw=40.18
[depth_angular_controller-1] [INFO] [1791363444.409769873] [depth_angular_controller]: PAPER_BUILD reason=FULL_MOTION_CERTIFICATE required=0.0000 best=0.0000 free=0 refined=0 tubes=89 revoked_tubes=0 proofs=128
[depth_angular_controller-1] [INFO] [1791363444.409776877] [depth_angular_controller]: PAPER_EVIDENCE retained=16 balls=32 revoked_balls=0 expired_views=0 evicted_views=80 radius=0.580 clearance=0.000 best_prefix=0.000
[depth_angular_controller-1] [INFO] [1791363445.355412021] [depth_angular_controller]: OMNI_DEPTH views=4 azimuth_bins=180 elevation_bins=37 valid=1 certificates=0 short=0 held=0 local_candidates=3 yaw=41.26
[depth_angular_controller-1] [INFO] [1791363445.356169574] [depth_angular_controller]: PAPER_BUILD reason=FULL_MOTION_CERTIFICATE required=0.0000 best=0.0000 free=0 refined=0 tubes=93 revoked_tubes=0 proofs=128
[depth_angular_controller-1] [INFO] [1791363445.356184823] [depth_angular_controller]: PAPER_EVIDENCE retained=16 balls=32 revoked_balls=0 expired_views=0 evicted_views=84 radius=0.580 clearance=0.000 best_prefix=0.000
[depth_angular_controller-1] [INFO] [1791363446.307243029] [depth_angular_controller]: OMNI_DEPTH views=4 azimuth_bins=180 elevation_bins=37 valid=1 certificates=0 short=0 held=0 local_candidates=2 yaw=40.41
[depth_angular_controller-1] [INFO] [1791363446.307524468] [depth_angular_controller]: PAPER_BUILD reason=FULL_MOTION_CERTIFICATE required=0.0000 best=0.0000 free=0 refined=0 tubes=97 revoked_tubes=0 proofs=128
[depth_angular_controller-1] [INFO] [1791363446.307538845] [depth_angular_controller]: PAPER_EVIDENCE retained=16 balls=32 revoked_balls=0 expired_views=0 evicted_views=88 radius=0.580 clearance=0.000 best_prefix=0.000
[depth_angular_controller-1] [INFO] [1791363447.263949439] [depth_angular_controller]: OMNI_DEPTH views=4 azimuth_bins=180 elevation_bins=37 valid=1 certificates=0 short=0 held=0 local_candidates=2 yaw=9.45
[depth_angular_controller-1] [INFO] [1791363447.264270513] [depth_angular_controller]: PAPER_BUILD reason=FULL_MOTION_CERTIFICATE required=0.0000 best=0.0000 free=0 refined=0 tubes=101 revoked_tubes=0 proofs=128
[depth_angular_controller-1] [INFO] [1791363447.264278097] [depth_angular_controller]: PAPER_EVIDENCE retained=16 balls=32 revoked_balls=0 expired_views=0 evicted_views=92 radius=0.580 clearance=0.000 best_prefix=0.000
[depth_angular_controller-1] [INFO] [1791363448.276867309] [depth_angular_controller]: OMNI_DEPTH views=4 azimuth_bins=180 elevation_bins=37 valid=1 certificates=0 short=0 held=0 local_candidates=3 yaw=8.91
[depth_angular_controller-1] [INFO] [1791363448.277522380] [depth_angular_controller]: PAPER_BUILD reason=FULL_MOTION_CERTIFICATE required=0.0000 best=0.0000 free=0 refined=0 tubes=105 revoked_tubes=0 proofs=128
[depth_angular_controller-1] [INFO] [1791363448.277537278] [depth_angular_controller]: PAPER_EVIDENCE retained=16 balls=32 revoked_balls=0 expired_views=0 evicted_views=96 radius=0.580 clearance=0.000 best_prefix=0.000
[depth_angular_controller-1] [INFO] [1791363448.470810719] [depth_angular_controller]: [PERF CTRL] run=p5_six_final_20261007_baseline_ego1p5_2 elapsed=43.77s callbacks=1749 commands=1748 guidance=1628 command_fps(ros/wall)=59.83/58.14 guidance_wall_fps=57.41 avoid_ms(mean/p50/p95/max)=1.935/1.409/4.998/38.362 cycle_ms(mean/p95/max)=17.201/23.059/82.779 depth_to_cmd_ms(mean/p95/max)=47.133/83.333/100.000 callback_to_publish_ms(mean/p95/max)=3.802/10.088/43.881
[depth_angular_controller-1] [INFO] [1791363448.470967644] [depth_angular_controller]: EVIDENCE_COST ingest(mean/p95/max)=1.887/7.164/13.391 record=0.017/0.020/0.499 ms
[depth_angular_controller-1] [INFO] [1791363448.470975248] [depth_angular_controller]: EVIDENCE_PHASE per_view_mean_ms balls=0.088 tubes=0.059 history=0.297 eviction=0.001
[position_cmd_to_twist-2] [INFO] [1791363449.217987588] [position_cmd_to_twist]: [PERF BRIDGE] run=p5_six_final_20261007_baseline_ego1p5_2 elapsed=44.41s received=1790 published=1790 fps(ros/wall)=59.83/58.12 controller_to_bridge_ms(mean/p50/p95/max)=0.102/0.000/0.000/50.000 bridge_process_ms(mean/p95/max)=0.092/0.115/1.523
[NAV] t=30.0s position=(-13.96,-2.32,3.54) yaw=9.8deg command=(1.99,0.06,0.07) manual_active=1 collision_blocks=0
[depth_angular_controller-1] [INFO] [1791363449.296580118] [depth_angular_controller]: OMNI_DEPTH views=4 azimuth_bins=180 elevation_bins=37 valid=1 certificates=0 short=0 held=0 local_candidates=3 yaw=-3.25
[depth_angular_controller-1] [INFO] [1791363449.296857309] [depth_angular_controller]: PAPER_BUILD reason=FULL_MOTION_CERTIFICATE required=0.0000 best=0.0000 free=0 refined=0 tubes=110 revoked_tubes=0 proofs=128
[depth_angular_controller-1] [INFO] [1791363449.296863681] [depth_angular_controller]: PAPER_EVIDENCE retained=16 balls=32 revoked_balls=0 expired_views=0 evicted_views=100 radius=0.580 clearance=0.000 best_prefix=0.000
[depth_angular_controller-1] [INFO] [1791363450.247651839] [depth_angular_controller]: OMNI_DEPTH views=4 azimuth_bins=180 elevation_bins=37 valid=1 certificates=0 short=0 held=0 local_candidates=1 yaw=10.14
[depth_angular_controller-1] [INFO] [1791363450.247989463] [depth_angular_controller]: PAPER_BUILD reason=FULL_MOTION_CERTIFICATE required=0.0000 best=0.0000 free=0 refined=0 tubes=114 revoked_tubes=0 proofs=128
[depth_angular_controller-1] [INFO] [1791363450.248000374] [depth_angular_controller]: PAPER_EVIDENCE retained=16 balls=32 revoked_balls=0 expired_views=0 evicted_views=104 radius=0.580 clearance=0.000 best_prefix=0.000
[depth_angular_controller-1] [INFO] [1791363451.202757611] [depth_angular_controller]: OMNI_DEPTH views=4 azimuth_bins=180 elevation_bins=37 valid=1 certificates=0 short=0 held=0 local_candidates=2 yaw=-12.18
[depth_angular_controller-1] [INFO] [1791363451.203486641] [depth_angular_controller]: PAPER_BUILD reason=FULL_MOTION_CERTIFICATE required=0.0000 best=0.0000 free=0 refined=0 tubes=118 revoked_tubes=0 proofs=128
[depth_angular_controller-1] [INFO] [1791363451.203505918] [depth_angular_controller]: PAPER_EVIDENCE retained=16 balls=32 revoked_balls=0 expired_views=0 evicted_views=108 radius=0.580 clearance=0.000 best_prefix=0.000
[depth_angular_controller-1] [INFO] [1791363452.292449463] [depth_angular_controller]: OMNI_DEPTH views=4 azimuth_bins=180 elevation_bins=37 valid=1 certificates=0 short=0 held=0 local_candidates=3 yaw=-18.97
[depth_angular_controller-1] [INFO] [1791363452.292778421] [depth_angular_controller]: PAPER_BUILD reason=FULL_MOTION_CERTIFICATE required=0.0000 best=0.0000 free=0 refined=0 tubes=122 revoked_tubes=0 proofs=128
[depth_angular_controller-1] [INFO] [1791363452.292790965] [depth_angular_controller]: PAPER_EVIDENCE retained=16 balls=32 revoked_balls=0 expired_views=0 evicted_views=112 radius=0.580 clearance=0.000 best_prefix=0.000
[depth_angular_controller-1] [INFO] [1791363453.308833436] [depth_angular_controller]: OMNI_DEPTH views=4 azimuth_bins=180 elevation_bins=37 valid=1 certificates=0 short=0 held=0 local_candidates=3 yaw=-20.98
[depth_angular_controller-1] [INFO] [1791363453.309782039] [depth_angular_controller]: PAPER_BUILD reason=FULL_MOTION_CERTIFICATE required=0.0000 best=0.0000 free=0 refined=0 tubes=126 revoked_tubes=0 proofs=128
[depth_angular_controller-1] [INFO] [1791363453.309803239] [depth_angular_controller]: PAPER_EVIDENCE retained=16 balls=32 revoked_balls=0 expired_views=0 evicted_views=116 radius=0.580 clearance=0.000 best_prefix=0.000
[depth_angular_controller-1] [INFO] [1791363453.487643326] [depth_angular_controller]: [PERF CTRL] run=p5_six_final_20261007_baseline_ego1p5_2 elapsed=48.79s callbacks=2048 commands=2047 guidance=1927 command_fps(ros/wall)=59.85/58.35 guidance_wall_fps=57.74 avoid_ms(mean/p50/p95/max)=1.816/1.308/4.599/38.362 cycle_ms(mean/p95/max)=17.139/22.754/82.779 depth_to_cmd_ms(mean/p95/max)=47.838/100.000/100.000 callback_to_publish_ms(mean/p95/max)=3.679/9.749/43.881
[depth_angular_controller-1] [INFO] [1791363453.487812063] [depth_angular_controller]: EVIDENCE_COST ingest(mean/p95/max)=1.858/6.843/13.391 record=0.017/0.020/0.499 ms
[depth_angular_controller-1] [INFO] [1791363453.487817654] [depth_angular_controller]: EVIDENCE_PHASE per_view_mean_ms balls=0.085 tubes=0.059 history=0.293 eviction=0.001
[position_cmd_to_twist-2] [INFO] [1791363454.184127497] [position_cmd_to_twist]: [PERF BRIDGE] run=p5_six_final_20261007_baseline_ego1p5_2 elapsed=49.38s received=2090 published=2090 fps(ros/wall)=59.86/58.44 controller_to_bridge_ms(mean/p50/p95/max)=0.088/0.000/0.000/50.000 bridge_process_ms(mean/p95/max)=0.091/0.114/1.523
[NAV] t=35.0s position=(-4.33,-3.84,3.29) yaw=12.4deg command=(1.89,-0.56,-0.31) manual_active=1 collision_blocks=0
[depth_angular_controller-1] [INFO] [1791363454.261982602] [depth_angular_controller]: OMNI_DEPTH views=4 azimuth_bins=180 elevation_bins=37 valid=1 certificates=0 short=0 held=0 local_candidates=3 yaw=-10.07
[depth_angular_controller-1] [INFO] [1791363454.262297103] [depth_angular_controller]: PAPER_BUILD reason=FULL_MOTION_CERTIFICATE required=0.0000 best=0.0000 free=0 refined=0 tubes=130 revoked_tubes=0 proofs=128
[depth_angular_controller-1] [INFO] [1791363454.262305348] [depth_angular_controller]: PAPER_EVIDENCE retained=16 balls=32 revoked_balls=0 expired_views=0 evicted_views=120 radius=0.580 clearance=0.000 best_prefix=0.000
[depth_angular_controller-1] [INFO] [1791363455.218056694] [depth_angular_controller]: OMNI_DEPTH views=4 azimuth_bins=180 elevation_bins=37 valid=1 certificates=0 short=0 held=0 local_candidates=3 yaw=-1.59
[depth_angular_controller-1] [INFO] [1791363455.218364041] [depth_angular_controller]: PAPER_BUILD reason=FULL_MOTION_CERTIFICATE required=0.0000 best=0.0000 free=0 refined=0 tubes=134 revoked_tubes=0 proofs=128
[depth_angular_controller-1] [INFO] [1791363455.218370654] [depth_angular_controller]: PAPER_EVIDENCE retained=16 balls=32 revoked_balls=0 expired_views=0 evicted_views=124 radius=0.580 clearance=0.000 best_prefix=0.000
[depth_angular_controller-1] [INFO] [1791363456.291937271] [depth_angular_controller]: OMNI_DEPTH views=4 azimuth_bins=180 elevation_bins=37 valid=1 certificates=0 short=0 held=0 local_candidates=3 yaw=1.49
[depth_angular_controller-1] [INFO] [1791363456.292272361] [depth_angular_controller]: PAPER_BUILD reason=FULL_MOTION_CERTIFICATE required=0.0000 best=0.0000 free=0 refined=0 tubes=138 revoked_tubes=0 proofs=128
[depth_angular_controller-1] [INFO] [1791363456.292286097] [depth_angular_controller]: PAPER_EVIDENCE retained=16 balls=32 revoked_balls=0 expired_views=0 evicted_views=128 radius=0.580 clearance=0.000 best_prefix=0.000
[depth_angular_controller-1] [INFO] [1791363457.305832778] [depth_angular_controller]: OMNI_DEPTH views=4 azimuth_bins=180 elevation_bins=37 valid=1 certificates=0 short=0 held=0 local_candidates=1 yaw=13.83
[depth_angular_controller-1] [INFO] [1791363457.306209145] [depth_angular_controller]: PAPER_BUILD reason=FULL_MOTION_CERTIFICATE required=0.0000 best=0.0000 free=0 refined=0 tubes=142 revoked_tubes=0 proofs=128
[depth_angular_controller-1] [INFO] [1791363457.306223442] [depth_angular_controller]: PAPER_EVIDENCE retained=16 balls=32 revoked_balls=0 expired_views=0 evicted_views=132 radius=0.580 clearance=0.000 best_prefix=0.000
[depth_angular_controller-1] [INFO] [1791363458.377945613] [depth_angular_controller]: OMNI_DEPTH views=4 azimuth_bins=180 elevation_bins=37 valid=1 certificates=0 short=0 held=0 local_candidates=1 yaw=13.86
[depth_angular_controller-1] [INFO] [1791363458.378270664] [depth_angular_controller]: PAPER_BUILD reason=FULL_MOTION_CERTIFICATE required=0.0000 best=0.0000 free=0 refined=0 tubes=146 revoked_tubes=0 proofs=128
[depth_angular_controller-1] [INFO] [1791363458.378278719] [depth_angular_controller]: PAPER_EVIDENCE retained=16 balls=32 revoked_balls=0 expired_views=0 evicted_views=136 radius=0.580 clearance=0.000 best_prefix=0.000
[depth_angular_controller-1] [INFO] [1791363458.503705836] [depth_angular_controller]: [PERF CTRL] run=p5_six_final_20261007_baseline_ego1p5_2 elapsed=53.81s callbacks=2345 commands=2344 guidance=2224 command_fps(ros/wall)=59.87/58.45 guidance_wall_fps=57.93 avoid_ms(mean/p50/p95/max)=1.751/1.229/4.555/38.362 cycle_ms(mean/p95/max)=17.108/22.622/82.779 depth_to_cmd_ms(mean/p95/max)=47.579/83.333/100.000 callback_to_publish_ms(mean/p95/max)=3.634/9.418/43.881
[depth_angular_controller-1] [INFO] [1791363458.503904138] [depth_angular_controller]: EVIDENCE_COST ingest(mean/p95/max)=1.861/6.719/13.391 record=0.017/0.020/0.499 ms
[depth_angular_controller-1] [INFO] [1791363458.503913807] [depth_angular_controller]: EVIDENCE_PHASE per_view_mean_ms balls=0.083 tubes=0.060 history=0.294 eviction=0.001
[position_cmd_to_twist-2] [INFO] [1791363459.375496543] [position_cmd_to_twist]: [PERF BRIDGE] run=p5_six_final_20261007_baseline_ego1p5_2 elapsed=54.57s received=2390 published=2390 fps(ros/wall)=59.87/58.35 controller_to_bridge_ms(mean/p50/p95/max)=0.077/0.000/0.000/50.000 bridge_process_ms(mean/p95/max)=0.090/0.113/1.523
[NAV] t=40.0s position=(5.44,-3.25,2.72) yaw=13.9deg command=(1.94,0.48,0.00) manual_active=1 collision_blocks=0
[depth_angular_controller-1] [INFO] [1791363459.461510570] [depth_angular_controller]: OMNI_DEPTH views=4 azimuth_bins=180 elevation_bins=37 valid=1 certificates=0 short=0 held=0 local_candidates=1 yaw=13.86
[depth_angular_controller-1] [INFO] [1791363459.461817868] [depth_angular_controller]: PAPER_BUILD reason=FULL_MOTION_CERTIFICATE required=0.0000 best=0.0000 free=0 refined=0 tubes=150 revoked_tubes=0 proofs=128
[depth_angular_controller-1] [INFO] [1791363459.461823759] [depth_angular_controller]: PAPER_EVIDENCE retained=16 balls=32 revoked_balls=0 expired_views=0 evicted_views=140 radius=0.580 clearance=0.000 best_prefix=0.000
[depth_angular_controller-1] [INFO] [1791363460.470432680] [depth_angular_controller]: OMNI_DEPTH views=4 azimuth_bins=180 elevation_bins=37 valid=1 certificates=0 short=0 held=0 local_candidates=1 yaw=13.86
[depth_angular_controller-1] [INFO] [1791363460.470779652] [depth_angular_controller]: PAPER_BUILD reason=FULL_MOTION_CERTIFICATE required=0.0000 best=0.0000 free=0 refined=0 tubes=154 revoked_tubes=0 proofs=128
[depth_angular_controller-1] [INFO] [1791363460.470792737] [depth_angular_controller]: PAPER_EVIDENCE retained=16 balls=32 revoked_balls=0 expired_views=0 evicted_views=144 radius=0.580 clearance=0.000 best_prefix=0.000
[depth_angular_controller-1] [INFO] [1791363461.533254705] [depth_angular_controller]: OMNI_DEPTH views=4 azimuth_bins=180 elevation_bins=37 valid=1 certificates=0 short=0 held=0 local_candidates=1 yaw=13.86
[depth_angular_controller-1] [INFO] [1791363461.533575999] [depth_angular_controller]: PAPER_BUILD reason=FULL_MOTION_CERTIFICATE required=0.0000 best=0.0000 free=0 refined=0 tubes=158 revoked_tubes=0 proofs=128
[depth_angular_controller-1] [INFO] [1791363461.533583443] [depth_angular_controller]: PAPER_EVIDENCE retained=16 balls=32 revoked_balls=0 expired_views=0 evicted_views=148 radius=0.580 clearance=0.000 best_prefix=0.000
[depth_angular_controller-1] [INFO] [1791363462.535650120] [depth_angular_controller]: OMNI_DEPTH views=4 azimuth_bins=180 elevation_bins=37 valid=1 certificates=0 short=0 held=0 local_candidates=1 yaw=13.86
[depth_angular_controller-1] [INFO] [1791363462.536008052] [depth_angular_controller]: PAPER_BUILD reason=FULL_MOTION_CERTIFICATE required=0.0000 best=0.0000 free=0 refined=0 tubes=162 revoked_tubes=0 proofs=128
[depth_angular_controller-1] [INFO] [1791363462.536015226] [depth_angular_controller]: PAPER_EVIDENCE retained=16 balls=32 revoked_balls=0 expired_views=0 evicted_views=152 radius=0.580 clearance=0.000 best_prefix=0.000
[depth_angular_controller-1] [INFO] [1791363463.482950694] [depth_angular_controller]: OMNI_DEPTH views=4 azimuth_bins=180 elevation_bins=37 valid=1 certificates=0 short=0 held=0 local_candidates=1 yaw=13.86
[depth_angular_controller-1] [INFO] [1791363463.483467835] [depth_angular_controller]: PAPER_BUILD reason=FULL_MOTION_CERTIFICATE required=0.0000 best=0.0000 free=0 refined=0 tubes=166 revoked_tubes=0 proofs=128
[depth_angular_controller-1] [INFO] [1791363463.483484106] [depth_angular_controller]: PAPER_EVIDENCE retained=16 balls=32 revoked_balls=0 expired_views=0 evicted_views=156 radius=0.580 clearance=0.000 best_prefix=0.000
[depth_angular_controller-1] [INFO] [1791363463.509905180] [depth_angular_controller]: [PERF CTRL] run=p5_six_final_20261007_baseline_ego1p5_2 elapsed=58.81s callbacks=2639 commands=2638 guidance=2518 command_fps(ros/wall)=59.89/58.48 guidance_wall_fps=58.02 avoid_ms(mean/p50/p95/max)=1.601/1.124/4.312/38.362 cycle_ms(mean/p95/max)=17.099/22.356/82.779 depth_to_cmd_ms(mean/p95/max)=46.684/83.333/100.000 callback_to_publish_ms(mean/p95/max)=3.508/9.045/43.881
[depth_angular_controller-1] [INFO] [1791363463.510140692] [depth_angular_controller]: EVIDENCE_COST ingest(mean/p95/max)=1.869/6.494/13.391 record=0.017/0.020/0.499 ms
[depth_angular_controller-1] [INFO] [1791363463.510149719] [depth_angular_controller]: EVIDENCE_PHASE per_view_mean_ms balls=0.082 tubes=0.058 history=0.299 eviction=0.001
[position_cmd_to_twist-2] [INFO] [1791363464.521641689] [position_cmd_to_twist]: [PERF BRIDGE] run=p5_six_final_20261007_baseline_ego1p5_2 elapsed=59.72s received=2690 published=2690 fps(ros/wall)=59.89/58.34 controller_to_bridge_ms(mean/p50/p95/max)=0.068/0.000/0.000/50.000 bridge_process_ms(mean/p95/max)=0.090/0.113/1.523
[NAV] t=45.0s position=(15.15,-0.85,2.73) yaw=13.9deg command=(1.94,0.48,0.00) manual_active=1 collision_blocks=0
[depth_angular_controller-1] [INFO] [1791363464.601804700] [depth_angular_controller]: OMNI_DEPTH views=4 azimuth_bins=180 elevation_bins=37 valid=1 certificates=0 short=0 held=0 local_candidates=1 yaw=13.86
[depth_angular_controller-1] [INFO] [1791363464.602347079] [depth_angular_controller]: PAPER_BUILD reason=FULL_MOTION_CERTIFICATE required=0.0000 best=0.0000 free=0 refined=0 tubes=170 revoked_tubes=0 proofs=128
[depth_angular_controller-1] [INFO] [1791363464.602394879] [depth_angular_controller]: PAPER_EVIDENCE retained=16 balls=32 revoked_balls=0 expired_views=0 evicted_views=160 radius=0.580 clearance=0.000 best_prefix=0.000
[depth_angular_controller-1] [INFO] [1791363465.730645124] [depth_angular_controller]: OMNI_DEPTH views=4 azimuth_bins=180 elevation_bins=37 valid=1 certificates=0 short=0 held=0 local_candidates=3 yaw=11.19
[depth_angular_controller-1] [INFO] [1791363465.731099979] [depth_angular_controller]: PAPER_BUILD reason=FULL_MOTION_CERTIFICATE required=0.0000 best=0.0000 free=0 refined=0 tubes=174 revoked_tubes=0 proofs=128
[depth_angular_controller-1] [INFO] [1791363465.731113364] [depth_angular_controller]: PAPER_EVIDENCE retained=16 balls=32 revoked_balls=0 expired_views=0 evicted_views=164 radius=0.580 clearance=0.000 best_prefix=0.000
[depth_angular_controller-1] [INFO] [1791363466.748847004] [depth_angular_controller]: OMNI_DEPTH views=4 azimuth_bins=180 elevation_bins=37 valid=1 certificates=0 short=0 held=0 local_candidates=2 yaw=18.15
[depth_angular_controller-1] [INFO] [1791363466.749182023] [depth_angular_controller]: PAPER_BUILD reason=FULL_MOTION_CERTIFICATE required=0.0000 best=0.0000 free=0 refined=0 tubes=178 revoked_tubes=0 proofs=128
[depth_angular_controller-1] [INFO] [1791363466.749193245] [depth_angular_controller]: PAPER_EVIDENCE retained=16 balls=32 revoked_balls=0 expired_views=0 evicted_views=168 radius=0.580 clearance=0.000 best_prefix=0.000
[depth_angular_controller-1] [INFO] [1791363467.827891456] [depth_angular_controller]: OMNI_DEPTH views=4 azimuth_bins=180 elevation_bins=37 valid=1 certificates=0 short=0 held=0 local_candidates=2 yaw=15.33
[depth_angular_controller-1] [INFO] [1791363467.828226425] [depth_angular_controller]: PAPER_BUILD reason=FULL_MOTION_CERTIFICATE required=0.0000 best=0.0000 free=0 refined=0 tubes=182 revoked_tubes=0 proofs=128
[depth_angular_controller-1] [INFO] [1791363467.828234200] [depth_angular_controller]: PAPER_EVIDENCE retained=16 balls=32 revoked_balls=0 expired_views=0 evicted_views=172 radius=0.580 clearance=0.000 best_prefix=0.000
[depth_angular_controller-1] [INFO] [1791363468.520741678] [depth_angular_controller]: [PERF CTRL] run=p5_six_final_20261007_baseline_ego1p5_2 elapsed=63.82s callbacks=2917 commands=2916 guidance=2796 command_fps(ros/wall)=59.90/58.18 guidance_wall_fps=57.76 avoid_ms(mean/p50/p95/max)=1.649/1.160/4.322/38.362 cycle_ms(mean/p95/max)=17.187/22.576/87.214 depth_to_cmd_ms(mean/p95/max)=45.875/83.333/100.000 callback_to_publish_ms(mean/p95/max)=3.607/9.418/43.881
[depth_angular_controller-1] [INFO] [1791363468.521230066] [depth_angular_controller]: EVIDENCE_COST ingest(mean/p95/max)=1.910/6.560/13.391 record=0.022/0.020/4.983 ms
[depth_angular_controller-1] [INFO] [1791363468.521241297] [depth_angular_controller]: EVIDENCE_PHASE per_view_mean_ms balls=0.083 tubes=0.062 history=0.303 eviction=0.001
[depth_angular_controller-1] [INFO] [1791363468.849032579] [depth_angular_controller]: OMNI_DEPTH views=4 azimuth_bins=180 elevation_bins=37 valid=1 certificates=0 short=0 held=0 local_candidates=3 yaw=15.53
[depth_angular_controller-1] [INFO] [1791363468.850256600] [depth_angular_controller]: PAPER_BUILD reason=FULL_MOTION_CERTIFICATE required=0.0000 best=0.0000 free=0 refined=0 tubes=186 revoked_tubes=0 proofs=128
[depth_angular_controller-1] [INFO] [1791363468.850480661] [depth_angular_controller]: PAPER_EVIDENCE retained=16 balls=32 revoked_balls=0 expired_views=0 evicted_views=176 radius=0.580 clearance=0.000 best_prefix=0.000
[position_cmd_to_twist-2] [INFO] [1791363469.721147265] [position_cmd_to_twist]: [PERF BRIDGE] run=p5_six_final_20261007_baseline_ego1p5_2 elapsed=64.92s received=2990 published=2990 fps(ros/wall)=59.90/58.27 controller_to_bridge_ms(mean/p50/p95/max)=0.111/0.000/0.000/50.000 bridge_process_ms(mean/p95/max)=0.089/0.112/1.523
[NAV] t=50.0s position=(24.72,1.60,1.50) yaw=13.7deg command=(1.91,0.56,-0.23) manual_active=1 collision_blocks=0
[depth_angular_controller-1] [INFO] [1791363469.811598852] [depth_angular_controller]: OMNI_DEPTH views=4 azimuth_bins=180 elevation_bins=37 valid=1 certificates=0 short=0 held=0 local_candidates=3 yaw=23.34
[depth_angular_controller-1] [INFO] [1791363469.812000868] [depth_angular_controller]: PAPER_BUILD reason=FULL_MOTION_CERTIFICATE required=0.0000 best=0.0000 free=0 refined=0 tubes=190 revoked_tubes=0 proofs=128
[depth_angular_controller-1] [INFO] [1791363469.812023230] [depth_angular_controller]: PAPER_EVIDENCE retained=16 balls=32 revoked_balls=0 expired_views=0 evicted_views=180 radius=0.580 clearance=0.000 best_prefix=0.000
[depth_angular_controller-1] [INFO] [1791363470.901437820] [depth_angular_controller]: OMNI_DEPTH views=4 azimuth_bins=180 elevation_bins=37 valid=1 certificates=0 short=0 held=0 local_candidates=1 yaw=13.55
[depth_angular_controller-1] [INFO] [1791363470.901839295] [depth_angular_controller]: PAPER_BUILD reason=FULL_MOTION_CERTIFICATE required=0.0000 best=0.0000 free=0 refined=0 tubes=194 revoked_tubes=0 proofs=128
[depth_angular_controller-1] [INFO] [1791363470.901852961] [depth_angular_controller]: PAPER_EVIDENCE retained=16 balls=32 revoked_balls=0 expired_views=0 evicted_views=184 radius=0.580 clearance=0.000 best_prefix=0.000
[depth_angular_controller-1] [INFO] [1791363471.924814205] [depth_angular_controller]: OMNI_DEPTH views=4 azimuth_bins=180 elevation_bins=37 valid=1 certificates=0 short=0 held=0 local_candidates=1 yaw=13.53
[depth_angular_controller-1] [INFO] [1791363471.925580314] [depth_angular_controller]: PAPER_BUILD reason=FULL_MOTION_CERTIFICATE required=0.0000 best=0.0000 free=0 refined=0 tubes=198 revoked_tubes=0 proofs=128
[depth_angular_controller-1] [INFO] [1791363471.925599160] [depth_angular_controller]: PAPER_EVIDENCE retained=16 balls=32 revoked_balls=0 expired_views=0 evicted_views=188 radius=0.580 clearance=0.000 best_prefix=0.000
[depth_angular_controller-1] [INFO] [1791363473.001366924] [depth_angular_controller]: OMNI_DEPTH views=4 azimuth_bins=180 elevation_bins=37 valid=1 certificates=0 short=0 held=0 local_candidates=1 yaw=13.53
[depth_angular_controller-1] [INFO] [1791363473.001703095] [depth_angular_controller]: PAPER_BUILD reason=FULL_MOTION_CERTIFICATE required=0.0000 best=0.0000 free=0 refined=0 tubes=202 revoked_tubes=0 proofs=128
[depth_angular_controller-1] [INFO] [1791363473.001709107] [depth_angular_controller]: PAPER_EVIDENCE retained=16 balls=32 revoked_balls=0 expired_views=0 evicted_views=192 radius=0.580 clearance=0.000 best_prefix=0.000
[depth_angular_controller-1] [INFO] [1791363473.528793393] [depth_angular_controller]: [PERF CTRL] run=p5_six_final_20261007_baseline_ego1p5_2 elapsed=68.83s callbacks=3211 commands=3210 guidance=3090 command_fps(ros/wall)=59.91/58.23 guidance_wall_fps=57.85 avoid_ms(mean/p50/p95/max)=1.673/1.135/4.606/38.362 cycle_ms(mean/p95/max)=17.173/23.589/87.214 depth_to_cmd_ms(mean/p95/max)=45.453/83.333/100.000 callback_to_publish_ms(mean/p95/max)=3.701/10.128/43.881
[depth_angular_controller-1] [INFO] [1791363473.529172105] [depth_angular_controller]: EVIDENCE_COST ingest(mean/p95/max)=1.976/7.282/20.098 record=0.022/0.020/4.983 ms
[depth_angular_controller-1] [INFO] [1791363473.529180771] [depth_angular_controller]: EVIDENCE_PHASE per_view_mean_ms balls=0.086 tubes=0.069 history=0.311 eviction=0.001
[depth_angular_controller-1] [INFO] [1791363473.955688613] [depth_angular_controller]: OMNI_DEPTH views=4 azimuth_bins=180 elevation_bins=37 valid=1 certificates=0 short=0 held=0 local_candidates=1 yaw=13.53
[depth_angular_controller-1] [INFO] [1791363473.956031777] [depth_angular_controller]: PAPER_BUILD reason=FULL_MOTION_CERTIFICATE required=0.0000 best=0.0000 free=0 refined=0 tubes=206 revoked_tubes=0 proofs=128
[depth_angular_controller-1] [INFO] [1791363473.956037368] [depth_angular_controller]: PAPER_EVIDENCE retained=16 balls=32 revoked_balls=0 expired_views=0 evicted_views=196 radius=0.580 clearance=0.000 best_prefix=0.000
[position_cmd_to_twist-2] [INFO] [1791363474.933948879] [position_cmd_to_twist]: [PERF BRIDGE] run=p5_six_final_20261007_baseline_ego1p5_2 elapsed=70.13s received=3290 published=3290 fps(ros/wall)=59.91/58.27 controller_to_bridge_ms(mean/p50/p95/max)=0.157/0.000/0.000/50.000 bridge_process_ms(mean/p95/max)=0.089/0.112/1.523
[NAV] t=55.0s position=(34.39,4.07,1.69) yaw=13.5deg command=(1.94,0.47,0.07) manual_active=1 collision_blocks=0
[depth_angular_controller-1] [INFO] [1791363475.031391214] [depth_angular_controller]: OMNI_DEPTH views=4 azimuth_bins=180 elevation_bins=37 valid=1 certificates=0 short=0 held=0 local_candidates=1 yaw=13.53
[depth_angular_controller-1] [INFO] [1791363475.031747033] [depth_angular_controller]: PAPER_BUILD reason=FULL_MOTION_CERTIFICATE required=0.0000 best=0.0000 free=0 refined=0 tubes=210 revoked_tubes=0 proofs=128
[depth_angular_controller-1] [INFO] [1791363475.031753264] [depth_angular_controller]: PAPER_EVIDENCE retained=16 balls=32 revoked_balls=0 expired_views=0 evicted_views=200 radius=0.580 clearance=0.000 best_prefix=0.000
[depth_angular_controller-1] [INFO] [1791363475.995811481] [depth_angular_controller]: OMNI_DEPTH views=4 azimuth_bins=180 elevation_bins=37 valid=1 certificates=0 short=0 held=0 local_candidates=1 yaw=13.53
[depth_angular_controller-1] [INFO] [1791363475.996146821] [depth_angular_controller]: PAPER_BUILD reason=FULL_MOTION_CERTIFICATE required=0.0000 best=0.0000 free=0 refined=0 tubes=214 revoked_tubes=0 proofs=128
[depth_angular_controller-1] [INFO] [1791363475.996153604] [depth_angular_controller]: PAPER_EVIDENCE retained=16 balls=32 revoked_balls=0 expired_views=0 evicted_views=204 radius=0.580 clearance=0.000 best_prefix=0.000
[depth_angular_controller-1] [INFO] [1791363477.000737792] [depth_angular_controller]: OMNI_DEPTH views=4 azimuth_bins=180 elevation_bins=37 valid=1 certificates=0 short=0 held=0 local_candidates=1 yaw=13.53
[depth_angular_controller-1] [INFO] [1791363477.001006918] [depth_angular_controller]: PAPER_BUILD reason=FULL_MOTION_CERTIFICATE required=0.0000 best=0.0000 free=0 refined=0 tubes=218 revoked_tubes=0 proofs=128
[depth_angular_controller-1] [INFO] [1791363477.001016676] [depth_angular_controller]: PAPER_EVIDENCE retained=16 balls=32 revoked_balls=0 expired_views=0 evicted_views=208 radius=0.580 clearance=0.000 best_prefix=0.000
[depth_angular_controller-1] [INFO] [1791363478.014398327] [depth_angular_controller]: OMNI_DEPTH views=4 azimuth_bins=180 elevation_bins=37 valid=1 certificates=0 short=0 held=0 local_candidates=1 yaw=13.53
[depth_angular_controller-1] [INFO] [1791363478.014749537] [depth_angular_controller]: PAPER_BUILD reason=FULL_MOTION_CERTIFICATE required=0.0000 best=0.0000 free=0 refined=0 tubes=223 revoked_tubes=0 proofs=128
[depth_angular_controller-1] [INFO] [1791363478.014757602] [depth_angular_controller]: PAPER_EVIDENCE retained=16 balls=32 revoked_balls=0 expired_views=0 evicted_views=212 radius=0.580 clearance=0.000 best_prefix=0.000
[depth_angular_controller-1] [INFO] [1791363478.580910310] [depth_angular_controller]: [PERF CTRL] run=p5_six_final_20261007_baseline_ego1p5_2 elapsed=73.88s callbacks=3510 commands=3509 guidance=3389 command_fps(ros/wall)=59.91/58.31 guidance_wall_fps=57.96 avoid_ms(mean/p50/p95/max)=1.575/1.038/4.379/38.362 cycle_ms(mean/p95/max)=17.149/23.589/87.214 depth_to_cmd_ms(mean/p95/max)=44.797/83.333/100.000 callback_to_publish_ms(mean/p95/max)=3.629/9.874/43.881
[depth_angular_controller-1] [INFO] [1791363478.581194214] [depth_angular_controller]: EVIDENCE_COST ingest(mean/p95/max)=1.994/7.430/20.098 record=0.021/0.020/4.983 ms
[depth_angular_controller-1] [INFO] [1791363478.581201477] [depth_angular_controller]: EVIDENCE_PHASE per_view_mean_ms balls=0.086 tubes=0.068 history=0.315 eviction=0.001
[depth_angular_controller-1] [INFO] [1791363479.030852903] [depth_angular_controller]: OMNI_DEPTH views=4 azimuth_bins=180 elevation_bins=37 valid=1 certificates=0 short=0 held=0 local_candidates=1 yaw=13.53
[depth_angular_controller-1] [INFO] [1791363479.031249669] [depth_angular_controller]: PAPER_BUILD reason=FULL_MOTION_CERTIFICATE required=0.0000 best=0.0000 free=0 refined=0 tubes=227 revoked_tubes=0 proofs=128
[depth_angular_controller-1] [INFO] [1791363479.031264787] [depth_angular_controller]: PAPER_EVIDENCE retained=16 balls=32 revoked_balls=0 expired_views=0 evicted_views=216 radius=0.580 clearance=0.000 best_prefix=0.000
[position_cmd_to_twist-2] [INFO] [1791363480.074807420] [position_cmd_to_twist]: [PERF BRIDGE] run=p5_six_final_20261007_baseline_ego1p5_2 elapsed=75.27s received=3589 published=3589 fps(ros/wall)=59.90/58.21 controller_to_bridge_ms(mean/p50/p95/max)=0.144/0.000/0.000/50.000 bridge_process_ms(mean/p95/max)=0.088/0.111/1.523
[NAV] t=60.0s position=(44.11,6.39,2.04) yaw=13.6deg command=(1.96,0.37,-0.03) manual_active=1 collision_blocks=0
[depth_angular_controller-1] [INFO] [1791363480.171458117] [depth_angular_controller]: OMNI_DEPTH views=4 azimuth_bins=180 elevation_bins=37 valid=1 certificates=0 short=0 held=0 local_candidates=3 yaw=13.52
[depth_angular_controller-1] [INFO] [1791363480.171811952] [depth_angular_controller]: PAPER_BUILD reason=FULL_MOTION_CERTIFICATE required=0.0000 best=0.0000 free=0 refined=0 tubes=231 revoked_tubes=0 proofs=128
[depth_angular_controller-1] [INFO] [1791363480.171826459] [depth_angular_controller]: PAPER_EVIDENCE retained=16 balls=32 revoked_balls=0 expired_views=0 evicted_views=220 radius=0.580 clearance=0.000 best_prefix=0.000
[depth_angular_controller-1] [INFO] [1791363481.185296727] [depth_angular_controller]: OMNI_DEPTH views=4 azimuth_bins=180 elevation_bins=37 valid=1 certificates=0 short=0 held=0 local_candidates=3 yaw=19.76
[depth_angular_controller-1] [INFO] [1791363481.185647796] [depth_angular_controller]: PAPER_BUILD reason=FULL_MOTION_CERTIFICATE required=0.0000 best=0.0000 free=0 refined=0 tubes=235 revoked_tubes=0 proofs=128
[depth_angular_controller-1] [INFO] [1791363481.185657084] [depth_angular_controller]: PAPER_EVIDENCE retained=16 balls=32 revoked_balls=0 expired_views=0 evicted_views=224 radius=0.580 clearance=0.000 best_prefix=0.000
[depth_angular_controller-1] [INFO] [1791363482.262857340] [depth_angular_controller]: OMNI_DEPTH views=4 azimuth_bins=180 elevation_bins=37 valid=1 certificates=0 short=0 held=0 local_candidates=1 yaw=13.29
[depth_angular_controller-1] [INFO] [1791363482.263217226] [depth_angular_controller]: PAPER_BUILD reason=FULL_MOTION_CERTIFICATE required=0.0000 best=0.0000 free=0 refined=0 tubes=239 revoked_tubes=0 proofs=128
[depth_angular_controller-1] [INFO] [1791363482.263231052] [depth_angular_controller]: PAPER_EVIDENCE retained=16 balls=32 revoked_balls=0 expired_views=0 evicted_views=228 radius=0.580 clearance=0.000 best_prefix=0.000
[depth_angular_controller-1] [INFO] [1791363483.528036818] [depth_angular_controller]: OMNI_DEPTH views=4 azimuth_bins=180 elevation_bins=37 valid=1 certificates=0 short=0 held=0 local_candidates=1 yaw=13.23
[depth_angular_controller-1] [INFO] [1791363483.528388639] [depth_angular_controller]: PAPER_BUILD reason=FULL_MOTION_CERTIFICATE required=0.0000 best=0.0000 free=0 refined=0 tubes=243 revoked_tubes=0 proofs=128
[depth_angular_controller-1] [INFO] [1791363483.528394810] [depth_angular_controller]: PAPER_EVIDENCE retained=16 balls=32 revoked_balls=0 expired_views=0 evicted_views=232 radius=0.580 clearance=0.000 best_prefix=0.000
[depth_angular_controller-1] [INFO] [1791363483.653061859] [depth_angular_controller]: [PERF CTRL] run=p5_six_final_20261007_baseline_ego1p5_2 elapsed=78.95s callbacks=3781 commands=3780 guidance=3660 command_fps(ros/wall)=59.90/57.93 guidance_wall_fps=57.60 avoid_ms(mean/p50/p95/max)=1.548/1.032/4.319/38.362 cycle_ms(mean/p95/max)=17.262/23.671/87.214 depth_to_cmd_ms(mean/p95/max)=44.121/83.333/100.000 callback_to_publish_ms(mean/p95/max)=3.607/9.724/43.881
[depth_angular_controller-1] [INFO] [1791363483.653393833] [depth_angular_controller]: EVIDENCE_COST ingest(mean/p95/max)=1.995/7.164/20.098 record=0.021/0.020/4.983 ms
[depth_angular_controller-1] [INFO] [1791363483.653400826] [depth_angular_controller]: EVIDENCE_PHASE per_view_mean_ms balls=0.085 tubes=0.066 history=0.318 eviction=0.001
[depth_angular_controller-1] [INFO] [1791363484.695326420] [depth_angular_controller]: OMNI_DEPTH views=4 azimuth_bins=180 elevation_bins=37 valid=1 certificates=0 short=0 held=0 local_candidates=1 yaw=13.22
[depth_angular_controller-1] [INFO] [1791363484.695624881] [depth_angular_controller]: PAPER_BUILD reason=FULL_MOTION_CERTIFICATE required=0.0000 best=0.0000 free=0 refined=0 tubes=247 revoked_tubes=0 proofs=128
[depth_angular_controller-1] [INFO] [1791363484.695632435] [depth_angular_controller]: PAPER_EVIDENCE retained=16 balls=32 revoked_balls=0 expired_views=0 evicted_views=236 radius=0.580 clearance=0.000 best_prefix=0.000
[position_cmd_to_twist-2] [INFO] [1791363485.658089382] [position_cmd_to_twist]: [PERF BRIDGE] run=p5_six_final_20261007_baseline_ego1p5_2 elapsed=80.85s received=3888 published=3888 fps(ros/wall)=59.89/57.82 controller_to_bridge_ms(mean/p50/p95/max)=0.180/0.000/0.000/50.000 bridge_process_ms(mean/p95/max)=0.088/0.111/1.523
[NAV] t=65.0s position=(53.78,8.80,2.11) yaw=13.2deg command=(1.94,0.46,0.13) manual_active=1 collision_blocks=0
[depth_angular_controller-1] [INFO] [1791363485.771997401] [depth_angular_controller]: OMNI_DEPTH views=4 azimuth_bins=180 elevation_bins=37 valid=1 certificates=0 short=0 held=0 local_candidates=1 yaw=13.22
[depth_angular_controller-1] [INFO] [1791363485.772769833] [depth_angular_controller]: PAPER_BUILD reason=FULL_MOTION_CERTIFICATE required=0.0000 best=0.0000 free=0 refined=0 tubes=251 revoked_tubes=0 proofs=128
[depth_angular_controller-1] [INFO] [1791363485.772791013] [depth_angular_controller]: PAPER_EVIDENCE retained=16 balls=32 revoked_balls=0 expired_views=0 evicted_views=240 radius=0.580 clearance=0.000 best_prefix=0.000
[depth_angular_controller-1] [INFO] [1791363486.719308565] [depth_angular_controller]: OMNI_DEPTH views=4 azimuth_bins=180 elevation_bins=37 valid=1 certificates=0 short=0 held=0 local_candidates=1 yaw=13.22
[depth_angular_controller-1] [INFO] [1791363486.719709569] [depth_angular_controller]: PAPER_BUILD reason=FULL_MOTION_CERTIFICATE required=0.0000 best=0.0000 free=0 refined=0 tubes=255 revoked_tubes=0 proofs=128
[depth_angular_controller-1] [INFO] [1791363486.719716933] [depth_angular_controller]: PAPER_EVIDENCE retained=16 balls=32 revoked_balls=0 expired_views=0 evicted_views=244 radius=0.580 clearance=0.000 best_prefix=0.000
[depth_angular_controller-1] [INFO] [1791363487.673242134] [depth_angular_controller]: OMNI_DEPTH views=4 azimuth_bins=180 elevation_bins=37 valid=1 certificates=0 short=0 held=0 local_candidates=1 yaw=13.22
[depth_angular_controller-1] [INFO] [1791363487.673637708] [depth_angular_controller]: PAPER_BUILD reason=FULL_MOTION_CERTIFICATE required=0.0000 best=0.0000 free=0 refined=0 tubes=256 revoked_tubes=0 proofs=128
[depth_angular_controller-1] [INFO] [1791363487.673643990] [depth_angular_controller]: PAPER_EVIDENCE retained=16 balls=32 revoked_balls=0 expired_views=0 evicted_views=248 radius=0.580 clearance=0.000 best_prefix=0.000
[depth_angular_controller-1] [INFO] [1791363488.659931282] [depth_angular_controller]: [PERF CTRL] run=p5_six_final_20261007_baseline_ego1p5_2 elapsed=83.96s callbacks=4075 commands=4074 guidance=3954 command_fps(ros/wall)=59.90/57.99 guidance_wall_fps=57.68 avoid_ms(mean/p50/p95/max)=1.496/0.967/4.247/38.362 cycle_ms(mean/p95/max)=17.245/23.472/87.214 depth_to_cmd_ms(mean/p95/max)=43.467/83.333/100.000 callback_to_publish_ms(mean/p95/max)=3.568/9.504/43.881
[depth_angular_controller-1] [INFO] [1791363488.660257475] [depth_angular_controller]: EVIDENCE_COST ingest(mean/p95/max)=2.005/6.829/20.098 record=0.021/0.021/4.983 ms
[depth_angular_controller-1] [INFO] [1791363488.660263626] [depth_angular_controller]: EVIDENCE_PHASE per_view_mean_ms balls=0.085 tubes=0.066 history=0.320 eviction=0.001
[depth_angular_controller-1] [INFO] [1791363488.690168116] [depth_angular_controller]: OMNI_DEPTH views=4 azimuth_bins=180 elevation_bins=37 valid=1 certificates=0 short=0 held=0 local_candidates=1 yaw=13.22
[depth_angular_controller-1] [INFO] [1791363488.690560474] [depth_angular_controller]: PAPER_BUILD reason=FULL_MOTION_CERTIFICATE required=0.0000 best=0.0000 free=0 refined=0 tubes=256 revoked_tubes=0 proofs=128
[depth_angular_controller-1] [INFO] [1791363488.690567417] [depth_angular_controller]: PAPER_EVIDENCE retained=16 balls=32 revoked_balls=0 expired_views=0 evicted_views=252 radius=0.580 clearance=0.000 best_prefix=0.000
[depth_angular_controller-1] [INFO] [1791363489.817650098] [depth_angular_controller]: OMNI_DEPTH views=4 azimuth_bins=180 elevation_bins=37 valid=1 certificates=0 short=0 held=0 local_candidates=1 yaw=13.22
[depth_angular_controller-1] [INFO] [1791363489.817986971] [depth_angular_controller]: PAPER_BUILD reason=FULL_MOTION_CERTIFICATE required=0.0000 best=0.0000 free=0 refined=0 tubes=256 revoked_tubes=0 proofs=128
[depth_angular_controller-1] [INFO] [1791363489.817994405] [depth_angular_controller]: PAPER_EVIDENCE retained=16 balls=32 revoked_balls=0 expired_views=0 evicted_views=256 radius=0.580 clearance=0.000 best_prefix=0.000
[position_cmd_to_twist-2] [INFO] [1791363490.770766722] [position_cmd_to_twist]: [PERF BRIDGE] run=p5_six_final_20261007_baseline_ego1p5_2 elapsed=85.97s received=4188 published=4188 fps(ros/wall)=59.90/57.88 controller_to_bridge_ms(mean/p50/p95/max)=0.167/0.000/0.000/50.000 bridge_process_ms(mean/p95/max)=0.088/0.110/1.523
[NAV] t=70.0s position=(63.17,11.01,2.74) yaw=13.2deg command=(1.22,0.29,0.08) manual_active=1 collision_blocks=0
[depth_angular_controller-1] [INFO] [1791363490.885872822] [depth_angular_controller]: OMNI_DEPTH views=4 azimuth_bins=180 elevation_bins=37 valid=1 certificates=0 short=0 held=0 local_candidates=1 yaw=13.22
[depth_angular_controller-1] [INFO] [1791363490.886107453] [depth_angular_controller]: PAPER_BUILD reason=FULL_MOTION_CERTIFICATE required=0.0000 best=0.0000 free=0 refined=0 tubes=256 revoked_tubes=0 proofs=128
[depth_angular_controller-1] [INFO] [1791363490.886114907] [depth_angular_controller]: PAPER_EVIDENCE retained=16 balls=32 revoked_balls=0 expired_views=0 evicted_views=260 radius=0.580 clearance=0.000 best_prefix=0.000
[depth_angular_controller-1] [INFO] [1791363491.184802174] [depth_angular_controller]: ZERO_INTENT
[BENCHMARK RESULT] ARRIVED sim=69.533s
[PERF ISAAC FINAL] run=p5_six_final_20261007_baseline_ego1p5_2 result=ARRIVED wall=74.20s sim_frames=4294 fps(sim/wall)=60.03/57.87 command_changes=3205 collision_blocks=0 frame_interval_ms(mean/p50/p95/max)=17.204/15.816/17.841/79.398
[87.178s] Simulation App Shutting Down
[depth_angular_controller-1] [INFO] [1791363492.822643369] [rclcpp]: signal_handler(SIGINT/SIGTERM)
[position_cmd_to_twist-2] [INFO] [1791363492.823509167] [position_cmd_to_twist]: [PERF BRIDGE FINAL] run=p5_six_final_20261007_baseline_ego1p5_2 elapsed=88.02s received=4285 published=4285 fps(ros/wall)=59.90/58.03 controller_to_bridge_ms(mean/p50/p95/max)=0.163/0.000/0.000/50.000 bridge_process_ms(mean/p95/max)=0.088/0.110/1.523
[position_cmd_to_twist-2] Failed to publish log message to rosout: publisher's context is invalid, at ./src/rcl/publisher.c:389
[depth_angular_controller-1] [INFO] [1791363492.823742455] [depth_angular_controller]: [PERF CTRL FINAL] run=p5_six_final_20261007_baseline_ego1p5_2 elapsed=88.12s callbacks=4286 commands=4285 guidance=4094 command_fps(ros/wall)=59.90/58.03 guidance_wall_fps=57.62 avoid_ms(mean/p50/p95/max)=1.460/0.934/4.163/38.362 cycle_ms(mean/p95/max)=17.232/23.338/87.214 depth_to_cmd_ms(mean/p95/max)=43.201/83.333/100.000 callback_to_publish_ms(mean/p95/max)=3.502/9.389/43.881
[depth_angular_controller-1] [INFO] [1791363492.824042509] [depth_angular_controller]: EVIDENCE_COST ingest(mean/p95/max)=1.997/6.675/20.098 record=0.020/0.021/4.983 ms
[depth_angular_controller-1] [INFO] [1791363492.824046015] [depth_angular_controller]: EVIDENCE_PHASE per_view_mean_ms balls=0.084 tubes=0.065 history=0.319 eviction=0.001
[INFO] [depth_angular_controller-1]: process has finished cleanly [pid 251597]
[INFO] [position_cmd_to_twist-2]: process has finished cleanly [pid 251599]
