[PERF] run=candidate_v7_spin_ego1p3_2 log=/home/starry/isaac-data/EGO1P3/performance/omni_20261006/candidate_v7_spin_ego1p3_2_performance.md
[INPUT] mode=trace scene_mode=cloud
[INFO] [launch]: All log files can be found below /tmp/fov_gvf_ego1p3_isaac_ros_log/2026-10-06-22-49-14-952589-starry-System-Product-Name-122593
[INFO] [launch]: Default logging verbosity is set to INFO
[INFO] [depth_angular_controller-1]: process started with pid [122595]
[INFO] [position_cmd_to_twist-2]: process started with pid [122597]
[depth_angular_controller-1] [INFO] [1791298154.984815182] [depth_angular_controller]: PROCESSING_RATES control=60.0 Hz depth_limit=10.0 Hz (0=unlimited)
[depth_angular_controller-1] [INFO] [1791298154.986987905] [depth_angular_controller]: C++ controller commands publish on /position_cmd; horizontal views=4
[ROS CHECK] ROS_DOMAIN_ID=42 /position_cmd publishers=1
Type: pc_gvf_msgs/msg/PositionCommand
Publisher count: 1
Subscription count: 1
/depth_angular_controller
/position_cmd_to_twist
WARNING: All log messages before absl::InitializeLog() is called are written to STDERR
E0000 00:00:1791298155.937587  122636 descriptor_database.cc:633] File already exists in database: grpc/health/v1/health.proto
W0000 00:00:1791298155.937607  122636 message.cc:301] Protobuf GeneratedMessageFactory: File is already registered: grpc/health/v1/health.proto
2026-10-06T14:49:15Z [Info] [carb] Logging to file: /home/starry/isaac-data/isaacsim/kit/logs/Kit/Isaac-Sim Python/6.0/kit_20261006_224915.log
[0.044s] [ext: omni.assets.plugins-0.0.0] startup
[0.044s] [ext: omni.blobkey-1.1.2] startup
[0.044s] [ext: omni.kit.async_engine-0.0.3] startup
[0.314s] [ext: omni.client.lib-1.1.1] startup
[0.322s] [ext: omni.client-1.3.0] startup
[0.324s] [ext: omni.protobuf.lib-1.0.0] startup
[0.325s] [ext: omni.grpc.lib-1.0.0] startup
[0.328s] [ext: omni.metrics.core-0.0.3] startup
[0.328s] [ext: omni.datastore-0.0.0] startup
[0.329s] [ext: omni.gpu_foundation.shadercache.vulkan-1.0.0] startup
[0.331s] [ext: omni.hsscclient-1.1.4] startup
[0.331s] [ext: omni.stats-1.0.1] startup
[0.332s] [ext: omni.ujitso.default-1.0.0] startup
[0.334s] [ext: omni.gpu_foundation-0.0.0] startup
[0.461s] [ext: carb.windowing.plugins-1.0.1] startup
[0.462s] [ext: omni.kit.renderer.init-1.0.1] startup
2026-10-06T14:49:16Z [659ms] [Warning] [omni.rtx] Skipping unsupported non-NVIDIA GPU: AMD Unknown (RADV RAPHAEL_MENDOCINO)
2026-10-06T14:49:16Z [660ms] [Warning] [omni.rtx] Skipping unsupported non-NVIDIA GPU: AMD Unknown (RADV RAPHAEL_MENDOCINO)

|---------------------------------------------------------------------------------------------|
| Driver Version: 580.178.04    | Graphics API: Vulkan
|=============================================================================================|
| GPU | Name                             | Active | LDA | GPU Memory | Vendor-ID | LUID       |
|     |                                  |        |     |            | Device-ID | UUID       |
|     |                                  |        |     |            | Bus-ID    |            |
|---------------------------------------------------------------------------------------------|
| 0   | NVIDIA GeForce RTX 5070          | Yes: 0 |     | 12227   MB | 10de      | 0          |
|     |                                  |        |     |            | 2f04      | 348d89fe.. |
|     |                                  |        |     |            | 1         |            |
|---------------------------------------------------------------------------------------------|
| 1   | AMD Unknown (RADV RAPHAEL_MEND.. |        |     | 10755   MB | 1002      | 0          |
|     |                                  |        |     |            | 13c0      | 00000000.. |
|     |                                  |        |     |            | c         |            |
|=============================================================================================|
| OS: 22.04.5 LTS (Jammy Jellyfish) ubuntu, Version: 22.04.5, Kernel: 6.8.0-138-generic
| XServer Vendor: The X.Org Foundation, XServer Version: 12101004 (1.21.1.4)
| Processor: AMD Ryzen 5 9600X 6-Core Processor
| Cores: 6 | Logical Cores: 12
|---------------------------------------------------------------------------------------------|
| Total Memory (MB): 31241 | Free Memory: 22814
| Total Page/Swap (MB): 15624 | Free Page/Swap: 15624
|---------------------------------------------------------------------------------------------|
2026-10-06T14:49:16Z [857ms] [Warning] [omni.rtx] CPU performance profile is set to powersave. This profile sets the CPU to the lowest frequency reducing performance.
2026-10-06T14:49:16Z [865ms] [Warning] [omni.rtx] IOMMU is enabled.
[0.964s] [ext: omni.kit.pipapi-0.0.0] startup
[0.965s] [ext: omni.kit.pip_archive-0.0.0] startup
[0.965s] [ext: isaacsim.pip.newton-0.6.1] startup
[0.965s] [ext: omni.pip.compute-1.9.2] startup
[0.965s] [ext: omni.isaac.core_archive-5.3.1] startup
[0.965s] [ext: omni.kit.telemetry-0.5.2] startup
[0.984s] [ext: omni.kit.loop-isaac-1.6.0] startup
[0.985s] [ext: omni.kit.test-2.0.7] startup
[1.034s] [ext: omni.materialx.libs-1.0.9] startup
[1.040s] [ext: omni.gpucompute.plugins-0.0.0] startup
[1.041s] [ext: omni.usd.config-1.0.7] startup
[1.044s] [ext: omni.usd.libs-1.0.3] startup
[1.097s] [ext: omni.iray.libs-0.0.1] startup
[1.100s] [ext: omni.mdl-57.0.3] startup
[1.160s] [ext: omni.mdl.neuraylib-0.2.20] startup
[1.161s] [ext: omni.kit.usd.mdl-1.1.9] startup
[1.244s] [ext: omni.appwindow-1.2.2] startup
[1.246s] [ext: omni.kit.renderer.core-1.2.2] startup
2026-10-06T14:49:22Z [6,463ms] [Warning] [carb.windowing-glfw.gamepad] Joystick with unknown remapping detected (will be ignored):  BEITONG BEITONG A2P3A BFM DONGLE [03000000bc2000001c51000011010000]
[6.495s] [ext: omni.kit.renderer.capture-2.0.1] startup
[6.496s] [ext: omni.kit.renderer.imgui-2.0.6] startup
[6.532s] [ext: omni.ui-3.2.0] startup
[6.539s] [ext: omni.kit.mainwindow-1.0.3] startup
[6.540s] [ext: carb.audio-0.1.0] startup
[6.542s] [ext: omni.uiaudio-1.0.0] startup
[6.542s] [ext: omni.kit.uiapp-0.0.0] startup
[6.543s] [ext: omni.usd.schema.metrics.assembler-110.1.0] startup
[6.545s] [ext: omni.usd.schema.audio-0.0.1] startup
[6.547s] [ext: omni.usd_resolver-1.0.0] startup
[6.549s] [ext: omni.usd.core-1.8.3] startup
[6.552s] [ext: omni.metropolis.schema-0.0.3] startup
[6.552s] [ext: isaacsim.anim.robot.schema-0.1.1] startup
[6.553s] [ext: omni.usd.schema.anim-0.0.1] startup
[6.565s] [ext: omni.usd.schema.geospatial-0.0.1] startup
[6.567s] [ext: omni.usd.schema.omnigraph-1.0.1] startup
[6.571s] [ext: omni.usd.schema.semantics-0.0.0] startup
[6.573s] [ext: omni.activity.core-1.0.3] startup
[6.574s] [ext: omni.cubric-0.1.0] startup
[6.574s] [ext: omni.graph.exec-0.9.6] startup
[6.574s] [ext: omni.hydra.scene_delegate-0.3.5] startup
[6.576s] [ext: usdrt.scenegraph-7.6.3] startup
[6.595s] [ext: omni.hydra.usdrt_delegate-7.5.2] startup
[6.598s] [ext: omni.inspect-1.0.2] startup
[6.600s] [ext: omni.kit.actions.core-1.0.0] startup
[6.601s] [ext: omni.kit.audiodeviceenum-1.0.2] startup
[6.602s] [ext: omni.kit.commands-1.5.0] startup
[6.604s] [ext: omni.kit.exec.core-0.13.5] startup
[6.605s] [ext: omni.kit.usd_undo-0.1.8] startup
[6.605s] [ext: omni.kit.window.popup_dialog-2.0.25] startup
[6.608s] [ext: omni.kit.widget.nucleus_connector-2.3.1] startup
[6.610s] [ext: omni.timeline-1.1.0] startup
[6.611s] [ext: omni.usd-1.16.0] startup
[6.636s] [ext: omni.graph.core-3.1.2] startup
[6.638s] [ext: omni.kit.notification_manager-1.0.11] startup
[6.640s] [ext: isaacsim.core.deprecation_manager-0.4.2] startup
[6.640s] [ext: isaacsim.replicator.agent.schema-0.1.1] startup
[6.641s] [ext: isaacsim.robot.schema-6.3.7] startup
[6.645s] [ext: isaacsim.robot_motion.schema-0.2.1] startup
[6.645s] [ext: omni.anim.behavior.schema-110.1.0] startup
[6.648s] [ext: omni.anim.graph.schema-110.1.1] startup
[6.653s] [ext: omni.anim.navigation.schema-110.1.0] startup
[6.655s] [ext: omni.behavior.tree.schema-110.1.0] startup
[6.655s] [ext: omni.isaac.ml_archive-3.3.0] startup
[6.656s] [ext: omni.kit.asset_converter-6.0.1] startup
[6.664s] [ext: omni.pip.cloud-1.5.4] startup
[6.666s] [ext: omni.usd.schema.flow-110.0.0] startup
[6.666s] [ext: omni.usd.schema.mujoco-1.1.1] startup
[6.667s] [ext: omni.usd.schema.newton-1.2.1] startup
[6.667s] [ext: omni.usd.schema.omni_lens_distortion-1.0.0] startup
[6.668s] [ext: omni.usd.schema.omni_projectors-1.0.0] startup
[6.668s] [ext: omni.usd.schema.omni_sensors-0.0.0] startup
[6.674s] [ext: omni.usd.schema.omniscripting-1.0.1] startup
[6.677s] [ext: omni.usd.schema.physical_lighting-0.1.0] startup
[6.680s] [ext: omni.usd.schema.physx-110.1.13] startup
[6.703s] [ext: omni.usd.schema.render_settings.rtx-1.0.2] startup
[6.706s] [ext: omni.usd.schema.usd_particle_field-1.0.0] startup
[6.706s] [ext: isaacsim.core.version-2.1.1] startup
[6.707s] [ext: omni.kit.menu.core-1.2.0] startup
[6.707s] [ext: omni.kit.menu.utils-2.2.4] startup
[6.713s] [ext: isaacsim.app.about-2.3.1] startup
[6.716s] [ext: isaacsim.asset.transformer-1.2.5] startup
[6.719s] [ext: omni.scene.optimizer.core-110.1.0] startup
[6.748s] [ext: isaacsim.asset.importer.utils-1.8.1] startup
[6.750s] [ext: omni.convexdecomposition-110.1.13] startup
[6.751s] [ext: omni.physics-110.1.13] startup
[6.754s] [ext: omni.physx.gpu-110.1.13] startup
[6.754s] [ext: omni.physx.foundation-110.1.13] startup
[6.755s] [ext: omni.usdphysics-110.1.13] startup
[6.756s] [ext: omni.physx.cooking-110.1.13] startup
[6.758s] [ext: omni.physx-110.1.13] startup
[6.765s] [ext: omni.physics.physx-110.1.13] startup
[6.766s] [ext: isaacsim.asset.exporter.urdf-2.0.5] startup
[6.772s] [ext: omni.kit.clipboard-1.1.1] startup
[6.773s] [ext: omni.kit.usd.layers-2.6.1] startup
[6.778s] [ext: omni.kit.widget.context_menu-1.4.0] startup
[6.779s] [ext: omni.kit.context_menu-1.9.0] startup
[6.780s] [ext: omni.kit.helper.file_utils-0.1.10] startup
[6.781s] [ext: omni.kit.widget.nucleus_info-2.0.2] startup
[6.781s] [ext: omni.kit.search_core-1.0.8] startup
[6.782s] [ext: omni.kit.widget.path_field-2.0.13] startup
[6.782s] [ext: omni.kit.widget.browser_bar-2.0.10] startup
[6.783s] [ext: omni.kit.widget.filebrowser-2.13.4] startup
[6.786s] [ext: omni.kit.widget.options_menu-1.1.6] startup
[6.788s] [ext: omni.kit.widget.options_button-1.0.3] startup
[6.789s] [ext: omni.kit.widget.search_delegate-1.0.9] startup
[6.790s] [ext: omni.ui.scene-2.0.3] startup
[6.793s] [ext: omni.kit.window.filepicker-2.15.5] startup
[6.803s] [ext: omni.kit.window.file_importer-1.1.21] startup
[6.804s] [ext: omni.kit.material.library-3.1.2] startup
[6.808s] [ext: isaacsim.asset.transformer.rules-1.7.10] startup
[6.816s] [ext: omni.usdex.libs-2.2.2] startup
[6.821s] [ext: isaacsim.asset.importer.mjcf-3.10.1] startup
[6.823s] [ext: isaacsim.asset.importer.urdf-3.11.2] startup
[6.826s] [ext: omni.kit.primitive.mesh-1.1.0] startup
[6.828s] [ext: omni.kit.stage_template.core-1.1.22] startup
[6.828s] [ext: omni.kit.stage_templates-2.0.2] startup
[6.829s] [ext: omni.usd.metrics.assembler-110.1.2] startup
[6.831s] [ext: omni.warp.core-1.13.0] startup
[7.010s] [ext: isaacsim.core.experimental.utils-0.17.2] startup
[7.011s] [ext: omni.physics.stageupdate-110.1.13] startup
[7.013s] [ext: omni.physics.tensors-110.1.13] startup
[7.016s] [ext: omni.physx.tensors-110.1.13] startup
[7.019s] [ext: isaacsim.core.simulation_manager-1.15.6] startup
[7.029s] [ext: isaacsim.storage.native-1.9.3] startup
[7.029s] [ext: omni.usd.metrics.assembler.physics-110.1.13] startup
[7.030s] [ext: isaacsim.core.utils-4.1.7] startup
[7.032s] [ext: isaacsim.core.prims-0.11.7] startup
[7.891s] [ext: isaacsim.core.api-5.2.13] startup
[7.896s] [ext: isaacsim.core.cloner-1.7.3] startup
[7.897s] [ext: isaacsim.test.docstring-1.3.2] startup
[7.899s] [ext: isaacsim.core.experimental.prims-1.8.9] startup
[7.917s] [ext: isaacsim.core.experimental.primdata-0.3.2] startup
[7.918s] [ext: omni.graph.tools-1.81.0] startup
[7.936s] [ext: omni.graph-1.142.5] startup
[7.966s] [ext: isaacsim.core.experimental.actuators-0.1.2] startup
[7.978s] [ext: isaacsim.core.experimental.materials-0.7.1] startup
[7.981s] [ext: isaacsim.core.experimental.objects-0.8.1] startup
[8.032s] [ext: omni.hydra.engine.stats-1.0.5] startup
[8.034s] [ext: omni.hydra.rtx.shadercache.vulkan-1.0.0] startup
[8.035s] [ext: omni.index.libs-387500.4413.0] startup
[8.035s] [ext: omni.index-1.0.1] startup
[8.036s] [ext: omni.ujitso.client-0.0.0] startup
[8.036s] [ext: omni.usd.schema.playback-1.0.0] startup
[8.039s] [ext: omni.volume-0.5.2] startup
[8.042s] [ext: omni.hydra.rtx-1.0.4] startup
2026-10-06T14:49:23Z [8,033ms] [Warning] [omni.log] Source: omni.hydra was already registered.
[8.063s] [ext: omni.kit.hydra_texture-1.6.0] startup
[8.066s] [ext: omni.kit.raycast.query-1.2.0] startup
[8.069s] [ext: omni.kit.viewport.legacy_gizmos-1.0.24] startup
[8.071s] [ext: omni.kit.viewport.registry-104.0.6] startup
[8.072s] [ext: omni.kit.viewport.scene_camera_model-1.0.7] startup
[8.074s] [ext: omni.kit.widget.viewport-109.2.0] startup
[8.077s] [ext: omni.kit.window.drop_support-1.0.8] startup
[8.078s] [ext: omni.kit.viewport.window-109.0.2] startup
[8.091s] [ext: omni.kit.viewport.utility-2.0.1] startup
[8.092s] [ext: isaacsim.core.rendering_manager-0.4.3] startup
[8.111s] [ext: omni.graph.action_core-1.1.9] startup
[8.113s] [ext: omni.graph.action_nodes_core-2.11.0] startup
[8.115s] [ext: omni.graph.action_nodes-2.11.0] startup
[8.130s] [ext: omni.graph.action-2.10.2] startup
[8.131s] [ext: omni.graph.image.core-0.6.1] startup
[8.132s] [ext: omni.graph.image.nodes-1.3.1] startup
[8.132s] [ext: omni.graph.nodes_core-2.11.0] startup
[8.136s] [ext: omni.graph.nodes-2.12.0] startup
[8.140s] [ext: omni.kit.hotkeys.core-1.3.12] startup
[8.141s] [ext: omni.kit.property.adapter.core-1.1.1] startup
[8.143s] [ext: omni.kit.property.adapter.usd-1.0.5] startup
[8.144s] [ext: omni.kit.widget.filter-1.1.5] startup
[8.145s] [ext: omni.kit.widget.highlight_label-1.0.3] startup
[8.146s] [ext: omni.kit.widget.searchfield-1.1.8] startup
[8.147s] [ext: omni.kit.window.file_exporter-1.0.36] startup
[8.148s] [ext: omni.kit.widget.stage-4.4.0] startup
[8.155s] [ext: omni.kit.window.content_browser_registry-0.0.6] startup
[8.156s] [ext: omni.kit.window.file-2.0.10] startup
[8.158s] [ext: omni.kit.window.content_browser-3.1.8] startup
[8.167s] [ext: omni.kit.window.property-1.15.1] startup
[8.176s] [ext: omni.kit.property.usd-4.9.4] startup
[8.185s] [ext: omni.graph.scriptnode-2.10.2] startup
[8.192s] [ext: omni.kit.widget.searchable_combobox-1.0.7] startup
[8.193s] [ext: omni.kit.widget.settings-2.0.0] startup
[8.195s] [ext: omni.kit.window.preferences-1.8.3] startup
[8.199s] [ext: omni.kit.viewport.menubar.core-107.2.2] startup
[8.209s] [ext: omni.syntheticdata-0.6.15] startup
[8.231s] [ext: omni.replicator.nv-1.1.1] startup
[8.235s] [ext: omni.videoencoding-0.2.1] startup
[8.236s] [ext: omni.replicator.core-1.13.27] startup
2026-10-06T14:49:23Z [8,222ms] [Warning] [pxr.Semantics] pxr.Semantics is deprecated - please use Semantics instead
2026-10-06T14:49:23Z [8,285ms] [Warning] [omni.replicator.core.scripts.extension] No material configuration file, adding configuration to material settings directly.
[8.431s] [ext: isaacsim.core.nodes-5.10.5] startup
[8.456s] [ext: isaacsim.core.throttling-2.3.5] startup
[8.457s] [ext: omni.kit.manipulator.viewport-107.0.1] startup
[8.458s] [ext: omni.graph.visualization.nodes-2.1.4] startup
[8.469s] [ext: omni.kit.window.extensions-1.5.10] startup
[8.474s] [ext: isaacsim.gui.components-1.8.5] startup
[8.478s] [ext: isaacsim.robot.surface_gripper-3.6.2] startup
[8.487s] [ext: isaacsim.robot.manipulators-3.4.4] startup
[8.496s] [ext: isaacsim.robot_motion.lula-4.1.3] startup
[8.501s] [ext: isaacsim.robot_motion.motion_generation-8.2.9] startup
[8.506s] [ext: isaacsim.cortex.framework-1.0.18] startup
[8.507s] [ext: isaacsim.cortex.behaviors-2.0.17] startup
[8.508s] [ext: isaacsim.examples.base-1.3.2] startup
[8.510s] [ext: omni.kit.widget.zoombar-1.0.7] startup
[8.510s] [ext: omni.kit.browser.core-2.3.18] startup
[8.513s] [ext: omni.kit.browser.folder.core-2.0.2] startup
[8.516s] [ext: omni.kit.widget.stage_icons-1.0.8] startup
[8.517s] [ext: omni.kit.window.stage-2.6.1] startup
[8.520s] [ext: omni.kit.menu.stage-1.2.7] startup
[8.521s] [ext: omni.kit.usd.collect-3.0.6] startup
[8.523s] [ext: omni.kit.widget.prompt-1.0.7] startup
[8.524s] [ext: omni.kit.tool.collect-2.2.19] startup
[8.525s] [ext: isaacsim.examples.browser-0.3.2] startup
[8.527s] [ext: omni.kit.search.files-1.0.4] startup
[8.528s] [ext: omni.kit.widget.calendar-1.0.9] startup
[8.529s] [ext: omni.kit.widget.extended_searchfield-1.0.31] startup
[8.535s] [ext: omni.simready.content.browser-0.3.7] startup
[8.620s] [ext: isaacsim.gui.content_browser-0.4.3] startup
[8.622s] [ext: omni.kit.selection-0.1.6] startup
[8.623s] [ext: isaacsim.gui.menu-2.10.5] startup
[8.629s] [ext: isaacsim.gui.property-1.6.4] startup
[8.635s] [ext: omni.kit.viewport.actions-110.0.0] startup
[8.639s] [ext: omni.kit.viewport.menubar.display-107.1.3] startup
[8.640s] [ext: isaacsim.gui.sensors.icon-2.2.1] startup
[8.642s] [ext: omni.behavior.scripting.core-110.1.0] startup
[8.645s] [ext: isaacsim.replicator.behavior-1.5.4] startup
[8.645s] [ext: isaacsim.replicator.experimental.domain_randomization-1.2.5] startup
[8.658s] [ext: isaacsim.replicator.domain_randomization-1.2.2] startup
[8.723s] [ext: isaacsim.replicator.writers-1.5.4] startup
[8.745s] [ext: isaacsim.robot.experimental.wheeled_robots-0.2.11] startup
[8.764s] [ext: isaacsim.robot.policy.examples-5.2.12] startup
[8.781s] [ext: isaacsim.robot.wheeled_robots-5.2.4] startup
[8.784s] [ext: isaacsim.robot.wheeled_robots.nodes-0.1.5] startup
[8.799s] [ext: isaacsim.robot_motion.experimental.motion_generation-6.1.3] startup
[8.809s] [ext: isaacsim.robot_motion.cumotion-1.3.1] startup
[8.821s] [ext: omni.kit.numpy.common-0.1.3] startup
[8.822s] [ext: isaacsim.sensors.camera-1.7.9] startup
[8.848s] [ext: isaacsim.sensors.experimental.physics-3.0.2] startup
[8.854s] [ext: omni.sensors.net-1.0.1] startup
[8.856s] [ext: omni.sensors.nv.common-3.0.0] startup
[8.865s] [ext: omni.sensors.nv.materials-2.0.0] startup
[8.867s] [ext: omni.sensors.nv.acoustic-3.0.0] startup
[8.869s] [ext: omni.sensors.nv.ids-2.0.1] startup
[8.870s] [ext: omni.sensors.nv.lidar-3.0.0] startup
[8.873s] [ext: omni.sensors.nv.radar-3.0.0] startup
[8.875s] [ext: isaacsim.sensors.experimental.rtx-1.4.6] startup
[9.100s] [ext: isaacsim.sensors.physics.nodes-1.5.3] startup
[9.105s] [ext: isaacsim.util.debug_draw-3.2.3] startup
[9.109s] [ext: isaacsim.sensors.physx-2.5.5] startup
[9.114s] [ext: isaacsim.sensors.rtx-15.17.1] startup
[9.123s] [ext: isaacsim.simulation_app-2.18.4] startup
[9.123s] [ext: omni.anim.curve.core-1.6.0] startup
[9.131s] [ext: omni.graph.ui_nodes-2.11.1] startup
[9.150s] [ext: omni.hydra.scene_api-0.1.3] startup
[9.154s] [ext: omni.kit.manipulator.camera-110.0.0] startup
[9.157s] [ext: omni.kit.manipulator.selector-1.1.4] startup
[9.158s] [ext: omni.kit.manipulator.transform-107.0.0] startup
[9.161s] [ext: omni.kit.widget.toolbar-2.1.0] startup
[9.166s] [ext: omni.kit.manipulator.tool.snap-1.5.14] startup
[9.169s] [ext: omni.kit.viewport.manipulator.transform-107.0.4] startup
[9.171s] [ext: omni.kit.manipulator.prim.core-108.0.2] startup
[9.175s] [ext: omni.kit.manipulator.prim.usd-107.0.3] startup
[9.176s] [ext: omni.kit.manipulator.prim-108.0.0] startup
[9.176s] [ext: omni.kit.manipulator.selection-109.0.1] startup
[9.177s] [ext: omni.kit.menu.create-2.0.2] startup
[9.179s] [ext: omni.kit.property.audio-1.0.16] startup
[9.182s] [ext: omni.kit.property.camera-1.0.14] startup
[9.183s] [ext: omni.kit.property.geometry-2.1.2] startup
[9.185s] [ext: omni.kit.property.light-1.0.14] startup
2026-10-06T14:49:24Z [9,184ms] [Warning] [omni.usd] Encountered USD Warnings but USD Diagnostics are currently muted. To view USD Warnings, please set the '/persistent/app/usd/muteUsdDiagnostics' setting to false in Preferences page.
[9.211s] [ext: omni.kit.property.material-1.14.6] startup
[9.215s] [ext: omni.kit.property.render-1.2.2] startup
[9.216s] [ext: omni.kit.property.transform-1.6.9] startup
[9.219s] [ext: omni.kit.property.bundle-1.5.1] startup
[9.220s] [ext: omni.kit.usdz_export-1.1.0] startup
[9.222s] [ext: omni.kit.tool.asset_importer-6.0.1] startup
[9.227s] [ext: omni.kit.ui.actions-1.0.5] startup
[9.228s] [ext: omni.kit.viewport.menubar.camera-107.0.10] startup
[9.232s] [ext: omni.kit.viewport.menubar.lighting-107.3.2] startup
[9.234s] [ext: omni.kit.viewport.menubar.render-110.0.0] startup
[9.236s] [ext: omni.kit.viewport.menubar.settings-110.0.1] startup
[9.239s] [ext: omni.kit.window.console-1.1.9] startup
[9.242s] [ext: omni.kit.window.status_bar-0.1.11] startup
[9.244s] [ext: omni.kit.window.toolbar-3.0.3] startup
[9.245s] [ext: omni.ocio-0.1.1] startup
[9.246s] [ext: omni.physx.commands-110.1.13] startup
[9.249s] [ext: omni.replicator.replicator_yaml-2.0.12] startup
[9.257s] [ext: omni.rtx.window.settings-0.8.0] startup
[9.261s] [ext: omni.rtx.settings.core-0.7.1] startup
[9.264s] [ext: omni.usd.metrics.assembler.ui-110.1.1] startup
[9.269s] [ext: semantics.schema.editor-2.0.2] startup
[9.271s] [ext: semantics.schema.property-2.0.2] startup
[9.273s] [ext: omni.kit.menu.common-2.0.2] startup
[9.274s] [ext: isaacsim.exp.base-6.0.1] startup
[9.274s] [ext: isaacsim.exp.base.python-6.0.1] startup
[9.275s] Simulation App Starting
[10.314s] Simulation App Startup Complete
[10.319s] app ready
Starting kit application with the following args:  ['/home/starry/isaac-data/isaacsim/exts/isaacsim.simulation_app/isaacsim/simulation_app/simulation_app.py', '/home/starry/isaac-data/isaacsim/apps/isaacsim.exp.base.python.kit', '--/app/tokens/exe-path=/home/starry/isaac-data/isaacsim/kit', '--/persistent/app/viewport/displayOptions=3094', '--/rtx/materialDb/syncLoads=True', '--/rtx/hydra/materialSyncLoads=True', '--/omni/kit/plugin/syncUsdLoads=True', '--/app/renderer/resolution/width=1280', '--/app/renderer/resolution/height=720', '--/app/window/width=1440', '--/app/window/height=900', '--/renderer/multiGpu/enabled=False', '--/app/fastShutdown=True', '--/app/installSignalHandlers=0', '--ext-folder', '/home/starry/isaac-data/isaacsim/exts', '--ext-folder', '/home/starry/isaac-data/isaacsim/apps', '--/renderer/activeGpu=0', '--/physics/cudaDevice=0', '--/plugins/carb.tasking.plugin/threadCount=12', '--/plugins/omni.tbb.globalcontrol/maxThreadCount=12', '--portable', '--no-window', '--/app/window/hideUi=1']
Passing the following args to the base kit application:  []
Warp 1.13.0 initialized:
   CUDA Toolkit 12.9, Driver 13.0
   Devices:
     "cpu"      : "x86_64"
     "cuda:0"   : "NVIDIA GeForce RTX 5070" (11 GiB, sm_120, mempool enabled)
   Kernel cache:
     /home/starry/.cache/warp/1.13.0
[LIGHTING] sun=800.0 (1) dome=0.0 (1) ambient=0.05 constant_color=(0.6, 0.65, 0.7)
[RENDER] mode=MinimalRendering minimal_shading_mode=2 anti_aliasing=TAA
[DEPTH CAMERAS] count=4 resolution_each=320x240 horizontal_coverage=360deg
[ESDF] path=/home/starry/isaac-data/EGO1P3/scenes/ego_swarm_cloud/occupancy.bin shape=(400, 300, 50) resolution=0.40m
[depth_angular_controller-1] [INFO] [1791298168.105961408] [depth_angular_controller]: WAITING_ODOMETRY
[NAV] t=0.0s position=(-64.00,-11.20,2.80) yaw=0.0deg command=(0.00,0.00,0.00) manual_active=0 collision_blocks=0
[depth_angular_controller-1] [INFO] [1791298168.688094227] [depth_angular_controller]: WAITING_VERIFIED_START_POSE
[depth_angular_controller-1] [INFO] [1791298168.722057836] [depth_angular_controller]: VERIFIED_FREE_SEED center=(-64.000,-11.200,2.800) radius=2.500 balls=1: verified fixed Cloud free ball; USD and occupancy SHA-256 matched
[depth_angular_controller-1] [INFO] [1791298168.722153806] [depth_angular_controller]: ZERO_INTENT
[depth_angular_controller-1] [INFO] [1791298169.575900533] [depth_angular_controller]: OMNI_DEPTH views=4 azimuth_bins=180 elevation_bins=37 valid=1 certificates=1 yaw=30.00
[depth_angular_controller-1] [INFO] [1791298169.576761531] [depth_angular_controller]: DEPTH_PROPOSAL_CERTIFIED
[depth_angular_controller-1] [INFO] [1791298169.576993016] [depth_angular_controller]: PAPER_BUILD reason=FULL_MOTION_CERTIFICATE required=0.0000 best=0.0000 free=0 refined=0 tubes=0 revoked_tubes=0 proofs=0
[depth_angular_controller-1] [INFO] [1791298169.577003165] [depth_angular_controller]: PAPER_EVIDENCE retained=4 balls=1 revoked_balls=0 expired_views=0 evicted_views=0 radius=0.580 clearance=0.000 best_prefix=0.000
[depth_angular_controller-1] [INFO] [1791298170.664864697] [depth_angular_controller]: OMNI_DEPTH views=4 azimuth_bins=180 elevation_bins=37 valid=1 certificates=1 yaw=40.00
[depth_angular_controller-1] [INFO] [1791298170.664962180] [depth_angular_controller]: PAPER_BUILD reason=FULL_MOTION_CERTIFICATE required=0.0000 best=0.0000 free=0 refined=0 tubes=1 revoked_tubes=0 proofs=53
[depth_angular_controller-1] [INFO] [1791298170.664969995] [depth_angular_controller]: PAPER_EVIDENCE retained=8 balls=4 revoked_balls=0 expired_views=0 evicted_views=0 radius=0.580 clearance=0.000 best_prefix=0.000
[10.852s] [ext: isaacsim.sensors.rtx.nodes-0.1.2] startup
[10.860s] [ext: isaacsim.ros2.core-1.9.4] startup
[10.874s] Attempting to load system rclpy
[10.874s] Could not import system rclpy: No module named 'rclpy'
[10.874s] Attempting to load internal rclpy for ROS Distro: humble
[10.885s] rclpy loaded
[10.889s] [ext: isaacsim.ros2.nodes-1.18.13] startup
[10.924s] [ext: isaacsim.ros2.examples-1.2.4] startup
[10.928s] [ext: isaacsim.ros2.ui-1.6.5] startup
[11.145s] [ext: isaacsim.ros2.bridge-5.1.2] startup
2026-10-06T14:49:28Z [13,093ms] [Warning] [omni.timeline.plugin] Deprecated: direct use of ITimeline callbacks is deprecated. Use ITimeline::getTimeline (Python: omni.timeline.get_timeline_interface) instead.
[depth_angular_controller-1] [INFO] [1791298171.843914330] [depth_angular_controller]: OMNI_DEPTH views=4 azimuth_bins=180 elevation_bins=37 valid=1 certificates=1 yaw=16.00
[depth_angular_controller-1] [INFO] [1791298171.844232298] [depth_angular_controller]: PAPER_BUILD reason=FULL_MOTION_CERTIFICATE required=0.0000 best=0.0000 free=0 refined=0 tubes=4 revoked_tubes=0 proofs=110
[depth_angular_controller-1] [INFO] [1791298171.844249460] [depth_angular_controller]: PAPER_EVIDENCE retained=12 balls=14 revoked_balls=0 expired_views=0 evicted_views=0 radius=0.580 clearance=0.000 best_prefix=0.000
[depth_angular_controller-1] [INFO] [1791298172.882125754] [depth_angular_controller]: OMNI_DEPTH views=4 azimuth_bins=180 elevation_bins=37 valid=1 certificates=1 yaw=6.34
[depth_angular_controller-1] [INFO] [1791298172.882350607] [depth_angular_controller]: PAPER_BUILD reason=FULL_MOTION_CERTIFICATE required=0.0000 best=0.0000 free=0 refined=0 tubes=8 revoked_tubes=0 proofs=128
[depth_angular_controller-1] [INFO] [1791298172.882357790] [depth_angular_controller]: PAPER_EVIDENCE retained=16 balls=27 revoked_balls=0 expired_views=0 evicted_views=0 radius=0.580 clearance=0.000 best_prefix=0.000
[depth_angular_controller-1] [INFO] [1791298173.690668238] [depth_angular_controller]: [PERF CTRL] run=candidate_v7_spin_ego1p3_2 elapsed=18.70s callbacks=290 commands=289 guidance=229 command_fps(ros/wall)=60.00/57.57 guidance_wall_fps=55.38 avoid_ms(mean/p50/p95/max)=1.668/2.411/3.073/4.096 cycle_ms(mean/p95/max)=17.370/21.351/81.399 depth_to_cmd_ms(mean/p95/max)=58.224/100.000/100.000 callback_to_publish_ms(mean/p95/max)=2.664/7.619/13.413
[depth_angular_controller-1] [INFO] [1791298173.690731397] [depth_angular_controller]: EVIDENCE_COST ingest(mean/p95/max)=1.236/5.935/13.373 record=0.012/0.024/0.041 ms
[depth_angular_controller-1] [INFO] [1791298173.690738741] [depth_angular_controller]: EVIDENCE_PHASE per_view_mean_ms balls=0.051 tubes=0.011 history=0.222 eviction=0.000
[position_cmd_to_twist-2] [INFO] [1791298173.810196309] [position_cmd_to_twist]: [PERF BRIDGE] run=candidate_v7_spin_ego1p3_2 elapsed=18.71s received=295 published=295 fps(ros/wall)=60.00/57.65 controller_to_bridge_ms(mean/p50/p95/max)=0.000/0.000/0.000/0.000 bridge_process_ms(mean/p95/max)=0.092/0.116/0.294
[NAV] t=5.0s position=(-58.93,-9.60,2.93) yaw=80.5deg command=(1.80,0.21,0.00) manual_active=1 collision_blocks=0
[depth_angular_controller-1] [INFO] [1791298173.884022842] [depth_angular_controller]: OMNI_DEPTH views=4 azimuth_bins=180 elevation_bins=37 valid=1 certificates=1 yaw=6.34
[depth_angular_controller-1] [INFO] [1791298173.884652245] [depth_angular_controller]: PAPER_BUILD reason=FULL_MOTION_CERTIFICATE required=0.0000 best=0.0000 free=0 refined=0 tubes=12 revoked_tubes=0 proofs=128
[depth_angular_controller-1] [INFO] [1791298173.884674386] [depth_angular_controller]: PAPER_EVIDENCE retained=16 balls=32 revoked_balls=0 expired_views=0 evicted_views=4 radius=0.580 clearance=0.000 best_prefix=0.000
[depth_angular_controller-1] [INFO] [1791298174.930311495] [depth_angular_controller]: OMNI_DEPTH views=4 azimuth_bins=180 elevation_bins=37 valid=1 certificates=1 yaw=20.05
[depth_angular_controller-1] [INFO] [1791298174.930556796] [depth_angular_controller]: PAPER_BUILD reason=FULL_MOTION_CERTIFICATE required=0.0000 best=0.0000 free=0 refined=0 tubes=15 revoked_tubes=0 proofs=128
[depth_angular_controller-1] [INFO] [1791298174.930564060] [depth_angular_controller]: PAPER_EVIDENCE retained=16 balls=32 revoked_balls=0 expired_views=0 evicted_views=8 radius=0.580 clearance=0.000 best_prefix=0.000
[depth_angular_controller-1] [INFO] [1791298175.898732261] [depth_angular_controller]: OMNI_DEPTH views=4 azimuth_bins=180 elevation_bins=37 valid=1 certificates=1 yaw=6.34
[depth_angular_controller-1] [INFO] [1791298175.898950240] [depth_angular_controller]: PAPER_BUILD reason=FULL_MOTION_CERTIFICATE required=0.0000 best=0.0000 free=0 refined=0 tubes=19 revoked_tubes=0 proofs=128
[depth_angular_controller-1] [INFO] [1791298175.898956352] [depth_angular_controller]: PAPER_EVIDENCE retained=16 balls=32 revoked_balls=0 expired_views=0 evicted_views=12 radius=0.580 clearance=0.000 best_prefix=0.000
[depth_angular_controller-1] [INFO] [1791298176.871332861] [depth_angular_controller]: OMNI_DEPTH views=4 azimuth_bins=180 elevation_bins=37 valid=1 certificates=1 yaw=-4.00
[depth_angular_controller-1] [INFO] [1791298176.872036504] [depth_angular_controller]: PAPER_BUILD reason=FULL_MOTION_CERTIFICATE required=0.0000 best=0.0000 free=0 refined=0 tubes=23 revoked_tubes=0 proofs=128
[depth_angular_controller-1] [INFO] [1791298176.872054678] [depth_angular_controller]: PAPER_EVIDENCE retained=16 balls=32 revoked_balls=0 expired_views=0 evicted_views=16 radius=0.580 clearance=0.000 best_prefix=0.000
[depth_angular_controller-1] [INFO] [1791298178.002420709] [depth_angular_controller]: OMNI_DEPTH views=4 azimuth_bins=180 elevation_bins=37 valid=1 certificates=1 yaw=-10.00
[depth_angular_controller-1] [INFO] [1791298178.002667102] [depth_angular_controller]: PAPER_BUILD reason=FULL_MOTION_CERTIFICATE required=0.0000 best=0.0000 free=0 refined=0 tubes=27 revoked_tubes=0 proofs=128
[depth_angular_controller-1] [INFO] [1791298178.002673384] [depth_angular_controller]: PAPER_EVIDENCE retained=16 balls=32 revoked_balls=0 expired_views=0 evicted_views=20 radius=0.580 clearance=0.000 best_prefix=0.000
[depth_angular_controller-1] [INFO] [1791298178.701765306] [depth_angular_controller]: [PERF CTRL] run=candidate_v7_spin_ego1p3_2 elapsed=23.71s callbacks=578 commands=577 guidance=517 command_fps(ros/wall)=60.00/57.52 guidance_wall_fps=56.53 avoid_ms(mean/p50/p95/max)=2.274/2.633/4.843/5.478 cycle_ms(mean/p95/max)=17.385/22.807/81.467 depth_to_cmd_ms(mean/p95/max)=47.743/100.000/100.000 callback_to_publish_ms(mean/p95/max)=3.797/9.506/14.251
[depth_angular_controller-1] [INFO] [1791298178.701843343] [depth_angular_controller]: EVIDENCE_COST ingest(mean/p95/max)=1.655/6.613/13.373 record=0.014/0.019/0.111 ms
[depth_angular_controller-1] [INFO] [1791298178.701850737] [depth_angular_controller]: EVIDENCE_PHASE per_view_mean_ms balls=0.056 tubes=0.038 history=0.295 eviction=0.001
[position_cmd_to_twist-2] [INFO] [1791298179.062361058] [position_cmd_to_twist]: [PERF BRIDGE] run=candidate_v7_spin_ego1p3_2 elapsed=23.97s received=595 published=595 fps(ros/wall)=60.00/57.32 controller_to_bridge_ms(mean/p50/p95/max)=0.000/0.000/0.000/0.000 bridge_process_ms(mean/p95/max)=0.090/0.113/0.294
[NAV] t=10.0s position=(-50.07,-8.80,2.73) yaw=-179.2deg command=(1.78,-0.30,0.03) manual_active=1 collision_blocks=0
[depth_angular_controller-1] [INFO] [1791298179.147018697] [depth_angular_controller]: OMNI_DEPTH views=4 azimuth_bins=180 elevation_bins=37 valid=1 certificates=1 yaw=-10.00
[depth_angular_controller-1] [INFO] [1791298179.147262565] [depth_angular_controller]: PAPER_BUILD reason=FULL_MOTION_CERTIFICATE required=0.0000 best=0.0000 free=0 refined=0 tubes=30 revoked_tubes=0 proofs=128
[depth_angular_controller-1] [INFO] [1791298179.147268606] [depth_angular_controller]: PAPER_EVIDENCE retained=16 balls=32 revoked_balls=0 expired_views=0 evicted_views=24 radius=0.580 clearance=0.000 best_prefix=0.000
[depth_angular_controller-1] [INFO] [1791298180.240037581] [depth_angular_controller]: OMNI_DEPTH views=4 azimuth_bins=180 elevation_bins=37 valid=1 certificates=1 yaw=-12.00
[depth_angular_controller-1] [INFO] [1791298180.240277321] [depth_angular_controller]: PAPER_BUILD reason=FULL_MOTION_CERTIFICATE required=0.0000 best=0.0000 free=0 refined=0 tubes=34 revoked_tubes=0 proofs=128
[depth_angular_controller-1] [INFO] [1791298180.240286118] [depth_angular_controller]: PAPER_EVIDENCE retained=16 balls=32 revoked_balls=0 expired_views=0 evicted_views=28 radius=0.580 clearance=0.000 best_prefix=0.000
[depth_angular_controller-1] [INFO] [1791298181.258370547] [depth_angular_controller]: OMNI_DEPTH views=4 azimuth_bins=180 elevation_bins=37 valid=1 certificates=2 yaw=-26.00
[depth_angular_controller-1] [INFO] [1791298181.259035997] [depth_angular_controller]: PAPER_BUILD reason=FULL_MOTION_CERTIFICATE required=0.0000 best=0.0000 free=0 refined=0 tubes=38 revoked_tubes=0 proofs=128
[depth_angular_controller-1] [INFO] [1791298181.259053911] [depth_angular_controller]: PAPER_EVIDENCE retained=16 balls=32 revoked_balls=0 expired_views=0 evicted_views=32 radius=0.580 clearance=0.000 best_prefix=0.000
[depth_angular_controller-1] [INFO] [1791298182.232725745] [depth_angular_controller]: OMNI_DEPTH views=4 azimuth_bins=180 elevation_bins=37 valid=1 certificates=1 yaw=6.34
[depth_angular_controller-1] [INFO] [1791298182.232957210] [depth_angular_controller]: PAPER_BUILD reason=FULL_MOTION_CERTIFICATE required=0.0000 best=0.0000 free=0 refined=0 tubes=42 revoked_tubes=0 proofs=128
[depth_angular_controller-1] [INFO] [1791298182.232962610] [depth_angular_controller]: PAPER_EVIDENCE retained=16 balls=32 revoked_balls=0 expired_views=0 evicted_views=36 radius=0.580 clearance=0.000 best_prefix=0.000
[depth_angular_controller-1] [INFO] [1791298183.264458373] [depth_angular_controller]: OMNI_DEPTH views=4 azimuth_bins=180 elevation_bins=37 valid=1 certificates=1 yaw=-24.00
[depth_angular_controller-1] [INFO] [1791298183.264695499] [depth_angular_controller]: PAPER_BUILD reason=FULL_MOTION_CERTIFICATE required=0.0000 best=0.0000 free=0 refined=0 tubes=46 revoked_tubes=0 proofs=128
[depth_angular_controller-1] [INFO] [1791298183.264701250] [depth_angular_controller]: PAPER_EVIDENCE retained=16 balls=32 revoked_balls=0 expired_views=0 evicted_views=40 radius=0.580 clearance=0.000 best_prefix=0.000
[depth_angular_controller-1] [INFO] [1791298183.712019040] [depth_angular_controller]: [PERF CTRL] run=candidate_v7_spin_ego1p3_2 elapsed=28.72s callbacks=863 commands=862 guidance=802 command_fps(ros/wall)=60.00/57.31 guidance_wall_fps=56.65 avoid_ms(mean/p50/p95/max)=2.707/2.929/5.800/10.826 cycle_ms(mean/p95/max)=17.449/23.756/81.467 depth_to_cmd_ms(mean/p95/max)=44.846/83.333/100.000 callback_to_publish_ms(mean/p95/max)=4.543/10.645/18.852
[depth_angular_controller-1] [INFO] [1791298183.712108758] [depth_angular_controller]: EVIDENCE_COST ingest(mean/p95/max)=1.921/7.421/13.373 record=0.015/0.019/0.111 ms
[depth_angular_controller-1] [INFO] [1791298183.712114639] [depth_angular_controller]: EVIDENCE_PHASE per_view_mean_ms balls=0.061 tubes=0.082 history=0.312 eviction=0.001
[position_cmd_to_twist-2] [INFO] [1791298184.374452419] [position_cmd_to_twist]: [PERF BRIDGE] run=candidate_v7_spin_ego1p3_2 elapsed=29.28s received=895 published=895 fps(ros/wall)=60.00/57.03 controller_to_bridge_ms(mean/p50/p95/max)=0.056/0.000/0.000/16.667 bridge_process_ms(mean/p95/max)=0.089/0.111/0.294
[NAV] t=15.0s position=(-41.28,-10.00,2.95) yaw=-78.9deg command=(1.70,-0.60,-0.06) manual_active=1 collision_blocks=0
[depth_angular_controller-1] [INFO] [1791298184.462643207] [depth_angular_controller]: OMNI_DEPTH views=4 azimuth_bins=180 elevation_bins=37 valid=1 certificates=2 yaw=-15.01
[depth_angular_controller-1] [INFO] [1791298184.462891233] [depth_angular_controller]: PAPER_BUILD reason=FULL_MOTION_CERTIFICATE required=0.0000 best=0.0000 free=0 refined=0 tubes=50 revoked_tubes=0 proofs=128
[depth_angular_controller-1] [INFO] [1791298184.462897054] [depth_angular_controller]: PAPER_EVIDENCE retained=16 balls=32 revoked_balls=0 expired_views=0 evicted_views=44 radius=0.580 clearance=0.000 best_prefix=0.000
[depth_angular_controller-1] [INFO] [1791298185.596366327] [depth_angular_controller]: OMNI_DEPTH views=4 azimuth_bins=180 elevation_bins=37 valid=1 certificates=1 yaw=-6.00
[depth_angular_controller-1] [INFO] [1791298185.596813848] [depth_angular_controller]: PAPER_BUILD reason=FULL_MOTION_CERTIFICATE required=0.0000 best=0.0000 free=0 refined=0 tubes=53 revoked_tubes=0 proofs=128
[depth_angular_controller-1] [INFO] [1791298185.596833074] [depth_angular_controller]: PAPER_EVIDENCE retained=16 balls=32 revoked_balls=0 expired_views=0 evicted_views=48 radius=0.580 clearance=0.000 best_prefix=0.000
[depth_angular_controller-1] [INFO] [1791298186.628202620] [depth_angular_controller]: OMNI_DEPTH views=4 azimuth_bins=180 elevation_bins=37 valid=1 certificates=1 yaw=6.34
[depth_angular_controller-1] [INFO] [1791298186.628512272] [depth_angular_controller]: PAPER_BUILD reason=FULL_MOTION_CERTIFICATE required=0.0000 best=0.0000 free=0 refined=0 tubes=57 revoked_tubes=0 proofs=128
[depth_angular_controller-1] [INFO] [1791298186.628519185] [depth_angular_controller]: PAPER_EVIDENCE retained=16 balls=32 revoked_balls=0 expired_views=0 evicted_views=52 radius=0.580 clearance=0.000 best_prefix=0.000
[depth_angular_controller-1] [INFO] [1791298187.576084016] [depth_angular_controller]: OMNI_DEPTH views=4 azimuth_bins=180 elevation_bins=37 valid=1 certificates=1 yaw=6.34
[depth_angular_controller-1] [INFO] [1791298187.576366316] [depth_angular_controller]: PAPER_BUILD reason=FULL_MOTION_CERTIFICATE required=0.0000 best=0.0000 free=0 refined=0 tubes=61 revoked_tubes=0 proofs=128
[depth_angular_controller-1] [INFO] [1791298187.576373550] [depth_angular_controller]: PAPER_EVIDENCE retained=16 balls=32 revoked_balls=0 expired_views=0 evicted_views=56 radius=0.580 clearance=0.000 best_prefix=0.000
[depth_angular_controller-1] [INFO] [1791298188.599210791] [depth_angular_controller]: OMNI_DEPTH views=4 azimuth_bins=180 elevation_bins=37 valid=1 certificates=1 yaw=6.34
[depth_angular_controller-1] [INFO] [1791298188.599488643] [depth_angular_controller]: PAPER_BUILD reason=FULL_MOTION_CERTIFICATE required=0.0000 best=0.0000 free=0 refined=0 tubes=65 revoked_tubes=0 proofs=128
[depth_angular_controller-1] [INFO] [1791298188.599496077] [depth_angular_controller]: PAPER_EVIDENCE retained=16 balls=32 revoked_balls=0 expired_views=0 evicted_views=60 radius=0.580 clearance=0.000 best_prefix=0.000
[depth_angular_controller-1] [INFO] [1791298188.715311581] [depth_angular_controller]: [PERF CTRL] run=candidate_v7_spin_ego1p3_2 elapsed=33.73s callbacks=1149 commands=1148 guidance=1088 command_fps(ros/wall)=60.00/57.27 guidance_wall_fps=56.79 avoid_ms(mean/p50/p95/max)=2.379/2.522/5.373/10.826 cycle_ms(mean/p95/max)=17.460/23.431/82.806 depth_to_cmd_ms(mean/p95/max)=42.540/83.333/100.000 callback_to_publish_ms(mean/p95/max)=4.270/10.178/18.852
[depth_angular_controller-1] [INFO] [1791298188.715435033] [depth_angular_controller]: EVIDENCE_COST ingest(mean/p95/max)=1.910/7.000/13.373 record=0.015/0.019/0.674 ms
[depth_angular_controller-1] [INFO] [1791298188.715444771] [depth_angular_controller]: EVIDENCE_PHASE per_view_mean_ms balls=0.059 tubes=0.069 history=0.324 eviction=0.001
[position_cmd_to_twist-2] [INFO] [1791298189.659888185] [position_cmd_to_twist]: [PERF BRIDGE] run=candidate_v7_spin_ego1p3_2 elapsed=34.57s received=1195 published=1195 fps(ros/wall)=60.00/56.98 controller_to_bridge_ms(mean/p50/p95/max)=0.042/0.000/0.000/16.667 bridge_process_ms(mean/p95/max)=0.089/0.111/0.294
[NAV] t=20.0s position=(-32.42,-10.50,2.73) yaw=21.4deg command=(1.80,0.21,0.00) manual_active=1 collision_blocks=0
[depth_angular_controller-1] [INFO] [1791298189.739079881] [depth_angular_controller]: OMNI_DEPTH views=4 azimuth_bins=180 elevation_bins=37 valid=1 certificates=1 yaw=6.34
[depth_angular_controller-1] [INFO] [1791298189.739317588] [depth_angular_controller]: PAPER_BUILD reason=FULL_MOTION_CERTIFICATE required=0.0000 best=0.0000 free=0 refined=0 tubes=69 revoked_tubes=0 proofs=128
[depth_angular_controller-1] [INFO] [1791298189.739323269] [depth_angular_controller]: PAPER_EVIDENCE retained=16 balls=32 revoked_balls=0 expired_views=0 evicted_views=64 radius=0.580 clearance=0.000 best_prefix=0.000
[depth_angular_controller-1] [INFO] [1791298190.770163690] [depth_angular_controller]: OMNI_DEPTH views=4 azimuth_bins=180 elevation_bins=37 valid=1 certificates=1 yaw=6.34
[depth_angular_controller-1] [INFO] [1791298190.770449427] [depth_angular_controller]: PAPER_BUILD reason=FULL_MOTION_CERTIFICATE required=0.0000 best=0.0000 free=0 refined=0 tubes=72 revoked_tubes=0 proofs=128
[depth_angular_controller-1] [INFO] [1791298190.770456841] [depth_angular_controller]: PAPER_EVIDENCE retained=16 balls=32 revoked_balls=0 expired_views=0 evicted_views=68 radius=0.580 clearance=0.000 best_prefix=0.000
[depth_angular_controller-1] [INFO] [1791298191.750645562] [depth_angular_controller]: OMNI_DEPTH views=4 azimuth_bins=180 elevation_bins=37 valid=1 certificates=1 yaw=6.34
[depth_angular_controller-1] [INFO] [1791298191.750938443] [depth_angular_controller]: PAPER_BUILD reason=FULL_MOTION_CERTIFICATE required=0.0000 best=0.0000 free=0 refined=0 tubes=76 revoked_tubes=0 proofs=128
[depth_angular_controller-1] [INFO] [1791298191.750947339] [depth_angular_controller]: PAPER_EVIDENCE retained=16 balls=32 revoked_balls=0 expired_views=0 evicted_views=72 radius=0.580 clearance=0.000 best_prefix=0.000
[depth_angular_controller-1] [INFO] [1791298192.774275964] [depth_angular_controller]: OMNI_DEPTH views=4 azimuth_bins=180 elevation_bins=37 valid=1 certificates=1 yaw=6.34
[depth_angular_controller-1] [INFO] [1791298192.774607377] [depth_angular_controller]: PAPER_BUILD reason=FULL_MOTION_CERTIFICATE required=0.0000 best=0.0000 free=0 refined=0 tubes=80 revoked_tubes=0 proofs=128
[depth_angular_controller-1] [INFO] [1791298192.774616995] [depth_angular_controller]: PAPER_EVIDENCE retained=16 balls=32 revoked_balls=0 expired_views=0 evicted_views=76 radius=0.580 clearance=0.000 best_prefix=0.000
[depth_angular_controller-1] [INFO] [1791298193.725936331] [depth_angular_controller]: [PERF CTRL] run=candidate_v7_spin_ego1p3_2 elapsed=38.74s callbacks=1437 commands=1436 guidance=1376 command_fps(ros/wall)=60.00/57.31 guidance_wall_fps=56.93 avoid_ms(mean/p50/p95/max)=1.960/0.489/5.080/10.826 cycle_ms(mean/p95/max)=17.448/22.833/82.806 depth_to_cmd_ms(mean/p95/max)=41.194/83.333/100.000 callback_to_publish_ms(mean/p95/max)=3.897/9.720/18.852
[depth_angular_controller-1] [INFO] [1791298193.726084890] [depth_angular_controller]: EVIDENCE_COST ingest(mean/p95/max)=1.911/6.613/13.373 record=0.016/0.019/1.837 ms
[depth_angular_controller-1] [INFO] [1791298193.726092264] [depth_angular_controller]: EVIDENCE_PHASE per_view_mean_ms balls=0.059 tubes=0.060 history=0.334 eviction=0.001
[depth_angular_controller-1] [INFO] [1791298193.807116414] [depth_angular_controller]: OMNI_DEPTH views=4 azimuth_bins=180 elevation_bins=37 valid=1 certificates=1 yaw=6.34
[depth_angular_controller-1] [INFO] [1791298193.808230447] [depth_angular_controller]: PAPER_BUILD reason=FULL_MOTION_CERTIFICATE required=0.0000 best=0.0000 free=0 refined=0 tubes=84 revoked_tubes=0 proofs=128
[depth_angular_controller-1] [INFO] [1791298193.808437346] [depth_angular_controller]: PAPER_EVIDENCE retained=16 balls=32 revoked_balls=0 expired_views=0 evicted_views=80 radius=0.580 clearance=0.000 best_prefix=0.000
[position_cmd_to_twist-2] [INFO] [1791298194.744609076] [position_cmd_to_twist]: [PERF BRIDGE] run=candidate_v7_spin_ego1p3_2 elapsed=39.65s received=1495 published=1495 fps(ros/wall)=60.00/57.36 controller_to_bridge_ms(mean/p50/p95/max)=0.033/0.000/0.000/16.667 bridge_process_ms(mean/p95/max)=0.090/0.111/1.896
[NAV] t=25.0s position=(-23.55,-9.17,2.73) yaw=121.6deg command=(1.44,0.97,-0.00) manual_active=1 collision_blocks=0
[depth_angular_controller-1] [INFO] [1791298194.830036611] [depth_angular_controller]: OMNI_DEPTH views=4 azimuth_bins=180 elevation_bins=37 valid=1 certificates=1 yaw=-32.00
[depth_angular_controller-1] [INFO] [1791298194.830292742] [depth_angular_controller]: PAPER_BUILD reason=FULL_MOTION_CERTIFICATE required=0.0000 best=0.0000 free=0 refined=0 tubes=88 revoked_tubes=0 proofs=128
[depth_angular_controller-1] [INFO] [1791298194.830300296] [depth_angular_controller]: PAPER_EVIDENCE retained=16 balls=32 revoked_balls=0 expired_views=0 evicted_views=84 radius=0.580 clearance=0.000 best_prefix=0.000
[depth_angular_controller-1] [INFO] [1791298195.788909342] [depth_angular_controller]: OMNI_DEPTH views=4 azimuth_bins=180 elevation_bins=37 valid=1 certificates=1 yaw=-46.00
[depth_angular_controller-1] [INFO] [1791298195.789096384] [depth_angular_controller]: PAPER_BUILD reason=FULL_MOTION_CERTIFICATE required=0.0000 best=0.0000 free=0 refined=0 tubes=92 revoked_tubes=0 proofs=128
[depth_angular_controller-1] [INFO] [1791298195.789101744] [depth_angular_controller]: PAPER_EVIDENCE retained=16 balls=32 revoked_balls=0 expired_views=0 evicted_views=88 radius=0.580 clearance=0.000 best_prefix=0.000
[depth_angular_controller-1] [INFO] [1791298196.742113491] [depth_angular_controller]: OMNI_DEPTH views=4 azimuth_bins=180 elevation_bins=37 valid=1 certificates=1 yaw=-46.00
[depth_angular_controller-1] [INFO] [1791298196.742384470] [depth_angular_controller]: PAPER_BUILD reason=FULL_MOTION_CERTIFICATE required=0.0000 best=0.0000 free=0 refined=0 tubes=96 revoked_tubes=0 proofs=128
[depth_angular_controller-1] [INFO] [1791298196.742394028] [depth_angular_controller]: PAPER_EVIDENCE retained=16 balls=32 revoked_balls=0 expired_views=0 evicted_views=92 radius=0.580 clearance=0.000 best_prefix=0.000
[depth_angular_controller-1] [INFO] [1791298197.881633816] [depth_angular_controller]: OMNI_DEPTH views=4 azimuth_bins=180 elevation_bins=37 valid=1 certificates=1 yaw=-42.00
[depth_angular_controller-1] [INFO] [1791298197.881977021] [depth_angular_controller]: PAPER_BUILD reason=FULL_MOTION_CERTIFICATE required=0.0000 best=0.0000 free=0 refined=0 tubes=100 revoked_tubes=0 proofs=128
[depth_angular_controller-1] [INFO] [1791298197.881987010] [depth_angular_controller]: PAPER_EVIDENCE retained=16 balls=32 revoked_balls=0 expired_views=0 evicted_views=96 radius=0.580 clearance=0.000 best_prefix=0.000
[depth_angular_controller-1] [INFO] [1791298198.733599065] [depth_angular_controller]: [PERF CTRL] run=candidate_v7_spin_ego1p3_2 elapsed=43.75s callbacks=1727 commands=1726 guidance=1666 command_fps(ros/wall)=60.00/57.41 guidance_wall_fps=57.10 avoid_ms(mean/p50/p95/max)=2.182/2.502/4.957/10.826 cycle_ms(mean/p95/max)=17.418/23.154/82.806 depth_to_cmd_ms(mean/p95/max)=40.616/66.667/100.000 callback_to_publish_ms(mean/p95/max)=4.113/9.884/18.852
[depth_angular_controller-1] [INFO] [1791298198.733753625] [depth_angular_controller]: EVIDENCE_COST ingest(mean/p95/max)=1.899/6.845/13.373 record=0.016/0.019/1.837 ms
[depth_angular_controller-1] [INFO] [1791298198.733759216] [depth_angular_controller]: EVIDENCE_PHASE per_view_mean_ms balls=0.059 tubes=0.053 history=0.337 eviction=0.001
[depth_angular_controller-1] [INFO] [1791298198.965996893] [depth_angular_controller]: ZERO_INTENT
[position_cmd_to_twist-2] [INFO] [1791298199.973951585] [position_cmd_to_twist]: [PERF BRIDGE] run=candidate_v7_spin_ego1p3_2 elapsed=44.88s received=1795 published=1795 fps(ros/wall)=60.00/57.37 controller_to_bridge_ms(mean/p50/p95/max)=0.028/0.000/0.000/16.667 bridge_process_ms(mean/p95/max)=0.089/0.110/1.896
[NAV] t=30.0s position=(-17.25,-11.08,3.07) yaw=-138.1deg command=(0.48,-0.20,0.05) manual_active=1 collision_blocks=0
[depth_angular_controller-1] [INFO] [1791298203.050640215] [depth_angular_controller]: OMNI_DEPTH views=4 azimuth_bins=180 elevation_bins=37 valid=1 certificates=1 yaw=166.00
[depth_angular_controller-1] [INFO] [1791298203.050746745] [depth_angular_controller]: DEPTH_PROPOSAL_CERTIFIED
[depth_angular_controller-1] [INFO] [1791298203.050752486] [depth_angular_controller]: PAPER_BUILD reason=FULL_MOTION_CERTIFICATE required=0.0000 best=0.0000 free=0 refined=0 tubes=106 revoked_tubes=0 proofs=128
[depth_angular_controller-1] [INFO] [1791298203.050757245] [depth_angular_controller]: PAPER_EVIDENCE retained=16 balls=32 revoked_balls=0 expired_views=0 evicted_views=116 radius=0.580 clearance=0.000 best_prefix=0.000
[depth_angular_controller-1] [INFO] [1791298203.737833727] [depth_angular_controller]: [PERF CTRL] run=candidate_v7_spin_ego1p3_2 elapsed=48.75s callbacks=2020 commands=2019 guidance=1719 command_fps(ros/wall)=60.00/57.58 guidance_wall_fps=50.29 avoid_ms(mean/p50/p95/max)=2.253/2.549/4.976/10.826 cycle_ms(mean/p95/max)=17.368/23.570/84.732 depth_to_cmd_ms(mean/p95/max)=40.799/66.667/100.000 callback_to_publish_ms(mean/p95/max)=3.915/9.819/18.852
[depth_angular_controller-1] [INFO] [1791298203.738007974] [depth_angular_controller]: EVIDENCE_COST ingest(mean/p95/max)=1.892/7.355/13.373 record=0.016/0.019/1.837 ms
[depth_angular_controller-1] [INFO] [1791298203.738015127] [depth_angular_controller]: EVIDENCE_PHASE per_view_mean_ms balls=0.064 tubes=0.053 history=0.330 eviction=0.001
[depth_angular_controller-1] [INFO] [1791298204.205417322] [depth_angular_controller]: OMNI_DEPTH views=4 azimuth_bins=180 elevation_bins=37 valid=1 certificates=1 yaw=164.00
[depth_angular_controller-1] [INFO] [1791298204.205848833] [depth_angular_controller]: PAPER_BUILD reason=FULL_MOTION_CERTIFICATE required=0.0000 best=0.0000 free=0 refined=0 tubes=107 revoked_tubes=0 proofs=128
[depth_angular_controller-1] [INFO] [1791298204.205868059] [depth_angular_controller]: PAPER_EVIDENCE retained=16 balls=32 revoked_balls=0 expired_views=0 evicted_views=120 radius=0.580 clearance=0.000 best_prefix=0.000
[position_cmd_to_twist-2] [INFO] [1791298205.079449993] [position_cmd_to_twist]: [PERF BRIDGE] run=candidate_v7_spin_ego1p3_2 elapsed=49.99s received=2095 published=2095 fps(ros/wall)=60.00/57.56 controller_to_bridge_ms(mean/p50/p95/max)=0.024/0.000/0.000/16.667 bridge_process_ms(mean/p95/max)=0.088/0.110/1.896
[NAV] t=35.0s position=(-18.92,-10.66,2.99) yaw=-118.7deg command=(-1.73,0.41,0.03) manual_active=1 collision_blocks=0
[depth_angular_controller-1] [INFO] [1791298205.164080220] [depth_angular_controller]: OMNI_DEPTH views=4 azimuth_bins=180 elevation_bins=37 valid=1 certificates=1 yaw=170.00
[depth_angular_controller-1] [INFO] [1791298205.164380674] [depth_angular_controller]: PAPER_BUILD reason=FULL_MOTION_CERTIFICATE required=0.0000 best=0.0000 free=0 refined=0 tubes=110 revoked_tubes=0 proofs=128
[depth_angular_controller-1] [INFO] [1791298205.164389651] [depth_angular_controller]: PAPER_EVIDENCE retained=16 balls=32 revoked_balls=0 expired_views=0 evicted_views=124 radius=0.580 clearance=0.000 best_prefix=0.000
[depth_angular_controller-1] [INFO] [1791298206.244469409] [depth_angular_controller]: OMNI_DEPTH views=4 azimuth_bins=180 elevation_bins=37 valid=1 certificates=1 yaw=-173.66
[depth_angular_controller-1] [INFO] [1791298206.244759103] [depth_angular_controller]: PAPER_BUILD reason=FULL_MOTION_CERTIFICATE required=0.0000 best=0.0000 free=0 refined=0 tubes=114 revoked_tubes=0 proofs=128
[depth_angular_controller-1] [INFO] [1791298206.244766998] [depth_angular_controller]: PAPER_EVIDENCE retained=16 balls=32 revoked_balls=0 expired_views=0 evicted_views=128 radius=0.580 clearance=0.000 best_prefix=0.000
[depth_angular_controller-1] [INFO] [1791298207.207419613] [depth_angular_controller]: OMNI_DEPTH views=4 azimuth_bins=180 elevation_bins=37 valid=1 certificates=1 yaw=-173.66
[depth_angular_controller-1] [INFO] [1791298207.208588911] [depth_angular_controller]: PAPER_BUILD reason=FULL_MOTION_CERTIFICATE required=0.0000 best=0.0000 free=0 refined=0 tubes=118 revoked_tubes=0 proofs=128
[depth_angular_controller-1] [INFO] [1791298207.208614829] [depth_angular_controller]: PAPER_EVIDENCE retained=16 balls=32 revoked_balls=0 expired_views=0 evicted_views=132 radius=0.580 clearance=0.000 best_prefix=0.000
[depth_angular_controller-1] [INFO] [1791298208.412614581] [depth_angular_controller]: OMNI_DEPTH views=4 azimuth_bins=180 elevation_bins=37 valid=1 certificates=1 yaw=-173.66
[depth_angular_controller-1] [INFO] [1791298208.412969058] [depth_angular_controller]: PAPER_BUILD reason=FULL_MOTION_CERTIFICATE required=0.0000 best=0.0000 free=0 refined=0 tubes=121 revoked_tubes=0 proofs=128
[depth_angular_controller-1] [INFO] [1791298208.412977714] [depth_angular_controller]: PAPER_EVIDENCE retained=16 balls=32 revoked_balls=0 expired_views=0 evicted_views=136 radius=0.580 clearance=0.000 best_prefix=0.000
[depth_angular_controller-1] [INFO] [1791298208.750474516] [depth_angular_controller]: [PERF CTRL] run=candidate_v7_spin_ego1p3_2 elapsed=53.76s callbacks=2303 commands=2302 guidance=2002 command_fps(ros/wall)=60.00/57.44 guidance_wall_fps=51.08 avoid_ms(mean/p50/p95/max)=2.215/2.518/4.924/10.826 cycle_ms(mean/p95/max)=17.411/24.280/84.732 depth_to_cmd_ms(mean/p95/max)=41.558/83.333/100.000 callback_to_publish_ms(mean/p95/max)=3.929/9.905/18.852
[depth_angular_controller-1] [INFO] [1791298208.750674702] [depth_angular_controller]: EVIDENCE_COST ingest(mean/p95/max)=1.900/7.868/13.373 record=0.016/0.019/1.837 ms
[depth_angular_controller-1] [INFO] [1791298208.750680503] [depth_angular_controller]: EVIDENCE_PHASE per_view_mean_ms balls=0.064 tubes=0.051 history=0.333 eviction=0.001
[depth_angular_controller-1] [INFO] [1791298209.373476091] [depth_angular_controller]: OMNI_DEPTH views=4 azimuth_bins=180 elevation_bins=37 valid=1 certificates=1 yaw=-173.66
[depth_angular_controller-1] [INFO] [1791298209.373796463] [depth_angular_controller]: PAPER_BUILD reason=FULL_MOTION_CERTIFICATE required=0.0000 best=0.0000 free=0 refined=0 tubes=125 revoked_tubes=0 proofs=128
[depth_angular_controller-1] [INFO] [1791298209.373806201] [depth_angular_controller]: PAPER_EVIDENCE retained=16 balls=32 revoked_balls=0 expired_views=0 evicted_views=140 radius=0.580 clearance=0.000 best_prefix=0.000
[position_cmd_to_twist-2] [INFO] [1791298210.311568500] [position_cmd_to_twist]: [PERF BRIDGE] run=candidate_v7_spin_ego1p3_2 elapsed=55.22s received=2395 published=2395 fps(ros/wall)=60.00/57.54 controller_to_bridge_ms(mean/p50/p95/max)=0.021/0.000/0.000/16.667 bridge_process_ms(mean/p95/max)=0.088/0.110/1.896
[NAV] t=40.0s position=(-27.88,-10.93,3.15) yaw=141.0deg command=(-1.80,-0.19,0.00) manual_active=1 collision_blocks=0
[depth_angular_controller-1] [INFO] [1791298210.393155757] [depth_angular_controller]: OMNI_DEPTH views=4 azimuth_bins=180 elevation_bins=37 valid=1 certificates=1 yaw=-173.66
[depth_angular_controller-1] [INFO] [1791298210.393504413] [depth_angular_controller]: PAPER_BUILD reason=FULL_MOTION_CERTIFICATE required=0.0000 best=0.0000 free=0 refined=0 tubes=129 revoked_tubes=0 proofs=128
[depth_angular_controller-1] [INFO] [1791298210.393513420] [depth_angular_controller]: PAPER_EVIDENCE retained=16 balls=32 revoked_balls=0 expired_views=0 evicted_views=144 radius=0.580 clearance=0.000 best_prefix=0.000
[depth_angular_controller-1] [INFO] [1791298211.353664373] [depth_angular_controller]: OMNI_DEPTH views=4 azimuth_bins=180 elevation_bins=37 valid=1 certificates=1 yaw=-173.66
[depth_angular_controller-1] [INFO] [1791298211.353987330] [depth_angular_controller]: PAPER_BUILD reason=FULL_MOTION_CERTIFICATE required=0.0000 best=0.0000 free=0 refined=0 tubes=133 revoked_tubes=0 proofs=128
[depth_angular_controller-1] [INFO] [1791298211.353995746] [depth_angular_controller]: PAPER_EVIDENCE retained=16 balls=32 revoked_balls=0 expired_views=0 evicted_views=148 radius=0.580 clearance=0.000 best_prefix=0.000
[depth_angular_controller-1] [INFO] [1791298212.322092122] [depth_angular_controller]: OMNI_DEPTH views=4 azimuth_bins=180 elevation_bins=37 valid=1 certificates=1 yaw=-173.66
[depth_angular_controller-1] [INFO] [1791298212.322360036] [depth_angular_controller]: PAPER_BUILD reason=FULL_MOTION_CERTIFICATE required=0.0000 best=0.0000 free=0 refined=0 tubes=137 revoked_tubes=0 proofs=128
[depth_angular_controller-1] [INFO] [1791298212.322370756] [depth_angular_controller]: PAPER_EVIDENCE retained=16 balls=32 revoked_balls=0 expired_views=0 evicted_views=152 radius=0.580 clearance=0.000 best_prefix=0.000
[depth_angular_controller-1] [INFO] [1791298213.476288498] [depth_angular_controller]: OMNI_DEPTH views=4 azimuth_bins=180 elevation_bins=37 valid=1 certificates=1 yaw=-173.66
[depth_angular_controller-1] [INFO] [1791298213.476617176] [depth_angular_controller]: PAPER_BUILD reason=FULL_MOTION_CERTIFICATE required=0.0000 best=0.0000 free=0 refined=0 tubes=140 revoked_tubes=0 proofs=128
[depth_angular_controller-1] [INFO] [1791298213.476630100] [depth_angular_controller]: PAPER_EVIDENCE retained=16 balls=32 revoked_balls=0 expired_views=0 evicted_views=156 radius=0.580 clearance=0.000 best_prefix=0.000
[depth_angular_controller-1] [INFO] [1791298213.763640362] [depth_angular_controller]: [PERF CTRL] run=candidate_v7_spin_ego1p3_2 elapsed=58.78s callbacks=2600 commands=2599 guidance=2299 command_fps(ros/wall)=60.00/57.64 guidance_wall_fps=52.00 avoid_ms(mean/p50/p95/max)=1.980/0.508/4.841/10.826 cycle_ms(mean/p95/max)=17.350/24.380/84.732 depth_to_cmd_ms(mean/p95/max)=42.149/83.333/100.000 callback_to_publish_ms(mean/p95/max)=3.753/9.763/18.852
[depth_angular_controller-1] [INFO] [1791298213.763895321] [depth_angular_controller]: EVIDENCE_COST ingest(mean/p95/max)=1.899/7.977/13.373 record=0.016/0.019/1.837 ms
[depth_angular_controller-1] [INFO] [1791298213.763903096] [depth_angular_controller]: EVIDENCE_PHASE per_view_mean_ms balls=0.063 tubes=0.048 history=0.337 eviction=0.001
[depth_angular_controller-1] [INFO] [1791298214.423456984] [depth_angular_controller]: OMNI_DEPTH views=4 azimuth_bins=180 elevation_bins=37 valid=1 certificates=1 yaw=-173.66
[depth_angular_controller-1] [INFO] [1791298214.423781854] [depth_angular_controller]: PAPER_BUILD reason=FULL_MOTION_CERTIFICATE required=0.0000 best=0.0000 free=0 refined=0 tubes=144 revoked_tubes=0 proofs=128
[depth_angular_controller-1] [INFO] [1791298214.423790080] [depth_angular_controller]: PAPER_EVIDENCE retained=16 balls=32 revoked_balls=0 expired_views=0 evicted_views=160 radius=0.580 clearance=0.000 best_prefix=0.000
[position_cmd_to_twist-2] [INFO] [1791298215.472780551] [position_cmd_to_twist]: [PERF BRIDGE] run=candidate_v7_spin_ego1p3_2 elapsed=60.38s received=2695 published=2695 fps(ros/wall)=60.00/57.60 controller_to_bridge_ms(mean/p50/p95/max)=0.019/0.000/0.000/16.667 bridge_process_ms(mean/p95/max)=0.088/0.109/1.896
[NAV] t=45.0s position=(-36.88,-11.88,3.15) yaw=40.7deg command=(-1.80,-0.19,0.00) manual_active=1 collision_blocks=0
[depth_angular_controller-1] [INFO] [1791298215.612991551] [depth_angular_controller]: OMNI_DEPTH views=4 azimuth_bins=180 elevation_bins=37 valid=1 certificates=1 yaw=-173.66
[depth_angular_controller-1] [INFO] [1791298215.613317734] [depth_angular_controller]: PAPER_BUILD reason=FULL_MOTION_CERTIFICATE required=0.0000 best=0.0000 free=0 refined=0 tubes=148 revoked_tubes=0 proofs=128
[depth_angular_controller-1] [INFO] [1791298215.613325278] [depth_angular_controller]: PAPER_EVIDENCE retained=16 balls=32 revoked_balls=0 expired_views=0 evicted_views=164 radius=0.580 clearance=0.000 best_prefix=0.000
[depth_angular_controller-1] [INFO] [1791298216.633169063] [depth_angular_controller]: OMNI_DEPTH views=4 azimuth_bins=180 elevation_bins=37 valid=1 certificates=1 yaw=-173.66
[depth_angular_controller-1] [INFO] [1791298216.633502821] [depth_angular_controller]: PAPER_BUILD reason=FULL_MOTION_CERTIFICATE required=0.0000 best=0.0000 free=0 refined=0 tubes=152 revoked_tubes=0 proofs=128
[depth_angular_controller-1] [INFO] [1791298216.633510295] [depth_angular_controller]: PAPER_EVIDENCE retained=16 balls=32 revoked_balls=0 expired_views=0 evicted_views=168 radius=0.580 clearance=0.000 best_prefix=0.000
[depth_angular_controller-1] [INFO] [1791298217.610477522] [depth_angular_controller]: OMNI_DEPTH views=4 azimuth_bins=180 elevation_bins=37 valid=1 certificates=1 yaw=-164.92
[depth_angular_controller-1] [INFO] [1791298217.610865481] [depth_angular_controller]: PAPER_BUILD reason=FULL_MOTION_CERTIFICATE required=0.0000 best=0.0000 free=0 refined=0 tubes=155 revoked_tubes=0 proofs=128
[depth_angular_controller-1] [INFO] [1791298217.610875860] [depth_angular_controller]: PAPER_EVIDENCE retained=16 balls=32 revoked_balls=0 expired_views=0 evicted_views=172 radius=0.580 clearance=0.000 best_prefix=0.000
[depth_angular_controller-1] [INFO] [1791298218.694743246] [depth_angular_controller]: OMNI_DEPTH views=4 azimuth_bins=180 elevation_bins=37 valid=1 certificates=1 yaw=-173.66
[depth_angular_controller-1] [INFO] [1791298218.695081201] [depth_angular_controller]: PAPER_BUILD reason=FULL_MOTION_CERTIFICATE required=0.0000 best=0.0000 free=0 refined=0 tubes=159 revoked_tubes=0 proofs=128
[depth_angular_controller-1] [INFO] [1791298218.695087423] [depth_angular_controller]: PAPER_EVIDENCE retained=16 balls=32 revoked_balls=0 expired_views=0 evicted_views=176 radius=0.580 clearance=0.000 best_prefix=0.000
[depth_angular_controller-1] [INFO] [1791298218.777825063] [depth_angular_controller]: [PERF CTRL] run=candidate_v7_spin_ego1p3_2 elapsed=63.79s callbacks=2887 commands=2886 guidance=2586 command_fps(ros/wall)=60.00/57.60 guidance_wall_fps=52.54 avoid_ms(mean/p50/p95/max)=1.885/0.450/4.795/10.826 cycle_ms(mean/p95/max)=17.362/24.307/84.732 depth_to_cmd_ms(mean/p95/max)=42.524/83.333/100.000 callback_to_publish_ms(mean/p95/max)=3.663/9.653/18.852
[depth_angular_controller-1] [INFO] [1791298218.778067859] [depth_angular_controller]: EVIDENCE_COST ingest(mean/p95/max)=1.871/7.812/13.373 record=0.016/0.020/1.837 ms
[depth_angular_controller-1] [INFO] [1791298218.778077717] [depth_angular_controller]: EVIDENCE_PHASE per_view_mean_ms balls=0.061 tubes=0.046 history=0.333 eviction=0.001
[depth_angular_controller-1] [INFO] [1791298219.665964344] [depth_angular_controller]: OMNI_DEPTH views=4 azimuth_bins=180 elevation_bins=37 valid=1 certificates=1 yaw=-173.66
[depth_angular_controller-1] [INFO] [1791298219.666293643] [depth_angular_controller]: PAPER_BUILD reason=FULL_MOTION_CERTIFICATE required=0.0000 best=0.0000 free=0 refined=0 tubes=163 revoked_tubes=0 proofs=128
[depth_angular_controller-1] [INFO] [1791298219.666301428] [depth_angular_controller]: PAPER_EVIDENCE retained=16 balls=32 revoked_balls=0 expired_views=0 evicted_views=180 radius=0.580 clearance=0.000 best_prefix=0.000
[position_cmd_to_twist-2] [INFO] [1791298220.552100501] [position_cmd_to_twist]: [PERF BRIDGE] run=candidate_v7_spin_ego1p3_2 elapsed=65.46s received=2995 published=2995 fps(ros/wall)=60.00/57.74 controller_to_bridge_ms(mean/p50/p95/max)=0.017/0.000/0.000/16.667 bridge_process_ms(mean/p95/max)=0.089/0.109/2.046
[NAV] t=50.0s position=(-45.76,-13.40,3.43) yaw=-59.5deg command=(-1.66,-0.65,0.07) manual_active=1 collision_blocks=0
[depth_angular_controller-1] [INFO] [1791298220.634194020] [depth_angular_controller]: OMNI_DEPTH views=4 azimuth_bins=180 elevation_bins=37 valid=1 certificates=1 yaw=-150.00
[depth_angular_controller-1] [INFO] [1791298220.634566390] [depth_angular_controller]: PAPER_BUILD reason=FULL_MOTION_CERTIFICATE required=0.0000 best=0.0000 free=0 refined=0 tubes=167 revoked_tubes=0 proofs=128
[depth_angular_controller-1] [INFO] [1791298220.634581178] [depth_angular_controller]: PAPER_EVIDENCE retained=16 balls=32 revoked_balls=0 expired_views=0 evicted_views=184 radius=0.580 clearance=0.000 best_prefix=0.000
[depth_angular_controller-1] [INFO] [1791298221.731434608] [depth_angular_controller]: OMNI_DEPTH views=4 azimuth_bins=180 elevation_bins=37 valid=1 certificates=1 yaw=-158.00
[depth_angular_controller-1] [INFO] [1791298221.732546749] [depth_angular_controller]: PAPER_BUILD reason=FULL_MOTION_CERTIFICATE required=0.0000 best=0.0000 free=0 refined=0 tubes=171 revoked_tubes=0 proofs=128
[depth_angular_controller-1] [INFO] [1791298221.732564211] [depth_angular_controller]: PAPER_EVIDENCE retained=16 balls=32 revoked_balls=0 expired_views=0 evicted_views=188 radius=0.580 clearance=0.000 best_prefix=0.000
[depth_angular_controller-1] [INFO] [1791298222.945566231] [depth_angular_controller]: OMNI_DEPTH views=4 azimuth_bins=180 elevation_bins=37 valid=1 certificates=1 yaw=-166.00
[depth_angular_controller-1] [INFO] [1791298222.945904918] [depth_angular_controller]: PAPER_BUILD reason=FULL_MOTION_CERTIFICATE required=0.0000 best=0.0000 free=0 refined=0 tubes=174 revoked_tubes=0 proofs=128
[depth_angular_controller-1] [INFO] [1791298222.945912903] [depth_angular_controller]: PAPER_EVIDENCE retained=16 balls=32 revoked_balls=0 expired_views=0 evicted_views=192 radius=0.580 clearance=0.000 best_prefix=0.000
[depth_angular_controller-1] [INFO] [1791298223.780921235] [depth_angular_controller]: [PERF CTRL] run=candidate_v7_spin_ego1p3_2 elapsed=68.79s callbacks=3173 commands=3172 guidance=2872 command_fps(ros/wall)=60.00/57.56 guidance_wall_fps=52.96 avoid_ms(mean/p50/p95/max)=1.978/1.084/4.761/10.826 cycle_ms(mean/p95/max)=17.374/24.176/84.732 depth_to_cmd_ms(mean/p95/max)=42.990/83.333/100.000 callback_to_publish_ms(mean/p95/max)=3.775/9.616/18.852
[depth_angular_controller-1] [INFO] [1791298223.781183487] [depth_angular_controller]: EVIDENCE_COST ingest(mean/p95/max)=1.883/7.678/13.373 record=0.016/0.019/1.837 ms
[depth_angular_controller-1] [INFO] [1791298223.781190952] [depth_angular_controller]: EVIDENCE_PHASE per_view_mean_ms balls=0.060 tubes=0.049 history=0.335 eviction=0.001
[depth_angular_controller-1] [INFO] [1791298223.922622896] [depth_angular_controller]: OMNI_DEPTH views=4 azimuth_bins=180 elevation_bins=37 valid=1 certificates=1 yaw=-160.05
[depth_angular_controller-1] [INFO] [1791298223.922973625] [depth_angular_controller]: PAPER_BUILD reason=FULL_MOTION_CERTIFICATE required=0.0000 best=0.0000 free=0 refined=0 tubes=178 revoked_tubes=0 proofs=128
[depth_angular_controller-1] [INFO] [1791298223.922986379] [depth_angular_controller]: PAPER_EVIDENCE retained=16 balls=32 revoked_balls=0 expired_views=0 evicted_views=196 radius=0.580 clearance=0.000 best_prefix=0.000
[depth_angular_controller-1] [INFO] [1791298225.011444753] [depth_angular_controller]: OMNI_DEPTH views=4 azimuth_bins=180 elevation_bins=37 valid=1 certificates=1 yaw=-160.05
[depth_angular_controller-1] [INFO] [1791298225.011786505] [depth_angular_controller]: PAPER_BUILD reason=FULL_MOTION_CERTIFICATE required=0.0000 best=0.0000 free=0 refined=0 tubes=182 revoked_tubes=0 proofs=128
[depth_angular_controller-1] [INFO] [1791298225.011793579] [depth_angular_controller]: PAPER_EVIDENCE retained=16 balls=32 revoked_balls=0 expired_views=0 evicted_views=200 radius=0.580 clearance=0.000 best_prefix=0.000
[position_cmd_to_twist-2] [INFO] [1791298225.964527313] [position_cmd_to_twist]: [PERF BRIDGE] run=candidate_v7_spin_ego1p3_2 elapsed=70.87s received=3295 published=3295 fps(ros/wall)=60.00/57.52 controller_to_bridge_ms(mean/p50/p95/max)=0.025/0.000/0.000/16.667 bridge_process_ms(mean/p95/max)=0.088/0.109/2.046
[NAV] t=55.0s position=(-54.03,-16.31,2.18) yaw=-159.8deg command=(-1.57,-0.12,-0.46) manual_active=1 collision_blocks=0
[depth_angular_controller-1] [INFO] [1791298226.057759936] [depth_angular_controller]: OMNI_DEPTH views=4 azimuth_bins=180 elevation_bins=37 valid=1 certificates=1 yaw=136.00
[depth_angular_controller-1] [INFO] [1791298226.058033270] [depth_angular_controller]: PAPER_BUILD reason=FULL_MOTION_CERTIFICATE required=0.0000 best=0.0000 free=0 refined=0 tubes=185 revoked_tubes=0 proofs=128
[depth_angular_controller-1] [INFO] [1791298226.058038951] [depth_angular_controller]: PAPER_EVIDENCE retained=16 balls=32 revoked_balls=0 expired_views=0 evicted_views=204 radius=0.580 clearance=0.000 best_prefix=0.000
[depth_angular_controller-1] [INFO] [1791298226.798345849] [depth_angular_controller]: COMPUTE_DEADLINE
[depth_angular_controller-1] [INFO] [1791298226.817792736] [depth_angular_controller]: DEPTH_PROPOSAL_CERTIFIED
[depth_angular_controller-1] [INFO] [1791298227.084048884] [depth_angular_controller]: OMNI_DEPTH views=4 azimuth_bins=180 elevation_bins=37 valid=1 certificates=1 yaw=-136.00
[depth_angular_controller-1] [INFO] [1791298227.084261013] [depth_angular_controller]: PAPER_BUILD reason=FULL_MOTION_CERTIFICATE required=0.0000 best=0.0000 free=0 refined=0 tubes=189 revoked_tubes=0 proofs=128
[depth_angular_controller-1] [INFO] [1791298227.084267365] [depth_angular_controller]: PAPER_EVIDENCE retained=16 balls=32 revoked_balls=0 expired_views=0 evicted_views=208 radius=0.580 clearance=0.000 best_prefix=0.000
[depth_angular_controller-1] [INFO] [1791298227.946737235] [depth_angular_controller]: COMPUTE_DEADLINE
[depth_angular_controller-1] [INFO] [1791298227.977728999] [depth_angular_controller]: DEPTH_PROPOSAL_CERTIFIED
[depth_angular_controller-1] [INFO] [1791298228.119452862] [depth_angular_controller]: PAPER_BUILD reason=FULL_MOTION_CERTIFICATE required=0.0000 best=0.0000 free=0 refined=0 tubes=192 revoked_tubes=0 proofs=128
[depth_angular_controller-1] [INFO] [1791298228.119495973] [depth_angular_controller]: PAPER_EVIDENCE retained=16 balls=32 revoked_balls=0 expired_views=0 evicted_views=212 radius=0.580 clearance=0.000 best_prefix=0.000
[depth_angular_controller-1] [INFO] [1791298228.134344258] [depth_angular_controller]: OMNI_DEPTH views=4 azimuth_bins=180 elevation_bins=37 valid=1 certificates=1 yaw=-104.00
[depth_angular_controller-1] [INFO] [1791298228.558528332] [depth_angular_controller]: COMPUTE_DEADLINE
[depth_angular_controller-1] [INFO] [1791298228.617396404] [depth_angular_controller]: DEPTH_PROPOSAL_CERTIFIED
[depth_angular_controller-1] [INFO] [1791298228.805425249] [depth_angular_controller]: [PERF CTRL] run=candidate_v7_spin_ego1p3_2 elapsed=73.82s callbacks=3420 commands=3419 guidance=3119 command_fps(ros/wall)=59.27/56.86 guidance_wall_fps=52.64 avoid_ms(mean/p50/p95/max)=2.546/2.451/5.978/161.317 cycle_ms(mean/p95/max)=17.588/24.612/178.944 depth_to_cmd_ms(mean/p95/max)=42.962/83.333/100.000 callback_to_publish_ms(mean/p95/max)=4.384/10.414/178.887
[depth_angular_controller-1] [INFO] [1791298228.805705225] [depth_angular_controller]: EVIDENCE_COST ingest(mean/p95/max)=1.957/7.715/24.973 record=0.020/0.019/2.310 ms
[depth_angular_controller-1] [INFO] [1791298228.805716706] [depth_angular_controller]: EVIDENCE_PHASE per_view_mean_ms balls=0.062 tubes=0.055 history=0.345 eviction=0.001
[depth_angular_controller-1] [INFO] [1791298229.112378099] [depth_angular_controller]: OMNI_DEPTH views=4 azimuth_bins=180 elevation_bins=37 valid=1 certificates=1 yaw=-94.00
[depth_angular_controller-1] [INFO] [1791298229.130764182] [depth_angular_controller]: PAPER_BUILD reason=FULL_MOTION_CERTIFICATE required=0.0000 best=0.0000 free=0 refined=0 tubes=194 revoked_tubes=0 proofs=128
[depth_angular_controller-1] [INFO] [1791298229.130797605] [depth_angular_controller]: PAPER_EVIDENCE retained=16 balls=32 revoked_balls=0 expired_views=0 evicted_views=216 radius=0.580 clearance=0.000 best_prefix=0.000
[depth_angular_controller-1] [INFO] [1791298230.036537804] [depth_angular_controller]: COMPUTE_DEADLINE
[depth_angular_controller-1] [INFO] [1791298230.073613621] [depth_angular_controller]: DEPTH_PROPOSAL_CERTIFIED
[depth_angular_controller-1] [INFO] [1791298230.137220228] [depth_angular_controller]: OMNI_DEPTH views=4 azimuth_bins=180 elevation_bins=37 valid=1 certificates=6 yaw=-90.00
[depth_angular_controller-1] [INFO] [1791298230.160045564] [depth_angular_controller]: PAPER_BUILD reason=FULL_MOTION_CERTIFICATE required=0.0000 best=0.0000 free=0 refined=0 tubes=204 revoked_tubes=0 proofs=128
[depth_angular_controller-1] [INFO] [1791298230.160084016] [depth_angular_controller]: PAPER_EVIDENCE retained=16 balls=32 revoked_balls=0 expired_views=0 evicted_views=220 radius=0.580 clearance=0.000 best_prefix=7.167
[position_cmd_to_twist-2] [INFO] [1791298231.076084237] [position_cmd_to_twist]: [PERF BRIDGE] run=candidate_v7_spin_ego1p3_2 elapsed=75.98s received=3501 published=3498 fps(ros/wall)=58.43/56.06 controller_to_bridge_ms(mean/p50/p95/max)=0.876/0.000/0.000/183.333 bridge_process_ms(mean/p95/max)=0.088/0.110/2.046
[NAV] t=60.0s position=(-56.75,-17.68,1.49) yaw=100.3deg command=(-0.75,-0.97,-0.02) manual_active=0 collision_blocks=0
[depth_angular_controller-1] [INFO] [1791298231.158889033] [depth_angular_controller]: ZERO_INTENT
[depth_angular_controller-1] [INFO] [1791298233.811696658] [depth_angular_controller]: [PERF CTRL] run=candidate_v7_spin_ego1p3_2 elapsed=78.82s callbacks=3682 commands=3681 guidance=3206 command_fps(ros/wall)=58.51/56.51 guidance_wall_fps=52.05 avoid_ms(mean/p50/p95/max)=2.940/2.525/6.607/184.457 cycle_ms(mean/p95/max)=17.697/25.173/194.188 depth_to_cmd_ms(mean/p95/max)=42.738/83.333/100.000 callback_to_publish_ms(mean/p95/max)=4.780/11.342/194.110
[depth_angular_controller-1] [INFO] [1791298233.811983347] [depth_angular_controller]: EVIDENCE_COST ingest(mean/p95/max)=2.084/8.132/24.973 record=0.051/0.032/7.598 ms
[depth_angular_controller-1] [INFO] [1791298233.811988546] [depth_angular_controller]: EVIDENCE_PHASE per_view_mean_ms balls=0.065 tubes=0.072 history=0.356 eviction=0.001
[MANUAL RESULT] TIMEOUT position=(-57.126,-18.161,1.476)
[PERF ISAAC FINAL] run=candidate_v7_spin_ego1p3_2 result=MANUAL_TIMEOUT wall=66.73s sim_frames=3843 fps(sim/wall)=60.03/57.59 command_changes=2955 collision_blocks=0 frame_interval_ms(mean/p50/p95/max)=17.223/16.002/18.206/78.821
[79.472s] Simulation App Shutting Down
[depth_angular_controller-1] [INFO] [1791298235.425179867] [rclcpp]: signal_handler(SIGINT/SIGTERM)
[position_cmd_to_twist-2] [INFO] [1791298235.425958110] [position_cmd_to_twist]: [PERF BRIDGE FINAL] run=candidate_v7_spin_ego1p3_2 elapsed=80.33s received=3747 published=3744 fps(ros/wall)=58.53/56.60 controller_to_bridge_ms(mean/p50/p95/max)=0.823/0.000/0.000/183.333 bridge_process_ms(mean/p95/max)=0.088/0.109/2.046
[position_cmd_to_twist-2] Failed to publish log message to rosout: publisher's context is invalid, at ./src/rcl/publisher.c:389
[depth_angular_controller-1] [INFO] [1791298235.426107651] [depth_angular_controller]: [PERF CTRL FINAL] run=candidate_v7_spin_ego1p3_2 elapsed=80.44s callbacks=3748 commands=3747 guidance=3206 command_fps(ros/wall)=58.53/56.64 guidance_wall_fps=52.05 avoid_ms(mean/p50/p95/max)=2.940/2.525/6.607/184.457 cycle_ms(mean/p95/max)=17.655/25.173/194.188 depth_to_cmd_ms(mean/p95/max)=42.738/83.333/100.000 callback_to_publish_ms(mean/p95/max)=4.749/11.315/194.110
[depth_angular_controller-1] [INFO] [1791298235.426359524] [depth_angular_controller]: EVIDENCE_COST ingest(mean/p95/max)=2.099/8.174/24.973 record=0.051/0.028/7.598 ms
[depth_angular_controller-1] [INFO] [1791298235.426362590] [depth_angular_controller]: EVIDENCE_PHASE per_view_mean_ms balls=0.066 tubes=0.074 history=0.356 eviction=0.001
[INFO] [depth_angular_controller-1]: process has finished cleanly [pid 122595]
[INFO] [position_cmd_to_twist-2]: process has finished cleanly [pid 122597]
