[PERF] run=candidate_v16_spin_ego1p3_1 log=/home/starry/isaac-data/EGO1P3/performance/omni_20261006/candidate_v16_spin_ego1p3_1_performance.md
[INPUT] mode=trace scene_mode=cloud
[LOCK] Waiting for shared Isaac navigation slot
[INFO] [launch]: All log files can be found below /tmp/fov_gvf_ego1p3_isaac_ros_log/2026-10-06-23-59-41-497002-starry-System-Product-Name-155689
[INFO] [launch]: Default logging verbosity is set to INFO
[INFO] [depth_angular_controller-1]: process started with pid [155691]
[INFO] [position_cmd_to_twist-2]: process started with pid [155693]
[depth_angular_controller-1] [INFO] [1791302381.529595015] [depth_angular_controller]: PROCESSING_RATES control=60.0 Hz depth_limit=10.0 Hz (0=unlimited)
[depth_angular_controller-1] [INFO] [1791302381.531629278] [depth_angular_controller]: C++ controller commands publish on /position_cmd; horizontal views=4
[ROS CHECK] ROS_DOMAIN_ID=42 /position_cmd publishers=1
Type: pc_gvf_msgs/msg/PositionCommand
Publisher count: 1
Subscription count: 1
/depth_angular_controller
/position_cmd_to_twist
WARNING: All log messages before absl::InitializeLog() is called are written to STDERR
E0000 00:00:1791302382.488126  155732 descriptor_database.cc:633] File already exists in database: grpc/health/v1/health.proto
W0000 00:00:1791302382.488147  155732 message.cc:301] Protobuf GeneratedMessageFactory: File is already registered: grpc/health/v1/health.proto
2026-10-06T15:59:42Z [Info] [carb] Logging to file: /home/starry/isaac-data/isaacsim/kit/logs/Kit/Isaac-Sim Python/6.0/kit_20261006_235942.log
[0.044s] [ext: omni.assets.plugins-0.0.0] startup
[0.045s] [ext: omni.blobkey-1.1.2] startup
[0.045s] [ext: omni.kit.async_engine-0.0.3] startup
[0.314s] [ext: omni.client.lib-1.1.1] startup
[0.322s] [ext: omni.client-1.3.0] startup
[0.324s] [ext: omni.protobuf.lib-1.0.0] startup
[0.324s] [ext: omni.grpc.lib-1.0.0] startup
[0.328s] [ext: omni.metrics.core-0.0.3] startup
[0.328s] [ext: omni.datastore-0.0.0] startup
[0.328s] [ext: omni.gpu_foundation.shadercache.vulkan-1.0.0] startup
[0.330s] [ext: omni.hsscclient-1.1.4] startup
[0.330s] [ext: omni.stats-1.0.1] startup
[0.331s] [ext: omni.ujitso.default-1.0.0] startup
[0.334s] [ext: omni.gpu_foundation-0.0.0] startup
[0.466s] [ext: carb.windowing.plugins-1.0.1] startup
[0.466s] [ext: omni.kit.renderer.init-1.0.1] startup
2026-10-06T15:59:42Z [675ms] [Warning] [omni.rtx] Skipping unsupported non-NVIDIA GPU: AMD Unknown (RADV RAPHAEL_MENDOCINO)
2026-10-06T15:59:42Z [675ms] [Warning] [omni.rtx] Skipping unsupported non-NVIDIA GPU: AMD Unknown (RADV RAPHAEL_MENDOCINO)

|---------------------------------------------------------------------------------------------|
| Driver Version: 580.178.04    | Graphics API: Vulkan
|=============================================================================================|
| GPU | Name                             | Active | LDA | GPU Memory | Vendor-ID | LUID       |
|     |                                  |        |     |            | Device-ID | UUID       |
|     |                                  |        |     |            | Bus-ID    |            |
|---------------------------------------------------------------------------------------------|
| 0   | NVIDIA GeForce RTX 5070          | Yes: 0 |     | 12227   MB | 10de      | 0          |
|     |                                  |        |     |            | 2f04      | 348d89fe.. |
|     |                                  |        |     |            | 1         |            |
|---------------------------------------------------------------------------------------------|
| 1   | AMD Unknown (RADV RAPHAEL_MEND.. |        |     | 10755   MB | 1002      | 0          |
|     |                                  |        |     |            | 13c0      | 00000000.. |
|     |                                  |        |     |            | c         |            |
|=============================================================================================|
| OS: 22.04.5 LTS (Jammy Jellyfish) ubuntu, Version: 22.04.5, Kernel: 6.8.0-138-generic
| XServer Vendor: The X.Org Foundation, XServer Version: 12101004 (1.21.1.4)
| Processor: AMD Ryzen 5 9600X 6-Core Processor
| Cores: 6 | Logical Cores: 12
|---------------------------------------------------------------------------------------------|
| Total Memory (MB): 31241 | Free Memory: 22733
| Total Page/Swap (MB): 15624 | Free Page/Swap: 15624
|---------------------------------------------------------------------------------------------|
2026-10-06T15:59:43Z [887ms] [Warning] [omni.rtx] CPU performance profile is set to powersave. This profile sets the CPU to the lowest frequency reducing performance.
2026-10-06T15:59:43Z [895ms] [Warning] [omni.rtx] IOMMU is enabled.
[1.000s] [ext: omni.kit.pipapi-0.0.0] startup
[1.001s] [ext: omni.kit.pip_archive-0.0.0] startup
[1.001s] [ext: isaacsim.pip.newton-0.6.1] startup
[1.001s] [ext: omni.pip.compute-1.9.2] startup
[1.002s] [ext: omni.isaac.core_archive-5.3.1] startup
[1.002s] [ext: omni.kit.telemetry-0.5.2] startup
[1.022s] [ext: omni.kit.loop-isaac-1.6.0] startup
[1.023s] [ext: omni.kit.test-2.0.7] startup
[1.074s] [ext: omni.materialx.libs-1.0.9] startup
[1.080s] [ext: omni.gpucompute.plugins-0.0.0] startup
[1.081s] [ext: omni.usd.config-1.0.7] startup
[1.084s] [ext: omni.usd.libs-1.0.3] startup
[1.140s] [ext: omni.iray.libs-0.0.1] startup
[1.143s] [ext: omni.mdl-57.0.3] startup
[1.204s] [ext: omni.mdl.neuraylib-0.2.20] startup
[1.206s] [ext: omni.kit.usd.mdl-1.1.9] startup
[1.292s] [ext: omni.appwindow-1.2.2] startup
[1.293s] [ext: omni.kit.renderer.core-1.2.2] startup
2026-10-06T15:59:48Z [6,498ms] [Warning] [carb.windowing-glfw.gamepad] Joystick with unknown remapping detected (will be ignored):  BEITONG BEITONG A2P3A BFM DONGLE [03000000bc2000001c51000011010000]
[6.529s] [ext: omni.kit.renderer.capture-2.0.1] startup
[6.531s] [ext: omni.kit.renderer.imgui-2.0.6] startup
[6.567s] [ext: omni.ui-3.2.0] startup
[6.573s] [ext: omni.kit.mainwindow-1.0.3] startup
[6.574s] [ext: carb.audio-0.1.0] startup
[6.576s] [ext: omni.uiaudio-1.0.0] startup
[6.577s] [ext: omni.kit.uiapp-0.0.0] startup
[6.577s] [ext: omni.usd.schema.metrics.assembler-110.1.0] startup
[6.579s] [ext: omni.usd.schema.audio-0.0.1] startup
[6.581s] [ext: omni.usd_resolver-1.0.0] startup
[6.584s] [ext: omni.usd.core-1.8.3] startup
[6.586s] [ext: omni.metropolis.schema-0.0.3] startup
[6.587s] [ext: isaacsim.anim.robot.schema-0.1.1] startup
[6.587s] [ext: omni.usd.schema.anim-0.0.1] startup
[6.600s] [ext: omni.usd.schema.geospatial-0.0.1] startup
[6.602s] [ext: omni.usd.schema.omnigraph-1.0.1] startup
[6.606s] [ext: omni.usd.schema.semantics-0.0.0] startup
[6.607s] [ext: omni.activity.core-1.0.3] startup
[6.608s] [ext: omni.cubric-0.1.0] startup
[6.608s] [ext: omni.graph.exec-0.9.6] startup
[6.609s] [ext: omni.hydra.scene_delegate-0.3.5] startup
[6.611s] [ext: usdrt.scenegraph-7.6.3] startup
[6.629s] [ext: omni.hydra.usdrt_delegate-7.5.2] startup
[6.633s] [ext: omni.inspect-1.0.2] startup
[6.634s] [ext: omni.kit.actions.core-1.0.0] startup
[6.635s] [ext: omni.kit.audiodeviceenum-1.0.2] startup
[6.636s] [ext: omni.kit.commands-1.5.0] startup
[6.639s] [ext: omni.kit.exec.core-0.13.5] startup
[6.640s] [ext: omni.kit.usd_undo-0.1.8] startup
[6.640s] [ext: omni.kit.window.popup_dialog-2.0.25] startup
[6.642s] [ext: omni.kit.widget.nucleus_connector-2.3.1] startup
[6.644s] [ext: omni.timeline-1.1.0] startup
[6.646s] [ext: omni.usd-1.16.0] startup
[6.672s] [ext: omni.graph.core-3.1.2] startup
[6.674s] [ext: omni.kit.notification_manager-1.0.11] startup
[6.676s] [ext: isaacsim.core.deprecation_manager-0.4.2] startup
[6.676s] [ext: isaacsim.replicator.agent.schema-0.1.1] startup
[6.677s] [ext: isaacsim.robot.schema-6.3.7] startup
[6.681s] [ext: isaacsim.robot_motion.schema-0.2.1] startup
[6.682s] [ext: omni.anim.behavior.schema-110.1.0] startup
[6.684s] [ext: omni.anim.graph.schema-110.1.1] startup
[6.689s] [ext: omni.anim.navigation.schema-110.1.0] startup
[6.691s] [ext: omni.behavior.tree.schema-110.1.0] startup
[6.692s] [ext: omni.isaac.ml_archive-3.3.0] startup
[6.692s] [ext: omni.kit.asset_converter-6.0.1] startup
[6.701s] [ext: omni.pip.cloud-1.5.4] startup
[6.703s] [ext: omni.usd.schema.flow-110.0.0] startup
[6.703s] [ext: omni.usd.schema.mujoco-1.1.1] startup
[6.703s] [ext: omni.usd.schema.newton-1.2.1] startup
[6.704s] [ext: omni.usd.schema.omni_lens_distortion-1.0.0] startup
[6.705s] [ext: omni.usd.schema.omni_projectors-1.0.0] startup
[6.705s] [ext: omni.usd.schema.omni_sensors-0.0.0] startup
[6.711s] [ext: omni.usd.schema.omniscripting-1.0.1] startup
[6.714s] [ext: omni.usd.schema.physical_lighting-0.1.0] startup
[6.716s] [ext: omni.usd.schema.physx-110.1.13] startup
[6.740s] [ext: omni.usd.schema.render_settings.rtx-1.0.2] startup
[6.743s] [ext: omni.usd.schema.usd_particle_field-1.0.0] startup
[6.743s] [ext: isaacsim.core.version-2.1.1] startup
[6.744s] [ext: omni.kit.menu.core-1.2.0] startup
[6.744s] [ext: omni.kit.menu.utils-2.2.4] startup
[6.750s] [ext: isaacsim.app.about-2.3.1] startup
[6.753s] [ext: isaacsim.asset.transformer-1.2.5] startup
[6.756s] [ext: omni.scene.optimizer.core-110.1.0] startup
[6.786s] [ext: isaacsim.asset.importer.utils-1.8.1] startup
[6.787s] [ext: omni.convexdecomposition-110.1.13] startup
[6.789s] [ext: omni.physics-110.1.13] startup
[6.791s] [ext: omni.physx.gpu-110.1.13] startup
[6.791s] [ext: omni.physx.foundation-110.1.13] startup
[6.793s] [ext: omni.usdphysics-110.1.13] startup
[6.794s] [ext: omni.physx.cooking-110.1.13] startup
[6.795s] [ext: omni.physx-110.1.13] startup
[6.802s] [ext: omni.physics.physx-110.1.13] startup
[6.803s] [ext: isaacsim.asset.exporter.urdf-2.0.5] startup
[6.810s] [ext: omni.kit.clipboard-1.1.1] startup
[6.810s] [ext: omni.kit.usd.layers-2.6.1] startup
[6.816s] [ext: omni.kit.widget.context_menu-1.4.0] startup
[6.817s] [ext: omni.kit.context_menu-1.9.0] startup
[6.818s] [ext: omni.kit.helper.file_utils-0.1.10] startup
[6.819s] [ext: omni.kit.widget.nucleus_info-2.0.2] startup
[6.820s] [ext: omni.kit.search_core-1.0.8] startup
[6.820s] [ext: omni.kit.widget.path_field-2.0.13] startup
[6.821s] [ext: omni.kit.widget.browser_bar-2.0.10] startup
[6.821s] [ext: omni.kit.widget.filebrowser-2.13.4] startup
[6.825s] [ext: omni.kit.widget.options_menu-1.1.6] startup
[6.827s] [ext: omni.kit.widget.options_button-1.0.3] startup
[6.827s] [ext: omni.kit.widget.search_delegate-1.0.9] startup
[6.828s] [ext: omni.ui.scene-2.0.3] startup
[6.832s] [ext: omni.kit.window.filepicker-2.15.5] startup
[6.841s] [ext: omni.kit.window.file_importer-1.1.21] startup
[6.842s] [ext: omni.kit.material.library-3.1.2] startup
[6.846s] [ext: isaacsim.asset.transformer.rules-1.7.10] startup
[6.854s] [ext: omni.usdex.libs-2.2.2] startup
[6.860s] [ext: isaacsim.asset.importer.mjcf-3.10.1] startup
[6.861s] [ext: isaacsim.asset.importer.urdf-3.11.2] startup
[6.864s] [ext: omni.kit.primitive.mesh-1.1.0] startup
[6.866s] [ext: omni.kit.stage_template.core-1.1.22] startup
[6.867s] [ext: omni.kit.stage_templates-2.0.2] startup
[6.868s] [ext: omni.usd.metrics.assembler-110.1.2] startup
[6.870s] [ext: omni.warp.core-1.13.0] startup
[7.057s] [ext: isaacsim.core.experimental.utils-0.17.2] startup
[7.058s] [ext: omni.physics.stageupdate-110.1.13] startup
[7.060s] [ext: omni.physics.tensors-110.1.13] startup
[7.063s] [ext: omni.physx.tensors-110.1.13] startup
[7.066s] [ext: isaacsim.core.simulation_manager-1.15.6] startup
[7.077s] [ext: isaacsim.storage.native-1.9.3] startup
[7.078s] [ext: omni.usd.metrics.assembler.physics-110.1.13] startup
[7.079s] [ext: isaacsim.core.utils-4.1.7] startup
[7.081s] [ext: isaacsim.core.prims-0.11.7] startup
[7.963s] [ext: isaacsim.core.api-5.2.13] startup
[7.968s] [ext: isaacsim.core.cloner-1.7.3] startup
[7.969s] [ext: isaacsim.test.docstring-1.3.2] startup
[7.971s] [ext: isaacsim.core.experimental.prims-1.8.9] startup
[7.988s] [ext: isaacsim.core.experimental.primdata-0.3.2] startup
[7.990s] [ext: omni.graph.tools-1.81.0] startup
[8.008s] [ext: omni.graph-1.142.5] startup
[8.038s] [ext: isaacsim.core.experimental.actuators-0.1.2] startup
[8.050s] [ext: isaacsim.core.experimental.materials-0.7.1] startup
[8.053s] [ext: isaacsim.core.experimental.objects-0.8.1] startup
[8.104s] [ext: omni.hydra.engine.stats-1.0.5] startup
[8.106s] [ext: omni.hydra.rtx.shadercache.vulkan-1.0.0] startup
[8.107s] [ext: omni.index.libs-387500.4413.0] startup
[8.107s] [ext: omni.index-1.0.1] startup
[8.107s] [ext: omni.ujitso.client-0.0.0] startup
[8.107s] [ext: omni.usd.schema.playback-1.0.0] startup
[8.110s] [ext: omni.volume-0.5.2] startup
[8.114s] [ext: omni.hydra.rtx-1.0.4] startup
2026-10-06T15:59:50Z [8,103ms] [Warning] [omni.log] Source: omni.hydra was already registered.
[8.134s] [ext: omni.kit.hydra_texture-1.6.0] startup
[8.137s] [ext: omni.kit.raycast.query-1.2.0] startup
[8.140s] [ext: omni.kit.viewport.legacy_gizmos-1.0.24] startup
[8.142s] [ext: omni.kit.viewport.registry-104.0.6] startup
[8.143s] [ext: omni.kit.viewport.scene_camera_model-1.0.7] startup
[8.145s] [ext: omni.kit.widget.viewport-109.2.0] startup
[8.148s] [ext: omni.kit.window.drop_support-1.0.8] startup
[8.149s] [ext: omni.kit.viewport.window-109.0.2] startup
[8.164s] [ext: omni.kit.viewport.utility-2.0.1] startup
[8.165s] [ext: isaacsim.core.rendering_manager-0.4.3] startup
[8.184s] [ext: omni.graph.action_core-1.1.9] startup
[8.186s] [ext: omni.graph.action_nodes_core-2.11.0] startup
[8.188s] [ext: omni.graph.action_nodes-2.11.0] startup
[8.204s] [ext: omni.graph.action-2.10.2] startup
[8.205s] [ext: omni.graph.image.core-0.6.1] startup
[8.206s] [ext: omni.graph.image.nodes-1.3.1] startup
[8.206s] [ext: omni.graph.nodes_core-2.11.0] startup
[8.210s] [ext: omni.graph.nodes-2.12.0] startup
[8.215s] [ext: omni.kit.hotkeys.core-1.3.12] startup
[8.215s] [ext: omni.kit.property.adapter.core-1.1.1] startup
[8.218s] [ext: omni.kit.property.adapter.usd-1.0.5] startup
[8.219s] [ext: omni.kit.widget.filter-1.1.5] startup
[8.220s] [ext: omni.kit.widget.highlight_label-1.0.3] startup
[8.220s] [ext: omni.kit.widget.searchfield-1.1.8] startup
[8.221s] [ext: omni.kit.window.file_exporter-1.0.36] startup
[8.222s] [ext: omni.kit.widget.stage-4.4.0] startup
[8.229s] [ext: omni.kit.window.content_browser_registry-0.0.6] startup
[8.230s] [ext: omni.kit.window.file-2.0.10] startup
[8.232s] [ext: omni.kit.window.content_browser-3.1.8] startup
[8.240s] [ext: omni.kit.window.property-1.15.1] startup
[8.250s] [ext: omni.kit.property.usd-4.9.4] startup
[8.258s] [ext: omni.graph.scriptnode-2.10.2] startup
[8.265s] [ext: omni.kit.widget.searchable_combobox-1.0.7] startup
[8.266s] [ext: omni.kit.widget.settings-2.0.0] startup
[8.268s] [ext: omni.kit.window.preferences-1.8.3] startup
[8.272s] [ext: omni.kit.viewport.menubar.core-107.2.2] startup
[8.282s] [ext: omni.syntheticdata-0.6.15] startup
[8.303s] [ext: omni.replicator.nv-1.1.1] startup
[8.307s] [ext: omni.videoencoding-0.2.1] startup
[8.309s] [ext: omni.replicator.core-1.13.27] startup
2026-10-06T15:59:50Z [8,294ms] [Warning] [pxr.Semantics] pxr.Semantics is deprecated - please use Semantics instead
2026-10-06T15:59:50Z [8,359ms] [Warning] [omni.replicator.core.scripts.extension] No material configuration file, adding configuration to material settings directly.
[8.509s] [ext: isaacsim.core.nodes-5.10.5] startup
[8.534s] [ext: isaacsim.core.throttling-2.3.5] startup
[8.535s] [ext: omni.kit.manipulator.viewport-107.0.1] startup
[8.537s] [ext: omni.graph.visualization.nodes-2.1.4] startup
[8.548s] [ext: omni.kit.window.extensions-1.5.10] startup
[8.553s] [ext: isaacsim.gui.components-1.8.5] startup
[8.557s] [ext: isaacsim.robot.surface_gripper-3.6.2] startup
[8.566s] [ext: isaacsim.robot.manipulators-3.4.4] startup
[8.575s] [ext: isaacsim.robot_motion.lula-4.1.3] startup
[8.581s] [ext: isaacsim.robot_motion.motion_generation-8.2.9] startup
[8.585s] [ext: isaacsim.cortex.framework-1.0.18] startup
[8.587s] [ext: isaacsim.cortex.behaviors-2.0.17] startup
[8.588s] [ext: isaacsim.examples.base-1.3.2] startup
[8.589s] [ext: omni.kit.widget.zoombar-1.0.7] startup
[8.590s] [ext: omni.kit.browser.core-2.3.18] startup
[8.593s] [ext: omni.kit.browser.folder.core-2.0.2] startup
[8.596s] [ext: omni.kit.widget.stage_icons-1.0.8] startup
[8.597s] [ext: omni.kit.window.stage-2.6.1] startup
[8.600s] [ext: omni.kit.menu.stage-1.2.7] startup
[8.601s] [ext: omni.kit.usd.collect-3.0.6] startup
[8.603s] [ext: omni.kit.widget.prompt-1.0.7] startup
[8.603s] [ext: omni.kit.tool.collect-2.2.19] startup
[8.605s] [ext: isaacsim.examples.browser-0.3.2] startup
[8.607s] [ext: omni.kit.search.files-1.0.4] startup
[8.608s] [ext: omni.kit.widget.calendar-1.0.9] startup
[8.609s] [ext: omni.kit.widget.extended_searchfield-1.0.31] startup
[8.615s] [ext: omni.simready.content.browser-0.3.7] startup
[8.701s] [ext: isaacsim.gui.content_browser-0.4.3] startup
[8.703s] [ext: omni.kit.selection-0.1.6] startup
[8.704s] [ext: isaacsim.gui.menu-2.10.5] startup
[8.711s] [ext: isaacsim.gui.property-1.6.4] startup
[8.716s] [ext: omni.kit.viewport.actions-110.0.0] startup
[8.720s] [ext: omni.kit.viewport.menubar.display-107.1.3] startup
[8.721s] [ext: isaacsim.gui.sensors.icon-2.2.1] startup
[8.724s] [ext: omni.behavior.scripting.core-110.1.0] startup
[8.726s] [ext: isaacsim.replicator.behavior-1.5.4] startup
[8.727s] [ext: isaacsim.replicator.experimental.domain_randomization-1.2.5] startup
[8.740s] [ext: isaacsim.replicator.domain_randomization-1.2.2] startup
[8.805s] [ext: isaacsim.replicator.writers-1.5.4] startup
[8.826s] [ext: isaacsim.robot.experimental.wheeled_robots-0.2.11] startup
[8.845s] [ext: isaacsim.robot.policy.examples-5.2.12] startup
[8.862s] [ext: isaacsim.robot.wheeled_robots-5.2.4] startup
[8.865s] [ext: isaacsim.robot.wheeled_robots.nodes-0.1.5] startup
[8.880s] [ext: isaacsim.robot_motion.experimental.motion_generation-6.1.3] startup
[8.890s] [ext: isaacsim.robot_motion.cumotion-1.3.1] startup
[8.902s] [ext: omni.kit.numpy.common-0.1.3] startup
[8.903s] [ext: isaacsim.sensors.camera-1.7.9] startup
[8.929s] [ext: isaacsim.sensors.experimental.physics-3.0.2] startup
[8.936s] [ext: omni.sensors.net-1.0.1] startup
[8.938s] [ext: omni.sensors.nv.common-3.0.0] startup
[8.947s] [ext: omni.sensors.nv.materials-2.0.0] startup
[8.949s] [ext: omni.sensors.nv.acoustic-3.0.0] startup
[8.951s] [ext: omni.sensors.nv.ids-2.0.1] startup
[8.952s] [ext: omni.sensors.nv.lidar-3.0.0] startup
[8.955s] [ext: omni.sensors.nv.radar-3.0.0] startup
[8.957s] [ext: isaacsim.sensors.experimental.rtx-1.4.6] startup
[9.187s] [ext: isaacsim.sensors.physics.nodes-1.5.3] startup
[9.192s] [ext: isaacsim.util.debug_draw-3.2.3] startup
[9.197s] [ext: isaacsim.sensors.physx-2.5.5] startup
[9.203s] [ext: isaacsim.sensors.rtx-15.17.1] startup
[9.211s] [ext: isaacsim.simulation_app-2.18.4] startup
[9.212s] [ext: omni.anim.curve.core-1.6.0] startup
[9.220s] [ext: omni.graph.ui_nodes-2.11.1] startup
[9.240s] [ext: omni.hydra.scene_api-0.1.3] startup
[9.243s] [ext: omni.kit.manipulator.camera-110.0.0] startup
[9.246s] [ext: omni.kit.manipulator.selector-1.1.4] startup
[9.247s] [ext: omni.kit.manipulator.transform-107.0.0] startup
[9.251s] [ext: omni.kit.widget.toolbar-2.1.0] startup
[9.256s] [ext: omni.kit.manipulator.tool.snap-1.5.14] startup
[9.259s] [ext: omni.kit.viewport.manipulator.transform-107.0.4] startup
[9.261s] [ext: omni.kit.manipulator.prim.core-108.0.2] startup
[9.265s] [ext: omni.kit.manipulator.prim.usd-107.0.3] startup
[9.266s] [ext: omni.kit.manipulator.prim-108.0.0] startup
[9.267s] [ext: omni.kit.manipulator.selection-109.0.1] startup
[9.268s] [ext: omni.kit.menu.create-2.0.2] startup
[9.270s] [ext: omni.kit.property.audio-1.0.16] startup
[9.273s] [ext: omni.kit.property.camera-1.0.14] startup
[9.274s] [ext: omni.kit.property.geometry-2.1.2] startup
[9.276s] [ext: omni.kit.property.light-1.0.14] startup
2026-10-06T15:59:51Z [9,276ms] [Warning] [omni.usd] Encountered USD Warnings but USD Diagnostics are currently muted. To view USD Warnings, please set the '/persistent/app/usd/muteUsdDiagnostics' setting to false in Preferences page.
[9.302s] [ext: omni.kit.property.material-1.14.6] startup
[9.307s] [ext: omni.kit.property.render-1.2.2] startup
[9.308s] [ext: omni.kit.property.transform-1.6.9] startup
[9.311s] [ext: omni.kit.property.bundle-1.5.1] startup
[9.312s] [ext: omni.kit.usdz_export-1.1.0] startup
[9.314s] [ext: omni.kit.tool.asset_importer-6.0.1] startup
[9.319s] [ext: omni.kit.ui.actions-1.0.5] startup
[9.320s] [ext: omni.kit.viewport.menubar.camera-107.0.10] startup
[9.324s] [ext: omni.kit.viewport.menubar.lighting-107.3.2] startup
[9.326s] [ext: omni.kit.viewport.menubar.render-110.0.0] startup
[9.328s] [ext: omni.kit.viewport.menubar.settings-110.0.1] startup
[9.331s] [ext: omni.kit.window.console-1.1.9] startup
[9.334s] [ext: omni.kit.window.status_bar-0.1.11] startup
[9.337s] [ext: omni.kit.window.toolbar-3.0.3] startup
[9.339s] [ext: omni.ocio-0.1.1] startup
[9.340s] [ext: omni.physx.commands-110.1.13] startup
[9.343s] [ext: omni.replicator.replicator_yaml-2.0.12] startup
[9.352s] [ext: omni.rtx.window.settings-0.8.0] startup
[9.357s] [ext: omni.rtx.settings.core-0.7.1] startup
[9.359s] [ext: omni.usd.metrics.assembler.ui-110.1.1] startup
[9.366s] [ext: semantics.schema.editor-2.0.2] startup
[9.368s] [ext: semantics.schema.property-2.0.2] startup
[9.369s] [ext: omni.kit.menu.common-2.0.2] startup
[9.370s] [ext: isaacsim.exp.base-6.0.1] startup
[9.371s] [ext: isaacsim.exp.base.python-6.0.1] startup
[9.372s] Simulation App Starting
[10.434s] Simulation App Startup Complete
[10.439s] app ready
Starting kit application with the following args:  ['/home/starry/isaac-data/isaacsim/exts/isaacsim.simulation_app/isaacsim/simulation_app/simulation_app.py', '/home/starry/isaac-data/isaacsim/apps/isaacsim.exp.base.python.kit', '--/app/tokens/exe-path=/home/starry/isaac-data/isaacsim/kit', '--/persistent/app/viewport/displayOptions=3094', '--/rtx/materialDb/syncLoads=True', '--/rtx/hydra/materialSyncLoads=True', '--/omni/kit/plugin/syncUsdLoads=True', '--/app/renderer/resolution/width=1280', '--/app/renderer/resolution/height=720', '--/app/window/width=1440', '--/app/window/height=900', '--/renderer/multiGpu/enabled=False', '--/app/fastShutdown=True', '--/app/installSignalHandlers=0', '--ext-folder', '/home/starry/isaac-data/isaacsim/exts', '--ext-folder', '/home/starry/isaac-data/isaacsim/apps', '--/renderer/activeGpu=0', '--/physics/cudaDevice=0', '--/plugins/carb.tasking.plugin/threadCount=12', '--/plugins/omni.tbb.globalcontrol/maxThreadCount=12', '--portable', '--no-window', '--/app/window/hideUi=1']
Passing the following args to the base kit application:  []
Warp 1.13.0 initialized:
   CUDA Toolkit 12.9, Driver 13.0
   Devices:
     "cpu"      : "x86_64"
     "cuda:0"   : "NVIDIA GeForce RTX 5070" (11 GiB, sm_120, mempool enabled)
   Kernel cache:
     /home/starry/.cache/warp/1.13.0
[LIGHTING] sun=800.0 (1) dome=0.0 (1) ambient=0.05 constant_color=(0.6, 0.65, 0.7)
[RENDER] mode=MinimalRendering minimal_shading_mode=2 anti_aliasing=TAA
[DEPTH CAMERAS] count=4 resolution_each=320x240 horizontal_coverage=360deg
[ESDF] path=/home/starry/isaac-data/EGO1P3/scenes/ego_swarm_cloud/occupancy.bin shape=(400, 300, 50) resolution=0.40m
[depth_angular_controller-1] [INFO] [1791302395.081686362] [depth_angular_controller]: WAITING_ODOMETRY
[NAV] t=0.0s position=(-64.00,-11.20,2.80) yaw=0.0deg command=(0.00,0.00,0.00) manual_active=0 collision_blocks=0
[depth_angular_controller-1] [INFO] [1791302395.661454097] [depth_angular_controller]: WAITING_VERIFIED_START_POSE
[depth_angular_controller-1] [INFO] [1791302395.696419929] [depth_angular_controller]: VERIFIED_FREE_SEED center=(-64.000,-11.200,2.800) radius=2.500 balls=1: verified fixed Cloud free ball; USD and occupancy SHA-256 matched
[depth_angular_controller-1] [INFO] [1791302395.696878310] [depth_angular_controller]: ZERO_INTENT
[depth_angular_controller-1] [INFO] [1791302396.592849781] [depth_angular_controller]: OMNI_DEPTH views=4 azimuth_bins=180 elevation_bins=37 valid=1 certificates=1 short=0 held=0 local_candidates=3 yaw=31.25
[depth_angular_controller-1] [INFO] [1791302396.593809575] [depth_angular_controller]: DEPTH_PROPOSAL_CERTIFIED
[depth_angular_controller-1] [INFO] [1791302396.594029588] [depth_angular_controller]: PAPER_BUILD reason=FULL_MOTION_CERTIFICATE required=0.0000 best=0.0000 free=0 refined=0 tubes=0 revoked_tubes=0 proofs=0
[depth_angular_controller-1] [INFO] [1791302396.594139334] [depth_angular_controller]: PAPER_EVIDENCE retained=4 balls=1 revoked_balls=0 expired_views=0 evicted_views=0 radius=0.580 clearance=0.000 best_prefix=0.000
[depth_angular_controller-1] [INFO] [1791302397.662772791] [depth_angular_controller]: OMNI_DEPTH views=4 azimuth_bins=180 elevation_bins=37 valid=1 certificates=1 short=0 held=0 local_candidates=3 yaw=40.27
[depth_angular_controller-1] [INFO] [1791302397.662863992] [depth_angular_controller]: PAPER_BUILD reason=FULL_MOTION_CERTIFICATE required=0.0000 best=0.0000 free=0 refined=0 tubes=1 revoked_tubes=0 proofs=54
[depth_angular_controller-1] [INFO] [1791302397.662871206] [depth_angular_controller]: PAPER_EVIDENCE retained=8 balls=4 revoked_balls=0 expired_views=0 evicted_views=0 radius=0.580 clearance=0.000 best_prefix=0.000
[10.965s] [ext: isaacsim.sensors.rtx.nodes-0.1.2] startup
[10.973s] [ext: isaacsim.ros2.core-1.9.4] startup
[10.987s] Attempting to load system rclpy
[10.990s] Could not import system rclpy: No module named 'rclpy'
[10.990s] Attempting to load internal rclpy for ROS Distro: humble
[11.001s] rclpy loaded
[11.004s] [ext: isaacsim.ros2.nodes-1.18.13] startup
[11.040s] [ext: isaacsim.ros2.examples-1.2.4] startup
[11.044s] [ext: isaacsim.ros2.ui-1.6.5] startup
[11.259s] [ext: isaacsim.ros2.bridge-5.1.2] startup
2026-10-06T15:59:55Z [13,515ms] [Warning] [omni.timeline.plugin] Deprecated: direct use of ITimeline callbacks is deprecated. Use ITimeline::getTimeline (Python: omni.timeline.get_timeline_interface) instead.
[depth_angular_controller-1] [INFO] [1791302398.730079123] [depth_angular_controller]: OMNI_DEPTH views=4 azimuth_bins=180 elevation_bins=37 valid=1 certificates=1 short=0 held=0 local_candidates=0 yaw=6.34
[depth_angular_controller-1] [INFO] [1791302398.730598780] [depth_angular_controller]: PAPER_BUILD reason=FULL_MOTION_CERTIFICATE required=0.0000 best=0.0000 free=0 refined=0 tubes=4 revoked_tubes=0 proofs=114
[depth_angular_controller-1] [INFO] [1791302398.730614359] [depth_angular_controller]: PAPER_EVIDENCE retained=12 balls=14 revoked_balls=0 expired_views=0 evicted_views=0 radius=0.580 clearance=0.000 best_prefix=0.000
[depth_angular_controller-1] [INFO] [1791302399.828401975] [depth_angular_controller]: OMNI_DEPTH views=4 azimuth_bins=180 elevation_bins=37 valid=1 certificates=1 short=0 held=0 local_candidates=0 yaw=6.34
[depth_angular_controller-1] [INFO] [1791302399.828622279] [depth_angular_controller]: PAPER_BUILD reason=FULL_MOTION_CERTIFICATE required=0.0000 best=0.0000 free=0 refined=0 tubes=8 revoked_tubes=0 proofs=128
[depth_angular_controller-1] [INFO] [1791302399.828629392] [depth_angular_controller]: PAPER_EVIDENCE retained=16 balls=27 revoked_balls=0 expired_views=0 evicted_views=0 radius=0.580 clearance=0.000 best_prefix=0.000
[depth_angular_controller-1] [INFO] [1791302400.676767279] [depth_angular_controller]: [PERF CTRL] run=candidate_v16_spin_ego1p3_1 elapsed=19.15s callbacks=287 commands=286 guidance=226 command_fps(ros/wall)=60.00/56.83 guidance_wall_fps=55.05 avoid_ms(mean/p50/p95/max)=0.963/0.795/3.330/5.129 cycle_ms(mean/p95/max)=17.598/21.144/78.393 depth_to_cmd_ms(mean/p95/max)=47.345/83.333/83.333 callback_to_publish_ms(mean/p95/max)=2.089/5.547/13.708
[depth_angular_controller-1] [INFO] [1791302400.676835126] [depth_angular_controller]: EVIDENCE_COST ingest(mean/p95/max)=1.235/4.593/13.669 record=0.013/0.028/0.090 ms
[depth_angular_controller-1] [INFO] [1791302400.676842290] [depth_angular_controller]: EVIDENCE_PHASE per_view_mean_ms balls=0.053 tubes=0.009 history=0.221 eviction=0.000
[position_cmd_to_twist-2] [INFO] [1791302400.904734049] [position_cmd_to_twist]: [PERF BRIDGE] run=candidate_v16_spin_ego1p3_1 elapsed=19.26s received=295 published=295 fps(ros/wall)=60.00/56.33 controller_to_bridge_ms(mean/p50/p95/max)=0.000/0.000/0.000/0.000 bridge_process_ms(mean/p95/max)=0.094/0.134/0.321
[NAV] t=5.0s position=(-59.02,-9.47,3.00) yaw=80.5deg command=(1.80,0.21,-0.00) manual_active=1 collision_blocks=0
[depth_angular_controller-1] [INFO] [1791302400.974530208] [depth_angular_controller]: OMNI_DEPTH views=4 azimuth_bins=180 elevation_bins=37 valid=1 certificates=1 short=0 held=0 local_candidates=0 yaw=6.34
[depth_angular_controller-1] [INFO] [1791302400.974805045] [depth_angular_controller]: PAPER_BUILD reason=FULL_MOTION_CERTIFICATE required=0.0000 best=0.0000 free=0 refined=0 tubes=12 revoked_tubes=0 proofs=128
[depth_angular_controller-1] [INFO] [1791302400.974817368] [depth_angular_controller]: PAPER_EVIDENCE retained=16 balls=32 revoked_balls=0 expired_views=0 evicted_views=4 radius=0.580 clearance=0.000 best_prefix=0.000
[depth_angular_controller-1] [INFO] [1791302402.057619512] [depth_angular_controller]: OMNI_DEPTH views=4 azimuth_bins=180 elevation_bins=37 valid=1 certificates=1 short=0 held=0 local_candidates=2 yaw=23.44
[depth_angular_controller-1] [INFO] [1791302402.057834315] [depth_angular_controller]: PAPER_BUILD reason=FULL_MOTION_CERTIFICATE required=0.0000 best=0.0000 free=0 refined=0 tubes=16 revoked_tubes=0 proofs=128
[depth_angular_controller-1] [INFO] [1791302402.057842120] [depth_angular_controller]: PAPER_EVIDENCE retained=16 balls=32 revoked_balls=0 expired_views=0 evicted_views=8 radius=0.580 clearance=0.000 best_prefix=0.000
[depth_angular_controller-1] [INFO] [1791302403.252553206] [depth_angular_controller]: OMNI_DEPTH views=4 azimuth_bins=180 elevation_bins=37 valid=1 certificates=1 short=0 held=0 local_candidates=0 yaw=6.34
[depth_angular_controller-1] [INFO] [1791302403.252848531] [depth_angular_controller]: PAPER_BUILD reason=FULL_MOTION_CERTIFICATE required=0.0000 best=0.0000 free=0 refined=0 tubes=19 revoked_tubes=0 proofs=128
[depth_angular_controller-1] [INFO] [1791302403.252862226] [depth_angular_controller]: PAPER_EVIDENCE retained=16 balls=32 revoked_balls=0 expired_views=0 evicted_views=12 radius=0.580 clearance=0.000 best_prefix=0.000
[depth_angular_controller-1] [INFO] [1791302404.275448476] [depth_angular_controller]: OMNI_DEPTH views=4 azimuth_bins=180 elevation_bins=37 valid=1 certificates=1 short=0 held=0 local_candidates=3 yaw=0.99
[depth_angular_controller-1] [INFO] [1791302404.275702122] [depth_angular_controller]: PAPER_BUILD reason=FULL_MOTION_CERTIFICATE required=0.0000 best=0.0000 free=0 refined=0 tubes=23 revoked_tubes=0 proofs=128
[depth_angular_controller-1] [INFO] [1791302404.275709857] [depth_angular_controller]: PAPER_EVIDENCE retained=16 balls=32 revoked_balls=0 expired_views=0 evicted_views=16 radius=0.580 clearance=0.000 best_prefix=0.000
[depth_angular_controller-1] [INFO] [1791302405.297897006] [depth_angular_controller]: OMNI_DEPTH views=4 azimuth_bins=180 elevation_bins=37 valid=1 certificates=1 short=0 held=0 local_candidates=2 yaw=-4.06
[depth_angular_controller-1] [INFO] [1791302405.298139632] [depth_angular_controller]: PAPER_BUILD reason=FULL_MOTION_CERTIFICATE required=0.0000 best=0.0000 free=0 refined=0 tubes=27 revoked_tubes=0 proofs=128
[depth_angular_controller-1] [INFO] [1791302405.298145293] [depth_angular_controller]: PAPER_EVIDENCE retained=16 balls=32 revoked_balls=0 expired_views=0 evicted_views=20 radius=0.580 clearance=0.000 best_prefix=0.000
[depth_angular_controller-1] [INFO] [1791302405.681065159] [depth_angular_controller]: [PERF CTRL] run=candidate_v16_spin_ego1p3_1 elapsed=24.15s callbacks=565 commands=564 guidance=504 command_fps(ros/wall)=59.89/56.19 guidance_wall_fps=55.33 avoid_ms(mean/p50/p95/max)=1.780/0.884/5.656/7.458 cycle_ms(mean/p95/max)=17.797/24.561/79.877 depth_to_cmd_ms(mean/p95/max)=47.255/83.333/100.000 callback_to_publish_ms(mean/p95/max)=3.255/8.830/15.903
[depth_angular_controller-1] [INFO] [1791302405.681151672] [depth_angular_controller]: EVIDENCE_COST ingest(mean/p95/max)=1.572/7.238/13.669 record=0.013/0.019/0.090 ms
[depth_angular_controller-1] [INFO] [1791302405.681158665] [depth_angular_controller]: EVIDENCE_PHASE per_view_mean_ms balls=0.054 tubes=0.020 history=0.293 eviction=0.001
[position_cmd_to_twist-2] [INFO] [1791302406.166930903] [position_cmd_to_twist]: [PERF BRIDGE] run=candidate_v16_spin_ego1p3_1 elapsed=24.53s received=594 published=594 fps(ros/wall)=59.90/56.50 controller_to_bridge_ms(mean/p50/p95/max)=0.000/0.000/0.000/0.000 bridge_process_ms(mean/p95/max)=0.091/0.125/0.321
[NAV] t=10.0s position=(-50.22,-8.45,2.41) yaw=-179.2deg command=(1.78,-0.30,-0.01) manual_active=1 collision_blocks=0
[depth_angular_controller-1] [INFO] [1791302406.250769792] [depth_angular_controller]: OMNI_DEPTH views=4 azimuth_bins=180 elevation_bins=37 valid=1 certificates=1 short=0 held=0 local_candidates=3 yaw=-9.53
[depth_angular_controller-1] [INFO] [1791302406.251297404] [depth_angular_controller]: PAPER_BUILD reason=FULL_MOTION_CERTIFICATE required=0.0000 best=0.0000 free=0 refined=0 tubes=31 revoked_tubes=0 proofs=128
[depth_angular_controller-1] [INFO] [1791302406.251316620] [depth_angular_controller]: PAPER_EVIDENCE retained=16 balls=32 revoked_balls=0 expired_views=0 evicted_views=24 radius=0.580 clearance=0.000 best_prefix=0.000
[depth_angular_controller-1] [INFO] [1791302407.205507653] [depth_angular_controller]: OMNI_DEPTH views=4 azimuth_bins=180 elevation_bins=37 valid=1 certificates=1 short=0 held=0 local_candidates=3 yaw=-17.21
[depth_angular_controller-1] [INFO] [1791302407.205780456] [depth_angular_controller]: PAPER_BUILD reason=FULL_MOTION_CERTIFICATE required=0.0000 best=0.0000 free=0 refined=0 tubes=34 revoked_tubes=0 proofs=128
[depth_angular_controller-1] [INFO] [1791302407.205792538] [depth_angular_controller]: PAPER_EVIDENCE retained=16 balls=32 revoked_balls=0 expired_views=0 evicted_views=28 radius=0.580 clearance=0.000 best_prefix=0.000
[depth_angular_controller-1] [INFO] [1791302408.244078763] [depth_angular_controller]: OMNI_DEPTH views=4 azimuth_bins=180 elevation_bins=37 valid=1 certificates=1 short=0 held=0 local_candidates=2 yaw=-4.04
[depth_angular_controller-1] [INFO] [1791302408.245231469] [depth_angular_controller]: PAPER_BUILD reason=FULL_MOTION_CERTIFICATE required=0.0000 best=0.0000 free=0 refined=0 tubes=38 revoked_tubes=0 proofs=128
[depth_angular_controller-1] [INFO] [1791302408.245253721] [depth_angular_controller]: PAPER_EVIDENCE retained=16 balls=32 revoked_balls=0 expired_views=0 evicted_views=32 radius=0.580 clearance=0.000 best_prefix=0.000
[depth_angular_controller-1] [INFO] [1791302409.458476406] [depth_angular_controller]: OMNI_DEPTH views=4 azimuth_bins=180 elevation_bins=37 valid=1 certificates=1 short=0 held=0 local_candidates=2 yaw=6.34
[depth_angular_controller-1] [INFO] [1791302409.458717489] [depth_angular_controller]: PAPER_BUILD reason=FULL_MOTION_CERTIFICATE required=0.0000 best=0.0000 free=0 refined=0 tubes=42 revoked_tubes=0 proofs=128
[depth_angular_controller-1] [INFO] [1791302409.458723290] [depth_angular_controller]: PAPER_EVIDENCE retained=16 balls=32 revoked_balls=0 expired_views=0 evicted_views=36 radius=0.580 clearance=0.000 best_prefix=0.000
[depth_angular_controller-1] [INFO] [1791302410.412071489] [depth_angular_controller]: OMNI_DEPTH views=4 azimuth_bins=180 elevation_bins=37 valid=1 certificates=1 short=0 held=0 local_candidates=3 yaw=-21.72
[depth_angular_controller-1] [INFO] [1791302410.412312131] [depth_angular_controller]: PAPER_BUILD reason=FULL_MOTION_CERTIFICATE required=0.0000 best=0.0000 free=0 refined=0 tubes=46 revoked_tubes=0 proofs=128
[depth_angular_controller-1] [INFO] [1791302410.412317081] [depth_angular_controller]: PAPER_EVIDENCE retained=16 balls=32 revoked_balls=0 expired_views=0 evicted_views=40 radius=0.580 clearance=0.000 best_prefix=0.000
[depth_angular_controller-1] [INFO] [1791302410.695784605] [depth_angular_controller]: [PERF CTRL] run=candidate_v16_spin_ego1p3_1 elapsed=29.16s callbacks=853 commands=852 guidance=792 command_fps(ros/wall)=59.51/56.60 guidance_wall_fps=56.08 avoid_ms(mean/p50/p95/max)=2.884/1.983/9.482/35.486 cycle_ms(mean/p95/max)=17.667/24.778/84.016 depth_to_cmd_ms(mean/p95/max)=45.412/83.333/100.000 callback_to_publish_ms(mean/p95/max)=4.620/13.191/41.313
[depth_angular_controller-1] [INFO] [1791302410.695885795] [depth_angular_controller]: EVIDENCE_COST ingest(mean/p95/max)=1.836/7.805/13.669 record=0.017/0.022/0.345 ms
[depth_angular_controller-1] [INFO] [1791302410.695893119] [depth_angular_controller]: EVIDENCE_PHASE per_view_mean_ms balls=0.062 tubes=0.052 history=0.319 eviction=0.001
[position_cmd_to_twist-2] [INFO] [1791302411.333480234] [position_cmd_to_twist]: [PERF BRIDGE] run=candidate_v16_spin_ego1p3_1 elapsed=29.69s received=888 published=888 fps(ros/wall)=59.53/56.64 controller_to_bridge_ms(mean/p50/p95/max)=0.582/0.000/0.000/33.333 bridge_process_ms(mean/p95/max)=0.092/0.122/0.549
[NAV] t=15.0s position=(-41.50,-10.27,2.80) yaw=-78.9deg command=(1.72,-0.53,0.15) manual_active=1 collision_blocks=0
[depth_angular_controller-1] [INFO] [1791302411.478266333] [depth_angular_controller]: OMNI_DEPTH views=4 azimuth_bins=180 elevation_bins=37 valid=1 certificates=1 short=0 held=0 local_candidates=3 yaw=-11.95
[depth_angular_controller-1] [INFO] [1791302411.478504811] [depth_angular_controller]: PAPER_BUILD reason=FULL_MOTION_CERTIFICATE required=0.0000 best=0.0000 free=0 refined=0 tubes=49 revoked_tubes=0 proofs=128
[depth_angular_controller-1] [INFO] [1791302411.478509910] [depth_angular_controller]: PAPER_EVIDENCE retained=16 balls=32 revoked_balls=0 expired_views=0 evicted_views=44 radius=0.580 clearance=0.000 best_prefix=0.000
[depth_angular_controller-1] [INFO] [1791302412.419759372] [depth_angular_controller]: OMNI_DEPTH views=4 azimuth_bins=180 elevation_bins=37 valid=1 certificates=1 short=0 held=0 local_candidates=3 yaw=-6.44
[depth_angular_controller-1] [INFO] [1791302412.420000475] [depth_angular_controller]: PAPER_BUILD reason=FULL_MOTION_CERTIFICATE required=0.0000 best=0.0000 free=0 refined=0 tubes=53 revoked_tubes=0 proofs=128
[depth_angular_controller-1] [INFO] [1791302412.420006006] [depth_angular_controller]: PAPER_EVIDENCE retained=16 balls=32 revoked_balls=0 expired_views=0 evicted_views=48 radius=0.580 clearance=0.000 best_prefix=0.000
[depth_angular_controller-1] [INFO] [1791302413.445955365] [depth_angular_controller]: OMNI_DEPTH views=4 azimuth_bins=180 elevation_bins=37 valid=1 certificates=1 short=0 held=0 local_candidates=0 yaw=6.34
[depth_angular_controller-1] [INFO] [1791302413.446185778] [depth_angular_controller]: PAPER_BUILD reason=FULL_MOTION_CERTIFICATE required=0.0000 best=0.0000 free=0 refined=0 tubes=57 revoked_tubes=0 proofs=128
[depth_angular_controller-1] [INFO] [1791302413.446190307] [depth_angular_controller]: PAPER_EVIDENCE retained=16 balls=32 revoked_balls=0 expired_views=0 evicted_views=52 radius=0.580 clearance=0.000 best_prefix=0.000
[depth_angular_controller-1] [INFO] [1791302414.580653057] [depth_angular_controller]: OMNI_DEPTH views=4 azimuth_bins=180 elevation_bins=37 valid=1 certificates=1 short=0 held=0 local_candidates=0 yaw=6.34
[depth_angular_controller-1] [INFO] [1791302414.580895833] [depth_angular_controller]: PAPER_BUILD reason=FULL_MOTION_CERTIFICATE required=0.0000 best=0.0000 free=0 refined=0 tubes=61 revoked_tubes=0 proofs=128
[depth_angular_controller-1] [INFO] [1791302414.580905381] [depth_angular_controller]: PAPER_EVIDENCE retained=16 balls=32 revoked_balls=0 expired_views=0 evicted_views=56 radius=0.580 clearance=0.000 best_prefix=0.000
[depth_angular_controller-1] [INFO] [1791302415.601498194] [depth_angular_controller]: OMNI_DEPTH views=4 azimuth_bins=180 elevation_bins=37 valid=1 certificates=1 short=0 held=0 local_candidates=0 yaw=6.34
[depth_angular_controller-1] [INFO] [1791302415.601763383] [depth_angular_controller]: PAPER_BUILD reason=FULL_MOTION_CERTIFICATE required=0.0000 best=0.0000 free=0 refined=0 tubes=64 revoked_tubes=0 proofs=128
[depth_angular_controller-1] [INFO] [1791302415.601769865] [depth_angular_controller]: PAPER_EVIDENCE retained=16 balls=32 revoked_balls=0 expired_views=0 evicted_views=60 radius=0.580 clearance=0.000 best_prefix=0.000
[depth_angular_controller-1] [INFO] [1791302415.696132291] [depth_angular_controller]: [PERF CTRL] run=candidate_v16_spin_ego1p3_1 elapsed=34.16s callbacks=1141 commands=1140 guidance=1080 command_fps(ros/wall)=59.63/56.85 guidance_wall_fps=56.47 avoid_ms(mean/p50/p95/max)=2.376/1.308/6.544/35.486 cycle_ms(mean/p95/max)=17.590/24.212/84.016 depth_to_cmd_ms(mean/p95/max)=43.657/83.333/100.000 callback_to_publish_ms(mean/p95/max)=4.199/12.288/41.313
[depth_angular_controller-1] [INFO] [1791302415.696238070] [depth_angular_controller]: EVIDENCE_COST ingest(mean/p95/max)=1.843/7.350/13.669 record=0.017/0.020/0.384 ms
[depth_angular_controller-1] [INFO] [1791302415.696243781] [depth_angular_controller]: EVIDENCE_PHASE per_view_mean_ms balls=0.060 tubes=0.051 history=0.324 eviction=0.001
[position_cmd_to_twist-2] [INFO] [1791302416.469087636] [position_cmd_to_twist]: [PERF BRIDGE] run=candidate_v16_spin_ego1p3_1 elapsed=34.83s received=1188 published=1188 fps(ros/wall)=59.65/57.08 controller_to_bridge_ms(mean/p50/p95/max)=0.435/0.000/0.000/33.333 bridge_process_ms(mean/p95/max)=0.091/0.118/0.549
[NAV] t=20.0s position=(-32.55,-10.21,2.66) yaw=21.4deg command=(1.80,0.21,-0.00) manual_active=1 collision_blocks=0
[depth_angular_controller-1] [INFO] [1791302416.551420175] [depth_angular_controller]: OMNI_DEPTH views=4 azimuth_bins=180 elevation_bins=37 valid=1 certificates=1 short=0 held=0 local_candidates=0 yaw=6.34
[depth_angular_controller-1] [INFO] [1791302416.551695332] [depth_angular_controller]: PAPER_BUILD reason=FULL_MOTION_CERTIFICATE required=0.0000 best=0.0000 free=0 refined=0 tubes=68 revoked_tubes=0 proofs=128
[depth_angular_controller-1] [INFO] [1791302416.551710019] [depth_angular_controller]: PAPER_EVIDENCE retained=16 balls=32 revoked_balls=0 expired_views=0 evicted_views=64 radius=0.580 clearance=0.000 best_prefix=0.000
[depth_angular_controller-1] [INFO] [1791302417.686450021] [depth_angular_controller]: OMNI_DEPTH views=4 azimuth_bins=180 elevation_bins=37 valid=1 certificates=1 short=0 held=0 local_candidates=0 yaw=6.34
[depth_angular_controller-1] [INFO] [1791302417.686848309] [depth_angular_controller]: PAPER_BUILD reason=FULL_MOTION_CERTIFICATE required=0.0000 best=0.0000 free=0 refined=0 tubes=72 revoked_tubes=0 proofs=128
[depth_angular_controller-1] [INFO] [1791302417.686856575] [depth_angular_controller]: PAPER_EVIDENCE retained=16 balls=32 revoked_balls=0 expired_views=0 evicted_views=68 radius=0.580 clearance=0.000 best_prefix=0.000
[depth_angular_controller-1] [INFO] [1791302418.638790757] [depth_angular_controller]: OMNI_DEPTH views=4 azimuth_bins=180 elevation_bins=37 valid=1 certificates=1 short=0 held=0 local_candidates=0 yaw=6.34
[depth_angular_controller-1] [INFO] [1791302418.639070693] [depth_angular_controller]: PAPER_BUILD reason=FULL_MOTION_CERTIFICATE required=0.0000 best=0.0000 free=0 refined=0 tubes=76 revoked_tubes=0 proofs=128
[depth_angular_controller-1] [INFO] [1791302418.639075542] [depth_angular_controller]: PAPER_EVIDENCE retained=16 balls=32 revoked_balls=0 expired_views=0 evicted_views=72 radius=0.580 clearance=0.000 best_prefix=0.000
[depth_angular_controller-1] [INFO] [1791302419.658849185] [depth_angular_controller]: OMNI_DEPTH views=4 azimuth_bins=180 elevation_bins=37 valid=1 certificates=1 short=0 held=0 local_candidates=0 yaw=6.34
[depth_angular_controller-1] [INFO] [1791302419.659079759] [depth_angular_controller]: PAPER_BUILD reason=FULL_MOTION_CERTIFICATE required=0.0000 best=0.0000 free=0 refined=0 tubes=79 revoked_tubes=0 proofs=128
[depth_angular_controller-1] [INFO] [1791302419.659086481] [depth_angular_controller]: PAPER_EVIDENCE retained=16 balls=32 revoked_balls=0 expired_views=0 evicted_views=76 radius=0.580 clearance=0.000 best_prefix=0.000
[depth_angular_controller-1] [INFO] [1791302420.675005761] [depth_angular_controller]: OMNI_DEPTH views=4 azimuth_bins=180 elevation_bins=37 valid=1 certificates=1 short=0 held=0 local_candidates=0 yaw=6.34
[depth_angular_controller-1] [INFO] [1791302420.675880024] [depth_angular_controller]: PAPER_BUILD reason=FULL_MOTION_CERTIFICATE required=0.0000 best=0.0000 free=0 refined=0 tubes=83 revoked_tubes=0 proofs=128
[depth_angular_controller-1] [INFO] [1791302420.675889011] [depth_angular_controller]: PAPER_EVIDENCE retained=16 balls=32 revoked_balls=0 expired_views=0 evicted_views=80 radius=0.580 clearance=0.000 best_prefix=0.000
[depth_angular_controller-1] [INFO] [1791302420.704718361] [depth_angular_controller]: [PERF CTRL] run=candidate_v16_spin_ego1p3_1 elapsed=39.17s callbacks=1437 commands=1436 guidance=1376 command_fps(ros/wall)=59.71/57.30 guidance_wall_fps=57.02 avoid_ms(mean/p50/p95/max)=1.950/0.843/5.955/35.486 cycle_ms(mean/p95/max)=17.452/23.642/84.016 depth_to_cmd_ms(mean/p95/max)=42.236/83.333/100.000 callback_to_publish_ms(mean/p95/max)=3.849/11.415/41.313
[depth_angular_controller-1] [INFO] [1791302420.704865828] [depth_angular_controller]: EVIDENCE_COST ingest(mean/p95/max)=1.877/7.018/13.669 record=0.016/0.020/0.384 ms
[depth_angular_controller-1] [INFO] [1791302420.704873863] [depth_angular_controller]: EVIDENCE_PHASE per_view_mean_ms balls=0.059 tubes=0.048 history=0.336 eviction=0.001
[position_cmd_to_twist-2] [INFO] [1791302421.621870186] [position_cmd_to_twist]: [PERF BRIDGE] run=candidate_v16_spin_ego1p3_1 elapsed=39.98s received=1488 published=1488 fps(ros/wall)=59.72/57.31 controller_to_bridge_ms(mean/p50/p95/max)=0.347/0.000/0.000/33.333 bridge_process_ms(mean/p95/max)=0.089/0.115/0.549
[NAV] t=25.0s position=(-23.61,-9.04,2.65) yaw=121.6deg command=(1.60,0.71,-0.01) manual_active=1 collision_blocks=0
[depth_angular_controller-1] [INFO] [1791302421.704069664] [depth_angular_controller]: OMNI_DEPTH views=4 azimuth_bins=180 elevation_bins=37 valid=1 certificates=1 short=0 held=0 local_candidates=3 yaw=39.39
[depth_angular_controller-1] [INFO] [1791302421.704394966] [depth_angular_controller]: PAPER_BUILD reason=FULL_MOTION_CERTIFICATE required=0.0000 best=0.0000 free=0 refined=0 tubes=87 revoked_tubes=0 proofs=128
[depth_angular_controller-1] [INFO] [1791302421.704402810] [depth_angular_controller]: PAPER_EVIDENCE retained=16 balls=32 revoked_balls=0 expired_views=0 evicted_views=84 radius=0.580 clearance=0.000 best_prefix=0.000
[depth_angular_controller-1] [INFO] [1791302422.855466038] [depth_angular_controller]: OMNI_DEPTH views=4 azimuth_bins=180 elevation_bins=37 valid=1 certificates=1 short=0 held=0 local_candidates=2 yaw=44.87
[depth_angular_controller-1] [INFO] [1791302422.856180831] [depth_angular_controller]: PAPER_BUILD reason=FULL_MOTION_CERTIFICATE required=0.0000 best=0.0000 free=0 refined=0 tubes=91 revoked_tubes=0 proofs=128
[depth_angular_controller-1] [INFO] [1791302422.856199566] [depth_angular_controller]: PAPER_EVIDENCE retained=16 balls=32 revoked_balls=0 expired_views=0 evicted_views=88 radius=0.580 clearance=0.000 best_prefix=0.000
[depth_angular_controller-1] [INFO] [1791302423.827503059] [depth_angular_controller]: OMNI_DEPTH views=4 azimuth_bins=180 elevation_bins=37 valid=1 certificates=1 short=0 held=0 local_candidates=3 yaw=-4.74
[depth_angular_controller-1] [INFO] [1791302423.827773287] [depth_angular_controller]: PAPER_BUILD reason=FULL_MOTION_CERTIFICATE required=0.0000 best=0.0000 free=0 refined=0 tubes=95 revoked_tubes=0 proofs=128
[depth_angular_controller-1] [INFO] [1791302423.827781222] [depth_angular_controller]: PAPER_EVIDENCE retained=16 balls=32 revoked_balls=0 expired_views=0 evicted_views=92 radius=0.580 clearance=0.000 best_prefix=0.000
[depth_angular_controller-1] [INFO] [1791302424.833820294] [depth_angular_controller]: OMNI_DEPTH views=4 azimuth_bins=180 elevation_bins=37 valid=1 certificates=1 short=0 held=0 local_candidates=3 yaw=-19.73
[depth_angular_controller-1] [INFO] [1791302424.847345673] [depth_angular_controller]: PAPER_BUILD reason=FULL_MOTION_CERTIFICATE required=0.0000 best=0.0000 free=0 refined=0 tubes=99 revoked_tubes=0 proofs=128
[depth_angular_controller-1] [INFO] [1791302424.847373014] [depth_angular_controller]: PAPER_EVIDENCE retained=16 balls=32 revoked_balls=0 expired_views=0 evicted_views=96 radius=0.580 clearance=0.000 best_prefix=0.000
[depth_angular_controller-1] [INFO] [1791302425.723165692] [depth_angular_controller]: [PERF CTRL] run=candidate_v16_spin_ego1p3_1 elapsed=44.19s callbacks=1709 commands=1708 guidance=1648 command_fps(ros/wall)=59.34/56.78 guidance_wall_fps=56.53 avoid_ms(mean/p50/p95/max)=2.547/1.146/9.991/35.486 cycle_ms(mean/p95/max)=17.611/23.742/84.016 depth_to_cmd_ms(mean/p95/max)=40.534/83.333/100.000 callback_to_publish_ms(mean/p95/max)=4.463/13.576/41.313
[depth_angular_controller-1] [INFO] [1791302425.723332636] [depth_angular_controller]: EVIDENCE_COST ingest(mean/p95/max)=1.901/6.714/13.669 record=0.016/0.019/0.558 ms
[depth_angular_controller-1] [INFO] [1791302425.723343426] [depth_angular_controller]: EVIDENCE_PHASE per_view_mean_ms balls=0.060 tubes=0.044 history=0.345 eviction=0.001
[depth_angular_controller-1] [INFO] [1791302425.910140346] [depth_angular_controller]: OMNI_DEPTH views=4 azimuth_bins=180 elevation_bins=37 valid=1 certificates=1 short=0 held=0 local_candidates=2 yaw=-25.21
[depth_angular_controller-1] [INFO] [1791302425.925751454] [depth_angular_controller]: PAPER_BUILD reason=FULL_MOTION_CERTIFICATE required=0.0000 best=0.0000 free=0 refined=0 tubes=102 revoked_tubes=0 proofs=128
[depth_angular_controller-1] [INFO] [1791302425.925774007] [depth_angular_controller]: PAPER_EVIDENCE retained=16 balls=32 revoked_balls=0 expired_views=0 evicted_views=100 radius=0.580 clearance=0.000 best_prefix=0.000
[depth_angular_controller-1] [INFO] [1791302425.928185809] [depth_angular_controller]: ZERO_INTENT
[position_cmd_to_twist-2] [INFO] [1791302426.838477732] [position_cmd_to_twist]: [PERF BRIDGE] run=candidate_v16_spin_ego1p3_1 elapsed=45.20s received=1769 published=1769 fps(ros/wall)=59.13/56.74 controller_to_bridge_ms(mean/p50/p95/max)=0.942/0.000/0.000/33.333 bridge_process_ms(mean/p95/max)=0.089/0.116/0.593
[NAV] t=30.0s position=(-18.14,-7.04,3.97) yaw=-138.1deg command=(0.00,0.00,0.00) manual_active=1 collision_blocks=0
[depth_angular_controller-1] [INFO] [1791302429.957867180] [depth_angular_controller]: OMNI_DEPTH views=4 azimuth_bins=180 elevation_bins=37 valid=1 certificates=1 short=0 held=0 local_candidates=3 yaw=-172.98
[depth_angular_controller-1] [INFO] [1791302429.957966186] [depth_angular_controller]: DEPTH_PROPOSAL_CERTIFIED
[depth_angular_controller-1] [INFO] [1791302429.957972067] [depth_angular_controller]: PAPER_BUILD reason=FULL_MOTION_CERTIFICATE required=0.0000 best=0.0000 free=0 refined=0 tubes=102 revoked_tubes=0 proofs=128
[depth_angular_controller-1] [INFO] [1791302429.957976786] [depth_angular_controller]: PAPER_EVIDENCE retained=16 balls=32 revoked_balls=0 expired_views=0 evicted_views=116 radius=0.580 clearance=0.000 best_prefix=0.000
[depth_angular_controller-1] [INFO] [1791302430.737734315] [depth_angular_controller]: [PERF CTRL] run=candidate_v16_spin_ego1p3_1 elapsed=49.21s callbacks=1996 commands=1995 guidance=1697 command_fps(ros/wall)=59.20/56.85 guidance_wall_fps=49.67 avoid_ms(mean/p50/p95/max)=2.654/1.254/10.308/35.486 cycle_ms(mean/p95/max)=17.591/23.717/84.016 depth_to_cmd_ms(mean/p95/max)=40.365/83.333/100.000 callback_to_publish_ms(mean/p95/max)=4.311/13.041/41.313
[depth_angular_controller-1] [INFO] [1791302430.737895778] [depth_angular_controller]: EVIDENCE_COST ingest(mean/p95/max)=1.952/6.391/13.669 record=0.016/0.019/0.558 ms
[depth_angular_controller-1] [INFO] [1791302430.737901429] [depth_angular_controller]: EVIDENCE_PHASE per_view_mean_ms balls=0.061 tubes=0.042 history=0.358 eviction=0.001
[depth_angular_controller-1] [INFO] [1791302431.038510848] [depth_angular_controller]: OMNI_DEPTH views=4 azimuth_bins=180 elevation_bins=37 valid=1 certificates=1 short=0 held=0 local_candidates=3 yaw=-162.56
[depth_angular_controller-1] [INFO] [1791302431.038745669] [depth_angular_controller]: PAPER_BUILD reason=FULL_MOTION_CERTIFICATE required=0.0000 best=0.0000 free=0 refined=0 tubes=103 revoked_tubes=0 proofs=128
[depth_angular_controller-1] [INFO] [1791302431.038754496] [depth_angular_controller]: PAPER_EVIDENCE retained=16 balls=32 revoked_balls=0 expired_views=0 evicted_views=120 radius=0.580 clearance=0.000 best_prefix=0.000
[position_cmd_to_twist-2] [INFO] [1791302431.917415564] [position_cmd_to_twist]: [PERF BRIDGE] run=candidate_v16_spin_ego1p3_1 elapsed=50.28s received=2068 published=2068 fps(ros/wall)=59.23/57.04 controller_to_bridge_ms(mean/p50/p95/max)=0.806/0.000/0.000/33.333 bridge_process_ms(mean/p95/max)=0.089/0.113/0.593
[NAV] t=35.0s position=(-19.87,-7.51,3.67) yaw=-118.7deg command=(-1.74,-0.30,-0.11) manual_active=1 collision_blocks=0
[depth_angular_controller-1] [INFO] [1791302431.993737367] [depth_angular_controller]: OMNI_DEPTH views=4 azimuth_bins=180 elevation_bins=37 valid=1 certificates=1 short=0 held=0 local_candidates=0 yaw=-173.66
[depth_angular_controller-1] [INFO] [1791302431.993994550] [depth_angular_controller]: PAPER_BUILD reason=FULL_MOTION_CERTIFICATE required=0.0000 best=0.0000 free=0 refined=0 tubes=106 revoked_tubes=0 proofs=128
[depth_angular_controller-1] [INFO] [1791302431.994004669] [depth_angular_controller]: PAPER_EVIDENCE retained=16 balls=32 revoked_balls=0 expired_views=0 evicted_views=124 radius=0.580 clearance=0.000 best_prefix=0.000
[depth_angular_controller-1] [INFO] [1791302433.066665324] [depth_angular_controller]: OMNI_DEPTH views=4 azimuth_bins=180 elevation_bins=37 valid=1 certificates=1 short=0 held=0 local_candidates=0 yaw=-173.66
[depth_angular_controller-1] [INFO] [1791302433.066938698] [depth_angular_controller]: PAPER_BUILD reason=FULL_MOTION_CERTIFICATE required=0.0000 best=0.0000 free=0 refined=0 tubes=110 revoked_tubes=0 proofs=128
[depth_angular_controller-1] [INFO] [1791302433.066946272] [depth_angular_controller]: PAPER_EVIDENCE retained=16 balls=32 revoked_balls=0 expired_views=0 evicted_views=128 radius=0.580 clearance=0.000 best_prefix=0.000
[depth_angular_controller-1] [INFO] [1791302434.027099240] [depth_angular_controller]: OMNI_DEPTH views=4 azimuth_bins=180 elevation_bins=37 valid=1 certificates=1 short=0 held=0 local_candidates=2 yaw=-156.67
[depth_angular_controller-1] [INFO] [1791302434.028104900] [depth_angular_controller]: PAPER_BUILD reason=FULL_MOTION_CERTIFICATE required=0.0000 best=0.0000 free=0 refined=0 tubes=114 revoked_tubes=0 proofs=128
[depth_angular_controller-1] [INFO] [1791302434.028131439] [depth_angular_controller]: PAPER_EVIDENCE retained=16 balls=32 revoked_balls=0 expired_views=0 evicted_views=132 radius=0.580 clearance=0.000 best_prefix=0.000
[depth_angular_controller-1] [INFO] [1791302435.123433695] [depth_angular_controller]: OMNI_DEPTH views=4 azimuth_bins=180 elevation_bins=37 valid=1 certificates=1 short=0 held=0 local_candidates=3 yaw=-153.78
[depth_angular_controller-1] [INFO] [1791302435.123734330] [depth_angular_controller]: PAPER_BUILD reason=FULL_MOTION_CERTIFICATE required=0.0000 best=0.0000 free=0 refined=0 tubes=117 revoked_tubes=0 proofs=128
[depth_angular_controller-1] [INFO] [1791302435.123752223] [depth_angular_controller]: PAPER_EVIDENCE retained=16 balls=32 revoked_balls=0 expired_views=0 evicted_views=136 radius=0.580 clearance=0.000 best_prefix=0.000
[depth_angular_controller-1] [INFO] [1791302435.740007720] [depth_angular_controller]: [PERF CTRL] run=candidate_v16_spin_ego1p3_1 elapsed=54.21s callbacks=2290 commands=2289 guidance=1991 command_fps(ros/wall)=59.30/57.09 guidance_wall_fps=50.83 avoid_ms(mean/p50/p95/max)=2.588/1.397/9.314/35.486 cycle_ms(mean/p95/max)=17.517/23.594/84.016 depth_to_cmd_ms(mean/p95/max)=39.293/83.333/100.000 callback_to_publish_ms(mean/p95/max)=4.373/12.256/41.313
[depth_angular_controller-1] [INFO] [1791302435.740227894] [depth_angular_controller]: EVIDENCE_COST ingest(mean/p95/max)=2.021/6.307/13.669 record=0.016/0.019/0.558 ms
[depth_angular_controller-1] [INFO] [1791302435.740235428] [depth_angular_controller]: EVIDENCE_PHASE per_view_mean_ms balls=0.062 tubes=0.046 history=0.370 eviction=0.001
[depth_angular_controller-1] [INFO] [1791302436.130369322] [depth_angular_controller]: OMNI_DEPTH views=4 azimuth_bins=180 elevation_bins=37 valid=1 certificates=1 short=0 held=0 local_candidates=0 yaw=-173.66
[depth_angular_controller-1] [INFO] [1791302436.130648015] [depth_angular_controller]: PAPER_BUILD reason=FULL_MOTION_CERTIFICATE required=0.0000 best=0.0000 free=0 refined=0 tubes=121 revoked_tubes=0 proofs=128
[depth_angular_controller-1] [INFO] [1791302436.130654868] [depth_angular_controller]: PAPER_EVIDENCE retained=16 balls=32 revoked_balls=0 expired_views=0 evicted_views=140 radius=0.580 clearance=0.000 best_prefix=0.000
[position_cmd_to_twist-2] [INFO] [1791302437.010753950] [position_cmd_to_twist]: [PERF BRIDGE] run=candidate_v16_spin_ego1p3_1 elapsed=55.37s received=2368 published=2368 fps(ros/wall)=59.32/57.26 controller_to_bridge_ms(mean/p50/p95/max)=0.704/0.000/0.000/33.333 bridge_process_ms(mean/p95/max)=0.089/0.113/0.593
[NAV] t=40.0s position=(-28.61,-9.43,3.60) yaw=141.0deg command=(-1.80,-0.19,-0.00) manual_active=1 collision_blocks=0
[depth_angular_controller-1] [INFO] [1791302437.097831786] [depth_angular_controller]: OMNI_DEPTH views=4 azimuth_bins=180 elevation_bins=37 valid=1 certificates=2 short=0 held=0 local_candidates=2 yaw=-170.28
[depth_angular_controller-1] [INFO] [1791302437.098081606] [depth_angular_controller]: PAPER_BUILD reason=FULL_MOTION_CERTIFICATE required=0.0000 best=0.0000 free=0 refined=0 tubes=125 revoked_tubes=0 proofs=128
[depth_angular_controller-1] [INFO] [1791302437.098088178] [depth_angular_controller]: PAPER_EVIDENCE retained=16 balls=32 revoked_balls=0 expired_views=0 evicted_views=144 radius=0.580 clearance=0.000 best_prefix=0.000
[depth_angular_controller-1] [INFO] [1791302438.112952676] [depth_angular_controller]: OMNI_DEPTH views=4 azimuth_bins=180 elevation_bins=37 valid=1 certificates=1 short=0 held=0 local_candidates=3 yaw=-163.17
[depth_angular_controller-1] [INFO] [1791302438.113275052] [depth_angular_controller]: PAPER_BUILD reason=FULL_MOTION_CERTIFICATE required=0.0000 best=0.0000 free=0 refined=0 tubes=129 revoked_tubes=0 proofs=128
[depth_angular_controller-1] [INFO] [1791302438.113287755] [depth_angular_controller]: PAPER_EVIDENCE retained=16 balls=32 revoked_balls=0 expired_views=0 evicted_views=148 radius=0.580 clearance=0.000 best_prefix=0.000
[depth_angular_controller-1] [INFO] [1791302439.073240106] [depth_angular_controller]: OMNI_DEPTH views=4 azimuth_bins=180 elevation_bins=37 valid=1 certificates=1 short=0 held=0 local_candidates=3 yaw=169.89
[depth_angular_controller-1] [INFO] [1791302439.073557112] [depth_angular_controller]: PAPER_BUILD reason=FULL_MOTION_CERTIFICATE required=0.0000 best=0.0000 free=0 refined=0 tubes=132 revoked_tubes=0 proofs=128
[depth_angular_controller-1] [INFO] [1791302439.073564446] [depth_angular_controller]: PAPER_EVIDENCE retained=16 balls=32 revoked_balls=0 expired_views=0 evicted_views=152 radius=0.580 clearance=0.000 best_prefix=0.000
[depth_angular_controller-1] [INFO] [1791302440.211082548] [depth_angular_controller]: OMNI_DEPTH views=4 azimuth_bins=180 elevation_bins=37 valid=1 certificates=1 short=0 held=0 local_candidates=0 yaw=-173.66
[depth_angular_controller-1] [INFO] [1791302440.211480225] [depth_angular_controller]: PAPER_BUILD reason=FULL_MOTION_CERTIFICATE required=0.0000 best=0.0000 free=0 refined=0 tubes=136 revoked_tubes=0 proofs=128
[depth_angular_controller-1] [INFO] [1791302440.211486006] [depth_angular_controller]: PAPER_EVIDENCE retained=16 balls=32 revoked_balls=0 expired_views=0 evicted_views=156 radius=0.580 clearance=0.000 best_prefix=0.000
[depth_angular_controller-1] [INFO] [1791302440.741480732] [depth_angular_controller]: [PERF CTRL] run=candidate_v16_spin_ego1p3_1 elapsed=59.21s callbacks=2588 commands=2587 guidance=2289 command_fps(ros/wall)=59.38/57.37 guidance_wall_fps=51.82 avoid_ms(mean/p50/p95/max)=2.530/1.407/8.183/35.486 cycle_ms(mean/p95/max)=17.432/23.814/84.543 depth_to_cmd_ms(mean/p95/max)=38.809/66.667/100.000 callback_to_publish_ms(mean/p95/max)=4.423/12.360/41.313
[depth_angular_controller-1] [INFO] [1791302440.741686599] [depth_angular_controller]: EVIDENCE_COST ingest(mean/p95/max)=2.083/6.779/13.669 record=0.016/0.019/0.558 ms
[depth_angular_controller-1] [INFO] [1791302440.741692650] [depth_angular_controller]: EVIDENCE_PHASE per_view_mean_ms balls=0.062 tubes=0.059 history=0.372 eviction=0.001
[depth_angular_controller-1] [INFO] [1791302441.161043802] [depth_angular_controller]: OMNI_DEPTH views=4 azimuth_bins=180 elevation_bins=37 valid=1 certificates=1 short=0 held=0 local_candidates=0 yaw=-173.66
[depth_angular_controller-1] [INFO] [1791302441.161364815] [depth_angular_controller]: PAPER_BUILD reason=FULL_MOTION_CERTIFICATE required=0.0000 best=0.0000 free=0 refined=0 tubes=140 revoked_tubes=0 proofs=128
[depth_angular_controller-1] [INFO] [1791302441.161375906] [depth_angular_controller]: PAPER_EVIDENCE retained=16 balls=32 revoked_balls=0 expired_views=0 evicted_views=160 radius=0.580 clearance=0.000 best_prefix=0.000
[position_cmd_to_twist-2] [INFO] [1791302442.086310277] [position_cmd_to_twist]: [PERF BRIDGE] run=candidate_v16_spin_ego1p3_1 elapsed=60.45s received=2668 published=2668 fps(ros/wall)=59.40/57.47 controller_to_bridge_ms(mean/p50/p95/max)=0.656/0.000/0.000/33.333 bridge_process_ms(mean/p95/max)=0.089/0.113/0.694
[NAV] t=45.0s position=(-37.51,-9.40,4.34) yaw=40.7deg command=(-1.80,-0.19,0.00) manual_active=1 collision_blocks=0
[depth_angular_controller-1] [INFO] [1791302442.223570662] [depth_angular_controller]: OMNI_DEPTH views=4 azimuth_bins=180 elevation_bins=37 valid=1 certificates=1 short=0 held=0 local_candidates=0 yaw=-173.66
[depth_angular_controller-1] [INFO] [1791302442.223896755] [depth_angular_controller]: PAPER_BUILD reason=FULL_MOTION_CERTIFICATE required=0.0000 best=0.0000 free=0 refined=0 tubes=144 revoked_tubes=0 proofs=128
[depth_angular_controller-1] [INFO] [1791302442.223908828] [depth_angular_controller]: PAPER_EVIDENCE retained=16 balls=32 revoked_balls=0 expired_views=0 evicted_views=164 radius=0.580 clearance=0.000 best_prefix=0.000
[depth_angular_controller-1] [INFO] [1791302443.236685011] [depth_angular_controller]: OMNI_DEPTH views=4 azimuth_bins=180 elevation_bins=37 valid=1 certificates=1 short=0 held=0 local_candidates=0 yaw=-173.66
[depth_angular_controller-1] [INFO] [1791302443.237017926] [depth_angular_controller]: PAPER_BUILD reason=FULL_MOTION_CERTIFICATE required=0.0000 best=0.0000 free=0 refined=0 tubes=148 revoked_tubes=0 proofs=128
[depth_angular_controller-1] [INFO] [1791302443.237025080] [depth_angular_controller]: PAPER_EVIDENCE retained=16 balls=32 revoked_balls=0 expired_views=0 evicted_views=168 radius=0.580 clearance=0.000 best_prefix=0.000
[depth_angular_controller-1] [INFO] [1791302444.189358031] [depth_angular_controller]: OMNI_DEPTH views=4 azimuth_bins=180 elevation_bins=37 valid=1 certificates=1 short=0 held=0 local_candidates=0 yaw=-173.66
[depth_angular_controller-1] [INFO] [1791302444.190109764] [depth_angular_controller]: PAPER_BUILD reason=FULL_MOTION_CERTIFICATE required=0.0000 best=0.0000 free=0 refined=0 tubes=151 revoked_tubes=0 proofs=128
[depth_angular_controller-1] [INFO] [1791302444.190318877] [depth_angular_controller]: PAPER_EVIDENCE retained=16 balls=32 revoked_balls=0 expired_views=0 evicted_views=172 radius=0.580 clearance=0.000 best_prefix=0.000
[depth_angular_controller-1] [INFO] [1791302445.190325522] [depth_angular_controller]: OMNI_DEPTH views=4 azimuth_bins=180 elevation_bins=37 valid=1 certificates=1 short=0 held=0 local_candidates=0 yaw=-173.66
[depth_angular_controller-1] [INFO] [1791302445.190666643] [depth_angular_controller]: PAPER_BUILD reason=FULL_MOTION_CERTIFICATE required=0.0000 best=0.0000 free=0 refined=0 tubes=155 revoked_tubes=0 proofs=128
[depth_angular_controller-1] [INFO] [1791302445.190673336] [depth_angular_controller]: PAPER_EVIDENCE retained=16 balls=32 revoked_balls=0 expired_views=0 evicted_views=176 radius=0.580 clearance=0.000 best_prefix=0.000
[depth_angular_controller-1] [INFO] [1791302445.755494101] [depth_angular_controller]: [PERF CTRL] run=candidate_v16_spin_ego1p3_1 elapsed=64.22s callbacks=2891 commands=2890 guidance=2592 command_fps(ros/wall)=59.44/57.67 guidance_wall_fps=52.70 avoid_ms(mean/p50/p95/max)=2.281/1.008/7.443/35.486 cycle_ms(mean/p95/max)=17.339/23.595/84.543 depth_to_cmd_ms(mean/p95/max)=38.458/66.667/100.000 callback_to_publish_ms(mean/p95/max)=4.198/11.944/41.313
[depth_angular_controller-1] [INFO] [1791302445.755762214] [depth_angular_controller]: EVIDENCE_COST ingest(mean/p95/max)=2.052/6.604/13.669 record=0.016/0.019/0.558 ms
[depth_angular_controller-1] [INFO] [1791302445.755775700] [depth_angular_controller]: EVIDENCE_PHASE per_view_mean_ms balls=0.062 tubes=0.058 history=0.366 eviction=0.001
[depth_angular_controller-1] [INFO] [1791302446.187386421] [depth_angular_controller]: OMNI_DEPTH views=4 azimuth_bins=180 elevation_bins=37 valid=1 certificates=1 short=0 held=0 local_candidates=0 yaw=-173.66
[depth_angular_controller-1] [INFO] [1791302446.187729556] [depth_angular_controller]: PAPER_BUILD reason=FULL_MOTION_CERTIFICATE required=0.0000 best=0.0000 free=0 refined=0 tubes=159 revoked_tubes=0 proofs=128
[depth_angular_controller-1] [INFO] [1791302446.187738443] [depth_angular_controller]: PAPER_EVIDENCE retained=16 balls=32 revoked_balls=0 expired_views=0 evicted_views=180 radius=0.580 clearance=0.000 best_prefix=0.000
[position_cmd_to_twist-2] [INFO] [1791302447.174472605] [position_cmd_to_twist]: [PERF BRIDGE] run=candidate_v16_spin_ego1p3_1 elapsed=65.53s received=2968 published=2968 fps(ros/wall)=59.46/57.62 controller_to_bridge_ms(mean/p50/p95/max)=0.590/0.000/0.000/33.333 bridge_process_ms(mean/p95/max)=0.089/0.112/0.991
[NAV] t=50.0s position=(-46.51,-10.35,4.34) yaw=-59.5deg command=(-1.80,-0.19,0.00) manual_active=1 collision_blocks=0
[depth_angular_controller-1] [INFO] [1791302447.252071798] [depth_angular_controller]: OMNI_DEPTH views=4 azimuth_bins=180 elevation_bins=37 valid=1 certificates=1 short=0 held=0 local_candidates=0 yaw=-173.66
[depth_angular_controller-1] [INFO] [1791302447.252402379] [depth_angular_controller]: PAPER_BUILD reason=FULL_MOTION_CERTIFICATE required=0.0000 best=0.0000 free=0 refined=0 tubes=163 revoked_tubes=0 proofs=128
[depth_angular_controller-1] [INFO] [1791302447.252410134] [depth_angular_controller]: PAPER_EVIDENCE retained=16 balls=32 revoked_balls=0 expired_views=0 evicted_views=184 radius=0.580 clearance=0.000 best_prefix=0.000
[depth_angular_controller-1] [INFO] [1791302448.264873479] [depth_angular_controller]: OMNI_DEPTH views=4 azimuth_bins=180 elevation_bins=37 valid=1 certificates=1 short=0 held=0 local_candidates=0 yaw=-173.66
[depth_angular_controller-1] [INFO] [1791302448.265225481] [depth_angular_controller]: PAPER_BUILD reason=FULL_MOTION_CERTIFICATE required=0.0000 best=0.0000 free=0 refined=0 tubes=166 revoked_tubes=0 proofs=128
[depth_angular_controller-1] [INFO] [1791302448.265232764] [depth_angular_controller]: PAPER_EVIDENCE retained=16 balls=32 revoked_balls=0 expired_views=0 evicted_views=188 radius=0.580 clearance=0.000 best_prefix=0.000
[depth_angular_controller-1] [INFO] [1791302449.388109240] [depth_angular_controller]: OMNI_DEPTH views=4 azimuth_bins=180 elevation_bins=37 valid=1 certificates=1 short=0 held=0 local_candidates=3 yaw=-160.17
[depth_angular_controller-1] [INFO] [1791302449.388896069] [depth_angular_controller]: PAPER_BUILD reason=FULL_MOTION_CERTIFICATE required=0.0000 best=0.0000 free=0 refined=0 tubes=170 revoked_tubes=0 proofs=128
[depth_angular_controller-1] [INFO] [1791302449.389098569] [depth_angular_controller]: PAPER_EVIDENCE retained=16 balls=32 revoked_balls=0 expired_views=0 evicted_views=192 radius=0.580 clearance=0.000 best_prefix=0.000
[depth_angular_controller-1] [INFO] [1791302450.381601663] [depth_angular_controller]: OMNI_DEPTH views=4 azimuth_bins=180 elevation_bins=37 valid=1 certificates=1 short=0 held=0 local_candidates=3 yaw=-169.29
[depth_angular_controller-1] [INFO] [1791302450.381982148] [depth_angular_controller]: PAPER_BUILD reason=FULL_MOTION_CERTIFICATE required=0.0000 best=0.0000 free=0 refined=0 tubes=174 revoked_tubes=0 proofs=128
[depth_angular_controller-1] [INFO] [1791302450.381992117] [depth_angular_controller]: PAPER_EVIDENCE retained=16 balls=32 revoked_balls=0 expired_views=0 evicted_views=196 radius=0.580 clearance=0.000 best_prefix=0.000
[depth_angular_controller-1] [INFO] [1791302450.769373427] [depth_angular_controller]: [PERF CTRL] run=candidate_v16_spin_ego1p3_1 elapsed=69.24s callbacks=3178 commands=3177 guidance=2879 command_fps(ros/wall)=59.49/57.63 guidance_wall_fps=53.12 avoid_ms(mean/p50/p95/max)=2.174/0.906/7.033/35.486 cycle_ms(mean/p95/max)=17.351/23.542/84.543 depth_to_cmd_ms(mean/p95/max)=38.630/66.667/100.000 callback_to_publish_ms(mean/p95/max)=4.107/11.271/41.313
[depth_angular_controller-1] [INFO] [1791302450.769619810] [depth_angular_controller]: EVIDENCE_COST ingest(mean/p95/max)=2.036/6.407/13.669 record=0.016/0.019/0.558 ms
[depth_angular_controller-1] [INFO] [1791302450.769624910] [depth_angular_controller]: EVIDENCE_PHASE per_view_mean_ms balls=0.060 tubes=0.058 history=0.363 eviction=0.001
[depth_angular_controller-1] [INFO] [1791302451.434668635] [depth_angular_controller]: OMNI_DEPTH views=4 azimuth_bins=180 elevation_bins=37 valid=1 certificates=1 short=0 held=0 local_candidates=2 yaw=-172.09
[depth_angular_controller-1] [INFO] [1791302451.435010908] [depth_angular_controller]: PAPER_BUILD reason=FULL_MOTION_CERTIFICATE required=0.0000 best=0.0000 free=0 refined=0 tubes=178 revoked_tubes=0 proofs=128
[depth_angular_controller-1] [INFO] [1791302451.435018122] [depth_angular_controller]: PAPER_EVIDENCE retained=16 balls=32 revoked_balls=0 expired_views=0 evicted_views=200 radius=0.580 clearance=0.000 best_prefix=0.000
[position_cmd_to_twist-2] [INFO] [1791302452.388879385] [position_cmd_to_twist]: [PERF BRIDGE] run=candidate_v16_spin_ego1p3_1 elapsed=70.75s received=3268 published=3268 fps(ros/wall)=59.51/57.61 controller_to_bridge_ms(mean/p50/p95/max)=0.535/0.000/0.000/33.333 bridge_process_ms(mean/p95/max)=0.089/0.113/0.991
[NAV] t=55.0s position=(-55.19,-11.88,5.54) yaw=-159.8deg command=(-1.68,-0.16,0.65) manual_active=1 collision_blocks=0
[depth_angular_controller-1] [INFO] [1791302452.467838154] [depth_angular_controller]: OMNI_DEPTH views=4 azimuth_bins=180 elevation_bins=37 valid=1 certificates=1 short=0 held=0 local_candidates=3 yaw=-175.35
[depth_angular_controller-1] [INFO] [1791302452.468186889] [depth_angular_controller]: PAPER_BUILD reason=FULL_MOTION_CERTIFICATE required=0.0000 best=0.0000 free=0 refined=0 tubes=181 revoked_tubes=0 proofs=128
[depth_angular_controller-1] [INFO] [1791302452.468194193] [depth_angular_controller]: PAPER_EVIDENCE retained=16 balls=32 revoked_balls=0 expired_views=0 evicted_views=204 radius=0.580 clearance=0.000 best_prefix=0.000
[depth_angular_controller-1] [INFO] [1791302453.505336728] [depth_angular_controller]: OMNI_DEPTH views=4 azimuth_bins=180 elevation_bins=37 valid=1 certificates=1 short=0 held=0 local_candidates=0 yaw=-173.66
[depth_angular_controller-1] [INFO] [1791302453.505737100] [depth_angular_controller]: PAPER_BUILD reason=FULL_MOTION_CERTIFICATE required=0.0000 best=0.0000 free=0 refined=0 tubes=185 revoked_tubes=0 proofs=128
[depth_angular_controller-1] [INFO] [1791302453.505743883] [depth_angular_controller]: PAPER_EVIDENCE retained=16 balls=32 revoked_balls=0 expired_views=0 evicted_views=208 radius=0.580 clearance=0.000 best_prefix=0.000
[depth_angular_controller-1] [INFO] [1791302454.636617087] [depth_angular_controller]: OMNI_DEPTH views=4 azimuth_bins=180 elevation_bins=37 valid=1 certificates=1 short=0 held=0 local_candidates=0 yaw=-173.66
[depth_angular_controller-1] [INFO] [1791302454.636987994] [depth_angular_controller]: PAPER_BUILD reason=FULL_MOTION_CERTIFICATE required=0.0000 best=0.0000 free=0 refined=0 tubes=189 revoked_tubes=0 proofs=128
[depth_angular_controller-1] [INFO] [1791302454.636995989] [depth_angular_controller]: PAPER_EVIDENCE retained=16 balls=32 revoked_balls=0 expired_views=0 evicted_views=212 radius=0.580 clearance=0.000 best_prefix=0.000
[depth_angular_controller-1] [INFO] [1791302455.633231447] [depth_angular_controller]: OMNI_DEPTH views=4 azimuth_bins=180 elevation_bins=37 valid=1 certificates=1 short=0 held=0 local_candidates=2 yaw=-175.33
[depth_angular_controller-1] [INFO] [1791302455.633663099] [depth_angular_controller]: PAPER_BUILD reason=FULL_MOTION_CERTIFICATE required=0.0000 best=0.0000 free=0 refined=0 tubes=193 revoked_tubes=0 proofs=128
[depth_angular_controller-1] [INFO] [1791302455.633674650] [depth_angular_controller]: PAPER_EVIDENCE retained=16 balls=32 revoked_balls=0 expired_views=0 evicted_views=216 radius=0.580 clearance=0.000 best_prefix=0.000
[depth_angular_controller-1] [INFO] [1791302455.783856449] [depth_angular_controller]: [PERF CTRL] run=candidate_v16_spin_ego1p3_1 elapsed=74.25s callbacks=3464 commands=3463 guidance=3165 command_fps(ros/wall)=59.54/57.58 guidance_wall_fps=53.45 avoid_ms(mean/p50/p95/max)=2.108/1.000/6.555/35.486 cycle_ms(mean/p95/max)=17.366/23.492/84.828 depth_to_cmd_ms(mean/p95/max)=39.373/83.333/100.000 callback_to_publish_ms(mean/p95/max)=4.045/10.558/41.313
[depth_angular_controller-1] [INFO] [1791302455.784149970] [depth_angular_controller]: EVIDENCE_COST ingest(mean/p95/max)=2.017/6.351/13.669 record=0.016/0.020/0.558 ms
[depth_angular_controller-1] [INFO] [1791302455.784156673] [depth_angular_controller]: EVIDENCE_PHASE per_view_mean_ms balls=0.060 tubes=0.057 history=0.359 eviction=0.001
[depth_angular_controller-1] [INFO] [1791302456.649508149] [depth_angular_controller]: OMNI_DEPTH views=4 azimuth_bins=180 elevation_bins=37 valid=1 certificates=1 short=0 held=0 local_candidates=3 yaw=172.04
[depth_angular_controller-1] [INFO] [1791302456.649871041] [depth_angular_controller]: PAPER_BUILD reason=FULL_MOTION_CERTIFICATE required=0.0000 best=0.0000 free=0 refined=0 tubes=197 revoked_tubes=0 proofs=128
[depth_angular_controller-1] [INFO] [1791302456.649878625] [depth_angular_controller]: PAPER_EVIDENCE retained=16 balls=32 revoked_balls=0 expired_views=0 evicted_views=220 radius=0.580 clearance=0.000 best_prefix=0.000
[position_cmd_to_twist-2] [INFO] [1791302457.634695755] [position_cmd_to_twist]: [PERF BRIDGE] run=candidate_v16_spin_ego1p3_1 elapsed=75.99s received=3568 published=3568 fps(ros/wall)=59.55/57.57 controller_to_bridge_ms(mean/p50/p95/max)=0.490/0.000/0.000/33.333 bridge_process_ms(mean/p95/max)=0.089/0.114/0.991
[NAV] t=60.0s position=(-64.02,-12.37,6.27) yaw=100.3deg command=(-1.73,-0.25,-0.29) manual_active=0 collision_blocks=0
[depth_angular_controller-1] [INFO] [1791302457.721468578] [depth_angular_controller]: ZERO_INTENT
[depth_angular_controller-1] [INFO] [1791302460.806202658] [depth_angular_controller]: [PERF CTRL] run=candidate_v16_spin_ego1p3_1 elapsed=79.27s callbacks=3733 commands=3732 guidance=3275 command_fps(ros/wall)=59.57/57.27 guidance_wall_fps=53.57 avoid_ms(mean/p50/p95/max)=2.102/1.075/6.442/35.486 cycle_ms(mean/p95/max)=17.460/23.576/84.828 depth_to_cmd_ms(mean/p95/max)=39.654/83.333/100.000 callback_to_publish_ms(mean/p95/max)=3.944/10.049/41.313
[depth_angular_controller-1] [INFO] [1791302460.806532888] [depth_angular_controller]: EVIDENCE_COST ingest(mean/p95/max)=1.998/6.307/13.669 record=0.016/0.020/0.558 ms
[depth_angular_controller-1] [INFO] [1791302460.806554509] [depth_angular_controller]: EVIDENCE_PHASE per_view_mean_ms balls=0.058 tubes=0.057 history=0.355 eviction=0.001
[MANUAL RESULT] TIMEOUT position=(-65.282,-12.556,6.056)
[PERF ISAAC FINAL] run=candidate_v16_spin_ego1p3_1 result=MANUAL_TIMEOUT wall=67.15s sim_frames=3843 fps(sim/wall)=60.03/57.23 command_changes=3031 collision_blocks=0 frame_interval_ms(mean/p50/p95/max)=17.333/15.974/18.810/79.882
[80.336s] Simulation App Shutting Down
[depth_angular_controller-1] [INFO] [1791302462.904846415] [rclcpp]: signal_handler(SIGINT/SIGTERM)
[position_cmd_to_twist-2] [INFO] [1791302462.905697094] [position_cmd_to_twist]: [PERF BRIDGE FINAL] run=candidate_v16_spin_ego1p3_1 elapsed=81.26s received=3814 published=3814 fps(ros/wall)=59.58/57.29 controller_to_bridge_ms(mean/p50/p95/max)=0.459/0.000/0.000/33.333 bridge_process_ms(mean/p95/max)=0.091/0.121/0.991
[position_cmd_to_twist-2] Failed to publish log message to rosout: publisher's context is invalid, at ./src/rcl/publisher.c:389
[depth_angular_controller-1] [INFO] [1791302462.905850412] [depth_angular_controller]: [PERF CTRL FINAL] run=candidate_v16_spin_ego1p3_1 elapsed=81.37s callbacks=3815 commands=3814 guidance=3275 command_fps(ros/wall)=59.58/57.29 guidance_wall_fps=53.57 avoid_ms(mean/p50/p95/max)=2.102/1.075/6.442/35.486 cycle_ms(mean/p95/max)=17.457/23.566/84.828 depth_to_cmd_ms(mean/p95/max)=39.654/83.333/100.000 callback_to_publish_ms(mean/p95/max)=3.894/9.943/41.313
[depth_angular_controller-1] [INFO] [1791302462.906120540] [depth_angular_controller]: EVIDENCE_COST ingest(mean/p95/max)=1.988/6.294/13.669 record=0.016/0.020/0.558 ms
[depth_angular_controller-1] [INFO] [1791302462.906124367] [depth_angular_controller]: EVIDENCE_PHASE per_view_mean_ms balls=0.058 tubes=0.056 history=0.353 eviction=0.001
[INFO] [depth_angular_controller-1]: process has finished cleanly [pid 155691]
[INFO] [position_cmd_to_twist-2]: process has finished cleanly [pid 155693]
