[PERF] run=candidate_v7_spin_ego1p3_1 log=/home/starry/isaac-data/EGO1P3/performance/omni_20261006/candidate_v7_spin_ego1p3_1_performance.md
[INPUT] mode=trace scene_mode=cloud
[INFO] [launch]: All log files can be found below /tmp/fov_gvf_ego1p3_isaac_ros_log/2026-10-06-22-47-51-736188-starry-System-Product-Name-122176
[INFO] [launch]: Default logging verbosity is set to INFO
[INFO] [depth_angular_controller-1]: process started with pid [122178]
[INFO] [position_cmd_to_twist-2]: process started with pid [122180]
[depth_angular_controller-1] [INFO] [1791298071.769163324] [depth_angular_controller]: PROCESSING_RATES control=60.0 Hz depth_limit=10.0 Hz (0=unlimited)
[depth_angular_controller-1] [INFO] [1791298071.771145218] [depth_angular_controller]: C++ controller commands publish on /position_cmd; horizontal views=4
[ROS CHECK] ROS_DOMAIN_ID=42 /position_cmd publishers=1
Type: pc_gvf_msgs/msg/PositionCommand
Publisher count: 1
Subscription count: 1
/depth_angular_controller
/position_cmd_to_twist
WARNING: All log messages before absl::InitializeLog() is called are written to STDERR
E0000 00:00:1791298072.716453  122219 descriptor_database.cc:633] File already exists in database: grpc/health/v1/health.proto
W0000 00:00:1791298072.716474  122219 message.cc:301] Protobuf GeneratedMessageFactory: File is already registered: grpc/health/v1/health.proto
2026-10-06T14:47:52Z [Info] [carb] Logging to file: /home/starry/isaac-data/isaacsim/kit/logs/Kit/Isaac-Sim Python/6.0/kit_20261006_224752.log
[0.044s] [ext: omni.assets.plugins-0.0.0] startup
[0.044s] [ext: omni.blobkey-1.1.2] startup
[0.045s] [ext: omni.kit.async_engine-0.0.3] startup
[0.309s] [ext: omni.client.lib-1.1.1] startup
[0.317s] [ext: omni.client-1.3.0] startup
[0.319s] [ext: omni.protobuf.lib-1.0.0] startup
[0.319s] [ext: omni.grpc.lib-1.0.0] startup
[0.323s] [ext: omni.metrics.core-0.0.3] startup
[0.323s] [ext: omni.datastore-0.0.0] startup
[0.323s] [ext: omni.gpu_foundation.shadercache.vulkan-1.0.0] startup
[0.325s] [ext: omni.hsscclient-1.1.4] startup
[0.325s] [ext: omni.stats-1.0.1] startup
[0.326s] [ext: omni.ujitso.default-1.0.0] startup
[0.329s] [ext: omni.gpu_foundation-0.0.0] startup
[0.456s] [ext: carb.windowing.plugins-1.0.1] startup
[0.457s] [ext: omni.kit.renderer.init-1.0.1] startup
2026-10-06T14:47:53Z [656ms] [Warning] [omni.rtx] Skipping unsupported non-NVIDIA GPU: AMD Unknown (RADV RAPHAEL_MENDOCINO)
2026-10-06T14:47:53Z [657ms] [Warning] [omni.rtx] Skipping unsupported non-NVIDIA GPU: AMD Unknown (RADV RAPHAEL_MENDOCINO)

|---------------------------------------------------------------------------------------------|
| Driver Version: 580.178.04    | Graphics API: Vulkan
|=============================================================================================|
| GPU | Name                             | Active | LDA | GPU Memory | Vendor-ID | LUID       |
|     |                                  |        |     |            | Device-ID | UUID       |
|     |                                  |        |     |            | Bus-ID    |            |
|---------------------------------------------------------------------------------------------|
| 0   | NVIDIA GeForce RTX 5070          | Yes: 0 |     | 12227   MB | 10de      | 0          |
|     |                                  |        |     |            | 2f04      | 348d89fe.. |
|     |                                  |        |     |            | 1         |            |
|---------------------------------------------------------------------------------------------|
| 1   | AMD Unknown (RADV RAPHAEL_MEND.. |        |     | 10755   MB | 1002      | 0          |
|     |                                  |        |     |            | 13c0      | 00000000.. |
|     |                                  |        |     |            | c         |            |
|=============================================================================================|
| OS: 22.04.5 LTS (Jammy Jellyfish) ubuntu, Version: 22.04.5, Kernel: 6.8.0-138-generic
| XServer Vendor: The X.Org Foundation, XServer Version: 12101004 (1.21.1.4)
| Processor: AMD Ryzen 5 9600X 6-Core Processor
| Cores: 6 | Logical Cores: 12
|---------------------------------------------------------------------------------------------|
| Total Memory (MB): 31241 | Free Memory: 22831
| Total Page/Swap (MB): 15624 | Free Page/Swap: 15624
|---------------------------------------------------------------------------------------------|
2026-10-06T14:47:53Z [864ms] [Warning] [omni.rtx] CPU performance profile is set to powersave. This profile sets the CPU to the lowest frequency reducing performance.
2026-10-06T14:47:53Z [872ms] [Warning] [omni.rtx] IOMMU is enabled.
[0.971s] [ext: omni.kit.pipapi-0.0.0] startup
[0.972s] [ext: omni.kit.pip_archive-0.0.0] startup
[0.972s] [ext: isaacsim.pip.newton-0.6.1] startup
[0.972s] [ext: omni.pip.compute-1.9.2] startup
[0.972s] [ext: omni.isaac.core_archive-5.3.1] startup
[0.973s] [ext: omni.kit.telemetry-0.5.2] startup
[0.991s] [ext: omni.kit.loop-isaac-1.6.0] startup
[0.992s] [ext: omni.kit.test-2.0.7] startup
[1.043s] [ext: omni.materialx.libs-1.0.9] startup
[1.049s] [ext: omni.gpucompute.plugins-0.0.0] startup
[1.049s] [ext: omni.usd.config-1.0.7] startup
[1.052s] [ext: omni.usd.libs-1.0.3] startup
[1.107s] [ext: omni.iray.libs-0.0.1] startup
[1.110s] [ext: omni.mdl-57.0.3] startup
[1.170s] [ext: omni.mdl.neuraylib-0.2.20] startup
[1.172s] [ext: omni.kit.usd.mdl-1.1.9] startup
[1.257s] [ext: omni.appwindow-1.2.2] startup
[1.258s] [ext: omni.kit.renderer.core-1.2.2] startup
2026-10-06T14:47:58Z [6,473ms] [Warning] [carb.windowing-glfw.gamepad] Joystick with unknown remapping detected (will be ignored):  BEITONG BEITONG A2P3A BFM DONGLE [03000000bc2000001c51000011010000]
[6.504s] [ext: omni.kit.renderer.capture-2.0.1] startup
[6.506s] [ext: omni.kit.renderer.imgui-2.0.6] startup
[6.542s] [ext: omni.ui-3.2.0] startup
[6.549s] [ext: omni.kit.mainwindow-1.0.3] startup
[6.550s] [ext: carb.audio-0.1.0] startup
[6.552s] [ext: omni.uiaudio-1.0.0] startup
[6.552s] [ext: omni.kit.uiapp-0.0.0] startup
[6.552s] [ext: omni.usd.schema.metrics.assembler-110.1.0] startup
[6.555s] [ext: omni.usd.schema.audio-0.0.1] startup
[6.557s] [ext: omni.usd_resolver-1.0.0] startup
[6.559s] [ext: omni.usd.core-1.8.3] startup
[6.562s] [ext: omni.metropolis.schema-0.0.3] startup
[6.562s] [ext: isaacsim.anim.robot.schema-0.1.1] startup
[6.563s] [ext: omni.usd.schema.anim-0.0.1] startup
[6.575s] [ext: omni.usd.schema.geospatial-0.0.1] startup
[6.577s] [ext: omni.usd.schema.omnigraph-1.0.1] startup
[6.581s] [ext: omni.usd.schema.semantics-0.0.0] startup
[6.583s] [ext: omni.activity.core-1.0.3] startup
[6.584s] [ext: omni.cubric-0.1.0] startup
[6.584s] [ext: omni.graph.exec-0.9.6] startup
[6.584s] [ext: omni.hydra.scene_delegate-0.3.5] startup
[6.586s] [ext: usdrt.scenegraph-7.6.3] startup
[6.604s] [ext: omni.hydra.usdrt_delegate-7.5.2] startup
[6.608s] [ext: omni.inspect-1.0.2] startup
[6.609s] [ext: omni.kit.actions.core-1.0.0] startup
[6.610s] [ext: omni.kit.audiodeviceenum-1.0.2] startup
[6.611s] [ext: omni.kit.commands-1.5.0] startup
[6.613s] [ext: omni.kit.exec.core-0.13.5] startup
[6.614s] [ext: omni.kit.usd_undo-0.1.8] startup
[6.614s] [ext: omni.kit.window.popup_dialog-2.0.25] startup
[6.617s] [ext: omni.kit.widget.nucleus_connector-2.3.1] startup
[6.619s] [ext: omni.timeline-1.1.0] startup
[6.620s] [ext: omni.usd-1.16.0] startup
[6.644s] [ext: omni.graph.core-3.1.2] startup
[6.647s] [ext: omni.kit.notification_manager-1.0.11] startup
[6.648s] [ext: isaacsim.core.deprecation_manager-0.4.2] startup
[6.649s] [ext: isaacsim.replicator.agent.schema-0.1.1] startup
[6.649s] [ext: isaacsim.robot.schema-6.3.7] startup
[6.653s] [ext: isaacsim.robot_motion.schema-0.2.1] startup
[6.654s] [ext: omni.anim.behavior.schema-110.1.0] startup
[6.657s] [ext: omni.anim.graph.schema-110.1.1] startup
[6.661s] [ext: omni.anim.navigation.schema-110.1.0] startup
[6.663s] [ext: omni.behavior.tree.schema-110.1.0] startup
[6.664s] [ext: omni.isaac.ml_archive-3.3.0] startup
[6.664s] [ext: omni.kit.asset_converter-6.0.1] startup
[6.673s] [ext: omni.pip.cloud-1.5.4] startup
[6.674s] [ext: omni.usd.schema.flow-110.0.0] startup
[6.675s] [ext: omni.usd.schema.mujoco-1.1.1] startup
[6.675s] [ext: omni.usd.schema.newton-1.2.1] startup
[6.676s] [ext: omni.usd.schema.omni_lens_distortion-1.0.0] startup
[6.676s] [ext: omni.usd.schema.omni_projectors-1.0.0] startup
[6.677s] [ext: omni.usd.schema.omni_sensors-0.0.0] startup
[6.683s] [ext: omni.usd.schema.omniscripting-1.0.1] startup
[6.685s] [ext: omni.usd.schema.physical_lighting-0.1.0] startup
[6.688s] [ext: omni.usd.schema.physx-110.1.13] startup
[6.711s] [ext: omni.usd.schema.render_settings.rtx-1.0.2] startup
[6.713s] [ext: omni.usd.schema.usd_particle_field-1.0.0] startup
[6.714s] [ext: isaacsim.core.version-2.1.1] startup
[6.714s] [ext: omni.kit.menu.core-1.2.0] startup
[6.715s] [ext: omni.kit.menu.utils-2.2.4] startup
[6.720s] [ext: isaacsim.app.about-2.3.1] startup
[6.723s] [ext: isaacsim.asset.transformer-1.2.5] startup
[6.726s] [ext: omni.scene.optimizer.core-110.1.0] startup
[6.755s] [ext: isaacsim.asset.importer.utils-1.8.1] startup
[6.757s] [ext: omni.convexdecomposition-110.1.13] startup
[6.759s] [ext: omni.physics-110.1.13] startup
[6.761s] [ext: omni.physx.gpu-110.1.13] startup
[6.761s] [ext: omni.physx.foundation-110.1.13] startup
[6.762s] [ext: omni.usdphysics-110.1.13] startup
[6.763s] [ext: omni.physx.cooking-110.1.13] startup
[6.765s] [ext: omni.physx-110.1.13] startup
[6.772s] [ext: omni.physics.physx-110.1.13] startup
[6.773s] [ext: isaacsim.asset.exporter.urdf-2.0.5] startup
[6.779s] [ext: omni.kit.clipboard-1.1.1] startup
[6.780s] [ext: omni.kit.usd.layers-2.6.1] startup
[6.785s] [ext: omni.kit.widget.context_menu-1.4.0] startup
[6.786s] [ext: omni.kit.context_menu-1.9.0] startup
[6.787s] [ext: omni.kit.helper.file_utils-0.1.10] startup
[6.788s] [ext: omni.kit.widget.nucleus_info-2.0.2] startup
[6.788s] [ext: omni.kit.search_core-1.0.8] startup
[6.789s] [ext: omni.kit.widget.path_field-2.0.13] startup
[6.789s] [ext: omni.kit.widget.browser_bar-2.0.10] startup
[6.790s] [ext: omni.kit.widget.filebrowser-2.13.4] startup
[6.793s] [ext: omni.kit.widget.options_menu-1.1.6] startup
[6.795s] [ext: omni.kit.widget.options_button-1.0.3] startup
[6.796s] [ext: omni.kit.widget.search_delegate-1.0.9] startup
[6.796s] [ext: omni.ui.scene-2.0.3] startup
[6.800s] [ext: omni.kit.window.filepicker-2.15.5] startup
[6.809s] [ext: omni.kit.window.file_importer-1.1.21] startup
[6.810s] [ext: omni.kit.material.library-3.1.2] startup
[6.814s] [ext: isaacsim.asset.transformer.rules-1.7.10] startup
[6.821s] [ext: omni.usdex.libs-2.2.2] startup
[6.827s] [ext: isaacsim.asset.importer.mjcf-3.10.1] startup
[6.829s] [ext: isaacsim.asset.importer.urdf-3.11.2] startup
[6.831s] [ext: omni.kit.primitive.mesh-1.1.0] startup
[6.833s] [ext: omni.kit.stage_template.core-1.1.22] startup
[6.834s] [ext: omni.kit.stage_templates-2.0.2] startup
[6.835s] [ext: omni.usd.metrics.assembler-110.1.2] startup
[6.837s] [ext: omni.warp.core-1.13.0] startup
[7.014s] [ext: isaacsim.core.experimental.utils-0.17.2] startup
[7.015s] [ext: omni.physics.stageupdate-110.1.13] startup
[7.017s] [ext: omni.physics.tensors-110.1.13] startup
[7.020s] [ext: omni.physx.tensors-110.1.13] startup
[7.023s] [ext: isaacsim.core.simulation_manager-1.15.6] startup
[7.033s] [ext: isaacsim.storage.native-1.9.3] startup
[7.034s] [ext: omni.usd.metrics.assembler.physics-110.1.13] startup
[7.035s] [ext: isaacsim.core.utils-4.1.7] startup
[7.036s] [ext: isaacsim.core.prims-0.11.7] startup
[7.890s] [ext: isaacsim.core.api-5.2.13] startup
[7.896s] [ext: isaacsim.core.cloner-1.7.3] startup
[7.897s] [ext: isaacsim.test.docstring-1.3.2] startup
[7.899s] [ext: isaacsim.core.experimental.prims-1.8.9] startup
[7.916s] [ext: isaacsim.core.experimental.primdata-0.3.2] startup
[7.918s] [ext: omni.graph.tools-1.81.0] startup
[7.936s] [ext: omni.graph-1.142.5] startup
[7.967s] [ext: isaacsim.core.experimental.actuators-0.1.2] startup
[7.979s] [ext: isaacsim.core.experimental.materials-0.7.1] startup
[7.981s] [ext: isaacsim.core.experimental.objects-0.8.1] startup
[8.032s] [ext: omni.hydra.engine.stats-1.0.5] startup
[8.034s] [ext: omni.hydra.rtx.shadercache.vulkan-1.0.0] startup
[8.035s] [ext: omni.index.libs-387500.4413.0] startup
[8.035s] [ext: omni.index-1.0.1] startup
[8.036s] [ext: omni.ujitso.client-0.0.0] startup
[8.036s] [ext: omni.usd.schema.playback-1.0.0] startup
[8.039s] [ext: omni.volume-0.5.2] startup
[8.042s] [ext: omni.hydra.rtx-1.0.4] startup
2026-10-06T14:48:00Z [8,031ms] [Warning] [omni.log] Source: omni.hydra was already registered.
[8.062s] [ext: omni.kit.hydra_texture-1.6.0] startup
[8.065s] [ext: omni.kit.raycast.query-1.2.0] startup
[8.068s] [ext: omni.kit.viewport.legacy_gizmos-1.0.24] startup
[8.070s] [ext: omni.kit.viewport.registry-104.0.6] startup
[8.070s] [ext: omni.kit.viewport.scene_camera_model-1.0.7] startup
[8.073s] [ext: omni.kit.widget.viewport-109.2.0] startup
[8.076s] [ext: omni.kit.window.drop_support-1.0.8] startup
[8.077s] [ext: omni.kit.viewport.window-109.0.2] startup
[8.090s] [ext: omni.kit.viewport.utility-2.0.1] startup
[8.091s] [ext: isaacsim.core.rendering_manager-0.4.3] startup
[8.110s] [ext: omni.graph.action_core-1.1.9] startup
[8.112s] [ext: omni.graph.action_nodes_core-2.11.0] startup
[8.113s] [ext: omni.graph.action_nodes-2.11.0] startup
[8.129s] [ext: omni.graph.action-2.10.2] startup
[8.130s] [ext: omni.graph.image.core-0.6.1] startup
[8.130s] [ext: omni.graph.image.nodes-1.3.1] startup
[8.131s] [ext: omni.graph.nodes_core-2.11.0] startup
[8.135s] [ext: omni.graph.nodes-2.12.0] startup
[8.139s] [ext: omni.kit.hotkeys.core-1.3.12] startup
[8.140s] [ext: omni.kit.property.adapter.core-1.1.1] startup
[8.142s] [ext: omni.kit.property.adapter.usd-1.0.5] startup
[8.143s] [ext: omni.kit.widget.filter-1.1.5] startup
[8.144s] [ext: omni.kit.widget.highlight_label-1.0.3] startup
[8.144s] [ext: omni.kit.widget.searchfield-1.1.8] startup
[8.146s] [ext: omni.kit.window.file_exporter-1.0.36] startup
[8.147s] [ext: omni.kit.widget.stage-4.4.0] startup
[8.153s] [ext: omni.kit.window.content_browser_registry-0.0.6] startup
[8.154s] [ext: omni.kit.window.file-2.0.10] startup
[8.157s] [ext: omni.kit.window.content_browser-3.1.8] startup
[8.165s] [ext: omni.kit.window.property-1.15.1] startup
[8.174s] [ext: omni.kit.property.usd-4.9.4] startup
[8.182s] [ext: omni.graph.scriptnode-2.10.2] startup
[8.190s] [ext: omni.kit.widget.searchable_combobox-1.0.7] startup
[8.190s] [ext: omni.kit.widget.settings-2.0.0] startup
[8.192s] [ext: omni.kit.window.preferences-1.8.3] startup
[8.196s] [ext: omni.kit.viewport.menubar.core-107.2.2] startup
[8.205s] [ext: omni.syntheticdata-0.6.15] startup
[8.227s] [ext: omni.replicator.nv-1.1.1] startup
[8.231s] [ext: omni.videoencoding-0.2.1] startup
[8.232s] [ext: omni.replicator.core-1.13.27] startup
2026-10-06T14:48:00Z [8,218ms] [Warning] [pxr.Semantics] pxr.Semantics is deprecated - please use Semantics instead
2026-10-06T14:48:00Z [8,281ms] [Warning] [omni.replicator.core.scripts.extension] No material configuration file, adding configuration to material settings directly.
[8.425s] [ext: isaacsim.core.nodes-5.10.5] startup
[8.450s] [ext: isaacsim.core.throttling-2.3.5] startup
[8.451s] [ext: omni.kit.manipulator.viewport-107.0.1] startup
[8.452s] [ext: omni.graph.visualization.nodes-2.1.4] startup
[8.463s] [ext: omni.kit.window.extensions-1.5.10] startup
[8.468s] [ext: isaacsim.gui.components-1.8.5] startup
[8.471s] [ext: isaacsim.robot.surface_gripper-3.6.2] startup
[8.481s] [ext: isaacsim.robot.manipulators-3.4.4] startup
[8.490s] [ext: isaacsim.robot_motion.lula-4.1.3] startup
[8.495s] [ext: isaacsim.robot_motion.motion_generation-8.2.9] startup
[8.500s] [ext: isaacsim.cortex.framework-1.0.18] startup
[8.501s] [ext: isaacsim.cortex.behaviors-2.0.17] startup
[8.502s] [ext: isaacsim.examples.base-1.3.2] startup
[8.503s] [ext: omni.kit.widget.zoombar-1.0.7] startup
[8.504s] [ext: omni.kit.browser.core-2.3.18] startup
[8.507s] [ext: omni.kit.browser.folder.core-2.0.2] startup
[8.511s] [ext: omni.kit.widget.stage_icons-1.0.8] startup
[8.512s] [ext: omni.kit.window.stage-2.6.1] startup
[8.515s] [ext: omni.kit.menu.stage-1.2.7] startup
[8.516s] [ext: omni.kit.usd.collect-3.0.6] startup
[8.518s] [ext: omni.kit.widget.prompt-1.0.7] startup
[8.519s] [ext: omni.kit.tool.collect-2.2.19] startup
[8.520s] [ext: isaacsim.examples.browser-0.3.2] startup
[8.522s] [ext: omni.kit.search.files-1.0.4] startup
[8.523s] [ext: omni.kit.widget.calendar-1.0.9] startup
[8.524s] [ext: omni.kit.widget.extended_searchfield-1.0.31] startup
[8.530s] [ext: omni.simready.content.browser-0.3.7] startup
[8.617s] [ext: isaacsim.gui.content_browser-0.4.3] startup
[8.619s] [ext: omni.kit.selection-0.1.6] startup
[8.620s] [ext: isaacsim.gui.menu-2.10.5] startup
[8.627s] [ext: isaacsim.gui.property-1.6.4] startup
[8.633s] [ext: omni.kit.viewport.actions-110.0.0] startup
[8.636s] [ext: omni.kit.viewport.menubar.display-107.1.3] startup
[8.638s] [ext: isaacsim.gui.sensors.icon-2.2.1] startup
[8.640s] [ext: omni.behavior.scripting.core-110.1.0] startup
[8.643s] [ext: isaacsim.replicator.behavior-1.5.4] startup
[8.643s] [ext: isaacsim.replicator.experimental.domain_randomization-1.2.5] startup
[8.656s] [ext: isaacsim.replicator.domain_randomization-1.2.2] startup
[8.721s] [ext: isaacsim.replicator.writers-1.5.4] startup
[8.742s] [ext: isaacsim.robot.experimental.wheeled_robots-0.2.11] startup
[8.760s] [ext: isaacsim.robot.policy.examples-5.2.12] startup
[8.777s] [ext: isaacsim.robot.wheeled_robots-5.2.4] startup
[8.780s] [ext: isaacsim.robot.wheeled_robots.nodes-0.1.5] startup
[8.796s] [ext: isaacsim.robot_motion.experimental.motion_generation-6.1.3] startup
[8.805s] [ext: isaacsim.robot_motion.cumotion-1.3.1] startup
[8.817s] [ext: omni.kit.numpy.common-0.1.3] startup
[8.818s] [ext: isaacsim.sensors.camera-1.7.9] startup
[8.844s] [ext: isaacsim.sensors.experimental.physics-3.0.2] startup
[8.850s] [ext: omni.sensors.net-1.0.1] startup
[8.852s] [ext: omni.sensors.nv.common-3.0.0] startup
[8.861s] [ext: omni.sensors.nv.materials-2.0.0] startup
[8.863s] [ext: omni.sensors.nv.acoustic-3.0.0] startup
[8.865s] [ext: omni.sensors.nv.ids-2.0.1] startup
[8.866s] [ext: omni.sensors.nv.lidar-3.0.0] startup
[8.869s] [ext: omni.sensors.nv.radar-3.0.0] startup
[8.871s] [ext: isaacsim.sensors.experimental.rtx-1.4.6] startup
[9.089s] [ext: isaacsim.sensors.physics.nodes-1.5.3] startup
[9.094s] [ext: isaacsim.util.debug_draw-3.2.3] startup
[9.098s] [ext: isaacsim.sensors.physx-2.5.5] startup
[9.104s] [ext: isaacsim.sensors.rtx-15.17.1] startup
[9.112s] [ext: isaacsim.simulation_app-2.18.4] startup
[9.112s] [ext: omni.anim.curve.core-1.6.0] startup
[9.120s] [ext: omni.graph.ui_nodes-2.11.1] startup
[9.140s] [ext: omni.hydra.scene_api-0.1.3] startup
[9.143s] [ext: omni.kit.manipulator.camera-110.0.0] startup
[9.146s] [ext: omni.kit.manipulator.selector-1.1.4] startup
[9.147s] [ext: omni.kit.manipulator.transform-107.0.0] startup
[9.150s] [ext: omni.kit.widget.toolbar-2.1.0] startup
[9.155s] [ext: omni.kit.manipulator.tool.snap-1.5.14] startup
[9.158s] [ext: omni.kit.viewport.manipulator.transform-107.0.4] startup
[9.160s] [ext: omni.kit.manipulator.prim.core-108.0.2] startup
[9.165s] [ext: omni.kit.manipulator.prim.usd-107.0.3] startup
[9.166s] [ext: omni.kit.manipulator.prim-108.0.0] startup
[9.166s] [ext: omni.kit.manipulator.selection-109.0.1] startup
[9.167s] [ext: omni.kit.menu.create-2.0.2] startup
[9.168s] [ext: omni.kit.property.audio-1.0.16] startup
[9.171s] [ext: omni.kit.property.camera-1.0.14] startup
[9.172s] [ext: omni.kit.property.geometry-2.1.2] startup
[9.174s] [ext: omni.kit.property.light-1.0.14] startup
2026-10-06T14:48:01Z [9,173ms] [Warning] [omni.usd] Encountered USD Warnings but USD Diagnostics are currently muted. To view USD Warnings, please set the '/persistent/app/usd/muteUsdDiagnostics' setting to false in Preferences page.
[9.199s] [ext: omni.kit.property.material-1.14.6] startup
[9.204s] [ext: omni.kit.property.render-1.2.2] startup
[9.205s] [ext: omni.kit.property.transform-1.6.9] startup
[9.207s] [ext: omni.kit.property.bundle-1.5.1] startup
[9.208s] [ext: omni.kit.usdz_export-1.1.0] startup
[9.211s] [ext: omni.kit.tool.asset_importer-6.0.1] startup
[9.215s] [ext: omni.kit.ui.actions-1.0.5] startup
[9.217s] [ext: omni.kit.viewport.menubar.camera-107.0.10] startup
[9.221s] [ext: omni.kit.viewport.menubar.lighting-107.3.2] startup
[9.223s] [ext: omni.kit.viewport.menubar.render-110.0.0] startup
[9.225s] [ext: omni.kit.viewport.menubar.settings-110.0.1] startup
[9.228s] [ext: omni.kit.window.console-1.1.9] startup
[9.231s] [ext: omni.kit.window.status_bar-0.1.11] startup
[9.233s] [ext: omni.kit.window.toolbar-3.0.3] startup
[9.235s] [ext: omni.ocio-0.1.1] startup
[9.236s] [ext: omni.physx.commands-110.1.13] startup
[9.239s] [ext: omni.replicator.replicator_yaml-2.0.12] startup
[9.248s] [ext: omni.rtx.window.settings-0.8.0] startup
[9.252s] [ext: omni.rtx.settings.core-0.7.1] startup
[9.254s] [ext: omni.usd.metrics.assembler.ui-110.1.1] startup
[9.260s] [ext: semantics.schema.editor-2.0.2] startup
[9.263s] [ext: semantics.schema.property-2.0.2] startup
[9.264s] [ext: omni.kit.menu.common-2.0.2] startup
[9.265s] [ext: isaacsim.exp.base-6.0.1] startup
[9.265s] [ext: isaacsim.exp.base.python-6.0.1] startup
[9.266s] Simulation App Starting
[10.293s] Simulation App Startup Complete
[10.298s] app ready
Starting kit application with the following args:  ['/home/starry/isaac-data/isaacsim/exts/isaacsim.simulation_app/isaacsim/simulation_app/simulation_app.py', '/home/starry/isaac-data/isaacsim/apps/isaacsim.exp.base.python.kit', '--/app/tokens/exe-path=/home/starry/isaac-data/isaacsim/kit', '--/persistent/app/viewport/displayOptions=3094', '--/rtx/materialDb/syncLoads=True', '--/rtx/hydra/materialSyncLoads=True', '--/omni/kit/plugin/syncUsdLoads=True', '--/app/renderer/resolution/width=1280', '--/app/renderer/resolution/height=720', '--/app/window/width=1440', '--/app/window/height=900', '--/renderer/multiGpu/enabled=False', '--/app/fastShutdown=True', '--/app/installSignalHandlers=0', '--ext-folder', '/home/starry/isaac-data/isaacsim/exts', '--ext-folder', '/home/starry/isaac-data/isaacsim/apps', '--/renderer/activeGpu=0', '--/physics/cudaDevice=0', '--/plugins/carb.tasking.plugin/threadCount=12', '--/plugins/omni.tbb.globalcontrol/maxThreadCount=12', '--portable', '--no-window', '--/app/window/hideUi=1']
Passing the following args to the base kit application:  []
Warp 1.13.0 initialized:
   CUDA Toolkit 12.9, Driver 13.0
   Devices:
     "cpu"      : "x86_64"
     "cuda:0"   : "NVIDIA GeForce RTX 5070" (11 GiB, sm_120, mempool enabled)
   Kernel cache:
     /home/starry/.cache/warp/1.13.0
[LIGHTING] sun=800.0 (1) dome=0.0 (1) ambient=0.05 constant_color=(0.6, 0.65, 0.7)
[RENDER] mode=MinimalRendering minimal_shading_mode=2 anti_aliasing=TAA
[DEPTH CAMERAS] count=4 resolution_each=320x240 horizontal_coverage=360deg
[ESDF] path=/home/starry/isaac-data/EGO1P3/scenes/ego_swarm_cloud/occupancy.bin shape=(400, 300, 50) resolution=0.40m
[depth_angular_controller-1] [INFO] [1791298085.807790093] [depth_angular_controller]: WAITING_VERIFIED_START_POSE
[NAV] t=0.0s position=(-64.00,-11.20,2.80) yaw=0.0deg command=(0.00,0.00,0.00) manual_active=0 collision_blocks=0
[depth_angular_controller-1] [INFO] [1791298086.419680636] [depth_angular_controller]: VERIFIED_FREE_SEED center=(-64.000,-11.200,2.800) radius=2.500 balls=1: verified fixed Cloud free ball; USD and occupancy SHA-256 matched
[depth_angular_controller-1] [INFO] [1791298086.419791445] [depth_angular_controller]: ZERO_INTENT
[depth_angular_controller-1] [INFO] [1791298087.317612601] [depth_angular_controller]: OMNI_DEPTH views=4 azimuth_bins=180 elevation_bins=37 valid=1 certificates=1 yaw=30.00
[depth_angular_controller-1] [INFO] [1791298087.317777281] [depth_angular_controller]: DEPTH_PROPOSAL_CERTIFIED
[depth_angular_controller-1] [INFO] [1791298087.317785386] [depth_angular_controller]: PAPER_BUILD reason=FULL_MOTION_CERTIFICATE required=0.0000 best=0.0000 free=0 refined=0 tubes=0 revoked_tubes=0 proofs=0
[depth_angular_controller-1] [INFO] [1791298087.317792099] [depth_angular_controller]: PAPER_EVIDENCE retained=4 balls=1 revoked_balls=0 expired_views=0 evicted_views=0 radius=0.580 clearance=0.000 best_prefix=0.000
[depth_angular_controller-1] [INFO] [1791298088.395925328] [depth_angular_controller]: OMNI_DEPTH views=4 azimuth_bins=180 elevation_bins=37 valid=1 certificates=1 yaw=40.00
[depth_angular_controller-1] [INFO] [1791298088.396450826] [depth_angular_controller]: PAPER_BUILD reason=FULL_MOTION_CERTIFICATE required=0.0000 best=0.0000 free=0 refined=0 tubes=1 revoked_tubes=0 proofs=50
[depth_angular_controller-1] [INFO] [1791298088.396461345] [depth_angular_controller]: PAPER_EVIDENCE retained=8 balls=4 revoked_balls=0 expired_views=0 evicted_views=0 radius=0.580 clearance=0.000 best_prefix=0.000
[10.814s] [ext: isaacsim.sensors.rtx.nodes-0.1.2] startup
[10.822s] [ext: isaacsim.ros2.core-1.9.4] startup
[10.836s] Attempting to load system rclpy
[10.837s] Could not import system rclpy: No module named 'rclpy'
[10.837s] Attempting to load internal rclpy for ROS Distro: humble
[10.848s] rclpy loaded
[10.852s] [ext: isaacsim.ros2.nodes-1.18.13] startup
[10.887s] [ext: isaacsim.ros2.examples-1.2.4] startup
[10.891s] [ext: isaacsim.ros2.ui-1.6.5] startup
[11.107s] [ext: isaacsim.ros2.bridge-5.1.2] startup
2026-10-06T14:48:06Z [14,006ms] [Warning] [omni.timeline.plugin] Deprecated: direct use of ITimeline callbacks is deprecated. Use ITimeline::getTimeline (Python: omni.timeline.get_timeline_interface) instead.
[depth_angular_controller-1] [INFO] [1791298089.406418631] [depth_angular_controller]: OMNI_DEPTH views=4 azimuth_bins=180 elevation_bins=37 valid=1 certificates=1 yaw=16.00
[depth_angular_controller-1] [INFO] [1791298089.407116963] [depth_angular_controller]: PAPER_BUILD reason=FULL_MOTION_CERTIFICATE required=0.0000 best=0.0000 free=0 refined=0 tubes=4 revoked_tubes=0 proofs=110
[depth_angular_controller-1] [INFO] [1791298089.407135939] [depth_angular_controller]: PAPER_EVIDENCE retained=12 balls=14 revoked_balls=0 expired_views=0 evicted_views=0 radius=0.580 clearance=0.000 best_prefix=0.000
[depth_angular_controller-1] [INFO] [1791298090.410540600] [depth_angular_controller]: OMNI_DEPTH views=4 azimuth_bins=180 elevation_bins=37 valid=1 certificates=1 yaw=6.34
[depth_angular_controller-1] [INFO] [1791298090.410753420] [depth_angular_controller]: PAPER_BUILD reason=FULL_MOTION_CERTIFICATE required=0.0000 best=0.0000 free=0 refined=0 tubes=8 revoked_tubes=0 proofs=128
[depth_angular_controller-1] [INFO] [1791298090.410762587] [depth_angular_controller]: PAPER_EVIDENCE retained=16 balls=27 revoked_balls=0 expired_views=0 evicted_views=0 radius=0.580 clearance=0.000 best_prefix=0.000
[depth_angular_controller-1] [INFO] [1791298090.816483394] [depth_angular_controller]: [PERF CTRL] run=candidate_v7_spin_ego1p3_1 elapsed=19.05s callbacks=260 commands=260 guidance=199 command_fps(ros/wall)=60.00/51.71 guidance_wall_fps=56.53 avoid_ms(mean/p50/p95/max)=1.923/2.587/3.203/4.278 cycle_ms(mean/p95/max)=19.339/19.790/577.454 depth_to_cmd_ms(mean/p95/max)=51.926/100.000/116.667 callback_to_publish_ms(mean/p95/max)=2.789/6.310/13.188
[depth_angular_controller-1] [INFO] [1791298090.816536323] [depth_angular_controller]: EVIDENCE_COST ingest(mean/p95/max)=1.227/4.570/13.146 record=0.012/0.027/0.040 ms
[depth_angular_controller-1] [INFO] [1791298090.816542104] [depth_angular_controller]: EVIDENCE_PHASE per_view_mean_ms balls=0.052 tubes=0.011 history=0.217 eviction=0.000
[position_cmd_to_twist-2] [INFO] [1791298091.473141570] [position_cmd_to_twist]: [PERF BRIDGE] run=candidate_v7_spin_ego1p3_1 elapsed=19.58s received=296 published=296 fps(ros/wall)=60.00/52.30 controller_to_bridge_ms(mean/p50/p95/max)=0.000/0.000/0.000/0.000 bridge_process_ms(mean/p95/max)=0.096/0.132/0.864
[NAV] t=5.0s position=(-58.93,-9.59,2.93) yaw=80.5deg command=(1.80,0.21,0.00) manual_active=1 collision_blocks=0
[depth_angular_controller-1] [INFO] [1791298091.603963194] [depth_angular_controller]: OMNI_DEPTH views=4 azimuth_bins=180 elevation_bins=37 valid=1 certificates=1 yaw=6.34
[depth_angular_controller-1] [INFO] [1791298091.604214707] [depth_angular_controller]: PAPER_BUILD reason=FULL_MOTION_CERTIFICATE required=0.0000 best=0.0000 free=0 refined=0 tubes=12 revoked_tubes=0 proofs=128
[depth_angular_controller-1] [INFO] [1791298091.604222702] [depth_angular_controller]: PAPER_EVIDENCE retained=16 balls=32 revoked_balls=0 expired_views=0 evicted_views=4 radius=0.580 clearance=0.000 best_prefix=0.000
[depth_angular_controller-1] [INFO] [1791298092.689099184] [depth_angular_controller]: OMNI_DEPTH views=4 azimuth_bins=180 elevation_bins=37 valid=1 certificates=1 yaw=22.00
[depth_angular_controller-1] [INFO] [1791298092.689353272] [depth_angular_controller]: PAPER_BUILD reason=FULL_MOTION_CERTIFICATE required=0.0000 best=0.0000 free=0 refined=0 tubes=16 revoked_tubes=0 proofs=128
[depth_angular_controller-1] [INFO] [1791298092.689361487] [depth_angular_controller]: PAPER_EVIDENCE retained=16 balls=32 revoked_balls=0 expired_views=0 evicted_views=8 radius=0.580 clearance=0.000 best_prefix=0.000
[depth_angular_controller-1] [INFO] [1791298093.636675717] [depth_angular_controller]: OMNI_DEPTH views=4 azimuth_bins=180 elevation_bins=37 valid=1 certificates=1 yaw=6.34
[depth_angular_controller-1] [INFO] [1791298093.636926658] [depth_angular_controller]: PAPER_BUILD reason=FULL_MOTION_CERTIFICATE required=0.0000 best=0.0000 free=0 refined=0 tubes=19 revoked_tubes=0 proofs=128
[depth_angular_controller-1] [INFO] [1791298093.636939583] [depth_angular_controller]: PAPER_EVIDENCE retained=16 balls=32 revoked_balls=0 expired_views=0 evicted_views=12 radius=0.580 clearance=0.000 best_prefix=0.000
[depth_angular_controller-1] [INFO] [1791298094.701786393] [depth_angular_controller]: OMNI_DEPTH views=4 azimuth_bins=180 elevation_bins=37 valid=1 certificates=1 yaw=-4.00
[depth_angular_controller-1] [INFO] [1791298094.702014622] [depth_angular_controller]: PAPER_BUILD reason=FULL_MOTION_CERTIFICATE required=0.0000 best=0.0000 free=0 refined=0 tubes=23 revoked_tubes=0 proofs=128
[depth_angular_controller-1] [INFO] [1791298094.702020783] [depth_angular_controller]: PAPER_EVIDENCE retained=16 balls=32 revoked_balls=0 expired_views=0 evicted_views=16 radius=0.580 clearance=0.000 best_prefix=0.000
[depth_angular_controller-1] [INFO] [1791298095.644521927] [depth_angular_controller]: OMNI_DEPTH views=4 azimuth_bins=180 elevation_bins=37 valid=1 certificates=1 yaw=-10.00
[depth_angular_controller-1] [INFO] [1791298095.644778169] [depth_angular_controller]: PAPER_BUILD reason=FULL_MOTION_CERTIFICATE required=0.0000 best=0.0000 free=0 refined=0 tubes=27 revoked_tubes=0 proofs=128
[depth_angular_controller-1] [INFO] [1791298095.644784641] [depth_angular_controller]: PAPER_EVIDENCE retained=16 balls=32 revoked_balls=0 expired_views=0 evicted_views=20 radius=0.580 clearance=0.000 best_prefix=0.000
[depth_angular_controller-1] [INFO] [1791298095.831341320] [depth_angular_controller]: [PERF CTRL] run=candidate_v7_spin_ego1p3_1 elapsed=24.06s callbacks=553 commands=553 guidance=492 command_fps(ros/wall)=60.00/55.07 guidance_wall_fps=57.65 avoid_ms(mean/p50/p95/max)=2.239/2.622/4.906/6.318 cycle_ms(mean/p95/max)=18.159/23.677/577.454 depth_to_cmd_ms(mean/p95/max)=50.068/83.333/116.667 callback_to_publish_ms(mean/p95/max)=3.756/9.271/18.016
[depth_angular_controller-1] [INFO] [1791298095.831418875] [depth_angular_controller]: EVIDENCE_COST ingest(mean/p95/max)=1.674/7.485/13.146 record=0.013/0.017/0.040 ms
[depth_angular_controller-1] [INFO] [1791298095.831425408] [depth_angular_controller]: EVIDENCE_PHASE per_view_mean_ms balls=0.058 tubes=0.036 history=0.300 eviction=0.001
[position_cmd_to_twist-2] [INFO] [1791298096.516493184] [position_cmd_to_twist]: [PERF BRIDGE] run=candidate_v7_spin_ego1p3_1 elapsed=24.64s received=596 published=596 fps(ros/wall)=60.00/55.63 controller_to_bridge_ms(mean/p50/p95/max)=0.112/0.000/0.000/16.667 bridge_process_ms(mean/p95/max)=0.091/0.117/0.864
[NAV] t=10.0s position=(-50.08,-8.84,2.78) yaw=-179.2deg command=(1.78,-0.30,0.07) manual_active=1 collision_blocks=0
[depth_angular_controller-1] [INFO] [1791298096.598518505] [depth_angular_controller]: OMNI_DEPTH views=4 azimuth_bins=180 elevation_bins=37 valid=1 certificates=1 yaw=-10.00
[depth_angular_controller-1] [INFO] [1791298096.598818699] [depth_angular_controller]: PAPER_BUILD reason=FULL_MOTION_CERTIFICATE required=0.0000 best=0.0000 free=0 refined=0 tubes=31 revoked_tubes=0 proofs=128
[depth_angular_controller-1] [INFO] [1791298096.598826795] [depth_angular_controller]: PAPER_EVIDENCE retained=16 balls=32 revoked_balls=0 expired_views=0 evicted_views=24 radius=0.580 clearance=0.000 best_prefix=0.000
[depth_angular_controller-1] [INFO] [1791298097.735602802] [depth_angular_controller]: OMNI_DEPTH views=4 azimuth_bins=180 elevation_bins=37 valid=1 certificates=1 yaw=-12.00
[depth_angular_controller-1] [INFO] [1791298097.735865436] [depth_angular_controller]: PAPER_BUILD reason=FULL_MOTION_CERTIFICATE required=0.0000 best=0.0000 free=0 refined=0 tubes=34 revoked_tubes=0 proofs=128
[depth_angular_controller-1] [INFO] [1791298097.735872840] [depth_angular_controller]: PAPER_EVIDENCE retained=16 balls=32 revoked_balls=0 expired_views=0 evicted_views=28 radius=0.580 clearance=0.000 best_prefix=0.000
[depth_angular_controller-1] [INFO] [1791298098.762938347] [depth_angular_controller]: OMNI_DEPTH views=4 azimuth_bins=180 elevation_bins=37 valid=1 certificates=1 yaw=6.34
[depth_angular_controller-1] [INFO] [1791298098.763219135] [depth_angular_controller]: PAPER_BUILD reason=FULL_MOTION_CERTIFICATE required=0.0000 best=0.0000 free=0 refined=0 tubes=38 revoked_tubes=0 proofs=128
[depth_angular_controller-1] [INFO] [1791298098.763226478] [depth_angular_controller]: PAPER_EVIDENCE retained=16 balls=32 revoked_balls=0 expired_views=0 evicted_views=32 radius=0.580 clearance=0.000 best_prefix=0.000
[depth_angular_controller-1] [INFO] [1791298099.910144245] [depth_angular_controller]: PAPER_BUILD reason=FULL_MOTION_CERTIFICATE required=0.0000 best=0.0000 free=0 refined=0 tubes=42 revoked_tubes=0 proofs=128
[depth_angular_controller-1] [INFO] [1791298099.910186876] [depth_angular_controller]: PAPER_EVIDENCE retained=16 balls=32 revoked_balls=0 expired_views=0 evicted_views=36 radius=0.580 clearance=0.000 best_prefix=0.000
[depth_angular_controller-1] [INFO] [1791298099.910517477] [depth_angular_controller]: OMNI_DEPTH views=4 azimuth_bins=180 elevation_bins=37 valid=1 certificates=1 yaw=6.34
[depth_angular_controller-1] [INFO] [1791298100.831539385] [depth_angular_controller]: [PERF CTRL] run=candidate_v7_spin_ego1p3_1 elapsed=29.06s callbacks=832 commands=832 guidance=771 command_fps(ros/wall)=60.00/55.31 guidance_wall_fps=56.96 avoid_ms(mean/p50/p95/max)=2.676/2.885/5.785/8.817 cycle_ms(mean/p95/max)=18.079/26.762/577.454 depth_to_cmd_ms(mean/p95/max)=49.308/83.333/116.667 callback_to_publish_ms(mean/p95/max)=4.516/12.416/20.212
[depth_angular_controller-1] [INFO] [1791298100.831639503] [depth_angular_controller]: EVIDENCE_COST ingest(mean/p95/max)=1.945/8.430/19.639 record=0.014/0.019/0.328 ms
[depth_angular_controller-1] [INFO] [1791298100.831647899] [depth_angular_controller]: EVIDENCE_PHASE per_view_mean_ms balls=0.064 tubes=0.082 history=0.316 eviction=0.001
[depth_angular_controller-1] [INFO] [1791298101.113352841] [depth_angular_controller]: OMNI_DEPTH views=4 azimuth_bins=180 elevation_bins=37 valid=1 certificates=1 yaw=-20.00
[depth_angular_controller-1] [INFO] [1791298101.113633137] [depth_angular_controller]: PAPER_BUILD reason=FULL_MOTION_CERTIFICATE required=0.0000 best=0.0000 free=0 refined=0 tubes=46 revoked_tubes=0 proofs=128
[depth_angular_controller-1] [INFO] [1791298101.113643136] [depth_angular_controller]: PAPER_EVIDENCE retained=16 balls=32 revoked_balls=0 expired_views=0 evicted_views=40 radius=0.580 clearance=0.000 best_prefix=0.000
[position_cmd_to_twist-2] [INFO] [1791298102.107717573] [position_cmd_to_twist]: [PERF BRIDGE] run=candidate_v7_spin_ego1p3_1 elapsed=30.23s received=896 published=896 fps(ros/wall)=60.00/54.95 controller_to_bridge_ms(mean/p50/p95/max)=0.279/0.000/0.000/16.667 bridge_process_ms(mean/p95/max)=0.089/0.113/0.864
[NAV] t=15.0s position=(-41.28,-9.91,3.01) yaw=-78.9deg command=(1.69,-0.64,-0.07) manual_active=1 collision_blocks=0
[depth_angular_controller-1] [INFO] [1791298102.189380463] [depth_angular_controller]: OMNI_DEPTH views=4 azimuth_bins=180 elevation_bins=37 valid=1 certificates=1 yaw=-18.00
[depth_angular_controller-1] [INFO] [1791298102.189662353] [depth_angular_controller]: PAPER_BUILD reason=FULL_MOTION_CERTIFICATE required=0.0000 best=0.0000 free=0 refined=0 tubes=50 revoked_tubes=0 proofs=128
[depth_angular_controller-1] [INFO] [1791298102.189670388] [depth_angular_controller]: PAPER_EVIDENCE retained=16 balls=32 revoked_balls=0 expired_views=0 evicted_views=44 radius=0.580 clearance=0.000 best_prefix=0.000
[depth_angular_controller-1] [INFO] [1791298103.272563082] [depth_angular_controller]: OMNI_DEPTH views=4 azimuth_bins=180 elevation_bins=37 valid=1 certificates=1 yaw=-6.00
[depth_angular_controller-1] [INFO] [1791298103.272849029] [depth_angular_controller]: PAPER_BUILD reason=FULL_MOTION_CERTIFICATE required=0.0000 best=0.0000 free=0 refined=0 tubes=53 revoked_tubes=0 proofs=128
[depth_angular_controller-1] [INFO] [1791298103.272860861] [depth_angular_controller]: PAPER_EVIDENCE retained=16 balls=32 revoked_balls=0 expired_views=0 evicted_views=48 radius=0.580 clearance=0.000 best_prefix=0.000
[depth_angular_controller-1] [INFO] [1791298104.413189295] [depth_angular_controller]: OMNI_DEPTH views=4 azimuth_bins=180 elevation_bins=37 valid=1 certificates=1 yaw=6.34
[depth_angular_controller-1] [INFO] [1791298104.413451528] [depth_angular_controller]: PAPER_BUILD reason=FULL_MOTION_CERTIFICATE required=0.0000 best=0.0000 free=0 refined=0 tubes=57 revoked_tubes=0 proofs=128
[depth_angular_controller-1] [INFO] [1791298104.413461116] [depth_angular_controller]: PAPER_EVIDENCE retained=16 balls=32 revoked_balls=0 expired_views=0 evicted_views=52 radius=0.580 clearance=0.000 best_prefix=0.000
[depth_angular_controller-1] [INFO] [1791298105.420350846] [depth_angular_controller]: OMNI_DEPTH views=4 azimuth_bins=180 elevation_bins=37 valid=1 certificates=1 yaw=6.34
[depth_angular_controller-1] [INFO] [1791298105.421146231] [depth_angular_controller]: PAPER_BUILD reason=FULL_MOTION_CERTIFICATE required=0.0000 best=0.0000 free=0 refined=0 tubes=61 revoked_tubes=0 proofs=128
[depth_angular_controller-1] [INFO] [1791298105.421157613] [depth_angular_controller]: PAPER_EVIDENCE retained=16 balls=32 revoked_balls=0 expired_views=0 evicted_views=56 radius=0.580 clearance=0.000 best_prefix=0.000
[depth_angular_controller-1] [INFO] [1791298105.846942766] [depth_angular_controller]: [PERF CTRL] run=candidate_v7_spin_ego1p3_1 elapsed=34.08s callbacks=1109 commands=1109 guidance=1048 command_fps(ros/wall)=60.00/55.29 guidance_wall_fps=56.49 avoid_ms(mean/p50/p95/max)=2.465/2.580/5.497/8.817 cycle_ms(mean/p95/max)=18.086/26.329/577.454 depth_to_cmd_ms(mean/p95/max)=47.503/83.333/116.667 callback_to_publish_ms(mean/p95/max)=4.327/11.851/20.212
[depth_angular_controller-1] [INFO] [1791298105.847056620] [depth_angular_controller]: EVIDENCE_COST ingest(mean/p95/max)=1.900/8.185/19.639 record=0.014/0.018/0.328 ms
[depth_angular_controller-1] [INFO] [1791298105.847062160] [depth_angular_controller]: EVIDENCE_PHASE per_view_mean_ms balls=0.062 tubes=0.071 history=0.318 eviction=0.001
[depth_angular_controller-1] [INFO] [1791298106.368792375] [depth_angular_controller]: OMNI_DEPTH views=4 azimuth_bins=180 elevation_bins=37 valid=1 certificates=1 yaw=6.34
[depth_angular_controller-1] [INFO] [1791298106.369835235] [depth_angular_controller]: PAPER_BUILD reason=FULL_MOTION_CERTIFICATE required=0.0000 best=0.0000 free=0 refined=0 tubes=65 revoked_tubes=0 proofs=128
[depth_angular_controller-1] [INFO] [1791298106.369863327] [depth_angular_controller]: PAPER_EVIDENCE retained=16 balls=32 revoked_balls=0 expired_views=0 evicted_views=60 radius=0.580 clearance=0.000 best_prefix=0.000
[position_cmd_to_twist-2] [INFO] [1791298107.305660433] [position_cmd_to_twist]: [PERF BRIDGE] run=candidate_v7_spin_ego1p3_1 elapsed=35.43s received=1196 published=1196 fps(ros/wall)=60.00/55.62 controller_to_bridge_ms(mean/p50/p95/max)=0.209/0.000/0.000/16.667 bridge_process_ms(mean/p95/max)=0.089/0.113/0.864
[NAV] t=20.0s position=(-32.43,-10.47,2.77) yaw=21.4deg command=(1.80,0.21,0.00) manual_active=1 collision_blocks=0
[depth_angular_controller-1] [INFO] [1791298107.387638565] [depth_angular_controller]: OMNI_DEPTH views=4 azimuth_bins=180 elevation_bins=37 valid=1 certificates=1 yaw=6.34
[depth_angular_controller-1] [INFO] [1791298107.387961993] [depth_angular_controller]: PAPER_BUILD reason=FULL_MOTION_CERTIFICATE required=0.0000 best=0.0000 free=0 refined=0 tubes=69 revoked_tubes=0 proofs=128
[depth_angular_controller-1] [INFO] [1791298107.387969798] [depth_angular_controller]: PAPER_EVIDENCE retained=16 balls=32 revoked_balls=0 expired_views=0 evicted_views=64 radius=0.580 clearance=0.000 best_prefix=0.000
[depth_angular_controller-1] [INFO] [1791298108.465203126] [depth_angular_controller]: OMNI_DEPTH views=4 azimuth_bins=180 elevation_bins=37 valid=1 certificates=1 yaw=6.34
[depth_angular_controller-1] [INFO] [1791298108.466320686] [depth_angular_controller]: PAPER_BUILD reason=FULL_MOTION_CERTIFICATE required=0.0000 best=0.0000 free=0 refined=0 tubes=72 revoked_tubes=0 proofs=128
[depth_angular_controller-1] [INFO] [1791298108.466343729] [depth_angular_controller]: PAPER_EVIDENCE retained=16 balls=32 revoked_balls=0 expired_views=0 evicted_views=68 radius=0.580 clearance=0.000 best_prefix=0.000
[depth_angular_controller-1] [INFO] [1791298109.474873602] [depth_angular_controller]: OMNI_DEPTH views=4 azimuth_bins=180 elevation_bins=37 valid=1 certificates=1 yaw=6.34
[depth_angular_controller-1] [INFO] [1791298109.475318278] [depth_angular_controller]: PAPER_BUILD reason=FULL_MOTION_CERTIFICATE required=0.0000 best=0.0000 free=0 refined=0 tubes=76 revoked_tubes=0 proofs=128
[depth_angular_controller-1] [INFO] [1791298109.475333206] [depth_angular_controller]: PAPER_EVIDENCE retained=16 balls=32 revoked_balls=0 expired_views=0 evicted_views=72 radius=0.580 clearance=0.000 best_prefix=0.000
[depth_angular_controller-1] [INFO] [1791298110.723377642] [depth_angular_controller]: OMNI_DEPTH views=4 azimuth_bins=180 elevation_bins=37 valid=1 certificates=1 yaw=6.34
[depth_angular_controller-1] [INFO] [1791298110.723887470] [depth_angular_controller]: PAPER_BUILD reason=FULL_MOTION_CERTIFICATE required=0.0000 best=0.0000 free=0 refined=0 tubes=80 revoked_tubes=0 proofs=128
[depth_angular_controller-1] [INFO] [1791298110.723898441] [depth_angular_controller]: PAPER_EVIDENCE retained=16 balls=32 revoked_balls=0 expired_views=0 evicted_views=76 radius=0.580 clearance=0.000 best_prefix=0.000
[depth_angular_controller-1] [INFO] [1791298110.863224919] [depth_angular_controller]: [PERF CTRL] run=candidate_v7_spin_ego1p3_1 elapsed=39.09s callbacks=1387 commands=1387 guidance=1326 command_fps(ros/wall)=60.00/55.32 guidance_wall_fps=56.27 avoid_ms(mean/p50/p95/max)=2.031/0.934/5.238/8.817 cycle_ms(mean/p95/max)=18.077/26.059/577.454 depth_to_cmd_ms(mean/p95/max)=45.324/83.333/116.667 callback_to_publish_ms(mean/p95/max)=3.953/11.081/20.212
[depth_angular_controller-1] [INFO] [1791298110.863763861] [depth_angular_controller]: EVIDENCE_COST ingest(mean/p95/max)=1.912/7.707/19.639 record=0.015/0.019/0.443 ms
[depth_angular_controller-1] [INFO] [1791298110.863908914] [depth_angular_controller]: EVIDENCE_PHASE per_view_mean_ms balls=0.061 tubes=0.062 history=0.331 eviction=0.001
[depth_angular_controller-1] [INFO] [1791298111.741318110] [depth_angular_controller]: OMNI_DEPTH views=4 azimuth_bins=180 elevation_bins=37 valid=1 certificates=1 yaw=6.34
[depth_angular_controller-1] [INFO] [1791298111.741585062] [depth_angular_controller]: PAPER_BUILD reason=FULL_MOTION_CERTIFICATE required=0.0000 best=0.0000 free=0 refined=0 tubes=84 revoked_tubes=0 proofs=128
[depth_angular_controller-1] [INFO] [1791298111.741592636] [depth_angular_controller]: PAPER_EVIDENCE retained=16 balls=32 revoked_balls=0 expired_views=0 evicted_views=80 radius=0.580 clearance=0.000 best_prefix=0.000
[position_cmd_to_twist-2] [INFO] [1791298112.735781358] [position_cmd_to_twist]: [PERF BRIDGE] run=candidate_v7_spin_ego1p3_1 elapsed=40.86s received=1496 published=1496 fps(ros/wall)=60.00/55.54 controller_to_bridge_ms(mean/p50/p95/max)=0.167/0.000/0.000/16.667 bridge_process_ms(mean/p95/max)=0.089/0.112/0.864
[NAV] t=25.0s position=(-23.55,-9.15,2.77) yaw=121.6deg command=(1.45,0.95,0.00) manual_active=1 collision_blocks=0
[depth_angular_controller-1] [INFO] [1791298112.821786348] [depth_angular_controller]: OMNI_DEPTH views=4 azimuth_bins=180 elevation_bins=37 valid=1 certificates=1 yaw=-36.00
[depth_angular_controller-1] [INFO] [1791298112.822044112] [depth_angular_controller]: PAPER_BUILD reason=FULL_MOTION_CERTIFICATE required=0.0000 best=0.0000 free=0 refined=0 tubes=88 revoked_tubes=0 proofs=128
[depth_angular_controller-1] [INFO] [1791298112.822049983] [depth_angular_controller]: PAPER_EVIDENCE retained=16 balls=32 revoked_balls=0 expired_views=0 evicted_views=84 radius=0.580 clearance=0.000 best_prefix=0.000
[depth_angular_controller-1] [INFO] [1791298114.096542313] [depth_angular_controller]: OMNI_DEPTH views=4 azimuth_bins=180 elevation_bins=37 valid=1 certificates=1 yaw=-46.00
[depth_angular_controller-1] [INFO] [1791298114.096794046] [depth_angular_controller]: PAPER_BUILD reason=FULL_MOTION_CERTIFICATE required=0.0000 best=0.0000 free=0 refined=0 tubes=92 revoked_tubes=0 proofs=128
[depth_angular_controller-1] [INFO] [1791298114.096800328] [depth_angular_controller]: PAPER_EVIDENCE retained=16 balls=32 revoked_balls=0 expired_views=0 evicted_views=88 radius=0.580 clearance=0.000 best_prefix=0.000
[depth_angular_controller-1] [INFO] [1791298115.055290751] [depth_angular_controller]: OMNI_DEPTH views=4 azimuth_bins=180 elevation_bins=37 valid=1 certificates=1 yaw=-46.00
[depth_angular_controller-1] [INFO] [1791298115.055604110] [depth_angular_controller]: PAPER_BUILD reason=FULL_MOTION_CERTIFICATE required=0.0000 best=0.0000 free=0 refined=0 tubes=96 revoked_tubes=0 proofs=128
[depth_angular_controller-1] [INFO] [1791298115.055612275] [depth_angular_controller]: PAPER_EVIDENCE retained=16 balls=32 revoked_balls=0 expired_views=0 evicted_views=92 radius=0.580 clearance=0.000 best_prefix=0.000
[depth_angular_controller-1] [INFO] [1791298115.878918535] [depth_angular_controller]: [PERF CTRL] run=candidate_v7_spin_ego1p3_1 elapsed=44.11s callbacks=1666 commands=1666 guidance=1605 command_fps(ros/wall)=60.00/55.37 guidance_wall_fps=56.15 avoid_ms(mean/p50/p95/max)=2.136/2.448/5.058/8.817 cycle_ms(mean/p95/max)=18.061/25.261/577.454 depth_to_cmd_ms(mean/p95/max)=43.593/83.333/116.667 callback_to_publish_ms(mean/p95/max)=4.077/10.094/20.212
[depth_angular_controller-1] [INFO] [1791298115.879073977] [depth_angular_controller]: EVIDENCE_COST ingest(mean/p95/max)=1.919/7.293/19.639 record=0.015/0.019/0.594 ms
[depth_angular_controller-1] [INFO] [1791298115.879080249] [depth_angular_controller]: EVIDENCE_PHASE per_view_mean_ms balls=0.060 tubes=0.055 history=0.339 eviction=0.001
[depth_angular_controller-1] [INFO] [1791298116.136258578] [depth_angular_controller]: OMNI_DEPTH views=4 azimuth_bins=180 elevation_bins=37 valid=1 certificates=1 yaw=-34.00
[depth_angular_controller-1] [INFO] [1791298116.136579901] [depth_angular_controller]: PAPER_BUILD reason=FULL_MOTION_CERTIFICATE required=0.0000 best=0.0000 free=0 refined=0 tubes=100 revoked_tubes=0 proofs=128
[depth_angular_controller-1] [INFO] [1791298116.136593166] [depth_angular_controller]: PAPER_EVIDENCE retained=16 balls=32 revoked_balls=0 expired_views=0 evicted_views=96 radius=0.580 clearance=0.000 best_prefix=0.000
[depth_angular_controller-1] [INFO] [1791298117.216188774] [depth_angular_controller]: ZERO_INTENT
[position_cmd_to_twist-2] [INFO] [1791298118.153085907] [position_cmd_to_twist]: [PERF BRIDGE] run=candidate_v7_spin_ego1p3_1 elapsed=46.27s received=1796 published=1796 fps(ros/wall)=60.00/55.52 controller_to_bridge_ms(mean/p50/p95/max)=0.139/0.000/0.000/16.667 bridge_process_ms(mean/p95/max)=0.088/0.110/0.864
[NAV] t=30.0s position=(-17.00,-10.77,3.10) yaw=-138.1deg command=(0.55,-0.14,0.04) manual_active=1 collision_blocks=0
[depth_angular_controller-1] [INFO] [1791298120.889198498] [depth_angular_controller]: [PERF CTRL] run=candidate_v7_spin_ego1p3_1 elapsed=49.12s callbacks=1956 commands=1956 guidance=1680 command_fps(ros/wall)=59.97/55.73 guidance_wall_fps=56.17 avoid_ms(mean/p50/p95/max)=2.236/2.535/5.191/8.817 cycle_ms(mean/p95/max)=17.944/24.819/577.454 depth_to_cmd_ms(mean/p95/max)=43.403/83.333/116.667 callback_to_publish_ms(mean/p95/max)=4.006/9.741/20.212
[depth_angular_controller-1] [INFO] [1791298120.889628175] [depth_angular_controller]: EVIDENCE_COST ingest(mean/p95/max)=1.987/7.210/19.639 record=0.015/0.019/0.594 ms
[depth_angular_controller-1] [INFO] [1791298120.889713826] [depth_angular_controller]: EVIDENCE_PHASE per_view_mean_ms balls=0.067 tubes=0.066 history=0.338 eviction=0.001
[depth_angular_controller-1] [INFO] [1791298121.411558485] [depth_angular_controller]: OMNI_DEPTH views=4 azimuth_bins=180 elevation_bins=37 valid=1 certificates=1 yaw=-173.66
[depth_angular_controller-1] [INFO] [1791298121.411674363] [depth_angular_controller]: DEPTH_PROPOSAL_CERTIFIED
[depth_angular_controller-1] [INFO] [1791298121.411681296] [depth_angular_controller]: PAPER_BUILD reason=FULL_MOTION_CERTIFICATE required=0.0000 best=0.0000 free=0 refined=0 tubes=107 revoked_tubes=0 proofs=128
[depth_angular_controller-1] [INFO] [1791298121.411688039] [depth_angular_controller]: PAPER_EVIDENCE retained=16 balls=32 revoked_balls=0 expired_views=0 evicted_views=116 radius=0.580 clearance=0.000 best_prefix=0.000
[depth_angular_controller-1] [INFO] [1791298122.481923576] [depth_angular_controller]: OMNI_DEPTH views=4 azimuth_bins=180 elevation_bins=37 valid=1 certificates=1 yaw=-173.66
[depth_angular_controller-1] [INFO] [1791298122.482162144] [depth_angular_controller]: PAPER_BUILD reason=FULL_MOTION_CERTIFICATE required=0.0000 best=0.0000 free=0 refined=0 tubes=108 revoked_tubes=0 proofs=128
[depth_angular_controller-1] [INFO] [1791298122.482170901] [depth_angular_controller]: PAPER_EVIDENCE retained=16 balls=32 revoked_balls=0 expired_views=0 evicted_views=120 radius=0.580 clearance=0.000 best_prefix=0.000
[position_cmd_to_twist-2] [INFO] [1791298123.489009886] [position_cmd_to_twist]: [PERF BRIDGE] run=candidate_v7_spin_ego1p3_1 elapsed=51.61s received=2095 published=2095 fps(ros/wall)=59.97/55.59 controller_to_bridge_ms(mean/p50/p95/max)=0.127/0.000/0.000/16.667 bridge_process_ms(mean/p95/max)=0.088/0.111/0.864
[NAV] t=35.0s position=(-18.67,-10.78,3.07) yaw=-118.7deg command=(-1.72,0.39,-0.10) manual_active=1 collision_blocks=0
[depth_angular_controller-1] [INFO] [1791298123.571623713] [depth_angular_controller]: OMNI_DEPTH views=4 azimuth_bins=180 elevation_bins=37 valid=1 certificates=1 yaw=168.00
[depth_angular_controller-1] [INFO] [1791298123.572026009] [depth_angular_controller]: PAPER_BUILD reason=FULL_MOTION_CERTIFICATE required=0.0000 best=0.0000 free=0 refined=0 tubes=111 revoked_tubes=0 proofs=128
[depth_angular_controller-1] [INFO] [1791298123.572039855] [depth_angular_controller]: PAPER_EVIDENCE retained=16 balls=32 revoked_balls=0 expired_views=0 evicted_views=124 radius=0.580 clearance=0.000 best_prefix=0.000
[depth_angular_controller-1] [INFO] [1791298124.586997198] [depth_angular_controller]: OMNI_DEPTH views=4 azimuth_bins=180 elevation_bins=37 valid=1 certificates=1 yaw=-173.66
[depth_angular_controller-1] [INFO] [1791298124.587280570] [depth_angular_controller]: PAPER_BUILD reason=FULL_MOTION_CERTIFICATE required=0.0000 best=0.0000 free=0 refined=0 tubes=115 revoked_tubes=0 proofs=128
[depth_angular_controller-1] [INFO] [1791298124.587292523] [depth_angular_controller]: PAPER_EVIDENCE retained=16 balls=32 revoked_balls=0 expired_views=0 evicted_views=128 radius=0.580 clearance=0.000 best_prefix=0.000
[depth_angular_controller-1] [INFO] [1791298125.598333204] [depth_angular_controller]: OMNI_DEPTH views=4 azimuth_bins=180 elevation_bins=37 valid=1 certificates=1 yaw=-173.66
[depth_angular_controller-1] [INFO] [1791298125.598631385] [depth_angular_controller]: PAPER_BUILD reason=FULL_MOTION_CERTIFICATE required=0.0000 best=0.0000 free=0 refined=0 tubes=119 revoked_tubes=0 proofs=128
[depth_angular_controller-1] [INFO] [1791298125.598639099] [depth_angular_controller]: PAPER_EVIDENCE retained=16 balls=32 revoked_balls=0 expired_views=0 evicted_views=132 radius=0.580 clearance=0.000 best_prefix=0.000
[depth_angular_controller-1] [INFO] [1791298125.894787795] [depth_angular_controller]: [PERF CTRL] run=candidate_v7_spin_ego1p3_1 elapsed=54.12s callbacks=2240 commands=2240 guidance=1940 command_fps(ros/wall)=59.97/55.85 guidance_wall_fps=50.26 avoid_ms(mean/p50/p95/max)=2.196/2.491/5.313/8.817 cycle_ms(mean/p95/max)=17.904/24.851/577.454 depth_to_cmd_ms(mean/p95/max)=42.509/83.333/116.667 callback_to_publish_ms(mean/p95/max)=4.036/9.863/20.212
[depth_angular_controller-1] [INFO] [1791298125.894984415] [depth_angular_controller]: EVIDENCE_COST ingest(mean/p95/max)=2.035/7.553/19.639 record=0.015/0.019/0.594 ms
[depth_angular_controller-1] [INFO] [1791298125.894990356] [depth_angular_controller]: EVIDENCE_PHASE per_view_mean_ms balls=0.070 tubes=0.072 history=0.341 eviction=0.001
[depth_angular_controller-1] [INFO] [1791298126.667542172] [depth_angular_controller]: OMNI_DEPTH views=4 azimuth_bins=180 elevation_bins=37 valid=1 certificates=1 yaw=-173.66
[depth_angular_controller-1] [INFO] [1791298126.667866572] [depth_angular_controller]: PAPER_BUILD reason=FULL_MOTION_CERTIFICATE required=0.0000 best=0.0000 free=0 refined=0 tubes=123 revoked_tubes=0 proofs=128
[depth_angular_controller-1] [INFO] [1791298126.667878494] [depth_angular_controller]: PAPER_EVIDENCE retained=16 balls=32 revoked_balls=0 expired_views=0 evicted_views=136 radius=0.580 clearance=0.000 best_prefix=0.000
[depth_angular_controller-1] [INFO] [1791298127.858411889] [depth_angular_controller]: OMNI_DEPTH views=4 azimuth_bins=180 elevation_bins=37 valid=1 certificates=1 yaw=-173.66
[depth_angular_controller-1] [INFO] [1791298127.858708045] [depth_angular_controller]: PAPER_BUILD reason=FULL_MOTION_CERTIFICATE required=0.0000 best=0.0000 free=0 refined=0 tubes=126 revoked_tubes=0 proofs=128
[depth_angular_controller-1] [INFO] [1791298127.858716361] [depth_angular_controller]: PAPER_EVIDENCE retained=16 balls=32 revoked_balls=0 expired_views=0 evicted_views=140 radius=0.580 clearance=0.000 best_prefix=0.000
[position_cmd_to_twist-2] [INFO] [1791298128.735297781] [position_cmd_to_twist]: [PERF BRIDGE] run=candidate_v7_spin_ego1p3_1 elapsed=56.85s received=2395 published=2395 fps(ros/wall)=59.97/55.79 controller_to_bridge_ms(mean/p50/p95/max)=0.111/0.000/0.000/16.667 bridge_process_ms(mean/p95/max)=0.087/0.110/0.864
[NAV] t=40.0s position=(-27.63,-10.97,3.17) yaw=141.0deg command=(-1.80,-0.19,0.00) manual_active=1 collision_blocks=0
[depth_angular_controller-1] [INFO] [1791298128.818030362] [depth_angular_controller]: OMNI_DEPTH views=4 azimuth_bins=180 elevation_bins=37 valid=1 certificates=1 yaw=-173.66
[depth_angular_controller-1] [INFO] [1791298128.818284590] [depth_angular_controller]: PAPER_BUILD reason=FULL_MOTION_CERTIFICATE required=0.0000 best=0.0000 free=0 refined=0 tubes=130 revoked_tubes=0 proofs=128
[depth_angular_controller-1] [INFO] [1791298128.818291102] [depth_angular_controller]: PAPER_EVIDENCE retained=16 balls=32 revoked_balls=0 expired_views=0 evicted_views=144 radius=0.580 clearance=0.000 best_prefix=0.000
[depth_angular_controller-1] [INFO] [1791298129.899758076] [depth_angular_controller]: OMNI_DEPTH views=4 azimuth_bins=180 elevation_bins=37 valid=1 certificates=1 yaw=-173.66
[depth_angular_controller-1] [INFO] [1791298129.900049023] [depth_angular_controller]: PAPER_BUILD reason=FULL_MOTION_CERTIFICATE required=0.0000 best=0.0000 free=0 refined=0 tubes=134 revoked_tubes=0 proofs=128
[depth_angular_controller-1] [INFO] [1791298129.900056547] [depth_angular_controller]: PAPER_EVIDENCE retained=16 balls=32 revoked_balls=0 expired_views=0 evicted_views=148 radius=0.580 clearance=0.000 best_prefix=0.000
[depth_angular_controller-1] [INFO] [1791298130.895954892] [depth_angular_controller]: [PERF CTRL] run=candidate_v7_spin_ego1p3_1 elapsed=59.12s callbacks=2520 commands=2520 guidance=2220 command_fps(ros/wall)=59.98/55.87 guidance_wall_fps=50.92 avoid_ms(mean/p50/p95/max)=1.969/0.470/5.157/8.817 cycle_ms(mean/p95/max)=17.899/24.613/577.454 depth_to_cmd_ms(mean/p95/max)=42.027/83.333/116.667 callback_to_publish_ms(mean/p95/max)=3.883/9.356/20.212
[depth_angular_controller-1] [INFO] [1791298130.896177149] [depth_angular_controller]: EVIDENCE_COST ingest(mean/p95/max)=2.050/7.380/19.639 record=0.015/0.019/0.594 ms
[depth_angular_controller-1] [INFO] [1791298130.896184393] [depth_angular_controller]: EVIDENCE_PHASE per_view_mean_ms balls=0.069 tubes=0.068 history=0.350 eviction=0.001
[depth_angular_controller-1] [INFO] [1791298130.907474841] [depth_angular_controller]: OMNI_DEPTH views=4 azimuth_bins=180 elevation_bins=37 valid=1 certificates=1 yaw=-173.66
[depth_angular_controller-1] [INFO] [1791298130.907774524] [depth_angular_controller]: PAPER_BUILD reason=FULL_MOTION_CERTIFICATE required=0.0000 best=0.0000 free=0 refined=0 tubes=138 revoked_tubes=0 proofs=128
[depth_angular_controller-1] [INFO] [1791298130.907783331] [depth_angular_controller]: PAPER_EVIDENCE retained=16 balls=32 revoked_balls=0 expired_views=0 evicted_views=152 radius=0.580 clearance=0.000 best_prefix=0.000
[depth_angular_controller-1] [INFO] [1791298131.868779503] [depth_angular_controller]: OMNI_DEPTH views=4 azimuth_bins=180 elevation_bins=37 valid=1 certificates=1 yaw=-173.66
[depth_angular_controller-1] [INFO] [1791298131.869100476] [depth_angular_controller]: PAPER_BUILD reason=FULL_MOTION_CERTIFICATE required=0.0000 best=0.0000 free=0 refined=0 tubes=141 revoked_tubes=0 proofs=128
[depth_angular_controller-1] [INFO] [1791298131.869114373] [depth_angular_controller]: PAPER_EVIDENCE retained=16 balls=32 revoked_balls=0 expired_views=0 evicted_views=156 radius=0.580 clearance=0.000 best_prefix=0.000
[depth_angular_controller-1] [INFO] [1791298132.999514318] [depth_angular_controller]: OMNI_DEPTH views=4 azimuth_bins=180 elevation_bins=37 valid=1 certificates=1 yaw=-173.66
[depth_angular_controller-1] [INFO] [1791298132.999833077] [depth_angular_controller]: PAPER_BUILD reason=FULL_MOTION_CERTIFICATE required=0.0000 best=0.0000 free=0 refined=0 tubes=145 revoked_tubes=0 proofs=128
[depth_angular_controller-1] [INFO] [1791298132.999845089] [depth_angular_controller]: PAPER_EVIDENCE retained=16 balls=32 revoked_balls=0 expired_views=0 evicted_views=160 radius=0.580 clearance=0.000 best_prefix=0.000
[position_cmd_to_twist-2] [INFO] [1791298133.929661605] [position_cmd_to_twist]: [PERF BRIDGE] run=candidate_v7_spin_ego1p3_1 elapsed=62.05s received=2695 published=2695 fps(ros/wall)=59.98/56.07 controller_to_bridge_ms(mean/p50/p95/max)=0.099/0.000/0.000/16.667 bridge_process_ms(mean/p95/max)=0.088/0.111/1.155
[NAV] t=45.0s position=(-36.63,-11.92,3.17) yaw=40.7deg command=(-1.80,-0.19,0.00) manual_active=1 collision_blocks=0
[depth_angular_controller-1] [INFO] [1791298134.011060860] [depth_angular_controller]: OMNI_DEPTH views=4 azimuth_bins=180 elevation_bins=37 valid=1 certificates=1 yaw=-173.66
[depth_angular_controller-1] [INFO] [1791298134.011417280] [depth_angular_controller]: PAPER_BUILD reason=FULL_MOTION_CERTIFICATE required=0.0000 best=0.0000 free=0 refined=0 tubes=149 revoked_tubes=0 proofs=128
[depth_angular_controller-1] [INFO] [1791298134.011425876] [depth_angular_controller]: PAPER_EVIDENCE retained=16 balls=32 revoked_balls=0 expired_views=0 evicted_views=164 radius=0.580 clearance=0.000 best_prefix=0.000
[depth_angular_controller-1] [INFO] [1791298135.071808216] [depth_angular_controller]: OMNI_DEPTH views=4 azimuth_bins=180 elevation_bins=37 valid=1 certificates=1 yaw=-173.66
[depth_angular_controller-1] [INFO] [1791298135.072466944] [depth_angular_controller]: PAPER_BUILD reason=FULL_MOTION_CERTIFICATE required=0.0000 best=0.0000 free=0 refined=0 tubes=153 revoked_tubes=0 proofs=128
[depth_angular_controller-1] [INFO] [1791298135.072476041] [depth_angular_controller]: PAPER_EVIDENCE retained=16 balls=32 revoked_balls=0 expired_views=0 evicted_views=168 radius=0.580 clearance=0.000 best_prefix=0.000
[depth_angular_controller-1] [INFO] [1791298135.905640367] [depth_angular_controller]: [PERF CTRL] run=candidate_v7_spin_ego1p3_1 elapsed=64.13s callbacks=2809 commands=2809 guidance=2509 command_fps(ros/wall)=59.98/56.05 guidance_wall_fps=51.61 avoid_ms(mean/p50/p95/max)=1.813/0.424/4.999/8.817 cycle_ms(mean/p95/max)=17.841/24.079/577.454 depth_to_cmd_ms(mean/p95/max)=41.703/83.333/116.667 callback_to_publish_ms(mean/p95/max)=3.744/8.891/20.212
[depth_angular_controller-1] [INFO] [1791298135.905903662] [depth_angular_controller]: EVIDENCE_COST ingest(mean/p95/max)=2.023/7.161/19.639 record=0.015/0.019/0.594 ms
[depth_angular_controller-1] [INFO] [1791298135.905911136] [depth_angular_controller]: EVIDENCE_PHASE per_view_mean_ms balls=0.067 tubes=0.064 history=0.348 eviction=0.001
[depth_angular_controller-1] [INFO] [1791298136.092286313] [depth_angular_controller]: OMNI_DEPTH views=4 azimuth_bins=180 elevation_bins=37 valid=1 certificates=1 yaw=-164.92
[depth_angular_controller-1] [INFO] [1791298136.093592598] [depth_angular_controller]: PAPER_BUILD reason=FULL_MOTION_CERTIFICATE required=0.0000 best=0.0000 free=0 refined=0 tubes=156 revoked_tubes=0 proofs=128
[depth_angular_controller-1] [INFO] [1791298136.093928820] [depth_angular_controller]: PAPER_EVIDENCE retained=16 balls=32 revoked_balls=0 expired_views=0 evicted_views=172 radius=0.580 clearance=0.000 best_prefix=0.000
[depth_angular_controller-1] [INFO] [1791298137.167718797] [depth_angular_controller]: OMNI_DEPTH views=4 azimuth_bins=180 elevation_bins=37 valid=1 certificates=1 yaw=-173.66
[depth_angular_controller-1] [INFO] [1791298137.168044790] [depth_angular_controller]: PAPER_BUILD reason=FULL_MOTION_CERTIFICATE required=0.0000 best=0.0000 free=0 refined=0 tubes=160 revoked_tubes=0 proofs=128
[depth_angular_controller-1] [INFO] [1791298137.168055299] [depth_angular_controller]: PAPER_EVIDENCE retained=16 balls=32 revoked_balls=0 expired_views=0 evicted_views=176 radius=0.580 clearance=0.000 best_prefix=0.000
[depth_angular_controller-1] [INFO] [1791298138.116599701] [depth_angular_controller]: OMNI_DEPTH views=4 azimuth_bins=180 elevation_bins=37 valid=1 certificates=1 yaw=-173.66
[depth_angular_controller-1] [INFO] [1791298138.116917819] [depth_angular_controller]: PAPER_BUILD reason=FULL_MOTION_CERTIFICATE required=0.0000 best=0.0000 free=0 refined=0 tubes=164 revoked_tubes=0 proofs=128
[depth_angular_controller-1] [INFO] [1791298138.116929080] [depth_angular_controller]: PAPER_EVIDENCE retained=16 balls=32 revoked_balls=0 expired_views=0 evicted_views=180 radius=0.580 clearance=0.000 best_prefix=0.000
[position_cmd_to_twist-2] [INFO] [1791298139.043137074] [position_cmd_to_twist]: [PERF BRIDGE] run=candidate_v7_spin_ego1p3_1 elapsed=67.16s received=2995 published=2995 fps(ros/wall)=59.98/56.25 controller_to_bridge_ms(mean/p50/p95/max)=0.089/0.000/0.000/16.667 bridge_process_ms(mean/p95/max)=0.088/0.110/1.155
[NAV] t=50.0s position=(-45.55,-13.30,3.37) yaw=-59.5deg command=(-1.70,-0.53,0.09) manual_active=1 collision_blocks=0
[depth_angular_controller-1] [INFO] [1791298139.128489408] [depth_angular_controller]: OMNI_DEPTH views=4 azimuth_bins=180 elevation_bins=37 valid=1 certificates=1 yaw=-152.00
[depth_angular_controller-1] [INFO] [1791298139.129224900] [depth_angular_controller]: PAPER_BUILD reason=FULL_MOTION_CERTIFICATE required=0.0000 best=0.0000 free=0 refined=0 tubes=168 revoked_tubes=0 proofs=128
[depth_angular_controller-1] [INFO] [1791298139.129247202] [depth_angular_controller]: PAPER_EVIDENCE retained=16 balls=32 revoked_balls=0 expired_views=0 evicted_views=184 radius=0.580 clearance=0.000 best_prefix=0.000
[depth_angular_controller-1] [INFO] [1791298140.142684768] [depth_angular_controller]: OMNI_DEPTH views=4 azimuth_bins=180 elevation_bins=37 valid=1 certificates=1 yaw=-156.00
[depth_angular_controller-1] [INFO] [1791298140.143031530] [depth_angular_controller]: PAPER_BUILD reason=FULL_MOTION_CERTIFICATE required=0.0000 best=0.0000 free=0 refined=0 tubes=171 revoked_tubes=0 proofs=128
[depth_angular_controller-1] [INFO] [1791298140.143039324] [depth_angular_controller]: PAPER_EVIDENCE retained=16 balls=32 revoked_balls=0 expired_views=0 evicted_views=188 radius=0.580 clearance=0.000 best_prefix=0.000
[depth_angular_controller-1] [INFO] [1791298140.919819587] [depth_angular_controller]: [PERF CTRL] run=candidate_v7_spin_ego1p3_1 elapsed=69.15s callbacks=3106 commands=3106 guidance=2806 command_fps(ros/wall)=59.98/56.34 guidance_wall_fps=52.33 avoid_ms(mean/p50/p95/max)=1.876/0.449/4.919/8.817 cycle_ms(mean/p95/max)=17.749/23.742/577.454 depth_to_cmd_ms(mean/p95/max)=42.255/83.333/116.667 callback_to_publish_ms(mean/p95/max)=3.808/8.997/20.212
[depth_angular_controller-1] [INFO] [1791298140.920062294] [depth_angular_controller]: EVIDENCE_COST ingest(mean/p95/max)=2.012/7.049/19.639 record=0.015/0.019/0.594 ms
[depth_angular_controller-1] [INFO] [1791298140.920067373] [depth_angular_controller]: EVIDENCE_PHASE per_view_mean_ms balls=0.065 tubes=0.062 history=0.348 eviction=0.001
[depth_angular_controller-1] [INFO] [1791298141.153237102] [depth_angular_controller]: OMNI_DEPTH views=4 azimuth_bins=180 elevation_bins=37 valid=1 certificates=1 yaw=-164.00
[depth_angular_controller-1] [INFO] [1791298141.153987823] [depth_angular_controller]: PAPER_BUILD reason=FULL_MOTION_CERTIFICATE required=0.0000 best=0.0000 free=0 refined=0 tubes=175 revoked_tubes=0 proofs=128
[depth_angular_controller-1] [INFO] [1791298141.154003392] [depth_angular_controller]: PAPER_EVIDENCE retained=16 balls=32 revoked_balls=0 expired_views=0 evicted_views=192 radius=0.580 clearance=0.000 best_prefix=0.000
[depth_angular_controller-1] [INFO] [1791298142.301026377] [depth_angular_controller]: OMNI_DEPTH views=4 azimuth_bins=180 elevation_bins=37 valid=1 certificates=1 yaw=-160.05
[depth_angular_controller-1] [INFO] [1791298142.301381093] [depth_angular_controller]: PAPER_BUILD reason=FULL_MOTION_CERTIFICATE required=0.0000 best=0.0000 free=0 refined=0 tubes=179 revoked_tubes=0 proofs=128
[depth_angular_controller-1] [INFO] [1791298142.301388758] [depth_angular_controller]: PAPER_EVIDENCE retained=16 balls=32 revoked_balls=0 expired_views=0 evicted_views=196 radius=0.580 clearance=0.000 best_prefix=0.000
[depth_angular_controller-1] [INFO] [1791298143.330065443] [depth_angular_controller]: OMNI_DEPTH views=4 azimuth_bins=180 elevation_bins=37 valid=1 certificates=1 yaw=-160.05
[depth_angular_controller-1] [INFO] [1791298143.330314942] [depth_angular_controller]: PAPER_BUILD reason=FULL_MOTION_CERTIFICATE required=0.0000 best=0.0000 free=0 refined=0 tubes=183 revoked_tubes=0 proofs=128
[depth_angular_controller-1] [INFO] [1791298143.330321685] [depth_angular_controller]: PAPER_EVIDENCE retained=16 balls=32 revoked_balls=0 expired_views=0 evicted_views=200 radius=0.580 clearance=0.000 best_prefix=0.000
[position_cmd_to_twist-2] [INFO] [1791298144.272303102] [position_cmd_to_twist]: [PERF BRIDGE] run=candidate_v7_spin_ego1p3_1 elapsed=72.39s received=3295 published=3295 fps(ros/wall)=59.98/56.35 controller_to_bridge_ms(mean/p50/p95/max)=0.081/0.000/0.000/16.667 bridge_process_ms(mean/p95/max)=0.087/0.109/1.155
[NAV] t=55.0s position=(-53.82,-16.30,2.27) yaw=-159.8deg command=(-1.58,-0.26,-0.49) manual_active=1 collision_blocks=0
[depth_angular_controller-1] [INFO] [1791298144.362356851] [depth_angular_controller]: OMNI_DEPTH views=4 azimuth_bins=180 elevation_bins=37 valid=1 certificates=1 yaw=138.00
[depth_angular_controller-1] [INFO] [1791298144.362652086] [depth_angular_controller]: PAPER_BUILD reason=FULL_MOTION_CERTIFICATE required=0.0000 best=0.0000 free=0 refined=0 tubes=186 revoked_tubes=0 proofs=128
[depth_angular_controller-1] [INFO] [1791298144.362658208] [depth_angular_controller]: PAPER_EVIDENCE retained=16 balls=32 revoked_balls=0 expired_views=0 evicted_views=204 radius=0.580 clearance=0.000 best_prefix=0.000
[depth_angular_controller-1] [INFO] [1791298145.522865961] [depth_angular_controller]: OMNI_DEPTH views=4 azimuth_bins=180 elevation_bins=37 valid=1 certificates=1 yaw=-114.00
[depth_angular_controller-1] [INFO] [1791298145.585056196] [depth_angular_controller]: PAPER_BUILD reason=FULL_MOTION_CERTIFICATE required=0.0000 best=0.0000 free=0 refined=0 tubes=191 revoked_tubes=0 proofs=128
[depth_angular_controller-1] [INFO] [1791298145.585090911] [depth_angular_controller]: PAPER_EVIDENCE retained=16 balls=32 revoked_balls=0 expired_views=0 evicted_views=208 radius=0.580 clearance=0.000 best_prefix=0.000
[depth_angular_controller-1] [INFO] [1791298145.968014214] [depth_angular_controller]: [PERF CTRL] run=candidate_v7_spin_ego1p3_1 elapsed=74.20s callbacks=3371 commands=3371 guidance=3071 command_fps(ros/wall)=59.73/56.02 guidance_wall_fps=52.34 avoid_ms(mean/p50/p95/max)=2.293/2.211/6.070/67.658 cycle_ms(mean/p95/max)=17.852/24.052/577.454 depth_to_cmd_ms(mean/p95/max)=42.722/83.333/116.667 callback_to_publish_ms(mean/p95/max)=4.242/10.047/76.670
[depth_angular_controller-1] [INFO] [1791298145.968273551] [depth_angular_controller]: EVIDENCE_COST ingest(mean/p95/max)=2.051/7.080/19.639 record=0.015/0.019/0.594 ms
[depth_angular_controller-1] [INFO] [1791298145.968279322] [depth_angular_controller]: EVIDENCE_PHASE per_view_mean_ms balls=0.066 tubes=0.065 history=0.354 eviction=0.001
[depth_angular_controller-1] [INFO] [1791298146.608295262] [depth_angular_controller]: OMNI_DEPTH views=4 azimuth_bins=180 elevation_bins=37 valid=1 certificates=1 yaw=-107.62
[depth_angular_controller-1] [INFO] [1791298146.689384424] [depth_angular_controller]: PAPER_BUILD reason=FULL_MOTION_CERTIFICATE required=0.0000 best=0.0000 free=0 refined=0 tubes=194 revoked_tubes=0 proofs=128
[depth_angular_controller-1] [INFO] [1791298146.689416905] [depth_angular_controller]: PAPER_EVIDENCE retained=16 balls=32 revoked_balls=0 expired_views=0 evicted_views=212 radius=0.580 clearance=0.000 best_prefix=0.000
[depth_angular_controller-1] [INFO] [1791298147.658136371] [depth_angular_controller]: OMNI_DEPTH views=4 azimuth_bins=180 elevation_bins=37 valid=1 certificates=3 yaw=-98.00
[depth_angular_controller-1] [INFO] [1791298147.840367751] [depth_angular_controller]: PAPER_BUILD reason=FULL_MOTION_CERTIFICATE required=0.0000 best=0.0000 free=0 refined=0 tubes=197 revoked_tubes=0 proofs=128
[depth_angular_controller-1] [INFO] [1791298147.840407135] [depth_angular_controller]: PAPER_EVIDENCE retained=16 balls=32 revoked_balls=0 expired_views=0 evicted_views=216 radius=0.580 clearance=0.000 best_prefix=0.000
[depth_angular_controller-1] [INFO] [1791298148.477401697] [depth_angular_controller]: COMPUTE_DEADLINE
[depth_angular_controller-1] [INFO] [1791298148.489753250] [depth_angular_controller]: CERTIFIED_TRACKING
[depth_angular_controller-1] [INFO] [1791298148.626859515] [depth_angular_controller]: COMPUTE_DEADLINE
[depth_angular_controller-1] [INFO] [1791298148.897132923] [depth_angular_controller]: OMNI_DEPTH views=4 azimuth_bins=180 elevation_bins=37 valid=0 certificates=4 yaw=0.00
[depth_angular_controller-1] [INFO] [1791298148.982696294] [depth_angular_controller]: PAPER_BUILD reason=READY required=0.0100 best=3.5861 free=15 refined=0 tubes=199 revoked_tubes=0 proofs=128
[depth_angular_controller-1] [INFO] [1791298148.982734005] [depth_angular_controller]: PAPER_EVIDENCE retained=16 balls=32 revoked_balls=0 expired_views=0 evicted_views=220 radius=0.580 clearance=0.144 best_prefix=3.586
[position_cmd_to_twist-2] [INFO] [1791298149.730393491] [position_cmd_to_twist]: [PERF BRIDGE] run=candidate_v7_spin_ego1p3_1 elapsed=77.85s received=3477 published=3468 fps(ros/wall)=58.18/54.29 controller_to_bridge_ms(mean/p50/p95/max)=0.968/0.000/0.000/133.333 bridge_process_ms(mean/p95/max)=0.087/0.110/1.155
[NAV] t=60.0s position=(-56.45,-16.68,1.54) yaw=100.3deg command=(0.00,0.00,0.00) manual_active=0 collision_blocks=0
[depth_angular_controller-1] [INFO] [1791298149.920098095] [depth_angular_controller]: ZERO_INTENT
[depth_angular_controller-1] [INFO] [1791298150.984776649] [depth_angular_controller]: [PERF CTRL] run=candidate_v7_spin_ego1p3_1 elapsed=79.21s callbacks=3543 commands=3543 guidance=3179 command_fps(ros/wall)=57.91/54.34 guidance_wall_fps=50.78 avoid_ms(mean/p50/p95/max)=3.091/2.390/6.719/103.125 cycle_ms(mean/p95/max)=18.401/26.932/577.454 depth_to_cmd_ms(mean/p95/max)=42.901/83.333/116.667 callback_to_publish_ms(mean/p95/max)=5.077/11.939/124.187
[depth_angular_controller-1] [INFO] [1791298150.985044191] [depth_angular_controller]: EVIDENCE_COST ingest(mean/p95/max)=2.180/7.432/24.140 record=0.036/0.021/1.690 ms
[depth_angular_controller-1] [INFO] [1791298150.985049632] [depth_angular_controller]: EVIDENCE_PHASE per_view_mean_ms balls=0.070 tubes=0.080 history=0.368 eviction=0.001
[MANUAL RESULT] TIMEOUT position=(-56.451,-16.681,1.535)
[PERF ISAAC FINAL] run=candidate_v7_spin_ego1p3_1 result=MANUAL_TIMEOUT wall=67.80s sim_frames=3843 fps(sim/wall)=60.03/56.68 command_changes=2918 collision_blocks=0 frame_interval_ms(mean/p50/p95/max)=17.503/15.780/18.033/80.356
[81.462s] Simulation App Shutting Down
[depth_angular_controller-1] [INFO] [1791298154.199973779] [rclcpp]: signal_handler(SIGINT/SIGTERM)
[position_cmd_to_twist-2] [INFO] [1791298154.200799782] [position_cmd_to_twist]: [PERF BRIDGE FINAL] run=candidate_v7_spin_ego1p3_1 elapsed=82.32s received=3714 published=3703 fps(ros/wall)=58.00/54.61 controller_to_bridge_ms(mean/p50/p95/max)=0.983/0.000/0.000/133.333 bridge_process_ms(mean/p95/max)=0.087/0.109/1.155
[position_cmd_to_twist-2] Failed to publish log message to rosout: publisher's context is invalid, at ./src/rcl/publisher.c:389
[depth_angular_controller-1] [INFO] [1791298154.200939925] [depth_angular_controller]: [PERF CTRL FINAL] run=candidate_v7_spin_ego1p3_1 elapsed=82.43s callbacks=3714 commands=3714 guidance=3179 command_fps(ros/wall)=58.00/54.77 guidance_wall_fps=50.78 avoid_ms(mean/p50/p95/max)=3.091/2.390/6.719/103.125 cycle_ms(mean/p95/max)=18.257/26.333/577.454 depth_to_cmd_ms(mean/p95/max)=42.901/83.333/116.667 callback_to_publish_ms(mean/p95/max)=5.012/11.711/124.187
[depth_angular_controller-1] [INFO] [1791298154.201188202] [depth_angular_controller]: EVIDENCE_COST ingest(mean/p95/max)=2.203/7.530/24.140 record=0.077/0.772/1.765 ms
[depth_angular_controller-1] [INFO] [1791298154.201191548] [depth_angular_controller]: EVIDENCE_PHASE per_view_mean_ms balls=0.071 tubes=0.083 history=0.370 eviction=0.001
[INFO] [depth_angular_controller-1]: process has finished cleanly [pid 122178]
[INFO] [position_cmd_to_twist-2]: process has finished cleanly [pid 122180]
