[PERF] run=candidate_v15_spin_ego1p3_1 log=/home/starry/isaac-data/EGO1P3/performance/omni_20261006/candidate_v15_spin_ego1p3_1_performance.md
[INPUT] mode=trace scene_mode=cloud
[LOCK] Waiting for shared Isaac navigation slot
[INFO] [launch]: All log files can be found below /tmp/fov_gvf_ego1p3_isaac_ros_log/2026-10-06-23-54-45-572821-starry-System-Product-Name-153449
[INFO] [launch]: Default logging verbosity is set to INFO
[INFO] [depth_angular_controller-1]: process started with pid [153464]
[INFO] [position_cmd_to_twist-2]: process started with pid [153466]
[depth_angular_controller-1] [INFO] [1791302085.605454843] [depth_angular_controller]: PROCESSING_RATES control=60.0 Hz depth_limit=10.0 Hz (0=unlimited)
[depth_angular_controller-1] [INFO] [1791302085.607592180] [depth_angular_controller]: C++ controller commands publish on /position_cmd; horizontal views=4
[ROS CHECK] ROS_DOMAIN_ID=42 /position_cmd publishers=1
Type: pc_gvf_msgs/msg/PositionCommand
Publisher count: 1
Subscription count: 1
/depth_angular_controller
/position_cmd_to_twist
WARNING: All log messages before absl::InitializeLog() is called are written to STDERR
E0000 00:00:1791302086.561783  153518 descriptor_database.cc:633] File already exists in database: grpc/health/v1/health.proto
W0000 00:00:1791302086.561806  153518 message.cc:301] Protobuf GeneratedMessageFactory: File is already registered: grpc/health/v1/health.proto
2026-10-06T15:54:46Z [Info] [carb] Logging to file: /home/starry/isaac-data/isaacsim/kit/logs/Kit/Isaac-Sim Python/6.0/kit_20261006_235446.log
[0.044s] [ext: omni.assets.plugins-0.0.0] startup
[0.045s] [ext: omni.blobkey-1.1.2] startup
[0.045s] [ext: omni.kit.async_engine-0.0.3] startup
[0.319s] [ext: omni.client.lib-1.1.1] startup
[0.327s] [ext: omni.client-1.3.0] startup
[0.329s] [ext: omni.protobuf.lib-1.0.0] startup
[0.330s] [ext: omni.grpc.lib-1.0.0] startup
[0.333s] [ext: omni.metrics.core-0.0.3] startup
[0.333s] [ext: omni.datastore-0.0.0] startup
[0.333s] [ext: omni.gpu_foundation.shadercache.vulkan-1.0.0] startup
[0.335s] [ext: omni.hsscclient-1.1.4] startup
[0.336s] [ext: omni.stats-1.0.1] startup
[0.336s] [ext: omni.ujitso.default-1.0.0] startup
[0.339s] [ext: omni.gpu_foundation-0.0.0] startup
[0.473s] [ext: carb.windowing.plugins-1.0.1] startup
[0.474s] [ext: omni.kit.renderer.init-1.0.1] startup
2026-10-06T15:54:46Z [681ms] [Warning] [omni.rtx] Skipping unsupported non-NVIDIA GPU: AMD Unknown (RADV RAPHAEL_MENDOCINO)
2026-10-06T15:54:46Z [681ms] [Warning] [omni.rtx] Skipping unsupported non-NVIDIA GPU: AMD Unknown (RADV RAPHAEL_MENDOCINO)

|---------------------------------------------------------------------------------------------|
| Driver Version: 580.178.04    | Graphics API: Vulkan
|=============================================================================================|
| GPU | Name                             | Active | LDA | GPU Memory | Vendor-ID | LUID       |
|     |                                  |        |     |            | Device-ID | UUID       |
|     |                                  |        |     |            | Bus-ID    |            |
|---------------------------------------------------------------------------------------------|
| 0   | NVIDIA GeForce RTX 5070          | Yes: 0 |     | 12227   MB | 10de      | 0          |
|     |                                  |        |     |            | 2f04      | 348d89fe.. |
|     |                                  |        |     |            | 1         |            |
|---------------------------------------------------------------------------------------------|
| 1   | AMD Unknown (RADV RAPHAEL_MEND.. |        |     | 10755   MB | 1002      | 0          |
|     |                                  |        |     |            | 13c0      | 00000000.. |
|     |                                  |        |     |            | c         |            |
|=============================================================================================|
| OS: 22.04.5 LTS (Jammy Jellyfish) ubuntu, Version: 22.04.5, Kernel: 6.8.0-138-generic
| XServer Vendor: The X.Org Foundation, XServer Version: 12101004 (1.21.1.4)
| Processor: AMD Ryzen 5 9600X 6-Core Processor
| Cores: 6 | Logical Cores: 12
|---------------------------------------------------------------------------------------------|
| Total Memory (MB): 31241 | Free Memory: 22752
| Total Page/Swap (MB): 15624 | Free Page/Swap: 15624
|---------------------------------------------------------------------------------------------|
2026-10-06T15:54:47Z [893ms] [Warning] [omni.rtx] CPU performance profile is set to powersave. This profile sets the CPU to the lowest frequency reducing performance.
2026-10-06T15:54:47Z [901ms] [Warning] [omni.rtx] IOMMU is enabled.
[1.004s] [ext: omni.kit.pipapi-0.0.0] startup
[1.005s] [ext: omni.kit.pip_archive-0.0.0] startup
[1.005s] [ext: isaacsim.pip.newton-0.6.1] startup
[1.006s] [ext: omni.pip.compute-1.9.2] startup
[1.006s] [ext: omni.isaac.core_archive-5.3.1] startup
[1.006s] [ext: omni.kit.telemetry-0.5.2] startup
[1.026s] [ext: omni.kit.loop-isaac-1.6.0] startup
[1.027s] [ext: omni.kit.test-2.0.7] startup
[1.077s] [ext: omni.materialx.libs-1.0.9] startup
[1.084s] [ext: omni.gpucompute.plugins-0.0.0] startup
[1.084s] [ext: omni.usd.config-1.0.7] startup
[1.087s] [ext: omni.usd.libs-1.0.3] startup
[1.145s] [ext: omni.iray.libs-0.0.1] startup
[1.148s] [ext: omni.mdl-57.0.3] startup
[1.209s] [ext: omni.mdl.neuraylib-0.2.20] startup
[1.211s] [ext: omni.kit.usd.mdl-1.1.9] startup
[1.295s] [ext: omni.appwindow-1.2.2] startup
[1.297s] [ext: omni.kit.renderer.core-1.2.2] startup
2026-10-06T15:54:52Z [6,501ms] [Warning] [carb.windowing-glfw.gamepad] Joystick with unknown remapping detected (will be ignored):  BEITONG BEITONG A2P3A BFM DONGLE [03000000bc2000001c51000011010000]
[6.533s] [ext: omni.kit.renderer.capture-2.0.1] startup
[6.534s] [ext: omni.kit.renderer.imgui-2.0.6] startup
[6.570s] [ext: omni.ui-3.2.0] startup
[6.577s] [ext: omni.kit.mainwindow-1.0.3] startup
[6.578s] [ext: carb.audio-0.1.0] startup
[6.580s] [ext: omni.uiaudio-1.0.0] startup
[6.580s] [ext: omni.kit.uiapp-0.0.0] startup
[6.580s] [ext: omni.usd.schema.metrics.assembler-110.1.0] startup
[6.582s] [ext: omni.usd.schema.audio-0.0.1] startup
[6.585s] [ext: omni.usd_resolver-1.0.0] startup
[6.587s] [ext: omni.usd.core-1.8.3] startup
[6.589s] [ext: omni.metropolis.schema-0.0.3] startup
[6.590s] [ext: isaacsim.anim.robot.schema-0.1.1] startup
[6.591s] [ext: omni.usd.schema.anim-0.0.1] startup
[6.603s] [ext: omni.usd.schema.geospatial-0.0.1] startup
[6.605s] [ext: omni.usd.schema.omnigraph-1.0.1] startup
[6.609s] [ext: omni.usd.schema.semantics-0.0.0] startup
[6.611s] [ext: omni.activity.core-1.0.3] startup
[6.612s] [ext: omni.cubric-0.1.0] startup
[6.612s] [ext: omni.graph.exec-0.9.6] startup
[6.612s] [ext: omni.hydra.scene_delegate-0.3.5] startup
[6.615s] [ext: usdrt.scenegraph-7.6.3] startup
[6.633s] [ext: omni.hydra.usdrt_delegate-7.5.2] startup
[6.637s] [ext: omni.inspect-1.0.2] startup
[6.638s] [ext: omni.kit.actions.core-1.0.0] startup
[6.639s] [ext: omni.kit.audiodeviceenum-1.0.2] startup
[6.640s] [ext: omni.kit.commands-1.5.0] startup
[6.642s] [ext: omni.kit.exec.core-0.13.5] startup
[6.643s] [ext: omni.kit.usd_undo-0.1.8] startup
[6.644s] [ext: omni.kit.window.popup_dialog-2.0.25] startup
[6.646s] [ext: omni.kit.widget.nucleus_connector-2.3.1] startup
[6.648s] [ext: omni.timeline-1.1.0] startup
[6.650s] [ext: omni.usd-1.16.0] startup
[6.674s] [ext: omni.graph.core-3.1.2] startup
[6.677s] [ext: omni.kit.notification_manager-1.0.11] startup
[6.678s] [ext: isaacsim.core.deprecation_manager-0.4.2] startup
[6.679s] [ext: isaacsim.replicator.agent.schema-0.1.1] startup
[6.680s] [ext: isaacsim.robot.schema-6.3.7] startup
[6.684s] [ext: isaacsim.robot_motion.schema-0.2.1] startup
[6.684s] [ext: omni.anim.behavior.schema-110.1.0] startup
[6.687s] [ext: omni.anim.graph.schema-110.1.1] startup
[6.691s] [ext: omni.anim.navigation.schema-110.1.0] startup
[6.694s] [ext: omni.behavior.tree.schema-110.1.0] startup
[6.694s] [ext: omni.isaac.ml_archive-3.3.0] startup
[6.694s] [ext: omni.kit.asset_converter-6.0.1] startup
[6.703s] [ext: omni.pip.cloud-1.5.4] startup
[6.705s] [ext: omni.usd.schema.flow-110.0.0] startup
[6.705s] [ext: omni.usd.schema.mujoco-1.1.1] startup
[6.706s] [ext: omni.usd.schema.newton-1.2.1] startup
[6.706s] [ext: omni.usd.schema.omni_lens_distortion-1.0.0] startup
[6.707s] [ext: omni.usd.schema.omni_projectors-1.0.0] startup
[6.707s] [ext: omni.usd.schema.omni_sensors-0.0.0] startup
[6.713s] [ext: omni.usd.schema.omniscripting-1.0.1] startup
[6.716s] [ext: omni.usd.schema.physical_lighting-0.1.0] startup
[6.719s] [ext: omni.usd.schema.physx-110.1.13] startup
[6.742s] [ext: omni.usd.schema.render_settings.rtx-1.0.2] startup
[6.745s] [ext: omni.usd.schema.usd_particle_field-1.0.0] startup
[6.745s] [ext: isaacsim.core.version-2.1.1] startup
[6.746s] [ext: omni.kit.menu.core-1.2.0] startup
[6.746s] [ext: omni.kit.menu.utils-2.2.4] startup
[6.752s] [ext: isaacsim.app.about-2.3.1] startup
[6.755s] [ext: isaacsim.asset.transformer-1.2.5] startup
[6.758s] [ext: omni.scene.optimizer.core-110.1.0] startup
[6.788s] [ext: isaacsim.asset.importer.utils-1.8.1] startup
[6.790s] [ext: omni.convexdecomposition-110.1.13] startup
[6.792s] [ext: omni.physics-110.1.13] startup
[6.794s] [ext: omni.physx.gpu-110.1.13] startup
[6.794s] [ext: omni.physx.foundation-110.1.13] startup
[6.795s] [ext: omni.usdphysics-110.1.13] startup
[6.796s] [ext: omni.physx.cooking-110.1.13] startup
[6.798s] [ext: omni.physx-110.1.13] startup
[6.805s] [ext: omni.physics.physx-110.1.13] startup
[6.806s] [ext: isaacsim.asset.exporter.urdf-2.0.5] startup
[6.812s] [ext: omni.kit.clipboard-1.1.1] startup
[6.813s] [ext: omni.kit.usd.layers-2.6.1] startup
[6.818s] [ext: omni.kit.widget.context_menu-1.4.0] startup
[6.819s] [ext: omni.kit.context_menu-1.9.0] startup
[6.820s] [ext: omni.kit.helper.file_utils-0.1.10] startup
[6.821s] [ext: omni.kit.widget.nucleus_info-2.0.2] startup
[6.822s] [ext: omni.kit.search_core-1.0.8] startup
[6.822s] [ext: omni.kit.widget.path_field-2.0.13] startup
[6.823s] [ext: omni.kit.widget.browser_bar-2.0.10] startup
[6.823s] [ext: omni.kit.widget.filebrowser-2.13.4] startup
[6.826s] [ext: omni.kit.widget.options_menu-1.1.6] startup
[6.828s] [ext: omni.kit.widget.options_button-1.0.3] startup
[6.829s] [ext: omni.kit.widget.search_delegate-1.0.9] startup
[6.829s] [ext: omni.ui.scene-2.0.3] startup
[6.833s] [ext: omni.kit.window.filepicker-2.15.5] startup
[6.842s] [ext: omni.kit.window.file_importer-1.1.21] startup
[6.844s] [ext: omni.kit.material.library-3.1.2] startup
[6.847s] [ext: isaacsim.asset.transformer.rules-1.7.10] startup
[6.855s] [ext: omni.usdex.libs-2.2.2] startup
[6.861s] [ext: isaacsim.asset.importer.mjcf-3.10.1] startup
[6.862s] [ext: isaacsim.asset.importer.urdf-3.11.2] startup
[6.865s] [ext: omni.kit.primitive.mesh-1.1.0] startup
[6.867s] [ext: omni.kit.stage_template.core-1.1.22] startup
[6.868s] [ext: omni.kit.stage_templates-2.0.2] startup
[6.869s] [ext: omni.usd.metrics.assembler-110.1.2] startup
[6.871s] [ext: omni.warp.core-1.13.0] startup
[7.052s] [ext: isaacsim.core.experimental.utils-0.17.2] startup
[7.053s] [ext: omni.physics.stageupdate-110.1.13] startup
[7.055s] [ext: omni.physics.tensors-110.1.13] startup
[7.058s] [ext: omni.physx.tensors-110.1.13] startup
[7.061s] [ext: isaacsim.core.simulation_manager-1.15.6] startup
[7.071s] [ext: isaacsim.storage.native-1.9.3] startup
[7.072s] [ext: omni.usd.metrics.assembler.physics-110.1.13] startup
[7.073s] [ext: isaacsim.core.utils-4.1.7] startup
[7.075s] [ext: isaacsim.core.prims-0.11.7] startup
[7.960s] [ext: isaacsim.core.api-5.2.13] startup
[7.966s] [ext: isaacsim.core.cloner-1.7.3] startup
[7.967s] [ext: isaacsim.test.docstring-1.3.2] startup
[7.969s] [ext: isaacsim.core.experimental.prims-1.8.9] startup
[7.987s] [ext: isaacsim.core.experimental.primdata-0.3.2] startup
[7.989s] [ext: omni.graph.tools-1.81.0] startup
[8.008s] [ext: omni.graph-1.142.5] startup
[8.040s] [ext: isaacsim.core.experimental.actuators-0.1.2] startup
[8.053s] [ext: isaacsim.core.experimental.materials-0.7.1] startup
[8.055s] [ext: isaacsim.core.experimental.objects-0.8.1] startup
[8.111s] [ext: omni.hydra.engine.stats-1.0.5] startup
[8.113s] [ext: omni.hydra.rtx.shadercache.vulkan-1.0.0] startup
[8.114s] [ext: omni.index.libs-387500.4413.0] startup
[8.114s] [ext: omni.index-1.0.1] startup
[8.114s] [ext: omni.ujitso.client-0.0.0] startup
[8.114s] [ext: omni.usd.schema.playback-1.0.0] startup
[8.117s] [ext: omni.volume-0.5.2] startup
[8.121s] [ext: omni.hydra.rtx-1.0.4] startup
2026-10-06T15:54:54Z [8,111ms] [Warning] [omni.log] Source: omni.hydra was already registered.
[8.143s] [ext: omni.kit.hydra_texture-1.6.0] startup
[8.145s] [ext: omni.kit.raycast.query-1.2.0] startup
[8.148s] [ext: omni.kit.viewport.legacy_gizmos-1.0.24] startup
[8.150s] [ext: omni.kit.viewport.registry-104.0.6] startup
[8.151s] [ext: omni.kit.viewport.scene_camera_model-1.0.7] startup
[8.154s] [ext: omni.kit.widget.viewport-109.2.0] startup
[8.157s] [ext: omni.kit.window.drop_support-1.0.8] startup
[8.157s] [ext: omni.kit.viewport.window-109.0.2] startup
[8.172s] [ext: omni.kit.viewport.utility-2.0.1] startup
[8.173s] [ext: isaacsim.core.rendering_manager-0.4.3] startup
[8.193s] [ext: omni.graph.action_core-1.1.9] startup
[8.195s] [ext: omni.graph.action_nodes_core-2.11.0] startup
[8.197s] [ext: omni.graph.action_nodes-2.11.0] startup
[8.213s] [ext: omni.graph.action-2.10.2] startup
[8.214s] [ext: omni.graph.image.core-0.6.1] startup
[8.214s] [ext: omni.graph.image.nodes-1.3.1] startup
[8.215s] [ext: omni.graph.nodes_core-2.11.0] startup
[8.219s] [ext: omni.graph.nodes-2.12.0] startup
[8.223s] [ext: omni.kit.hotkeys.core-1.3.12] startup
[8.224s] [ext: omni.kit.property.adapter.core-1.1.1] startup
[8.226s] [ext: omni.kit.property.adapter.usd-1.0.5] startup
[8.227s] [ext: omni.kit.widget.filter-1.1.5] startup
[8.228s] [ext: omni.kit.widget.highlight_label-1.0.3] startup
[8.228s] [ext: omni.kit.widget.searchfield-1.1.8] startup
[8.230s] [ext: omni.kit.window.file_exporter-1.0.36] startup
[8.231s] [ext: omni.kit.widget.stage-4.4.0] startup
[8.238s] [ext: omni.kit.window.content_browser_registry-0.0.6] startup
[8.238s] [ext: omni.kit.window.file-2.0.10] startup
[8.241s] [ext: omni.kit.window.content_browser-3.1.8] startup
[8.250s] [ext: omni.kit.window.property-1.15.1] startup
[8.259s] [ext: omni.kit.property.usd-4.9.4] startup
[8.268s] [ext: omni.graph.scriptnode-2.10.2] startup
[8.275s] [ext: omni.kit.widget.searchable_combobox-1.0.7] startup
[8.276s] [ext: omni.kit.widget.settings-2.0.0] startup
[8.278s] [ext: omni.kit.window.preferences-1.8.3] startup
[8.282s] [ext: omni.kit.viewport.menubar.core-107.2.2] startup
[8.292s] [ext: omni.syntheticdata-0.6.15] startup
[8.315s] [ext: omni.replicator.nv-1.1.1] startup
[8.319s] [ext: omni.videoencoding-0.2.1] startup
[8.321s] [ext: omni.replicator.core-1.13.27] startup
2026-10-06T15:54:54Z [8,307ms] [Warning] [pxr.Semantics] pxr.Semantics is deprecated - please use Semantics instead
2026-10-06T15:54:54Z [8,372ms] [Warning] [omni.replicator.core.scripts.extension] No material configuration file, adding configuration to material settings directly.
[8.520s] [ext: isaacsim.core.nodes-5.10.5] startup
[8.547s] [ext: isaacsim.core.throttling-2.3.5] startup
[8.548s] [ext: omni.kit.manipulator.viewport-107.0.1] startup
[8.549s] [ext: omni.graph.visualization.nodes-2.1.4] startup
[8.560s] [ext: omni.kit.window.extensions-1.5.10] startup
[8.565s] [ext: isaacsim.gui.components-1.8.5] startup
[8.569s] [ext: isaacsim.robot.surface_gripper-3.6.2] startup
[8.579s] [ext: isaacsim.robot.manipulators-3.4.4] startup
[8.588s] [ext: isaacsim.robot_motion.lula-4.1.3] startup
[8.593s] [ext: isaacsim.robot_motion.motion_generation-8.2.9] startup
[8.598s] [ext: isaacsim.cortex.framework-1.0.18] startup
[8.599s] [ext: isaacsim.cortex.behaviors-2.0.17] startup
[8.600s] [ext: isaacsim.examples.base-1.3.2] startup
[8.602s] [ext: omni.kit.widget.zoombar-1.0.7] startup
[8.602s] [ext: omni.kit.browser.core-2.3.18] startup
[8.605s] [ext: omni.kit.browser.folder.core-2.0.2] startup
[8.608s] [ext: omni.kit.widget.stage_icons-1.0.8] startup
[8.609s] [ext: omni.kit.window.stage-2.6.1] startup
[8.612s] [ext: omni.kit.menu.stage-1.2.7] startup
[8.613s] [ext: omni.kit.usd.collect-3.0.6] startup
[8.616s] [ext: omni.kit.widget.prompt-1.0.7] startup
[8.616s] [ext: omni.kit.tool.collect-2.2.19] startup
[8.618s] [ext: isaacsim.examples.browser-0.3.2] startup
[8.620s] [ext: omni.kit.search.files-1.0.4] startup
[8.620s] [ext: omni.kit.widget.calendar-1.0.9] startup
[8.622s] [ext: omni.kit.widget.extended_searchfield-1.0.31] startup
[8.628s] [ext: omni.simready.content.browser-0.3.7] startup
[8.717s] [ext: isaacsim.gui.content_browser-0.4.3] startup
[8.719s] [ext: omni.kit.selection-0.1.6] startup
[8.720s] [ext: isaacsim.gui.menu-2.10.5] startup
[8.727s] [ext: isaacsim.gui.property-1.6.4] startup
[8.733s] [ext: omni.kit.viewport.actions-110.0.0] startup
[8.737s] [ext: omni.kit.viewport.menubar.display-107.1.3] startup
[8.738s] [ext: isaacsim.gui.sensors.icon-2.2.1] startup
[8.740s] [ext: omni.behavior.scripting.core-110.1.0] startup
[8.743s] [ext: isaacsim.replicator.behavior-1.5.4] startup
[8.743s] [ext: isaacsim.replicator.experimental.domain_randomization-1.2.5] startup
[8.756s] [ext: isaacsim.replicator.domain_randomization-1.2.2] startup
[8.822s] [ext: isaacsim.replicator.writers-1.5.4] startup
[8.844s] [ext: isaacsim.robot.experimental.wheeled_robots-0.2.11] startup
[8.864s] [ext: isaacsim.robot.policy.examples-5.2.12] startup
[8.881s] [ext: isaacsim.robot.wheeled_robots-5.2.4] startup
[8.884s] [ext: isaacsim.robot.wheeled_robots.nodes-0.1.5] startup
[8.900s] [ext: isaacsim.robot_motion.experimental.motion_generation-6.1.3] startup
[8.911s] [ext: isaacsim.robot_motion.cumotion-1.3.1] startup
[8.923s] [ext: omni.kit.numpy.common-0.1.3] startup
[8.924s] [ext: isaacsim.sensors.camera-1.7.9] startup
[8.952s] [ext: isaacsim.sensors.experimental.physics-3.0.2] startup
[8.958s] [ext: omni.sensors.net-1.0.1] startup
[8.960s] [ext: omni.sensors.nv.common-3.0.0] startup
[8.969s] [ext: omni.sensors.nv.materials-2.0.0] startup
[8.971s] [ext: omni.sensors.nv.acoustic-3.0.0] startup
[8.973s] [ext: omni.sensors.nv.ids-2.0.1] startup
[8.975s] [ext: omni.sensors.nv.lidar-3.0.0] startup
[8.978s] [ext: omni.sensors.nv.radar-3.0.0] startup
[8.980s] [ext: isaacsim.sensors.experimental.rtx-1.4.6] startup
[9.210s] [ext: isaacsim.sensors.physics.nodes-1.5.3] startup
[9.216s] [ext: isaacsim.util.debug_draw-3.2.3] startup
[9.220s] [ext: isaacsim.sensors.physx-2.5.5] startup
[9.226s] [ext: isaacsim.sensors.rtx-15.17.1] startup
[9.235s] [ext: isaacsim.simulation_app-2.18.4] startup
[9.235s] [ext: omni.anim.curve.core-1.6.0] startup
[9.243s] [ext: omni.graph.ui_nodes-2.11.1] startup
[9.262s] [ext: omni.hydra.scene_api-0.1.3] startup
[9.265s] [ext: omni.kit.manipulator.camera-110.0.0] startup
[9.268s] [ext: omni.kit.manipulator.selector-1.1.4] startup
[9.269s] [ext: omni.kit.manipulator.transform-107.0.0] startup
[9.273s] [ext: omni.kit.widget.toolbar-2.1.0] startup
[9.278s] [ext: omni.kit.manipulator.tool.snap-1.5.14] startup
[9.281s] [ext: omni.kit.viewport.manipulator.transform-107.0.4] startup
[9.282s] [ext: omni.kit.manipulator.prim.core-108.0.2] startup
[9.287s] [ext: omni.kit.manipulator.prim.usd-107.0.3] startup
[9.288s] [ext: omni.kit.manipulator.prim-108.0.0] startup
[9.288s] [ext: omni.kit.manipulator.selection-109.0.1] startup
[9.289s] [ext: omni.kit.menu.create-2.0.2] startup
[9.290s] [ext: omni.kit.property.audio-1.0.16] startup
[9.293s] [ext: omni.kit.property.camera-1.0.14] startup
[9.294s] [ext: omni.kit.property.geometry-2.1.2] startup
[9.297s] [ext: omni.kit.property.light-1.0.14] startup
2026-10-06T15:54:55Z [9,297ms] [Warning] [omni.usd] Encountered USD Warnings but USD Diagnostics are currently muted. To view USD Warnings, please set the '/persistent/app/usd/muteUsdDiagnostics' setting to false in Preferences page.
[9.322s] [ext: omni.kit.property.material-1.14.6] startup
[9.327s] [ext: omni.kit.property.render-1.2.2] startup
[9.328s] [ext: omni.kit.property.transform-1.6.9] startup
[9.331s] [ext: omni.kit.property.bundle-1.5.1] startup
[9.332s] [ext: omni.kit.usdz_export-1.1.0] startup
[9.334s] [ext: omni.kit.tool.asset_importer-6.0.1] startup
[9.338s] [ext: omni.kit.ui.actions-1.0.5] startup
[9.340s] [ext: omni.kit.viewport.menubar.camera-107.0.10] startup
[9.344s] [ext: omni.kit.viewport.menubar.lighting-107.3.2] startup
[9.346s] [ext: omni.kit.viewport.menubar.render-110.0.0] startup
[9.347s] [ext: omni.kit.viewport.menubar.settings-110.0.1] startup
[9.350s] [ext: omni.kit.window.console-1.1.9] startup
[9.353s] [ext: omni.kit.window.status_bar-0.1.11] startup
[9.355s] [ext: omni.kit.window.toolbar-3.0.3] startup
[9.357s] [ext: omni.ocio-0.1.1] startup
[9.358s] [ext: omni.physx.commands-110.1.13] startup
[9.361s] [ext: omni.replicator.replicator_yaml-2.0.12] startup
[9.369s] [ext: omni.rtx.window.settings-0.8.0] startup
[9.373s] [ext: omni.rtx.settings.core-0.7.1] startup
[9.375s] [ext: omni.usd.metrics.assembler.ui-110.1.1] startup
[9.381s] [ext: semantics.schema.editor-2.0.2] startup
[9.383s] [ext: semantics.schema.property-2.0.2] startup
[9.384s] [ext: omni.kit.menu.common-2.0.2] startup
[9.385s] [ext: isaacsim.exp.base-6.0.1] startup
[9.386s] [ext: isaacsim.exp.base.python-6.0.1] startup
[9.387s] Simulation App Starting
[10.437s] Simulation App Startup Complete
[10.442s] app ready
Starting kit application with the following args:  ['/home/starry/isaac-data/isaacsim/exts/isaacsim.simulation_app/isaacsim/simulation_app/simulation_app.py', '/home/starry/isaac-data/isaacsim/apps/isaacsim.exp.base.python.kit', '--/app/tokens/exe-path=/home/starry/isaac-data/isaacsim/kit', '--/persistent/app/viewport/displayOptions=3094', '--/rtx/materialDb/syncLoads=True', '--/rtx/hydra/materialSyncLoads=True', '--/omni/kit/plugin/syncUsdLoads=True', '--/app/renderer/resolution/width=1280', '--/app/renderer/resolution/height=720', '--/app/window/width=1440', '--/app/window/height=900', '--/renderer/multiGpu/enabled=False', '--/app/fastShutdown=True', '--/app/installSignalHandlers=0', '--ext-folder', '/home/starry/isaac-data/isaacsim/exts', '--ext-folder', '/home/starry/isaac-data/isaacsim/apps', '--/renderer/activeGpu=0', '--/physics/cudaDevice=0', '--/plugins/carb.tasking.plugin/threadCount=12', '--/plugins/omni.tbb.globalcontrol/maxThreadCount=12', '--portable', '--no-window', '--/app/window/hideUi=1']
Passing the following args to the base kit application:  []
Warp 1.13.0 initialized:
   CUDA Toolkit 12.9, Driver 13.0
   Devices:
     "cpu"      : "x86_64"
     "cuda:0"   : "NVIDIA GeForce RTX 5070" (11 GiB, sm_120, mempool enabled)
   Kernel cache:
     /home/starry/.cache/warp/1.13.0
[LIGHTING] sun=800.0 (1) dome=0.0 (1) ambient=0.05 constant_color=(0.6, 0.65, 0.7)
[RENDER] mode=MinimalRendering minimal_shading_mode=2 anti_aliasing=TAA
[DEPTH CAMERAS] count=4 resolution_each=320x240 horizontal_coverage=360deg
[ESDF] path=/home/starry/isaac-data/EGO1P3/scenes/ego_swarm_cloud/occupancy.bin shape=(400, 300, 50) resolution=0.40m
[depth_angular_controller-1] [INFO] [1791302099.142422949] [depth_angular_controller]: WAITING_ODOMETRY
[NAV] t=0.0s position=(-64.00,-11.20,2.80) yaw=0.0deg command=(0.00,0.00,0.00) manual_active=0 collision_blocks=0
[depth_angular_controller-1] [INFO] [1791302099.719730450] [depth_angular_controller]: WAITING_VERIFIED_START_POSE
[depth_angular_controller-1] [INFO] [1791302099.752917018] [depth_angular_controller]: VERIFIED_FREE_SEED center=(-64.000,-11.200,2.800) radius=2.500 balls=1: verified fixed Cloud free ball; USD and occupancy SHA-256 matched
[depth_angular_controller-1] [INFO] [1791302099.753040901] [depth_angular_controller]: ZERO_INTENT
[depth_angular_controller-1] [INFO] [1791302100.645940268] [depth_angular_controller]: OMNI_DEPTH views=4 azimuth_bins=180 elevation_bins=37 valid=1 certificates=1 short=0 held=0 local_candidates=2 yaw=31.25
[depth_angular_controller-1] [INFO] [1791302100.646032100] [depth_angular_controller]: DEPTH_PROPOSAL_CERTIFIED
[depth_angular_controller-1] [INFO] [1791302100.646039224] [depth_angular_controller]: PAPER_BUILD reason=FULL_MOTION_CERTIFICATE required=0.0000 best=0.0000 free=0 refined=0 tubes=0 revoked_tubes=0 proofs=0
[depth_angular_controller-1] [INFO] [1791302100.646045365] [depth_angular_controller]: PAPER_EVIDENCE retained=4 balls=1 revoked_balls=0 expired_views=0 evicted_views=0 radius=0.580 clearance=0.000 best_prefix=0.000
[depth_angular_controller-1] [INFO] [1791302101.594950384] [depth_angular_controller]: OMNI_DEPTH views=4 azimuth_bins=180 elevation_bins=37 valid=1 certificates=1 short=0 held=0 local_candidates=2 yaw=39.88
[depth_angular_controller-1] [INFO] [1791302101.595044221] [depth_angular_controller]: PAPER_BUILD reason=FULL_MOTION_CERTIFICATE required=0.0000 best=0.0000 free=0 refined=0 tubes=1 revoked_tubes=0 proofs=53
[depth_angular_controller-1] [INFO] [1791302101.595052697] [depth_angular_controller]: PAPER_EVIDENCE retained=8 balls=4 revoked_balls=0 expired_views=0 evicted_views=0 radius=0.580 clearance=0.000 best_prefix=0.000
[10.968s] [ext: isaacsim.sensors.rtx.nodes-0.1.2] startup
[10.976s] [ext: isaacsim.ros2.core-1.9.4] startup
[10.990s] Attempting to load system rclpy
[10.990s] Could not import system rclpy: No module named 'rclpy'
[10.990s] Attempting to load internal rclpy for ROS Distro: humble
[11.001s] rclpy loaded
[11.004s] [ext: isaacsim.ros2.nodes-1.18.13] startup
[11.038s] [ext: isaacsim.ros2.examples-1.2.4] startup
[11.043s] [ext: isaacsim.ros2.ui-1.6.5] startup
[11.256s] [ext: isaacsim.ros2.bridge-5.1.2] startup
2026-10-06T15:54:59Z [13,505ms] [Warning] [omni.timeline.plugin] Deprecated: direct use of ITimeline callbacks is deprecated. Use ITimeline::getTimeline (Python: omni.timeline.get_timeline_interface) instead.
[depth_angular_controller-1] [INFO] [1791302102.677839502] [depth_angular_controller]: OMNI_DEPTH views=4 azimuth_bins=180 elevation_bins=37 valid=1 certificates=1 short=0 held=0 local_candidates=0 yaw=6.34
[depth_angular_controller-1] [INFO] [1791302102.678343749] [depth_angular_controller]: PAPER_BUILD reason=FULL_MOTION_CERTIFICATE required=0.0000 best=0.0000 free=0 refined=0 tubes=4 revoked_tubes=0 proofs=107
[depth_angular_controller-1] [INFO] [1791302102.678351614] [depth_angular_controller]: PAPER_EVIDENCE retained=12 balls=15 revoked_balls=0 expired_views=0 evicted_views=0 radius=0.580 clearance=0.000 best_prefix=0.000
[depth_angular_controller-1] [INFO] [1791302103.638089882] [depth_angular_controller]: OMNI_DEPTH views=4 azimuth_bins=180 elevation_bins=37 valid=1 certificates=1 short=0 held=0 local_candidates=0 yaw=6.34
[depth_angular_controller-1] [INFO] [1791302103.638296571] [depth_angular_controller]: PAPER_BUILD reason=FULL_MOTION_CERTIFICATE required=0.0000 best=0.0000 free=0 refined=0 tubes=8 revoked_tubes=0 proofs=128
[depth_angular_controller-1] [INFO] [1791302103.638302592] [depth_angular_controller]: PAPER_EVIDENCE retained=16 balls=27 revoked_balls=0 expired_views=0 evicted_views=0 radius=0.580 clearance=0.000 best_prefix=0.000
[position_cmd_to_twist-2] [INFO] [1791302104.531193814] [position_cmd_to_twist]: [PERF BRIDGE] run=candidate_v15_spin_ego1p3_1 elapsed=18.80s received=295 published=295 fps(ros/wall)=60.00/61.43 controller_to_bridge_ms(mean/p50/p95/max)=0.000/0.000/0.000/0.000 bridge_process_ms(mean/p95/max)=0.090/0.121/0.312
[NAV] t=5.0s position=(-59.08,-9.39,3.07) yaw=80.5deg command=(1.80,0.21,0.00) manual_active=1 collision_blocks=0
[depth_angular_controller-1] [INFO] [1791302104.602892188] [depth_angular_controller]: OMNI_DEPTH views=4 azimuth_bins=180 elevation_bins=37 valid=1 certificates=1 short=0 held=0 local_candidates=0 yaw=6.34
[depth_angular_controller-1] [INFO] [1791302104.603159029] [depth_angular_controller]: PAPER_BUILD reason=FULL_MOTION_CERTIFICATE required=0.0000 best=0.0000 free=0 refined=0 tubes=12 revoked_tubes=0 proofs=128
[depth_angular_controller-1] [INFO] [1791302104.603166453] [depth_angular_controller]: PAPER_EVIDENCE retained=16 balls=32 revoked_balls=0 expired_views=0 evicted_views=4 radius=0.580 clearance=0.000 best_prefix=0.000
[depth_angular_controller-1] [INFO] [1791302104.731279938] [depth_angular_controller]: [PERF CTRL] run=candidate_v15_spin_ego1p3_1 elapsed=19.12s callbacks=310 commands=309 guidance=249 command_fps(ros/wall)=60.00/61.46 guidance_wall_fps=60.66 avoid_ms(mean/p50/p95/max)=0.870/0.569/3.679/4.472 cycle_ms(mean/p95/max)=16.271/20.036/79.412 depth_to_cmd_ms(mean/p95/max)=53.280/100.000/100.000 callback_to_publish_ms(mean/p95/max)=2.088/5.885/12.995
[depth_angular_controller-1] [INFO] [1791302104.731344970] [depth_angular_controller]: EVIDENCE_COST ingest(mean/p95/max)=1.288/4.949/12.940 record=0.014/0.050/0.087 ms
[depth_angular_controller-1] [INFO] [1791302104.731352605] [depth_angular_controller]: EVIDENCE_PHASE per_view_mean_ms balls=0.052 tubes=0.009 history=0.235 eviction=0.000
[depth_angular_controller-1] [INFO] [1791302105.560847174] [depth_angular_controller]: OMNI_DEPTH views=4 azimuth_bins=180 elevation_bins=37 valid=1 certificates=1 short=0 held=0 local_candidates=2 yaw=20.86
[depth_angular_controller-1] [INFO] [1791302105.561122251] [depth_angular_controller]: PAPER_BUILD reason=FULL_MOTION_CERTIFICATE required=0.0000 best=0.0000 free=0 refined=0 tubes=16 revoked_tubes=0 proofs=128
[depth_angular_controller-1] [INFO] [1791302105.561133503] [depth_angular_controller]: PAPER_EVIDENCE retained=16 balls=32 revoked_balls=0 expired_views=0 evicted_views=8 radius=0.580 clearance=0.000 best_prefix=0.000
[depth_angular_controller-1] [INFO] [1791302106.642978468] [depth_angular_controller]: OMNI_DEPTH views=4 azimuth_bins=180 elevation_bins=37 valid=1 certificates=1 short=0 held=0 local_candidates=0 yaw=6.34
[depth_angular_controller-1] [INFO] [1791302106.643200795] [depth_angular_controller]: PAPER_BUILD reason=FULL_MOTION_CERTIFICATE required=0.0000 best=0.0000 free=0 refined=0 tubes=20 revoked_tubes=0 proofs=128
[depth_angular_controller-1] [INFO] [1791302106.643207548] [depth_angular_controller]: PAPER_EVIDENCE retained=16 balls=32 revoked_balls=0 expired_views=0 evicted_views=12 radius=0.580 clearance=0.000 best_prefix=0.000
[depth_angular_controller-1] [INFO] [1791302107.681976850] [depth_angular_controller]: OMNI_DEPTH views=4 azimuth_bins=180 elevation_bins=37 valid=1 certificates=2 short=0 held=0 local_candidates=2 yaw=2.33
[depth_angular_controller-1] [INFO] [1791302107.682252949] [depth_angular_controller]: PAPER_BUILD reason=FULL_MOTION_CERTIFICATE required=0.0000 best=0.0000 free=0 refined=0 tubes=23 revoked_tubes=0 proofs=128
[depth_angular_controller-1] [INFO] [1791302107.682261014] [depth_angular_controller]: PAPER_EVIDENCE retained=16 balls=32 revoked_balls=0 expired_views=0 evicted_views=16 radius=0.580 clearance=0.000 best_prefix=0.000
[depth_angular_controller-1] [INFO] [1791302108.651510798] [depth_angular_controller]: OMNI_DEPTH views=4 azimuth_bins=180 elevation_bins=37 valid=1 certificates=1 short=0 held=0 local_candidates=2 yaw=-8.05
[depth_angular_controller-1] [INFO] [1791302108.651753584] [depth_angular_controller]: PAPER_BUILD reason=FULL_MOTION_CERTIFICATE required=0.0000 best=0.0000 free=0 refined=0 tubes=27 revoked_tubes=0 proofs=128
[depth_angular_controller-1] [INFO] [1791302108.651766639] [depth_angular_controller]: PAPER_EVIDENCE retained=16 balls=32 revoked_balls=0 expired_views=0 evicted_views=20 radius=0.580 clearance=0.000 best_prefix=0.000
[position_cmd_to_twist-2] [INFO] [1791302109.600445703] [position_cmd_to_twist]: [PERF BRIDGE] run=candidate_v15_spin_ego1p3_1 elapsed=23.88s received=594 published=594 fps(ros/wall)=59.90/60.11 controller_to_bridge_ms(mean/p50/p95/max)=0.000/0.000/0.000/0.000 bridge_process_ms(mean/p95/max)=0.089/0.113/0.821
[NAV] t=10.0s position=(-50.26,-8.50,2.66) yaw=-179.2deg command=(1.78,-0.31,0.01) manual_active=1 collision_blocks=0
[depth_angular_controller-1] [INFO] [1791302109.682175830] [depth_angular_controller]: OMNI_DEPTH views=4 azimuth_bins=180 elevation_bins=37 valid=1 certificates=1 short=0 held=0 local_candidates=2 yaw=-12.84
[depth_angular_controller-1] [INFO] [1791302109.682470724] [depth_angular_controller]: PAPER_BUILD reason=FULL_MOTION_CERTIFICATE required=0.0000 best=0.0000 free=0 refined=0 tubes=31 revoked_tubes=0 proofs=128
[depth_angular_controller-1] [INFO] [1791302109.682478027] [depth_angular_controller]: PAPER_EVIDENCE retained=16 balls=32 revoked_balls=0 expired_views=0 evicted_views=24 radius=0.580 clearance=0.000 best_prefix=0.000
[depth_angular_controller-1] [INFO] [1791302109.736567238] [depth_angular_controller]: [PERF CTRL] run=candidate_v15_spin_ego1p3_1 elapsed=24.13s callbacks=604 commands=603 guidance=543 command_fps(ros/wall)=59.90/60.10 guidance_wall_fps=59.60 avoid_ms(mean/p50/p95/max)=1.489/0.673/4.891/6.991 cycle_ms(mean/p95/max)=16.639/20.826/80.968 depth_to_cmd_ms(mean/p95/max)=49.693/83.333/100.000 callback_to_publish_ms(mean/p95/max)=3.090/7.750/12.995
[depth_angular_controller-1] [INFO] [1791302109.736639784] [depth_angular_controller]: EVIDENCE_COST ingest(mean/p95/max)=1.653/5.402/12.940 record=0.013/0.018/0.087 ms
[depth_angular_controller-1] [INFO] [1791302109.736645185] [depth_angular_controller]: EVIDENCE_PHASE per_view_mean_ms balls=0.055 tubes=0.017 history=0.317 eviction=0.001
[depth_angular_controller-1] [INFO] [1791302110.768347255] [depth_angular_controller]: OMNI_DEPTH views=4 azimuth_bins=180 elevation_bins=37 valid=1 certificates=1 short=0 held=0 local_candidates=2 yaw=-12.69
[depth_angular_controller-1] [INFO] [1791302110.768884214] [depth_angular_controller]: PAPER_BUILD reason=FULL_MOTION_CERTIFICATE required=0.0000 best=0.0000 free=0 refined=0 tubes=35 revoked_tubes=0 proofs=128
[depth_angular_controller-1] [INFO] [1791302110.768906847] [depth_angular_controller]: PAPER_EVIDENCE retained=16 balls=32 revoked_balls=0 expired_views=0 evicted_views=28 radius=0.580 clearance=0.000 best_prefix=0.000
[depth_angular_controller-1] [INFO] [1791302111.736533500] [depth_angular_controller]: OMNI_DEPTH views=4 azimuth_bins=180 elevation_bins=37 valid=1 certificates=1 short=0 held=0 local_candidates=2 yaw=-1.65
[depth_angular_controller-1] [INFO] [1791302111.736808637] [depth_angular_controller]: PAPER_BUILD reason=FULL_MOTION_CERTIFICATE required=0.0000 best=0.0000 free=0 refined=0 tubes=38 revoked_tubes=0 proofs=128
[depth_angular_controller-1] [INFO] [1791302111.736815239] [depth_angular_controller]: PAPER_EVIDENCE retained=16 balls=32 revoked_balls=0 expired_views=0 evicted_views=32 radius=0.580 clearance=0.000 best_prefix=0.000
[depth_angular_controller-1] [INFO] [1791302112.708539834] [depth_angular_controller]: OMNI_DEPTH views=4 azimuth_bins=180 elevation_bins=37 valid=1 certificates=1 short=0 held=0 local_candidates=0 yaw=6.34
[depth_angular_controller-1] [INFO] [1791302112.708937261] [depth_angular_controller]: PAPER_BUILD reason=FULL_MOTION_CERTIFICATE required=0.0000 best=0.0000 free=0 refined=0 tubes=42 revoked_tubes=0 proofs=128
[depth_angular_controller-1] [INFO] [1791302112.708947350] [depth_angular_controller]: PAPER_EVIDENCE retained=16 balls=32 revoked_balls=0 expired_views=0 evicted_views=36 radius=0.580 clearance=0.000 best_prefix=0.000
[depth_angular_controller-1] [INFO] [1791302113.726538121] [depth_angular_controller]: OMNI_DEPTH views=4 azimuth_bins=180 elevation_bins=37 valid=1 certificates=1 short=0 held=0 local_candidates=2 yaw=21.21
[depth_angular_controller-1] [INFO] [1791302113.726860597] [depth_angular_controller]: PAPER_BUILD reason=FULL_MOTION_CERTIFICATE required=0.0000 best=0.0000 free=0 refined=0 tubes=46 revoked_tubes=0 proofs=128
[depth_angular_controller-1] [INFO] [1791302113.726872910] [depth_angular_controller]: PAPER_EVIDENCE retained=16 balls=32 revoked_balls=0 expired_views=0 evicted_views=40 radius=0.580 clearance=0.000 best_prefix=0.000
[position_cmd_to_twist-2] [INFO] [1791302114.609107344] [position_cmd_to_twist]: [PERF BRIDGE] run=candidate_v15_spin_ego1p3_1 elapsed=28.89s received=894 published=894 fps(ros/wall)=59.93/60.02 controller_to_bridge_ms(mean/p50/p95/max)=0.149/0.000/0.000/16.667 bridge_process_ms(mean/p95/max)=0.089/0.113/0.821
[NAV] t=15.0s position=(-41.46,-8.51,3.11) yaw=-78.9deg command=(1.62,0.73,0.33) manual_active=1 collision_blocks=0
[depth_angular_controller-1] [INFO] [1791302114.690827843] [depth_angular_controller]: OMNI_DEPTH views=4 azimuth_bins=180 elevation_bins=37 valid=1 certificates=1 short=0 held=0 local_candidates=2 yaw=24.21
[depth_angular_controller-1] [INFO] [1791302114.692422680] [depth_angular_controller]: PAPER_BUILD reason=FULL_MOTION_CERTIFICATE required=0.0000 best=0.0000 free=0 refined=0 tubes=50 revoked_tubes=0 proofs=128
[depth_angular_controller-1] [INFO] [1791302114.692444631] [depth_angular_controller]: PAPER_EVIDENCE retained=16 balls=32 revoked_balls=0 expired_views=0 evicted_views=44 radius=0.580 clearance=0.000 best_prefix=0.000
[depth_angular_controller-1] [INFO] [1791302114.745063348] [depth_angular_controller]: [PERF CTRL] run=candidate_v15_spin_ego1p3_1 elapsed=29.14s callbacks=904 commands=903 guidance=843 command_fps(ros/wall)=59.93/60.03 guidance_wall_fps=59.71 avoid_ms(mean/p50/p95/max)=2.002/1.153/5.767/13.582 cycle_ms(mean/p95/max)=16.658/22.086/81.994 depth_to_cmd_ms(mean/p95/max)=48.853/83.333/100.000 callback_to_publish_ms(mean/p95/max)=3.887/9.912/21.948
[depth_angular_controller-1] [INFO] [1791302114.745152756] [depth_angular_controller]: EVIDENCE_COST ingest(mean/p95/max)=1.913/6.137/14.865 record=0.018/0.071/0.169 ms
[depth_angular_controller-1] [INFO] [1791302114.745158026] [depth_angular_controller]: EVIDENCE_PHASE per_view_mean_ms balls=0.062 tubes=0.055 history=0.338 eviction=0.001
[depth_angular_controller-1] [INFO] [1791302115.643875918] [depth_angular_controller]: OMNI_DEPTH views=4 azimuth_bins=180 elevation_bins=37 valid=1 certificates=1 short=0 held=0 local_candidates=2 yaw=29.65
[depth_angular_controller-1] [INFO] [1791302115.644885756] [depth_angular_controller]: PAPER_BUILD reason=FULL_MOTION_CERTIFICATE required=0.0000 best=0.0000 free=0 refined=0 tubes=53 revoked_tubes=0 proofs=128
[depth_angular_controller-1] [INFO] [1791302115.644905333] [depth_angular_controller]: PAPER_EVIDENCE retained=16 balls=32 revoked_balls=0 expired_views=0 evicted_views=48 radius=0.580 clearance=0.000 best_prefix=0.000
[depth_angular_controller-1] [INFO] [1791302116.675780079] [depth_angular_controller]: OMNI_DEPTH views=4 azimuth_bins=180 elevation_bins=37 valid=1 certificates=2 short=0 held=0 local_candidates=2 yaw=15.96
[depth_angular_controller-1] [INFO] [1791302116.676795357] [depth_angular_controller]: PAPER_BUILD reason=FULL_MOTION_CERTIFICATE required=0.0000 best=0.0000 free=0 refined=0 tubes=57 revoked_tubes=0 proofs=128
[depth_angular_controller-1] [INFO] [1791302116.676822147] [depth_angular_controller]: PAPER_EVIDENCE retained=16 balls=32 revoked_balls=0 expired_views=0 evicted_views=52 radius=0.580 clearance=0.000 best_prefix=0.000
[depth_angular_controller-1] [INFO] [1791302117.697461638] [depth_angular_controller]: OMNI_DEPTH views=4 azimuth_bins=180 elevation_bins=37 valid=1 certificates=1 short=0 held=0 local_candidates=2 yaw=-24.24
[depth_angular_controller-1] [INFO] [1791302117.697774666] [depth_angular_controller]: PAPER_BUILD reason=FULL_MOTION_CERTIFICATE required=0.0000 best=0.0000 free=0 refined=0 tubes=61 revoked_tubes=0 proofs=128
[depth_angular_controller-1] [INFO] [1791302117.697782060] [depth_angular_controller]: PAPER_EVIDENCE retained=16 balls=32 revoked_balls=0 expired_views=0 evicted_views=56 radius=0.580 clearance=0.000 best_prefix=0.000
[depth_angular_controller-1] [INFO] [1791302118.783275241] [depth_angular_controller]: OMNI_DEPTH views=4 azimuth_bins=180 elevation_bins=37 valid=1 certificates=1 short=0 held=0 local_candidates=2 yaw=-30.87
[depth_angular_controller-1] [INFO] [1791302118.783591585] [depth_angular_controller]: PAPER_BUILD reason=FULL_MOTION_CERTIFICATE required=0.0000 best=0.0000 free=0 refined=0 tubes=65 revoked_tubes=0 proofs=128
[depth_angular_controller-1] [INFO] [1791302118.783598929] [depth_angular_controller]: PAPER_EVIDENCE retained=16 balls=32 revoked_balls=0 expired_views=0 evicted_views=60 radius=0.580 clearance=0.000 best_prefix=0.000
[position_cmd_to_twist-2] [INFO] [1791302119.730698395] [position_cmd_to_twist]: [PERF BRIDGE] run=candidate_v15_spin_ego1p3_1 elapsed=34.01s received=1194 published=1194 fps(ros/wall)=59.95/59.66 controller_to_bridge_ms(mean/p50/p95/max)=0.112/0.000/0.000/16.667 bridge_process_ms(mean/p95/max)=0.088/0.113/0.821
[depth_angular_controller-1] [INFO] [1791302119.749201188] [depth_angular_controller]: [PERF CTRL] run=candidate_v15_spin_ego1p3_1 elapsed=34.14s callbacks=1197 commands=1196 guidance=1136 command_fps(ros/wall)=59.95/59.66 guidance_wall_fps=59.40 avoid_ms(mean/p50/p95/max)=1.914/1.166/5.095/13.582 cycle_ms(mean/p95/max)=16.761/22.079/81.994 depth_to_cmd_ms(mean/p95/max)=50.367/83.333/100.000 callback_to_publish_ms(mean/p95/max)=3.784/9.026/21.948
[depth_angular_controller-1] [INFO] [1791302119.749326874] [depth_angular_controller]: EVIDENCE_COST ingest(mean/p95/max)=1.860/6.073/14.865 record=0.018/0.058/0.169 ms
[depth_angular_controller-1] [INFO] [1791302119.749334498] [depth_angular_controller]: EVIDENCE_PHASE per_view_mean_ms balls=0.059 tubes=0.047 history=0.334 eviction=0.001
[NAV] t=20.0s position=(-33.22,-8.54,4.10) yaw=21.4deg command=(1.62,-0.81,-0.02) manual_active=1 collision_blocks=0
[depth_angular_controller-1] [INFO] [1791302119.815399034] [depth_angular_controller]: OMNI_DEPTH views=4 azimuth_bins=180 elevation_bins=37 valid=1 certificates=1 short=0 held=0 local_candidates=2 yaw=-19.28
[depth_angular_controller-1] [INFO] [1791302119.815695531] [depth_angular_controller]: PAPER_BUILD reason=FULL_MOTION_CERTIFICATE required=0.0000 best=0.0000 free=0 refined=0 tubes=69 revoked_tubes=0 proofs=128
[depth_angular_controller-1] [INFO] [1791302119.815703847] [depth_angular_controller]: PAPER_EVIDENCE retained=16 balls=32 revoked_balls=0 expired_views=0 evicted_views=64 radius=0.580 clearance=0.000 best_prefix=0.000
[depth_angular_controller-1] [INFO] [1791302120.858995178] [depth_angular_controller]: OMNI_DEPTH views=4 azimuth_bins=180 elevation_bins=37 valid=1 certificates=1 short=0 held=0 local_candidates=1 yaw=-6.31
[depth_angular_controller-1] [INFO] [1791302120.859293869] [depth_angular_controller]: PAPER_BUILD reason=FULL_MOTION_CERTIFICATE required=0.0000 best=0.0000 free=0 refined=0 tubes=73 revoked_tubes=0 proofs=128
[depth_angular_controller-1] [INFO] [1791302120.859301203] [depth_angular_controller]: PAPER_EVIDENCE retained=16 balls=32 revoked_balls=0 expired_views=0 evicted_views=68 radius=0.580 clearance=0.000 best_prefix=0.000
[depth_angular_controller-1] [INFO] [1791302121.828821214] [depth_angular_controller]: OMNI_DEPTH views=4 azimuth_bins=180 elevation_bins=37 valid=1 certificates=1 short=0 held=0 local_candidates=0 yaw=6.34
[depth_angular_controller-1] [INFO] [1791302121.831086732] [depth_angular_controller]: PAPER_BUILD reason=FULL_MOTION_CERTIFICATE required=0.0000 best=0.0000 free=0 refined=0 tubes=77 revoked_tubes=0 proofs=128
[depth_angular_controller-1] [INFO] [1791302121.831106980] [depth_angular_controller]: PAPER_EVIDENCE retained=16 balls=32 revoked_balls=0 expired_views=0 evicted_views=72 radius=0.580 clearance=0.000 best_prefix=0.000
[depth_angular_controller-1] [INFO] [1791302122.865121536] [depth_angular_controller]: OMNI_DEPTH views=4 azimuth_bins=180 elevation_bins=37 valid=1 certificates=2 short=0 held=0 local_candidates=1 yaw=6.71
[depth_angular_controller-1] [INFO] [1791302122.865336971] [depth_angular_controller]: PAPER_BUILD reason=FULL_MOTION_CERTIFICATE required=0.0000 best=0.0000 free=0 refined=0 tubes=80 revoked_tubes=0 proofs=128
[depth_angular_controller-1] [INFO] [1791302122.865342542] [depth_angular_controller]: PAPER_EVIDENCE retained=16 balls=32 revoked_balls=0 expired_views=0 evicted_views=76 radius=0.580 clearance=0.000 best_prefix=0.000
[depth_angular_controller-1] [INFO] [1791302123.942973006] [depth_angular_controller]: OMNI_DEPTH views=4 azimuth_bins=180 elevation_bins=37 valid=1 certificates=2 short=0 held=0 local_candidates=2 yaw=6.90
[depth_angular_controller-1] [INFO] [1791302123.943268291] [depth_angular_controller]: PAPER_BUILD reason=FULL_MOTION_CERTIFICATE required=0.0000 best=0.0000 free=0 refined=0 tubes=84 revoked_tubes=0 proofs=128
[depth_angular_controller-1] [INFO] [1791302123.943274042] [depth_angular_controller]: PAPER_EVIDENCE retained=16 balls=32 revoked_balls=0 expired_views=0 evicted_views=80 radius=0.580 clearance=0.000 best_prefix=0.000
[depth_angular_controller-1] [INFO] [1791302124.750008037] [depth_angular_controller]: [PERF CTRL] run=candidate_v15_spin_ego1p3_1 elapsed=39.14s callbacks=1465 commands=1464 guidance=1404 command_fps(ros/wall)=59.07/58.45 guidance_wall_fps=58.20 avoid_ms(mean/p50/p95/max)=2.955/1.458/8.746/58.892 cycle_ms(mean/p95/max)=17.109/23.991/81.994 depth_to_cmd_ms(mean/p95/max)=51.876/100.000/100.000 callback_to_publish_ms(mean/p95/max)=4.934/13.006/75.421
[depth_angular_controller-1] [INFO] [1791302124.750152729] [depth_angular_controller]: EVIDENCE_COST ingest(mean/p95/max)=1.973/6.816/17.201 record=0.040/0.195/1.493 ms
[depth_angular_controller-1] [INFO] [1791302124.750160163] [depth_angular_controller]: EVIDENCE_PHASE per_view_mean_ms balls=0.064 tubes=0.065 history=0.339 eviction=0.001
[position_cmd_to_twist-2] [INFO] [1791302124.887636484] [position_cmd_to_twist]: [PERF BRIDGE] run=candidate_v15_spin_ego1p3_1 elapsed=39.17s received=1472 published=1472 fps(ros/wall)=59.08/58.48 controller_to_bridge_ms(mean/p50/p95/max)=0.861/0.000/0.000/83.333 bridge_process_ms(mean/p95/max)=0.087/0.112/0.821
[NAV] t=25.0s position=(-24.41,-8.80,3.78) yaw=121.6deg command=(1.74,0.35,-0.20) manual_active=1 collision_blocks=0
[depth_angular_controller-1] [INFO] [1791302124.968972690] [depth_angular_controller]: OMNI_DEPTH views=4 azimuth_bins=180 elevation_bins=37 valid=1 certificates=1 short=0 held=0 local_candidates=2 yaw=25.35
[depth_angular_controller-1] [INFO] [1791302124.969315114] [depth_angular_controller]: PAPER_BUILD reason=FULL_MOTION_CERTIFICATE required=0.0000 best=0.0000 free=0 refined=0 tubes=88 revoked_tubes=0 proofs=128
[depth_angular_controller-1] [INFO] [1791302124.969323139] [depth_angular_controller]: PAPER_EVIDENCE retained=16 balls=32 revoked_balls=0 expired_views=0 evicted_views=84 radius=0.580 clearance=0.000 best_prefix=0.000
[depth_angular_controller-1] [INFO] [1791302126.063104336] [depth_angular_controller]: OMNI_DEPTH views=4 azimuth_bins=180 elevation_bins=37 valid=1 certificates=1 short=0 held=0 local_candidates=2 yaw=42.33
[depth_angular_controller-1] [INFO] [1791302126.063365988] [depth_angular_controller]: PAPER_BUILD reason=FULL_MOTION_CERTIFICATE required=0.0000 best=0.0000 free=0 refined=0 tubes=92 revoked_tubes=0 proofs=128
[depth_angular_controller-1] [INFO] [1791302126.063372740] [depth_angular_controller]: PAPER_EVIDENCE retained=16 balls=32 revoked_balls=0 expired_views=0 evicted_views=88 radius=0.580 clearance=0.000 best_prefix=0.000
[depth_angular_controller-1] [INFO] [1791302127.164076346] [depth_angular_controller]: OMNI_DEPTH views=4 azimuth_bins=180 elevation_bins=37 valid=1 certificates=1 short=0 held=0 local_candidates=2 yaw=3.26
[depth_angular_controller-1] [INFO] [1791302127.164482891] [depth_angular_controller]: PAPER_BUILD reason=FULL_MOTION_CERTIFICATE required=0.0000 best=0.0000 free=0 refined=0 tubes=96 revoked_tubes=0 proofs=128
[depth_angular_controller-1] [INFO] [1791302127.164497809] [depth_angular_controller]: PAPER_EVIDENCE retained=16 balls=32 revoked_balls=0 expired_views=0 evicted_views=92 radius=0.580 clearance=0.000 best_prefix=0.000
[depth_angular_controller-1] [INFO] [1791302128.183367854] [depth_angular_controller]: OMNI_DEPTH views=4 azimuth_bins=180 elevation_bins=37 valid=1 certificates=1 short=0 held=0 local_candidates=2 yaw=46.82
[depth_angular_controller-1] [INFO] [1791302128.183668068] [depth_angular_controller]: PAPER_BUILD reason=FULL_MOTION_CERTIFICATE required=0.0000 best=0.0000 free=0 refined=0 tubes=100 revoked_tubes=0 proofs=128
[depth_angular_controller-1] [INFO] [1791302128.183676444] [depth_angular_controller]: PAPER_EVIDENCE retained=16 balls=32 revoked_balls=0 expired_views=0 evicted_views=96 radius=0.580 clearance=0.000 best_prefix=0.000
[depth_angular_controller-1] [INFO] [1791302129.265648948] [depth_angular_controller]: ZERO_INTENT
[depth_angular_controller-1] [INFO] [1791302129.752380449] [depth_angular_controller]: [PERF CTRL] run=candidate_v15_spin_ego1p3_1 elapsed=44.14s callbacks=1749 commands=1748 guidance=1657 command_fps(ros/wall)=59.22/58.17 guidance_wall_fps=57.88 avoid_ms(mean/p50/p95/max)=3.118/1.769/8.815/58.892 cycle_ms(mean/p95/max)=17.191/23.962/84.629 depth_to_cmd_ms(mean/p95/max)=52.857/100.000/100.000 callback_to_publish_ms(mean/p95/max)=5.045/12.856/75.421
[depth_angular_controller-1] [INFO] [1791302129.752543405] [depth_angular_controller]: EVIDENCE_COST ingest(mean/p95/max)=1.967/7.340/17.201 record=0.036/0.167/1.493 ms
[depth_angular_controller-1] [INFO] [1791302129.752555168] [depth_angular_controller]: EVIDENCE_PHASE per_view_mean_ms balls=0.064 tubes=0.061 history=0.343 eviction=0.001
[position_cmd_to_twist-2] [INFO] [1791302130.152980161] [position_cmd_to_twist]: [PERF BRIDGE] run=candidate_v15_spin_ego1p3_1 elapsed=44.43s received=1772 published=1772 fps(ros/wall)=59.23/58.22 controller_to_bridge_ms(mean/p50/p95/max)=0.771/0.000/0.000/83.333 bridge_process_ms(mean/p95/max)=0.087/0.111/0.938
[NAV] t=30.0s position=(-18.23,-5.77,2.73) yaw=-138.1deg command=(0.00,0.00,0.00) manual_active=1 collision_blocks=0
[depth_angular_controller-1] [INFO] [1791302133.443156852] [depth_angular_controller]: OMNI_DEPTH views=4 azimuth_bins=180 elevation_bins=37 valid=1 certificates=1 short=0 held=0 local_candidates=1 yaw=-157.17
[depth_angular_controller-1] [INFO] [1791302133.443267881] [depth_angular_controller]: DEPTH_PROPOSAL_CERTIFIED
[depth_angular_controller-1] [INFO] [1791302133.443275515] [depth_angular_controller]: PAPER_BUILD reason=FULL_MOTION_CERTIFICATE required=0.0000 best=0.0000 free=0 refined=0 tubes=104 revoked_tubes=0 proofs=128
[depth_angular_controller-1] [INFO] [1791302133.443281376] [depth_angular_controller]: PAPER_EVIDENCE retained=16 balls=32 revoked_balls=0 expired_views=0 evicted_views=116 radius=0.580 clearance=0.000 best_prefix=0.000
[depth_angular_controller-1] [INFO] [1791302134.534241702] [depth_angular_controller]: OMNI_DEPTH views=4 azimuth_bins=180 elevation_bins=37 valid=1 certificates=1 short=0 held=0 local_candidates=2 yaw=-149.44
[depth_angular_controller-1] [INFO] [1791302134.534475401] [depth_angular_controller]: PAPER_BUILD reason=FULL_MOTION_CERTIFICATE required=0.0000 best=0.0000 free=0 refined=0 tubes=105 revoked_tubes=0 proofs=128
[depth_angular_controller-1] [INFO] [1791302134.534485740] [depth_angular_controller]: PAPER_EVIDENCE retained=16 balls=32 revoked_balls=0 expired_views=0 evicted_views=120 radius=0.580 clearance=0.000 best_prefix=0.000
[depth_angular_controller-1] [INFO] [1791302134.758752017] [depth_angular_controller]: [PERF CTRL] run=candidate_v15_spin_ego1p3_1 elapsed=49.15s callbacks=2033 commands=2032 guidance=1732 command_fps(ros/wall)=59.33/57.96 guidance_wall_fps=50.74 avoid_ms(mean/p50/p95/max)=3.042/1.542/8.781/58.892 cycle_ms(mean/p95/max)=17.252/24.102/84.629 depth_to_cmd_ms(mean/p95/max)=52.646/100.000/100.000 callback_to_publish_ms(mean/p95/max)=4.713/12.175/75.421
[depth_angular_controller-1] [INFO] [1791302134.758944458] [depth_angular_controller]: EVIDENCE_COST ingest(mean/p95/max)=2.005/7.560/17.201 record=0.032/0.118/1.493 ms
[depth_angular_controller-1] [INFO] [1791302134.758951622] [depth_angular_controller]: EVIDENCE_PHASE per_view_mean_ms balls=0.063 tubes=0.056 history=0.358 eviction=0.001
[position_cmd_to_twist-2] [INFO] [1791302135.415689718] [position_cmd_to_twist]: [PERF BRIDGE] run=candidate_v15_spin_ego1p3_1 elapsed=49.70s received=2072 published=2072 fps(ros/wall)=59.34/58.05 controller_to_bridge_ms(mean/p50/p95/max)=0.668/0.000/0.000/83.333 bridge_process_ms(mean/p95/max)=0.087/0.111/0.938
[NAV] t=35.0s position=(-19.85,-6.59,2.70) yaw=-118.7deg command=(-1.65,-0.65,0.04) manual_active=1 collision_blocks=0
[depth_angular_controller-1] [INFO] [1791302135.557846234] [depth_angular_controller]: OMNI_DEPTH views=4 azimuth_bins=180 elevation_bins=37 valid=1 certificates=1 short=0 held=0 local_candidates=2 yaw=-164.10
[depth_angular_controller-1] [INFO] [1791302135.558401618] [depth_angular_controller]: PAPER_BUILD reason=FULL_MOTION_CERTIFICATE required=0.0000 best=0.0000 free=0 refined=0 tubes=108 revoked_tubes=0 proofs=128
[depth_angular_controller-1] [INFO] [1791302135.558413060] [depth_angular_controller]: PAPER_EVIDENCE retained=16 balls=32 revoked_balls=0 expired_views=0 evicted_views=124 radius=0.580 clearance=0.000 best_prefix=0.000
[depth_angular_controller-1] [INFO] [1791302136.589836487] [depth_angular_controller]: OMNI_DEPTH views=4 azimuth_bins=180 elevation_bins=37 valid=1 certificates=1 short=0 held=0 local_candidates=2 yaw=-166.12
[depth_angular_controller-1] [INFO] [1791302136.590063984] [depth_angular_controller]: PAPER_BUILD reason=FULL_MOTION_CERTIFICATE required=0.0000 best=0.0000 free=0 refined=0 tubes=112 revoked_tubes=0 proofs=128
[depth_angular_controller-1] [INFO] [1791302136.590070777] [depth_angular_controller]: PAPER_EVIDENCE retained=16 balls=32 revoked_balls=0 expired_views=0 evicted_views=128 radius=0.580 clearance=0.000 best_prefix=0.000
[depth_angular_controller-1] [INFO] [1791302137.753547934] [depth_angular_controller]: OMNI_DEPTH views=4 azimuth_bins=180 elevation_bins=37 valid=1 certificates=1 short=0 held=0 local_candidates=2 yaw=-152.99
[depth_angular_controller-1] [INFO] [1791302137.753821990] [depth_angular_controller]: PAPER_BUILD reason=FULL_MOTION_CERTIFICATE required=0.0000 best=0.0000 free=0 refined=0 tubes=116 revoked_tubes=0 proofs=128
[depth_angular_controller-1] [INFO] [1791302137.753830105] [depth_angular_controller]: PAPER_EVIDENCE retained=16 balls=32 revoked_balls=0 expired_views=0 evicted_views=132 radius=0.580 clearance=0.000 best_prefix=0.000
[depth_angular_controller-1] [INFO] [1791302138.981328278] [depth_angular_controller]: OMNI_DEPTH views=4 azimuth_bins=180 elevation_bins=37 valid=1 certificates=1 short=0 held=0 local_candidates=2 yaw=-151.93
[depth_angular_controller-1] [INFO] [1791302138.981587004] [depth_angular_controller]: PAPER_BUILD reason=FULL_MOTION_CERTIFICATE required=0.0000 best=0.0000 free=0 refined=0 tubes=120 revoked_tubes=0 proofs=128
[depth_angular_controller-1] [INFO] [1791302138.981593416] [depth_angular_controller]: PAPER_EVIDENCE retained=16 balls=32 revoked_balls=0 expired_views=0 evicted_views=136 radius=0.580 clearance=0.000 best_prefix=0.000
[depth_angular_controller-1] [INFO] [1791302139.767693273] [depth_angular_controller]: [PERF CTRL] run=candidate_v15_spin_ego1p3_1 elapsed=54.16s callbacks=2304 commands=2303 guidance=2003 command_fps(ros/wall)=59.41/57.48 guidance_wall_fps=51.17 avoid_ms(mean/p50/p95/max)=3.016/1.651/8.536/58.892 cycle_ms(mean/p95/max)=17.397/24.104/84.629 depth_to_cmd_ms(mean/p95/max)=51.955/100.000/100.000 callback_to_publish_ms(mean/p95/max)=4.775/11.988/75.421
[depth_angular_controller-1] [INFO] [1791302139.767878632] [depth_angular_controller]: EVIDENCE_COST ingest(mean/p95/max)=2.038/7.602/17.201 record=0.030/0.094/1.493 ms
[depth_angular_controller-1] [INFO] [1791302139.767883982] [depth_angular_controller]: EVIDENCE_PHASE per_view_mean_ms balls=0.063 tubes=0.055 history=0.366 eviction=0.001
[depth_angular_controller-1] [INFO] [1791302140.068261004] [depth_angular_controller]: OMNI_DEPTH views=4 azimuth_bins=180 elevation_bins=37 valid=1 certificates=1 short=0 held=0 local_candidates=0 yaw=-173.66
[depth_angular_controller-1] [INFO] [1791302140.068551229] [depth_angular_controller]: PAPER_BUILD reason=FULL_MOTION_CERTIFICATE required=0.0000 best=0.0000 free=0 refined=0 tubes=123 revoked_tubes=0 proofs=128
[depth_angular_controller-1] [INFO] [1791302140.068560848] [depth_angular_controller]: PAPER_EVIDENCE retained=16 balls=32 revoked_balls=0 expired_views=0 evicted_views=140 radius=0.580 clearance=0.000 best_prefix=0.000
[position_cmd_to_twist-2] [INFO] [1791302141.134470084] [position_cmd_to_twist]: [PERF BRIDGE] run=candidate_v15_spin_ego1p3_1 elapsed=55.42s received=2372 published=2372 fps(ros/wall)=59.42/57.27 controller_to_bridge_ms(mean/p50/p95/max)=0.590/0.000/0.000/83.333 bridge_process_ms(mean/p95/max)=0.086/0.109/0.938
[NAV] t=40.0s position=(-28.32,-9.42,3.03) yaw=141.0deg command=(-1.80,-0.20,-0.00) manual_active=1 collision_blocks=0
[depth_angular_controller-1] [INFO] [1791302141.224285085] [depth_angular_controller]: OMNI_DEPTH views=4 azimuth_bins=180 elevation_bins=37 valid=1 certificates=1 short=0 held=0 local_candidates=2 yaw=-174.03
[depth_angular_controller-1] [INFO] [1791302141.224524645] [depth_angular_controller]: PAPER_BUILD reason=FULL_MOTION_CERTIFICATE required=0.0000 best=0.0000 free=0 refined=0 tubes=127 revoked_tubes=0 proofs=128
[depth_angular_controller-1] [INFO] [1791302141.224529965] [depth_angular_controller]: PAPER_EVIDENCE retained=16 balls=32 revoked_balls=0 expired_views=0 evicted_views=144 radius=0.580 clearance=0.000 best_prefix=0.000
[depth_angular_controller-1] [INFO] [1791302142.317627978] [depth_angular_controller]: OMNI_DEPTH views=4 azimuth_bins=180 elevation_bins=37 valid=1 certificates=1 short=0 held=0 local_candidates=2 yaw=-157.67
[depth_angular_controller-1] [INFO] [1791302142.318146052] [depth_angular_controller]: PAPER_BUILD reason=FULL_MOTION_CERTIFICATE required=0.0000 best=0.0000 free=0 refined=0 tubes=131 revoked_tubes=0 proofs=128
[depth_angular_controller-1] [INFO] [1791302142.318158355] [depth_angular_controller]: PAPER_EVIDENCE retained=16 balls=32 revoked_balls=0 expired_views=0 evicted_views=148 radius=0.580 clearance=0.000 best_prefix=0.000
[depth_angular_controller-1] [INFO] [1791302143.325855342] [depth_angular_controller]: OMNI_DEPTH views=4 azimuth_bins=180 elevation_bins=37 valid=1 certificates=1 short=0 held=0 local_candidates=0 yaw=-173.66
[depth_angular_controller-1] [INFO] [1791302143.326164714] [depth_angular_controller]: PAPER_BUILD reason=FULL_MOTION_CERTIFICATE required=0.0000 best=0.0000 free=0 refined=0 tubes=135 revoked_tubes=0 proofs=128
[depth_angular_controller-1] [INFO] [1791302143.326171557] [depth_angular_controller]: PAPER_EVIDENCE retained=16 balls=32 revoked_balls=0 expired_views=0 evicted_views=152 radius=0.580 clearance=0.000 best_prefix=0.000
[depth_angular_controller-1] [INFO] [1791302144.349519698] [depth_angular_controller]: OMNI_DEPTH views=4 azimuth_bins=180 elevation_bins=37 valid=1 certificates=1 short=0 held=0 local_candidates=0 yaw=-173.66
[depth_angular_controller-1] [INFO] [1791302144.349866259] [depth_angular_controller]: PAPER_BUILD reason=FULL_MOTION_CERTIFICATE required=0.0000 best=0.0000 free=0 refined=0 tubes=138 revoked_tubes=0 proofs=128
[depth_angular_controller-1] [INFO] [1791302144.349873483] [depth_angular_controller]: PAPER_EVIDENCE retained=16 balls=32 revoked_balls=0 expired_views=0 evicted_views=156 radius=0.580 clearance=0.000 best_prefix=0.000
[depth_angular_controller-1] [INFO] [1791302144.770424329] [depth_angular_controller]: [PERF CTRL] run=candidate_v15_spin_ego1p3_1 elapsed=59.16s callbacks=2585 commands=2584 guidance=2284 command_fps(ros/wall)=59.47/57.34 guidance_wall_fps=51.74 avoid_ms(mean/p50/p95/max)=2.860/1.425/8.317/58.892 cycle_ms(mean/p95/max)=17.441/23.991/84.629 depth_to_cmd_ms(mean/p95/max)=50.234/100.000/100.000 callback_to_publish_ms(mean/p95/max)=4.727/11.863/75.421
[depth_angular_controller-1] [INFO] [1791302144.770667216] [depth_angular_controller]: EVIDENCE_COST ingest(mean/p95/max)=2.088/7.499/17.201 record=0.029/0.078/1.493 ms
[depth_angular_controller-1] [INFO] [1791302144.770675461] [depth_angular_controller]: EVIDENCE_PHASE per_view_mean_ms balls=0.064 tubes=0.064 history=0.369 eviction=0.001
[depth_angular_controller-1] [INFO] [1791302145.384588075] [depth_angular_controller]: OMNI_DEPTH views=4 azimuth_bins=180 elevation_bins=37 valid=1 certificates=1 short=0 held=0 local_candidates=0 yaw=-173.66
[depth_angular_controller-1] [INFO] [1791302145.384917324] [depth_angular_controller]: PAPER_BUILD reason=FULL_MOTION_CERTIFICATE required=0.0000 best=0.0000 free=0 refined=0 tubes=142 revoked_tubes=0 proofs=128
[depth_angular_controller-1] [INFO] [1791302145.384930047] [depth_angular_controller]: PAPER_EVIDENCE retained=16 balls=32 revoked_balls=0 expired_views=0 evicted_views=160 radius=0.580 clearance=0.000 best_prefix=0.000
[position_cmd_to_twist-2] [INFO] [1791302146.342780989] [position_cmd_to_twist]: [PERF BRIDGE] run=candidate_v15_spin_ego1p3_1 elapsed=60.62s received=2672 published=2672 fps(ros/wall)=59.49/57.31 controller_to_bridge_ms(mean/p50/p95/max)=0.530/0.000/0.000/83.333 bridge_process_ms(mean/p95/max)=0.086/0.109/0.938
[NAV] t=45.0s position=(-37.20,-10.82,2.82) yaw=40.7deg command=(-1.80,-0.19,-0.00) manual_active=1 collision_blocks=0
[depth_angular_controller-1] [INFO] [1791302146.423243483] [depth_angular_controller]: OMNI_DEPTH views=4 azimuth_bins=180 elevation_bins=37 valid=1 certificates=1 short=0 held=0 local_candidates=0 yaw=-173.66
[depth_angular_controller-1] [INFO] [1791302146.423556351] [depth_angular_controller]: PAPER_BUILD reason=FULL_MOTION_CERTIFICATE required=0.0000 best=0.0000 free=0 refined=0 tubes=146 revoked_tubes=0 proofs=128
[depth_angular_controller-1] [INFO] [1791302146.423562272] [depth_angular_controller]: PAPER_EVIDENCE retained=16 balls=32 revoked_balls=0 expired_views=0 evicted_views=164 radius=0.580 clearance=0.000 best_prefix=0.000
[depth_angular_controller-1] [INFO] [1791302147.385729605] [depth_angular_controller]: OMNI_DEPTH views=4 azimuth_bins=180 elevation_bins=37 valid=1 certificates=1 short=0 held=0 local_candidates=2 yaw=-163.69
[depth_angular_controller-1] [INFO] [1791302147.386069765] [depth_angular_controller]: PAPER_BUILD reason=FULL_MOTION_CERTIFICATE required=0.0000 best=0.0000 free=0 refined=0 tubes=150 revoked_tubes=0 proofs=128
[depth_angular_controller-1] [INFO] [1791302147.386076988] [depth_angular_controller]: PAPER_EVIDENCE retained=16 balls=32 revoked_balls=0 expired_views=0 evicted_views=168 radius=0.580 clearance=0.000 best_prefix=0.000
[depth_angular_controller-1] [INFO] [1791302148.409868112] [depth_angular_controller]: OMNI_DEPTH views=4 azimuth_bins=180 elevation_bins=37 valid=1 certificates=1 short=0 held=0 local_candidates=2 yaw=-166.42
[depth_angular_controller-1] [INFO] [1791302148.411108363] [depth_angular_controller]: PAPER_BUILD reason=FULL_MOTION_CERTIFICATE required=0.0000 best=0.0000 free=0 refined=0 tubes=153 revoked_tubes=0 proofs=128
[depth_angular_controller-1] [INFO] [1791302148.411120335] [depth_angular_controller]: PAPER_EVIDENCE retained=16 balls=32 revoked_balls=0 expired_views=0 evicted_views=172 radius=0.580 clearance=0.000 best_prefix=0.000
[depth_angular_controller-1] [INFO] [1791302149.393258891] [depth_angular_controller]: OMNI_DEPTH views=4 azimuth_bins=180 elevation_bins=37 valid=1 certificates=1 short=0 held=0 local_candidates=2 yaw=-163.25
[depth_angular_controller-1] [INFO] [1791302149.393577580] [depth_angular_controller]: PAPER_BUILD reason=FULL_MOTION_CERTIFICATE required=0.0000 best=0.0000 free=0 refined=0 tubes=157 revoked_tubes=0 proofs=128
[depth_angular_controller-1] [INFO] [1791302149.393585454] [depth_angular_controller]: PAPER_EVIDENCE retained=16 balls=32 revoked_balls=0 expired_views=0 evicted_views=176 radius=0.580 clearance=0.000 best_prefix=0.000
[depth_angular_controller-1] [INFO] [1791302149.781777949] [depth_angular_controller]: [PERF CTRL] run=candidate_v15_spin_ego1p3_1 elapsed=64.17s callbacks=2879 commands=2878 guidance=2578 command_fps(ros/wall)=59.52/57.47 guidance_wall_fps=52.44 avoid_ms(mean/p50/p95/max)=2.625/1.192/8.095/58.892 cycle_ms(mean/p95/max)=17.401/23.744/84.629 depth_to_cmd_ms(mean/p95/max)=48.642/100.000/100.000 callback_to_publish_ms(mean/p95/max)=4.532/11.399/75.421
[depth_angular_controller-1] [INFO] [1791302149.782033139] [depth_angular_controller]: EVIDENCE_COST ingest(mean/p95/max)=2.069/7.249/17.201 record=0.027/0.068/1.493 ms
[depth_angular_controller-1] [INFO] [1791302149.782041004] [depth_angular_controller]: EVIDENCE_PHASE per_view_mean_ms balls=0.062 tubes=0.062 history=0.367 eviction=0.001
[depth_angular_controller-1] [INFO] [1791302150.432483048] [depth_angular_controller]: OMNI_DEPTH views=4 azimuth_bins=180 elevation_bins=37 valid=1 certificates=1 short=0 held=0 local_candidates=0 yaw=-173.66
[depth_angular_controller-1] [INFO] [1791302150.433659429] [depth_angular_controller]: PAPER_BUILD reason=FULL_MOTION_CERTIFICATE required=0.0000 best=0.0000 free=0 refined=0 tubes=161 revoked_tubes=0 proofs=128
[depth_angular_controller-1] [INFO] [1791302150.433688293] [depth_angular_controller]: PAPER_EVIDENCE retained=16 balls=32 revoked_balls=0 expired_views=0 evicted_views=180 radius=0.580 clearance=0.000 best_prefix=0.000
[position_cmd_to_twist-2] [INFO] [1791302151.500653153] [position_cmd_to_twist]: [PERF BRIDGE] run=candidate_v15_spin_ego1p3_1 elapsed=65.78s received=2972 published=2972 fps(ros/wall)=59.54/57.46 controller_to_bridge_ms(mean/p50/p95/max)=0.477/0.000/0.000/83.333 bridge_process_ms(mean/p95/max)=0.087/0.111/0.938
[NAV] t=50.0s position=(-45.98,-12.39,3.86) yaw=-59.5deg command=(-1.79,-0.13,0.13) manual_active=1 collision_blocks=0
[depth_angular_controller-1] [INFO] [1791302151.582752113] [depth_angular_controller]: OMNI_DEPTH views=4 azimuth_bins=180 elevation_bins=37 valid=1 certificates=1 short=0 held=0 local_candidates=2 yaw=176.44
[depth_angular_controller-1] [INFO] [1791302151.583087173] [depth_angular_controller]: PAPER_BUILD reason=FULL_MOTION_CERTIFICATE required=0.0000 best=0.0000 free=0 refined=0 tubes=165 revoked_tubes=0 proofs=128
[depth_angular_controller-1] [INFO] [1791302151.583094747] [depth_angular_controller]: PAPER_EVIDENCE retained=16 balls=32 revoked_balls=0 expired_views=0 evicted_views=184 radius=0.580 clearance=0.000 best_prefix=0.000
[depth_angular_controller-1] [INFO] [1791302152.630887527] [depth_angular_controller]: OMNI_DEPTH views=4 azimuth_bins=180 elevation_bins=37 valid=1 certificates=1 short=0 held=0 local_candidates=2 yaw=174.09
[depth_angular_controller-1] [INFO] [1791302152.631631545] [depth_angular_controller]: PAPER_BUILD reason=FULL_MOTION_CERTIFICATE required=0.0000 best=0.0000 free=0 refined=0 tubes=168 revoked_tubes=0 proofs=128
[depth_angular_controller-1] [INFO] [1791302152.631648127] [depth_angular_controller]: PAPER_EVIDENCE retained=16 balls=32 revoked_balls=0 expired_views=0 evicted_views=188 radius=0.580 clearance=0.000 best_prefix=0.000
[depth_angular_controller-1] [INFO] [1791302153.675624144] [depth_angular_controller]: OMNI_DEPTH views=4 azimuth_bins=180 elevation_bins=37 valid=1 certificates=1 short=0 held=0 local_candidates=0 yaw=-173.66
[depth_angular_controller-1] [INFO] [1791302153.675993608] [depth_angular_controller]: PAPER_BUILD reason=FULL_MOTION_CERTIFICATE required=0.0000 best=0.0000 free=0 refined=0 tubes=172 revoked_tubes=0 proofs=128
[depth_angular_controller-1] [INFO] [1791302153.676005811] [depth_angular_controller]: PAPER_EVIDENCE retained=16 balls=32 revoked_balls=0 expired_views=0 evicted_views=192 radius=0.580 clearance=0.000 best_prefix=0.000
[depth_angular_controller-1] [INFO] [1791302154.791248421] [depth_angular_controller]: [PERF CTRL] run=candidate_v15_spin_ego1p3_1 elapsed=69.18s callbacks=3157 commands=3156 guidance=2856 command_fps(ros/wall)=59.57/57.29 guidance_wall_fps=52.73 avoid_ms(mean/p50/p95/max)=2.493/1.166/7.957/58.892 cycle_ms(mean/p95/max)=17.455/23.587/84.629 depth_to_cmd_ms(mean/p95/max)=47.386/83.333/100.000 callback_to_publish_ms(mean/p95/max)=4.427/11.108/75.421
[depth_angular_controller-1] [INFO] [1791302154.791506486] [depth_angular_controller]: EVIDENCE_COST ingest(mean/p95/max)=2.060/7.100/17.201 record=0.026/0.059/1.493 ms
[depth_angular_controller-1] [INFO] [1791302154.791512457] [depth_angular_controller]: EVIDENCE_PHASE per_view_mean_ms balls=0.061 tubes=0.062 history=0.366 eviction=0.001
[depth_angular_controller-1] [INFO] [1791302154.822255984] [depth_angular_controller]: OMNI_DEPTH views=4 azimuth_bins=180 elevation_bins=37 valid=1 certificates=1 short=0 held=0 local_candidates=2 yaw=-161.98
[depth_angular_controller-1] [INFO] [1791302154.822550427] [depth_angular_controller]: PAPER_BUILD reason=FULL_MOTION_CERTIFICATE required=0.0000 best=0.0000 free=0 refined=0 tubes=176 revoked_tubes=0 proofs=128
[depth_angular_controller-1] [INFO] [1791302154.822556609] [depth_angular_controller]: PAPER_EVIDENCE retained=16 balls=32 revoked_balls=0 expired_views=0 evicted_views=196 radius=0.580 clearance=0.000 best_prefix=0.000
[depth_angular_controller-1] [INFO] [1791302155.789180908] [depth_angular_controller]: OMNI_DEPTH views=4 azimuth_bins=180 elevation_bins=37 valid=1 certificates=1 short=0 held=0 local_candidates=2 yaw=-167.41
[depth_angular_controller-1] [INFO] [1791302155.789951556] [depth_angular_controller]: PAPER_BUILD reason=FULL_MOTION_CERTIFICATE required=0.0000 best=0.0000 free=0 refined=0 tubes=180 revoked_tubes=0 proofs=128
[depth_angular_controller-1] [INFO] [1791302155.789970902] [depth_angular_controller]: PAPER_EVIDENCE retained=16 balls=32 revoked_balls=0 expired_views=0 evicted_views=200 radius=0.580 clearance=0.000 best_prefix=0.000
[position_cmd_to_twist-2] [INFO] [1791302156.806104515] [position_cmd_to_twist]: [PERF BRIDGE] run=candidate_v15_spin_ego1p3_1 elapsed=71.09s received=3272 published=3272 fps(ros/wall)=59.58/57.31 controller_to_bridge_ms(mean/p50/p95/max)=0.433/0.000/0.000/83.333 bridge_process_ms(mean/p95/max)=0.087/0.111/0.938
[NAV] t=55.0s position=(-54.69,-12.83,5.29) yaw=-159.8deg command=(-1.63,-0.46,0.63) manual_active=1 collision_blocks=0
[depth_angular_controller-1] [INFO] [1791302156.890459945] [depth_angular_controller]: OMNI_DEPTH views=4 azimuth_bins=180 elevation_bins=37 valid=1 certificates=1 short=0 held=0 local_candidates=2 yaw=-163.82
[depth_angular_controller-1] [INFO] [1791302156.890815383] [depth_angular_controller]: PAPER_BUILD reason=FULL_MOTION_CERTIFICATE required=0.0000 best=0.0000 free=0 refined=0 tubes=184 revoked_tubes=0 proofs=128
[depth_angular_controller-1] [INFO] [1791302156.890825262] [depth_angular_controller]: PAPER_EVIDENCE retained=16 balls=32 revoked_balls=0 expired_views=0 evicted_views=204 radius=0.580 clearance=0.000 best_prefix=0.000
[depth_angular_controller-1] [INFO] [1791302157.983231625] [depth_angular_controller]: OMNI_DEPTH views=4 azimuth_bins=180 elevation_bins=37 valid=1 certificates=1 short=0 held=0 local_candidates=2 yaw=-175.70
[depth_angular_controller-1] [INFO] [1791302157.983639432] [depth_angular_controller]: PAPER_BUILD reason=FULL_MOTION_CERTIFICATE required=0.0000 best=0.0000 free=0 refined=0 tubes=187 revoked_tubes=0 proofs=128
[depth_angular_controller-1] [INFO] [1791302157.983649530] [depth_angular_controller]: PAPER_EVIDENCE retained=16 balls=32 revoked_balls=0 expired_views=0 evicted_views=208 radius=0.580 clearance=0.000 best_prefix=0.000
[depth_angular_controller-1] [INFO] [1791302159.018842452] [depth_angular_controller]: OMNI_DEPTH views=4 azimuth_bins=180 elevation_bins=37 valid=1 certificates=1 short=0 held=0 local_candidates=0 yaw=-173.66
[depth_angular_controller-1] [INFO] [1791302159.019201486] [depth_angular_controller]: PAPER_BUILD reason=FULL_MOTION_CERTIFICATE required=0.0000 best=0.0000 free=0 refined=0 tubes=191 revoked_tubes=0 proofs=128
[depth_angular_controller-1] [INFO] [1791302159.019214491] [depth_angular_controller]: PAPER_EVIDENCE retained=16 balls=32 revoked_balls=0 expired_views=0 evicted_views=212 radius=0.580 clearance=0.000 best_prefix=0.000
[depth_angular_controller-1] [INFO] [1791302159.792848701] [depth_angular_controller]: [PERF CTRL] run=candidate_v15_spin_ego1p3_1 elapsed=74.18s callbacks=3443 commands=3442 guidance=3142 command_fps(ros/wall)=59.60/57.28 guidance_wall_fps=53.10 avoid_ms(mean/p50/p95/max)=2.454/1.187/7.707/58.892 cycle_ms(mean/p95/max)=17.458/23.416/84.629 depth_to_cmd_ms(mean/p95/max)=46.297/83.333/100.000 callback_to_publish_ms(mean/p95/max)=4.394/10.822/75.421
[depth_angular_controller-1] [INFO] [1791302159.793148916] [depth_angular_controller]: EVIDENCE_COST ingest(mean/p95/max)=2.044/6.903/17.201 record=0.026/0.053/1.493 ms
[depth_angular_controller-1] [INFO] [1791302159.793157171] [depth_angular_controller]: EVIDENCE_PHASE per_view_mean_ms balls=0.061 tubes=0.060 history=0.363 eviction=0.001
[depth_angular_controller-1] [INFO] [1791302160.056018981] [depth_angular_controller]: OMNI_DEPTH views=4 azimuth_bins=180 elevation_bins=37 valid=1 certificates=1 short=0 held=0 local_candidates=2 yaw=-175.00
[depth_angular_controller-1] [INFO] [1791302160.056388365] [depth_angular_controller]: PAPER_BUILD reason=FULL_MOTION_CERTIFICATE required=0.0000 best=0.0000 free=0 refined=0 tubes=195 revoked_tubes=0 proofs=128
[depth_angular_controller-1] [INFO] [1791302160.056398043] [depth_angular_controller]: PAPER_EVIDENCE retained=16 balls=32 revoked_balls=0 expired_views=0 evicted_views=216 radius=0.580 clearance=0.000 best_prefix=0.000
[depth_angular_controller-1] [INFO] [1791302161.100491872] [depth_angular_controller]: OMNI_DEPTH views=4 azimuth_bins=180 elevation_bins=37 valid=1 certificates=1 short=0 held=0 local_candidates=2 yaw=-161.62
[depth_angular_controller-1] [INFO] [1791302161.101625272] [depth_angular_controller]: PAPER_BUILD reason=FULL_MOTION_CERTIFICATE required=0.0000 best=0.0000 free=0 refined=0 tubes=199 revoked_tubes=0 proofs=128
[depth_angular_controller-1] [INFO] [1791302161.101847710] [depth_angular_controller]: PAPER_EVIDENCE retained=16 balls=32 revoked_balls=0 expired_views=0 evicted_views=220 radius=0.580 clearance=0.000 best_prefix=0.000
[position_cmd_to_twist-2] [INFO] [1791302161.995951601] [position_cmd_to_twist]: [PERF BRIDGE] run=candidate_v15_spin_ego1p3_1 elapsed=76.28s received=3572 published=3572 fps(ros/wall)=59.62/57.36 controller_to_bridge_ms(mean/p50/p95/max)=0.397/0.000/0.000/83.333 bridge_process_ms(mean/p95/max)=0.087/0.112/0.938
[NAV] t=60.0s position=(-63.21,-14.28,6.16) yaw=100.3deg command=(-1.59,-0.73,-0.34) manual_active=0 collision_blocks=0
[depth_angular_controller-1] [INFO] [1791302162.073179706] [depth_angular_controller]: ZERO_INTENT
[depth_angular_controller-1] [INFO] [1791302164.804294455] [depth_angular_controller]: [PERF CTRL] run=candidate_v15_spin_ego1p3_1 elapsed=79.20s callbacks=3754 commands=3753 guidance=3277 command_fps(ros/wall)=59.63/57.65 guidance_wall_fps=53.34 avoid_ms(mean/p50/p95/max)=2.405/1.166/7.528/58.892 cycle_ms(mean/p95/max)=17.346/23.156/84.629 depth_to_cmd_ms(mean/p95/max)=45.916/83.333/100.000 callback_to_publish_ms(mean/p95/max)=4.211/10.496/75.421
[depth_angular_controller-1] [INFO] [1791302164.804628192] [depth_angular_controller]: EVIDENCE_COST ingest(mean/p95/max)=2.001/6.741/17.201 record=0.025/0.049/1.493 ms
[depth_angular_controller-1] [INFO] [1791302164.804635766] [depth_angular_controller]: EVIDENCE_PHASE per_view_mean_ms balls=0.059 tubes=0.059 history=0.355 eviction=0.001
[MANUAL RESULT] TIMEOUT position=(-64.379,-14.814,5.912)
[PERF ISAAC FINAL] run=candidate_v15_spin_ego1p3_1 result=MANUAL_TIMEOUT wall=66.68s sim_frames=3843 fps(sim/wall)=60.03/57.63 command_changes=3097 collision_blocks=0 frame_interval_ms(mean/p50/p95/max)=17.213/16.010/18.089/78.872
[79.848s] Simulation App Shutting Down
[depth_angular_controller-1] [INFO] [1791302166.469272048] [rclcpp]: signal_handler(SIGINT/SIGTERM)
[position_cmd_to_twist-2] [INFO] [1791302166.470143746] [position_cmd_to_twist]: [PERF BRIDGE FINAL] run=candidate_v15_spin_ego1p3_1 elapsed=80.75s received=3818 published=3818 fps(ros/wall)=59.64/57.75 controller_to_bridge_ms(mean/p50/p95/max)=0.371/0.000/0.000/83.333 bridge_process_ms(mean/p95/max)=0.087/0.112/0.938
[position_cmd_to_twist-2] Failed to publish log message to rosout: publisher's context is invalid, at ./src/rcl/publisher.c:389
[depth_angular_controller-1] [INFO] [1791302166.470294660] [depth_angular_controller]: [PERF CTRL FINAL] run=candidate_v15_spin_ego1p3_1 elapsed=80.86s callbacks=3819 commands=3818 guidance=3277 command_fps(ros/wall)=59.64/57.75 guidance_wall_fps=53.34 avoid_ms(mean/p50/p95/max)=2.405/1.166/7.528/58.892 cycle_ms(mean/p95/max)=17.316/23.108/84.629 depth_to_cmd_ms(mean/p95/max)=45.916/83.333/100.000 callback_to_publish_ms(mean/p95/max)=4.165/10.435/75.421
[depth_angular_controller-1] [INFO] [1791302166.470557975] [depth_angular_controller]: EVIDENCE_COST ingest(mean/p95/max)=1.991/6.711/17.201 record=0.025/0.048/1.493 ms
[depth_angular_controller-1] [INFO] [1791302166.470560931] [depth_angular_controller]: EVIDENCE_PHASE per_view_mean_ms balls=0.059 tubes=0.058 history=0.354 eviction=0.001
[INFO] [depth_angular_controller-1]: process has finished cleanly [pid 153464]
[INFO] [position_cmd_to_twist-2]: process has finished cleanly [pid 153466]
