[PERF] run=explore_v1_spin_ego1p3_1 log=/home/starry/isaac-data/EGO1P3/performance/omni_20261006/explore_v1_spin_ego1p3_1_performance.md
[INPUT] mode=trace scene_mode=cloud
[INFO] [launch]: All log files can be found below /tmp/fov_gvf_ego1p3_isaac_ros_log/2026-10-06-22-09-52-345001-starry-System-Product-Name-106474
[INFO] [launch]: Default logging verbosity is set to INFO
[INFO] [depth_angular_controller-1]: process started with pid [106476]
[INFO] [position_cmd_to_twist-2]: process started with pid [106478]
[depth_angular_controller-1] [INFO] [1791295792.377293110] [depth_angular_controller]: PROCESSING_RATES control=60.0 Hz depth_limit=10.0 Hz (0=unlimited)
[depth_angular_controller-1] [INFO] [1791295792.379603452] [depth_angular_controller]: C++ controller commands publish on /position_cmd; horizontal views=4
[ROS CHECK] ROS_DOMAIN_ID=42 /position_cmd publishers=1
Type: pc_gvf_msgs/msg/PositionCommand
Publisher count: 1
Subscription count: 1
/depth_angular_controller
/position_cmd_to_twist
WARNING: All log messages before absl::InitializeLog() is called are written to STDERR
E0000 00:00:1791295793.337719  106517 descriptor_database.cc:633] File already exists in database: grpc/health/v1/health.proto
W0000 00:00:1791295793.337739  106517 message.cc:301] Protobuf GeneratedMessageFactory: File is already registered: grpc/health/v1/health.proto
2026-10-06T14:09:53Z [Info] [carb] Logging to file: /home/starry/isaac-data/isaacsim/kit/logs/Kit/Isaac-Sim Python/6.0/kit_20261006_220953.log
[0.043s] [ext: omni.assets.plugins-0.0.0] startup
[0.044s] [ext: omni.blobkey-1.1.2] startup
[0.044s] [ext: omni.kit.async_engine-0.0.3] startup
[0.320s] [ext: omni.client.lib-1.1.1] startup
[0.328s] [ext: omni.client-1.3.0] startup
[0.330s] [ext: omni.protobuf.lib-1.0.0] startup
[0.331s] [ext: omni.grpc.lib-1.0.0] startup
[0.334s] [ext: omni.metrics.core-0.0.3] startup
[0.334s] [ext: omni.datastore-0.0.0] startup
[0.335s] [ext: omni.gpu_foundation.shadercache.vulkan-1.0.0] startup
[0.336s] [ext: omni.hsscclient-1.1.4] startup
[0.337s] [ext: omni.stats-1.0.1] startup
[0.337s] [ext: omni.ujitso.default-1.0.0] startup
[0.340s] [ext: omni.gpu_foundation-0.0.0] startup
[0.459s] [ext: carb.windowing.plugins-1.0.1] startup
[0.459s] [ext: omni.kit.renderer.init-1.0.1] startup
2026-10-06T14:09:53Z [662ms] [Warning] [omni.rtx] Skipping unsupported non-NVIDIA GPU: AMD Unknown (RADV RAPHAEL_MENDOCINO)
2026-10-06T14:09:53Z [663ms] [Warning] [omni.rtx] Skipping unsupported non-NVIDIA GPU: AMD Unknown (RADV RAPHAEL_MENDOCINO)

|---------------------------------------------------------------------------------------------|
| Driver Version: 580.178.04    | Graphics API: Vulkan
|=============================================================================================|
| GPU | Name                             | Active | LDA | GPU Memory | Vendor-ID | LUID       |
|     |                                  |        |     |            | Device-ID | UUID       |
|     |                                  |        |     |            | Bus-ID    |            |
|---------------------------------------------------------------------------------------------|
| 0   | NVIDIA GeForce RTX 5070          | Yes: 0 |     | 12227   MB | 10de      | 0          |
|     |                                  |        |     |            | 2f04      | 348d89fe.. |
|     |                                  |        |     |            | 1         |            |
|---------------------------------------------------------------------------------------------|
| 1   | AMD Unknown (RADV RAPHAEL_MEND.. |        |     | 10755   MB | 1002      | 0          |
|     |                                  |        |     |            | 13c0      | 00000000.. |
|     |                                  |        |     |            | c         |            |
|=============================================================================================|
| OS: 22.04.5 LTS (Jammy Jellyfish) ubuntu, Version: 22.04.5, Kernel: 6.8.0-138-generic
| XServer Vendor: The X.Org Foundation, XServer Version: 12101004 (1.21.1.4)
| Processor: AMD Ryzen 5 9600X 6-Core Processor
| Cores: 6 | Logical Cores: 12
|---------------------------------------------------------------------------------------------|
| Total Memory (MB): 31241 | Free Memory: 23407
| Total Page/Swap (MB): 15624 | Free Page/Swap: 15624
|---------------------------------------------------------------------------------------------|
2026-10-06T14:09:53Z [870ms] [Warning] [omni.rtx] CPU performance profile is set to powersave. This profile sets the CPU to the lowest frequency reducing performance.
2026-10-06T14:09:53Z [878ms] [Warning] [omni.rtx] IOMMU is enabled.
[0.976s] [ext: omni.kit.pipapi-0.0.0] startup
[0.977s] [ext: omni.kit.pip_archive-0.0.0] startup
[0.977s] [ext: isaacsim.pip.newton-0.6.1] startup
[0.978s] [ext: omni.pip.compute-1.9.2] startup
[0.978s] [ext: omni.isaac.core_archive-5.3.1] startup
[0.978s] [ext: omni.kit.telemetry-0.5.2] startup
[0.994s] [ext: omni.kit.loop-isaac-1.6.0] startup
[0.995s] [ext: omni.kit.test-2.0.7] startup
[1.047s] [ext: omni.materialx.libs-1.0.9] startup
[1.054s] [ext: omni.gpucompute.plugins-0.0.0] startup
[1.054s] [ext: omni.usd.config-1.0.7] startup
[1.057s] [ext: omni.usd.libs-1.0.3] startup
[1.112s] [ext: omni.iray.libs-0.0.1] startup
[1.115s] [ext: omni.mdl-57.0.3] startup
[1.175s] [ext: omni.mdl.neuraylib-0.2.20] startup
[1.177s] [ext: omni.kit.usd.mdl-1.1.9] startup
[1.265s] [ext: omni.appwindow-1.2.2] startup
[1.267s] [ext: omni.kit.renderer.core-1.2.2] startup
2026-10-06T14:09:59Z [6,485ms] [Warning] [carb.windowing-glfw.gamepad] Joystick with unknown remapping detected (will be ignored):  BEITONG BEITONG A2P3A BFM DONGLE [03000000bc2000001c51000011010000]
[6.515s] [ext: omni.kit.renderer.capture-2.0.1] startup
[6.516s] [ext: omni.kit.renderer.imgui-2.0.6] startup
[6.552s] [ext: omni.ui-3.2.0] startup
[6.558s] [ext: omni.kit.mainwindow-1.0.3] startup
[6.559s] [ext: carb.audio-0.1.0] startup
[6.561s] [ext: omni.uiaudio-1.0.0] startup
[6.562s] [ext: omni.kit.uiapp-0.0.0] startup
[6.562s] [ext: omni.usd.schema.metrics.assembler-110.1.0] startup
[6.564s] [ext: omni.usd.schema.audio-0.0.1] startup
[6.566s] [ext: omni.usd_resolver-1.0.0] startup
[6.568s] [ext: omni.usd.core-1.8.3] startup
[6.571s] [ext: omni.metropolis.schema-0.0.3] startup
[6.571s] [ext: isaacsim.anim.robot.schema-0.1.1] startup
[6.572s] [ext: omni.usd.schema.anim-0.0.1] startup
[6.584s] [ext: omni.usd.schema.geospatial-0.0.1] startup
[6.586s] [ext: omni.usd.schema.omnigraph-1.0.1] startup
[6.590s] [ext: omni.usd.schema.semantics-0.0.0] startup
[6.592s] [ext: omni.activity.core-1.0.3] startup
[6.593s] [ext: omni.cubric-0.1.0] startup
[6.593s] [ext: omni.graph.exec-0.9.6] startup
[6.593s] [ext: omni.hydra.scene_delegate-0.3.5] startup
[6.595s] [ext: usdrt.scenegraph-7.6.3] startup
[6.614s] [ext: omni.hydra.usdrt_delegate-7.5.2] startup
[6.618s] [ext: omni.inspect-1.0.2] startup
[6.619s] [ext: omni.kit.actions.core-1.0.0] startup
[6.620s] [ext: omni.kit.audiodeviceenum-1.0.2] startup
[6.621s] [ext: omni.kit.commands-1.5.0] startup
[6.623s] [ext: omni.kit.exec.core-0.13.5] startup
[6.624s] [ext: omni.kit.usd_undo-0.1.8] startup
[6.624s] [ext: omni.kit.window.popup_dialog-2.0.25] startup
[6.627s] [ext: omni.kit.widget.nucleus_connector-2.3.1] startup
[6.629s] [ext: omni.timeline-1.1.0] startup
[6.630s] [ext: omni.usd-1.16.0] startup
[6.654s] [ext: omni.graph.core-3.1.2] startup
[6.657s] [ext: omni.kit.notification_manager-1.0.11] startup
[6.658s] [ext: isaacsim.core.deprecation_manager-0.4.2] startup
[6.659s] [ext: isaacsim.replicator.agent.schema-0.1.1] startup
[6.659s] [ext: isaacsim.robot.schema-6.3.7] startup
[6.663s] [ext: isaacsim.robot_motion.schema-0.2.1] startup
[6.664s] [ext: omni.anim.behavior.schema-110.1.0] startup
[6.666s] [ext: omni.anim.graph.schema-110.1.1] startup
[6.671s] [ext: omni.anim.navigation.schema-110.1.0] startup
[6.673s] [ext: omni.behavior.tree.schema-110.1.0] startup
[6.674s] [ext: omni.isaac.ml_archive-3.3.0] startup
[6.674s] [ext: omni.kit.asset_converter-6.0.1] startup
[6.682s] [ext: omni.pip.cloud-1.5.4] startup
[6.684s] [ext: omni.usd.schema.flow-110.0.0] startup
[6.685s] [ext: omni.usd.schema.mujoco-1.1.1] startup
[6.685s] [ext: omni.usd.schema.newton-1.2.1] startup
[6.686s] [ext: omni.usd.schema.omni_lens_distortion-1.0.0] startup
[6.686s] [ext: omni.usd.schema.omni_projectors-1.0.0] startup
[6.686s] [ext: omni.usd.schema.omni_sensors-0.0.0] startup
[6.693s] [ext: omni.usd.schema.omniscripting-1.0.1] startup
[6.695s] [ext: omni.usd.schema.physical_lighting-0.1.0] startup
[6.698s] [ext: omni.usd.schema.physx-110.1.13] startup
[6.721s] [ext: omni.usd.schema.render_settings.rtx-1.0.2] startup
[6.723s] [ext: omni.usd.schema.usd_particle_field-1.0.0] startup
[6.724s] [ext: isaacsim.core.version-2.1.1] startup
[6.724s] [ext: omni.kit.menu.core-1.2.0] startup
[6.725s] [ext: omni.kit.menu.utils-2.2.4] startup
[6.730s] [ext: isaacsim.app.about-2.3.1] startup
[6.734s] [ext: isaacsim.asset.transformer-1.2.5] startup
[6.736s] [ext: omni.scene.optimizer.core-110.1.0] startup
[6.765s] [ext: isaacsim.asset.importer.utils-1.8.1] startup
[6.767s] [ext: omni.convexdecomposition-110.1.13] startup
[6.768s] [ext: omni.physics-110.1.13] startup
[6.770s] [ext: omni.physx.gpu-110.1.13] startup
[6.771s] [ext: omni.physx.foundation-110.1.13] startup
[6.772s] [ext: omni.usdphysics-110.1.13] startup
[6.773s] [ext: omni.physx.cooking-110.1.13] startup
[6.774s] [ext: omni.physx-110.1.13] startup
[6.781s] [ext: omni.physics.physx-110.1.13] startup
[6.782s] [ext: isaacsim.asset.exporter.urdf-2.0.5] startup
[6.788s] [ext: omni.kit.clipboard-1.1.1] startup
[6.789s] [ext: omni.kit.usd.layers-2.6.1] startup
[6.794s] [ext: omni.kit.widget.context_menu-1.4.0] startup
[6.795s] [ext: omni.kit.context_menu-1.9.0] startup
[6.796s] [ext: omni.kit.helper.file_utils-0.1.10] startup
[6.797s] [ext: omni.kit.widget.nucleus_info-2.0.2] startup
[6.798s] [ext: omni.kit.search_core-1.0.8] startup
[6.798s] [ext: omni.kit.widget.path_field-2.0.13] startup
[6.799s] [ext: omni.kit.widget.browser_bar-2.0.10] startup
[6.799s] [ext: omni.kit.widget.filebrowser-2.13.4] startup
[6.802s] [ext: omni.kit.widget.options_menu-1.1.6] startup
[6.805s] [ext: omni.kit.widget.options_button-1.0.3] startup
[6.805s] [ext: omni.kit.widget.search_delegate-1.0.9] startup
[6.806s] [ext: omni.ui.scene-2.0.3] startup
[6.809s] [ext: omni.kit.window.filepicker-2.15.5] startup
[6.819s] [ext: omni.kit.window.file_importer-1.1.21] startup
[6.821s] [ext: omni.kit.material.library-3.1.2] startup
[6.825s] [ext: isaacsim.asset.transformer.rules-1.7.10] startup
[6.833s] [ext: omni.usdex.libs-2.2.2] startup
[6.838s] [ext: isaacsim.asset.importer.mjcf-3.10.1] startup
[6.840s] [ext: isaacsim.asset.importer.urdf-3.11.2] startup
[6.843s] [ext: omni.kit.primitive.mesh-1.1.0] startup
[6.845s] [ext: omni.kit.stage_template.core-1.1.22] startup
[6.845s] [ext: omni.kit.stage_templates-2.0.2] startup
[6.846s] [ext: omni.usd.metrics.assembler-110.1.2] startup
[6.848s] [ext: omni.warp.core-1.13.0] startup
[7.030s] [ext: isaacsim.core.experimental.utils-0.17.2] startup
[7.031s] [ext: omni.physics.stageupdate-110.1.13] startup
[7.032s] [ext: omni.physics.tensors-110.1.13] startup
[7.036s] [ext: omni.physx.tensors-110.1.13] startup
[7.038s] [ext: isaacsim.core.simulation_manager-1.15.6] startup
[7.048s] [ext: isaacsim.storage.native-1.9.3] startup
[7.049s] [ext: omni.usd.metrics.assembler.physics-110.1.13] startup
[7.050s] [ext: isaacsim.core.utils-4.1.7] startup
[7.052s] [ext: isaacsim.core.prims-0.11.7] startup
[7.900s] [ext: isaacsim.core.api-5.2.13] startup
[7.905s] [ext: isaacsim.core.cloner-1.7.3] startup
[7.906s] [ext: isaacsim.test.docstring-1.3.2] startup
[7.908s] [ext: isaacsim.core.experimental.prims-1.8.9] startup
[7.926s] [ext: isaacsim.core.experimental.primdata-0.3.2] startup
[7.927s] [ext: omni.graph.tools-1.81.0] startup
[7.945s] [ext: omni.graph-1.142.5] startup
[7.978s] [ext: isaacsim.core.experimental.actuators-0.1.2] startup
[7.991s] [ext: isaacsim.core.experimental.materials-0.7.1] startup
[7.993s] [ext: isaacsim.core.experimental.objects-0.8.1] startup
[8.044s] [ext: omni.hydra.engine.stats-1.0.5] startup
[8.046s] [ext: omni.hydra.rtx.shadercache.vulkan-1.0.0] startup
[8.047s] [ext: omni.index.libs-387500.4413.0] startup
[8.047s] [ext: omni.index-1.0.1] startup
[8.047s] [ext: omni.ujitso.client-0.0.0] startup
[8.047s] [ext: omni.usd.schema.playback-1.0.0] startup
[8.050s] [ext: omni.volume-0.5.2] startup
[8.054s] [ext: omni.hydra.rtx-1.0.4] startup
2026-10-06T14:10:01Z [8,044ms] [Warning] [omni.log] Source: omni.hydra was already registered.
[8.074s] [ext: omni.kit.hydra_texture-1.6.0] startup
[8.077s] [ext: omni.kit.raycast.query-1.2.0] startup
[8.080s] [ext: omni.kit.viewport.legacy_gizmos-1.0.24] startup
[8.081s] [ext: omni.kit.viewport.registry-104.0.6] startup
[8.082s] [ext: omni.kit.viewport.scene_camera_model-1.0.7] startup
[8.085s] [ext: omni.kit.widget.viewport-109.2.0] startup
[8.088s] [ext: omni.kit.window.drop_support-1.0.8] startup
[8.088s] [ext: omni.kit.viewport.window-109.0.2] startup
[8.102s] [ext: omni.kit.viewport.utility-2.0.1] startup
[8.103s] [ext: isaacsim.core.rendering_manager-0.4.3] startup
[8.122s] [ext: omni.graph.action_core-1.1.9] startup
[8.124s] [ext: omni.graph.action_nodes_core-2.11.0] startup
[8.126s] [ext: omni.graph.action_nodes-2.11.0] startup
[8.141s] [ext: omni.graph.action-2.10.2] startup
[8.142s] [ext: omni.graph.image.core-0.6.1] startup
[8.143s] [ext: omni.graph.image.nodes-1.3.1] startup
[8.144s] [ext: omni.graph.nodes_core-2.11.0] startup
[8.148s] [ext: omni.graph.nodes-2.12.0] startup
[8.152s] [ext: omni.kit.hotkeys.core-1.3.12] startup
[8.152s] [ext: omni.kit.property.adapter.core-1.1.1] startup
[8.154s] [ext: omni.kit.property.adapter.usd-1.0.5] startup
[8.156s] [ext: omni.kit.widget.filter-1.1.5] startup
[8.156s] [ext: omni.kit.widget.highlight_label-1.0.3] startup
[8.157s] [ext: omni.kit.widget.searchfield-1.1.8] startup
[8.158s] [ext: omni.kit.window.file_exporter-1.0.36] startup
[8.159s] [ext: omni.kit.widget.stage-4.4.0] startup
[8.166s] [ext: omni.kit.window.content_browser_registry-0.0.6] startup
[8.167s] [ext: omni.kit.window.file-2.0.10] startup
[8.170s] [ext: omni.kit.window.content_browser-3.1.8] startup
[8.178s] [ext: omni.kit.window.property-1.15.1] startup
[8.188s] [ext: omni.kit.property.usd-4.9.4] startup
[8.196s] [ext: omni.graph.scriptnode-2.10.2] startup
[8.203s] [ext: omni.kit.widget.searchable_combobox-1.0.7] startup
[8.204s] [ext: omni.kit.widget.settings-2.0.0] startup
[8.206s] [ext: omni.kit.window.preferences-1.8.3] startup
[8.210s] [ext: omni.kit.viewport.menubar.core-107.2.2] startup
[8.219s] [ext: omni.syntheticdata-0.6.15] startup
[8.241s] [ext: omni.replicator.nv-1.1.1] startup
[8.245s] [ext: omni.videoencoding-0.2.1] startup
[8.247s] [ext: omni.replicator.core-1.13.27] startup
2026-10-06T14:10:01Z [8,233ms] [Warning] [pxr.Semantics] pxr.Semantics is deprecated - please use Semantics instead
2026-10-06T14:10:01Z [8,300ms] [Warning] [omni.replicator.core.scripts.extension] No material configuration file, adding configuration to material settings directly.
[8.448s] [ext: isaacsim.core.nodes-5.10.5] startup
[8.473s] [ext: isaacsim.core.throttling-2.3.5] startup
[8.474s] [ext: omni.kit.manipulator.viewport-107.0.1] startup
[8.475s] [ext: omni.graph.visualization.nodes-2.1.4] startup
[8.486s] [ext: omni.kit.window.extensions-1.5.10] startup
[8.491s] [ext: isaacsim.gui.components-1.8.5] startup
[8.494s] [ext: isaacsim.robot.surface_gripper-3.6.2] startup
[8.503s] [ext: isaacsim.robot.manipulators-3.4.4] startup
[8.512s] [ext: isaacsim.robot_motion.lula-4.1.3] startup
[8.517s] [ext: isaacsim.robot_motion.motion_generation-8.2.9] startup
[8.521s] [ext: isaacsim.cortex.framework-1.0.18] startup
[8.523s] [ext: isaacsim.cortex.behaviors-2.0.17] startup
[8.524s] [ext: isaacsim.examples.base-1.3.2] startup
[8.525s] [ext: omni.kit.widget.zoombar-1.0.7] startup
[8.526s] [ext: omni.kit.browser.core-2.3.18] startup
[8.529s] [ext: omni.kit.browser.folder.core-2.0.2] startup
[8.532s] [ext: omni.kit.widget.stage_icons-1.0.8] startup
[8.532s] [ext: omni.kit.window.stage-2.6.1] startup
[8.535s] [ext: omni.kit.menu.stage-1.2.7] startup
[8.536s] [ext: omni.kit.usd.collect-3.0.6] startup
[8.538s] [ext: omni.kit.widget.prompt-1.0.7] startup
[8.539s] [ext: omni.kit.tool.collect-2.2.19] startup
[8.540s] [ext: isaacsim.examples.browser-0.3.2] startup
[8.542s] [ext: omni.kit.search.files-1.0.4] startup
[8.543s] [ext: omni.kit.widget.calendar-1.0.9] startup
[8.544s] [ext: omni.kit.widget.extended_searchfield-1.0.31] startup
[8.550s] [ext: omni.simready.content.browser-0.3.7] startup
[8.639s] [ext: isaacsim.gui.content_browser-0.4.3] startup
[8.642s] [ext: omni.kit.selection-0.1.6] startup
[8.643s] [ext: isaacsim.gui.menu-2.10.5] startup
[8.650s] [ext: isaacsim.gui.property-1.6.4] startup
[8.656s] [ext: omni.kit.viewport.actions-110.0.0] startup
[8.659s] [ext: omni.kit.viewport.menubar.display-107.1.3] startup
[8.661s] [ext: isaacsim.gui.sensors.icon-2.2.1] startup
[8.663s] [ext: omni.behavior.scripting.core-110.1.0] startup
[8.665s] [ext: isaacsim.replicator.behavior-1.5.4] startup
[8.666s] [ext: isaacsim.replicator.experimental.domain_randomization-1.2.5] startup
[8.679s] [ext: isaacsim.replicator.domain_randomization-1.2.2] startup
[8.743s] [ext: isaacsim.replicator.writers-1.5.4] startup
[8.764s] [ext: isaacsim.robot.experimental.wheeled_robots-0.2.11] startup
[8.783s] [ext: isaacsim.robot.policy.examples-5.2.12] startup
[8.800s] [ext: isaacsim.robot.wheeled_robots-5.2.4] startup
[8.803s] [ext: isaacsim.robot.wheeled_robots.nodes-0.1.5] startup
[8.818s] [ext: isaacsim.robot_motion.experimental.motion_generation-6.1.3] startup
[8.828s] [ext: isaacsim.robot_motion.cumotion-1.3.1] startup
[8.840s] [ext: omni.kit.numpy.common-0.1.3] startup
[8.841s] [ext: isaacsim.sensors.camera-1.7.9] startup
[8.867s] [ext: isaacsim.sensors.experimental.physics-3.0.2] startup
[8.873s] [ext: omni.sensors.net-1.0.1] startup
[8.875s] [ext: omni.sensors.nv.common-3.0.0] startup
[8.884s] [ext: omni.sensors.nv.materials-2.0.0] startup
[8.886s] [ext: omni.sensors.nv.acoustic-3.0.0] startup
[8.888s] [ext: omni.sensors.nv.ids-2.0.1] startup
[8.889s] [ext: omni.sensors.nv.lidar-3.0.0] startup
[8.892s] [ext: omni.sensors.nv.radar-3.0.0] startup
[8.894s] [ext: isaacsim.sensors.experimental.rtx-1.4.6] startup
[9.115s] [ext: isaacsim.sensors.physics.nodes-1.5.3] startup
[9.120s] [ext: isaacsim.util.debug_draw-3.2.3] startup
[9.124s] [ext: isaacsim.sensors.physx-2.5.5] startup
[9.130s] [ext: isaacsim.sensors.rtx-15.17.1] startup
[9.138s] [ext: isaacsim.simulation_app-2.18.4] startup
[9.139s] [ext: omni.anim.curve.core-1.6.0] startup
[9.147s] [ext: omni.graph.ui_nodes-2.11.1] startup
[9.166s] [ext: omni.hydra.scene_api-0.1.3] startup
[9.169s] [ext: omni.kit.manipulator.camera-110.0.0] startup
[9.173s] [ext: omni.kit.manipulator.selector-1.1.4] startup
[9.174s] [ext: omni.kit.manipulator.transform-107.0.0] startup
[9.177s] [ext: omni.kit.widget.toolbar-2.1.0] startup
[9.183s] [ext: omni.kit.manipulator.tool.snap-1.5.14] startup
[9.186s] [ext: omni.kit.viewport.manipulator.transform-107.0.4] startup
[9.188s] [ext: omni.kit.manipulator.prim.core-108.0.2] startup
[9.193s] [ext: omni.kit.manipulator.prim.usd-107.0.3] startup
[9.194s] [ext: omni.kit.manipulator.prim-108.0.0] startup
[9.194s] [ext: omni.kit.manipulator.selection-109.0.1] startup
[9.195s] [ext: omni.kit.menu.create-2.0.2] startup
[9.196s] [ext: omni.kit.property.audio-1.0.16] startup
[9.199s] [ext: omni.kit.property.camera-1.0.14] startup
[9.200s] [ext: omni.kit.property.geometry-2.1.2] startup
[9.203s] [ext: omni.kit.property.light-1.0.14] startup
2026-10-06T14:10:02Z [9,202ms] [Warning] [omni.usd] Encountered USD Warnings but USD Diagnostics are currently muted. To view USD Warnings, please set the '/persistent/app/usd/muteUsdDiagnostics' setting to false in Preferences page.
[9.229s] [ext: omni.kit.property.material-1.14.6] startup
[9.233s] [ext: omni.kit.property.render-1.2.2] startup
[9.234s] [ext: omni.kit.property.transform-1.6.9] startup
[9.237s] [ext: omni.kit.property.bundle-1.5.1] startup
[9.238s] [ext: omni.kit.usdz_export-1.1.0] startup
[9.240s] [ext: omni.kit.tool.asset_importer-6.0.1] startup
[9.244s] [ext: omni.kit.ui.actions-1.0.5] startup
[9.246s] [ext: omni.kit.viewport.menubar.camera-107.0.10] startup
[9.250s] [ext: omni.kit.viewport.menubar.lighting-107.3.2] startup
[9.252s] [ext: omni.kit.viewport.menubar.render-110.0.0] startup
[9.253s] [ext: omni.kit.viewport.menubar.settings-110.0.1] startup
[9.256s] [ext: omni.kit.window.console-1.1.9] startup
[9.259s] [ext: omni.kit.window.status_bar-0.1.11] startup
[9.261s] [ext: omni.kit.window.toolbar-3.0.3] startup
[9.263s] [ext: omni.ocio-0.1.1] startup
[9.264s] [ext: omni.physx.commands-110.1.13] startup
[9.266s] [ext: omni.replicator.replicator_yaml-2.0.12] startup
[9.275s] [ext: omni.rtx.window.settings-0.8.0] startup
[9.279s] [ext: omni.rtx.settings.core-0.7.1] startup
[9.281s] [ext: omni.usd.metrics.assembler.ui-110.1.1] startup
[9.287s] [ext: semantics.schema.editor-2.0.2] startup
[9.289s] [ext: semantics.schema.property-2.0.2] startup
[9.290s] [ext: omni.kit.menu.common-2.0.2] startup
[9.291s] [ext: isaacsim.exp.base-6.0.1] startup
[9.291s] [ext: isaacsim.exp.base.python-6.0.1] startup
[9.292s] Simulation App Starting
[10.344s] Simulation App Startup Complete
[10.348s] app ready
Starting kit application with the following args:  ['/home/starry/isaac-data/isaacsim/exts/isaacsim.simulation_app/isaacsim/simulation_app/simulation_app.py', '/home/starry/isaac-data/isaacsim/apps/isaacsim.exp.base.python.kit', '--/app/tokens/exe-path=/home/starry/isaac-data/isaacsim/kit', '--/persistent/app/viewport/displayOptions=3094', '--/rtx/materialDb/syncLoads=True', '--/rtx/hydra/materialSyncLoads=True', '--/omni/kit/plugin/syncUsdLoads=True', '--/app/renderer/resolution/width=1280', '--/app/renderer/resolution/height=720', '--/app/window/width=1440', '--/app/window/height=900', '--/renderer/multiGpu/enabled=False', '--/app/fastShutdown=True', '--/app/installSignalHandlers=0', '--ext-folder', '/home/starry/isaac-data/isaacsim/exts', '--ext-folder', '/home/starry/isaac-data/isaacsim/apps', '--/renderer/activeGpu=0', '--/physics/cudaDevice=0', '--/plugins/carb.tasking.plugin/threadCount=12', '--/plugins/omni.tbb.globalcontrol/maxThreadCount=12', '--portable', '--no-window', '--/app/window/hideUi=1']
Passing the following args to the base kit application:  []
Warp 1.13.0 initialized:
   CUDA Toolkit 12.9, Driver 13.0
   Devices:
     "cpu"      : "x86_64"
     "cuda:0"   : "NVIDIA GeForce RTX 5070" (11 GiB, sm_120, mempool enabled)
   Kernel cache:
     /home/starry/.cache/warp/1.13.0
[LIGHTING] sun=800.0 (1) dome=0.0 (1) ambient=0.05 constant_color=(0.6, 0.65, 0.7)
[RENDER] mode=MinimalRendering minimal_shading_mode=2 anti_aliasing=TAA
[DEPTH CAMERAS] count=4 resolution_each=320x240 horizontal_coverage=360deg
[ESDF] path=/home/starry/isaac-data/EGO1P3/scenes/ego_swarm_cloud/occupancy.bin shape=(400, 300, 50) resolution=0.40m
[depth_angular_controller-1] [INFO] [1791295805.488027309] [depth_angular_controller]: WAITING_ODOMETRY
[NAV] t=0.0s position=(-64.00,-11.20,2.80) yaw=0.0deg command=(0.00,0.00,0.00) manual_active=0 collision_blocks=0
[depth_angular_controller-1] [INFO] [1791295806.067459723] [depth_angular_controller]: WAITING_VERIFIED_START_POSE
[depth_angular_controller-1] [INFO] [1791295806.101622536] [depth_angular_controller]: VERIFIED_FREE_SEED center=(-64.000,-11.200,2.800) radius=2.500 balls=1: verified fixed Cloud free ball; USD and occupancy SHA-256 matched
[depth_angular_controller-1] [INFO] [1791295806.101724488] [depth_angular_controller]: ZERO_INTENT
[depth_angular_controller-1] [INFO] [1791295807.015654057] [depth_angular_controller]: OMNI_DEPTH views=4 azimuth_bins=180 elevation_bins=37 valid=1 certificates=1 yaw=6.34
[depth_angular_controller-1] [INFO] [1791295807.015747122] [depth_angular_controller]: DEPTH_PROPOSAL_CERTIFIED
[depth_angular_controller-1] [INFO] [1791295807.015753935] [depth_angular_controller]: PAPER_BUILD reason=FULL_MOTION_CERTIFICATE required=0.0000 best=0.0000 free=0 refined=0 tubes=0 revoked_tubes=0 proofs=0
[depth_angular_controller-1] [INFO] [1791295807.015760427] [depth_angular_controller]: PAPER_EVIDENCE retained=4 balls=1 revoked_balls=0 expired_views=0 evicted_views=0 radius=0.580 clearance=0.000 best_prefix=0.000
[depth_angular_controller-1] [INFO] [1791295808.088014047] [depth_angular_controller]: OMNI_DEPTH views=4 azimuth_bins=180 elevation_bins=37 valid=1 certificates=1 yaw=6.34
[depth_angular_controller-1] [INFO] [1791295808.088704134] [depth_angular_controller]: PAPER_BUILD reason=FULL_MOTION_CERTIFICATE required=0.0000 best=0.0000 free=0 refined=0 tubes=1 revoked_tubes=0 proofs=54
[depth_angular_controller-1] [INFO] [1791295808.089431961] [depth_angular_controller]: PAPER_EVIDENCE retained=8 balls=4 revoked_balls=0 expired_views=0 evicted_views=0 radius=0.580 clearance=0.000 best_prefix=0.000
[depth_angular_controller-1] [INFO] [1791295809.100073833] [depth_angular_controller]: OMNI_DEPTH views=4 azimuth_bins=180 elevation_bins=37 valid=1 certificates=4 yaw=6.34
[depth_angular_controller-1] [INFO] [1791295809.100278859] [depth_angular_controller]: PAPER_BUILD reason=FULL_MOTION_CERTIFICATE required=0.0000 best=0.0000 free=0 refined=0 tubes=4 revoked_tubes=0 proofs=109
[depth_angular_controller-1] [INFO] [1791295809.100291673] [depth_angular_controller]: PAPER_EVIDENCE retained=12 balls=14 revoked_balls=0 expired_views=0 evicted_views=0 radius=0.580 clearance=0.000 best_prefix=0.000
[10.878s] [ext: isaacsim.sensors.rtx.nodes-0.1.2] startup
[10.886s] [ext: isaacsim.ros2.core-1.9.4] startup
[10.900s] Attempting to load system rclpy
[10.900s] Could not import system rclpy: No module named 'rclpy'
[10.900s] Attempting to load internal rclpy for ROS Distro: humble
[10.911s] rclpy loaded
[10.914s] [ext: isaacsim.ros2.nodes-1.18.13] startup
[10.948s] [ext: isaacsim.ros2.examples-1.2.4] startup
[10.952s] [ext: isaacsim.ros2.ui-1.6.5] startup
[11.159s] [ext: isaacsim.ros2.bridge-5.1.2] startup
2026-10-06T14:10:06Z [13,079ms] [Warning] [omni.timeline.plugin] Deprecated: direct use of ITimeline callbacks is deprecated. Use ITimeline::getTimeline (Python: omni.timeline.get_timeline_interface) instead.
[depth_angular_controller-1] [INFO] [1791295810.053323718] [depth_angular_controller]: OMNI_DEPTH views=4 azimuth_bins=180 elevation_bins=37 valid=1 certificates=1 yaw=10.00
[depth_angular_controller-1] [INFO] [1791295810.055906342] [depth_angular_controller]: PAPER_BUILD reason=FULL_MOTION_CERTIFICATE required=0.0000 best=0.0000 free=0 refined=0 tubes=8 revoked_tubes=0 proofs=128
[depth_angular_controller-1] [INFO] [1791295810.055922362] [depth_angular_controller]: PAPER_EVIDENCE retained=16 balls=28 revoked_balls=0 expired_views=0 evicted_views=0 radius=0.580 clearance=0.000 best_prefix=0.000
[depth_angular_controller-1] [INFO] [1791295811.117256260] [depth_angular_controller]: [PERF CTRL] run=explore_v1_spin_ego1p3_1 elapsed=18.74s callbacks=293 commands=292 guidance=232 command_fps(ros/wall)=60.00/57.63 guidance_wall_fps=56.32 avoid_ms(mean/p50/p95/max)=1.918/1.594/5.706/6.220 cycle_ms(mean/p95/max)=17.353/20.037/79.668 depth_to_cmd_ms(mean/p95/max)=53.376/100.000/116.667 callback_to_publish_ms(mean/p95/max)=2.870/7.924/13.426
[depth_angular_controller-1] [INFO] [1791295811.117317796] [depth_angular_controller]: EVIDENCE_COST ingest(mean/p95/max)=1.263/5.314/13.382 record=0.011/0.016/0.048 ms
[depth_angular_controller-1] [INFO] [1791295811.117324698] [depth_angular_controller]: EVIDENCE_PHASE per_view_mean_ms balls=0.054 tubes=0.010 history=0.225 eviction=0.000
[position_cmd_to_twist-2] [INFO] [1791295811.181557352] [position_cmd_to_twist]: [PERF BRIDGE] run=explore_v1_spin_ego1p3_1 elapsed=18.69s received=295 published=295 fps(ros/wall)=60.00/57.69 controller_to_bridge_ms(mean/p50/p95/max)=0.000/0.000/0.000/0.000 bridge_process_ms(mean/p95/max)=0.098/0.114/1.103
[NAV] t=5.0s position=(-59.13,-10.50,2.64) yaw=80.5deg command=(0.83,0.17,-0.10) manual_active=1 collision_blocks=0
[depth_angular_controller-1] [INFO] [1791295811.257426333] [depth_angular_controller]: OMNI_DEPTH views=4 azimuth_bins=180 elevation_bins=37 valid=1 certificates=2 yaw=6.00
[depth_angular_controller-1] [INFO] [1791295811.260204544] [depth_angular_controller]: PAPER_BUILD reason=FULL_MOTION_CERTIFICATE required=0.0000 best=0.0000 free=0 refined=0 tubes=11 revoked_tubes=0 proofs=128
[depth_angular_controller-1] [INFO] [1791295811.260215435] [depth_angular_controller]: PAPER_EVIDENCE retained=16 balls=32 revoked_balls=0 expired_views=0 evicted_views=4 radius=0.580 clearance=0.000 best_prefix=0.000
[depth_angular_controller-1] [INFO] [1791295811.964883386] [depth_angular_controller]: OUTSIDE_FLOW_BOX
[depth_angular_controller-1] [INFO] [1791295811.969924159] [depth_angular_controller]: TARGET_HOLD
[depth_angular_controller-1] [INFO] [1791295812.178873581] [depth_angular_controller]: CERTIFIED_TRACKING
[depth_angular_controller-1] [INFO] [1791295812.186219366] [depth_angular_controller]: TARGET_HOLD
[depth_angular_controller-1] [INFO] [1791295812.296929605] [depth_angular_controller]: CERTIFIED_TRACKING
[depth_angular_controller-1] [INFO] [1791295812.308001312] [depth_angular_controller]: TARGET_HOLD
[depth_angular_controller-1] [INFO] [1791295812.347259591] [depth_angular_controller]: OMNI_DEPTH views=4 azimuth_bins=180 elevation_bins=37 valid=0 certificates=24 yaw=0.00
[depth_angular_controller-1] [INFO] [1791295812.348261403] [depth_angular_controller]: PAPER_BUILD reason=READY required=0.0837 best=3.5861 free=234 refined=0 tubes=12 revoked_tubes=0 proofs=128
[depth_angular_controller-1] [INFO] [1791295812.348268106] [depth_angular_controller]: PAPER_EVIDENCE retained=16 balls=32 revoked_balls=0 expired_views=0 evicted_views=8 radius=0.580 clearance=0.500 best_prefix=3.586
[depth_angular_controller-1] [INFO] [1791295812.406721388] [depth_angular_controller]: CERTIFIED_TRACKING
[depth_angular_controller-1] [INFO] [1791295812.422650103] [depth_angular_controller]: TRACKING
[depth_angular_controller-1] [INFO] [1791295812.434514760] [depth_angular_controller]: CERTIFIED_TRACKING
[depth_angular_controller-1] [INFO] [1791295812.475155928] [depth_angular_controller]: TRACKING
[depth_angular_controller-1] [INFO] [1791295812.520370470] [depth_angular_controller]: CERTIFIED_TRACKING
[depth_angular_controller-1] [INFO] [1791295812.736995777] [depth_angular_controller]: TARGET_HOLD
[depth_angular_controller-1] [INFO] [1791295812.836016878] [depth_angular_controller]: CERTIFIED_TRACKING
[depth_angular_controller-1] [INFO] [1791295812.847756331] [depth_angular_controller]: DEPTH_PROPOSAL_CERTIFIED
[depth_angular_controller-1] [INFO] [1791295812.889100519] [depth_angular_controller]: CERTIFIED_TRACKING
[depth_angular_controller-1] [INFO] [1791295812.910169354] [depth_angular_controller]: DEPTH_PROPOSAL_CERTIFIED
[depth_angular_controller-1] [INFO] [1791295813.296441821] [depth_angular_controller]: OMNI_DEPTH views=4 azimuth_bins=180 elevation_bins=37 valid=1 certificates=1 yaw=6.34
[depth_angular_controller-1] [INFO] [1791295813.297033793] [depth_angular_controller]: PAPER_BUILD reason=FULL_MOTION_CERTIFICATE required=0.0000 best=0.0000 free=0 refined=0 tubes=15 revoked_tubes=0 proofs=128
[depth_angular_controller-1] [INFO] [1791295813.297054623] [depth_angular_controller]: PAPER_EVIDENCE retained=16 balls=32 revoked_balls=0 expired_views=0 evicted_views=12 radius=0.580 clearance=0.000 best_prefix=7.167
[depth_angular_controller-1] [INFO] [1791295814.370995082] [depth_angular_controller]: OMNI_DEPTH views=4 azimuth_bins=180 elevation_bins=37 valid=1 certificates=1 yaw=6.34
[depth_angular_controller-1] [INFO] [1791295814.371184388] [depth_angular_controller]: PAPER_BUILD reason=FULL_MOTION_CERTIFICATE required=0.0000 best=0.0000 free=0 refined=0 tubes=19 revoked_tubes=0 proofs=128
[depth_angular_controller-1] [INFO] [1791295814.371192243] [depth_angular_controller]: PAPER_EVIDENCE retained=16 balls=32 revoked_balls=0 expired_views=0 evicted_views=16 radius=0.580 clearance=0.000 best_prefix=7.167
[depth_angular_controller-1] [INFO] [1791295815.324163885] [depth_angular_controller]: OMNI_DEPTH views=4 azimuth_bins=180 elevation_bins=37 valid=1 certificates=1 yaw=6.34
[depth_angular_controller-1] [INFO] [1791295815.324412742] [depth_angular_controller]: PAPER_BUILD reason=FULL_MOTION_CERTIFICATE required=0.0000 best=0.0000 free=0 refined=0 tubes=23 revoked_tubes=0 proofs=128
[depth_angular_controller-1] [INFO] [1791295815.324423112] [depth_angular_controller]: PAPER_EVIDENCE retained=16 balls=32 revoked_balls=0 expired_views=0 evicted_views=20 radius=0.580 clearance=0.000 best_prefix=7.167
[depth_angular_controller-1] [INFO] [1791295816.127621763] [depth_angular_controller]: [PERF CTRL] run=explore_v1_spin_ego1p3_1 elapsed=23.75s callbacks=577 commands=576 guidance=516 command_fps(ros/wall)=59.18/57.16 guidance_wall_fps=56.52 avoid_ms(mean/p50/p95/max)=2.682/0.355/7.311/40.467 cycle_ms(mean/p95/max)=17.496/22.709/83.320 depth_to_cmd_ms(mean/p95/max)=45.252/83.333/116.667 callback_to_publish_ms(mean/p95/max)=4.368/11.087/40.790
[depth_angular_controller-1] [INFO] [1791295816.127704879] [depth_angular_controller]: EVIDENCE_COST ingest(mean/p95/max)=1.859/6.284/13.722 record=0.037/0.240/0.589 ms
[depth_angular_controller-1] [INFO] [1791295816.127709759] [depth_angular_controller]: EVIDENCE_PHASE per_view_mean_ms balls=0.062 tubes=0.050 history=0.329 eviction=0.001
[position_cmd_to_twist-2] [INFO] [1791295816.314445543] [position_cmd_to_twist]: [PERF BRIDGE] run=explore_v1_spin_ego1p3_1 elapsed=23.83s received=587 published=587 fps(ros/wall)=59.19/57.26 controller_to_bridge_ms(mean/p50/p95/max)=0.738/0.000/0.000/33.333 bridge_process_ms(mean/p95/max)=0.093/0.114/1.103
[NAV] t=10.0s position=(-53.18,-9.01,2.45) yaw=-179.2deg command=(1.80,0.21,-0.00) manual_active=1 collision_blocks=0
[depth_angular_controller-1] [INFO] [1791295816.396681190] [depth_angular_controller]: OMNI_DEPTH views=4 azimuth_bins=180 elevation_bins=37 valid=1 certificates=1 yaw=6.34
[depth_angular_controller-1] [INFO] [1791295816.396997384] [depth_angular_controller]: PAPER_BUILD reason=FULL_MOTION_CERTIFICATE required=0.0000 best=0.0000 free=0 refined=0 tubes=27 revoked_tubes=0 proofs=128
[depth_angular_controller-1] [INFO] [1791295816.397007583] [depth_angular_controller]: PAPER_EVIDENCE retained=16 balls=32 revoked_balls=0 expired_views=0 evicted_views=24 radius=0.580 clearance=0.000 best_prefix=7.167
[depth_angular_controller-1] [INFO] [1791295817.410526292] [depth_angular_controller]: OMNI_DEPTH views=4 azimuth_bins=180 elevation_bins=37 valid=1 certificates=1 yaw=6.34
[depth_angular_controller-1] [INFO] [1791295817.410798614] [depth_angular_controller]: PAPER_BUILD reason=FULL_MOTION_CERTIFICATE required=0.0000 best=0.0000 free=0 refined=0 tubes=31 revoked_tubes=0 proofs=128
[depth_angular_controller-1] [INFO] [1791295817.410809755] [depth_angular_controller]: PAPER_EVIDENCE retained=16 balls=32 revoked_balls=0 expired_views=0 evicted_views=28 radius=0.580 clearance=0.000 best_prefix=7.167
[depth_angular_controller-1] [INFO] [1791295818.545060817] [depth_angular_controller]: OMNI_DEPTH views=4 azimuth_bins=180 elevation_bins=37 valid=1 certificates=1 yaw=6.00
[depth_angular_controller-1] [INFO] [1791295818.545346233] [depth_angular_controller]: PAPER_BUILD reason=FULL_MOTION_CERTIFICATE required=0.0000 best=0.0000 free=0 refined=0 tubes=35 revoked_tubes=0 proofs=128
[depth_angular_controller-1] [INFO] [1791295818.545355471] [depth_angular_controller]: PAPER_EVIDENCE retained=16 balls=32 revoked_balls=0 expired_views=0 evicted_views=32 radius=0.580 clearance=0.000 best_prefix=7.167
[depth_angular_controller-1] [INFO] [1791295819.564893522] [depth_angular_controller]: OMNI_DEPTH views=4 azimuth_bins=180 elevation_bins=37 valid=1 certificates=2 yaw=-4.00
[depth_angular_controller-1] [INFO] [1791295819.567300966] [depth_angular_controller]: PAPER_BUILD reason=FULL_MOTION_CERTIFICATE required=0.0000 best=0.0000 free=0 refined=0 tubes=38 revoked_tubes=0 proofs=128
[depth_angular_controller-1] [INFO] [1791295819.567325823] [depth_angular_controller]: PAPER_EVIDENCE retained=16 balls=32 revoked_balls=0 expired_views=0 evicted_views=36 radius=0.580 clearance=0.000 best_prefix=7.167
[depth_angular_controller-1] [INFO] [1791295820.648504856] [depth_angular_controller]: PAPER_BUILD reason=FULL_MOTION_CERTIFICATE required=0.0000 best=0.0000 free=0 refined=0 tubes=39 revoked_tubes=0 proofs=128
[depth_angular_controller-1] [INFO] [1791295820.648548628] [depth_angular_controller]: PAPER_EVIDENCE retained=16 balls=32 revoked_balls=0 expired_views=0 evicted_views=40 radius=0.580 clearance=0.000 best_prefix=7.167
[depth_angular_controller-1] [INFO] [1791295820.658887077] [depth_angular_controller]: OMNI_DEPTH views=4 azimuth_bins=180 elevation_bins=37 valid=1 certificates=1 yaw=-26.00
[depth_angular_controller-1] [INFO] [1791295821.130550460] [depth_angular_controller]: [PERF CTRL] run=explore_v1_spin_ego1p3_1 elapsed=28.75s callbacks=862 commands=861 guidance=801 command_fps(ros/wall)=59.45/57.09 guidance_wall_fps=56.68 avoid_ms(mean/p50/p95/max)=3.300/1.637/10.675/40.467 cycle_ms(mean/p95/max)=17.515/23.920/84.079 depth_to_cmd_ms(mean/p95/max)=41.615/83.333/116.667 callback_to_publish_ms(mean/p95/max)=5.211/14.221/40.790
[depth_angular_controller-1] [INFO] [1791295821.130658884] [depth_angular_controller]: EVIDENCE_COST ingest(mean/p95/max)=2.028/7.037/13.722 record=0.036/0.237/0.589 ms
[depth_angular_controller-1] [INFO] [1791295821.130667110] [depth_angular_controller]: EVIDENCE_PHASE per_view_mean_ms balls=0.064 tubes=0.055 history=0.363 eviction=0.001
[depth_angular_controller-1] [INFO] [1791295821.331657944] [depth_angular_controller]: SINGULAR_FIELD
[depth_angular_controller-1] [INFO] [1791295821.348837811] [depth_angular_controller]: DEPTH_PROPOSAL_CERTIFIED
[depth_angular_controller-1] [INFO] [1791295821.430671822] [depth_angular_controller]: CERTIFIED_TRACKING
[depth_angular_controller-1] [INFO] [1791295821.454486928] [depth_angular_controller]: REFERENCE_INITIALIZATION
[depth_angular_controller-1] [INFO] [1791295821.548457188] [depth_angular_controller]: OUTSIDE_FLOW_BOX
[depth_angular_controller-1] [INFO] [1791295821.580565700] [depth_angular_controller]: STATE_OUTSIDE_FREE_DOMAIN
[position_cmd_to_twist-2] [INFO] [1791295821.592961205] [position_cmd_to_twist]: [PERF BRIDGE] run=explore_v1_spin_ego1p3_1 elapsed=29.11s received=878 published=878 fps(ros/wall)=58.99/56.53 controller_to_bridge_ms(mean/p50/p95/max)=1.291/0.000/16.667/50.000 bridge_process_ms(mean/p95/max)=0.092/0.116/1.103
[depth_angular_controller-1] [INFO] [1791295821.597236600] [depth_angular_controller]: CERTIFIED_TRACKING
[depth_angular_controller-1] [INFO] [1791295821.660176073] [depth_angular_controller]: TARGET_HOLD
[NAV] t=15.0s position=(-47.14,-8.37,2.40) yaw=-78.9deg command=(0.02,-0.01,-0.00) manual_active=1 collision_blocks=0
[depth_angular_controller-1] [INFO] [1791295821.685923730] [depth_angular_controller]: OMNI_DEPTH views=4 azimuth_bins=180 elevation_bins=37 valid=0 certificates=24 yaw=0.00
[depth_angular_controller-1] [INFO] [1791295821.689957692] [depth_angular_controller]: PAPER_BUILD reason=READY required=0.0100 best=1.7955 free=45 refined=0 tubes=40 revoked_tubes=0 proofs=128
[depth_angular_controller-1] [INFO] [1791295821.689986946] [depth_angular_controller]: PAPER_EVIDENCE retained=16 balls=32 revoked_balls=0 expired_views=0 evicted_views=44 radius=0.580 clearance=0.164 best_prefix=1.796
[depth_angular_controller-1] [INFO] [1791295821.775652058] [depth_angular_controller]: CERTIFIED_TRACKING
[depth_angular_controller-1] [INFO] [1791295821.802941363] [depth_angular_controller]: TARGET_HOLD
[depth_angular_controller-1] [INFO] [1791295821.950469605] [depth_angular_controller]: CERTIFIED_TRACKING
[depth_angular_controller-1] [INFO] [1791295822.151070877] [depth_angular_controller]: COMPUTE_DEADLINE
[depth_angular_controller-1] [INFO] [1791295822.479735130] [depth_angular_controller]: CERTIFIED_TRACKING
[depth_angular_controller-1] [INFO] [1791295822.757972094] [depth_angular_controller]: OMNI_DEPTH views=4 azimuth_bins=180 elevation_bins=37 valid=0 certificates=24 yaw=0.00
[depth_angular_controller-1] [INFO] [1791295822.887201667] [depth_angular_controller]: COMPUTE_DEADLINE
[depth_angular_controller-1] [INFO] [1791295822.887236683] [depth_angular_controller]: PAPER_BUILD reason=STATE_DIRECTION_UNCERTIFIED required=0.0761 best=1.7955 free=584 refined=1 tubes=56 revoked_tubes=0 proofs=128
[depth_angular_controller-1] [INFO] [1791295822.887247724] [depth_angular_controller]: PAPER_EVIDENCE retained=16 balls=32 revoked_balls=0 expired_views=0 evicted_views=48 radius=0.580 clearance=0.000 best_prefix=1.796
[depth_angular_controller-1] [INFO] [1791295823.143366261] [depth_angular_controller]: CERTIFIED_TRACKING
[depth_angular_controller-1] [INFO] [1791295823.203617962] [depth_angular_controller]: TARGET_HOLD
[depth_angular_controller-1] [INFO] [1791295823.413761458] [depth_angular_controller]: CERTIFIED_TRACKING
[depth_angular_controller-1] [INFO] [1791295823.694987539] [depth_angular_controller]: TARGET_HOLD
[depth_angular_controller-1] [INFO] [1791295823.713236345] [depth_angular_controller]: DEPTH_PROPOSAL_CERTIFIED
[depth_angular_controller-1] [INFO] [1791295823.793853820] [depth_angular_controller]: COMPUTE_DEADLINE
[depth_angular_controller-1] [INFO] [1791295823.816527701] [depth_angular_controller]: DEPTH_PROPOSAL_CERTIFIED
[depth_angular_controller-1] [INFO] [1791295823.917301206] [depth_angular_controller]: OMNI_DEPTH views=4 azimuth_bins=180 elevation_bins=37 valid=1 certificates=1 yaw=-26.00
[depth_angular_controller-1] [INFO] [1791295824.045948755] [depth_angular_controller]: PAPER_BUILD reason=FULL_MOTION_CERTIFICATE required=0.0000 best=0.0000 free=0 refined=0 tubes=64 revoked_tubes=0 proofs=128
[depth_angular_controller-1] [INFO] [1791295824.045982859] [depth_angular_controller]: PAPER_EVIDENCE retained=16 balls=32 revoked_balls=0 expired_views=0 evicted_views=52 radius=0.580 clearance=0.000 best_prefix=7.167
[depth_angular_controller-1] [INFO] [1791295825.072341448] [depth_angular_controller]: COMPUTE_DEADLINE
[depth_angular_controller-1] [INFO] [1791295825.072379840] [depth_angular_controller]: PAPER_BUILD reason=STATE_DIRECTION_UNCERTIFIED required=0.7326 best=7.1671 free=779 refined=1 tubes=65 revoked_tubes=0 proofs=128
[depth_angular_controller-1] [INFO] [1791295825.072389639] [depth_angular_controller]: PAPER_EVIDENCE retained=16 balls=32 revoked_balls=0 expired_views=0 evicted_views=56 radius=0.580 clearance=0.000 best_prefix=7.167
[depth_angular_controller-1] [INFO] [1791295825.105386129] [depth_angular_controller]: OMNI_DEPTH views=4 azimuth_bins=180 elevation_bins=37 valid=0 certificates=24 yaw=0.00
[depth_angular_controller-1] [INFO] [1791295825.350525803] [depth_angular_controller]: CERTIFIED_TRACKING
[depth_angular_controller-1] [INFO] [1791295825.455954567] [depth_angular_controller]: TARGET_HOLD
[depth_angular_controller-1] [INFO] [1791295825.474216567] [depth_angular_controller]: DEPTH_PROPOSAL_CERTIFIED
[depth_angular_controller-1] [INFO] [1791295826.116316534] [depth_angular_controller]: PAPER_BUILD reason=FULL_MOTION_CERTIFICATE required=0.0000 best=0.0000 free=0 refined=0 tubes=67 revoked_tubes=0 proofs=128
[depth_angular_controller-1] [INFO] [1791295826.116355287] [depth_angular_controller]: PAPER_EVIDENCE retained=16 balls=32 revoked_balls=0 expired_views=0 evicted_views=60 radius=0.580 clearance=0.000 best_prefix=7.167
[depth_angular_controller-1] [INFO] [1791295826.135032186] [depth_angular_controller]: OMNI_DEPTH views=4 azimuth_bins=180 elevation_bins=37 valid=1 certificates=2 yaw=2.54
[depth_angular_controller-1] [INFO] [1791295826.135400008] [depth_angular_controller]: [PERF CTRL] run=explore_v1_spin_ego1p3_1 elapsed=33.76s callbacks=1022 commands=1021 guidance=961 command_fps(ros/wall)=53.22/50.83 guidance_wall_fps=50.21 avoid_ms(mean/p50/p95/max)=6.597/2.337/17.083/233.951 cycle_ms(mean/p95/max)=19.674/43.622/234.326 depth_to_cmd_ms(mean/p95/max)=39.872/83.333/116.667 callback_to_publish_ms(mean/p95/max)=8.836/24.947/234.265
[depth_angular_controller-1] [INFO] [1791295826.135479797] [depth_angular_controller]: EVIDENCE_COST ingest(mean/p95/max)=2.450/7.799/19.405 record=0.099/0.504/1.237 ms
[depth_angular_controller-1] [INFO] [1791295826.135486360] [depth_angular_controller]: EVIDENCE_PHASE per_view_mean_ms balls=0.076 tubes=0.076 history=0.436 eviction=0.001
[position_cmd_to_twist-2] [INFO] [1791295826.822084623] [position_cmd_to_twist]: [PERF BRIDGE] run=explore_v1_spin_ego1p3_1 elapsed=34.34s received=1065 published=1059 fps(ros/wall)=53.47/51.01 controller_to_bridge_ms(mean/p50/p95/max)=4.632/0.000/16.667/250.000 bridge_process_ms(mean/p95/max)=0.092/0.118/1.103
[NAV] t=20.0s position=(-44.46,-9.28,1.73) yaw=21.4deg command=(1.66,0.14,0.00) manual_active=1 collision_blocks=0
[depth_angular_controller-1] [INFO] [1791295827.061703541] [depth_angular_controller]: PAPER_BUILD reason=FULL_MOTION_CERTIFICATE required=0.0000 best=0.0000 free=0 refined=0 tubes=71 revoked_tubes=0 proofs=128
[depth_angular_controller-1] [INFO] [1791295827.061747214] [depth_angular_controller]: PAPER_EVIDENCE retained=16 balls=32 revoked_balls=0 expired_views=0 evicted_views=64 radius=0.580 clearance=0.000 best_prefix=7.167
[depth_angular_controller-1] [INFO] [1791295827.075550795] [depth_angular_controller]: OMNI_DEPTH views=4 azimuth_bins=180 elevation_bins=37 valid=1 certificates=1 yaw=6.34
[depth_angular_controller-1] [INFO] [1791295828.205028146] [depth_angular_controller]: PAPER_BUILD reason=FULL_MOTION_CERTIFICATE required=0.0000 best=0.0000 free=0 refined=0 tubes=74 revoked_tubes=0 proofs=128
[depth_angular_controller-1] [INFO] [1791295828.205064444] [depth_angular_controller]: PAPER_EVIDENCE retained=16 balls=32 revoked_balls=0 expired_views=0 evicted_views=68 radius=0.580 clearance=0.000 best_prefix=7.167
[depth_angular_controller-1] [INFO] [1791295828.227599124] [depth_angular_controller]: OMNI_DEPTH views=4 azimuth_bins=180 elevation_bins=37 valid=1 certificates=1 yaw=6.00
[depth_angular_controller-1] [INFO] [1791295829.170090620] [depth_angular_controller]: PAPER_BUILD reason=FULL_MOTION_CERTIFICATE required=0.0000 best=0.0000 free=0 refined=0 tubes=78 revoked_tubes=0 proofs=128
[depth_angular_controller-1] [INFO] [1791295829.170128241] [depth_angular_controller]: PAPER_EVIDENCE retained=16 balls=32 revoked_balls=0 expired_views=0 evicted_views=72 radius=0.580 clearance=0.000 best_prefix=7.167
[depth_angular_controller-1] [INFO] [1791295829.188176689] [depth_angular_controller]: OMNI_DEPTH views=4 azimuth_bins=180 elevation_bins=37 valid=1 certificates=3 yaw=-0.96
[depth_angular_controller-1] [INFO] [1791295830.187759187] [depth_angular_controller]: PAPER_BUILD reason=FULL_MOTION_CERTIFICATE required=0.0000 best=0.0000 free=0 refined=0 tubes=81 revoked_tubes=0 proofs=128
[depth_angular_controller-1] [INFO] [1791295830.187795806] [depth_angular_controller]: PAPER_EVIDENCE retained=16 balls=32 revoked_balls=0 expired_views=0 evicted_views=76 radius=0.580 clearance=0.000 best_prefix=7.167
[depth_angular_controller-1] [INFO] [1791295830.204729500] [depth_angular_controller]: OMNI_DEPTH views=4 azimuth_bins=180 elevation_bins=37 valid=1 certificates=2 yaw=-18.00
[depth_angular_controller-1] [INFO] [1791295830.634481388] [depth_angular_controller]: COMPUTE_DEADLINE
[depth_angular_controller-1] [INFO] [1791295830.693203215] [depth_angular_controller]: CERTIFIED_TRACKING
[depth_angular_controller-1] [INFO] [1791295830.778819485] [depth_angular_controller]: TARGET_HOLD
[depth_angular_controller-1] [INFO] [1791295830.993536375] [depth_angular_controller]: CERTIFIED_TRACKING
[depth_angular_controller-1] [INFO] [1791295831.295974991] [depth_angular_controller]: [PERF CTRL] run=explore_v1_spin_ego1p3_1 elapsed=38.92s callbacks=1296 commands=1295 guidance=1235 command_fps(ros/wall)=53.77/51.29 guidance_wall_fps=50.82 avoid_ms(mean/p50/p95/max)=6.335/2.318/16.571/248.708 cycle_ms(mean/p95/max)=19.496/41.351/262.154 depth_to_cmd_ms(mean/p95/max)=39.487/83.333/116.667 callback_to_publish_ms(mean/p95/max)=8.809/24.072/252.777
[depth_angular_controller-1] [INFO] [1791295831.296112810] [depth_angular_controller]: EVIDENCE_COST ingest(mean/p95/max)=2.601/7.942/23.001 record=0.087/0.441/1.237 ms
[depth_angular_controller-1] [INFO] [1791295831.296121306] [depth_angular_controller]: EVIDENCE_PHASE per_view_mean_ms balls=0.079 tubes=0.100 history=0.447 eviction=0.001
[depth_angular_controller-1] [INFO] [1791295831.296142516] [depth_angular_controller]: COMPUTE_DEADLINE
[depth_angular_controller-1] [INFO] [1791295831.296147486] [depth_angular_controller]: PAPER_BUILD reason=STATE_OUTSIDE_COMPONENT required=0.1419 best=7.1671 free=869 refined=1 tubes=82 revoked_tubes=0 proofs=128
[depth_angular_controller-1] [INFO] [1791295831.296154479] [depth_angular_controller]: PAPER_EVIDENCE retained=16 balls=32 revoked_balls=0 expired_views=0 evicted_views=80 radius=0.580 clearance=0.000 best_prefix=7.167
[depth_angular_controller-1] [INFO] [1791295831.311713940] [depth_angular_controller]: OMNI_DEPTH views=4 azimuth_bins=180 elevation_bins=37 valid=0 certificates=24 yaw=0.00
[depth_angular_controller-1] [INFO] [1791295831.621821349] [depth_angular_controller]: TARGET_HOLD
[position_cmd_to_twist-2] [INFO] [1791295831.853014633] [position_cmd_to_twist]: [PERF BRIDGE] run=explore_v1_spin_ego1p3_1 elapsed=39.37s received=1306 published=1297 fps(ros/wall)=52.55/50.29 controller_to_bridge_ms(mean/p50/p95/max)=4.811/0.000/16.667/283.333 bridge_process_ms(mean/p95/max)=0.092/0.116/1.152
[NAV] t=25.0s position=(-38.78,-8.75,2.01) yaw=121.6deg command=(0.21,0.14,0.12) manual_active=1 collision_blocks=0
[depth_angular_controller-1] [INFO] [1791295832.103543625] [depth_angular_controller]: COMPUTE_DEADLINE
[depth_angular_controller-1] [INFO] [1791295832.128246009] [depth_angular_controller]: DEPTH_PROPOSAL_CERTIFIED
[depth_angular_controller-1] [INFO] [1791295832.269843064] [depth_angular_controller]: PAPER_BUILD reason=FULL_MOTION_CERTIFICATE required=0.0000 best=0.0000 free=0 refined=0 tubes=85 revoked_tubes=0 proofs=128
[depth_angular_controller-1] [INFO] [1791295832.269880865] [depth_angular_controller]: PAPER_EVIDENCE retained=16 balls=32 revoked_balls=0 expired_views=0 evicted_views=84 radius=0.580 clearance=0.000 best_prefix=7.167
[depth_angular_controller-1] [INFO] [1791295832.282664249] [depth_angular_controller]: OMNI_DEPTH views=4 azimuth_bins=180 elevation_bins=37 valid=1 certificates=1 yaw=6.01
[depth_angular_controller-1] [INFO] [1791295833.328787061] [depth_angular_controller]: COMPUTE_DEADLINE
[depth_angular_controller-1] [INFO] [1791295833.533025839] [depth_angular_controller]: PAPER_BUILD reason=READY required=0.0341 best=7.1671 free=305 refined=0 tubes=86 revoked_tubes=0 proofs=128
[depth_angular_controller-1] [INFO] [1791295833.533070203] [depth_angular_controller]: PAPER_EVIDENCE retained=16 balls=32 revoked_balls=0 expired_views=0 evicted_views=88 radius=0.580 clearance=0.069 best_prefix=7.167
[depth_angular_controller-1] [INFO] [1791295833.550124774] [depth_angular_controller]: OMNI_DEPTH views=4 azimuth_bins=180 elevation_bins=37 valid=0 certificates=24 yaw=0.00
[depth_angular_controller-1] [INFO] [1791295834.164378789] [depth_angular_controller]: TARGET_HOLD
[depth_angular_controller-1] [INFO] [1791295834.294781136] [depth_angular_controller]: COMPUTE_DEADLINE
[depth_angular_controller-1] [INFO] [1791295834.313577380] [depth_angular_controller]: TARGET_HOLD
[depth_angular_controller-1] [INFO] [1791295834.499907973] [depth_angular_controller]: COMPUTE_DEADLINE
[depth_angular_controller-1] [INFO] [1791295834.636057932] [depth_angular_controller]: PAPER_BUILD reason=READY required=0.0100 best=7.1671 free=17 refined=0 tubes=87 revoked_tubes=0 proofs=128
[depth_angular_controller-1] [INFO] [1791295834.636099119] [depth_angular_controller]: PAPER_EVIDENCE retained=16 balls=32 revoked_balls=0 expired_views=0 evicted_views=92 radius=0.580 clearance=0.500 best_prefix=7.167
[depth_angular_controller-1] [INFO] [1791295834.652843166] [depth_angular_controller]: OMNI_DEPTH views=4 azimuth_bins=180 elevation_bins=37 valid=0 certificates=24 yaw=0.00
[depth_angular_controller-1] [INFO] [1791295835.433263550] [depth_angular_controller]: TARGET_HOLD
[depth_angular_controller-1] [INFO] [1791295835.585006573] [depth_angular_controller]: COMPUTE_DEADLINE
[depth_angular_controller-1] [INFO] [1791295835.785516053] [depth_angular_controller]: PAPER_BUILD reason=READY required=0.0156 best=7.1671 free=157 refined=0 tubes=87 revoked_tubes=0 proofs=128
[depth_angular_controller-1] [INFO] [1791295835.785551559] [depth_angular_controller]: PAPER_EVIDENCE retained=16 balls=32 revoked_balls=0 expired_views=0 evicted_views=96 radius=0.580 clearance=0.500 best_prefix=7.167
[depth_angular_controller-1] [INFO] [1791295835.806482956] [depth_angular_controller]: OMNI_DEPTH views=4 azimuth_bins=180 elevation_bins=37 valid=0 certificates=24 yaw=0.00
[depth_angular_controller-1] [INFO] [1791295836.078167246] [depth_angular_controller]: ZERO_INTENT
[depth_angular_controller-1] [INFO] [1791295836.324292252] [depth_angular_controller]: [PERF CTRL] run=explore_v1_spin_ego1p3_1 elapsed=43.94s callbacks=1394 commands=1393 guidance=1320 command_fps(ros/wall)=47.59/46.01 guidance_wall_fps=45.40 avoid_ms(mean/p50/p95/max)=9.039/2.794/32.462/256.250 cycle_ms(mean/p95/max)=21.736/60.633/268.368 depth_to_cmd_ms(mean/p95/max)=39.040/83.333/116.667 callback_to_publish_ms(mean/p95/max)=11.483/34.074/267.698
[depth_angular_controller-1] [INFO] [1791295836.324436703] [depth_angular_controller]: EVIDENCE_COST ingest(mean/p95/max)=2.719/9.195/23.001 record=0.118/0.575/1.365 ms
[depth_angular_controller-1] [INFO] [1791295836.324442714] [depth_angular_controller]: EVIDENCE_PHASE per_view_mean_ms balls=0.082 tubes=0.096 history=0.477 eviction=0.001
[position_cmd_to_twist-2] [INFO] [1791295837.027198031] [position_cmd_to_twist]: [PERF BRIDGE] run=explore_v1_spin_ego1p3_1 elapsed=44.54s received=1432 published=1405 fps(ros/wall)=47.86/45.37 controller_to_bridge_ms(mean/p50/p95/max)=6.983/0.000/33.333/283.333 bridge_process_ms(mean/p95/max)=0.092/0.119/1.152
[NAV] t=30.0s position=(-38.41,-8.65,2.09) yaw=-138.1deg command=(0.00,0.00,0.00) manual_active=1 collision_blocks=0
[depth_angular_controller-1] [INFO] [1791295839.957528509] [depth_angular_controller]: OMNI_DEPTH views=4 azimuth_bins=180 elevation_bins=37 valid=1 certificates=1 yaw=-173.66
[depth_angular_controller-1] [INFO] [1791295839.958545961] [depth_angular_controller]: DEPTH_PROPOSAL_CERTIFIED
[depth_angular_controller-1] [INFO] [1791295839.958565027] [depth_angular_controller]: PAPER_BUILD reason=FULL_MOTION_CERTIFICATE required=0.0000 best=0.0000 free=0 refined=0 tubes=87 revoked_tubes=0 proofs=128
[depth_angular_controller-1] [INFO] [1791295839.958572230] [depth_angular_controller]: PAPER_EVIDENCE retained=16 balls=32 revoked_balls=0 expired_views=0 evicted_views=116 radius=0.580 clearance=0.000 best_prefix=7.167
[depth_angular_controller-1] [INFO] [1791295841.034390258] [depth_angular_controller]: OMNI_DEPTH views=4 azimuth_bins=180 elevation_bins=37 valid=1 certificates=1 yaw=-173.66
[depth_angular_controller-1] [INFO] [1791295841.034628516] [depth_angular_controller]: PAPER_BUILD reason=FULL_MOTION_CERTIFICATE required=0.0000 best=0.0000 free=0 refined=0 tubes=88 revoked_tubes=0 proofs=128
[depth_angular_controller-1] [INFO] [1791295841.034635920] [depth_angular_controller]: PAPER_EVIDENCE retained=16 balls=32 revoked_balls=0 expired_views=0 evicted_views=120 radius=0.580 clearance=0.000 best_prefix=7.167
[depth_angular_controller-1] [INFO] [1791295841.335030856] [depth_angular_controller]: [PERF CTRL] run=explore_v1_spin_ego1p3_1 elapsed=48.96s callbacks=1698 commands=1697 guidance=1400 command_fps(ros/wall)=49.42/48.09 guidance_wall_fps=40.76 avoid_ms(mean/p50/p95/max)=8.547/2.337/28.600/256.250 cycle_ms(mean/p95/max)=20.794/49.491/268.368 depth_to_cmd_ms(mean/p95/max)=38.881/66.667/116.667 callback_to_publish_ms(mean/p95/max)=10.012/27.189/267.698
[depth_angular_controller-1] [INFO] [1791295841.335176209] [depth_angular_controller]: EVIDENCE_COST ingest(mean/p95/max)=2.620/8.033/23.001 record=0.256/1.023/2.239 ms
[depth_angular_controller-1] [INFO] [1791295841.335181409] [depth_angular_controller]: EVIDENCE_PHASE per_view_mean_ms balls=0.077 tubes=0.083 history=0.470 eviction=0.001
[position_cmd_to_twist-2] [INFO] [1791295842.019909868] [position_cmd_to_twist]: [PERF BRIDGE] run=explore_v1_spin_ego1p3_1 elapsed=49.53s received=1732 published=1705 fps(ros/wall)=49.60/47.42 controller_to_bridge_ms(mean/p50/p95/max)=5.774/0.000/33.333/283.333 bridge_process_ms(mean/p95/max)=0.092/0.119/1.152
[NAV] t=35.0s position=(-40.23,-8.85,2.09) yaw=-118.7deg command=(-1.77,-0.19,0.00) manual_active=1 collision_blocks=0
[depth_angular_controller-1] [INFO] [1791295842.100322779] [depth_angular_controller]: OMNI_DEPTH views=4 azimuth_bins=180 elevation_bins=37 valid=1 certificates=1 yaw=-173.66
[depth_angular_controller-1] [INFO] [1791295842.100600280] [depth_angular_controller]: PAPER_BUILD reason=FULL_MOTION_CERTIFICATE required=0.0000 best=0.0000 free=0 refined=0 tubes=91 revoked_tubes=0 proofs=128
[depth_angular_controller-1] [INFO] [1791295842.100608686] [depth_angular_controller]: PAPER_EVIDENCE retained=16 balls=32 revoked_balls=0 expired_views=0 evicted_views=124 radius=0.580 clearance=0.000 best_prefix=7.167
[depth_angular_controller-1] [INFO] [1791295843.053391423] [depth_angular_controller]: OMNI_DEPTH views=4 azimuth_bins=180 elevation_bins=37 valid=1 certificates=1 yaw=-173.66
[depth_angular_controller-1] [INFO] [1791295843.054129240] [depth_angular_controller]: PAPER_BUILD reason=FULL_MOTION_CERTIFICATE required=0.0000 best=0.0000 free=0 refined=0 tubes=95 revoked_tubes=0 proofs=128
[depth_angular_controller-1] [INFO] [1791295843.054153325] [depth_angular_controller]: PAPER_EVIDENCE retained=16 balls=32 revoked_balls=0 expired_views=0 evicted_views=128 radius=0.580 clearance=0.000 best_prefix=7.167
[depth_angular_controller-1] [INFO] [1791295844.199731965] [depth_angular_controller]: OMNI_DEPTH views=4 azimuth_bins=180 elevation_bins=37 valid=1 certificates=1 yaw=-175.71
[depth_angular_controller-1] [INFO] [1791295844.200040455] [depth_angular_controller]: PAPER_BUILD reason=FULL_MOTION_CERTIFICATE required=0.0000 best=0.0000 free=0 refined=0 tubes=99 revoked_tubes=0 proofs=128
[depth_angular_controller-1] [INFO] [1791295844.200048420] [depth_angular_controller]: PAPER_EVIDENCE retained=16 balls=32 revoked_balls=0 expired_views=0 evicted_views=132 radius=0.580 clearance=0.000 best_prefix=7.167
[depth_angular_controller-1] [INFO] [1791295845.318069090] [depth_angular_controller]: OMNI_DEPTH views=4 azimuth_bins=180 elevation_bins=37 valid=1 certificates=1 yaw=-175.23
[depth_angular_controller-1] [INFO] [1791295845.318384754] [depth_angular_controller]: PAPER_BUILD reason=FULL_MOTION_CERTIFICATE required=0.0000 best=0.0000 free=0 refined=0 tubes=102 revoked_tubes=0 proofs=128
[depth_angular_controller-1] [INFO] [1791295845.318392418] [depth_angular_controller]: PAPER_EVIDENCE retained=16 balls=32 revoked_balls=0 expired_views=0 evicted_views=136 radius=0.580 clearance=0.000 best_prefix=7.167
[depth_angular_controller-1] [INFO] [1791295846.357352689] [depth_angular_controller]: [PERF CTRL] run=explore_v1_spin_ego1p3_1 elapsed=53.98s callbacks=1969 commands=1968 guidance=1671 command_fps(ros/wall)=50.52/48.82 guidance_wall_fps=42.45 avoid_ms(mean/p50/p95/max)=7.845/2.350/20.531/256.250 cycle_ms(mean/p95/max)=20.483/48.524/268.368 depth_to_cmd_ms(mean/p95/max)=38.231/66.667/116.667 callback_to_publish_ms(mean/p95/max)=9.630/25.418/267.698
[depth_angular_controller-1] [INFO] [1791295846.357995607] [depth_angular_controller]: EVIDENCE_COST ingest(mean/p95/max)=2.657/8.466/23.001 record=0.227/1.003/3.140 ms
[depth_angular_controller-1] [INFO] [1791295846.358006929] [depth_angular_controller]: EVIDENCE_PHASE per_view_mean_ms balls=0.078 tubes=0.096 history=0.464 eviction=0.001
[depth_angular_controller-1] [INFO] [1791295846.466228351] [depth_angular_controller]: OMNI_DEPTH views=4 azimuth_bins=180 elevation_bins=37 valid=1 certificates=1 yaw=-174.00
[depth_angular_controller-1] [INFO] [1791295846.469899420] [depth_angular_controller]: PAPER_BUILD reason=FULL_MOTION_CERTIFICATE required=0.0000 best=0.0000 free=0 refined=0 tubes=106 revoked_tubes=0 proofs=128
[depth_angular_controller-1] [INFO] [1791295846.469923805] [depth_angular_controller]: PAPER_EVIDENCE retained=16 balls=32 revoked_balls=0 expired_views=0 evicted_views=140 radius=0.580 clearance=0.000 best_prefix=7.167
[position_cmd_to_twist-2] [INFO] [1791295847.475851077] [position_cmd_to_twist]: [PERF BRIDGE] run=explore_v1_spin_ego1p3_1 elapsed=54.99s received=2022 published=1995 fps(ros/wall)=50.65/48.17 controller_to_bridge_ms(mean/p50/p95/max)=5.539/0.000/33.333/283.333 bridge_process_ms(mean/p95/max)=0.092/0.119/1.152
[NAV] t=40.0s position=(-49.24,-9.64,2.04) yaw=141.0deg command=(-1.79,-0.04,-0.12) manual_active=1 collision_blocks=0
[depth_angular_controller-1] [INFO] [1791295847.568432096] [depth_angular_controller]: OMNI_DEPTH views=4 azimuth_bins=180 elevation_bins=37 valid=1 certificates=1 yaw=-180.00
[depth_angular_controller-1] [INFO] [1791295847.598834762] [depth_angular_controller]: PAPER_BUILD reason=FULL_MOTION_CERTIFICATE required=0.0000 best=0.0000 free=0 refined=0 tubes=110 revoked_tubes=0 proofs=128
[depth_angular_controller-1] [INFO] [1791295847.598875208] [depth_angular_controller]: PAPER_EVIDENCE retained=16 balls=32 revoked_balls=0 expired_views=0 evicted_views=144 radius=0.580 clearance=0.000 best_prefix=7.167
[depth_angular_controller-1] [INFO] [1791295848.626310180] [depth_angular_controller]: OMNI_DEPTH views=4 azimuth_bins=180 elevation_bins=37 valid=1 certificates=5 yaw=176.00
[depth_angular_controller-1] [INFO] [1791295848.667428464] [depth_angular_controller]: PAPER_BUILD reason=FULL_MOTION_CERTIFICATE required=0.0000 best=0.0000 free=0 refined=0 tubes=113 revoked_tubes=0 proofs=128
[depth_angular_controller-1] [INFO] [1791295848.667463580] [depth_angular_controller]: PAPER_EVIDENCE retained=16 balls=32 revoked_balls=0 expired_views=0 evicted_views=148 radius=0.580 clearance=0.000 best_prefix=7.167
[depth_angular_controller-1] [INFO] [1791295849.737047573] [depth_angular_controller]: OMNI_DEPTH views=4 azimuth_bins=180 elevation_bins=37 valid=1 certificates=20 yaw=176.00
[depth_angular_controller-1] [INFO] [1791295849.802910560] [depth_angular_controller]: PAPER_BUILD reason=FULL_MOTION_CERTIFICATE required=0.0000 best=0.0000 free=0 refined=0 tubes=114 revoked_tubes=0 proofs=128
[depth_angular_controller-1] [INFO] [1791295849.802950224] [depth_angular_controller]: PAPER_EVIDENCE retained=16 balls=32 revoked_balls=0 expired_views=0 evicted_views=152 radius=0.580 clearance=0.000 best_prefix=7.167
[depth_angular_controller-1] [INFO] [1791295849.977598633] [depth_angular_controller]: COMPUTE_DEADLINE
[depth_angular_controller-1] [INFO] [1791295850.126560890] [depth_angular_controller]: TRACKING
[depth_angular_controller-1] [INFO] [1791295850.282856759] [depth_angular_controller]: COMPUTE_DEADLINE
[depth_angular_controller-1] [INFO] [1791295850.824407862] [depth_angular_controller]: OMNI_DEPTH views=4 azimuth_bins=180 elevation_bins=37 valid=0 certificates=24 yaw=0.00
[depth_angular_controller-1] [INFO] [1791295850.906776589] [depth_angular_controller]: PAPER_BUILD reason=READY required=0.0100 best=7.1671 free=51 refined=0 tubes=114 revoked_tubes=0 proofs=128
[depth_angular_controller-1] [INFO] [1791295850.906809471] [depth_angular_controller]: PAPER_EVIDENCE retained=16 balls=32 revoked_balls=0 expired_views=0 evicted_views=156 radius=0.580 clearance=0.500 best_prefix=7.167
[depth_angular_controller-1] [INFO] [1791295851.134142130] [depth_angular_controller]: TARGET_HOLD
[depth_angular_controller-1] [INFO] [1791295851.288027609] [depth_angular_controller]: COMPUTE_DEADLINE
[depth_angular_controller-1] [INFO] [1791295851.397505282] [depth_angular_controller]: [PERF CTRL] run=explore_v1_spin_ego1p3_1 elapsed=59.02s callbacks=2134 commands=2133 guidance=1836 command_fps(ros/wall)=49.07/47.03 guidance_wall_fps=41.35 avoid_ms(mean/p50/p95/max)=9.019/3.393/31.812/256.250 cycle_ms(mean/p95/max)=21.262/51.612/268.368 depth_to_cmd_ms(mean/p95/max)=37.337/66.667/116.667 callback_to_publish_ms(mean/p95/max)=10.943/32.926/267.698
[depth_angular_controller-1] [INFO] [1791295851.397686653] [depth_angular_controller]: EVIDENCE_COST ingest(mean/p95/max)=2.871/9.536/23.001 record=0.225/1.005/3.140 ms
[depth_angular_controller-1] [INFO] [1791295851.397691953] [depth_angular_controller]: EVIDENCE_PHASE per_view_mean_ms balls=0.081 tubes=0.128 history=0.483 eviction=0.001
[depth_angular_controller-1] [INFO] [1791295851.666166781] [depth_angular_controller]: TARGET_HOLD
[depth_angular_controller-1] [INFO] [1791295851.760319213] [depth_angular_controller]: COMPUTE_DEADLINE
[depth_angular_controller-1] [INFO] [1791295851.783273030] [depth_angular_controller]: TARGET_HOLD
[depth_angular_controller-1] [INFO] [1791295851.955919947] [depth_angular_controller]: COMPUTE_DEADLINE
[depth_angular_controller-1] [INFO] [1791295852.092162149] [depth_angular_controller]: PAPER_BUILD reason=READY required=0.0158 best=7.1671 free=209 refined=0 tubes=115 revoked_tubes=0 proofs=128
[depth_angular_controller-1] [INFO] [1791295852.092198828] [depth_angular_controller]: PAPER_EVIDENCE retained=16 balls=32 revoked_balls=0 expired_views=0 evicted_views=160 radius=0.580 clearance=0.000 best_prefix=7.167
[depth_angular_controller-1] [INFO] [1791295852.126581263] [depth_angular_controller]: OMNI_DEPTH views=4 azimuth_bins=180 elevation_bins=37 valid=0 certificates=24 yaw=0.00
[depth_angular_controller-1] [INFO] [1791295852.479491302] [depth_angular_controller]: TARGET_HOLD
[depth_angular_controller-1] [INFO] [1791295852.600068013] [depth_angular_controller]: COMPUTE_DEADLINE
[position_cmd_to_twist-2] [INFO] [1791295852.902826581] [position_cmd_to_twist]: [PERF BRIDGE] run=explore_v1_spin_ego1p3_1 elapsed=60.42s received=2150 published=2108 fps(ros/wall)=48.04/45.03 controller_to_bridge_ms(mean/p50/p95/max)=7.233/0.000/33.333/283.333 bridge_process_ms(mean/p95/max)=0.092/0.121/1.152
[NAV] t=45.0s position=(-51.26,-9.65,1.89) yaw=40.7deg command=(0.00,0.00,0.00) manual_active=1 collision_blocks=0
[depth_angular_controller-1] [INFO] [1791295853.127852215] [depth_angular_controller]: TARGET_HOLD
[depth_angular_controller-1] [INFO] [1791295853.267535293] [depth_angular_controller]: COMPUTE_DEADLINE
[depth_angular_controller-1] [INFO] [1791295853.267965070] [depth_angular_controller]: PAPER_BUILD reason=READY required=0.0100 best=7.1671 free=52 refined=0 tubes=115 revoked_tubes=0 proofs=128
[depth_angular_controller-1] [INFO] [1791295853.268095906] [depth_angular_controller]: PAPER_EVIDENCE retained=16 balls=32 revoked_balls=0 expired_views=0 evicted_views=164 radius=0.580 clearance=0.049 best_prefix=7.167
[depth_angular_controller-1] [INFO] [1791295853.297256087] [depth_angular_controller]: OMNI_DEPTH views=4 azimuth_bins=180 elevation_bins=37 valid=0 certificates=24 yaw=0.00
[depth_angular_controller-1] [INFO] [1791295854.357119282] [depth_angular_controller]: PAPER_BUILD reason=READY required=0.0100 best=7.1671 free=52 refined=0 tubes=115 revoked_tubes=0 proofs=128
[depth_angular_controller-1] [INFO] [1791295854.357164306] [depth_angular_controller]: PAPER_EVIDENCE retained=16 balls=32 revoked_balls=0 expired_views=0 evicted_views=168 radius=0.580 clearance=0.046 best_prefix=7.167
[depth_angular_controller-1] [INFO] [1791295854.388472835] [depth_angular_controller]: OMNI_DEPTH views=4 azimuth_bins=180 elevation_bins=37 valid=0 certificates=24 yaw=0.00
[depth_angular_controller-1] [INFO] [1791295854.501061644] [depth_angular_controller]: TARGET_HOLD
[depth_angular_controller-1] [INFO] [1791295854.661391474] [depth_angular_controller]: COMPUTE_DEADLINE
[depth_angular_controller-1] [INFO] [1791295855.422122696] [depth_angular_controller]: OMNI_DEPTH views=4 azimuth_bins=180 elevation_bins=37 valid=0 certificates=24 yaw=0.00
[depth_angular_controller-1] [INFO] [1791295855.531754318] [depth_angular_controller]: PAPER_BUILD reason=READY required=0.0100 best=7.1671 free=52 refined=0 tubes=115 revoked_tubes=0 proofs=128
[depth_angular_controller-1] [INFO] [1791295855.531795866] [depth_angular_controller]: PAPER_EVIDENCE retained=16 balls=32 revoked_balls=0 expired_views=0 evicted_views=172 radius=0.580 clearance=0.042 best_prefix=7.167
[depth_angular_controller-1] [INFO] [1791295855.839729049] [depth_angular_controller]: TARGET_HOLD
[depth_angular_controller-1] [INFO] [1791295855.970141825] [depth_angular_controller]: COMPUTE_DEADLINE
[depth_angular_controller-1] [INFO] [1791295856.450514957] [depth_angular_controller]: [PERF CTRL] run=explore_v1_spin_ego1p3_1 elapsed=64.07s callbacks=2182 commands=2181 guidance=1884 command_fps(ros/wall)=45.24/43.27 guidance_wall_fps=38.09 avoid_ms(mean/p50/p95/max)=11.075/4.083/47.595/256.250 cycle_ms(mean/p95/max)=23.111/75.352/268.368 depth_to_cmd_ms(mean/p95/max)=37.067/66.667/116.667 callback_to_publish_ms(mean/p95/max)=13.006/42.666/267.698
[depth_angular_controller-1] [INFO] [1791295856.450706407] [depth_angular_controller]: EVIDENCE_COST ingest(mean/p95/max)=3.129/10.835/25.423 record=0.226/1.002/3.140 ms
[depth_angular_controller-1] [INFO] [1791295856.450723799] [depth_angular_controller]: EVIDENCE_PHASE per_view_mean_ms balls=0.085 tubes=0.153 history=0.518 eviction=0.001
[depth_angular_controller-1] [INFO] [1791295856.644979747] [depth_angular_controller]: OMNI_DEPTH views=4 azimuth_bins=180 elevation_bins=37 valid=0 certificates=24 yaw=0.00
[depth_angular_controller-1] [INFO] [1791295856.773593262] [depth_angular_controller]: PAPER_BUILD reason=READY required=0.0100 best=7.1671 free=52 refined=0 tubes=115 revoked_tubes=0 proofs=128
[depth_angular_controller-1] [INFO] [1791295856.774031385] [depth_angular_controller]: PAPER_EVIDENCE retained=16 balls=32 revoked_balls=0 expired_views=0 evicted_views=176 radius=0.580 clearance=0.049 best_prefix=7.167
[depth_angular_controller-1] [INFO] [1791295857.118397577] [depth_angular_controller]: TARGET_HOLD
[depth_angular_controller-1] [INFO] [1791295857.277618323] [depth_angular_controller]: COMPUTE_DEADLINE
[depth_angular_controller-1] [INFO] [1791295857.795739574] [depth_angular_controller]: OMNI_DEPTH views=4 azimuth_bins=180 elevation_bins=37 valid=0 certificates=24 yaw=0.00
[depth_angular_controller-1] [INFO] [1791295857.910394036] [depth_angular_controller]: PAPER_BUILD reason=READY required=0.0100 best=7.1671 free=52 refined=0 tubes=115 revoked_tubes=0 proofs=128
[depth_angular_controller-1] [INFO] [1791295857.910434883] [depth_angular_controller]: PAPER_EVIDENCE retained=16 balls=32 revoked_balls=0 expired_views=0 evicted_views=180 radius=0.580 clearance=0.127 best_prefix=7.167
[depth_angular_controller-1] [INFO] [1791295857.950694794] [depth_angular_controller]: TARGET_HOLD
[depth_angular_controller-1] [INFO] [1791295858.094112551] [depth_angular_controller]: COMPUTE_DEADLINE
[position_cmd_to_twist-2] [INFO] [1791295858.240111218] [position_cmd_to_twist]: [PERF BRIDGE] run=explore_v1_spin_ego1p3_1 elapsed=65.75s received=2193 published=2122 fps(ros/wall)=44.18/40.77 controller_to_bridge_ms(mean/p50/p95/max)=9.318/0.000/50.000/283.333 bridge_process_ms(mean/p95/max)=0.092/0.120/1.152
[NAV] t=50.0s position=(-51.27,-9.64,1.89) yaw=-59.5deg command=(0.00,0.00,0.00) manual_active=1 collision_blocks=0
[depth_angular_controller-1] [INFO] [1791295859.013710012] [depth_angular_controller]: OMNI_DEPTH views=4 azimuth_bins=180 elevation_bins=37 valid=0 certificates=24 yaw=0.00
[depth_angular_controller-1] [INFO] [1791295859.165842586] [depth_angular_controller]: PAPER_BUILD reason=READY required=0.0100 best=7.1671 free=52 refined=0 tubes=115 revoked_tubes=0 proofs=128
[depth_angular_controller-1] [INFO] [1791295859.165883674] [depth_angular_controller]: PAPER_EVIDENCE retained=16 balls=32 revoked_balls=0 expired_views=0 evicted_views=184 radius=0.580 clearance=0.044 best_prefix=7.167
[depth_angular_controller-1] [INFO] [1791295860.261622219] [depth_angular_controller]: OMNI_DEPTH views=4 azimuth_bins=180 elevation_bins=37 valid=0 certificates=24 yaw=0.00
[depth_angular_controller-1] [INFO] [1791295860.413317692] [depth_angular_controller]: PAPER_BUILD reason=READY required=0.0100 best=7.1671 free=52 refined=0 tubes=115 revoked_tubes=0 proofs=128
[depth_angular_controller-1] [INFO] [1791295860.413352548] [depth_angular_controller]: PAPER_EVIDENCE retained=16 balls=32 revoked_balls=0 expired_views=0 evicted_views=188 radius=0.580 clearance=0.044 best_prefix=7.167
[depth_angular_controller-1] [INFO] [1791295861.354895992] [depth_angular_controller]: OMNI_DEPTH views=4 azimuth_bins=180 elevation_bins=37 valid=0 certificates=24 yaw=0.00
[depth_angular_controller-1] [INFO] [1791295861.505745255] [depth_angular_controller]: [PERF CTRL] run=explore_v1_spin_ego1p3_1 elapsed=69.13s callbacks=2213 commands=2212 guidance=1915 command_fps(ros/wall)=41.88/39.88 guidance_wall_fps=35.13 avoid_ms(mean/p50/p95/max)=13.226/4.246/97.447/256.250 cycle_ms(mean/p95/max)=25.074/83.980/268.368 depth_to_cmd_ms(mean/p95/max)=36.980/66.667/116.667 callback_to_publish_ms(mean/p95/max)=15.107/66.469/267.698
[depth_angular_controller-1] [INFO] [1791295861.505927447] [depth_angular_controller]: EVIDENCE_COST ingest(mean/p95/max)=3.346/12.409/25.423 record=0.226/1.002/3.140 ms
[depth_angular_controller-1] [INFO] [1791295861.505933198] [depth_angular_controller]: EVIDENCE_PHASE per_view_mean_ms balls=0.089 tubes=0.175 history=0.547 eviction=0.001
[depth_angular_controller-1] [INFO] [1791295861.505938097] [depth_angular_controller]: PAPER_BUILD reason=READY required=0.0100 best=7.1671 free=53 refined=0 tubes=115 revoked_tubes=0 proofs=128
[depth_angular_controller-1] [INFO] [1791295861.505943908] [depth_angular_controller]: PAPER_EVIDENCE retained=16 balls=32 revoked_balls=0 expired_views=0 evicted_views=192 radius=0.580 clearance=0.044 best_prefix=7.167
[depth_angular_controller-1] [INFO] [1791295862.421929432] [depth_angular_controller]: OMNI_DEPTH views=4 azimuth_bins=180 elevation_bins=37 valid=0 certificates=24 yaw=0.00
[depth_angular_controller-1] [INFO] [1791295862.740162361] [depth_angular_controller]: PAPER_BUILD reason=READY required=0.0100 best=7.1671 free=52 refined=0 tubes=115 revoked_tubes=0 proofs=128
[depth_angular_controller-1] [INFO] [1791295862.740198629] [depth_angular_controller]: PAPER_EVIDENCE retained=16 balls=32 revoked_balls=0 expired_views=0 evicted_views=196 radius=0.580 clearance=0.044 best_prefix=7.167
[depth_angular_controller-1] [INFO] [1791295863.494140762] [depth_angular_controller]: OMNI_DEPTH views=4 azimuth_bins=180 elevation_bins=37 valid=0 certificates=24 yaw=0.00
[depth_angular_controller-1] [INFO] [1791295863.501575133] [depth_angular_controller]: TARGET_HOLD
[position_cmd_to_twist-2] [INFO] [1791295863.516801679] [position_cmd_to_twist]: [PERF BRIDGE] run=explore_v1_spin_ego1p3_1 elapsed=71.03s received=2224 published=2126 fps(ros/wall)=40.52/37.00 controller_to_bridge_ms(mean/p50/p95/max)=11.496/0.000/83.333/283.333 bridge_process_ms(mean/p95/max)=0.092/0.120/1.152
[NAV] t=55.0s position=(-51.28,-9.64,1.89) yaw=-159.8deg command=(-0.04,0.02,0.01) manual_active=1 collision_blocks=0
[depth_angular_controller-1] [INFO] [1791295863.688019771] [depth_angular_controller]: COMPUTE_DEADLINE
[depth_angular_controller-1] [INFO] [1791295863.879496305] [depth_angular_controller]: PAPER_BUILD reason=READY required=0.0100 best=7.1671 free=53 refined=0 tubes=115 revoked_tubes=0 proofs=128
[depth_angular_controller-1] [INFO] [1791295863.879535599] [depth_angular_controller]: PAPER_EVIDENCE retained=16 balls=32 revoked_balls=0 expired_views=0 evicted_views=202 radius=0.580 clearance=0.041 best_prefix=7.167
[depth_angular_controller-1] [INFO] [1791295864.478486225] [depth_angular_controller]: OMNI_DEPTH views=4 azimuth_bins=180 elevation_bins=37 valid=0 certificates=24 yaw=0.00
[depth_angular_controller-1] [INFO] [1791295865.008370764] [depth_angular_controller]: PAPER_BUILD reason=READY required=0.0100 best=7.1671 free=53 refined=0 tubes=115 revoked_tubes=0 proofs=128
[depth_angular_controller-1] [INFO] [1791295865.008413985] [depth_angular_controller]: PAPER_EVIDENCE retained=16 balls=32 revoked_balls=0 expired_views=0 evicted_views=207 radius=0.580 clearance=0.041 best_prefix=7.167
[depth_angular_controller-1] [INFO] [1791295865.047583627] [depth_angular_controller]: TARGET_HOLD
[depth_angular_controller-1] [INFO] [1791295865.239156482] [depth_angular_controller]: COMPUTE_DEADLINE
[depth_angular_controller-1] [INFO] [1791295865.461810989] [depth_angular_controller]: OMNI_DEPTH views=4 azimuth_bins=180 elevation_bins=37 valid=0 certificates=24 yaw=0.00
[depth_angular_controller-1] [INFO] [1791295866.003522154] [depth_angular_controller]: TARGET_HOLD
[depth_angular_controller-1] [INFO] [1791295866.025905229] [depth_angular_controller]: CERTIFIED_TRACKING
[depth_angular_controller-1] [INFO] [1791295866.025940816] [depth_angular_controller]: PAPER_BUILD reason=READY required=0.0100 best=7.1671 free=53 refined=0 tubes=115 revoked_tubes=0 proofs=128
[depth_angular_controller-1] [INFO] [1791295866.025950474] [depth_angular_controller]: PAPER_EVIDENCE retained=16 balls=32 revoked_balls=0 expired_views=0 evicted_views=211 radius=0.580 clearance=0.051 best_prefix=7.167
[depth_angular_controller-1] [INFO] [1791295866.195250341] [depth_angular_controller]: COMPUTE_DEADLINE
[depth_angular_controller-1] [INFO] [1791295866.226506461] [depth_angular_controller]: TARGET_HOLD
[depth_angular_controller-1] [INFO] [1791295866.455046289] [depth_angular_controller]: COMPUTE_DEADLINE
[depth_angular_controller-1] [INFO] [1791295866.652774192] [depth_angular_controller]: [PERF CTRL] run=explore_v1_spin_ego1p3_1 elapsed=74.27s callbacks=2246 commands=2245 guidance=1948 command_fps(ros/wall)=38.79/37.04 guidance_wall_fps=32.65 avoid_ms(mean/p50/p95/max)=15.320/4.422/114.954/256.250 cycle_ms(mean/p95/max)=26.999/120.747/268.368 depth_to_cmd_ms(mean/p95/max)=36.875/66.667/116.667 callback_to_publish_ms(mean/p95/max)=17.158/120.206/267.698
[depth_angular_controller-1] [INFO] [1791295866.652961814] [depth_angular_controller]: EVIDENCE_COST ingest(mean/p95/max)=3.553/15.394/25.423 record=0.227/0.999/3.140 ms
[depth_angular_controller-1] [INFO] [1791295866.652970080] [depth_angular_controller]: EVIDENCE_PHASE per_view_mean_ms balls=0.092 tubes=0.194 history=0.575 eviction=0.001
[depth_angular_controller-1] [INFO] [1791295866.688770450] [depth_angular_controller]: OMNI_DEPTH views=4 azimuth_bins=180 elevation_bins=37 valid=0 certificates=24 yaw=0.00
[depth_angular_controller-1] [INFO] [1791295867.042762902] [depth_angular_controller]: PAPER_BUILD reason=READY required=0.0100 best=7.1671 free=55 refined=0 tubes=117 revoked_tubes=0 proofs=128
[depth_angular_controller-1] [INFO] [1791295867.042800563] [depth_angular_controller]: PAPER_EVIDENCE retained=16 balls=32 revoked_balls=0 expired_views=0 evicted_views=215 radius=0.580 clearance=0.049 best_prefix=7.167
[depth_angular_controller-1] [INFO] [1791295867.812461737] [depth_angular_controller]: OMNI_DEPTH views=4 azimuth_bins=180 elevation_bins=37 valid=0 certificates=24 yaw=0.00
[depth_angular_controller-1] [INFO] [1791295868.159522663] [depth_angular_controller]: PAPER_BUILD reason=READY required=0.0100 best=7.1671 free=55 refined=0 tubes=117 revoked_tubes=0 proofs=128
[depth_angular_controller-1] [INFO] [1791295868.159562157] [depth_angular_controller]: PAPER_EVIDENCE retained=16 balls=32 revoked_balls=0 expired_views=0 evicted_views=219 radius=0.580 clearance=0.049 best_prefix=7.167
[position_cmd_to_twist-2] [INFO] [1791295868.600885742] [position_cmd_to_twist]: [PERF BRIDGE] run=explore_v1_spin_ego1p3_1 elapsed=76.11s received=2255 published=2131 fps(ros/wall)=37.74/34.10 controller_to_bridge_ms(mean/p50/p95/max)=13.518/0.000/116.667/283.333 bridge_process_ms(mean/p95/max)=0.092/0.120/1.152
[NAV] t=60.0s position=(-51.29,-9.63,1.90) yaw=100.3deg command=(0.00,0.00,0.00) manual_active=0 collision_blocks=0
[depth_angular_controller-1] [INFO] [1791295868.742309281] [depth_angular_controller]: ZERO_INTENT
[depth_angular_controller-1] [INFO] [1791295871.660883625] [depth_angular_controller]: [PERF CTRL] run=explore_v1_spin_ego1p3_1 elapsed=79.28s callbacks=2462 commands=2461 guidance=1959 command_fps(ros/wall)=38.77/37.50 guidance_wall_fps=31.73 avoid_ms(mean/p50/p95/max)=16.177/4.459/121.348/256.250 cycle_ms(mean/p95/max)=26.664/120.747/268.368 depth_to_cmd_ms(mean/p95/max)=36.779/66.667/116.667 callback_to_publish_ms(mean/p95/max)=16.809/120.206/267.698
[depth_angular_controller-1] [INFO] [1791295871.661095573] [depth_angular_controller]: EVIDENCE_COST ingest(mean/p95/max)=3.618/16.706/25.423 record=0.232/0.990/3.140 ms
[depth_angular_controller-1] [INFO] [1791295871.661102276] [depth_angular_controller]: EVIDENCE_PHASE per_view_mean_ms balls=0.091 tubes=0.207 history=0.580 eviction=0.001
[MANUAL RESULT] TIMEOUT position=(-51.293,-9.634,1.896)
[PERF ISAAC FINAL] run=explore_v1_spin_ego1p3_1 result=MANUAL_TIMEOUT wall=66.66s sim_frames=3843 fps(sim/wall)=60.03/57.65 command_changes=1684 collision_blocks=0 frame_interval_ms(mean/p50/p95/max)=17.205/15.900/18.138/78.432
[79.393s] Simulation App Shutting Down
[depth_angular_controller-1] [INFO] [1791295872.698799654] [rclcpp]: signal_handler(SIGINT/SIGTERM)
[position_cmd_to_twist-2] [INFO] [1791295872.699491875] [position_cmd_to_twist]: [PERF BRIDGE FINAL] run=explore_v1_spin_ego1p3_1 elapsed=80.21s received=2494 published=2369 fps(ros/wall)=38.95/35.84 controller_to_bridge_ms(mean/p50/p95/max)=12.477/0.000/100.000/283.333 bridge_process_ms(mean/p95/max)=0.091/0.120/1.152
[position_cmd_to_twist-2] Failed to publish log message to rosout: publisher's context is invalid, at ./src/rcl/publisher.c:389
[depth_angular_controller-1] [INFO] [1791295872.699544123] [depth_angular_controller]: [PERF CTRL FINAL] run=explore_v1_spin_ego1p3_1 elapsed=80.32s callbacks=2495 commands=2494 guidance=1959 command_fps(ros/wall)=38.95/37.74 guidance_wall_fps=31.73 avoid_ms(mean/p50/p95/max)=16.177/4.459/121.348/256.250 cycle_ms(mean/p95/max)=26.500/120.301/268.368 depth_to_cmd_ms(mean/p95/max)=36.779/66.667/116.667 callback_to_publish_ms(mean/p95/max)=16.636/119.002/267.698
[depth_angular_controller-1] [INFO] [1791295872.699717509] [depth_angular_controller]: EVIDENCE_COST ingest(mean/p95/max)=3.615/16.740/25.423 record=0.233/0.989/3.140 ms
[depth_angular_controller-1] [INFO] [1791295872.699721506] [depth_angular_controller]: EVIDENCE_PHASE per_view_mean_ms balls=0.091 tubes=0.208 history=0.579 eviction=0.001
[INFO] [depth_angular_controller-1]: process has finished cleanly [pid 106476]
[INFO] [position_cmd_to_twist-2]: process has finished cleanly [pid 106478]
