[PERF] run=explore_v1_sweep_ego1p3_1 log=/home/starry/isaac-data/EGO1P3/performance/omni_20261006/explore_v1_sweep_ego1p3_1_performance.md
[INPUT] mode=trace scene_mode=cloud
[INFO] [launch]: All log files can be found below /tmp/fov_gvf_ego1p3_isaac_ros_log/2026-10-06-22-07-21-983028-starry-System-Product-Name-105100
[INFO] [launch]: Default logging verbosity is set to INFO
[INFO] [depth_angular_controller-1]: process started with pid [105102]
[INFO] [position_cmd_to_twist-2]: process started with pid [105104]
[depth_angular_controller-1] [INFO] [1791295642.015563899] [depth_angular_controller]: PROCESSING_RATES control=60.0 Hz depth_limit=10.0 Hz (0=unlimited)
[depth_angular_controller-1] [INFO] [1791295642.017766659] [depth_angular_controller]: C++ controller commands publish on /position_cmd; horizontal views=4
[ROS CHECK] ROS_DOMAIN_ID=42 /position_cmd publishers=1
Type: pc_gvf_msgs/msg/PositionCommand
Publisher count: 1
Subscription count: 0
/depth_angular_controller
/position_cmd_to_twist
WARNING: All log messages before absl::InitializeLog() is called are written to STDERR
E0000 00:00:1791295642.963988  105143 descriptor_database.cc:633] File already exists in database: grpc/health/v1/health.proto
W0000 00:00:1791295642.964010  105143 message.cc:301] Protobuf GeneratedMessageFactory: File is already registered: grpc/health/v1/health.proto
2026-10-06T14:07:22Z [Info] [carb] Logging to file: /home/starry/isaac-data/isaacsim/kit/logs/Kit/Isaac-Sim Python/6.0/kit_20261006_220722.log
[0.042s] [ext: omni.assets.plugins-0.0.0] startup
[0.043s] [ext: omni.blobkey-1.1.2] startup
[0.043s] [ext: omni.kit.async_engine-0.0.3] startup
[0.310s] [ext: omni.client.lib-1.1.1] startup
[0.318s] [ext: omni.client-1.3.0] startup
[0.320s] [ext: omni.protobuf.lib-1.0.0] startup
[0.321s] [ext: omni.grpc.lib-1.0.0] startup
[0.324s] [ext: omni.metrics.core-0.0.3] startup
[0.324s] [ext: omni.datastore-0.0.0] startup
[0.324s] [ext: omni.gpu_foundation.shadercache.vulkan-1.0.0] startup
[0.326s] [ext: omni.hsscclient-1.1.4] startup
[0.327s] [ext: omni.stats-1.0.1] startup
[0.327s] [ext: omni.ujitso.default-1.0.0] startup
[0.330s] [ext: omni.gpu_foundation-0.0.0] startup
[0.447s] [ext: carb.windowing.plugins-1.0.1] startup
[0.447s] [ext: omni.kit.renderer.init-1.0.1] startup
2026-10-06T14:07:23Z [642ms] [Warning] [omni.rtx] Skipping unsupported non-NVIDIA GPU: AMD Unknown (RADV RAPHAEL_MENDOCINO)
2026-10-06T14:07:23Z [643ms] [Warning] [omni.rtx] Skipping unsupported non-NVIDIA GPU: AMD Unknown (RADV RAPHAEL_MENDOCINO)

|---------------------------------------------------------------------------------------------|
| Driver Version: 580.178.04    | Graphics API: Vulkan
|=============================================================================================|
| GPU | Name                             | Active | LDA | GPU Memory | Vendor-ID | LUID       |
|     |                                  |        |     |            | Device-ID | UUID       |
|     |                                  |        |     |            | Bus-ID    |            |
|---------------------------------------------------------------------------------------------|
| 0   | NVIDIA GeForce RTX 5070          | Yes: 0 |     | 12227   MB | 10de      | 0          |
|     |                                  |        |     |            | 2f04      | 348d89fe.. |
|     |                                  |        |     |            | 1         |            |
|---------------------------------------------------------------------------------------------|
| 1   | AMD Unknown (RADV RAPHAEL_MEND.. |        |     | 10755   MB | 1002      | 0          |
|     |                                  |        |     |            | 13c0      | 00000000.. |
|     |                                  |        |     |            | c         |            |
|=============================================================================================|
| OS: 22.04.5 LTS (Jammy Jellyfish) ubuntu, Version: 22.04.5, Kernel: 6.8.0-138-generic
| XServer Vendor: The X.Org Foundation, XServer Version: 12101004 (1.21.1.4)
| Processor: AMD Ryzen 5 9600X 6-Core Processor
| Cores: 6 | Logical Cores: 12
|---------------------------------------------------------------------------------------------|
| Total Memory (MB): 31241 | Free Memory: 23424
| Total Page/Swap (MB): 15624 | Free Page/Swap: 15624
|---------------------------------------------------------------------------------------------|
2026-10-06T14:07:23Z [835ms] [Warning] [omni.rtx] CPU performance profile is set to powersave. This profile sets the CPU to the lowest frequency reducing performance.
2026-10-06T14:07:23Z [843ms] [Warning] [omni.rtx] IOMMU is enabled.
[0.941s] [ext: omni.kit.pipapi-0.0.0] startup
[0.942s] [ext: omni.kit.pip_archive-0.0.0] startup
[0.943s] [ext: isaacsim.pip.newton-0.6.1] startup
[0.943s] [ext: omni.pip.compute-1.9.2] startup
[0.943s] [ext: omni.isaac.core_archive-5.3.1] startup
[0.943s] [ext: omni.kit.telemetry-0.5.2] startup
[0.958s] [ext: omni.kit.loop-isaac-1.6.0] startup
[0.959s] [ext: omni.kit.test-2.0.7] startup
[1.008s] [ext: omni.materialx.libs-1.0.9] startup
[1.014s] [ext: omni.gpucompute.plugins-0.0.0] startup
[1.015s] [ext: omni.usd.config-1.0.7] startup
[1.018s] [ext: omni.usd.libs-1.0.3] startup
[1.072s] [ext: omni.iray.libs-0.0.1] startup
[1.075s] [ext: omni.mdl-57.0.3] startup
[1.134s] [ext: omni.mdl.neuraylib-0.2.20] startup
[1.136s] [ext: omni.kit.usd.mdl-1.1.9] startup
[1.219s] [ext: omni.appwindow-1.2.2] startup
[1.220s] [ext: omni.kit.renderer.core-1.2.2] startup
2026-10-06T14:07:29Z [6,447ms] [Warning] [carb.windowing-glfw.gamepad] Joystick with unknown remapping detected (will be ignored):  BEITONG BEITONG A2P3A BFM DONGLE [03000000bc2000001c51000011010000]
[6.477s] [ext: omni.kit.renderer.capture-2.0.1] startup
[6.478s] [ext: omni.kit.renderer.imgui-2.0.6] startup
[6.514s] [ext: omni.ui-3.2.0] startup
[6.521s] [ext: omni.kit.mainwindow-1.0.3] startup
[6.522s] [ext: carb.audio-0.1.0] startup
[6.524s] [ext: omni.uiaudio-1.0.0] startup
[6.524s] [ext: omni.kit.uiapp-0.0.0] startup
[6.524s] [ext: omni.usd.schema.metrics.assembler-110.1.0] startup
[6.526s] [ext: omni.usd.schema.audio-0.0.1] startup
[6.529s] [ext: omni.usd_resolver-1.0.0] startup
[6.531s] [ext: omni.usd.core-1.8.3] startup
[6.533s] [ext: omni.metropolis.schema-0.0.3] startup
[6.534s] [ext: isaacsim.anim.robot.schema-0.1.1] startup
[6.534s] [ext: omni.usd.schema.anim-0.0.1] startup
[6.547s] [ext: omni.usd.schema.geospatial-0.0.1] startup
[6.548s] [ext: omni.usd.schema.omnigraph-1.0.1] startup
[6.552s] [ext: omni.usd.schema.semantics-0.0.0] startup
[6.554s] [ext: omni.activity.core-1.0.3] startup
[6.555s] [ext: omni.cubric-0.1.0] startup
[6.555s] [ext: omni.graph.exec-0.9.6] startup
[6.555s] [ext: omni.hydra.scene_delegate-0.3.5] startup
[6.557s] [ext: usdrt.scenegraph-7.6.3] startup
[6.575s] [ext: omni.hydra.usdrt_delegate-7.5.2] startup
[6.579s] [ext: omni.inspect-1.0.2] startup
[6.580s] [ext: omni.kit.actions.core-1.0.0] startup
[6.581s] [ext: omni.kit.audiodeviceenum-1.0.2] startup
[6.582s] [ext: omni.kit.commands-1.5.0] startup
[6.584s] [ext: omni.kit.exec.core-0.13.5] startup
[6.585s] [ext: omni.kit.usd_undo-0.1.8] startup
[6.585s] [ext: omni.kit.window.popup_dialog-2.0.25] startup
[6.588s] [ext: omni.kit.widget.nucleus_connector-2.3.1] startup
[6.590s] [ext: omni.timeline-1.1.0] startup
[6.591s] [ext: omni.usd-1.16.0] startup
[6.615s] [ext: omni.graph.core-3.1.2] startup
[6.617s] [ext: omni.kit.notification_manager-1.0.11] startup
[6.619s] [ext: isaacsim.core.deprecation_manager-0.4.2] startup
[6.619s] [ext: isaacsim.replicator.agent.schema-0.1.1] startup
[6.620s] [ext: isaacsim.robot.schema-6.3.7] startup
[6.624s] [ext: isaacsim.robot_motion.schema-0.2.1] startup
[6.624s] [ext: omni.anim.behavior.schema-110.1.0] startup
[6.627s] [ext: omni.anim.graph.schema-110.1.1] startup
[6.632s] [ext: omni.anim.navigation.schema-110.1.0] startup
[6.634s] [ext: omni.behavior.tree.schema-110.1.0] startup
[6.635s] [ext: omni.isaac.ml_archive-3.3.0] startup
[6.635s] [ext: omni.kit.asset_converter-6.0.1] startup
[6.644s] [ext: omni.pip.cloud-1.5.4] startup
[6.646s] [ext: omni.usd.schema.flow-110.0.0] startup
[6.647s] [ext: omni.usd.schema.mujoco-1.1.1] startup
[6.647s] [ext: omni.usd.schema.newton-1.2.1] startup
[6.648s] [ext: omni.usd.schema.omni_lens_distortion-1.0.0] startup
[6.648s] [ext: omni.usd.schema.omni_projectors-1.0.0] startup
[6.649s] [ext: omni.usd.schema.omni_sensors-0.0.0] startup
[6.655s] [ext: omni.usd.schema.omniscripting-1.0.1] startup
[6.658s] [ext: omni.usd.schema.physical_lighting-0.1.0] startup
[6.661s] [ext: omni.usd.schema.physx-110.1.13] startup
[6.685s] [ext: omni.usd.schema.render_settings.rtx-1.0.2] startup
[6.688s] [ext: omni.usd.schema.usd_particle_field-1.0.0] startup
[6.689s] [ext: isaacsim.core.version-2.1.1] startup
[6.689s] [ext: omni.kit.menu.core-1.2.0] startup
[6.690s] [ext: omni.kit.menu.utils-2.2.4] startup
[6.695s] [ext: isaacsim.app.about-2.3.1] startup
[6.699s] [ext: isaacsim.asset.transformer-1.2.5] startup
[6.701s] [ext: omni.scene.optimizer.core-110.1.0] startup
[6.732s] [ext: isaacsim.asset.importer.utils-1.8.1] startup
[6.734s] [ext: omni.convexdecomposition-110.1.13] startup
[6.735s] [ext: omni.physics-110.1.13] startup
[6.738s] [ext: omni.physx.gpu-110.1.13] startup
[6.738s] [ext: omni.physx.foundation-110.1.13] startup
[6.739s] [ext: omni.usdphysics-110.1.13] startup
[6.740s] [ext: omni.physx.cooking-110.1.13] startup
[6.742s] [ext: omni.physx-110.1.13] startup
[6.748s] [ext: omni.physics.physx-110.1.13] startup
[6.750s] [ext: isaacsim.asset.exporter.urdf-2.0.5] startup
[6.756s] [ext: omni.kit.clipboard-1.1.1] startup
[6.756s] [ext: omni.kit.usd.layers-2.6.1] startup
[6.762s] [ext: omni.kit.widget.context_menu-1.4.0] startup
[6.763s] [ext: omni.kit.context_menu-1.9.0] startup
[6.764s] [ext: omni.kit.helper.file_utils-0.1.10] startup
[6.765s] [ext: omni.kit.widget.nucleus_info-2.0.2] startup
[6.765s] [ext: omni.kit.search_core-1.0.8] startup
[6.766s] [ext: omni.kit.widget.path_field-2.0.13] startup
[6.766s] [ext: omni.kit.widget.browser_bar-2.0.10] startup
[6.767s] [ext: omni.kit.widget.filebrowser-2.13.4] startup
[6.771s] [ext: omni.kit.widget.options_menu-1.1.6] startup
[6.772s] [ext: omni.kit.widget.options_button-1.0.3] startup
[6.773s] [ext: omni.kit.widget.search_delegate-1.0.9] startup
[6.774s] [ext: omni.ui.scene-2.0.3] startup
[6.777s] [ext: omni.kit.window.filepicker-2.15.5] startup
[6.787s] [ext: omni.kit.window.file_importer-1.1.21] startup
[6.788s] [ext: omni.kit.material.library-3.1.2] startup
[6.792s] [ext: isaacsim.asset.transformer.rules-1.7.10] startup
[6.800s] [ext: omni.usdex.libs-2.2.2] startup
[6.805s] [ext: isaacsim.asset.importer.mjcf-3.10.1] startup
[6.807s] [ext: isaacsim.asset.importer.urdf-3.11.2] startup
[6.810s] [ext: omni.kit.primitive.mesh-1.1.0] startup
[6.812s] [ext: omni.kit.stage_template.core-1.1.22] startup
[6.812s] [ext: omni.kit.stage_templates-2.0.2] startup
[6.813s] [ext: omni.usd.metrics.assembler-110.1.2] startup
[6.815s] [ext: omni.warp.core-1.13.0] startup
[6.992s] [ext: isaacsim.core.experimental.utils-0.17.2] startup
[6.993s] [ext: omni.physics.stageupdate-110.1.13] startup
[6.994s] [ext: omni.physics.tensors-110.1.13] startup
[6.997s] [ext: omni.physx.tensors-110.1.13] startup
[7.000s] [ext: isaacsim.core.simulation_manager-1.15.6] startup
[7.010s] [ext: isaacsim.storage.native-1.9.3] startup
[7.011s] [ext: omni.usd.metrics.assembler.physics-110.1.13] startup
[7.012s] [ext: isaacsim.core.utils-4.1.7] startup
[7.013s] [ext: isaacsim.core.prims-0.11.7] startup
[7.853s] [ext: isaacsim.core.api-5.2.13] startup
[7.858s] [ext: isaacsim.core.cloner-1.7.3] startup
[7.859s] [ext: isaacsim.test.docstring-1.3.2] startup
[7.861s] [ext: isaacsim.core.experimental.prims-1.8.9] startup
[7.878s] [ext: isaacsim.core.experimental.primdata-0.3.2] startup
[7.880s] [ext: omni.graph.tools-1.81.0] startup
[7.897s] [ext: omni.graph-1.142.5] startup
[7.927s] [ext: isaacsim.core.experimental.actuators-0.1.2] startup
[7.939s] [ext: isaacsim.core.experimental.materials-0.7.1] startup
[7.941s] [ext: isaacsim.core.experimental.objects-0.8.1] startup
[7.991s] [ext: omni.hydra.engine.stats-1.0.5] startup
[7.993s] [ext: omni.hydra.rtx.shadercache.vulkan-1.0.0] startup
[7.994s] [ext: omni.index.libs-387500.4413.0] startup
[7.994s] [ext: omni.index-1.0.1] startup
[7.994s] [ext: omni.ujitso.client-0.0.0] startup
[7.994s] [ext: omni.usd.schema.playback-1.0.0] startup
[7.997s] [ext: omni.volume-0.5.2] startup
[8.000s] [ext: omni.hydra.rtx-1.0.4] startup
2026-10-06T14:07:30Z [7,991ms] [Warning] [omni.log] Source: omni.hydra was already registered.
[8.020s] [ext: omni.kit.hydra_texture-1.6.0] startup
[8.023s] [ext: omni.kit.raycast.query-1.2.0] startup
[8.026s] [ext: omni.kit.viewport.legacy_gizmos-1.0.24] startup
[8.028s] [ext: omni.kit.viewport.registry-104.0.6] startup
[8.028s] [ext: omni.kit.viewport.scene_camera_model-1.0.7] startup
[8.031s] [ext: omni.kit.widget.viewport-109.2.0] startup
[8.034s] [ext: omni.kit.window.drop_support-1.0.8] startup
[8.035s] [ext: omni.kit.viewport.window-109.0.2] startup
[8.048s] [ext: omni.kit.viewport.utility-2.0.1] startup
[8.049s] [ext: isaacsim.core.rendering_manager-0.4.3] startup
[8.067s] [ext: omni.graph.action_core-1.1.9] startup
[8.069s] [ext: omni.graph.action_nodes_core-2.11.0] startup
[8.071s] [ext: omni.graph.action_nodes-2.11.0] startup
[8.086s] [ext: omni.graph.action-2.10.2] startup
[8.087s] [ext: omni.graph.image.core-0.6.1] startup
[8.087s] [ext: omni.graph.image.nodes-1.3.1] startup
[8.088s] [ext: omni.graph.nodes_core-2.11.0] startup
[8.092s] [ext: omni.graph.nodes-2.12.0] startup
[8.096s] [ext: omni.kit.hotkeys.core-1.3.12] startup
[8.096s] [ext: omni.kit.property.adapter.core-1.1.1] startup
[8.098s] [ext: omni.kit.property.adapter.usd-1.0.5] startup
[8.099s] [ext: omni.kit.widget.filter-1.1.5] startup
[8.100s] [ext: omni.kit.widget.highlight_label-1.0.3] startup
[8.101s] [ext: omni.kit.widget.searchfield-1.1.8] startup
[8.102s] [ext: omni.kit.window.file_exporter-1.0.36] startup
[8.103s] [ext: omni.kit.widget.stage-4.4.0] startup
[8.110s] [ext: omni.kit.window.content_browser_registry-0.0.6] startup
[8.111s] [ext: omni.kit.window.file-2.0.10] startup
[8.113s] [ext: omni.kit.window.content_browser-3.1.8] startup
[8.121s] [ext: omni.kit.window.property-1.15.1] startup
[8.130s] [ext: omni.kit.property.usd-4.9.4] startup
[8.139s] [ext: omni.graph.scriptnode-2.10.2] startup
[8.146s] [ext: omni.kit.widget.searchable_combobox-1.0.7] startup
[8.147s] [ext: omni.kit.widget.settings-2.0.0] startup
[8.149s] [ext: omni.kit.window.preferences-1.8.3] startup
[8.153s] [ext: omni.kit.viewport.menubar.core-107.2.2] startup
[8.163s] [ext: omni.syntheticdata-0.6.15] startup
[8.186s] [ext: omni.replicator.nv-1.1.1] startup
[8.190s] [ext: omni.videoencoding-0.2.1] startup
[8.191s] [ext: omni.replicator.core-1.13.27] startup
2026-10-06T14:07:30Z [8,178ms] [Warning] [pxr.Semantics] pxr.Semantics is deprecated - please use Semantics instead
2026-10-06T14:07:30Z [8,244ms] [Warning] [omni.replicator.core.scripts.extension] No material configuration file, adding configuration to material settings directly.
[8.387s] [ext: isaacsim.core.nodes-5.10.5] startup
[8.412s] [ext: isaacsim.core.throttling-2.3.5] startup
[8.413s] [ext: omni.kit.manipulator.viewport-107.0.1] startup
[8.414s] [ext: omni.graph.visualization.nodes-2.1.4] startup
[8.425s] [ext: omni.kit.window.extensions-1.5.10] startup
[8.430s] [ext: isaacsim.gui.components-1.8.5] startup
[8.433s] [ext: isaacsim.robot.surface_gripper-3.6.2] startup
[8.443s] [ext: isaacsim.robot.manipulators-3.4.4] startup
[8.452s] [ext: isaacsim.robot_motion.lula-4.1.3] startup
[8.457s] [ext: isaacsim.robot_motion.motion_generation-8.2.9] startup
[8.461s] [ext: isaacsim.cortex.framework-1.0.18] startup
[8.462s] [ext: isaacsim.cortex.behaviors-2.0.17] startup
[8.464s] [ext: isaacsim.examples.base-1.3.2] startup
[8.465s] [ext: omni.kit.widget.zoombar-1.0.7] startup
[8.466s] [ext: omni.kit.browser.core-2.3.18] startup
[8.468s] [ext: omni.kit.browser.folder.core-2.0.2] startup
[8.471s] [ext: omni.kit.widget.stage_icons-1.0.8] startup
[8.472s] [ext: omni.kit.window.stage-2.6.1] startup
[8.475s] [ext: omni.kit.menu.stage-1.2.7] startup
[8.476s] [ext: omni.kit.usd.collect-3.0.6] startup
[8.478s] [ext: omni.kit.widget.prompt-1.0.7] startup
[8.479s] [ext: omni.kit.tool.collect-2.2.19] startup
[8.480s] [ext: isaacsim.examples.browser-0.3.2] startup
[8.482s] [ext: omni.kit.search.files-1.0.4] startup
[8.483s] [ext: omni.kit.widget.calendar-1.0.9] startup
[8.484s] [ext: omni.kit.widget.extended_searchfield-1.0.31] startup
[8.490s] [ext: omni.simready.content.browser-0.3.7] startup
[8.573s] [ext: isaacsim.gui.content_browser-0.4.3] startup
[8.575s] [ext: omni.kit.selection-0.1.6] startup
[8.576s] [ext: isaacsim.gui.menu-2.10.5] startup
[8.582s] [ext: isaacsim.gui.property-1.6.4] startup
[8.588s] [ext: omni.kit.viewport.actions-110.0.0] startup
[8.592s] [ext: omni.kit.viewport.menubar.display-107.1.3] startup
[8.593s] [ext: isaacsim.gui.sensors.icon-2.2.1] startup
[8.595s] [ext: omni.behavior.scripting.core-110.1.0] startup
[8.598s] [ext: isaacsim.replicator.behavior-1.5.4] startup
[8.598s] [ext: isaacsim.replicator.experimental.domain_randomization-1.2.5] startup
[8.611s] [ext: isaacsim.replicator.domain_randomization-1.2.2] startup
[8.678s] [ext: isaacsim.replicator.writers-1.5.4] startup
[8.699s] [ext: isaacsim.robot.experimental.wheeled_robots-0.2.11] startup
[8.718s] [ext: isaacsim.robot.policy.examples-5.2.12] startup
[8.735s] [ext: isaacsim.robot.wheeled_robots-5.2.4] startup
[8.738s] [ext: isaacsim.robot.wheeled_robots.nodes-0.1.5] startup
[8.754s] [ext: isaacsim.robot_motion.experimental.motion_generation-6.1.3] startup
[8.764s] [ext: isaacsim.robot_motion.cumotion-1.3.1] startup
[8.775s] [ext: omni.kit.numpy.common-0.1.3] startup
[8.776s] [ext: isaacsim.sensors.camera-1.7.9] startup
[8.802s] [ext: isaacsim.sensors.experimental.physics-3.0.2] startup
[8.808s] [ext: omni.sensors.net-1.0.1] startup
[8.810s] [ext: omni.sensors.nv.common-3.0.0] startup
[8.819s] [ext: omni.sensors.nv.materials-2.0.0] startup
[8.821s] [ext: omni.sensors.nv.acoustic-3.0.0] startup
[8.823s] [ext: omni.sensors.nv.ids-2.0.1] startup
[8.824s] [ext: omni.sensors.nv.lidar-3.0.0] startup
[8.827s] [ext: omni.sensors.nv.radar-3.0.0] startup
[8.829s] [ext: isaacsim.sensors.experimental.rtx-1.4.6] startup
[9.053s] [ext: isaacsim.sensors.physics.nodes-1.5.3] startup
[9.058s] [ext: isaacsim.util.debug_draw-3.2.3] startup
[9.062s] [ext: isaacsim.sensors.physx-2.5.5] startup
[9.068s] [ext: isaacsim.sensors.rtx-15.17.1] startup
[9.076s] [ext: isaacsim.simulation_app-2.18.4] startup
[9.076s] [ext: omni.anim.curve.core-1.6.0] startup
[9.084s] [ext: omni.graph.ui_nodes-2.11.1] startup
[9.103s] [ext: omni.hydra.scene_api-0.1.3] startup
[9.106s] [ext: omni.kit.manipulator.camera-110.0.0] startup
[9.109s] [ext: omni.kit.manipulator.selector-1.1.4] startup
[9.110s] [ext: omni.kit.manipulator.transform-107.0.0] startup
[9.114s] [ext: omni.kit.widget.toolbar-2.1.0] startup
[9.119s] [ext: omni.kit.manipulator.tool.snap-1.5.14] startup
[9.122s] [ext: omni.kit.viewport.manipulator.transform-107.0.4] startup
[9.123s] [ext: omni.kit.manipulator.prim.core-108.0.2] startup
[9.128s] [ext: omni.kit.manipulator.prim.usd-107.0.3] startup
[9.129s] [ext: omni.kit.manipulator.prim-108.0.0] startup
[9.129s] [ext: omni.kit.manipulator.selection-109.0.1] startup
[9.130s] [ext: omni.kit.menu.create-2.0.2] startup
[9.131s] [ext: omni.kit.property.audio-1.0.16] startup
[9.134s] [ext: omni.kit.property.camera-1.0.14] startup
[9.135s] [ext: omni.kit.property.geometry-2.1.2] startup
[9.138s] [ext: omni.kit.property.light-1.0.14] startup
2026-10-06T14:07:31Z [9,137ms] [Warning] [omni.usd] Encountered USD Warnings but USD Diagnostics are currently muted. To view USD Warnings, please set the '/persistent/app/usd/muteUsdDiagnostics' setting to false in Preferences page.
[9.164s] [ext: omni.kit.property.material-1.14.6] startup
[9.168s] [ext: omni.kit.property.render-1.2.2] startup
[9.169s] [ext: omni.kit.property.transform-1.6.9] startup
[9.172s] [ext: omni.kit.property.bundle-1.5.1] startup
[9.173s] [ext: omni.kit.usdz_export-1.1.0] startup
[9.175s] [ext: omni.kit.tool.asset_importer-6.0.1] startup
[9.179s] [ext: omni.kit.ui.actions-1.0.5] startup
[9.181s] [ext: omni.kit.viewport.menubar.camera-107.0.10] startup
[9.185s] [ext: omni.kit.viewport.menubar.lighting-107.3.2] startup
[9.187s] [ext: omni.kit.viewport.menubar.render-110.0.0] startup
[9.189s] [ext: omni.kit.viewport.menubar.settings-110.0.1] startup
[9.191s] [ext: omni.kit.window.console-1.1.9] startup
[9.194s] [ext: omni.kit.window.status_bar-0.1.11] startup
[9.196s] [ext: omni.kit.window.toolbar-3.0.3] startup
[9.198s] [ext: omni.ocio-0.1.1] startup
[9.199s] [ext: omni.physx.commands-110.1.13] startup
[9.202s] [ext: omni.replicator.replicator_yaml-2.0.12] startup
[9.210s] [ext: omni.rtx.window.settings-0.8.0] startup
[9.214s] [ext: omni.rtx.settings.core-0.7.1] startup
[9.216s] [ext: omni.usd.metrics.assembler.ui-110.1.1] startup
[9.222s] [ext: semantics.schema.editor-2.0.2] startup
[9.224s] [ext: semantics.schema.property-2.0.2] startup
[9.225s] [ext: omni.kit.menu.common-2.0.2] startup
[9.226s] [ext: isaacsim.exp.base-6.0.1] startup
[9.226s] [ext: isaacsim.exp.base.python-6.0.1] startup
[9.228s] Simulation App Starting
[10.253s] Simulation App Startup Complete
[10.257s] app ready
Starting kit application with the following args:  ['/home/starry/isaac-data/isaacsim/exts/isaacsim.simulation_app/isaacsim/simulation_app/simulation_app.py', '/home/starry/isaac-data/isaacsim/apps/isaacsim.exp.base.python.kit', '--/app/tokens/exe-path=/home/starry/isaac-data/isaacsim/kit', '--/persistent/app/viewport/displayOptions=3094', '--/rtx/materialDb/syncLoads=True', '--/rtx/hydra/materialSyncLoads=True', '--/omni/kit/plugin/syncUsdLoads=True', '--/app/renderer/resolution/width=1280', '--/app/renderer/resolution/height=720', '--/app/window/width=1440', '--/app/window/height=900', '--/renderer/multiGpu/enabled=False', '--/app/fastShutdown=True', '--/app/installSignalHandlers=0', '--ext-folder', '/home/starry/isaac-data/isaacsim/exts', '--ext-folder', '/home/starry/isaac-data/isaacsim/apps', '--/renderer/activeGpu=0', '--/physics/cudaDevice=0', '--/plugins/carb.tasking.plugin/threadCount=12', '--/plugins/omni.tbb.globalcontrol/maxThreadCount=12', '--portable', '--no-window', '--/app/window/hideUi=1']
Passing the following args to the base kit application:  []
Warp 1.13.0 initialized:
   CUDA Toolkit 12.9, Driver 13.0
   Devices:
     "cpu"      : "x86_64"
     "cuda:0"   : "NVIDIA GeForce RTX 5070" (11 GiB, sm_120, mempool enabled)
   Kernel cache:
     /home/starry/.cache/warp/1.13.0
[LIGHTING] sun=800.0 (1) dome=0.0 (1) ambient=0.05 constant_color=(0.6, 0.65, 0.7)
[RENDER] mode=MinimalRendering minimal_shading_mode=2 anti_aliasing=TAA
[DEPTH CAMERAS] count=4 resolution_each=320x240 horizontal_coverage=360deg
[ESDF] path=/home/starry/isaac-data/EGO1P3/scenes/ego_swarm_cloud/occupancy.bin shape=(400, 300, 50) resolution=0.40m
[depth_angular_controller-1] [INFO] [1791295655.234326837] [depth_angular_controller]: WAITING_VERIFIED_START_POSE
[NAV] t=0.0s position=(-64.00,-11.20,2.80) yaw=0.0deg command=(0.00,0.00,0.00) manual_active=0 collision_blocks=0
[depth_angular_controller-1] [INFO] [1791295655.630905873] [depth_angular_controller]: VERIFIED_FREE_SEED center=(-64.000,-11.200,2.800) radius=2.500 balls=1: verified fixed Cloud free ball; USD and occupancy SHA-256 matched
[depth_angular_controller-1] [INFO] [1791295655.631019397] [depth_angular_controller]: ZERO_INTENT
[depth_angular_controller-1] [INFO] [1791295656.636953942] [depth_angular_controller]: OMNI_DEPTH views=4 azimuth_bins=180 elevation_bins=37 valid=1 certificates=1 yaw=0.00
[depth_angular_controller-1] [INFO] [1791295656.637039393] [depth_angular_controller]: DEPTH_PROPOSAL_CERTIFIED
[depth_angular_controller-1] [INFO] [1791295656.637045715] [depth_angular_controller]: PAPER_BUILD reason=FULL_MOTION_CERTIFICATE required=0.0000 best=0.0000 free=0 refined=0 tubes=0 revoked_tubes=0 proofs=0
[depth_angular_controller-1] [INFO] [1791295656.637051967] [depth_angular_controller]: PAPER_EVIDENCE retained=4 balls=1 revoked_balls=0 expired_views=0 evicted_views=0 radius=0.580 clearance=0.000 best_prefix=0.000
[depth_angular_controller-1] [INFO] [1791295657.632978574] [depth_angular_controller]: OMNI_DEPTH views=4 azimuth_bins=180 elevation_bins=37 valid=1 certificates=1 yaw=10.00
[depth_angular_controller-1] [INFO] [1791295657.633062321] [depth_angular_controller]: PAPER_BUILD reason=FULL_MOTION_CERTIFICATE required=0.0000 best=0.0000 free=0 refined=0 tubes=1 revoked_tubes=0 proofs=52
[depth_angular_controller-1] [INFO] [1791295657.633069455] [depth_angular_controller]: PAPER_EVIDENCE retained=8 balls=4 revoked_balls=0 expired_views=0 evicted_views=0 radius=0.580 clearance=0.000 best_prefix=0.000
[depth_angular_controller-1] [INFO] [1791295658.646058197] [depth_angular_controller]: OMNI_DEPTH views=4 azimuth_bins=180 elevation_bins=37 valid=1 certificates=1 yaw=20.00
[depth_angular_controller-1] [INFO] [1791295658.646577934] [depth_angular_controller]: PAPER_BUILD reason=FULL_MOTION_CERTIFICATE required=0.0000 best=0.0000 free=0 refined=0 tubes=3 revoked_tubes=0 proofs=109
[depth_angular_controller-1] [INFO] [1791295658.646593263] [depth_angular_controller]: PAPER_EVIDENCE retained=12 balls=9 revoked_balls=0 expired_views=0 evicted_views=0 radius=0.580 clearance=0.000 best_prefix=0.000
[10.785s] [ext: isaacsim.sensors.rtx.nodes-0.1.2] startup
[10.793s] [ext: isaacsim.ros2.core-1.9.4] startup
[10.807s] Attempting to load system rclpy
[10.807s] Could not import system rclpy: No module named 'rclpy'
[10.807s] Attempting to load internal rclpy for ROS Distro: humble
[10.818s] rclpy loaded
[10.821s] [ext: isaacsim.ros2.nodes-1.18.13] startup
[10.856s] [ext: isaacsim.ros2.examples-1.2.4] startup
[10.861s] [ext: isaacsim.ros2.ui-1.6.5] startup
[11.076s] [ext: isaacsim.ros2.bridge-5.1.2] startup
2026-10-06T14:07:35Z [12,970ms] [Warning] [omni.timeline.plugin] Deprecated: direct use of ITimeline callbacks is deprecated. Use ITimeline::getTimeline (Python: omni.timeline.get_timeline_interface) instead.
[depth_angular_controller-1] [INFO] [1791295659.704268606] [depth_angular_controller]: OMNI_DEPTH views=4 azimuth_bins=180 elevation_bins=37 valid=1 certificates=1 yaw=30.00
[depth_angular_controller-1] [INFO] [1791295659.704951399] [depth_angular_controller]: PAPER_BUILD reason=FULL_MOTION_CERTIFICATE required=0.0000 best=0.0000 free=0 refined=0 tubes=4 revoked_tubes=0 proofs=128
[depth_angular_controller-1] [INFO] [1791295659.704970314] [depth_angular_controller]: PAPER_EVIDENCE retained=16 balls=15 revoked_balls=0 expired_views=0 evicted_views=0 radius=0.580 clearance=0.000 best_prefix=0.000
[depth_angular_controller-1] [INFO] [1791295660.234361426] [depth_angular_controller]: [PERF CTRL] run=explore_v1_sweep_ego1p3_1 elapsed=18.22s callbacks=274 commands=274 guidance=214 command_fps(ros/wall)=59.56/54.60 guidance_wall_fps=59.20 avoid_ms(mean/p50/p95/max)=0.508/0.380/0.897/1.729 cycle_ms(mean/p95/max)=18.315/20.641/361.553 depth_to_cmd_ms(mean/p95/max)=54.206/100.000/100.000 callback_to_publish_ms(mean/p95/max)=1.640/5.159/14.627
[depth_angular_controller-1] [INFO] [1791295660.234420266] [depth_angular_controller]: EVIDENCE_COST ingest(mean/p95/max)=1.150/4.590/14.583 record=0.011/0.016/0.027 ms
[depth_angular_controller-1] [INFO] [1791295660.234426057] [depth_angular_controller]: EVIDENCE_PHASE per_view_mean_ms balls=0.053 tubes=0.010 history=0.197 eviction=0.000
[position_cmd_to_twist-2] [INFO] [1791295660.570240327] [position_cmd_to_twist]: [PERF BRIDGE] run=explore_v1_sweep_ego1p3_1 elapsed=18.11s received=294 published=294 fps(ros/wall)=59.59/55.15 controller_to_bridge_ms(mean/p50/p95/max)=0.000/0.000/0.000/0.000 bridge_process_ms(mean/p95/max)=0.091/0.115/1.005
[NAV] t=5.0s position=(-61.46,-10.38,2.80) yaw=0.0deg command=(0.66,0.45,0.00) manual_active=1 collision_blocks=0
[depth_angular_controller-1] [INFO] [1791295660.640324006] [depth_angular_controller]: OMNI_DEPTH views=4 azimuth_bins=180 elevation_bins=37 valid=1 certificates=1 yaw=40.00
[depth_angular_controller-1] [INFO] [1791295660.640455203] [depth_angular_controller]: PAPER_BUILD reason=FULL_MOTION_CERTIFICATE required=0.0000 best=0.0000 free=0 refined=0 tubes=6 revoked_tubes=0 proofs=128
[depth_angular_controller-1] [INFO] [1791295660.640463248] [depth_angular_controller]: PAPER_EVIDENCE retained=16 balls=20 revoked_balls=0 expired_views=0 evicted_views=4 radius=0.580 clearance=0.000 best_prefix=0.000
[depth_angular_controller-1] [INFO] [1791295661.763963526] [depth_angular_controller]: OMNI_DEPTH views=4 azimuth_bins=180 elevation_bins=37 valid=1 certificates=1 yaw=50.00
[depth_angular_controller-1] [INFO] [1791295661.764723034] [depth_angular_controller]: PAPER_BUILD reason=FULL_MOTION_CERTIFICATE required=0.0000 best=0.0000 free=0 refined=0 tubes=8 revoked_tubes=0 proofs=128
[depth_angular_controller-1] [INFO] [1791295661.764744474] [depth_angular_controller]: PAPER_EVIDENCE retained=16 balls=25 revoked_balls=0 expired_views=0 evicted_views=8 radius=0.580 clearance=0.000 best_prefix=0.000
[depth_angular_controller-1] [INFO] [1791295662.715677034] [depth_angular_controller]: OMNI_DEPTH views=4 azimuth_bins=180 elevation_bins=37 valid=1 certificates=1 yaw=60.00
[depth_angular_controller-1] [INFO] [1791295662.715802660] [depth_angular_controller]: PAPER_BUILD reason=FULL_MOTION_CERTIFICATE required=0.0000 best=0.0000 free=0 refined=0 tubes=9 revoked_tubes=0 proofs=128
[depth_angular_controller-1] [INFO] [1791295662.715819591] [depth_angular_controller]: PAPER_EVIDENCE retained=16 balls=31 revoked_balls=0 expired_views=0 evicted_views=12 radius=0.580 clearance=0.000 best_prefix=0.000
[depth_angular_controller-1] [INFO] [1791295663.662320773] [depth_angular_controller]: OMNI_DEPTH views=4 azimuth_bins=180 elevation_bins=37 valid=1 certificates=1 yaw=70.00
[depth_angular_controller-1] [INFO] [1791295663.662487867] [depth_angular_controller]: PAPER_BUILD reason=FULL_MOTION_CERTIFICATE required=0.0000 best=0.0000 free=0 refined=0 tubes=11 revoked_tubes=0 proofs=128
[depth_angular_controller-1] [INFO] [1791295663.662500401] [depth_angular_controller]: PAPER_EVIDENCE retained=16 balls=32 revoked_balls=0 expired_views=0 evicted_views=16 radius=0.580 clearance=0.000 best_prefix=0.000
[depth_angular_controller-1] [INFO] [1791295664.672368819] [depth_angular_controller]: OMNI_DEPTH views=4 azimuth_bins=180 elevation_bins=37 valid=1 certificates=1 yaw=80.00
[depth_angular_controller-1] [INFO] [1791295664.672719308] [depth_angular_controller]: PAPER_BUILD reason=FULL_MOTION_CERTIFICATE required=0.0000 best=0.0000 free=0 refined=0 tubes=12 revoked_tubes=0 proofs=128
[depth_angular_controller-1] [INFO] [1791295664.672730148] [depth_angular_controller]: PAPER_EVIDENCE retained=16 balls=32 revoked_balls=0 expired_views=0 evicted_views=20 radius=0.580 clearance=0.000 best_prefix=0.000
[depth_angular_controller-1] [INFO] [1791295665.235535435] [depth_angular_controller]: [PERF CTRL] run=explore_v1_sweep_ego1p3_1 elapsed=23.22s callbacks=572 commands=572 guidance=512 command_fps(ros/wall)=59.79/57.09 guidance_wall_fps=59.43 avoid_ms(mean/p50/p95/max)=0.880/0.891/1.737/3.009 cycle_ms(mean/p95/max)=17.515/22.412/361.553 depth_to_cmd_ms(mean/p95/max)=50.521/83.333/100.000 callback_to_publish_ms(mean/p95/max)=2.344/7.008/14.627
[depth_angular_controller-1] [INFO] [1791295665.235617109] [depth_angular_controller]: EVIDENCE_COST ingest(mean/p95/max)=1.443/6.455/14.583 record=0.014/0.030/0.127 ms
[depth_angular_controller-1] [INFO] [1791295665.235623892] [depth_angular_controller]: EVIDENCE_PHASE per_view_mean_ms balls=0.053 tubes=0.012 history=0.271 eviction=0.001
[position_cmd_to_twist-2] [INFO] [1791295665.599167183] [position_cmd_to_twist]: [PERF BRIDGE] run=explore_v1_sweep_ego1p3_1 elapsed=23.14s received=594 published=594 fps(ros/wall)=59.80/57.29 controller_to_bridge_ms(mean/p50/p95/max)=0.000/0.000/0.000/0.000 bridge_process_ms(mean/p95/max)=0.089/0.113/1.005
[NAV] t=10.0s position=(-59.50,-7.04,2.80) yaw=0.0deg command=(0.07,0.80,0.00) manual_active=1 collision_blocks=0
[depth_angular_controller-1] [INFO] [1791295665.678358007] [depth_angular_controller]: OMNI_DEPTH views=4 azimuth_bins=180 elevation_bins=37 valid=1 certificates=1 yaw=90.00
[depth_angular_controller-1] [INFO] [1791295665.678491889] [depth_angular_controller]: PAPER_BUILD reason=FULL_MOTION_CERTIFICATE required=0.0000 best=0.0000 free=0 refined=0 tubes=14 revoked_tubes=0 proofs=128
[depth_angular_controller-1] [INFO] [1791295665.678499323] [depth_angular_controller]: PAPER_EVIDENCE retained=16 balls=32 revoked_balls=0 expired_views=0 evicted_views=24 radius=0.580 clearance=0.000 best_prefix=0.000
[depth_angular_controller-1] [INFO] [1791295666.692197018] [depth_angular_controller]: OMNI_DEPTH views=4 azimuth_bins=180 elevation_bins=37 valid=1 certificates=1 yaw=100.00
[depth_angular_controller-1] [INFO] [1791295666.692333595] [depth_angular_controller]: PAPER_BUILD reason=FULL_MOTION_CERTIFICATE required=0.0000 best=0.0000 free=0 refined=0 tubes=16 revoked_tubes=0 proofs=128
[depth_angular_controller-1] [INFO] [1791295666.692339626] [depth_angular_controller]: PAPER_EVIDENCE retained=16 balls=32 revoked_balls=0 expired_views=0 evicted_views=28 radius=0.580 clearance=0.000 best_prefix=0.000
[depth_angular_controller-1] [INFO] [1791295667.648593456] [depth_angular_controller]: OMNI_DEPTH views=4 azimuth_bins=180 elevation_bins=37 valid=1 certificates=1 yaw=110.00
[depth_angular_controller-1] [INFO] [1791295667.648723550] [depth_angular_controller]: PAPER_BUILD reason=FULL_MOTION_CERTIFICATE required=0.0000 best=0.0000 free=0 refined=0 tubes=17 revoked_tubes=0 proofs=128
[depth_angular_controller-1] [INFO] [1791295667.648729261] [depth_angular_controller]: PAPER_EVIDENCE retained=16 balls=32 revoked_balls=0 expired_views=0 evicted_views=32 radius=0.580 clearance=0.000 best_prefix=0.000
[depth_angular_controller-1] [INFO] [1791295668.806495937] [depth_angular_controller]: OMNI_DEPTH views=4 azimuth_bins=180 elevation_bins=37 valid=1 certificates=1 yaw=120.00
[depth_angular_controller-1] [INFO] [1791295668.806623747] [depth_angular_controller]: PAPER_BUILD reason=FULL_MOTION_CERTIFICATE required=0.0000 best=0.0000 free=0 refined=0 tubes=19 revoked_tubes=0 proofs=128
[depth_angular_controller-1] [INFO] [1791295668.806628786] [depth_angular_controller]: PAPER_EVIDENCE retained=16 balls=32 revoked_balls=0 expired_views=0 evicted_views=36 radius=0.580 clearance=0.000 best_prefix=0.000
[depth_angular_controller-1] [INFO] [1791295669.890144611] [depth_angular_controller]: OMNI_DEPTH views=4 azimuth_bins=180 elevation_bins=37 valid=1 certificates=1 yaw=130.00
[depth_angular_controller-1] [INFO] [1791295669.890302789] [depth_angular_controller]: PAPER_BUILD reason=FULL_MOTION_CERTIFICATE required=0.0000 best=0.0000 free=0 refined=0 tubes=21 revoked_tubes=0 proofs=128
[depth_angular_controller-1] [INFO] [1791295669.890312537] [depth_angular_controller]: PAPER_EVIDENCE retained=16 balls=32 revoked_balls=0 expired_views=0 evicted_views=40 radius=0.580 clearance=0.000 best_prefix=0.000
[depth_angular_controller-1] [INFO] [1791295670.295230595] [depth_angular_controller]: [PERF CTRL] run=explore_v1_sweep_ego1p3_1 elapsed=28.28s callbacks=862 commands=862 guidance=802 command_fps(ros/wall)=59.86/57.17 guidance_wall_fps=58.64 avoid_ms(mean/p50/p95/max)=1.267/1.058/2.257/3.215 cycle_ms(mean/p95/max)=17.492/22.882/361.553 depth_to_cmd_ms(mean/p95/max)=47.278/83.333/100.000 callback_to_publish_ms(mean/p95/max)=2.918/7.895/14.627
[depth_angular_controller-1] [INFO] [1791295670.295331164] [depth_angular_controller]: EVIDENCE_COST ingest(mean/p95/max)=1.630/6.526/14.583 record=0.014/0.025/0.127 ms
[depth_angular_controller-1] [INFO] [1791295670.295338247] [depth_angular_controller]: EVIDENCE_PHASE per_view_mean_ms balls=0.053 tubes=0.013 history=0.317 eviction=0.001
[position_cmd_to_twist-2] [INFO] [1791295670.883768351] [position_cmd_to_twist]: [PERF BRIDGE] run=explore_v1_sweep_ego1p3_1 elapsed=28.43s received=894 published=894 fps(ros/wall)=59.87/57.11 controller_to_bridge_ms(mean/p50/p95/max)=0.000/0.000/0.000/0.000 bridge_process_ms(mean/p95/max)=0.089/0.114/1.005
[NAV] t=15.0s position=(-60.81,-3.40,2.80) yaw=0.0deg command=(-0.56,0.57,0.00) manual_active=1 collision_blocks=0
[depth_angular_controller-1] [INFO] [1791295670.966939275] [depth_angular_controller]: OMNI_DEPTH views=4 azimuth_bins=180 elevation_bins=37 valid=1 certificates=1 yaw=140.00
[depth_angular_controller-1] [INFO] [1791295670.967102933] [depth_angular_controller]: PAPER_BUILD reason=FULL_MOTION_CERTIFICATE required=0.0000 best=0.0000 free=0 refined=0 tubes=22 revoked_tubes=0 proofs=128
[depth_angular_controller-1] [INFO] [1791295670.967110497] [depth_angular_controller]: PAPER_EVIDENCE retained=16 balls=32 revoked_balls=0 expired_views=0 evicted_views=43 radius=0.580 clearance=0.000 best_prefix=0.000
[depth_angular_controller-1] [INFO] [1791295671.935990786] [depth_angular_controller]: OMNI_DEPTH views=4 azimuth_bins=180 elevation_bins=37 valid=1 certificates=1 yaw=150.00
[depth_angular_controller-1] [INFO] [1791295671.936167839] [depth_angular_controller]: PAPER_BUILD reason=FULL_MOTION_CERTIFICATE required=0.0000 best=0.0000 free=0 refined=0 tubes=24 revoked_tubes=0 proofs=128
[depth_angular_controller-1] [INFO] [1791295671.936177797] [depth_angular_controller]: PAPER_EVIDENCE retained=16 balls=32 revoked_balls=0 expired_views=0 evicted_views=46 radius=0.580 clearance=0.000 best_prefix=0.000
[depth_angular_controller-1] [INFO] [1791295672.898477179] [depth_angular_controller]: OMNI_DEPTH views=4 azimuth_bins=180 elevation_bins=37 valid=1 certificates=3 yaw=160.00
[depth_angular_controller-1] [INFO] [1791295672.898599990] [depth_angular_controller]: PAPER_BUILD reason=FULL_MOTION_CERTIFICATE required=0.0000 best=0.0000 free=0 refined=0 tubes=25 revoked_tubes=0 proofs=128
[depth_angular_controller-1] [INFO] [1791295672.898605730] [depth_angular_controller]: PAPER_EVIDENCE retained=16 balls=32 revoked_balls=0 expired_views=0 evicted_views=49 radius=0.580 clearance=0.000 best_prefix=0.000
[depth_angular_controller-1] [INFO] [1791295673.912304026] [depth_angular_controller]: OMNI_DEPTH views=4 azimuth_bins=180 elevation_bins=37 valid=1 certificates=1 yaw=170.00
[depth_angular_controller-1] [INFO] [1791295673.912435704] [depth_angular_controller]: PAPER_BUILD reason=FULL_MOTION_CERTIFICATE required=0.0000 best=0.0000 free=0 refined=0 tubes=27 revoked_tubes=0 proofs=128
[depth_angular_controller-1] [INFO] [1791295673.912443018] [depth_angular_controller]: PAPER_EVIDENCE retained=16 balls=32 revoked_balls=0 expired_views=0 evicted_views=53 radius=0.580 clearance=0.000 best_prefix=0.000
[depth_angular_controller-1] [INFO] [1791295674.983358743] [depth_angular_controller]: OMNI_DEPTH views=4 azimuth_bins=180 elevation_bins=37 valid=1 certificates=1 yaw=180.00
[depth_angular_controller-1] [INFO] [1791295674.983472357] [depth_angular_controller]: PAPER_BUILD reason=FULL_MOTION_CERTIFICATE required=0.0000 best=0.0000 free=0 refined=0 tubes=29 revoked_tubes=0 proofs=128
[depth_angular_controller-1] [INFO] [1791295674.983478829] [depth_angular_controller]: PAPER_EVIDENCE retained=16 balls=32 revoked_balls=0 expired_views=0 evicted_views=57 radius=0.580 clearance=0.000 best_prefix=0.000
[depth_angular_controller-1] [INFO] [1791295675.329168277] [depth_angular_controller]: [PERF CTRL] run=explore_v1_sweep_ego1p3_1 elapsed=33.31s callbacks=1157 commands=1157 guidance=1097 command_fps(ros/wall)=59.84/57.53 guidance_wall_fps=58.63 avoid_ms(mean/p50/p95/max)=1.357/1.491/2.217/3.857 cycle_ms(mean/p95/max)=17.383/22.493/361.553 depth_to_cmd_ms(mean/p95/max)=44.211/83.333/100.000 callback_to_publish_ms(mean/p95/max)=3.186/7.203/14.627
[depth_angular_controller-1] [INFO] [1791295675.329293803] [depth_angular_controller]: EVIDENCE_COST ingest(mean/p95/max)=1.793/5.722/14.583 record=0.014/0.021/0.249 ms
[depth_angular_controller-1] [INFO] [1791295675.329301327] [depth_angular_controller]: EVIDENCE_PHASE per_view_mean_ms balls=0.054 tubes=0.014 history=0.356 eviction=0.001
[position_cmd_to_twist-2] [INFO] [1791295675.909359759] [position_cmd_to_twist]: [PERF BRIDGE] run=explore_v1_sweep_ego1p3_1 elapsed=33.45s received=1193 published=1193 fps(ros/wall)=59.85/57.69 controller_to_bridge_ms(mean/p50/p95/max)=0.000/0.000/0.000/0.000 bridge_process_ms(mean/p95/max)=0.088/0.113/1.005
[NAV] t=20.0s position=(-64.44,-2.06,2.80) yaw=0.0deg command=(-0.80,-0.06,0.00) manual_active=1 collision_blocks=0
[depth_angular_controller-1] [INFO] [1791295675.990703579] [depth_angular_controller]: OMNI_DEPTH views=4 azimuth_bins=180 elevation_bins=37 valid=1 certificates=1 yaw=-170.00
[depth_angular_controller-1] [INFO] [1791295675.990852329] [depth_angular_controller]: PAPER_BUILD reason=FULL_MOTION_CERTIFICATE required=0.0000 best=0.0000 free=0 refined=0 tubes=30 revoked_tubes=0 proofs=128
[depth_angular_controller-1] [INFO] [1791295675.990863119] [depth_angular_controller]: PAPER_EVIDENCE retained=16 balls=32 revoked_balls=0 expired_views=0 evicted_views=61 radius=0.580 clearance=0.000 best_prefix=0.000
[depth_angular_controller-1] [INFO] [1791295677.006616186] [depth_angular_controller]: OMNI_DEPTH views=4 azimuth_bins=180 elevation_bins=37 valid=1 certificates=1 yaw=-160.00
[depth_angular_controller-1] [INFO] [1791295677.006917753] [depth_angular_controller]: PAPER_BUILD reason=FULL_MOTION_CERTIFICATE required=0.0000 best=0.0000 free=0 refined=0 tubes=32 revoked_tubes=0 proofs=128
[depth_angular_controller-1] [INFO] [1791295677.006931719] [depth_angular_controller]: PAPER_EVIDENCE retained=16 balls=32 revoked_balls=0 expired_views=0 evicted_views=65 radius=0.580 clearance=0.000 best_prefix=0.000
[depth_angular_controller-1] [INFO] [1791295678.013895940] [depth_angular_controller]: OMNI_DEPTH views=4 azimuth_bins=180 elevation_bins=37 valid=1 certificates=1 yaw=-150.00
[depth_angular_controller-1] [INFO] [1791295678.014421618] [depth_angular_controller]: PAPER_BUILD reason=FULL_MOTION_CERTIFICATE required=0.0000 best=0.0000 free=0 refined=0 tubes=34 revoked_tubes=0 proofs=128
[depth_angular_controller-1] [INFO] [1791295678.014437007] [depth_angular_controller]: PAPER_EVIDENCE retained=16 balls=32 revoked_balls=0 expired_views=0 evicted_views=69 radius=0.580 clearance=0.000 best_prefix=0.000
[depth_angular_controller-1] [INFO] [1791295678.949643422] [depth_angular_controller]: OMNI_DEPTH views=4 azimuth_bins=180 elevation_bins=37 valid=1 certificates=2 yaw=-142.25
[depth_angular_controller-1] [INFO] [1791295678.949776422] [depth_angular_controller]: PAPER_BUILD reason=FULL_MOTION_CERTIFICATE required=0.0000 best=0.0000 free=0 refined=0 tubes=35 revoked_tubes=0 proofs=128
[depth_angular_controller-1] [INFO] [1791295678.949784497] [depth_angular_controller]: PAPER_EVIDENCE retained=16 balls=32 revoked_balls=0 expired_views=0 evicted_views=73 radius=0.580 clearance=0.000 best_prefix=0.000
[depth_angular_controller-1] [INFO] [1791295680.136000959] [depth_angular_controller]: OMNI_DEPTH views=4 azimuth_bins=180 elevation_bins=37 valid=1 certificates=1 yaw=-136.00
[depth_angular_controller-1] [INFO] [1791295680.136139649] [depth_angular_controller]: PAPER_BUILD reason=FULL_MOTION_CERTIFICATE required=0.0000 best=0.0000 free=0 refined=0 tubes=37 revoked_tubes=0 proofs=128
[depth_angular_controller-1] [INFO] [1791295680.136147154] [depth_angular_controller]: PAPER_EVIDENCE retained=16 balls=32 revoked_balls=0 expired_views=0 evicted_views=77 radius=0.580 clearance=0.000 best_prefix=0.000
[depth_angular_controller-1] [INFO] [1791295680.340778089] [depth_angular_controller]: [PERF CTRL] run=explore_v1_sweep_ego1p3_1 elapsed=38.32s callbacks=1451 commands=1451 guidance=1391 command_fps(ros/wall)=59.83/57.75 guidance_wall_fps=58.64 avoid_ms(mean/p50/p95/max)=1.402/1.494/2.205/3.857 cycle_ms(mean/p95/max)=17.315/22.846/361.553 depth_to_cmd_ms(mean/p95/max)=44.464/83.333/100.000 callback_to_publish_ms(mean/p95/max)=3.279/8.226/14.627
[depth_angular_controller-1] [INFO] [1791295680.340924234] [depth_angular_controller]: EVIDENCE_COST ingest(mean/p95/max)=1.824/6.872/14.583 record=0.014/0.020/0.249 ms
[depth_angular_controller-1] [INFO] [1791295680.340931828] [depth_angular_controller]: EVIDENCE_PHASE per_view_mean_ms balls=0.053 tubes=0.014 history=0.364 eviction=0.001
[position_cmd_to_twist-2] [INFO] [1791295681.010170266] [position_cmd_to_twist]: [PERF BRIDGE] run=explore_v1_sweep_ego1p3_1 elapsed=38.55s received=1492 published=1492 fps(ros/wall)=59.84/57.88 controller_to_bridge_ms(mean/p50/p95/max)=0.000/0.000/0.000/0.000 bridge_process_ms(mean/p95/max)=0.088/0.114/1.005
[NAV] t=25.0s position=(-67.88,-3.88,2.66) yaw=0.0deg command=(-0.50,-0.60,-0.16) manual_active=1 collision_blocks=0
[depth_angular_controller-1] [INFO] [1791295681.091541999] [depth_angular_controller]: OMNI_DEPTH views=4 azimuth_bins=180 elevation_bins=37 valid=1 certificates=1 yaw=-124.00
[depth_angular_controller-1] [INFO] [1791295681.092394040] [depth_angular_controller]: PAPER_BUILD reason=FULL_MOTION_CERTIFICATE required=0.0000 best=0.0000 free=0 refined=0 tubes=39 revoked_tubes=0 proofs=128
[depth_angular_controller-1] [INFO] [1791295681.092411744] [depth_angular_controller]: PAPER_EVIDENCE retained=16 balls=32 revoked_balls=0 expired_views=0 evicted_views=81 radius=0.580 clearance=0.000 best_prefix=0.000
[depth_angular_controller-1] [INFO] [1791295682.183019437] [depth_angular_controller]: OMNI_DEPTH views=4 azimuth_bins=180 elevation_bins=37 valid=1 certificates=24 yaw=-122.00
[depth_angular_controller-1] [INFO] [1791295682.185633018] [depth_angular_controller]: PAPER_BUILD reason=FULL_MOTION_CERTIFICATE required=0.0000 best=0.0000 free=0 refined=0 tubes=40 revoked_tubes=0 proofs=128
[depth_angular_controller-1] [INFO] [1791295682.185640021] [depth_angular_controller]: PAPER_EVIDENCE retained=16 balls=32 revoked_balls=0 expired_views=0 evicted_views=85 radius=0.580 clearance=0.000 best_prefix=0.000
[depth_angular_controller-1] [INFO] [1791295682.241668186] [depth_angular_controller]: CERTIFIED_TRACKING
[depth_angular_controller-1] [INFO] [1791295682.259148717] [depth_angular_controller]: TARGET_HOLD
[depth_angular_controller-1] [INFO] [1791295682.318642916] [depth_angular_controller]: CERTIFIED_TRACKING
[depth_angular_controller-1] [INFO] [1791295682.331980020] [depth_angular_controller]: TARGET_HOLD
[depth_angular_controller-1] [INFO] [1791295682.419360866] [depth_angular_controller]: CERTIFIED_TRACKING
[depth_angular_controller-1] [INFO] [1791295682.436596547] [depth_angular_controller]: TARGET_HOLD
[depth_angular_controller-1] [INFO] [1791295682.524253202] [depth_angular_controller]: CERTIFIED_TRACKING
[depth_angular_controller-1] [INFO] [1791295682.535820660] [depth_angular_controller]: DEPTH_PROPOSAL_CERTIFIED
[depth_angular_controller-1] [INFO] [1791295683.253901449] [depth_angular_controller]: OMNI_DEPTH views=4 azimuth_bins=180 elevation_bins=37 valid=1 certificates=1 yaw=-100.00
[depth_angular_controller-1] [INFO] [1791295683.254077690] [depth_angular_controller]: PAPER_BUILD reason=FULL_MOTION_CERTIFICATE required=0.0000 best=0.0000 free=0 refined=0 tubes=43 revoked_tubes=0 proofs=128
[depth_angular_controller-1] [INFO] [1791295683.254084763] [depth_angular_controller]: PAPER_EVIDENCE retained=16 balls=32 revoked_balls=0 expired_views=0 evicted_views=89 radius=0.580 clearance=0.000 best_prefix=2.832
[depth_angular_controller-1] [INFO] [1791295684.222733307] [depth_angular_controller]: OMNI_DEPTH views=4 azimuth_bins=180 elevation_bins=37 valid=1 certificates=1 yaw=-90.00
[depth_angular_controller-1] [INFO] [1791295684.222869432] [depth_angular_controller]: PAPER_BUILD reason=FULL_MOTION_CERTIFICATE required=0.0000 best=0.0000 free=0 refined=0 tubes=45 revoked_tubes=0 proofs=128
[depth_angular_controller-1] [INFO] [1791295684.222877287] [depth_angular_controller]: PAPER_EVIDENCE retained=16 balls=32 revoked_balls=0 expired_views=0 evicted_views=93 radius=0.580 clearance=0.000 best_prefix=2.832
[depth_angular_controller-1] [INFO] [1791295685.250506694] [depth_angular_controller]: OMNI_DEPTH views=4 azimuth_bins=180 elevation_bins=37 valid=1 certificates=1 yaw=-80.00
[depth_angular_controller-1] [INFO] [1791295685.250654161] [depth_angular_controller]: PAPER_BUILD reason=FULL_MOTION_CERTIFICATE required=0.0000 best=0.0000 free=0 refined=0 tubes=46 revoked_tubes=0 proofs=128
[depth_angular_controller-1] [INFO] [1791295685.250665723] [depth_angular_controller]: PAPER_EVIDENCE retained=16 balls=32 revoked_balls=0 expired_views=0 evicted_views=97 radius=0.580 clearance=0.000 best_prefix=2.832
[depth_angular_controller-1] [INFO] [1791295685.345714129] [depth_angular_controller]: [PERF CTRL] run=explore_v1_sweep_ego1p3_1 elapsed=43.33s callbacks=1731 commands=1731 guidance=1671 command_fps(ros/wall)=59.42/57.45 guidance_wall_fps=58.17 avoid_ms(mean/p50/p95/max)=1.770/1.477/2.426/55.386 cycle_ms(mean/p95/max)=17.405/23.758/361.553 depth_to_cmd_ms(mean/p95/max)=44.664/83.333/100.000 callback_to_publish_ms(mean/p95/max)=3.660/9.054/55.948
[depth_angular_controller-1] [INFO] [1791295685.345875472] [depth_angular_controller]: EVIDENCE_COST ingest(mean/p95/max)=1.833/7.380/14.583 record=0.022/0.028/0.863 ms
[depth_angular_controller-1] [INFO] [1791295685.345882716] [depth_angular_controller]: EVIDENCE_PHASE per_view_mean_ms balls=0.052 tubes=0.016 history=0.365 eviction=0.001
[position_cmd_to_twist-2] [INFO] [1791295686.190116695] [position_cmd_to_twist]: [PERF BRIDGE] run=explore_v1_sweep_ego1p3_1 elapsed=43.73s received=1779 published=1779 fps(ros/wall)=59.43/57.46 controller_to_bridge_ms(mean/p50/p95/max)=0.319/0.000/0.000/66.667 bridge_process_ms(mean/p95/max)=0.088/0.115/1.005
[NAV] t=30.0s position=(-68.62,-7.57,2.24) yaw=0.0deg command=(0.22,-0.77,-0.00) manual_active=1 collision_blocks=0
[depth_angular_controller-1] [INFO] [1791295686.276577332] [depth_angular_controller]: OMNI_DEPTH views=4 azimuth_bins=180 elevation_bins=37 valid=1 certificates=3 yaw=-67.37
[depth_angular_controller-1] [INFO] [1791295686.276742402] [depth_angular_controller]: PAPER_BUILD reason=FULL_MOTION_CERTIFICATE required=0.0000 best=0.0000 free=0 refined=0 tubes=48 revoked_tubes=0 proofs=128
[depth_angular_controller-1] [INFO] [1791295686.276756218] [depth_angular_controller]: PAPER_EVIDENCE retained=16 balls=32 revoked_balls=0 expired_views=0 evicted_views=101 radius=0.580 clearance=0.000 best_prefix=2.832
[depth_angular_controller-1] [INFO] [1791295687.293131936] [depth_angular_controller]: OMNI_DEPTH views=4 azimuth_bins=180 elevation_bins=37 valid=1 certificates=1 yaw=-60.00
[depth_angular_controller-1] [INFO] [1791295687.293271518] [depth_angular_controller]: PAPER_BUILD reason=FULL_MOTION_CERTIFICATE required=0.0000 best=0.0000 free=0 refined=0 tubes=50 revoked_tubes=0 proofs=128
[depth_angular_controller-1] [INFO] [1791295687.293277389] [depth_angular_controller]: PAPER_EVIDENCE retained=16 balls=32 revoked_balls=0 expired_views=0 evicted_views=105 radius=0.580 clearance=0.000 best_prefix=2.832
[depth_angular_controller-1] [INFO] [1791295688.379837595] [depth_angular_controller]: OMNI_DEPTH views=4 azimuth_bins=180 elevation_bins=37 valid=1 certificates=1 yaw=-50.00
[depth_angular_controller-1] [INFO] [1791295688.379992557] [depth_angular_controller]: PAPER_BUILD reason=FULL_MOTION_CERTIFICATE required=0.0000 best=0.0000 free=0 refined=0 tubes=51 revoked_tubes=0 proofs=128
[depth_angular_controller-1] [INFO] [1791295688.380001002] [depth_angular_controller]: PAPER_EVIDENCE retained=16 balls=32 revoked_balls=0 expired_views=0 evicted_views=108 radius=0.580 clearance=0.000 best_prefix=2.832
[depth_angular_controller-1] [INFO] [1791295689.411107374] [depth_angular_controller]: OMNI_DEPTH views=4 azimuth_bins=180 elevation_bins=37 valid=1 certificates=1 yaw=-42.00
[depth_angular_controller-1] [INFO] [1791295689.411282793] [depth_angular_controller]: PAPER_BUILD reason=FULL_MOTION_CERTIFICATE required=0.0000 best=0.0000 free=0 refined=0 tubes=53 revoked_tubes=0 proofs=128
[depth_angular_controller-1] [INFO] [1791295689.411298012] [depth_angular_controller]: PAPER_EVIDENCE retained=16 balls=32 revoked_balls=0 expired_views=0 evicted_views=112 radius=0.580 clearance=0.000 best_prefix=2.832
[depth_angular_controller-1] [INFO] [1791295690.408102740] [depth_angular_controller]: [PERF CTRL] run=explore_v1_sweep_ego1p3_1 elapsed=48.39s callbacks=2018 commands=2018 guidance=1958 command_fps(ros/wall)=59.50/57.34 guidance_wall_fps=57.95 avoid_ms(mean/p50/p95/max)=2.056/1.572/4.289/55.386 cycle_ms(mean/p95/max)=17.439/24.359/361.553 depth_to_cmd_ms(mean/p95/max)=44.042/83.333/100.000 callback_to_publish_ms(mean/p95/max)=4.035/9.932/55.948
[depth_angular_controller-1] [INFO] [1791295690.408275494] [depth_angular_controller]: EVIDENCE_COST ingest(mean/p95/max)=1.922/7.786/14.583 record=0.021/0.025/0.863 ms
[depth_angular_controller-1] [INFO] [1791295690.408281566] [depth_angular_controller]: EVIDENCE_PHASE per_view_mean_ms balls=0.054 tubes=0.023 history=0.378 eviction=0.001
[depth_angular_controller-1] [INFO] [1791295690.519388160] [depth_angular_controller]: OMNI_DEPTH views=4 azimuth_bins=180 elevation_bins=37 valid=1 certificates=1 yaw=-30.00
[depth_angular_controller-1] [INFO] [1791295690.519534114] [depth_angular_controller]: PAPER_BUILD reason=FULL_MOTION_CERTIFICATE required=0.0000 best=0.0000 free=0 refined=0 tubes=55 revoked_tubes=0 proofs=128
[depth_angular_controller-1] [INFO] [1791295690.519540636] [depth_angular_controller]: PAPER_EVIDENCE retained=16 balls=32 revoked_balls=0 expired_views=0 evicted_views=116 radius=0.580 clearance=0.000 best_prefix=2.832
[position_cmd_to_twist-2] [INFO] [1791295691.636912868] [position_cmd_to_twist]: [PERF BRIDGE] run=explore_v1_sweep_ego1p3_1 elapsed=49.18s received=2079 published=2079 fps(ros/wall)=59.51/57.10 controller_to_bridge_ms(mean/p50/p95/max)=0.337/0.000/0.000/66.667 bridge_process_ms(mean/p95/max)=0.088/0.115/1.005
[NAV] t=35.0s position=(-66.13,-10.54,2.24) yaw=0.0deg command=(0.72,-0.34,-0.00) manual_active=1 collision_blocks=0
[depth_angular_controller-1] [INFO] [1791295691.726311316] [depth_angular_controller]: OMNI_DEPTH views=4 azimuth_bins=180 elevation_bins=37 valid=1 certificates=1 yaw=-20.00
[depth_angular_controller-1] [INFO] [1791295691.727331894] [depth_angular_controller]: PAPER_BUILD reason=FULL_MOTION_CERTIFICATE required=0.0000 best=0.0000 free=0 refined=0 tubes=56 revoked_tubes=0 proofs=128
[depth_angular_controller-1] [INFO] [1791295691.727353615] [depth_angular_controller]: PAPER_EVIDENCE retained=16 balls=32 revoked_balls=0 expired_views=0 evicted_views=120 radius=0.580 clearance=0.000 best_prefix=2.832
[depth_angular_controller-1] [INFO] [1791295692.766753091] [depth_angular_controller]: OMNI_DEPTH views=4 azimuth_bins=180 elevation_bins=37 valid=1 certificates=1 yaw=-10.00
[depth_angular_controller-1] [INFO] [1791295692.766856716] [depth_angular_controller]: PAPER_BUILD reason=FULL_MOTION_CERTIFICATE required=0.0000 best=0.0000 free=0 refined=0 tubes=58 revoked_tubes=0 proofs=128
[depth_angular_controller-1] [INFO] [1791295692.766862938] [depth_angular_controller]: PAPER_EVIDENCE retained=16 balls=32 revoked_balls=0 expired_views=0 evicted_views=124 radius=0.580 clearance=0.000 best_prefix=2.832
[depth_angular_controller-1] [INFO] [1791295693.746271833] [depth_angular_controller]: OMNI_DEPTH views=4 azimuth_bins=180 elevation_bins=37 valid=1 certificates=1 yaw=-0.00
[depth_angular_controller-1] [INFO] [1791295693.746381349] [depth_angular_controller]: PAPER_BUILD reason=FULL_MOTION_CERTIFICATE required=0.0000 best=0.0000 free=0 refined=0 tubes=60 revoked_tubes=0 proofs=128
[depth_angular_controller-1] [INFO] [1791295693.746388242] [depth_angular_controller]: PAPER_EVIDENCE retained=16 balls=32 revoked_balls=0 expired_views=0 evicted_views=128 radius=0.580 clearance=0.000 best_prefix=2.832
[depth_angular_controller-1] [INFO] [1791295694.860286946] [depth_angular_controller]: ZERO_INTENT
[depth_angular_controller-1] [INFO] [1791295695.415058515] [depth_angular_controller]: [PERF CTRL] run=explore_v1_sweep_ego1p3_1 elapsed=53.40s callbacks=2300 commands=2300 guidance=2204 command_fps(ros/wall)=59.56/57.22 guidance_wall_fps=57.67 avoid_ms(mean/p50/p95/max)=1.960/1.548/4.221/55.386 cycle_ms(mean/p95/max)=17.477/24.760/361.553 depth_to_cmd_ms(mean/p95/max)=43.103/83.333/100.000 callback_to_publish_ms(mean/p95/max)=3.990/10.133/55.948
[depth_angular_controller-1] [INFO] [1791295695.415273880] [depth_angular_controller]: EVIDENCE_COST ingest(mean/p95/max)=1.994/7.853/14.583 record=0.020/0.021/0.863 ms
[depth_angular_controller-1] [INFO] [1791295695.415281444] [depth_angular_controller]: EVIDENCE_PHASE per_view_mean_ms balls=0.055 tubes=0.025 history=0.393 eviction=0.001
[position_cmd_to_twist-2] [INFO] [1791295696.693414215] [position_cmd_to_twist]: [PERF BRIDGE] run=explore_v1_sweep_ego1p3_1 elapsed=54.24s received=2379 published=2379 fps(ros/wall)=59.57/57.37 controller_to_bridge_ms(mean/p50/p95/max)=0.294/0.000/0.000/66.667 bridge_process_ms(mean/p95/max)=0.087/0.114/1.005
[NAV] t=40.0s position=(-63.55,-10.99,2.24) yaw=0.0deg command=(0.00,0.00,0.00) manual_active=0 collision_blocks=0
[MANUAL RESULT] TIMEOUT position=(-63.547,-10.986,2.242)
[PERF ISAAC FINAL] run=explore_v1_sweep_ego1p3_1 result=MANUAL_TIMEOUT wall=41.55s sim_frames=2403 fps(sim/wall)=60.05/57.84 command_changes=2095 collision_blocks=0 frame_interval_ms(mean/p50/p95/max)=17.155/15.814/18.006/78.403
[54.392s] Simulation App Shutting Down
[depth_angular_controller-1] [INFO] [1791295697.419317434] [rclcpp]: signal_handler(SIGINT/SIGTERM)
[position_cmd_to_twist-2] [INFO] [1791295697.419927100] [position_cmd_to_twist]: [PERF BRIDGE FINAL] run=explore_v1_sweep_ego1p3_1 elapsed=54.96s received=2385 published=2385 fps(ros/wall)=59.58/57.39 controller_to_bridge_ms(mean/p50/p95/max)=0.294/0.000/0.000/66.667 bridge_process_ms(mean/p95/max)=0.087/0.114/1.005
[position_cmd_to_twist-2] Failed to publish log message to rosout: publisher's context is invalid, at ./src/rcl/publisher.c:389
[depth_angular_controller-1] [INFO] [1791295697.420131184] [depth_angular_controller]: [PERF CTRL FINAL] run=explore_v1_sweep_ego1p3_1 elapsed=55.40s callbacks=2385 commands=2385 guidance=2204 command_fps(ros/wall)=59.58/57.39 guidance_wall_fps=57.67 avoid_ms(mean/p50/p95/max)=1.960/1.548/4.221/55.386 cycle_ms(mean/p95/max)=17.424/24.754/361.553 depth_to_cmd_ms(mean/p95/max)=43.103/83.333/100.000 callback_to_publish_ms(mean/p95/max)=3.932/9.932/55.948
[depth_angular_controller-1] [INFO] [1791295697.420293479] [depth_angular_controller]: EVIDENCE_COST ingest(mean/p95/max)=2.004/7.824/14.583 record=0.020/0.021/0.863 ms
[depth_angular_controller-1] [INFO] [1791295697.420296645] [depth_angular_controller]: EVIDENCE_PHASE per_view_mean_ms balls=0.055 tubes=0.025 history=0.395 eviction=0.001
[INFO] [depth_angular_controller-1]: process has finished cleanly [pid 105102]
[INFO] [position_cmd_to_twist-2]: process has finished cleanly [pid 105104]
