[PERF] run=final_v5_spin_ego1p2_3 log=/home/starry/isaac-data/EGO1P3/performance/omni_20261006/final_v5_spin_ego1p2_3_performance.md
[INPUT] mode=trace scene_mode=cloud
[INFO] [launch]: All log files can be found below /tmp/fov_gvf_ego1p3_isaac_ros_log/2026-10-06-22-40-38-092806-starry-System-Product-Name-119405
[INFO] [launch]: Default logging verbosity is set to INFO
[INFO] [depth_angular_controller-1]: process started with pid [119407]
[INFO] [position_cmd_to_twist-2]: process started with pid [119409]
[depth_angular_controller-1] [INFO] [1791297638.124917143] [depth_angular_controller]: PROCESSING_RATES control=60.0 Hz depth_limit=10.0 Hz (0=unlimited)
[depth_angular_controller-1] [INFO] [1791297638.127211986] [depth_angular_controller]: C++ controller commands publish on /position_cmd; horizontal views=4
[ROS CHECK] ROS_DOMAIN_ID=42 /position_cmd publishers=1
Type: pc_gvf_msgs/msg/PositionCommand
Publisher count: 1
Subscription count: 1
/depth_angular_controller
/position_cmd_to_twist
WARNING: All log messages before absl::InitializeLog() is called are written to STDERR
E0000 00:00:1791297639.074889  119451 descriptor_database.cc:633] File already exists in database: grpc/health/v1/health.proto
W0000 00:00:1791297639.074910  119451 message.cc:301] Protobuf GeneratedMessageFactory: File is already registered: grpc/health/v1/health.proto
2026-10-06T14:40:38Z [Info] [carb] Logging to file: /home/starry/isaac-data/isaacsim/kit/logs/Kit/Isaac-Sim Python/6.0/kit_20261006_224038.log
[0.045s] [ext: omni.assets.plugins-0.0.0] startup
[0.046s] [ext: omni.blobkey-1.1.2] startup
[0.046s] [ext: omni.kit.async_engine-0.0.3] startup
[0.317s] [ext: omni.client.lib-1.1.1] startup
[0.325s] [ext: omni.client-1.3.0] startup
[0.327s] [ext: omni.protobuf.lib-1.0.0] startup
[0.328s] [ext: omni.grpc.lib-1.0.0] startup
[0.331s] [ext: omni.metrics.core-0.0.3] startup
[0.331s] [ext: omni.datastore-0.0.0] startup
[0.331s] [ext: omni.gpu_foundation.shadercache.vulkan-1.0.0] startup
[0.333s] [ext: omni.hsscclient-1.1.4] startup
[0.334s] [ext: omni.stats-1.0.1] startup
[0.334s] [ext: omni.ujitso.default-1.0.0] startup
[0.337s] [ext: omni.gpu_foundation-0.0.0] startup
[0.463s] [ext: carb.windowing.plugins-1.0.1] startup
[0.463s] [ext: omni.kit.renderer.init-1.0.1] startup
2026-10-06T14:40:39Z [659ms] [Warning] [omni.rtx] Skipping unsupported non-NVIDIA GPU: AMD Unknown (RADV RAPHAEL_MENDOCINO)
2026-10-06T14:40:39Z [660ms] [Warning] [omni.rtx] Skipping unsupported non-NVIDIA GPU: AMD Unknown (RADV RAPHAEL_MENDOCINO)

|---------------------------------------------------------------------------------------------|
| Driver Version: 580.178.04    | Graphics API: Vulkan
|=============================================================================================|
| GPU | Name                             | Active | LDA | GPU Memory | Vendor-ID | LUID       |
|     |                                  |        |     |            | Device-ID | UUID       |
|     |                                  |        |     |            | Bus-ID    |            |
|---------------------------------------------------------------------------------------------|
| 0   | NVIDIA GeForce RTX 5070          | Yes: 0 |     | 12227   MB | 10de      | 0          |
|     |                                  |        |     |            | 2f04      | 348d89fe.. |
|     |                                  |        |     |            | 1         |            |
|---------------------------------------------------------------------------------------------|
| 1   | AMD Unknown (RADV RAPHAEL_MEND.. |        |     | 10755   MB | 1002      | 0          |
|     |                                  |        |     |            | 13c0      | 00000000.. |
|     |                                  |        |     |            | c         |            |
|=============================================================================================|
| OS: 22.04.5 LTS (Jammy Jellyfish) ubuntu, Version: 22.04.5, Kernel: 6.8.0-138-generic
| XServer Vendor: The X.Org Foundation, XServer Version: 12101004 (1.21.1.4)
| Processor: AMD Ryzen 5 9600X 6-Core Processor
| Cores: 6 | Logical Cores: 12
|---------------------------------------------------------------------------------------------|
| Total Memory (MB): 31241 | Free Memory: 22850
| Total Page/Swap (MB): 15624 | Free Page/Swap: 15624
|---------------------------------------------------------------------------------------------|
2026-10-06T14:40:39Z [855ms] [Warning] [omni.rtx] CPU performance profile is set to powersave. This profile sets the CPU to the lowest frequency reducing performance.
2026-10-06T14:40:39Z [863ms] [Warning] [omni.rtx] IOMMU is enabled.
[0.963s] [ext: omni.kit.pipapi-0.0.0] startup
[0.964s] [ext: omni.kit.pip_archive-0.0.0] startup
[0.964s] [ext: isaacsim.pip.newton-0.6.1] startup
[0.964s] [ext: omni.pip.compute-1.9.2] startup
[0.964s] [ext: omni.isaac.core_archive-5.3.1] startup
[0.965s] [ext: omni.kit.telemetry-0.5.2] startup
[0.983s] [ext: omni.kit.loop-isaac-1.6.0] startup
[0.984s] [ext: omni.kit.test-2.0.7] startup
[1.038s] [ext: omni.materialx.libs-1.0.9] startup
[1.045s] [ext: omni.gpucompute.plugins-0.0.0] startup
[1.045s] [ext: omni.usd.config-1.0.7] startup
[1.048s] [ext: omni.usd.libs-1.0.3] startup
[1.101s] [ext: omni.iray.libs-0.0.1] startup
[1.104s] [ext: omni.mdl-57.0.3] startup
[1.163s] [ext: omni.mdl.neuraylib-0.2.20] startup
[1.165s] [ext: omni.kit.usd.mdl-1.1.9] startup
[1.249s] [ext: omni.appwindow-1.2.2] startup
[1.250s] [ext: omni.kit.renderer.core-1.2.2] startup
2026-10-06T14:40:45Z [6,454ms] [Warning] [carb.windowing-glfw.gamepad] Joystick with unknown remapping detected (will be ignored):  BEITONG BEITONG A2P3A BFM DONGLE [03000000bc2000001c51000011010000]
[6.485s] [ext: omni.kit.renderer.capture-2.0.1] startup
[6.487s] [ext: omni.kit.renderer.imgui-2.0.6] startup
[6.522s] [ext: omni.ui-3.2.0] startup
[6.529s] [ext: omni.kit.mainwindow-1.0.3] startup
[6.529s] [ext: carb.audio-0.1.0] startup
[6.531s] [ext: omni.uiaudio-1.0.0] startup
[6.532s] [ext: omni.kit.uiapp-0.0.0] startup
[6.532s] [ext: omni.usd.schema.metrics.assembler-110.1.0] startup
[6.534s] [ext: omni.usd.schema.audio-0.0.1] startup
[6.536s] [ext: omni.usd_resolver-1.0.0] startup
[6.539s] [ext: omni.usd.core-1.8.3] startup
[6.541s] [ext: omni.metropolis.schema-0.0.3] startup
[6.541s] [ext: isaacsim.anim.robot.schema-0.1.1] startup
[6.542s] [ext: omni.usd.schema.anim-0.0.1] startup
[6.554s] [ext: omni.usd.schema.geospatial-0.0.1] startup
[6.556s] [ext: omni.usd.schema.omnigraph-1.0.1] startup
[6.560s] [ext: omni.usd.schema.semantics-0.0.0] startup
[6.562s] [ext: omni.activity.core-1.0.3] startup
[6.563s] [ext: omni.cubric-0.1.0] startup
[6.563s] [ext: omni.graph.exec-0.9.6] startup
[6.563s] [ext: omni.hydra.scene_delegate-0.3.5] startup
[6.565s] [ext: usdrt.scenegraph-7.6.3] startup
[6.583s] [ext: omni.hydra.usdrt_delegate-7.5.2] startup
[6.587s] [ext: omni.inspect-1.0.2] startup
[6.588s] [ext: omni.kit.actions.core-1.0.0] startup
[6.589s] [ext: omni.kit.audiodeviceenum-1.0.2] startup
[6.590s] [ext: omni.kit.commands-1.5.0] startup
[6.593s] [ext: omni.kit.exec.core-0.13.5] startup
[6.594s] [ext: omni.kit.usd_undo-0.1.8] startup
[6.594s] [ext: omni.kit.window.popup_dialog-2.0.25] startup
[6.597s] [ext: omni.kit.widget.nucleus_connector-2.3.1] startup
[6.599s] [ext: omni.timeline-1.1.0] startup
[6.600s] [ext: omni.usd-1.16.0] startup
[6.626s] [ext: omni.graph.core-3.1.2] startup
[6.628s] [ext: omni.kit.notification_manager-1.0.11] startup
[6.629s] [ext: isaacsim.core.deprecation_manager-0.4.2] startup
[6.630s] [ext: isaacsim.replicator.agent.schema-0.1.1] startup
[6.631s] [ext: isaacsim.robot.schema-6.3.7] startup
[6.635s] [ext: isaacsim.robot_motion.schema-0.2.1] startup
[6.635s] [ext: omni.anim.behavior.schema-110.1.0] startup
[6.638s] [ext: omni.anim.graph.schema-110.1.1] startup
[6.642s] [ext: omni.anim.navigation.schema-110.1.0] startup
[6.645s] [ext: omni.behavior.tree.schema-110.1.0] startup
[6.645s] [ext: omni.isaac.ml_archive-3.3.0] startup
[6.646s] [ext: omni.kit.asset_converter-6.0.1] startup
[6.654s] [ext: omni.pip.cloud-1.5.4] startup
[6.656s] [ext: omni.usd.schema.flow-110.0.0] startup
[6.657s] [ext: omni.usd.schema.mujoco-1.1.1] startup
[6.657s] [ext: omni.usd.schema.newton-1.2.1] startup
[6.658s] [ext: omni.usd.schema.omni_lens_distortion-1.0.0] startup
[6.658s] [ext: omni.usd.schema.omni_projectors-1.0.0] startup
[6.658s] [ext: omni.usd.schema.omni_sensors-0.0.0] startup
[6.665s] [ext: omni.usd.schema.omniscripting-1.0.1] startup
[6.668s] [ext: omni.usd.schema.physical_lighting-0.1.0] startup
[6.670s] [ext: omni.usd.schema.physx-110.1.13] startup
[6.693s] [ext: omni.usd.schema.render_settings.rtx-1.0.2] startup
[6.696s] [ext: omni.usd.schema.usd_particle_field-1.0.0] startup
[6.696s] [ext: isaacsim.core.version-2.1.1] startup
[6.697s] [ext: omni.kit.menu.core-1.2.0] startup
[6.697s] [ext: omni.kit.menu.utils-2.2.4] startup
[6.703s] [ext: isaacsim.app.about-2.3.1] startup
[6.706s] [ext: isaacsim.asset.transformer-1.2.5] startup
[6.709s] [ext: omni.scene.optimizer.core-110.1.0] startup
[6.738s] [ext: isaacsim.asset.importer.utils-1.8.1] startup
[6.739s] [ext: omni.convexdecomposition-110.1.13] startup
[6.741s] [ext: omni.physics-110.1.13] startup
[6.743s] [ext: omni.physx.gpu-110.1.13] startup
[6.743s] [ext: omni.physx.foundation-110.1.13] startup
[6.744s] [ext: omni.usdphysics-110.1.13] startup
[6.745s] [ext: omni.physx.cooking-110.1.13] startup
[6.747s] [ext: omni.physx-110.1.13] startup
[6.754s] [ext: omni.physics.physx-110.1.13] startup
[6.755s] [ext: isaacsim.asset.exporter.urdf-2.0.5] startup
[6.761s] [ext: omni.kit.clipboard-1.1.1] startup
[6.762s] [ext: omni.kit.usd.layers-2.6.1] startup
[6.767s] [ext: omni.kit.widget.context_menu-1.4.0] startup
[6.768s] [ext: omni.kit.context_menu-1.9.0] startup
[6.769s] [ext: omni.kit.helper.file_utils-0.1.10] startup
[6.770s] [ext: omni.kit.widget.nucleus_info-2.0.2] startup
[6.770s] [ext: omni.kit.search_core-1.0.8] startup
[6.771s] [ext: omni.kit.widget.path_field-2.0.13] startup
[6.771s] [ext: omni.kit.widget.browser_bar-2.0.10] startup
[6.772s] [ext: omni.kit.widget.filebrowser-2.13.4] startup
[6.775s] [ext: omni.kit.widget.options_menu-1.1.6] startup
[6.777s] [ext: omni.kit.widget.options_button-1.0.3] startup
[6.777s] [ext: omni.kit.widget.search_delegate-1.0.9] startup
[6.778s] [ext: omni.ui.scene-2.0.3] startup
[6.781s] [ext: omni.kit.window.filepicker-2.15.5] startup
[6.791s] [ext: omni.kit.window.file_importer-1.1.21] startup
[6.792s] [ext: omni.kit.material.library-3.1.2] startup
[6.796s] [ext: isaacsim.asset.transformer.rules-1.7.10] startup
[6.803s] [ext: omni.usdex.libs-2.2.2] startup
[6.809s] [ext: isaacsim.asset.importer.mjcf-3.10.1] startup
[6.810s] [ext: isaacsim.asset.importer.urdf-3.11.2] startup
[6.813s] [ext: omni.kit.primitive.mesh-1.1.0] startup
[6.815s] [ext: omni.kit.stage_template.core-1.1.22] startup
[6.815s] [ext: omni.kit.stage_templates-2.0.2] startup
[6.816s] [ext: omni.usd.metrics.assembler-110.1.2] startup
[6.818s] [ext: omni.warp.core-1.13.0] startup
[6.999s] [ext: isaacsim.core.experimental.utils-0.17.2] startup
[7.000s] [ext: omni.physics.stageupdate-110.1.13] startup
[7.001s] [ext: omni.physics.tensors-110.1.13] startup
[7.005s] [ext: omni.physx.tensors-110.1.13] startup
[7.008s] [ext: isaacsim.core.simulation_manager-1.15.6] startup
[7.017s] [ext: isaacsim.storage.native-1.9.3] startup
[7.018s] [ext: omni.usd.metrics.assembler.physics-110.1.13] startup
[7.019s] [ext: isaacsim.core.utils-4.1.7] startup
[7.021s] [ext: isaacsim.core.prims-0.11.7] startup
[7.872s] [ext: isaacsim.core.api-5.2.13] startup
[7.878s] [ext: isaacsim.core.cloner-1.7.3] startup
[7.879s] [ext: isaacsim.test.docstring-1.3.2] startup
[7.881s] [ext: isaacsim.core.experimental.prims-1.8.9] startup
[7.898s] [ext: isaacsim.core.experimental.primdata-0.3.2] startup
[7.900s] [ext: omni.graph.tools-1.81.0] startup
[7.918s] [ext: omni.graph-1.142.5] startup
[7.948s] [ext: isaacsim.core.experimental.actuators-0.1.2] startup
[7.960s] [ext: isaacsim.core.experimental.materials-0.7.1] startup
[7.963s] [ext: isaacsim.core.experimental.objects-0.8.1] startup
[8.014s] [ext: omni.hydra.engine.stats-1.0.5] startup
[8.016s] [ext: omni.hydra.rtx.shadercache.vulkan-1.0.0] startup
[8.017s] [ext: omni.index.libs-387500.4413.0] startup
[8.017s] [ext: omni.index-1.0.1] startup
[8.018s] [ext: omni.ujitso.client-0.0.0] startup
[8.018s] [ext: omni.usd.schema.playback-1.0.0] startup
[8.020s] [ext: omni.volume-0.5.2] startup
[8.024s] [ext: omni.hydra.rtx-1.0.4] startup
2026-10-06T14:40:46Z [8,013ms] [Warning] [omni.log] Source: omni.hydra was already registered.
[8.044s] [ext: omni.kit.hydra_texture-1.6.0] startup
[8.047s] [ext: omni.kit.raycast.query-1.2.0] startup
[8.050s] [ext: omni.kit.viewport.legacy_gizmos-1.0.24] startup
[8.052s] [ext: omni.kit.viewport.registry-104.0.6] startup
[8.052s] [ext: omni.kit.viewport.scene_camera_model-1.0.7] startup
[8.055s] [ext: omni.kit.widget.viewport-109.2.0] startup
[8.058s] [ext: omni.kit.window.drop_support-1.0.8] startup
[8.058s] [ext: omni.kit.viewport.window-109.0.2] startup
[8.072s] [ext: omni.kit.viewport.utility-2.0.1] startup
[8.073s] [ext: isaacsim.core.rendering_manager-0.4.3] startup
[8.092s] [ext: omni.graph.action_core-1.1.9] startup
[8.093s] [ext: omni.graph.action_nodes_core-2.11.0] startup
[8.095s] [ext: omni.graph.action_nodes-2.11.0] startup
[8.111s] [ext: omni.graph.action-2.10.2] startup
[8.112s] [ext: omni.graph.image.core-0.6.1] startup
[8.112s] [ext: omni.graph.image.nodes-1.3.1] startup
[8.113s] [ext: omni.graph.nodes_core-2.11.0] startup
[8.117s] [ext: omni.graph.nodes-2.12.0] startup
[8.121s] [ext: omni.kit.hotkeys.core-1.3.12] startup
[8.122s] [ext: omni.kit.property.adapter.core-1.1.1] startup
[8.124s] [ext: omni.kit.property.adapter.usd-1.0.5] startup
[8.125s] [ext: omni.kit.widget.filter-1.1.5] startup
[8.126s] [ext: omni.kit.widget.highlight_label-1.0.3] startup
[8.127s] [ext: omni.kit.widget.searchfield-1.1.8] startup
[8.128s] [ext: omni.kit.window.file_exporter-1.0.36] startup
[8.129s] [ext: omni.kit.widget.stage-4.4.0] startup
[8.136s] [ext: omni.kit.window.content_browser_registry-0.0.6] startup
[8.136s] [ext: omni.kit.window.file-2.0.10] startup
[8.139s] [ext: omni.kit.window.content_browser-3.1.8] startup
[8.147s] [ext: omni.kit.window.property-1.15.1] startup
[8.156s] [ext: omni.kit.property.usd-4.9.4] startup
[8.164s] [ext: omni.graph.scriptnode-2.10.2] startup
[8.171s] [ext: omni.kit.widget.searchable_combobox-1.0.7] startup
[8.172s] [ext: omni.kit.widget.settings-2.0.0] startup
[8.174s] [ext: omni.kit.window.preferences-1.8.3] startup
[8.178s] [ext: omni.kit.viewport.menubar.core-107.2.2] startup
[8.188s] [ext: omni.syntheticdata-0.6.15] startup
[8.210s] [ext: omni.replicator.nv-1.1.1] startup
[8.214s] [ext: omni.videoencoding-0.2.1] startup
[8.215s] [ext: omni.replicator.core-1.13.27] startup
2026-10-06T14:40:46Z [8,201ms] [Warning] [pxr.Semantics] pxr.Semantics is deprecated - please use Semantics instead
2026-10-06T14:40:47Z [8,265ms] [Warning] [omni.replicator.core.scripts.extension] No material configuration file, adding configuration to material settings directly.
[8.413s] [ext: isaacsim.core.nodes-5.10.5] startup
[8.438s] [ext: isaacsim.core.throttling-2.3.5] startup
[8.439s] [ext: omni.kit.manipulator.viewport-107.0.1] startup
[8.440s] [ext: omni.graph.visualization.nodes-2.1.4] startup
[8.451s] [ext: omni.kit.window.extensions-1.5.10] startup
[8.456s] [ext: isaacsim.gui.components-1.8.5] startup
[8.459s] [ext: isaacsim.robot.surface_gripper-3.6.2] startup
[8.468s] [ext: isaacsim.robot.manipulators-3.4.4] startup
[8.477s] [ext: isaacsim.robot_motion.lula-4.1.3] startup
[8.482s] [ext: isaacsim.robot_motion.motion_generation-8.2.9] startup
[8.487s] [ext: isaacsim.cortex.framework-1.0.18] startup
[8.488s] [ext: isaacsim.cortex.behaviors-2.0.17] startup
[8.489s] [ext: isaacsim.examples.base-1.3.2] startup
[8.491s] [ext: omni.kit.widget.zoombar-1.0.7] startup
[8.491s] [ext: omni.kit.browser.core-2.3.18] startup
[8.494s] [ext: omni.kit.browser.folder.core-2.0.2] startup
[8.497s] [ext: omni.kit.widget.stage_icons-1.0.8] startup
[8.498s] [ext: omni.kit.window.stage-2.6.1] startup
[8.501s] [ext: omni.kit.menu.stage-1.2.7] startup
[8.502s] [ext: omni.kit.usd.collect-3.0.6] startup
[8.504s] [ext: omni.kit.widget.prompt-1.0.7] startup
[8.505s] [ext: omni.kit.tool.collect-2.2.19] startup
[8.506s] [ext: isaacsim.examples.browser-0.3.2] startup
[8.508s] [ext: omni.kit.search.files-1.0.4] startup
[8.509s] [ext: omni.kit.widget.calendar-1.0.9] startup
[8.510s] [ext: omni.kit.widget.extended_searchfield-1.0.31] startup
[8.516s] [ext: omni.simready.content.browser-0.3.7] startup
[8.600s] [ext: isaacsim.gui.content_browser-0.4.3] startup
[8.602s] [ext: omni.kit.selection-0.1.6] startup
[8.603s] [ext: isaacsim.gui.menu-2.10.5] startup
[8.610s] [ext: isaacsim.gui.property-1.6.4] startup
[8.615s] [ext: omni.kit.viewport.actions-110.0.0] startup
[8.619s] [ext: omni.kit.viewport.menubar.display-107.1.3] startup
[8.620s] [ext: isaacsim.gui.sensors.icon-2.2.1] startup
[8.623s] [ext: omni.behavior.scripting.core-110.1.0] startup
[8.625s] [ext: isaacsim.replicator.behavior-1.5.4] startup
[8.626s] [ext: isaacsim.replicator.experimental.domain_randomization-1.2.5] startup
[8.639s] [ext: isaacsim.replicator.domain_randomization-1.2.2] startup
[8.706s] [ext: isaacsim.replicator.writers-1.5.4] startup
[8.728s] [ext: isaacsim.robot.experimental.wheeled_robots-0.2.11] startup
[8.747s] [ext: isaacsim.robot.policy.examples-5.2.12] startup
[8.764s] [ext: isaacsim.robot.wheeled_robots-5.2.4] startup
[8.767s] [ext: isaacsim.robot.wheeled_robots.nodes-0.1.5] startup
[8.783s] [ext: isaacsim.robot_motion.experimental.motion_generation-6.1.3] startup
[8.793s] [ext: isaacsim.robot_motion.cumotion-1.3.1] startup
[8.804s] [ext: omni.kit.numpy.common-0.1.3] startup
[8.806s] [ext: isaacsim.sensors.camera-1.7.9] startup
[8.832s] [ext: isaacsim.sensors.experimental.physics-3.0.2] startup
[8.838s] [ext: omni.sensors.net-1.0.1] startup
[8.840s] [ext: omni.sensors.nv.common-3.0.0] startup
[8.848s] [ext: omni.sensors.nv.materials-2.0.0] startup
[8.851s] [ext: omni.sensors.nv.acoustic-3.0.0] startup
[8.853s] [ext: omni.sensors.nv.ids-2.0.1] startup
[8.854s] [ext: omni.sensors.nv.lidar-3.0.0] startup
[8.857s] [ext: omni.sensors.nv.radar-3.0.0] startup
[8.859s] [ext: isaacsim.sensors.experimental.rtx-1.4.6] startup
[9.080s] [ext: isaacsim.sensors.physics.nodes-1.5.3] startup
[9.085s] [ext: isaacsim.util.debug_draw-3.2.3] startup
[9.089s] [ext: isaacsim.sensors.physx-2.5.5] startup
[9.095s] [ext: isaacsim.sensors.rtx-15.17.1] startup
[9.104s] [ext: isaacsim.simulation_app-2.18.4] startup
[9.104s] [ext: omni.anim.curve.core-1.6.0] startup
[9.112s] [ext: omni.graph.ui_nodes-2.11.1] startup
[9.131s] [ext: omni.hydra.scene_api-0.1.3] startup
[9.134s] [ext: omni.kit.manipulator.camera-110.0.0] startup
[9.137s] [ext: omni.kit.manipulator.selector-1.1.4] startup
[9.138s] [ext: omni.kit.manipulator.transform-107.0.0] startup
[9.142s] [ext: omni.kit.widget.toolbar-2.1.0] startup
[9.147s] [ext: omni.kit.manipulator.tool.snap-1.5.14] startup
[9.150s] [ext: omni.kit.viewport.manipulator.transform-107.0.4] startup
[9.152s] [ext: omni.kit.manipulator.prim.core-108.0.2] startup
[9.156s] [ext: omni.kit.manipulator.prim.usd-107.0.3] startup
[9.157s] [ext: omni.kit.manipulator.prim-108.0.0] startup
[9.157s] [ext: omni.kit.manipulator.selection-109.0.1] startup
[9.158s] [ext: omni.kit.menu.create-2.0.2] startup
[9.160s] [ext: omni.kit.property.audio-1.0.16] startup
[9.163s] [ext: omni.kit.property.camera-1.0.14] startup
[9.164s] [ext: omni.kit.property.geometry-2.1.2] startup
[9.166s] [ext: omni.kit.property.light-1.0.14] startup
2026-10-06T14:40:47Z [9,165ms] [Warning] [omni.usd] Encountered USD Warnings but USD Diagnostics are currently muted. To view USD Warnings, please set the '/persistent/app/usd/muteUsdDiagnostics' setting to false in Preferences page.
[9.191s] [ext: omni.kit.property.material-1.14.6] startup
[9.196s] [ext: omni.kit.property.render-1.2.2] startup
[9.197s] [ext: omni.kit.property.transform-1.6.9] startup
[9.200s] [ext: omni.kit.property.bundle-1.5.1] startup
[9.201s] [ext: omni.kit.usdz_export-1.1.0] startup
[9.203s] [ext: omni.kit.tool.asset_importer-6.0.1] startup
[9.208s] [ext: omni.kit.ui.actions-1.0.5] startup
[9.209s] [ext: omni.kit.viewport.menubar.camera-107.0.10] startup
[9.213s] [ext: omni.kit.viewport.menubar.lighting-107.3.2] startup
[9.215s] [ext: omni.kit.viewport.menubar.render-110.0.0] startup
[9.217s] [ext: omni.kit.viewport.menubar.settings-110.0.1] startup
[9.220s] [ext: omni.kit.window.console-1.1.9] startup
[9.223s] [ext: omni.kit.window.status_bar-0.1.11] startup
[9.225s] [ext: omni.kit.window.toolbar-3.0.3] startup
[9.226s] [ext: omni.ocio-0.1.1] startup
[9.227s] [ext: omni.physx.commands-110.1.13] startup
[9.230s] [ext: omni.replicator.replicator_yaml-2.0.12] startup
[9.239s] [ext: omni.rtx.window.settings-0.8.0] startup
[9.242s] [ext: omni.rtx.settings.core-0.7.1] startup
[9.245s] [ext: omni.usd.metrics.assembler.ui-110.1.1] startup
[9.250s] [ext: semantics.schema.editor-2.0.2] startup
[9.253s] [ext: semantics.schema.property-2.0.2] startup
[9.254s] [ext: omni.kit.menu.common-2.0.2] startup
[9.255s] [ext: isaacsim.exp.base-6.0.1] startup
[9.255s] [ext: isaacsim.exp.base.python-6.0.1] startup
[9.256s] Simulation App Starting
[10.274s] Simulation App Startup Complete
[10.279s] app ready
Starting kit application with the following args:  ['/home/starry/isaac-data/isaacsim/exts/isaacsim.simulation_app/isaacsim/simulation_app/simulation_app.py', '/home/starry/isaac-data/isaacsim/apps/isaacsim.exp.base.python.kit', '--/app/tokens/exe-path=/home/starry/isaac-data/isaacsim/kit', '--/persistent/app/viewport/displayOptions=3094', '--/rtx/materialDb/syncLoads=True', '--/rtx/hydra/materialSyncLoads=True', '--/omni/kit/plugin/syncUsdLoads=True', '--/app/renderer/resolution/width=1280', '--/app/renderer/resolution/height=720', '--/app/window/width=1440', '--/app/window/height=900', '--/renderer/multiGpu/enabled=False', '--/app/fastShutdown=True', '--/app/installSignalHandlers=0', '--ext-folder', '/home/starry/isaac-data/isaacsim/exts', '--ext-folder', '/home/starry/isaac-data/isaacsim/apps', '--/renderer/activeGpu=0', '--/physics/cudaDevice=0', '--/plugins/carb.tasking.plugin/threadCount=12', '--/plugins/omni.tbb.globalcontrol/maxThreadCount=12', '--portable', '--no-window', '--/app/window/hideUi=1']
Passing the following args to the base kit application:  []
Warp 1.13.0 initialized:
   CUDA Toolkit 12.9, Driver 13.0
   Devices:
     "cpu"      : "x86_64"
     "cuda:0"   : "NVIDIA GeForce RTX 5070" (11 GiB, sm_120, mempool enabled)
   Kernel cache:
     /home/starry/.cache/warp/1.13.0
[LIGHTING] sun=800.0 (1) dome=0.0 (1) ambient=0.05 constant_color=(0.6, 0.65, 0.7)
[RENDER] mode=MinimalRendering minimal_shading_mode=2 anti_aliasing=TAA
[DEPTH CAMERAS] count=4 resolution_each=320x240 horizontal_coverage=360deg
[ESDF] path=/home/starry/isaac-data/EGO1P3/scenes/ego_swarm_cloud/occupancy.bin shape=(400, 300, 50) resolution=0.40m
[depth_angular_controller-1] [INFO] [1791297651.144662696] [depth_angular_controller]: WAITING_VERIFIED_START_POSE
[NAV] t=0.0s position=(-64.00,-11.20,2.80) yaw=0.0deg command=(0.00,0.00,0.00) manual_active=0 collision_blocks=0
[depth_angular_controller-1] [INFO] [1791297651.759543399] [depth_angular_controller]: VERIFIED_FREE_SEED center=(-64.000,-11.200,2.800) radius=2.500 balls=1: verified fixed Cloud free ball; USD and occupancy SHA-256 matched
[depth_angular_controller-1] [INFO] [1791297651.759651822] [depth_angular_controller]: ZERO_INTENT
[depth_angular_controller-1] [INFO] [1791297652.720722234] [depth_angular_controller]: 3D guidance switched to view 0
[depth_angular_controller-1] [INFO] [1791297652.720779031] [depth_angular_controller]: DEPTH_PROPOSAL conservative_grid=64x48 measured_state=1 direction_only=1
[depth_angular_controller-1] [INFO] [1791297652.721126494] [depth_angular_controller]: DEPTH_PROPOSAL_CERTIFIED
[depth_angular_controller-1] [INFO] [1791297652.721133347] [depth_angular_controller]: PAPER_BUILD reason=FULL_MOTION_CERTIFICATE required=0.0000 best=0.0000 free=0 refined=0 tubes=0 revoked_tubes=0 proofs=0
[depth_angular_controller-1] [INFO] [1791297652.721141953] [depth_angular_controller]: PAPER_EVIDENCE retained=4 balls=1 revoked_balls=0 expired_views=0 evicted_views=0 radius=0.580 clearance=0.000 best_prefix=0.000
[depth_angular_controller-1] [INFO] [1791297653.736684685] [depth_angular_controller]: PAPER_BUILD reason=FULL_MOTION_CERTIFICATE required=0.0000 best=0.0000 free=0 refined=0 tubes=1 revoked_tubes=0 proofs=52
[depth_angular_controller-1] [INFO] [1791297653.736723398] [depth_angular_controller]: PAPER_EVIDENCE retained=8 balls=4 revoked_balls=0 expired_views=0 evicted_views=0 radius=0.580 clearance=0.000 best_prefix=0.000
[depth_angular_controller-1] [INFO] [1791297654.684132276] [depth_angular_controller]: PAPER_BUILD reason=FULL_MOTION_CERTIFICATE required=0.0000 best=0.0000 free=0 refined=0 tubes=4 revoked_tubes=0 proofs=112
[depth_angular_controller-1] [INFO] [1791297654.684170548] [depth_angular_controller]: PAPER_EVIDENCE retained=12 balls=14 revoked_balls=0 expired_views=0 evicted_views=0 radius=0.580 clearance=0.000 best_prefix=0.000
[10.800s] [ext: isaacsim.sensors.rtx.nodes-0.1.2] startup
[10.808s] [ext: isaacsim.ros2.core-1.9.4] startup
[10.822s] Attempting to load system rclpy
[10.822s] Could not import system rclpy: No module named 'rclpy'
[10.822s] Attempting to load internal rclpy for ROS Distro: humble
[10.833s] rclpy loaded
[10.836s] [ext: isaacsim.ros2.nodes-1.18.13] startup
[10.870s] [ext: isaacsim.ros2.examples-1.2.4] startup
[10.874s] [ext: isaacsim.ros2.ui-1.6.5] startup
[11.083s] [ext: isaacsim.ros2.bridge-5.1.2] startup
2026-10-06T14:40:51Z [12,996ms] [Warning] [omni.timeline.plugin] Deprecated: direct use of ITimeline callbacks is deprecated. Use ITimeline::getTimeline (Python: omni.timeline.get_timeline_interface) instead.
[depth_angular_controller-1] [INFO] [1791297655.678856473] [depth_angular_controller]: 3D guidance switched to view 3
[depth_angular_controller-1] [INFO] [1791297655.756218831] [depth_angular_controller]: PAPER_BUILD reason=FULL_MOTION_CERTIFICATE required=0.0000 best=0.0000 free=0 refined=0 tubes=8 revoked_tubes=0 proofs=128
[depth_angular_controller-1] [INFO] [1791297655.756257875] [depth_angular_controller]: PAPER_EVIDENCE retained=16 balls=27 revoked_balls=0 expired_views=0 evicted_views=0 radius=0.580 clearance=0.000 best_prefix=0.000
[depth_angular_controller-1] [INFO] [1791297656.150001011] [depth_angular_controller]: [PERF CTRL] run=final_v5_spin_ego1p2_3 elapsed=18.02s callbacks=267 commands=267 guidance=206 command_fps(ros/wall)=60.00/53.14 guidance_wall_fps=59.78 avoid_ms(mean/p50/p95/max)=0.474/0.386/0.841/2.854 cycle_ms(mean/p95/max)=18.817/20.903/581.115 depth_to_cmd_ms(mean/p95/max)=62.621/100.000/133.333 callback_to_publish_ms(mean/p95/max)=1.650/5.871/13.459
[depth_angular_controller-1] [INFO] [1791297656.150065002] [depth_angular_controller]: EVIDENCE_COST ingest(mean/p95/max)=1.204/5.217/13.416 record=0.018/0.053/0.530 ms
[depth_angular_controller-1] [INFO] [1791297656.150072866] [depth_angular_controller]: EVIDENCE_PHASE per_view_mean_ms balls=0.051 tubes=0.010 history=0.211 eviction=0.000
[position_cmd_to_twist-2] [INFO] [1791297656.627003769] [position_cmd_to_twist]: [PERF BRIDGE] run=final_v5_spin_ego1p2_3 elapsed=18.38s received=296 published=296 fps(ros/wall)=60.00/54.04 controller_to_bridge_ms(mean/p50/p95/max)=0.000/0.000/0.000/0.000 bridge_process_ms(mean/p95/max)=0.089/0.111/0.715
[NAV] t=5.0s position=(-59.11,-9.19,3.04) yaw=80.5deg command=(1.80,0.22,-0.00) manual_active=1 collision_blocks=0
[depth_angular_controller-1] [INFO] [1791297656.699144494] [depth_angular_controller]: PAPER_BUILD reason=FULL_MOTION_CERTIFICATE required=0.0000 best=0.0000 free=0 refined=0 tubes=12 revoked_tubes=0 proofs=128
[depth_angular_controller-1] [INFO] [1791297656.699178728] [depth_angular_controller]: PAPER_EVIDENCE retained=16 balls=32 revoked_balls=0 expired_views=0 evicted_views=4 radius=0.580 clearance=0.000 best_prefix=0.000
[depth_angular_controller-1] [INFO] [1791297657.762445108] [depth_angular_controller]: PAPER_BUILD reason=FULL_MOTION_CERTIFICATE required=0.0000 best=0.0000 free=0 refined=0 tubes=15 revoked_tubes=0 proofs=128
[depth_angular_controller-1] [INFO] [1791297657.762484822] [depth_angular_controller]: PAPER_EVIDENCE retained=16 balls=32 revoked_balls=0 expired_views=0 evicted_views=8 radius=0.580 clearance=0.000 best_prefix=0.000
[depth_angular_controller-1] [INFO] [1791297658.835303614] [depth_angular_controller]: PAPER_BUILD reason=FULL_MOTION_CERTIFICATE required=0.0000 best=0.0000 free=0 refined=0 tubes=19 revoked_tubes=0 proofs=128
[depth_angular_controller-1] [INFO] [1791297658.835341045] [depth_angular_controller]: PAPER_EVIDENCE retained=16 balls=32 revoked_balls=0 expired_views=0 evicted_views=12 radius=0.580 clearance=0.000 best_prefix=0.000
[depth_angular_controller-1] [INFO] [1791297659.917222759] [depth_angular_controller]: PAPER_BUILD reason=FULL_MOTION_CERTIFICATE required=0.0000 best=0.0000 free=0 refined=0 tubes=23 revoked_tubes=0 proofs=128
[depth_angular_controller-1] [INFO] [1791297659.917262884] [depth_angular_controller]: PAPER_EVIDENCE retained=16 balls=32 revoked_balls=0 expired_views=0 evicted_views=16 radius=0.580 clearance=0.000 best_prefix=0.000
[depth_angular_controller-1] [INFO] [1791297659.999274450] [depth_angular_controller]: 3D guidance switched to view 2
[depth_angular_controller-1] [INFO] [1791297660.870455411] [depth_angular_controller]: PAPER_BUILD reason=FULL_MOTION_CERTIFICATE required=0.0000 best=0.0000 free=0 refined=0 tubes=27 revoked_tubes=0 proofs=128
[depth_angular_controller-1] [INFO] [1791297660.870497039] [depth_angular_controller]: PAPER_EVIDENCE retained=16 balls=32 revoked_balls=0 expired_views=0 evicted_views=20 radius=0.580 clearance=0.000 best_prefix=0.000
[depth_angular_controller-1] [INFO] [1791297661.154760148] [depth_angular_controller]: [PERF CTRL] run=final_v5_spin_ego1p2_3 elapsed=23.03s callbacks=559 commands=559 guidance=498 command_fps(ros/wall)=60.00/55.74 guidance_wall_fps=58.93 avoid_ms(mean/p50/p95/max)=0.483/0.454/0.788/2.854 cycle_ms(mean/p95/max)=17.939/21.086/581.115 depth_to_cmd_ms(mean/p95/max)=69.946/116.667/133.333 callback_to_publish_ms(mean/p95/max)=2.146/6.422/13.459
[depth_angular_controller-1] [INFO] [1791297661.154832094] [depth_angular_controller]: EVIDENCE_COST ingest(mean/p95/max)=1.634/5.994/13.416 record=0.016/0.023/0.530 ms
[depth_angular_controller-1] [INFO] [1791297661.154837624] [depth_angular_controller]: EVIDENCE_PHASE per_view_mean_ms balls=0.055 tubes=0.015 history=0.313 eviction=0.001
[position_cmd_to_twist-2] [INFO] [1791297661.871339956] [position_cmd_to_twist]: [PERF BRIDGE] run=final_v5_spin_ego1p2_3 elapsed=23.64s received=596 published=596 fps(ros/wall)=60.00/55.54 controller_to_bridge_ms(mean/p50/p95/max)=0.000/0.000/0.000/0.000 bridge_process_ms(mean/p95/max)=0.088/0.110/0.715
[NAV] t=10.0s position=(-50.29,-8.25,2.32) yaw=-179.2deg command=(1.77,-0.33,-0.12) manual_active=1 collision_blocks=0
[depth_angular_controller-1] [INFO] [1791297661.952035178] [depth_angular_controller]: PAPER_BUILD reason=FULL_MOTION_CERTIFICATE required=0.0000 best=0.0000 free=0 refined=0 tubes=30 revoked_tubes=0 proofs=128
[depth_angular_controller-1] [INFO] [1791297661.952068961] [depth_angular_controller]: PAPER_EVIDENCE retained=16 balls=32 revoked_balls=0 expired_views=0 evicted_views=24 radius=0.580 clearance=0.000 best_prefix=0.000
[depth_angular_controller-1] [INFO] [1791297663.026173830] [depth_angular_controller]: PAPER_BUILD reason=FULL_MOTION_CERTIFICATE required=0.0000 best=0.0000 free=0 refined=0 tubes=34 revoked_tubes=0 proofs=128
[depth_angular_controller-1] [INFO] [1791297663.026213284] [depth_angular_controller]: PAPER_EVIDENCE retained=16 balls=32 revoked_balls=0 expired_views=0 evicted_views=28 radius=0.580 clearance=0.000 best_prefix=0.000
[depth_angular_controller-1] [INFO] [1791297663.531898324] [depth_angular_controller]: 3D guidance switched to view 1
[depth_angular_controller-1] [INFO] [1791297664.168367819] [depth_angular_controller]: PAPER_BUILD reason=FULL_MOTION_CERTIFICATE required=0.0000 best=0.0000 free=0 refined=0 tubes=38 revoked_tubes=0 proofs=128
[depth_angular_controller-1] [INFO] [1791297664.168405751] [depth_angular_controller]: PAPER_EVIDENCE retained=16 balls=32 revoked_balls=0 expired_views=0 evicted_views=32 radius=0.580 clearance=0.000 best_prefix=0.000
[depth_angular_controller-1] [INFO] [1791297665.380036985] [depth_angular_controller]: PAPER_BUILD reason=FULL_MOTION_CERTIFICATE required=0.0000 best=0.0000 free=0 refined=0 tubes=42 revoked_tubes=0 proofs=128
[depth_angular_controller-1] [INFO] [1791297665.380072652] [depth_angular_controller]: PAPER_EVIDENCE retained=16 balls=32 revoked_balls=0 expired_views=0 evicted_views=36 radius=0.580 clearance=0.000 best_prefix=0.000
[depth_angular_controller-1] [INFO] [1791297666.175147616] [depth_angular_controller]: [PERF CTRL] run=final_v5_spin_ego1p2_3 elapsed=28.05s callbacks=823 commands=823 guidance=762 command_fps(ros/wall)=60.00/54.69 guidance_wall_fps=56.56 avoid_ms(mean/p50/p95/max)=0.932/0.528/4.312/7.662 cycle_ms(mean/p95/max)=18.285/27.592/581.115 depth_to_cmd_ms(mean/p95/max)=71.566/116.667/133.333 callback_to_publish_ms(mean/p95/max)=2.833/8.409/23.455
[depth_angular_controller-1] [INFO] [1791297666.175248806] [depth_angular_controller]: EVIDENCE_COST ingest(mean/p95/max)=1.866/7.589/19.028 record=0.032/0.134/1.396 ms
[depth_angular_controller-1] [INFO] [1791297666.175255830] [depth_angular_controller]: EVIDENCE_PHASE per_view_mean_ms balls=0.065 tubes=0.043 history=0.333 eviction=0.001
[depth_angular_controller-1] [INFO] [1791297666.463080562] [depth_angular_controller]: PAPER_BUILD reason=FULL_MOTION_CERTIFICATE required=0.0000 best=0.0000 free=0 refined=0 tubes=46 revoked_tubes=0 proofs=128
[depth_angular_controller-1] [INFO] [1791297666.463119696] [depth_angular_controller]: PAPER_EVIDENCE retained=16 balls=32 revoked_balls=0 expired_views=0 evicted_views=40 radius=0.580 clearance=0.000 best_prefix=0.000
[position_cmd_to_twist-2] [INFO] [1791297667.520786623] [position_cmd_to_twist]: [PERF BRIDGE] run=final_v5_spin_ego1p2_3 elapsed=29.29s received=896 published=896 fps(ros/wall)=60.00/54.70 controller_to_bridge_ms(mean/p50/p95/max)=0.186/0.000/0.000/16.667 bridge_process_ms(mean/p95/max)=0.088/0.109/0.715
[NAV] t=15.0s position=(-41.58,-9.88,2.70) yaw=-78.9deg command=(1.68,-0.61,0.21) manual_active=1 collision_blocks=0
[depth_angular_controller-1] [INFO] [1791297667.598988318] [depth_angular_controller]: PAPER_BUILD reason=FULL_MOTION_CERTIFICATE required=0.0000 best=0.0000 free=0 refined=0 tubes=50 revoked_tubes=0 proofs=128
[depth_angular_controller-1] [INFO] [1791297667.599029996] [depth_angular_controller]: PAPER_EVIDENCE retained=16 balls=32 revoked_balls=0 expired_views=0 evicted_views=44 radius=0.580 clearance=0.000 best_prefix=0.000
[depth_angular_controller-1] [INFO] [1791297668.617246243] [depth_angular_controller]: PAPER_BUILD reason=FULL_MOTION_CERTIFICATE required=0.0000 best=0.0000 free=0 refined=0 tubes=54 revoked_tubes=0 proofs=128
[depth_angular_controller-1] [INFO] [1791297668.617286148] [depth_angular_controller]: PAPER_EVIDENCE retained=16 balls=32 revoked_balls=0 expired_views=0 evicted_views=48 radius=0.580 clearance=0.000 best_prefix=0.000
[depth_angular_controller-1] [INFO] [1791297668.668463707] [depth_angular_controller]: 3D guidance switched to view 0
[depth_angular_controller-1] [INFO] [1791297669.640642054] [depth_angular_controller]: PAPER_BUILD reason=FULL_MOTION_CERTIFICATE required=0.0000 best=0.0000 free=0 refined=0 tubes=57 revoked_tubes=0 proofs=128
[depth_angular_controller-1] [INFO] [1791297669.640683872] [depth_angular_controller]: PAPER_EVIDENCE retained=16 balls=32 revoked_balls=0 expired_views=0 evicted_views=52 radius=0.580 clearance=0.000 best_prefix=0.000
[depth_angular_controller-1] [INFO] [1791297670.826176343] [depth_angular_controller]: PAPER_BUILD reason=FULL_MOTION_CERTIFICATE required=0.0000 best=0.0000 free=0 refined=0 tubes=61 revoked_tubes=0 proofs=128
[depth_angular_controller-1] [INFO] [1791297670.826217350] [depth_angular_controller]: PAPER_EVIDENCE retained=16 balls=32 revoked_balls=0 expired_views=0 evicted_views=56 radius=0.580 clearance=0.000 best_prefix=0.000
[depth_angular_controller-1] [INFO] [1791297671.194806745] [depth_angular_controller]: [PERF CTRL] run=final_v5_spin_ego1p2_3 elapsed=33.07s callbacks=1105 commands=1105 guidance=1044 command_fps(ros/wall)=60.00/55.06 guidance_wall_fps=56.46 avoid_ms(mean/p50/p95/max)=0.808/0.485/3.167/7.662 cycle_ms(mean/p95/max)=18.161/26.400/581.115 depth_to_cmd_ms(mean/p95/max)=69.860/116.667/133.333 callback_to_publish_ms(mean/p95/max)=2.724/8.492/23.455
[depth_angular_controller-1] [INFO] [1791297671.194923034] [depth_angular_controller]: EVIDENCE_COST ingest(mean/p95/max)=1.855/7.793/19.028 record=0.031/0.143/1.396 ms
[depth_angular_controller-1] [INFO] [1791297671.194930117] [depth_angular_controller]: EVIDENCE_PHASE per_view_mean_ms balls=0.062 tubes=0.044 history=0.332 eviction=0.001
[depth_angular_controller-1] [INFO] [1791297671.890380566] [depth_angular_controller]: PAPER_BUILD reason=FULL_MOTION_CERTIFICATE required=0.0000 best=0.0000 free=0 refined=0 tubes=65 revoked_tubes=0 proofs=128
[depth_angular_controller-1] [INFO] [1791297671.890416503] [depth_angular_controller]: PAPER_EVIDENCE retained=16 balls=32 revoked_balls=0 expired_views=0 evicted_views=60 radius=0.580 clearance=0.000 best_prefix=0.000
[position_cmd_to_twist-2] [INFO] [1791297672.877211820] [position_cmd_to_twist]: [PERF BRIDGE] run=final_v5_spin_ego1p2_3 elapsed=34.64s received=1196 published=1196 fps(ros/wall)=60.00/55.02 controller_to_bridge_ms(mean/p50/p95/max)=0.139/0.000/0.000/16.667 bridge_process_ms(mean/p95/max)=0.087/0.110/0.715
[NAV] t=20.0s position=(-32.67,-10.22,2.67) yaw=21.4deg command=(1.80,0.21,-0.00) manual_active=1 collision_blocks=0
[depth_angular_controller-1] [INFO] [1791297672.956076642] [depth_angular_controller]: PAPER_BUILD reason=FULL_MOTION_CERTIFICATE required=0.0000 best=0.0000 free=0 refined=0 tubes=69 revoked_tubes=0 proofs=128
[depth_angular_controller-1] [INFO] [1791297672.956112259] [depth_angular_controller]: PAPER_EVIDENCE retained=16 balls=32 revoked_balls=0 expired_views=0 evicted_views=64 radius=0.580 clearance=0.000 best_prefix=0.000
[depth_angular_controller-1] [INFO] [1791297673.968403240] [depth_angular_controller]: PAPER_BUILD reason=FULL_MOTION_CERTIFICATE required=0.0000 best=0.0000 free=0 refined=0 tubes=72 revoked_tubes=0 proofs=128
[depth_angular_controller-1] [INFO] [1791297673.968502076] [depth_angular_controller]: PAPER_EVIDENCE retained=16 balls=32 revoked_balls=0 expired_views=0 evicted_views=68 radius=0.580 clearance=0.000 best_prefix=0.000
[depth_angular_controller-1] [INFO] [1791297674.472853901] [depth_angular_controller]: 3D guidance switched to view 3
[depth_angular_controller-1] [INFO] [1791297674.979413434] [depth_angular_controller]: PAPER_BUILD reason=FULL_MOTION_CERTIFICATE required=0.0000 best=0.0000 free=0 refined=0 tubes=76 revoked_tubes=0 proofs=128
[depth_angular_controller-1] [INFO] [1791297674.979731362] [depth_angular_controller]: PAPER_EVIDENCE retained=16 balls=32 revoked_balls=0 expired_views=0 evicted_views=72 radius=0.580 clearance=0.000 best_prefix=0.000
[depth_angular_controller-1] [INFO] [1791297676.059232793] [depth_angular_controller]: PAPER_BUILD reason=FULL_MOTION_CERTIFICATE required=0.0000 best=0.0000 free=0 refined=0 tubes=80 revoked_tubes=0 proofs=128
[depth_angular_controller-1] [INFO] [1791297676.059272928] [depth_angular_controller]: PAPER_EVIDENCE retained=16 balls=32 revoked_balls=0 expired_views=0 evicted_views=76 radius=0.580 clearance=0.000 best_prefix=0.000
[depth_angular_controller-1] [INFO] [1791297676.232357508] [depth_angular_controller]: [PERF CTRL] run=final_v5_spin_ego1p2_3 elapsed=38.10s callbacks=1389 commands=1389 guidance=1328 command_fps(ros/wall)=60.00/55.33 guidance_wall_fps=56.44 avoid_ms(mean/p50/p95/max)=0.763/0.490/2.419/7.662 cycle_ms(mean/p95/max)=18.075/25.967/581.115 depth_to_cmd_ms(mean/p95/max)=68.624/116.667/133.333 callback_to_publish_ms(mean/p95/max)=2.704/8.472/23.455
[depth_angular_controller-1] [INFO] [1791297676.232489616] [depth_angular_controller]: EVIDENCE_COST ingest(mean/p95/max)=1.866/7.913/19.028 record=0.028/0.071/1.396 ms
[depth_angular_controller-1] [INFO] [1791297676.232496880] [depth_angular_controller]: EVIDENCE_PHASE per_view_mean_ms balls=0.060 tubes=0.045 history=0.336 eviction=0.001
[depth_angular_controller-1] [INFO] [1791297677.134153565] [depth_angular_controller]: PAPER_BUILD reason=FULL_MOTION_CERTIFICATE required=0.0000 best=0.0000 free=0 refined=0 tubes=84 revoked_tubes=0 proofs=128
[depth_angular_controller-1] [INFO] [1791297677.134196556] [depth_angular_controller]: PAPER_EVIDENCE retained=16 balls=32 revoked_balls=0 expired_views=0 evicted_views=80 radius=0.580 clearance=0.000 best_prefix=0.000
[position_cmd_to_twist-2] [INFO] [1791297678.009420285] [position_cmd_to_twist]: [PERF BRIDGE] run=final_v5_spin_ego1p2_3 elapsed=39.78s received=1496 published=1496 fps(ros/wall)=60.00/55.68 controller_to_bridge_ms(mean/p50/p95/max)=0.111/0.000/0.000/16.667 bridge_process_ms(mean/p95/max)=0.087/0.109/0.715
[NAV] t=25.0s position=(-23.71,-9.10,2.67) yaw=121.6deg command=(1.63,0.64,-0.01) manual_active=1 collision_blocks=0
[depth_angular_controller-1] [INFO] [1791297678.087872661] [depth_angular_controller]: PAPER_BUILD reason=FULL_MOTION_CERTIFICATE required=0.0000 best=0.0000 free=0 refined=0 tubes=88 revoked_tubes=0 proofs=128
[depth_angular_controller-1] [INFO] [1791297678.087909530] [depth_angular_controller]: PAPER_EVIDENCE retained=16 balls=32 revoked_balls=0 expired_views=0 evicted_views=84 radius=0.580 clearance=0.000 best_prefix=0.000
[depth_angular_controller-1] [INFO] [1791297679.050126998] [depth_angular_controller]: PAPER_BUILD reason=FULL_MOTION_CERTIFICATE required=0.0000 best=0.0000 free=0 refined=0 tubes=92 revoked_tubes=0 proofs=128
[depth_angular_controller-1] [INFO] [1791297679.050168837] [depth_angular_controller]: PAPER_EVIDENCE retained=16 balls=32 revoked_balls=0 expired_views=0 evicted_views=88 radius=0.580 clearance=0.000 best_prefix=0.000
[depth_angular_controller-1] [INFO] [1791297680.076880308] [depth_angular_controller]: PAPER_BUILD reason=FULL_MOTION_CERTIFICATE required=0.0000 best=0.0000 free=0 refined=0 tubes=95 revoked_tubes=0 proofs=128
[depth_angular_controller-1] [INFO] [1791297680.076921736] [depth_angular_controller]: PAPER_EVIDENCE retained=16 balls=32 revoked_balls=0 expired_views=0 evicted_views=92 radius=0.580 clearance=0.000 best_prefix=0.000
[depth_angular_controller-1] [INFO] [1791297681.091660377] [depth_angular_controller]: 3D guidance switched to view 2
[depth_angular_controller-1] [INFO] [1791297681.101372009] [depth_angular_controller]: PAPER_BUILD reason=FULL_MOTION_CERTIFICATE required=0.0000 best=0.0000 free=0 refined=0 tubes=99 revoked_tubes=0 proofs=128
[depth_angular_controller-1] [INFO] [1791297681.101400813] [depth_angular_controller]: PAPER_EVIDENCE retained=16 balls=32 revoked_balls=0 expired_views=0 evicted_views=96 radius=0.580 clearance=0.000 best_prefix=0.000
[depth_angular_controller-1] [INFO] [1791297681.246184707] [depth_angular_controller]: [PERF CTRL] run=final_v5_spin_ego1p2_3 elapsed=43.12s callbacks=1691 commands=1691 guidance=1630 command_fps(ros/wall)=60.00/56.14 guidance_wall_fps=57.11 avoid_ms(mean/p50/p95/max)=0.716/0.491/1.683/7.662 cycle_ms(mean/p95/max)=17.811/24.752/581.115 depth_to_cmd_ms(mean/p95/max)=69.826/116.667/133.333 callback_to_publish_ms(mean/p95/max)=2.650/8.392/23.455
[depth_angular_controller-1] [INFO] [1791297681.246342303] [depth_angular_controller]: EVIDENCE_COST ingest(mean/p95/max)=1.857/7.711/19.028 record=0.026/0.059/1.396 ms
[depth_angular_controller-1] [INFO] [1791297681.246350068] [depth_angular_controller]: EVIDENCE_PHASE per_view_mean_ms balls=0.059 tubes=0.041 history=0.338 eviction=0.001
[depth_angular_controller-1] [INFO] [1791297682.116647849] [depth_angular_controller]: ZERO_INTENT
[position_cmd_to_twist-2] [INFO] [1791297682.999859911] [position_cmd_to_twist]: [PERF BRIDGE] run=final_v5_spin_ego1p2_3 elapsed=44.77s received=1796 published=1796 fps(ros/wall)=60.00/56.38 controller_to_bridge_ms(mean/p50/p95/max)=0.093/0.000/0.000/16.667 bridge_process_ms(mean/p95/max)=0.086/0.108/0.715
[NAV] t=30.0s position=(-17.52,-3.58,3.44) yaw=-138.1deg command=(0.46,0.36,0.09) manual_active=1 collision_blocks=0
[depth_angular_controller-1] [INFO] [1791297686.031789194] [depth_angular_controller]: 3D guidance switched to view 3
[depth_angular_controller-1] [INFO] [1791297686.032188815] [depth_angular_controller]: DEPTH_PROPOSAL_CERTIFIED
[depth_angular_controller-1] [INFO] [1791297686.032201950] [depth_angular_controller]: PAPER_BUILD reason=FULL_MOTION_CERTIFICATE required=0.0000 best=0.0000 free=0 refined=0 tubes=106 revoked_tubes=0 proofs=128
[depth_angular_controller-1] [INFO] [1791297686.032211327] [depth_angular_controller]: PAPER_EVIDENCE retained=16 balls=32 revoked_balls=0 expired_views=0 evicted_views=116 radius=0.580 clearance=0.000 best_prefix=0.000
[depth_angular_controller-1] [INFO] [1791297686.253494738] [depth_angular_controller]: [PERF CTRL] run=final_v5_spin_ego1p2_3 elapsed=48.13s callbacks=1996 commands=1996 guidance=1695 command_fps(ros/wall)=60.00/56.82 guidance_wall_fps=50.52 avoid_ms(mean/p50/p95/max)=0.759/0.496/2.564/7.662 cycle_ms(mean/p95/max)=17.598/25.209/581.115 depth_to_cmd_ms(mean/p95/max)=70.010/116.667/133.333 callback_to_publish_ms(mean/p95/max)=2.692/8.639/23.455
[depth_angular_controller-1] [INFO] [1791297686.254073145] [depth_angular_controller]: EVIDENCE_COST ingest(mean/p95/max)=1.934/8.171/19.028 record=0.037/0.176/1.396 ms
[depth_angular_controller-1] [INFO] [1791297686.254082563] [depth_angular_controller]: EVIDENCE_PHASE per_view_mean_ms balls=0.075 tubes=0.051 history=0.331 eviction=0.001
[depth_angular_controller-1] [INFO] [1791297686.990244942] [depth_angular_controller]: PAPER_BUILD reason=FULL_MOTION_CERTIFICATE required=0.0000 best=0.0000 free=0 refined=0 tubes=108 revoked_tubes=0 proofs=128
[depth_angular_controller-1] [INFO] [1791297686.990506313] [depth_angular_controller]: PAPER_EVIDENCE retained=16 balls=32 revoked_balls=0 expired_views=0 evicted_views=120 radius=0.580 clearance=0.000 best_prefix=0.000
[position_cmd_to_twist-2] [INFO] [1791297687.866236153] [position_cmd_to_twist]: [PERF BRIDGE] run=final_v5_spin_ego1p2_3 elapsed=49.63s received=2095 published=2095 fps(ros/wall)=59.97/57.05 controller_to_bridge_ms(mean/p50/p95/max)=0.111/0.000/0.000/16.667 bridge_process_ms(mean/p95/max)=0.086/0.108/0.715
[NAV] t=35.0s position=(-19.22,-3.44,3.24) yaw=-118.7deg command=(-1.77,-0.02,-0.11) manual_active=1 collision_blocks=0
[depth_angular_controller-1] [INFO] [1791297687.944119010] [depth_angular_controller]: PAPER_BUILD reason=FULL_MOTION_CERTIFICATE required=0.0000 best=0.0000 free=0 refined=0 tubes=110 revoked_tubes=0 proofs=128
[depth_angular_controller-1] [INFO] [1791297687.944160848] [depth_angular_controller]: PAPER_EVIDENCE retained=16 balls=32 revoked_balls=0 expired_views=0 evicted_views=124 radius=0.580 clearance=0.000 best_prefix=0.000
[depth_angular_controller-1] [INFO] [1791297688.886351499] [depth_angular_controller]: PAPER_BUILD reason=FULL_MOTION_CERTIFICATE required=0.0000 best=0.0000 free=0 refined=0 tubes=114 revoked_tubes=0 proofs=128
[depth_angular_controller-1] [INFO] [1791297688.886388619] [depth_angular_controller]: PAPER_EVIDENCE retained=16 balls=32 revoked_balls=0 expired_views=0 evicted_views=128 radius=0.580 clearance=0.000 best_prefix=0.000
[depth_angular_controller-1] [INFO] [1791297689.143252917] [depth_angular_controller]: 3D guidance switched to view 0
[depth_angular_controller-1] [INFO] [1791297689.834119411] [depth_angular_controller]: PAPER_BUILD reason=FULL_MOTION_CERTIFICATE required=0.0000 best=0.0000 free=0 refined=0 tubes=118 revoked_tubes=0 proofs=128
[depth_angular_controller-1] [INFO] [1791297689.834151782] [depth_angular_controller]: PAPER_EVIDENCE retained=16 balls=32 revoked_balls=0 expired_views=0 evicted_views=132 radius=0.580 clearance=0.000 best_prefix=0.000
[depth_angular_controller-1] [INFO] [1791297690.793849284] [depth_angular_controller]: PAPER_BUILD reason=FULL_MOTION_CERTIFICATE required=0.0000 best=0.0000 free=0 refined=0 tubes=122 revoked_tubes=0 proofs=128
[depth_angular_controller-1] [INFO] [1791297690.793889529] [depth_angular_controller]: PAPER_EVIDENCE retained=16 balls=32 revoked_balls=0 expired_views=0 evicted_views=136 radius=0.580 clearance=0.000 best_prefix=0.000
[depth_angular_controller-1] [INFO] [1791297691.264287805] [depth_angular_controller]: [PERF CTRL] run=final_v5_spin_ego1p2_3 elapsed=53.14s callbacks=2310 commands=2310 guidance=2009 command_fps(ros/wall)=59.97/57.55 guidance_wall_fps=52.10 avoid_ms(mean/p50/p95/max)=0.730/0.510/1.968/7.662 cycle_ms(mean/p95/max)=17.375/25.241/581.115 depth_to_cmd_ms(mean/p95/max)=69.736/116.667/133.333 callback_to_publish_ms(mean/p95/max)=2.748/9.064/23.455
[depth_angular_controller-1] [INFO] [1791297691.264478934] [depth_angular_controller]: EVIDENCE_COST ingest(mean/p95/max)=2.000/8.488/19.273 record=0.036/0.165/1.396 ms
[depth_angular_controller-1] [INFO] [1791297691.264486168] [depth_angular_controller]: EVIDENCE_PHASE per_view_mean_ms balls=0.074 tubes=0.064 history=0.336 eviction=0.001
[depth_angular_controller-1] [INFO] [1791297691.807371389] [depth_angular_controller]: PAPER_BUILD reason=FULL_MOTION_CERTIFICATE required=0.0000 best=0.0000 free=0 refined=0 tubes=125 revoked_tubes=0 proofs=128
[depth_angular_controller-1] [INFO] [1791297691.807409901] [depth_angular_controller]: PAPER_EVIDENCE retained=16 balls=32 revoked_balls=0 expired_views=0 evicted_views=140 radius=0.580 clearance=0.000 best_prefix=0.000
[position_cmd_to_twist-2] [INFO] [1791297692.795658139] [position_cmd_to_twist]: [PERF BRIDGE] run=final_v5_spin_ego1p2_3 elapsed=54.56s received=2395 published=2395 fps(ros/wall)=59.97/57.50 controller_to_bridge_ms(mean/p50/p95/max)=0.104/0.000/0.000/16.667 bridge_process_ms(mean/p95/max)=0.085/0.108/0.715
[NAV] t=40.0s position=(-28.12,-2.33,2.66) yaw=141.0deg command=(-1.80,-0.02,0.04) manual_active=1 collision_blocks=0
[depth_angular_controller-1] [INFO] [1791297692.877511066] [depth_angular_controller]: PAPER_BUILD reason=FULL_MOTION_CERTIFICATE required=0.0000 best=0.0000 free=0 refined=0 tubes=129 revoked_tubes=0 proofs=128
[depth_angular_controller-1] [INFO] [1791297692.877555149] [depth_angular_controller]: PAPER_EVIDENCE retained=16 balls=32 revoked_balls=0 expired_views=0 evicted_views=144 radius=0.580 clearance=0.000 best_prefix=0.000
[depth_angular_controller-1] [INFO] [1791297693.060984830] [depth_angular_controller]: 3D guidance switched to view 1
[depth_angular_controller-1] [INFO] [1791297693.839295059] [depth_angular_controller]: PAPER_BUILD reason=FULL_MOTION_CERTIFICATE required=0.0000 best=0.0000 free=0 refined=0 tubes=133 revoked_tubes=0 proofs=128
[depth_angular_controller-1] [INFO] [1791297693.839327379] [depth_angular_controller]: PAPER_EVIDENCE retained=16 balls=32 revoked_balls=0 expired_views=0 evicted_views=148 radius=0.580 clearance=0.000 best_prefix=0.000
[depth_angular_controller-1] [INFO] [1791297694.859485796] [depth_angular_controller]: PAPER_BUILD reason=FULL_MOTION_CERTIFICATE required=0.0000 best=0.0000 free=0 refined=0 tubes=137 revoked_tubes=0 proofs=128
[depth_angular_controller-1] [INFO] [1791297694.859522816] [depth_angular_controller]: PAPER_EVIDENCE retained=16 balls=32 revoked_balls=0 expired_views=0 evicted_views=152 radius=0.580 clearance=0.000 best_prefix=0.000
[depth_angular_controller-1] [INFO] [1791297695.820463924] [depth_angular_controller]: PAPER_BUILD reason=FULL_MOTION_CERTIFICATE required=0.0000 best=0.0000 free=0 refined=0 tubes=140 revoked_tubes=0 proofs=128
[depth_angular_controller-1] [INFO] [1791297695.820501024] [depth_angular_controller]: PAPER_EVIDENCE retained=16 balls=32 revoked_balls=0 expired_views=0 evicted_views=156 radius=0.580 clearance=0.000 best_prefix=0.000
[depth_angular_controller-1] [INFO] [1791297696.270013388] [depth_angular_controller]: [PERF CTRL] run=final_v5_spin_ego1p2_3 elapsed=58.14s callbacks=2609 commands=2609 guidance=2308 command_fps(ros/wall)=59.98/57.79 guidance_wall_fps=52.97 avoid_ms(mean/p50/p95/max)=0.710/0.517/1.627/7.662 cycle_ms(mean/p95/max)=17.303/25.297/581.115 depth_to_cmd_ms(mean/p95/max)=69.692/116.667/133.333 callback_to_publish_ms(mean/p95/max)=2.736/9.163/23.455
[depth_angular_controller-1] [INFO] [1791297696.270243701] [depth_angular_controller]: EVIDENCE_COST ingest(mean/p95/max)=1.997/8.600/19.273 record=0.033/0.149/1.396 ms
[depth_angular_controller-1] [INFO] [1791297696.270251636] [depth_angular_controller]: EVIDENCE_PHASE per_view_mean_ms balls=0.071 tubes=0.062 history=0.339 eviction=0.001
[depth_angular_controller-1] [INFO] [1791297696.782532402] [depth_angular_controller]: PAPER_BUILD reason=FULL_MOTION_CERTIFICATE required=0.0000 best=0.0000 free=0 refined=0 tubes=144 revoked_tubes=0 proofs=128
[depth_angular_controller-1] [INFO] [1791297696.782570103] [depth_angular_controller]: PAPER_EVIDENCE retained=16 balls=32 revoked_balls=0 expired_views=0 evicted_views=160 radius=0.580 clearance=0.000 best_prefix=0.000
[depth_angular_controller-1] [INFO] [1791297696.815320361] [depth_angular_controller]: 3D guidance switched to view 2
[position_cmd_to_twist-2] [INFO] [1791297697.662558035] [position_cmd_to_twist]: [PERF BRIDGE] run=final_v5_spin_ego1p2_3 elapsed=59.43s received=2695 published=2695 fps(ros/wall)=59.98/57.93 controller_to_bridge_ms(mean/p50/p95/max)=0.093/0.000/0.000/16.667 bridge_process_ms(mean/p95/max)=0.085/0.109/0.715
[NAV] t=45.0s position=(-37.04,-3.62,2.52) yaw=40.7deg command=(-1.74,-0.47,-0.11) manual_active=1 collision_blocks=0
[depth_angular_controller-1] [INFO] [1791297697.741839710] [depth_angular_controller]: PAPER_BUILD reason=FULL_MOTION_CERTIFICATE required=0.0000 best=0.0000 free=0 refined=0 tubes=148 revoked_tubes=0 proofs=128
[depth_angular_controller-1] [INFO] [1791297697.741879184] [depth_angular_controller]: PAPER_EVIDENCE retained=16 balls=32 revoked_balls=0 expired_views=0 evicted_views=164 radius=0.580 clearance=0.000 best_prefix=0.000
[depth_angular_controller-1] [INFO] [1791297698.769102618] [depth_angular_controller]: PAPER_BUILD reason=FULL_MOTION_CERTIFICATE required=0.0000 best=0.0000 free=0 refined=0 tubes=152 revoked_tubes=0 proofs=128
[depth_angular_controller-1] [INFO] [1791297698.769138005] [depth_angular_controller]: PAPER_EVIDENCE retained=16 balls=32 revoked_balls=0 expired_views=0 evicted_views=168 radius=0.580 clearance=0.000 best_prefix=0.000
[depth_angular_controller-1] [INFO] [1791297699.971512833] [depth_angular_controller]: PAPER_BUILD reason=FULL_MOTION_CERTIFICATE required=0.0000 best=0.0000 free=0 refined=0 tubes=155 revoked_tubes=0 proofs=128
[depth_angular_controller-1] [INFO] [1791297699.971554602] [depth_angular_controller]: PAPER_EVIDENCE retained=16 balls=32 revoked_balls=0 expired_views=0 evicted_views=172 radius=0.580 clearance=0.000 best_prefix=0.000
[depth_angular_controller-1] [INFO] [1791297700.980597008] [depth_angular_controller]: PAPER_BUILD reason=FULL_MOTION_CERTIFICATE required=0.0000 best=0.0000 free=0 refined=0 tubes=159 revoked_tubes=0 proofs=128
[depth_angular_controller-1] [INFO] [1791297700.980632374] [depth_angular_controller]: PAPER_EVIDENCE retained=16 balls=32 revoked_balls=0 expired_views=0 evicted_views=176 radius=0.580 clearance=0.000 best_prefix=0.000
[depth_angular_controller-1] [INFO] [1791297701.282349866] [depth_angular_controller]: [PERF CTRL] run=final_v5_spin_ego1p2_3 elapsed=63.15s callbacks=2899 commands=2899 guidance=2598 command_fps(ros/wall)=59.96/57.80 guidance_wall_fps=53.48 avoid_ms(mean/p50/p95/max)=0.700/0.527/1.399/7.662 cycle_ms(mean/p95/max)=17.301/25.241/581.115 depth_to_cmd_ms(mean/p95/max)=70.246/116.667/133.333 callback_to_publish_ms(mean/p95/max)=2.722/9.156/23.455
[depth_angular_controller-1] [INFO] [1791297701.283110475] [depth_angular_controller]: EVIDENCE_COST ingest(mean/p95/max)=1.987/8.584/19.273 record=0.032/0.143/1.396 ms
[depth_angular_controller-1] [INFO] [1791297701.283262791] [depth_angular_controller]: EVIDENCE_PHASE per_view_mean_ms balls=0.070 tubes=0.061 history=0.339 eviction=0.001
[depth_angular_controller-1] [INFO] [1791297701.848745300] [depth_angular_controller]: 3D guidance switched to view 3
[depth_angular_controller-1] [INFO] [1791297701.929136270] [depth_angular_controller]: PAPER_BUILD reason=FULL_MOTION_CERTIFICATE required=0.0000 best=0.0000 free=0 refined=0 tubes=163 revoked_tubes=0 proofs=128
[depth_angular_controller-1] [INFO] [1791297701.929573381] [depth_angular_controller]: PAPER_EVIDENCE retained=16 balls=32 revoked_balls=0 expired_views=0 evicted_views=180 radius=0.580 clearance=0.000 best_prefix=0.000
[position_cmd_to_twist-2] [INFO] [1791297702.924832454] [position_cmd_to_twist]: [PERF BRIDGE] run=final_v5_spin_ego1p2_3 elapsed=64.69s received=2994 published=2994 fps(ros/wall)=59.96/57.82 controller_to_bridge_ms(mean/p50/p95/max)=0.084/0.000/0.000/16.667 bridge_process_ms(mean/p95/max)=0.085/0.110/0.715
[NAV] t=50.0s position=(-45.84,-5.13,1.50) yaw=-59.5deg command=(-1.77,-0.31,-0.18) manual_active=1 collision_blocks=0
[depth_angular_controller-1] [INFO] [1791297703.013149509] [depth_angular_controller]: PAPER_BUILD reason=FULL_MOTION_CERTIFICATE required=0.0000 best=0.0000 free=0 refined=0 tubes=167 revoked_tubes=0 proofs=128
[depth_angular_controller-1] [INFO] [1791297703.013190977] [depth_angular_controller]: PAPER_EVIDENCE retained=16 balls=32 revoked_balls=0 expired_views=0 evicted_views=184 radius=0.580 clearance=0.000 best_prefix=0.000
[depth_angular_controller-1] [INFO] [1791297704.068489483] [depth_angular_controller]: PAPER_BUILD reason=FULL_MOTION_CERTIFICATE required=0.0000 best=0.0000 free=0 refined=0 tubes=170 revoked_tubes=0 proofs=128
[depth_angular_controller-1] [INFO] [1791297704.068527485] [depth_angular_controller]: PAPER_EVIDENCE retained=16 balls=32 revoked_balls=0 expired_views=0 evicted_views=188 radius=0.580 clearance=0.000 best_prefix=0.000
[depth_angular_controller-1] [INFO] [1791297705.270441677] [depth_angular_controller]: PAPER_BUILD reason=FULL_MOTION_CERTIFICATE required=0.0000 best=0.0000 free=0 refined=0 tubes=174 revoked_tubes=0 proofs=128
[depth_angular_controller-1] [INFO] [1791297705.270481682] [depth_angular_controller]: PAPER_EVIDENCE retained=16 balls=32 revoked_balls=0 expired_views=0 evicted_views=192 radius=0.580 clearance=0.000 best_prefix=0.000
[depth_angular_controller-1] [INFO] [1791297705.862918917] [depth_angular_controller]: 3D guidance switched to view 0
[depth_angular_controller-1] [INFO] [1791297706.301808648] [depth_angular_controller]: [PERF CTRL] run=final_v5_spin_ego1p2_3 elapsed=68.17s callbacks=3173 commands=3173 guidance=2872 command_fps(ros/wall)=59.96/57.51 guidance_wall_fps=53.58 avoid_ms(mean/p50/p95/max)=0.738/0.537/1.683/8.729 cycle_ms(mean/p95/max)=17.388/25.749/581.115 depth_to_cmd_ms(mean/p95/max)=70.572/116.667/133.333 callback_to_publish_ms(mean/p95/max)=2.806/9.500/23.455
[depth_angular_controller-1] [INFO] [1791297706.302097601] [depth_angular_controller]: EVIDENCE_COST ingest(mean/p95/max)=2.027/8.872/19.273 record=0.033/0.157/1.396 ms
[depth_angular_controller-1] [INFO] [1791297706.302104805] [depth_angular_controller]: EVIDENCE_PHASE per_view_mean_ms balls=0.069 tubes=0.067 history=0.343 eviction=0.001
[depth_angular_controller-1] [INFO] [1791297706.403594225] [depth_angular_controller]: PAPER_BUILD reason=FULL_MOTION_CERTIFICATE required=0.0000 best=0.0000 free=0 refined=0 tubes=178 revoked_tubes=0 proofs=128
[depth_angular_controller-1] [INFO] [1791297706.403633539] [depth_angular_controller]: PAPER_EVIDENCE retained=16 balls=32 revoked_balls=0 expired_views=0 evicted_views=196 radius=0.580 clearance=0.000 best_prefix=0.000
[depth_angular_controller-1] [INFO] [1791297707.351280754] [depth_angular_controller]: PAPER_BUILD reason=FULL_MOTION_CERTIFICATE required=0.0000 best=0.0000 free=0 refined=0 tubes=182 revoked_tubes=0 proofs=128
[depth_angular_controller-1] [INFO] [1791297707.351320359] [depth_angular_controller]: PAPER_EVIDENCE retained=16 balls=32 revoked_balls=0 expired_views=0 evicted_views=200 radius=0.580 clearance=0.000 best_prefix=0.000
[position_cmd_to_twist-2] [INFO] [1791297708.285223174] [position_cmd_to_twist]: [PERF BRIDGE] run=final_v5_spin_ego1p2_3 elapsed=70.05s received=3294 published=3294 fps(ros/wall)=59.96/57.65 controller_to_bridge_ms(mean/p50/p95/max)=0.076/0.000/0.000/16.667 bridge_process_ms(mean/p95/max)=0.086/0.110/0.835
[NAV] t=55.0s position=(-54.36,-7.66,2.04) yaw=-159.8deg command=(-1.79,-0.20,0.05) manual_active=1 collision_blocks=0
[depth_angular_controller-1] [INFO] [1791297708.366706797] [depth_angular_controller]: PAPER_BUILD reason=FULL_MOTION_CERTIFICATE required=0.0000 best=0.0000 free=0 refined=0 tubes=185 revoked_tubes=0 proofs=128
[depth_angular_controller-1] [INFO] [1791297708.366742174] [depth_angular_controller]: PAPER_EVIDENCE retained=16 balls=32 revoked_balls=0 expired_views=0 evicted_views=204 radius=0.580 clearance=0.000 best_prefix=0.000
[depth_angular_controller-1] [INFO] [1791297709.398766240] [depth_angular_controller]: PAPER_BUILD reason=FULL_MOTION_CERTIFICATE required=0.0000 best=0.0000 free=0 refined=0 tubes=189 revoked_tubes=0 proofs=128
[depth_angular_controller-1] [INFO] [1791297709.398802708] [depth_angular_controller]: PAPER_EVIDENCE retained=16 balls=32 revoked_balls=0 expired_views=0 evicted_views=208 radius=0.580 clearance=0.000 best_prefix=0.000
[depth_angular_controller-1] [INFO] [1791297710.534217748] [depth_angular_controller]: PAPER_BUILD reason=FULL_MOTION_CERTIFICATE required=0.0000 best=0.0000 free=0 refined=0 tubes=193 revoked_tubes=0 proofs=128
[depth_angular_controller-1] [INFO] [1791297710.534253265] [depth_angular_controller]: PAPER_EVIDENCE retained=16 balls=32 revoked_balls=0 expired_views=0 evicted_views=212 radius=0.580 clearance=0.000 best_prefix=0.000
[depth_angular_controller-1] [INFO] [1791297711.303681591] [depth_angular_controller]: [PERF CTRL] run=final_v5_spin_ego1p2_3 elapsed=73.18s callbacks=3464 commands=3464 guidance=3163 command_fps(ros/wall)=59.97/57.56 guidance_wall_fps=53.98 avoid_ms(mean/p50/p95/max)=0.721/0.537/1.540/8.729 cycle_ms(mean/p95/max)=17.372/25.749/581.115 depth_to_cmd_ms(mean/p95/max)=69.502/116.667/133.333 callback_to_publish_ms(mean/p95/max)=2.814/9.487/23.455
[depth_angular_controller-1] [INFO] [1791297711.304038672] [depth_angular_controller]: EVIDENCE_COST ingest(mean/p95/max)=2.045/8.858/19.273 record=0.032/0.148/1.396 ms
[depth_angular_controller-1] [INFO] [1791297711.304051577] [depth_angular_controller]: EVIDENCE_PHASE per_view_mean_ms balls=0.070 tubes=0.069 history=0.345 eviction=0.001
[depth_angular_controller-1] [INFO] [1791297711.528747501] [depth_angular_controller]: 3D guidance switched to view 1
[depth_angular_controller-1] [INFO] [1791297711.560264180] [depth_angular_controller]: PAPER_BUILD reason=FULL_MOTION_CERTIFICATE required=0.0000 best=0.0000 free=0 refined=0 tubes=197 revoked_tubes=0 proofs=128
[depth_angular_controller-1] [INFO] [1791297711.560302923] [depth_angular_controller]: PAPER_EVIDENCE retained=16 balls=32 revoked_balls=0 expired_views=0 evicted_views=216 radius=0.580 clearance=0.000 best_prefix=0.000
[depth_angular_controller-1] [INFO] [1791297712.517496810] [depth_angular_controller]: PAPER_BUILD reason=FULL_MOTION_CERTIFICATE required=0.0000 best=0.0000 free=0 refined=0 tubes=200 revoked_tubes=0 proofs=128
[depth_angular_controller-1] [INFO] [1791297712.517539009] [depth_angular_controller]: PAPER_EVIDENCE retained=16 balls=32 revoked_balls=0 expired_views=0 evicted_views=220 radius=0.580 clearance=0.000 best_prefix=0.000
[position_cmd_to_twist-2] [INFO] [1791297713.394175162] [position_cmd_to_twist]: [PERF BRIDGE] run=final_v5_spin_ego1p2_3 elapsed=75.16s received=3594 published=3594 fps(ros/wall)=59.97/57.73 controller_to_bridge_ms(mean/p50/p95/max)=0.070/0.000/0.000/16.667 bridge_process_ms(mean/p95/max)=0.086/0.110/0.835
[NAV] t=60.0s position=(-63.35,-8.51,2.07) yaw=100.3deg command=(-1.76,0.19,0.03) manual_active=0 collision_blocks=0
[depth_angular_controller-1] [INFO] [1791297713.476870663] [depth_angular_controller]: ZERO_INTENT
[depth_angular_controller-1] [INFO] [1791297716.306905834] [depth_angular_controller]: [PERF CTRL] run=final_v5_spin_ego1p2_3 elapsed=78.18s callbacks=3777 commands=3777 guidance=3298 command_fps(ros/wall)=59.97/57.95 guidance_wall_fps=54.28 avoid_ms(mean/p50/p95/max)=0.712/0.533/1.500/8.729 cycle_ms(mean/p95/max)=17.257/25.533/581.115 depth_to_cmd_ms(mean/p95/max)=69.679/116.667/133.333 callback_to_publish_ms(mean/p95/max)=2.767/9.299/23.455
[depth_angular_controller-1] [INFO] [1791297716.307228019] [depth_angular_controller]: EVIDENCE_COST ingest(mean/p95/max)=2.036/8.709/19.273 record=0.030/0.136/1.396 ms
[depth_angular_controller-1] [INFO] [1791297716.307235514] [depth_angular_controller]: EVIDENCE_PHASE per_view_mean_ms balls=0.068 tubes=0.068 history=0.345 eviction=0.001
[MANUAL RESULT] TIMEOUT position=(-64.644,-8.371,2.093)
[PERF ISAAC FINAL] run=final_v5_spin_ego1p2_3 result=MANUAL_TIMEOUT wall=66.13s sim_frames=3843 fps(sim/wall)=60.03/58.11 command_changes=2719 collision_blocks=0 frame_interval_ms(mean/p50/p95/max)=17.069/15.790/17.799/79.574
[78.779s] Simulation App Shutting Down
[depth_angular_controller-1] [INFO] [1791297717.836137168] [rclcpp]: signal_handler(SIGINT/SIGTERM)
[position_cmd_to_twist-2] [INFO] [1791297717.837001502] [position_cmd_to_twist]: [PERF BRIDGE FINAL] run=final_v5_spin_ego1p2_3 elapsed=79.60s received=3840 published=3840 fps(ros/wall)=59.97/58.06 controller_to_bridge_ms(mean/p50/p95/max)=0.065/0.000/0.000/16.667 bridge_process_ms(mean/p95/max)=0.086/0.110/0.835
[position_cmd_to_twist-2] Failed to publish log message to rosout: publisher's context is invalid, at ./src/rcl/publisher.c:389
[depth_angular_controller-1] [INFO] [1791297717.837105007] [depth_angular_controller]: [PERF CTRL FINAL] run=final_v5_spin_ego1p2_3 elapsed=79.71s callbacks=3840 commands=3840 guidance=3298 command_fps(ros/wall)=59.97/58.06 guidance_wall_fps=54.28 avoid_ms(mean/p50/p95/max)=0.712/0.533/1.500/8.729 cycle_ms(mean/p95/max)=17.224/25.504/581.115 depth_to_cmd_ms(mean/p95/max)=69.679/116.667/133.333 callback_to_publish_ms(mean/p95/max)=2.750/9.295/23.455
[depth_angular_controller-1] [INFO] [1791297717.837357221] [depth_angular_controller]: EVIDENCE_COST ingest(mean/p95/max)=2.029/8.653/19.273 record=0.030/0.134/1.396 ms
[depth_angular_controller-1] [INFO] [1791297717.837360346] [depth_angular_controller]: EVIDENCE_PHASE per_view_mean_ms balls=0.068 tubes=0.067 history=0.344 eviction=0.001
[INFO] [depth_angular_controller-1]: process has finished cleanly [pid 119407]
[INFO] [position_cmd_to_twist-2]: process has finished cleanly [pid 119409]
