[PERF] run=final_v17_spin_ego1p2_2 log=/home/starry/isaac-data/EGO1P3/performance/omni_20261006/final_v17_spin_ego1p2_2_performance.md
[INPUT] mode=trace scene_mode=cloud
[LOCK] Waiting for shared Isaac navigation slot
[INFO] [launch]: All log files can be found below /tmp/fov_gvf_ego1p3_isaac_ros_log/2026-10-07-00-24-49-948393-starry-System-Product-Name-167984
[INFO] [launch]: Default logging verbosity is set to INFO
[INFO] [depth_angular_controller-1]: process started with pid [167986]
[INFO] [position_cmd_to_twist-2]: process started with pid [167988]
[depth_angular_controller-1] [INFO] [1791303889.981612937] [depth_angular_controller]: PROCESSING_RATES control=60.0 Hz depth_limit=10.0 Hz (0=unlimited)
[depth_angular_controller-1] [INFO] [1791303889.983853888] [depth_angular_controller]: C++ controller commands publish on /position_cmd; horizontal views=4
[ROS CHECK] ROS_DOMAIN_ID=42 /position_cmd publishers=1
Type: pc_gvf_msgs/msg/PositionCommand
Publisher count: 1
Subscription count: 1
/depth_angular_controller
/position_cmd_to_twist
WARNING: All log messages before absl::InitializeLog() is called are written to STDERR
E0000 00:00:1791303890.944385  168027 descriptor_database.cc:633] File already exists in database: grpc/health/v1/health.proto
W0000 00:00:1791303890.944406  168027 message.cc:301] Protobuf GeneratedMessageFactory: File is already registered: grpc/health/v1/health.proto
2026-10-06T16:24:50Z [Info] [carb] Logging to file: /home/starry/isaac-data/isaacsim/kit/logs/Kit/Isaac-Sim Python/6.0/kit_20261007_002450.log
[0.046s] [ext: omni.assets.plugins-0.0.0] startup
[0.046s] [ext: omni.blobkey-1.1.2] startup
[0.046s] [ext: omni.kit.async_engine-0.0.3] startup
[0.316s] [ext: omni.client.lib-1.1.1] startup
[0.324s] [ext: omni.client-1.3.0] startup
[0.326s] [ext: omni.protobuf.lib-1.0.0] startup
[0.327s] [ext: omni.grpc.lib-1.0.0] startup
[0.330s] [ext: omni.metrics.core-0.0.3] startup
[0.330s] [ext: omni.datastore-0.0.0] startup
[0.331s] [ext: omni.gpu_foundation.shadercache.vulkan-1.0.0] startup
[0.333s] [ext: omni.hsscclient-1.1.4] startup
[0.333s] [ext: omni.stats-1.0.1] startup
[0.333s] [ext: omni.ujitso.default-1.0.0] startup
[0.336s] [ext: omni.gpu_foundation-0.0.0] startup
[0.471s] [ext: carb.windowing.plugins-1.0.1] startup
[0.471s] [ext: omni.kit.renderer.init-1.0.1] startup
2026-10-06T16:24:51Z [672ms] [Warning] [omni.rtx] Skipping unsupported non-NVIDIA GPU: AMD Unknown (RADV RAPHAEL_MENDOCINO)
2026-10-06T16:24:51Z [673ms] [Warning] [omni.rtx] Skipping unsupported non-NVIDIA GPU: AMD Unknown (RADV RAPHAEL_MENDOCINO)

|---------------------------------------------------------------------------------------------|
| Driver Version: 580.178.04    | Graphics API: Vulkan
|=============================================================================================|
| GPU | Name                             | Active | LDA | GPU Memory | Vendor-ID | LUID       |
|     |                                  |        |     |            | Device-ID | UUID       |
|     |                                  |        |     |            | Bus-ID    |            |
|---------------------------------------------------------------------------------------------|
| 0   | NVIDIA GeForce RTX 5070          | Yes: 0 |     | 12227   MB | 10de      | 0          |
|     |                                  |        |     |            | 2f04      | 348d89fe.. |
|     |                                  |        |     |            | 1         |            |
|---------------------------------------------------------------------------------------------|
| 1   | AMD Unknown (RADV RAPHAEL_MEND.. |        |     | 10755   MB | 1002      | 0          |
|     |                                  |        |     |            | 13c0      | 00000000.. |
|     |                                  |        |     |            | c         |            |
|=============================================================================================|
| OS: 22.04.5 LTS (Jammy Jellyfish) ubuntu, Version: 22.04.5, Kernel: 6.8.0-138-generic
| XServer Vendor: The X.Org Foundation, XServer Version: 12101004 (1.21.1.4)
| Processor: AMD Ryzen 5 9600X 6-Core Processor
| Cores: 6 | Logical Cores: 12
|---------------------------------------------------------------------------------------------|
| Total Memory (MB): 31241 | Free Memory: 22740
| Total Page/Swap (MB): 15624 | Free Page/Swap: 15624
|---------------------------------------------------------------------------------------------|
2026-10-06T16:24:51Z [886ms] [Warning] [omni.rtx] CPU performance profile is set to powersave. This profile sets the CPU to the lowest frequency reducing performance.
2026-10-06T16:24:51Z [897ms] [Warning] [omni.rtx] IOMMU is enabled.
[1.001s] [ext: omni.kit.pipapi-0.0.0] startup
[1.002s] [ext: omni.kit.pip_archive-0.0.0] startup
[1.002s] [ext: isaacsim.pip.newton-0.6.1] startup
[1.003s] [ext: omni.pip.compute-1.9.2] startup
[1.003s] [ext: omni.isaac.core_archive-5.3.1] startup
[1.003s] [ext: omni.kit.telemetry-0.5.2] startup
[1.022s] [ext: omni.kit.loop-isaac-1.6.0] startup
[1.024s] [ext: omni.kit.test-2.0.7] startup
[1.073s] [ext: omni.materialx.libs-1.0.9] startup
[1.079s] [ext: omni.gpucompute.plugins-0.0.0] startup
[1.080s] [ext: omni.usd.config-1.0.7] startup
[1.083s] [ext: omni.usd.libs-1.0.3] startup
[1.139s] [ext: omni.iray.libs-0.0.1] startup
[1.141s] [ext: omni.mdl-57.0.3] startup
[1.202s] [ext: omni.mdl.neuraylib-0.2.20] startup
[1.204s] [ext: omni.kit.usd.mdl-1.1.9] startup
[1.291s] [ext: omni.appwindow-1.2.2] startup
[1.293s] [ext: omni.kit.renderer.core-1.2.2] startup
2026-10-06T16:24:57Z [6,503ms] [Warning] [carb.windowing-glfw.gamepad] Joystick with unknown remapping detected (will be ignored):  BEITONG BEITONG A2P3A BFM DONGLE [03000000bc2000001c51000011010000]
[6.535s] [ext: omni.kit.renderer.capture-2.0.1] startup
[6.536s] [ext: omni.kit.renderer.imgui-2.0.6] startup
[6.573s] [ext: omni.ui-3.2.0] startup
[6.579s] [ext: omni.kit.mainwindow-1.0.3] startup
[6.580s] [ext: carb.audio-0.1.0] startup
[6.582s] [ext: omni.uiaudio-1.0.0] startup
[6.583s] [ext: omni.kit.uiapp-0.0.0] startup
[6.583s] [ext: omni.usd.schema.metrics.assembler-110.1.0] startup
[6.585s] [ext: omni.usd.schema.audio-0.0.1] startup
[6.587s] [ext: omni.usd_resolver-1.0.0] startup
[6.590s] [ext: omni.usd.core-1.8.3] startup
[6.592s] [ext: omni.metropolis.schema-0.0.3] startup
[6.593s] [ext: isaacsim.anim.robot.schema-0.1.1] startup
[6.593s] [ext: omni.usd.schema.anim-0.0.1] startup
[6.606s] [ext: omni.usd.schema.geospatial-0.0.1] startup
[6.608s] [ext: omni.usd.schema.omnigraph-1.0.1] startup
[6.612s] [ext: omni.usd.schema.semantics-0.0.0] startup
[6.613s] [ext: omni.activity.core-1.0.3] startup
[6.614s] [ext: omni.cubric-0.1.0] startup
[6.615s] [ext: omni.graph.exec-0.9.6] startup
[6.615s] [ext: omni.hydra.scene_delegate-0.3.5] startup
[6.617s] [ext: usdrt.scenegraph-7.6.3] startup
[6.635s] [ext: omni.hydra.usdrt_delegate-7.5.2] startup
[6.639s] [ext: omni.inspect-1.0.2] startup
[6.640s] [ext: omni.kit.actions.core-1.0.0] startup
[6.641s] [ext: omni.kit.audiodeviceenum-1.0.2] startup
[6.642s] [ext: omni.kit.commands-1.5.0] startup
[6.644s] [ext: omni.kit.exec.core-0.13.5] startup
[6.645s] [ext: omni.kit.usd_undo-0.1.8] startup
[6.646s] [ext: omni.kit.window.popup_dialog-2.0.25] startup
[6.648s] [ext: omni.kit.widget.nucleus_connector-2.3.1] startup
[6.650s] [ext: omni.timeline-1.1.0] startup
[6.652s] [ext: omni.usd-1.16.0] startup
[6.677s] [ext: omni.graph.core-3.1.2] startup
[6.679s] [ext: omni.kit.notification_manager-1.0.11] startup
[6.680s] [ext: isaacsim.core.deprecation_manager-0.4.2] startup
[6.681s] [ext: isaacsim.replicator.agent.schema-0.1.1] startup
[6.682s] [ext: isaacsim.robot.schema-6.3.7] startup
[6.686s] [ext: isaacsim.robot_motion.schema-0.2.1] startup
[6.686s] [ext: omni.anim.behavior.schema-110.1.0] startup
[6.689s] [ext: omni.anim.graph.schema-110.1.1] startup
[6.694s] [ext: omni.anim.navigation.schema-110.1.0] startup
[6.696s] [ext: omni.behavior.tree.schema-110.1.0] startup
[6.696s] [ext: omni.isaac.ml_archive-3.3.0] startup
[6.697s] [ext: omni.kit.asset_converter-6.0.1] startup
[6.705s] [ext: omni.pip.cloud-1.5.4] startup
[6.707s] [ext: omni.usd.schema.flow-110.0.0] startup
[6.708s] [ext: omni.usd.schema.mujoco-1.1.1] startup
[6.708s] [ext: omni.usd.schema.newton-1.2.1] startup
[6.708s] [ext: omni.usd.schema.omni_lens_distortion-1.0.0] startup
[6.709s] [ext: omni.usd.schema.omni_projectors-1.0.0] startup
[6.709s] [ext: omni.usd.schema.omni_sensors-0.0.0] startup
[6.716s] [ext: omni.usd.schema.omniscripting-1.0.1] startup
[6.719s] [ext: omni.usd.schema.physical_lighting-0.1.0] startup
[6.721s] [ext: omni.usd.schema.physx-110.1.13] startup
[6.744s] [ext: omni.usd.schema.render_settings.rtx-1.0.2] startup
[6.747s] [ext: omni.usd.schema.usd_particle_field-1.0.0] startup
[6.747s] [ext: isaacsim.core.version-2.1.1] startup
[6.748s] [ext: omni.kit.menu.core-1.2.0] startup
[6.748s] [ext: omni.kit.menu.utils-2.2.4] startup
[6.754s] [ext: isaacsim.app.about-2.3.1] startup
[6.757s] [ext: isaacsim.asset.transformer-1.2.5] startup
[6.760s] [ext: omni.scene.optimizer.core-110.1.0] startup
[6.789s] [ext: isaacsim.asset.importer.utils-1.8.1] startup
[6.791s] [ext: omni.convexdecomposition-110.1.13] startup
[6.792s] [ext: omni.physics-110.1.13] startup
[6.794s] [ext: omni.physx.gpu-110.1.13] startup
[6.794s] [ext: omni.physx.foundation-110.1.13] startup
[6.796s] [ext: omni.usdphysics-110.1.13] startup
[6.797s] [ext: omni.physx.cooking-110.1.13] startup
[6.799s] [ext: omni.physx-110.1.13] startup
[6.805s] [ext: omni.physics.physx-110.1.13] startup
[6.807s] [ext: isaacsim.asset.exporter.urdf-2.0.5] startup
[6.813s] [ext: omni.kit.clipboard-1.1.1] startup
[6.814s] [ext: omni.kit.usd.layers-2.6.1] startup
[6.819s] [ext: omni.kit.widget.context_menu-1.4.0] startup
[6.820s] [ext: omni.kit.context_menu-1.9.0] startup
[6.821s] [ext: omni.kit.helper.file_utils-0.1.10] startup
[6.822s] [ext: omni.kit.widget.nucleus_info-2.0.2] startup
[6.822s] [ext: omni.kit.search_core-1.0.8] startup
[6.823s] [ext: omni.kit.widget.path_field-2.0.13] startup
[6.823s] [ext: omni.kit.widget.browser_bar-2.0.10] startup
[6.824s] [ext: omni.kit.widget.filebrowser-2.13.4] startup
[6.827s] [ext: omni.kit.widget.options_menu-1.1.6] startup
[6.829s] [ext: omni.kit.widget.options_button-1.0.3] startup
[6.830s] [ext: omni.kit.widget.search_delegate-1.0.9] startup
[6.831s] [ext: omni.ui.scene-2.0.3] startup
[6.834s] [ext: omni.kit.window.filepicker-2.15.5] startup
[6.844s] [ext: omni.kit.window.file_importer-1.1.21] startup
[6.845s] [ext: omni.kit.material.library-3.1.2] startup
[6.849s] [ext: isaacsim.asset.transformer.rules-1.7.10] startup
[6.857s] [ext: omni.usdex.libs-2.2.2] startup
[6.863s] [ext: isaacsim.asset.importer.mjcf-3.10.1] startup
[6.864s] [ext: isaacsim.asset.importer.urdf-3.11.2] startup
[6.867s] [ext: omni.kit.primitive.mesh-1.1.0] startup
[6.869s] [ext: omni.kit.stage_template.core-1.1.22] startup
[6.870s] [ext: omni.kit.stage_templates-2.0.2] startup
[6.871s] [ext: omni.usd.metrics.assembler-110.1.2] startup
[6.873s] [ext: omni.warp.core-1.13.0] startup
[7.056s] [ext: isaacsim.core.experimental.utils-0.17.2] startup
[7.057s] [ext: omni.physics.stageupdate-110.1.13] startup
[7.058s] [ext: omni.physics.tensors-110.1.13] startup
[7.062s] [ext: omni.physx.tensors-110.1.13] startup
[7.064s] [ext: isaacsim.core.simulation_manager-1.15.6] startup
[7.074s] [ext: isaacsim.storage.native-1.9.3] startup
[7.075s] [ext: omni.usd.metrics.assembler.physics-110.1.13] startup
[7.076s] [ext: isaacsim.core.utils-4.1.7] startup
[7.078s] [ext: isaacsim.core.prims-0.11.7] startup
[7.955s] [ext: isaacsim.core.api-5.2.13] startup
[7.961s] [ext: isaacsim.core.cloner-1.7.3] startup
[7.962s] [ext: isaacsim.test.docstring-1.3.2] startup
[7.963s] [ext: isaacsim.core.experimental.prims-1.8.9] startup
[7.981s] [ext: isaacsim.core.experimental.primdata-0.3.2] startup
[7.983s] [ext: omni.graph.tools-1.81.0] startup
[8.001s] [ext: omni.graph-1.142.5] startup
[8.032s] [ext: isaacsim.core.experimental.actuators-0.1.2] startup
[8.045s] [ext: isaacsim.core.experimental.materials-0.7.1] startup
[8.048s] [ext: isaacsim.core.experimental.objects-0.8.1] startup
[8.099s] [ext: omni.hydra.engine.stats-1.0.5] startup
[8.101s] [ext: omni.hydra.rtx.shadercache.vulkan-1.0.0] startup
[8.102s] [ext: omni.index.libs-387500.4413.0] startup
[8.102s] [ext: omni.index-1.0.1] startup
[8.103s] [ext: omni.ujitso.client-0.0.0] startup
[8.103s] [ext: omni.usd.schema.playback-1.0.0] startup
[8.106s] [ext: omni.volume-0.5.2] startup
[8.109s] [ext: omni.hydra.rtx-1.0.4] startup
2026-10-06T16:24:58Z [8,099ms] [Warning] [omni.log] Source: omni.hydra was already registered.
[8.130s] [ext: omni.kit.hydra_texture-1.6.0] startup
[8.133s] [ext: omni.kit.raycast.query-1.2.0] startup
[8.136s] [ext: omni.kit.viewport.legacy_gizmos-1.0.24] startup
[8.138s] [ext: omni.kit.viewport.registry-104.0.6] startup
[8.138s] [ext: omni.kit.viewport.scene_camera_model-1.0.7] startup
[8.141s] [ext: omni.kit.widget.viewport-109.2.0] startup
[8.144s] [ext: omni.kit.window.drop_support-1.0.8] startup
[8.145s] [ext: omni.kit.viewport.window-109.0.2] startup
[8.158s] [ext: omni.kit.viewport.utility-2.0.1] startup
[8.159s] [ext: isaacsim.core.rendering_manager-0.4.3] startup
[8.179s] [ext: omni.graph.action_core-1.1.9] startup
[8.180s] [ext: omni.graph.action_nodes_core-2.11.0] startup
[8.182s] [ext: omni.graph.action_nodes-2.11.0] startup
[8.198s] [ext: omni.graph.action-2.10.2] startup
[8.199s] [ext: omni.graph.image.core-0.6.1] startup
[8.199s] [ext: omni.graph.image.nodes-1.3.1] startup
[8.200s] [ext: omni.graph.nodes_core-2.11.0] startup
[8.204s] [ext: omni.graph.nodes-2.12.0] startup
[8.208s] [ext: omni.kit.hotkeys.core-1.3.12] startup
[8.209s] [ext: omni.kit.property.adapter.core-1.1.1] startup
[8.211s] [ext: omni.kit.property.adapter.usd-1.0.5] startup
[8.212s] [ext: omni.kit.widget.filter-1.1.5] startup
[8.213s] [ext: omni.kit.widget.highlight_label-1.0.3] startup
[8.213s] [ext: omni.kit.widget.searchfield-1.1.8] startup
[8.214s] [ext: omni.kit.window.file_exporter-1.0.36] startup
[8.215s] [ext: omni.kit.widget.stage-4.4.0] startup
[8.223s] [ext: omni.kit.window.content_browser_registry-0.0.6] startup
[8.223s] [ext: omni.kit.window.file-2.0.10] startup
[8.226s] [ext: omni.kit.window.content_browser-3.1.8] startup
[8.234s] [ext: omni.kit.window.property-1.15.1] startup
[8.244s] [ext: omni.kit.property.usd-4.9.4] startup
[8.253s] [ext: omni.graph.scriptnode-2.10.2] startup
[8.261s] [ext: omni.kit.widget.searchable_combobox-1.0.7] startup
[8.262s] [ext: omni.kit.widget.settings-2.0.0] startup
[8.264s] [ext: omni.kit.window.preferences-1.8.3] startup
[8.268s] [ext: omni.kit.viewport.menubar.core-107.2.2] startup
[8.278s] [ext: omni.syntheticdata-0.6.15] startup
[8.301s] [ext: omni.replicator.nv-1.1.1] startup
[8.305s] [ext: omni.videoencoding-0.2.1] startup
[8.306s] [ext: omni.replicator.core-1.13.27] startup
2026-10-06T16:24:58Z [8,291ms] [Warning] [pxr.Semantics] pxr.Semantics is deprecated - please use Semantics instead
2026-10-06T16:24:58Z [8,358ms] [Warning] [omni.replicator.core.scripts.extension] No material configuration file, adding configuration to material settings directly.
[8.507s] [ext: isaacsim.core.nodes-5.10.5] startup
[8.532s] [ext: isaacsim.core.throttling-2.3.5] startup
[8.534s] [ext: omni.kit.manipulator.viewport-107.0.1] startup
[8.534s] [ext: omni.graph.visualization.nodes-2.1.4] startup
[8.546s] [ext: omni.kit.window.extensions-1.5.10] startup
[8.551s] [ext: isaacsim.gui.components-1.8.5] startup
[8.554s] [ext: isaacsim.robot.surface_gripper-3.6.2] startup
[8.563s] [ext: isaacsim.robot.manipulators-3.4.4] startup
[8.572s] [ext: isaacsim.robot_motion.lula-4.1.3] startup
[8.578s] [ext: isaacsim.robot_motion.motion_generation-8.2.9] startup
[8.582s] [ext: isaacsim.cortex.framework-1.0.18] startup
[8.583s] [ext: isaacsim.cortex.behaviors-2.0.17] startup
[8.585s] [ext: isaacsim.examples.base-1.3.2] startup
[8.586s] [ext: omni.kit.widget.zoombar-1.0.7] startup
[8.587s] [ext: omni.kit.browser.core-2.3.18] startup
[8.589s] [ext: omni.kit.browser.folder.core-2.0.2] startup
[8.593s] [ext: omni.kit.widget.stage_icons-1.0.8] startup
[8.593s] [ext: omni.kit.window.stage-2.6.1] startup
[8.596s] [ext: omni.kit.menu.stage-1.2.7] startup
[8.597s] [ext: omni.kit.usd.collect-3.0.6] startup
[8.599s] [ext: omni.kit.widget.prompt-1.0.7] startup
[8.600s] [ext: omni.kit.tool.collect-2.2.19] startup
[8.602s] [ext: isaacsim.examples.browser-0.3.2] startup
[8.604s] [ext: omni.kit.search.files-1.0.4] startup
[8.604s] [ext: omni.kit.widget.calendar-1.0.9] startup
[8.605s] [ext: omni.kit.widget.extended_searchfield-1.0.31] startup
[8.611s] [ext: omni.simready.content.browser-0.3.7] startup
[8.697s] [ext: isaacsim.gui.content_browser-0.4.3] startup
[8.699s] [ext: omni.kit.selection-0.1.6] startup
[8.700s] [ext: isaacsim.gui.menu-2.10.5] startup
[8.707s] [ext: isaacsim.gui.property-1.6.4] startup
[8.713s] [ext: omni.kit.viewport.actions-110.0.0] startup
[8.717s] [ext: omni.kit.viewport.menubar.display-107.1.3] startup
[8.718s] [ext: isaacsim.gui.sensors.icon-2.2.1] startup
[8.721s] [ext: omni.behavior.scripting.core-110.1.0] startup
[8.723s] [ext: isaacsim.replicator.behavior-1.5.4] startup
[8.724s] [ext: isaacsim.replicator.experimental.domain_randomization-1.2.5] startup
[8.737s] [ext: isaacsim.replicator.domain_randomization-1.2.2] startup
[8.803s] [ext: isaacsim.replicator.writers-1.5.4] startup
[8.825s] [ext: isaacsim.robot.experimental.wheeled_robots-0.2.11] startup
[8.844s] [ext: isaacsim.robot.policy.examples-5.2.12] startup
[8.861s] [ext: isaacsim.robot.wheeled_robots-5.2.4] startup
[8.865s] [ext: isaacsim.robot.wheeled_robots.nodes-0.1.5] startup
[8.881s] [ext: isaacsim.robot_motion.experimental.motion_generation-6.1.3] startup
[8.891s] [ext: isaacsim.robot_motion.cumotion-1.3.1] startup
[8.903s] [ext: omni.kit.numpy.common-0.1.3] startup
[8.904s] [ext: isaacsim.sensors.camera-1.7.9] startup
[8.931s] [ext: isaacsim.sensors.experimental.physics-3.0.2] startup
[8.937s] [ext: omni.sensors.net-1.0.1] startup
[8.939s] [ext: omni.sensors.nv.common-3.0.0] startup
[8.948s] [ext: omni.sensors.nv.materials-2.0.0] startup
[8.950s] [ext: omni.sensors.nv.acoustic-3.0.0] startup
[8.952s] [ext: omni.sensors.nv.ids-2.0.1] startup
[8.953s] [ext: omni.sensors.nv.lidar-3.0.0] startup
[8.956s] [ext: omni.sensors.nv.radar-3.0.0] startup
[8.958s] [ext: isaacsim.sensors.experimental.rtx-1.4.6] startup
[9.187s] [ext: isaacsim.sensors.physics.nodes-1.5.3] startup
[9.193s] [ext: isaacsim.util.debug_draw-3.2.3] startup
[9.197s] [ext: isaacsim.sensors.physx-2.5.5] startup
[9.203s] [ext: isaacsim.sensors.rtx-15.17.1] startup
[9.212s] [ext: isaacsim.simulation_app-2.18.4] startup
[9.212s] [ext: omni.anim.curve.core-1.6.0] startup
[9.221s] [ext: omni.graph.ui_nodes-2.11.1] startup
[9.241s] [ext: omni.hydra.scene_api-0.1.3] startup
[9.244s] [ext: omni.kit.manipulator.camera-110.0.0] startup
[9.247s] [ext: omni.kit.manipulator.selector-1.1.4] startup
[9.248s] [ext: omni.kit.manipulator.transform-107.0.0] startup
[9.251s] [ext: omni.kit.widget.toolbar-2.1.0] startup
[9.256s] [ext: omni.kit.manipulator.tool.snap-1.5.14] startup
[9.260s] [ext: omni.kit.viewport.manipulator.transform-107.0.4] startup
[9.261s] [ext: omni.kit.manipulator.prim.core-108.0.2] startup
[9.266s] [ext: omni.kit.manipulator.prim.usd-107.0.3] startup
[9.267s] [ext: omni.kit.manipulator.prim-108.0.0] startup
[9.267s] [ext: omni.kit.manipulator.selection-109.0.1] startup
[9.268s] [ext: omni.kit.menu.create-2.0.2] startup
[9.270s] [ext: omni.kit.property.audio-1.0.16] startup
[9.273s] [ext: omni.kit.property.camera-1.0.14] startup
[9.274s] [ext: omni.kit.property.geometry-2.1.2] startup
[9.276s] [ext: omni.kit.property.light-1.0.14] startup
2026-10-06T16:24:59Z [9,274ms] [Warning] [omni.usd] Encountered USD Warnings but USD Diagnostics are currently muted. To view USD Warnings, please set the '/persistent/app/usd/muteUsdDiagnostics' setting to false in Preferences page.
[9.302s] [ext: omni.kit.property.material-1.14.6] startup
[9.307s] [ext: omni.kit.property.render-1.2.2] startup
[9.308s] [ext: omni.kit.property.transform-1.6.9] startup
[9.311s] [ext: omni.kit.property.bundle-1.5.1] startup
[9.312s] [ext: omni.kit.usdz_export-1.1.0] startup
[9.314s] [ext: omni.kit.tool.asset_importer-6.0.1] startup
[9.319s] [ext: omni.kit.ui.actions-1.0.5] startup
[9.320s] [ext: omni.kit.viewport.menubar.camera-107.0.10] startup
[9.324s] [ext: omni.kit.viewport.menubar.lighting-107.3.2] startup
[9.326s] [ext: omni.kit.viewport.menubar.render-110.0.0] startup
[9.328s] [ext: omni.kit.viewport.menubar.settings-110.0.1] startup
[9.331s] [ext: omni.kit.window.console-1.1.9] startup
[9.334s] [ext: omni.kit.window.status_bar-0.1.11] startup
[9.336s] [ext: omni.kit.window.toolbar-3.0.3] startup
[9.338s] [ext: omni.ocio-0.1.1] startup
[9.339s] [ext: omni.physx.commands-110.1.13] startup
[9.342s] [ext: omni.replicator.replicator_yaml-2.0.12] startup
[9.350s] [ext: omni.rtx.window.settings-0.8.0] startup
[9.354s] [ext: omni.rtx.settings.core-0.7.1] startup
[9.356s] [ext: omni.usd.metrics.assembler.ui-110.1.1] startup
[9.362s] [ext: semantics.schema.editor-2.0.2] startup
[9.364s] [ext: semantics.schema.property-2.0.2] startup
[9.366s] [ext: omni.kit.menu.common-2.0.2] startup
[9.367s] [ext: isaacsim.exp.base-6.0.1] startup
[9.367s] [ext: isaacsim.exp.base.python-6.0.1] startup
[9.368s] Simulation App Starting
[10.417s] Simulation App Startup Complete
[10.422s] app ready
Starting kit application with the following args:  ['/home/starry/isaac-data/isaacsim/exts/isaacsim.simulation_app/isaacsim/simulation_app/simulation_app.py', '/home/starry/isaac-data/isaacsim/apps/isaacsim.exp.base.python.kit', '--/app/tokens/exe-path=/home/starry/isaac-data/isaacsim/kit', '--/persistent/app/viewport/displayOptions=3094', '--/rtx/materialDb/syncLoads=True', '--/rtx/hydra/materialSyncLoads=True', '--/omni/kit/plugin/syncUsdLoads=True', '--/app/renderer/resolution/width=1280', '--/app/renderer/resolution/height=720', '--/app/window/width=1440', '--/app/window/height=900', '--/renderer/multiGpu/enabled=False', '--/app/fastShutdown=True', '--/app/installSignalHandlers=0', '--ext-folder', '/home/starry/isaac-data/isaacsim/exts', '--ext-folder', '/home/starry/isaac-data/isaacsim/apps', '--/renderer/activeGpu=0', '--/physics/cudaDevice=0', '--/plugins/carb.tasking.plugin/threadCount=12', '--/plugins/omni.tbb.globalcontrol/maxThreadCount=12', '--portable', '--no-window', '--/app/window/hideUi=1']
Passing the following args to the base kit application:  []
Warp 1.13.0 initialized:
   CUDA Toolkit 12.9, Driver 13.0
   Devices:
     "cpu"      : "x86_64"
     "cuda:0"   : "NVIDIA GeForce RTX 5070" (11 GiB, sm_120, mempool enabled)
   Kernel cache:
     /home/starry/.cache/warp/1.13.0
[LIGHTING] sun=800.0 (1) dome=0.0 (1) ambient=0.05 constant_color=(0.6, 0.65, 0.7)
[RENDER] mode=MinimalRendering minimal_shading_mode=2 anti_aliasing=TAA
[DEPTH CAMERAS] count=4 resolution_each=320x240 horizontal_coverage=360deg
[ESDF] path=/home/starry/isaac-data/EGO1P3/scenes/ego_swarm_cloud/occupancy.bin shape=(400, 300, 50) resolution=0.40m
[depth_angular_controller-1] [INFO] [1791303903.172678954] [depth_angular_controller]: WAITING_ODOMETRY
[NAV] t=0.0s position=(-64.00,-11.20,2.80) yaw=0.0deg command=(0.00,0.00,0.00) manual_active=0 collision_blocks=0
[depth_angular_controller-1] [INFO] [1791303903.755385512] [depth_angular_controller]: WAITING_VERIFIED_START_POSE
[depth_angular_controller-1] [INFO] [1791303903.789571247] [depth_angular_controller]: VERIFIED_FREE_SEED center=(-64.000,-11.200,2.800) radius=2.500 balls=1: verified fixed Cloud free ball; USD and occupancy SHA-256 matched
[depth_angular_controller-1] [INFO] [1791303903.789682476] [depth_angular_controller]: ZERO_INTENT
[depth_angular_controller-1] [INFO] [1791303904.629765876] [depth_angular_controller]: 3D guidance switched to view 0
[depth_angular_controller-1] [INFO] [1791303904.629823464] [depth_angular_controller]: DEPTH_PROPOSAL conservative_grid=64x48 measured_state=1 direction_only=1
[depth_angular_controller-1] [INFO] [1791303904.630090887] [depth_angular_controller]: DEPTH_PROPOSAL_CERTIFIED
[depth_angular_controller-1] [INFO] [1791303904.630096627] [depth_angular_controller]: PAPER_BUILD reason=FULL_MOTION_CERTIFICATE required=0.0000 best=0.0000 free=0 refined=0 tubes=0 revoked_tubes=0 proofs=0
[depth_angular_controller-1] [INFO] [1791303904.630102448] [depth_angular_controller]: PAPER_EVIDENCE retained=4 balls=1 revoked_balls=0 expired_views=0 evicted_views=0 radius=0.580 clearance=0.000 best_prefix=0.000
[depth_angular_controller-1] [INFO] [1791303905.649539489] [depth_angular_controller]: PAPER_BUILD reason=FULL_MOTION_CERTIFICATE required=0.0000 best=0.0000 free=0 refined=0 tubes=1 revoked_tubes=0 proofs=55
[depth_angular_controller-1] [INFO] [1791303905.649578513] [depth_angular_controller]: PAPER_EVIDENCE retained=8 balls=4 revoked_balls=0 expired_views=0 evicted_views=0 radius=0.580 clearance=0.000 best_prefix=0.000
[depth_angular_controller-1] [INFO] [1791303906.732613093] [depth_angular_controller]: PAPER_BUILD reason=FULL_MOTION_CERTIFICATE required=0.0000 best=0.0000 free=0 refined=0 tubes=4 revoked_tubes=0 proofs=110
[depth_angular_controller-1] [INFO] [1791303906.732659320] [depth_angular_controller]: PAPER_EVIDENCE retained=12 balls=14 revoked_balls=0 expired_views=0 evicted_views=0 radius=0.580 clearance=0.000 best_prefix=0.000
[10.945s] [ext: isaacsim.sensors.rtx.nodes-0.1.2] startup
[10.953s] [ext: isaacsim.ros2.core-1.9.4] startup
[10.967s] Attempting to load system rclpy
[10.967s] Could not import system rclpy: No module named 'rclpy'
[10.967s] Attempting to load internal rclpy for ROS Distro: humble
[10.978s] rclpy loaded
[10.981s] [ext: isaacsim.ros2.nodes-1.18.13] startup
[11.017s] [ext: isaacsim.ros2.examples-1.2.4] startup
[11.021s] [ext: isaacsim.ros2.ui-1.6.5] startup
[11.238s] [ext: isaacsim.ros2.bridge-5.1.2] startup
2026-10-06T16:25:03Z [13,155ms] [Warning] [omni.timeline.plugin] Deprecated: direct use of ITimeline callbacks is deprecated. Use ITimeline::getTimeline (Python: omni.timeline.get_timeline_interface) instead.
[depth_angular_controller-1] [INFO] [1791303907.585347468] [depth_angular_controller]: 3D guidance switched to view 3
[depth_angular_controller-1] [INFO] [1791303907.764304293] [depth_angular_controller]: PAPER_BUILD reason=FULL_MOTION_CERTIFICATE required=0.0000 best=0.0000 free=0 refined=0 tubes=8 revoked_tubes=0 proofs=128
[depth_angular_controller-1] [INFO] [1791303907.764344990] [depth_angular_controller]: PAPER_EVIDENCE retained=16 balls=27 revoked_balls=0 expired_views=0 evicted_views=0 radius=0.580 clearance=0.000 best_prefix=0.000
[depth_angular_controller-1] [INFO] [1791303908.755704555] [depth_angular_controller]: [PERF CTRL] run=final_v17_spin_ego1p2_2 elapsed=18.77s callbacks=292 commands=291 guidance=231 command_fps(ros/wall)=60.00/58.00 guidance_wall_fps=55.75 avoid_ms(mean/p50/p95/max)=0.462/0.459/0.645/1.846 cycle_ms(mean/p95/max)=17.242/19.884/80.499 depth_to_cmd_ms(mean/p95/max)=71.068/116.667/133.333 callback_to_publish_ms(mean/p95/max)=1.737/3.873/13.389
[depth_angular_controller-1] [INFO] [1791303908.755760319] [depth_angular_controller]: EVIDENCE_COST ingest(mean/p95/max)=1.254/3.313/13.344 record=0.013/0.036/0.052 ms
[depth_angular_controller-1] [INFO] [1791303908.755765469] [depth_angular_controller]: EVIDENCE_PHASE per_view_mean_ms balls=0.052 tubes=0.011 history=0.221 eviction=0.000
[position_cmd_to_twist-2] [INFO] [1791303908.904983546] [position_cmd_to_twist]: [PERF BRIDGE] run=final_v17_spin_ego1p2_2 elapsed=18.80s received=295 published=295 fps(ros/wall)=60.00/57.35 controller_to_bridge_ms(mean/p50/p95/max)=0.000/0.000/0.000/0.000 bridge_process_ms(mean/p95/max)=0.095/0.133/0.363
[NAV] t=5.0s position=(-59.04,-9.36,2.97) yaw=80.5deg command=(1.80,0.21,-0.00) manual_active=1 collision_blocks=0
[depth_angular_controller-1] [INFO] [1791303908.979519513] [depth_angular_controller]: PAPER_BUILD reason=FULL_MOTION_CERTIFICATE required=0.0000 best=0.0000 free=0 refined=0 tubes=12 revoked_tubes=0 proofs=128
[depth_angular_controller-1] [INFO] [1791303908.979557244] [depth_angular_controller]: PAPER_EVIDENCE retained=16 balls=32 revoked_balls=0 expired_views=0 evicted_views=4 radius=0.580 clearance=0.000 best_prefix=0.000
[depth_angular_controller-1] [INFO] [1791303909.989010442] [depth_angular_controller]: PAPER_BUILD reason=FULL_MOTION_CERTIFICATE required=0.0000 best=0.0000 free=0 refined=0 tubes=15 revoked_tubes=0 proofs=128
[depth_angular_controller-1] [INFO] [1791303909.989047832] [depth_angular_controller]: PAPER_EVIDENCE retained=16 balls=32 revoked_balls=0 expired_views=0 evicted_views=8 radius=0.580 clearance=0.000 best_prefix=0.000
[depth_angular_controller-1] [INFO] [1791303911.065513698] [depth_angular_controller]: PAPER_BUILD reason=FULL_MOTION_CERTIFICATE required=0.0000 best=0.0000 free=0 refined=0 tubes=19 revoked_tubes=0 proofs=128
[depth_angular_controller-1] [INFO] [1791303911.065555887] [depth_angular_controller]: PAPER_EVIDENCE retained=16 balls=32 revoked_balls=0 expired_views=0 evicted_views=12 radius=0.580 clearance=0.000 best_prefix=0.000
[depth_angular_controller-1] [INFO] [1791303912.156193647] [depth_angular_controller]: PAPER_BUILD reason=FULL_MOTION_CERTIFICATE required=0.0000 best=0.0000 free=0 refined=0 tubes=23 revoked_tubes=0 proofs=128
[depth_angular_controller-1] [INFO] [1791303912.156234994] [depth_angular_controller]: PAPER_EVIDENCE retained=16 balls=32 revoked_balls=0 expired_views=0 evicted_views=16 radius=0.580 clearance=0.000 best_prefix=0.000
[depth_angular_controller-1] [INFO] [1791303912.238310229] [depth_angular_controller]: 3D guidance switched to view 2
[depth_angular_controller-1] [INFO] [1791303913.185639057] [depth_angular_controller]: PAPER_BUILD reason=FULL_MOTION_CERTIFICATE required=0.0000 best=0.0000 free=0 refined=0 tubes=27 revoked_tubes=0 proofs=128
[depth_angular_controller-1] [INFO] [1791303913.185679182] [depth_angular_controller]: PAPER_EVIDENCE retained=16 balls=32 revoked_balls=0 expired_views=0 evicted_views=20 radius=0.580 clearance=0.000 best_prefix=0.000
[depth_angular_controller-1] [INFO] [1791303913.772084892] [depth_angular_controller]: [PERF CTRL] run=final_v17_spin_ego1p2_2 elapsed=23.79s callbacks=575 commands=574 guidance=514 command_fps(ros/wall)=60.00/57.20 guidance_wall_fps=56.11 avoid_ms(mean/p50/p95/max)=0.477/0.443/0.776/1.846 cycle_ms(mean/p95/max)=17.481/22.795/80.540 depth_to_cmd_ms(mean/p95/max)=66.732/116.667/133.333 callback_to_publish_ms(mean/p95/max)=2.143/6.858/13.389
[depth_angular_controller-1] [INFO] [1791303913.772161576] [depth_angular_controller]: EVIDENCE_COST ingest(mean/p95/max)=1.608/6.424/13.344 record=0.014/0.019/0.259 ms
[depth_angular_controller-1] [INFO] [1791303913.772168779] [depth_angular_controller]: EVIDENCE_PHASE per_view_mean_ms balls=0.056 tubes=0.022 history=0.298 eviction=0.001
[position_cmd_to_twist-2] [INFO] [1791303914.117864029] [position_cmd_to_twist]: [PERF BRIDGE] run=final_v17_spin_ego1p2_2 elapsed=24.03s received=595 published=595 fps(ros/wall)=60.00/57.38 controller_to_bridge_ms(mean/p50/p95/max)=0.000/0.000/0.000/0.000 bridge_process_ms(mean/p95/max)=0.092/0.121/1.039
[NAV] t=10.0s position=(-50.14,-8.56,2.39) yaw=-179.2deg command=(1.79,-0.23,-0.12) manual_active=1 collision_blocks=0
[depth_angular_controller-1] [INFO] [1791303914.199898728] [depth_angular_controller]: PAPER_BUILD reason=FULL_MOTION_CERTIFICATE required=0.0000 best=0.0000 free=0 refined=0 tubes=31 revoked_tubes=0 proofs=128
[depth_angular_controller-1] [INFO] [1791303914.199942149] [depth_angular_controller]: PAPER_EVIDENCE retained=16 balls=32 revoked_balls=0 expired_views=0 evicted_views=24 radius=0.580 clearance=0.000 best_prefix=0.000
[depth_angular_controller-1] [INFO] [1791303915.405309121] [depth_angular_controller]: PAPER_BUILD reason=FULL_MOTION_CERTIFICATE required=0.0000 best=0.0000 free=0 refined=0 tubes=34 revoked_tubes=0 proofs=128
[depth_angular_controller-1] [INFO] [1791303915.405357652] [depth_angular_controller]: PAPER_EVIDENCE retained=16 balls=32 revoked_balls=0 expired_views=0 evicted_views=28 radius=0.580 clearance=0.000 best_prefix=0.000
[depth_angular_controller-1] [INFO] [1791303916.035301954] [depth_angular_controller]: 3D guidance switched to view 1
[depth_angular_controller-1] [INFO] [1791303916.426340728] [depth_angular_controller]: PAPER_BUILD reason=FULL_MOTION_CERTIFICATE required=0.0000 best=0.0000 free=0 refined=0 tubes=38 revoked_tubes=0 proofs=128
[depth_angular_controller-1] [INFO] [1791303916.426381164] [depth_angular_controller]: PAPER_EVIDENCE retained=16 balls=32 revoked_balls=0 expired_views=0 evicted_views=32 radius=0.580 clearance=0.000 best_prefix=0.000
[depth_angular_controller-1] [INFO] [1791303917.400142566] [depth_angular_controller]: PAPER_BUILD reason=FULL_MOTION_CERTIFICATE required=0.0000 best=0.0000 free=0 refined=0 tubes=42 revoked_tubes=0 proofs=128
[depth_angular_controller-1] [INFO] [1791303917.400599315] [depth_angular_controller]: PAPER_EVIDENCE retained=16 balls=32 revoked_balls=0 expired_views=0 evicted_views=36 radius=0.580 clearance=0.000 best_prefix=0.000
[depth_angular_controller-1] [INFO] [1791303918.478554730] [depth_angular_controller]: PAPER_BUILD reason=FULL_MOTION_CERTIFICATE required=0.0000 best=0.0000 free=0 refined=0 tubes=46 revoked_tubes=0 proofs=128
[depth_angular_controller-1] [INFO] [1791303918.478598913] [depth_angular_controller]: PAPER_EVIDENCE retained=16 balls=32 revoked_balls=0 expired_views=0 evicted_views=40 radius=0.580 clearance=0.000 best_prefix=0.000
[depth_angular_controller-1] [INFO] [1791303918.782430017] [depth_angular_controller]: [PERF CTRL] run=final_v17_spin_ego1p2_2 elapsed=28.80s callbacks=861 commands=860 guidance=800 command_fps(ros/wall)=60.00/57.16 guidance_wall_fps=56.46 avoid_ms(mean/p50/p95/max)=0.553/0.496/1.018/2.160 cycle_ms(mean/p95/max)=17.494/24.027/82.278 depth_to_cmd_ms(mean/p95/max)=69.333/116.667/133.333 callback_to_publish_ms(mean/p95/max)=2.530/7.577/13.389
[depth_angular_controller-1] [INFO] [1791303918.782521969] [depth_angular_controller]: EVIDENCE_COST ingest(mean/p95/max)=1.902/7.010/13.344 record=0.017/0.023/0.259 ms
[depth_angular_controller-1] [INFO] [1791303918.782527570] [depth_angular_controller]: EVIDENCE_PHASE per_view_mean_ms balls=0.063 tubes=0.061 history=0.326 eviction=0.001
[position_cmd_to_twist-2] [INFO] [1791303919.366123870] [position_cmd_to_twist]: [PERF BRIDGE] run=final_v17_spin_ego1p2_2 elapsed=29.27s received=895 published=895 fps(ros/wall)=60.00/57.32 controller_to_bridge_ms(mean/p50/p95/max)=0.000/0.000/0.000/0.000 bridge_process_ms(mean/p95/max)=0.091/0.122/1.039
[NAV] t=15.0s position=(-41.36,-10.06,2.66) yaw=-78.9deg command=(1.70,-0.59,0.19) manual_active=1 collision_blocks=0
[depth_angular_controller-1] [INFO] [1791303919.445720797] [depth_angular_controller]: PAPER_BUILD reason=FULL_MOTION_CERTIFICATE required=0.0000 best=0.0000 free=0 refined=0 tubes=50 revoked_tubes=0 proofs=128
[depth_angular_controller-1] [INFO] [1791303919.445761263] [depth_angular_controller]: PAPER_EVIDENCE retained=16 balls=32 revoked_balls=0 expired_views=0 evicted_views=44 radius=0.580 clearance=0.000 best_prefix=0.000
[depth_angular_controller-1] [INFO] [1791303920.400494556] [depth_angular_controller]: PAPER_BUILD reason=FULL_MOTION_CERTIFICATE required=0.0000 best=0.0000 free=0 refined=0 tubes=53 revoked_tubes=0 proofs=128
[depth_angular_controller-1] [INFO] [1791303920.400535383] [depth_angular_controller]: PAPER_EVIDENCE retained=16 balls=32 revoked_balls=0 expired_views=0 evicted_views=48 radius=0.580 clearance=0.000 best_prefix=0.000
[depth_angular_controller-1] [INFO] [1791303920.527181610] [depth_angular_controller]: 3D guidance switched to view 0
[depth_angular_controller-1] [INFO] [1791303921.368942462] [depth_angular_controller]: PAPER_BUILD reason=FULL_MOTION_CERTIFICATE required=0.0000 best=0.0000 free=0 refined=0 tubes=57 revoked_tubes=0 proofs=128
[depth_angular_controller-1] [INFO] [1791303921.368984872] [depth_angular_controller]: PAPER_EVIDENCE retained=16 balls=32 revoked_balls=0 expired_views=0 evicted_views=52 radius=0.580 clearance=0.000 best_prefix=0.000
[depth_angular_controller-1] [INFO] [1791303922.320544871] [depth_angular_controller]: PAPER_BUILD reason=FULL_MOTION_CERTIFICATE required=0.0000 best=0.0000 free=0 refined=0 tubes=61 revoked_tubes=0 proofs=128
[depth_angular_controller-1] [INFO] [1791303922.320583203] [depth_angular_controller]: PAPER_EVIDENCE retained=16 balls=32 revoked_balls=0 expired_views=0 evicted_views=56 radius=0.580 clearance=0.000 best_prefix=0.000
[depth_angular_controller-1] [INFO] [1791303923.398237492] [depth_angular_controller]: PAPER_BUILD reason=FULL_MOTION_CERTIFICATE required=0.0000 best=0.0000 free=0 refined=0 tubes=65 revoked_tubes=0 proofs=128
[depth_angular_controller-1] [INFO] [1791303923.398275203] [depth_angular_controller]: PAPER_EVIDENCE retained=16 balls=32 revoked_balls=0 expired_views=0 evicted_views=60 radius=0.580 clearance=0.000 best_prefix=0.000
[depth_angular_controller-1] [INFO] [1791303923.802511650] [depth_angular_controller]: [PERF CTRL] run=final_v17_spin_ego1p2_2 elapsed=33.82s callbacks=1159 commands=1158 guidance=1098 command_fps(ros/wall)=60.00/57.71 guidance_wall_fps=57.22 avoid_ms(mean/p50/p95/max)=0.522/0.465/0.932/2.160 cycle_ms(mean/p95/max)=17.327/23.629/82.278 depth_to_cmd_ms(mean/p95/max)=70.902/116.667/133.333 callback_to_publish_ms(mean/p95/max)=2.498/7.277/13.389
[depth_angular_controller-1] [INFO] [1791303923.802622538] [depth_angular_controller]: EVIDENCE_COST ingest(mean/p95/max)=1.892/6.778/13.344 record=0.017/0.020/0.259 ms
[depth_angular_controller-1] [INFO] [1791303923.802627577] [depth_angular_controller]: EVIDENCE_PHASE per_view_mean_ms balls=0.060 tubes=0.054 history=0.333 eviction=0.001
[position_cmd_to_twist-2] [INFO] [1791303924.462516665] [position_cmd_to_twist]: [PERF BRIDGE] run=final_v17_spin_ego1p2_2 elapsed=34.37s received=1195 published=1195 fps(ros/wall)=60.00/57.70 controller_to_bridge_ms(mean/p50/p95/max)=0.000/0.000/0.000/0.000 bridge_process_ms(mean/p95/max)=0.090/0.119/1.039
[NAV] t=20.0s position=(-32.45,-10.37,2.65) yaw=21.4deg command=(1.80,0.21,-0.00) manual_active=1 collision_blocks=0
[depth_angular_controller-1] [INFO] [1791303924.545582913] [depth_angular_controller]: PAPER_BUILD reason=FULL_MOTION_CERTIFICATE required=0.0000 best=0.0000 free=0 refined=0 tubes=68 revoked_tubes=0 proofs=128
[depth_angular_controller-1] [INFO] [1791303924.545625563] [depth_angular_controller]: PAPER_EVIDENCE retained=16 balls=32 revoked_balls=0 expired_views=0 evicted_views=64 radius=0.580 clearance=0.000 best_prefix=0.000
[depth_angular_controller-1] [INFO] [1791303925.599638312] [depth_angular_controller]: PAPER_BUILD reason=FULL_MOTION_CERTIFICATE required=0.0000 best=0.0000 free=0 refined=0 tubes=72 revoked_tubes=0 proofs=128
[depth_angular_controller-1] [INFO] [1791303925.599681944] [depth_angular_controller]: PAPER_EVIDENCE retained=16 balls=32 revoked_balls=0 expired_views=0 evicted_views=68 radius=0.580 clearance=0.000 best_prefix=0.000
[depth_angular_controller-1] [INFO] [1791303926.172036878] [depth_angular_controller]: 3D guidance switched to view 3
[depth_angular_controller-1] [INFO] [1791303926.685556803] [depth_angular_controller]: PAPER_BUILD reason=FULL_MOTION_CERTIFICATE required=0.0000 best=0.0000 free=0 refined=0 tubes=76 revoked_tubes=0 proofs=128
[depth_angular_controller-1] [INFO] [1791303926.685976652] [depth_angular_controller]: PAPER_EVIDENCE retained=16 balls=32 revoked_balls=0 expired_views=0 evicted_views=72 radius=0.580 clearance=0.000 best_prefix=0.000
[depth_angular_controller-1] [INFO] [1791303927.755595580] [depth_angular_controller]: PAPER_BUILD reason=FULL_MOTION_CERTIFICATE required=0.0000 best=0.0000 free=0 refined=0 tubes=80 revoked_tubes=0 proofs=128
[depth_angular_controller-1] [INFO] [1791303927.755634283] [depth_angular_controller]: PAPER_EVIDENCE retained=16 balls=32 revoked_balls=0 expired_views=0 evicted_views=76 radius=0.580 clearance=0.000 best_prefix=0.000
[depth_angular_controller-1] [INFO] [1791303928.815771763] [depth_angular_controller]: [PERF CTRL] run=final_v17_spin_ego1p2_2 elapsed=38.83s callbacks=1437 commands=1436 guidance=1376 command_fps(ros/wall)=60.00/57.26 guidance_wall_fps=56.85 avoid_ms(mean/p50/p95/max)=0.530/0.474/0.903/2.160 cycle_ms(mean/p95/max)=17.464/23.602/82.278 depth_to_cmd_ms(mean/p95/max)=69.961/116.667/133.333 callback_to_publish_ms(mean/p95/max)=2.513/7.148/13.389
[depth_angular_controller-1] [INFO] [1791303928.815904823] [depth_angular_controller]: EVIDENCE_COST ingest(mean/p95/max)=1.893/6.591/13.344 record=0.018/0.020/0.604 ms
[depth_angular_controller-1] [INFO] [1791303928.815910373] [depth_angular_controller]: EVIDENCE_PHASE per_view_mean_ms balls=0.059 tubes=0.048 history=0.340 eviction=0.001
[depth_angular_controller-1] [INFO] [1791303928.900859239] [depth_angular_controller]: PAPER_BUILD reason=FULL_MOTION_CERTIFICATE required=0.0000 best=0.0000 free=0 refined=0 tubes=84 revoked_tubes=0 proofs=128
[depth_angular_controller-1] [INFO] [1791303928.900896990] [depth_angular_controller]: PAPER_EVIDENCE retained=16 balls=32 revoked_balls=0 expired_views=0 evicted_views=80 radius=0.580 clearance=0.000 best_prefix=0.000
[position_cmd_to_twist-2] [INFO] [1791303929.836423186] [position_cmd_to_twist]: [PERF BRIDGE] run=final_v17_spin_ego1p2_2 elapsed=39.74s received=1495 published=1495 fps(ros/wall)=60.00/57.31 controller_to_bridge_ms(mean/p50/p95/max)=0.000/0.000/0.000/0.000 bridge_process_ms(mean/p95/max)=0.089/0.117/1.039
[NAV] t=25.0s position=(-23.51,-9.18,2.64) yaw=121.6deg command=(1.56,0.78,-0.01) manual_active=1 collision_blocks=0
[depth_angular_controller-1] [INFO] [1791303929.920675302] [depth_angular_controller]: PAPER_BUILD reason=FULL_MOTION_CERTIFICATE required=0.0000 best=0.0000 free=0 refined=0 tubes=88 revoked_tubes=0 proofs=128
[depth_angular_controller-1] [INFO] [1791303929.920715247] [depth_angular_controller]: PAPER_EVIDENCE retained=16 balls=32 revoked_balls=0 expired_views=0 evicted_views=84 radius=0.580 clearance=0.000 best_prefix=0.000
[depth_angular_controller-1] [INFO] [1791303930.881226869] [depth_angular_controller]: PAPER_BUILD reason=FULL_MOTION_CERTIFICATE required=0.0000 best=0.0000 free=0 refined=0 tubes=92 revoked_tubes=0 proofs=128
[depth_angular_controller-1] [INFO] [1791303930.881260261] [depth_angular_controller]: PAPER_EVIDENCE retained=16 balls=32 revoked_balls=0 expired_views=0 evicted_views=88 radius=0.580 clearance=0.000 best_prefix=0.000
[depth_angular_controller-1] [INFO] [1791303931.912164022] [depth_angular_controller]: PAPER_BUILD reason=FULL_MOTION_CERTIFICATE required=0.0000 best=0.0000 free=0 refined=0 tubes=95 revoked_tubes=0 proofs=128
[depth_angular_controller-1] [INFO] [1791303931.912244443] [depth_angular_controller]: PAPER_EVIDENCE retained=16 balls=32 revoked_balls=0 expired_views=0 evicted_views=92 radius=0.580 clearance=0.000 best_prefix=0.000
[depth_angular_controller-1] [INFO] [1791303932.874353286] [depth_angular_controller]: 3D guidance switched to view 2
[depth_angular_controller-1] [INFO] [1791303932.875528044] [depth_angular_controller]: PAPER_BUILD reason=FULL_MOTION_CERTIFICATE required=0.0000 best=0.0000 free=0 refined=0 tubes=99 revoked_tubes=0 proofs=128
[depth_angular_controller-1] [INFO] [1791303932.875551228] [depth_angular_controller]: PAPER_EVIDENCE retained=16 balls=32 revoked_balls=0 expired_views=0 evicted_views=96 radius=0.580 clearance=0.000 best_prefix=0.000
[depth_angular_controller-1] [INFO] [1791303933.825564550] [depth_angular_controller]: [PERF CTRL] run=final_v17_spin_ego1p2_2 elapsed=43.84s callbacks=1738 commands=1737 guidance=1677 command_fps(ros/wall)=60.00/57.73 guidance_wall_fps=57.41 avoid_ms(mean/p50/p95/max)=0.565/0.491/1.038/3.248 cycle_ms(mean/p95/max)=17.321/23.096/82.278 depth_to_cmd_ms(mean/p95/max)=68.466/116.667/133.333 callback_to_publish_ms(mean/p95/max)=2.549/7.094/13.389
[depth_angular_controller-1] [INFO] [1791303933.825735060] [depth_angular_controller]: EVIDENCE_COST ingest(mean/p95/max)=1.892/6.528/13.344 record=0.017/0.020/0.604 ms
[depth_angular_controller-1] [INFO] [1791303933.825743085] [depth_angular_controller]: EVIDENCE_PHASE per_view_mean_ms balls=0.059 tubes=0.044 history=0.343 eviction=0.001
[depth_angular_controller-1] [INFO] [1791303933.887493444] [depth_angular_controller]: ZERO_INTENT
[position_cmd_to_twist-2] [INFO] [1791303934.771015648] [position_cmd_to_twist]: [PERF BRIDGE] run=final_v17_spin_ego1p2_2 elapsed=44.68s received=1795 published=1795 fps(ros/wall)=60.00/57.87 controller_to_bridge_ms(mean/p50/p95/max)=0.000/0.000/0.000/0.000 bridge_process_ms(mean/p95/max)=0.089/0.116/1.222
[NAV] t=30.0s position=(-17.48,-3.50,3.42) yaw=-138.1deg command=(0.46,0.34,0.12) manual_active=1 collision_blocks=0
[depth_angular_controller-1] [INFO] [1791303937.925546097] [depth_angular_controller]: 3D guidance switched to view 3
[depth_angular_controller-1] [INFO] [1791303937.925877600] [depth_angular_controller]: DEPTH_PROPOSAL_CERTIFIED
[depth_angular_controller-1] [INFO] [1791303937.925883221] [depth_angular_controller]: PAPER_BUILD reason=FULL_MOTION_CERTIFICATE required=0.0000 best=0.0000 free=0 refined=0 tubes=106 revoked_tubes=0 proofs=128
[depth_angular_controller-1] [INFO] [1791303937.925889422] [depth_angular_controller]: PAPER_EVIDENCE retained=16 balls=32 revoked_balls=0 expired_views=0 evicted_views=116 radius=0.580 clearance=0.000 best_prefix=0.000
[depth_angular_controller-1] [INFO] [1791303938.832302736] [depth_angular_controller]: [PERF CTRL] run=final_v17_spin_ego1p2_2 elapsed=48.85s callbacks=2023 commands=2022 guidance=1722 command_fps(ros/wall)=60.00/57.62 guidance_wall_fps=50.32 avoid_ms(mean/p50/p95/max)=0.563/0.488/1.039/3.248 cycle_ms(mean/p95/max)=17.356/23.876/87.509 depth_to_cmd_ms(mean/p95/max)=68.293/116.667/133.333 callback_to_publish_ms(mean/p95/max)=2.604/7.497/14.109
[depth_angular_controller-1] [INFO] [1791303938.832507621] [depth_angular_controller]: EVIDENCE_COST ingest(mean/p95/max)=2.003/6.941/13.357 record=0.029/0.116/1.077 ms
[depth_angular_controller-1] [INFO] [1791303938.832520055] [depth_angular_controller]: EVIDENCE_PHASE per_view_mean_ms balls=0.074 tubes=0.057 history=0.342 eviction=0.001
[depth_angular_controller-1] [INFO] [1791303939.235623131] [depth_angular_controller]: PAPER_BUILD reason=FULL_MOTION_CERTIFICATE required=0.0000 best=0.0000 free=0 refined=0 tubes=107 revoked_tubes=0 proofs=128
[depth_angular_controller-1] [INFO] [1791303939.235828367] [depth_angular_controller]: PAPER_EVIDENCE retained=16 balls=32 revoked_balls=0 expired_views=0 evicted_views=120 radius=0.580 clearance=0.000 best_prefix=0.000
[position_cmd_to_twist-2] [INFO] [1791303940.387658867] [position_cmd_to_twist]: [PERF BRIDGE] run=final_v17_spin_ego1p2_2 elapsed=50.29s received=2095 published=2095 fps(ros/wall)=60.00/57.19 controller_to_bridge_ms(mean/p50/p95/max)=0.000/0.000/0.000/0.000 bridge_process_ms(mean/p95/max)=0.092/0.125/2.267
[NAV] t=35.0s position=(-19.19,-3.42,3.26) yaw=-118.7deg command=(-1.76,0.05,-0.17) manual_active=1 collision_blocks=0
[depth_angular_controller-1] [INFO] [1791303940.476147014] [depth_angular_controller]: PAPER_BUILD reason=FULL_MOTION_CERTIFICATE required=0.0000 best=0.0000 free=0 refined=0 tubes=110 revoked_tubes=0 proofs=128
[depth_angular_controller-1] [INFO] [1791303940.476187309] [depth_angular_controller]: PAPER_EVIDENCE retained=16 balls=32 revoked_balls=0 expired_views=0 evicted_views=124 radius=0.580 clearance=0.000 best_prefix=0.000
[depth_angular_controller-1] [INFO] [1791303941.707257675] [depth_angular_controller]: PAPER_BUILD reason=FULL_MOTION_CERTIFICATE required=0.0000 best=0.0000 free=0 refined=0 tubes=114 revoked_tubes=0 proofs=128
[depth_angular_controller-1] [INFO] [1791303941.707687603] [depth_angular_controller]: PAPER_EVIDENCE retained=16 balls=32 revoked_balls=0 expired_views=0 evicted_views=128 radius=0.580 clearance=0.000 best_prefix=0.000
[depth_angular_controller-1] [INFO] [1791303941.950578702] [depth_angular_controller]: 3D guidance switched to view 0
[depth_angular_controller-1] [INFO] [1791303942.736331006] [depth_angular_controller]: PAPER_BUILD reason=FULL_MOTION_CERTIFICATE required=0.0000 best=0.0000 free=0 refined=0 tubes=118 revoked_tubes=0 proofs=128
[depth_angular_controller-1] [INFO] [1791303942.736367805] [depth_angular_controller]: PAPER_EVIDENCE retained=16 balls=32 revoked_balls=0 expired_views=0 evicted_views=132 radius=0.580 clearance=0.000 best_prefix=0.000
[depth_angular_controller-1] [INFO] [1791303943.843412679] [depth_angular_controller]: [PERF CTRL] run=final_v17_spin_ego1p2_2 elapsed=53.86s callbacks=2278 commands=2277 guidance=1977 command_fps(ros/wall)=60.00/56.78 guidance_wall_fps=50.39 avoid_ms(mean/p50/p95/max)=0.563/0.503/0.997/3.248 cycle_ms(mean/p95/max)=17.613/25.038/87.509 depth_to_cmd_ms(mean/p95/max)=67.889/116.667/133.333 callback_to_publish_ms(mean/p95/max)=2.691/7.790/18.318
[depth_angular_controller-1] [INFO] [1791303943.843613486] [depth_angular_controller]: EVIDENCE_COST ingest(mean/p95/max)=2.081/7.208/16.651 record=0.028/0.088/1.077 ms
[depth_angular_controller-1] [INFO] [1791303943.843622172] [depth_angular_controller]: EVIDENCE_PHASE per_view_mean_ms balls=0.074 tubes=0.067 history=0.351 eviction=0.001
[depth_angular_controller-1] [INFO] [1791303943.909223578] [depth_angular_controller]: PAPER_BUILD reason=FULL_MOTION_CERTIFICATE required=0.0000 best=0.0000 free=0 refined=0 tubes=122 revoked_tubes=0 proofs=128
[depth_angular_controller-1] [INFO] [1791303943.909258123] [depth_angular_controller]: PAPER_EVIDENCE retained=16 balls=32 revoked_balls=0 expired_views=0 evicted_views=136 radius=0.580 clearance=0.000 best_prefix=0.000
[depth_angular_controller-1] [INFO] [1791303945.129539733] [depth_angular_controller]: PAPER_BUILD reason=FULL_MOTION_CERTIFICATE required=0.0000 best=0.0000 free=0 refined=0 tubes=125 revoked_tubes=0 proofs=128
[depth_angular_controller-1] [INFO] [1791303945.129585920] [depth_angular_controller]: PAPER_EVIDENCE retained=16 balls=32 revoked_balls=0 expired_views=0 evicted_views=140 radius=0.580 clearance=0.000 best_prefix=0.000
[position_cmd_to_twist-2] [INFO] [1791303946.804311934] [position_cmd_to_twist]: [PERF BRIDGE] run=final_v17_spin_ego1p2_2 elapsed=56.71s received=2395 published=2395 fps(ros/wall)=60.00/55.66 controller_to_bridge_ms(mean/p50/p95/max)=0.000/0.000/0.000/0.000 bridge_process_ms(mean/p95/max)=0.093/0.127/2.267
[NAV] t=40.0s position=(-28.07,-2.31,2.63) yaw=141.0deg command=(-1.79,-0.01,0.05) manual_active=1 collision_blocks=0
[depth_angular_controller-1] [INFO] [1791303946.974885705] [depth_angular_controller]: PAPER_BUILD reason=FULL_MOTION_CERTIFICATE required=0.0000 best=0.0000 free=0 refined=0 tubes=129 revoked_tubes=0 proofs=128
[depth_angular_controller-1] [INFO] [1791303946.974932213] [depth_angular_controller]: PAPER_EVIDENCE retained=16 balls=32 revoked_balls=0 expired_views=0 evicted_views=144 radius=0.580 clearance=0.000 best_prefix=0.000
[depth_angular_controller-1] [INFO] [1791303947.414426931] [depth_angular_controller]: 3D guidance switched to view 1
[depth_angular_controller-1] [INFO] [1791303948.771569376] [depth_angular_controller]: PAPER_BUILD reason=FULL_MOTION_CERTIFICATE required=0.0000 best=0.0000 free=0 refined=0 tubes=133 revoked_tubes=0 proofs=128
[depth_angular_controller-1] [INFO] [1791303948.771619981] [depth_angular_controller]: PAPER_EVIDENCE retained=16 balls=32 revoked_balls=0 expired_views=0 evicted_views=148 radius=0.580 clearance=0.000 best_prefix=0.000
[depth_angular_controller-1] [INFO] [1791303948.858218346] [depth_angular_controller]: [PERF CTRL] run=final_v17_spin_ego1p2_2 elapsed=58.87s callbacks=2465 commands=2464 guidance=2164 command_fps(ros/wall)=60.00/54.61 guidance_wall_fps=48.91 avoid_ms(mean/p50/p95/max)=0.577/0.510/1.018/7.707 cycle_ms(mean/p95/max)=18.312/29.567/99.931 depth_to_cmd_ms(mean/p95/max)=68.038/116.667/133.333 callback_to_publish_ms(mean/p95/max)=2.842/8.524/33.333
[depth_angular_controller-1] [INFO] [1791303948.858461593] [depth_angular_controller]: EVIDENCE_COST ingest(mean/p95/max)=2.199/7.873/28.458 record=0.028/0.078/1.261 ms
[depth_angular_controller-1] [INFO] [1791303948.858477874] [depth_angular_controller]: EVIDENCE_PHASE per_view_mean_ms balls=0.073 tubes=0.067 history=0.380 eviction=0.001
[depth_angular_controller-1] [INFO] [1791303950.175805204] [depth_angular_controller]: PAPER_BUILD reason=FULL_MOTION_CERTIFICATE required=0.0000 best=0.0000 free=0 refined=0 tubes=137 revoked_tubes=0 proofs=128
[depth_angular_controller-1] [INFO] [1791303950.175845961] [depth_angular_controller]: PAPER_EVIDENCE retained=16 balls=32 revoked_balls=0 expired_views=0 evicted_views=152 radius=0.580 clearance=0.000 best_prefix=0.000
[depth_angular_controller-1] [INFO] [1791303951.357194784] [depth_angular_controller]: PAPER_BUILD reason=FULL_MOTION_CERTIFICATE required=0.0000 best=0.0000 free=0 refined=0 tubes=140 revoked_tubes=0 proofs=128
[depth_angular_controller-1] [INFO] [1791303951.357234339] [depth_angular_controller]: PAPER_EVIDENCE retained=16 balls=32 revoked_balls=0 expired_views=0 evicted_views=156 radius=0.580 clearance=0.000 best_prefix=0.000
[depth_angular_controller-1] [INFO] [1791303952.654502942] [depth_angular_controller]: PAPER_BUILD reason=FULL_MOTION_CERTIFICATE required=0.0000 best=0.0000 free=0 refined=0 tubes=144 revoked_tubes=0 proofs=128
[depth_angular_controller-1] [INFO] [1791303952.654993223] [depth_angular_controller]: PAPER_EVIDENCE retained=16 balls=32 revoked_balls=0 expired_views=0 evicted_views=160 radius=0.580 clearance=0.000 best_prefix=0.000
[depth_angular_controller-1] [INFO] [1791303952.758481951] [depth_angular_controller]: 3D guidance switched to view 2
[position_cmd_to_twist-2] [INFO] [1791303953.729270286] [position_cmd_to_twist]: [PERF BRIDGE] run=final_v17_spin_ego1p2_2 elapsed=63.64s received=2694 published=2694 fps(ros/wall)=59.98/53.91 controller_to_bridge_ms(mean/p50/p95/max)=0.006/0.000/0.000/16.667 bridge_process_ms(mean/p95/max)=0.104/0.141/3.368
[NAV] t=45.0s position=(-37.00,-3.53,2.47) yaw=40.7deg command=(-1.74,-0.45,-0.17) manual_active=1 collision_blocks=0
[depth_angular_controller-1] [INFO] [1791303953.818374190] [depth_angular_controller]: PAPER_BUILD reason=FULL_MOTION_CERTIFICATE required=0.0000 best=0.0000 free=0 refined=0 tubes=148 revoked_tubes=0 proofs=128
[depth_angular_controller-1] [INFO] [1791303953.818419415] [depth_angular_controller]: PAPER_EVIDENCE retained=16 balls=32 revoked_balls=0 expired_views=0 evicted_views=164 radius=0.580 clearance=0.000 best_prefix=0.000
[depth_angular_controller-1] [INFO] [1791303953.873435016] [depth_angular_controller]: [PERF CTRL] run=final_v17_spin_ego1p2_2 elapsed=63.89s callbacks=2704 commands=2703 guidance=2403 command_fps(ros/wall)=59.98/53.91 guidance_wall_fps=48.78 avoid_ms(mean/p50/p95/max)=0.580/0.515/0.992/7.707 cycle_ms(mean/p95/max)=18.548/30.108/99.931 depth_to_cmd_ms(mean/p95/max)=68.179/116.667/133.333 callback_to_publish_ms(mean/p95/max)=2.839/8.299/33.333
[depth_angular_controller-1] [INFO] [1791303953.873686579] [depth_angular_controller]: EVIDENCE_COST ingest(mean/p95/max)=2.187/7.557/28.458 record=0.027/0.050/1.261 ms
[depth_angular_controller-1] [INFO] [1791303953.873705455] [depth_angular_controller]: EVIDENCE_PHASE per_view_mean_ms balls=0.071 tubes=0.065 history=0.380 eviction=0.001
[depth_angular_controller-1] [INFO] [1791303955.113628388] [depth_angular_controller]: PAPER_BUILD reason=FULL_MOTION_CERTIFICATE required=0.0000 best=0.0000 free=0 refined=0 tubes=152 revoked_tubes=0 proofs=128
[depth_angular_controller-1] [INFO] [1791303955.114206063] [depth_angular_controller]: PAPER_EVIDENCE retained=16 balls=32 revoked_balls=0 expired_views=0 evicted_views=168 radius=0.580 clearance=0.000 best_prefix=0.000
[depth_angular_controller-1] [INFO] [1791303956.157079529] [depth_angular_controller]: PAPER_BUILD reason=FULL_MOTION_CERTIFICATE required=0.0000 best=0.0000 free=0 refined=0 tubes=155 revoked_tubes=0 proofs=128
[depth_angular_controller-1] [INFO] [1791303956.157122960] [depth_angular_controller]: PAPER_EVIDENCE retained=16 balls=32 revoked_balls=0 expired_views=0 evicted_views=172 radius=0.580 clearance=0.000 best_prefix=0.000
[depth_angular_controller-1] [INFO] [1791303957.389718382] [depth_angular_controller]: PAPER_BUILD reason=FULL_MOTION_CERTIFICATE required=0.0000 best=0.0000 free=0 refined=0 tubes=159 revoked_tubes=0 proofs=128
[depth_angular_controller-1] [INFO] [1791303957.389760662] [depth_angular_controller]: PAPER_EVIDENCE retained=16 balls=32 revoked_balls=0 expired_views=0 evicted_views=175 radius=0.580 clearance=0.000 best_prefix=0.000
[depth_angular_controller-1] [INFO] [1791303958.412502443] [depth_angular_controller]: 3D guidance switched to view 3
[depth_angular_controller-1] [INFO] [1791303958.498077235] [depth_angular_controller]: PAPER_BUILD reason=FULL_MOTION_CERTIFICATE required=0.0000 best=0.0000 free=0 refined=0 tubes=163 revoked_tubes=0 proofs=128
[depth_angular_controller-1] [INFO] [1791303958.498110658] [depth_angular_controller]: PAPER_EVIDENCE retained=16 balls=32 revoked_balls=0 expired_views=0 evicted_views=179 radius=0.580 clearance=0.000 best_prefix=0.000
[depth_angular_controller-1] [INFO] [1791303958.882608159] [depth_angular_controller]: [PERF CTRL] run=final_v17_spin_ego1p2_2 elapsed=68.90s callbacks=2963 commands=2962 guidance=2662 command_fps(ros/wall)=59.98/53.71 guidance_wall_fps=49.05 avoid_ms(mean/p50/p95/max)=0.589/0.524/1.023/7.707 cycle_ms(mean/p95/max)=18.618/29.491/99.931 depth_to_cmd_ms(mean/p95/max)=68.701/116.667/133.333 callback_to_publish_ms(mean/p95/max)=2.853/7.932/33.333
[depth_angular_controller-1] [INFO] [1791303958.882872927] [depth_angular_controller]: EVIDENCE_COST ingest(mean/p95/max)=2.190/7.208/28.458 record=0.026/0.042/1.261 ms
[depth_angular_controller-1] [INFO] [1791303958.882880471] [depth_angular_controller]: EVIDENCE_PHASE per_view_mean_ms balls=0.070 tubes=0.066 history=0.380 eviction=0.001
[position_cmd_to_twist-2] [INFO] [1791303959.516345900] [position_cmd_to_twist]: [PERF BRIDGE] run=final_v17_spin_ego1p2_2 elapsed=69.42s received=2994 published=2994 fps(ros/wall)=59.98/53.69 controller_to_bridge_ms(mean/p50/p95/max)=0.006/0.000/0.000/16.667 bridge_process_ms(mean/p95/max)=0.104/0.140/3.368
[NAV] t=50.0s position=(-45.81,-5.09,1.51) yaw=-59.5deg command=(-1.77,-0.31,-0.19) manual_active=1 collision_blocks=0
[depth_angular_controller-1] [INFO] [1791303959.606501821] [depth_angular_controller]: PAPER_BUILD reason=FULL_MOTION_CERTIFICATE required=0.0000 best=0.0000 free=0 refined=0 tubes=167 revoked_tubes=0 proofs=128
[depth_angular_controller-1] [INFO] [1791303959.606545634] [depth_angular_controller]: PAPER_EVIDENCE retained=16 balls=32 revoked_balls=0 expired_views=0 evicted_views=183 radius=0.580 clearance=0.000 best_prefix=0.000
[depth_angular_controller-1] [INFO] [1791303960.726085910] [depth_angular_controller]: PAPER_BUILD reason=FULL_MOTION_CERTIFICATE required=0.0000 best=0.0000 free=0 refined=0 tubes=171 revoked_tubes=0 proofs=128
[depth_angular_controller-1] [INFO] [1791303960.726127869] [depth_angular_controller]: PAPER_EVIDENCE retained=16 balls=32 revoked_balls=0 expired_views=0 evicted_views=187 radius=0.580 clearance=0.000 best_prefix=0.000
[depth_angular_controller-1] [INFO] [1791303961.962822575] [depth_angular_controller]: PAPER_BUILD reason=FULL_MOTION_CERTIFICATE required=0.0000 best=0.0000 free=0 refined=0 tubes=174 revoked_tubes=0 proofs=128
[depth_angular_controller-1] [INFO] [1791303961.962863071] [depth_angular_controller]: PAPER_EVIDENCE retained=16 balls=32 revoked_balls=0 expired_views=0 evicted_views=191 radius=0.580 clearance=0.000 best_prefix=0.000
[depth_angular_controller-1] [INFO] [1791303962.562217165] [depth_angular_controller]: 3D guidance switched to view 0
[depth_angular_controller-1] [INFO] [1791303963.273850035] [depth_angular_controller]: PAPER_BUILD reason=FULL_MOTION_CERTIFICATE required=0.0000 best=0.0000 free=0 refined=0 tubes=178 revoked_tubes=0 proofs=128
[depth_angular_controller-1] [INFO] [1791303963.273895300] [depth_angular_controller]: PAPER_EVIDENCE retained=16 balls=32 revoked_balls=0 expired_views=0 evicted_views=195 radius=0.580 clearance=0.000 best_prefix=0.000
[depth_angular_controller-1] [INFO] [1791303963.890986297] [depth_angular_controller]: [PERF CTRL] run=final_v17_spin_ego1p2_2 elapsed=73.91s callbacks=3215 commands=3214 guidance=2914 command_fps(ros/wall)=59.98/53.43 guidance_wall_fps=49.16 avoid_ms(mean/p50/p95/max)=0.612/0.530/1.092/7.707 cycle_ms(mean/p95/max)=18.716/28.614/99.931 depth_to_cmd_ms(mean/p95/max)=68.091/116.667/133.333 callback_to_publish_ms(mean/p95/max)=2.925/7.790/33.333
[depth_angular_controller-1] [INFO] [1791303963.891238932] [depth_angular_controller]: EVIDENCE_COST ingest(mean/p95/max)=2.238/7.073/28.458 record=0.026/0.040/1.261 ms
[depth_angular_controller-1] [INFO] [1791303963.891244072] [depth_angular_controller]: EVIDENCE_PHASE per_view_mean_ms balls=0.070 tubes=0.073 history=0.385 eviction=0.001
[depth_angular_controller-1] [INFO] [1791303964.399289468] [depth_angular_controller]: PAPER_BUILD reason=FULL_MOTION_CERTIFICATE required=0.0000 best=0.0000 free=0 refined=0 tubes=182 revoked_tubes=0 proofs=128
[depth_angular_controller-1] [INFO] [1791303964.399343259] [depth_angular_controller]: PAPER_EVIDENCE retained=16 balls=32 revoked_balls=0 expired_views=0 evicted_views=199 radius=0.580 clearance=0.000 best_prefix=0.000
[position_cmd_to_twist-2] [INFO] [1791303965.395411853] [position_cmd_to_twist]: [PERF BRIDGE] run=final_v17_spin_ego1p2_2 elapsed=75.30s received=3294 published=3294 fps(ros/wall)=59.98/53.44 controller_to_bridge_ms(mean/p50/p95/max)=0.005/0.000/0.000/16.667 bridge_process_ms(mean/p95/max)=0.103/0.137/3.368
[NAV] t=55.0s position=(-54.35,-7.61,2.04) yaw=-159.8deg command=(-1.79,-0.21,0.10) manual_active=1 collision_blocks=0
[depth_angular_controller-1] [INFO] [1791303965.485384350] [depth_angular_controller]: PAPER_BUILD reason=FULL_MOTION_CERTIFICATE required=0.0000 best=0.0000 free=0 refined=0 tubes=186 revoked_tubes=0 proofs=128
[depth_angular_controller-1] [INFO] [1791303965.485423423] [depth_angular_controller]: PAPER_EVIDENCE retained=16 balls=32 revoked_balls=0 expired_views=0 evicted_views=203 radius=0.580 clearance=0.000 best_prefix=0.000
[depth_angular_controller-1] [INFO] [1791303966.618007723] [depth_angular_controller]: PAPER_BUILD reason=FULL_MOTION_CERTIFICATE required=0.0000 best=0.0000 free=0 refined=0 tubes=189 revoked_tubes=0 proofs=128
[depth_angular_controller-1] [INFO] [1791303966.618048310] [depth_angular_controller]: PAPER_EVIDENCE retained=16 balls=32 revoked_balls=0 expired_views=0 evicted_views=207 radius=0.580 clearance=0.000 best_prefix=0.000
[depth_angular_controller-1] [INFO] [1791303967.652571963] [depth_angular_controller]: PAPER_BUILD reason=FULL_MOTION_CERTIFICATE required=0.0000 best=0.0000 free=0 refined=0 tubes=193 revoked_tubes=0 proofs=128
[depth_angular_controller-1] [INFO] [1791303967.652612750] [depth_angular_controller]: PAPER_EVIDENCE retained=16 balls=32 revoked_balls=0 expired_views=0 evicted_views=211 radius=0.580 clearance=0.000 best_prefix=0.000
[depth_angular_controller-1] [INFO] [1791303968.712238408] [depth_angular_controller]: 3D guidance switched to view 1
[depth_angular_controller-1] [INFO] [1791303968.743335639] [depth_angular_controller]: PAPER_BUILD reason=FULL_MOTION_CERTIFICATE required=0.0000 best=0.0000 free=0 refined=0 tubes=197 revoked_tubes=0 proofs=128
[depth_angular_controller-1] [INFO] [1791303968.743376225] [depth_angular_controller]: PAPER_EVIDENCE retained=16 balls=32 revoked_balls=0 expired_views=0 evicted_views=215 radius=0.580 clearance=0.000 best_prefix=0.000
[depth_angular_controller-1] [INFO] [1791303968.898503578] [depth_angular_controller]: [PERF CTRL] run=final_v17_spin_ego1p2_2 elapsed=78.91s callbacks=3490 commands=3489 guidance=3189 command_fps(ros/wall)=59.98/53.54 guidance_wall_fps=49.60 avoid_ms(mean/p50/p95/max)=0.608/0.530/1.047/7.707 cycle_ms(mean/p95/max)=18.676/27.580/99.931 depth_to_cmd_ms(mean/p95/max)=68.653/116.667/133.333 callback_to_publish_ms(mean/p95/max)=2.945/7.688/33.333
[depth_angular_controller-1] [INFO] [1791303968.898780488] [depth_angular_controller]: EVIDENCE_COST ingest(mean/p95/max)=2.259/6.999/28.458 record=0.026/0.040/1.261 ms
[depth_angular_controller-1] [INFO] [1791303968.898785979] [depth_angular_controller]: EVIDENCE_PHASE per_view_mean_ms balls=0.071 tubes=0.076 history=0.386 eviction=0.001
[depth_angular_controller-1] [INFO] [1791303969.763914806] [depth_angular_controller]: PAPER_BUILD reason=FULL_MOTION_CERTIFICATE required=0.0000 best=0.0000 free=0 refined=0 tubes=201 revoked_tubes=0 proofs=128
[depth_angular_controller-1] [INFO] [1791303969.763950694] [depth_angular_controller]: PAPER_EVIDENCE retained=16 balls=32 revoked_balls=0 expired_views=0 evicted_views=219 radius=0.580 clearance=0.000 best_prefix=0.000
[position_cmd_to_twist-2] [INFO] [1791303970.642650796] [position_cmd_to_twist]: [PERF BRIDGE] run=final_v17_spin_ego1p2_2 elapsed=80.55s received=3594 published=3594 fps(ros/wall)=59.98/53.73 controller_to_bridge_ms(mean/p50/p95/max)=0.005/0.000/0.000/16.667 bridge_process_ms(mean/p95/max)=0.102/0.136/3.368
[NAV] t=60.0s position=(-63.35,-8.45,2.08) yaw=100.3deg command=(-1.77,0.17,0.04) manual_active=0 collision_blocks=0
[depth_angular_controller-1] [INFO] [1791303970.722138338] [depth_angular_controller]: ZERO_INTENT
[depth_angular_controller-1] [INFO] [1791303973.911235909] [depth_angular_controller]: [PERF CTRL] run=final_v17_spin_ego1p2_2 elapsed=83.93s callbacks=3802 commands=3801 guidance=3299 command_fps(ros/wall)=59.98/54.17 guidance_wall_fps=49.91 avoid_ms(mean/p50/p95/max)=0.604/0.528/1.039/7.707 cycle_ms(mean/p95/max)=18.462/26.980/99.931 depth_to_cmd_ms(mean/p95/max)=68.753/116.667/133.333 callback_to_publish_ms(mean/p95/max)=2.891/7.505/33.333
[depth_angular_controller-1] [INFO] [1791303973.911974938] [depth_angular_controller]: EVIDENCE_COST ingest(mean/p95/max)=2.239/6.857/28.458 record=0.025/0.036/1.261 ms
[depth_angular_controller-1] [INFO] [1791303973.911989986] [depth_angular_controller]: EVIDENCE_PHASE per_view_mean_ms balls=0.069 tubes=0.074 history=0.384 eviction=0.001
[MANUAL RESULT] TIMEOUT position=(-64.649,-8.328,2.112)
[PERF ISAAC FINAL] run=final_v17_spin_ego1p2_2 result=MANUAL_TIMEOUT wall=71.30s sim_frames=3843 fps(sim/wall)=60.03/53.90 command_changes=2845 collision_blocks=0 frame_interval_ms(mean/p50/p95/max)=18.414/16.530/24.700/88.730
[84.109s] Simulation App Shutting Down
[depth_angular_controller-1] [INFO] [1791303975.059994526] [rclcpp]: signal_handler(SIGINT/SIGTERM)
[position_cmd_to_twist-2] [INFO] [1791303975.060886352] [position_cmd_to_twist]: [PERF BRIDGE FINAL] run=final_v17_spin_ego1p2_2 elapsed=84.97s received=3840 published=3840 fps(ros/wall)=59.98/54.29 controller_to_bridge_ms(mean/p50/p95/max)=0.004/0.000/0.000/16.667 bridge_process_ms(mean/p95/max)=0.101/0.134/3.368
[position_cmd_to_twist-2] Failed to publish log message to rosout: publisher's context is invalid, at ./src/rcl/publisher.c:389
[depth_angular_controller-1] [INFO] [1791303975.061036674] [depth_angular_controller]: [PERF CTRL FINAL] run=final_v17_spin_ego1p2_2 elapsed=85.08s callbacks=3841 commands=3840 guidance=3299 command_fps(ros/wall)=59.98/54.29 guidance_wall_fps=49.91 avoid_ms(mean/p50/p95/max)=0.604/0.528/1.039/7.707 cycle_ms(mean/p95/max)=18.419/26.764/99.931 depth_to_cmd_ms(mean/p95/max)=68.753/116.667/133.333 callback_to_publish_ms(mean/p95/max)=2.883/7.491/33.333
[depth_angular_controller-1] [INFO] [1791303975.061301382] [depth_angular_controller]: EVIDENCE_COST ingest(mean/p95/max)=2.236/6.849/28.458 record=0.025/0.033/1.261 ms
[depth_angular_controller-1] [INFO] [1791303975.061306251] [depth_angular_controller]: EVIDENCE_PHASE per_view_mean_ms balls=0.069 tubes=0.074 history=0.384 eviction=0.001
[INFO] [depth_angular_controller-1]: process has finished cleanly [pid 167986]
[INFO] [position_cmd_to_twist-2]: process has finished cleanly [pid 167988]
