[PERF] run=final_v17_sweep_ego1p3_2 log=/home/starry/isaac-data/EGO1P3/performance/omni_20261006/final_v17_sweep_ego1p3_2_performance.md
[INPUT] mode=trace scene_mode=cloud
[LOCK] Waiting for shared Isaac navigation slot
[INFO] [launch]: All log files can be found below /tmp/fov_gvf_ego1p3_isaac_ros_log/2026-10-07-00-16-53-727832-starry-System-Product-Name-163584
[INFO] [launch]: Default logging verbosity is set to INFO
[INFO] [depth_angular_controller-1]: process started with pid [163586]
[INFO] [position_cmd_to_twist-2]: process started with pid [163588]
[depth_angular_controller-1] [INFO] [1791303413.760054945] [depth_angular_controller]: PROCESSING_RATES control=60.0 Hz depth_limit=10.0 Hz (0=unlimited)
[depth_angular_controller-1] [INFO] [1791303413.762022993] [depth_angular_controller]: C++ controller commands publish on /position_cmd; horizontal views=4
[ROS CHECK] ROS_DOMAIN_ID=42 /position_cmd publishers=1
Type: pc_gvf_msgs/msg/PositionCommand
Publisher count: 1
Subscription count: 1
/depth_angular_controller
/position_cmd_to_twist
WARNING: All log messages before absl::InitializeLog() is called are written to STDERR
E0000 00:00:1791303414.713886  163627 descriptor_database.cc:633] File already exists in database: grpc/health/v1/health.proto
W0000 00:00:1791303414.713908  163627 message.cc:301] Protobuf GeneratedMessageFactory: File is already registered: grpc/health/v1/health.proto
2026-10-06T16:16:54Z [Info] [carb] Logging to file: /home/starry/isaac-data/isaacsim/kit/logs/Kit/Isaac-Sim Python/6.0/kit_20261007_001654.log
[0.044s] [ext: omni.assets.plugins-0.0.0] startup
[0.045s] [ext: omni.blobkey-1.1.2] startup
[0.045s] [ext: omni.kit.async_engine-0.0.3] startup
[0.315s] [ext: omni.client.lib-1.1.1] startup
[0.323s] [ext: omni.client-1.3.0] startup
[0.325s] [ext: omni.protobuf.lib-1.0.0] startup
[0.326s] [ext: omni.grpc.lib-1.0.0] startup
[0.329s] [ext: omni.metrics.core-0.0.3] startup
[0.329s] [ext: omni.datastore-0.0.0] startup
[0.329s] [ext: omni.gpu_foundation.shadercache.vulkan-1.0.0] startup
[0.331s] [ext: omni.hsscclient-1.1.4] startup
[0.332s] [ext: omni.stats-1.0.1] startup
[0.332s] [ext: omni.ujitso.default-1.0.0] startup
[0.335s] [ext: omni.gpu_foundation-0.0.0] startup
[0.468s] [ext: carb.windowing.plugins-1.0.1] startup
[0.468s] [ext: omni.kit.renderer.init-1.0.1] startup
2026-10-06T16:16:55Z [680ms] [Warning] [omni.rtx] Skipping unsupported non-NVIDIA GPU: AMD Unknown (RADV RAPHAEL_MENDOCINO)
2026-10-06T16:16:55Z [680ms] [Warning] [omni.rtx] Skipping unsupported non-NVIDIA GPU: AMD Unknown (RADV RAPHAEL_MENDOCINO)

|---------------------------------------------------------------------------------------------|
| Driver Version: 580.178.04    | Graphics API: Vulkan
|=============================================================================================|
| GPU | Name                             | Active | LDA | GPU Memory | Vendor-ID | LUID       |
|     |                                  |        |     |            | Device-ID | UUID       |
|     |                                  |        |     |            | Bus-ID    |            |
|---------------------------------------------------------------------------------------------|
| 0   | NVIDIA GeForce RTX 5070          | Yes: 0 |     | 12227   MB | 10de      | 0          |
|     |                                  |        |     |            | 2f04      | 348d89fe.. |
|     |                                  |        |     |            | 1         |            |
|---------------------------------------------------------------------------------------------|
| 1   | AMD Unknown (RADV RAPHAEL_MEND.. |        |     | 10755   MB | 1002      | 0          |
|     |                                  |        |     |            | 13c0      | 00000000.. |
|     |                                  |        |     |            | c         |            |
|=============================================================================================|
| OS: 22.04.5 LTS (Jammy Jellyfish) ubuntu, Version: 22.04.5, Kernel: 6.8.0-138-generic
| XServer Vendor: The X.Org Foundation, XServer Version: 12101004 (1.21.1.4)
| Processor: AMD Ryzen 5 9600X 6-Core Processor
| Cores: 6 | Logical Cores: 12
|---------------------------------------------------------------------------------------------|
| Total Memory (MB): 31241 | Free Memory: 22760
| Total Page/Swap (MB): 15624 | Free Page/Swap: 15624
|---------------------------------------------------------------------------------------------|
2026-10-06T16:16:55Z [892ms] [Warning] [omni.rtx] CPU performance profile is set to powersave. This profile sets the CPU to the lowest frequency reducing performance.
2026-10-06T16:16:55Z [900ms] [Warning] [omni.rtx] IOMMU is enabled.
[1.002s] [ext: omni.kit.pipapi-0.0.0] startup
[1.003s] [ext: omni.kit.pip_archive-0.0.0] startup
[1.003s] [ext: isaacsim.pip.newton-0.6.1] startup
[1.003s] [ext: omni.pip.compute-1.9.2] startup
[1.003s] [ext: omni.isaac.core_archive-5.3.1] startup
[1.003s] [ext: omni.kit.telemetry-0.5.2] startup
[1.023s] [ext: omni.kit.loop-isaac-1.6.0] startup
[1.024s] [ext: omni.kit.test-2.0.7] startup
[1.075s] [ext: omni.materialx.libs-1.0.9] startup
[1.081s] [ext: omni.gpucompute.plugins-0.0.0] startup
[1.082s] [ext: omni.usd.config-1.0.7] startup
[1.084s] [ext: omni.usd.libs-1.0.3] startup
[1.141s] [ext: omni.iray.libs-0.0.1] startup
[1.143s] [ext: omni.mdl-57.0.3] startup
[1.204s] [ext: omni.mdl.neuraylib-0.2.20] startup
[1.206s] [ext: omni.kit.usd.mdl-1.1.9] startup
[1.291s] [ext: omni.appwindow-1.2.2] startup
[1.292s] [ext: omni.kit.renderer.core-1.2.2] startup
2026-10-06T16:17:00Z [6,497ms] [Warning] [carb.windowing-glfw.gamepad] Joystick with unknown remapping detected (will be ignored):  BEITONG BEITONG A2P3A BFM DONGLE [03000000bc2000001c51000011010000]
[6.529s] [ext: omni.kit.renderer.capture-2.0.1] startup
[6.530s] [ext: omni.kit.renderer.imgui-2.0.6] startup
[6.566s] [ext: omni.ui-3.2.0] startup
[6.573s] [ext: omni.kit.mainwindow-1.0.3] startup
[6.573s] [ext: carb.audio-0.1.0] startup
[6.575s] [ext: omni.uiaudio-1.0.0] startup
[6.576s] [ext: omni.kit.uiapp-0.0.0] startup
[6.576s] [ext: omni.usd.schema.metrics.assembler-110.1.0] startup
[6.578s] [ext: omni.usd.schema.audio-0.0.1] startup
[6.580s] [ext: omni.usd_resolver-1.0.0] startup
[6.583s] [ext: omni.usd.core-1.8.3] startup
[6.585s] [ext: omni.metropolis.schema-0.0.3] startup
[6.585s] [ext: isaacsim.anim.robot.schema-0.1.1] startup
[6.586s] [ext: omni.usd.schema.anim-0.0.1] startup
[6.599s] [ext: omni.usd.schema.geospatial-0.0.1] startup
[6.601s] [ext: omni.usd.schema.omnigraph-1.0.1] startup
[6.605s] [ext: omni.usd.schema.semantics-0.0.0] startup
[6.606s] [ext: omni.activity.core-1.0.3] startup
[6.607s] [ext: omni.cubric-0.1.0] startup
[6.607s] [ext: omni.graph.exec-0.9.6] startup
[6.608s] [ext: omni.hydra.scene_delegate-0.3.5] startup
[6.610s] [ext: usdrt.scenegraph-7.6.3] startup
[6.628s] [ext: omni.hydra.usdrt_delegate-7.5.2] startup
[6.632s] [ext: omni.inspect-1.0.2] startup
[6.633s] [ext: omni.kit.actions.core-1.0.0] startup
[6.634s] [ext: omni.kit.audiodeviceenum-1.0.2] startup
[6.635s] [ext: omni.kit.commands-1.5.0] startup
[6.637s] [ext: omni.kit.exec.core-0.13.5] startup
[6.638s] [ext: omni.kit.usd_undo-0.1.8] startup
[6.638s] [ext: omni.kit.window.popup_dialog-2.0.25] startup
[6.641s] [ext: omni.kit.widget.nucleus_connector-2.3.1] startup
[6.643s] [ext: omni.timeline-1.1.0] startup
[6.644s] [ext: omni.usd-1.16.0] startup
[6.670s] [ext: omni.graph.core-3.1.2] startup
[6.673s] [ext: omni.kit.notification_manager-1.0.11] startup
[6.674s] [ext: isaacsim.core.deprecation_manager-0.4.2] startup
[6.675s] [ext: isaacsim.replicator.agent.schema-0.1.1] startup
[6.675s] [ext: isaacsim.robot.schema-6.3.7] startup
[6.679s] [ext: isaacsim.robot_motion.schema-0.2.1] startup
[6.680s] [ext: omni.anim.behavior.schema-110.1.0] startup
[6.683s] [ext: omni.anim.graph.schema-110.1.1] startup
[6.687s] [ext: omni.anim.navigation.schema-110.1.0] startup
[6.689s] [ext: omni.behavior.tree.schema-110.1.0] startup
[6.690s] [ext: omni.isaac.ml_archive-3.3.0] startup
[6.690s] [ext: omni.kit.asset_converter-6.0.1] startup
[6.699s] [ext: omni.pip.cloud-1.5.4] startup
[6.701s] [ext: omni.usd.schema.flow-110.0.0] startup
[6.701s] [ext: omni.usd.schema.mujoco-1.1.1] startup
[6.701s] [ext: omni.usd.schema.newton-1.2.1] startup
[6.702s] [ext: omni.usd.schema.omni_lens_distortion-1.0.0] startup
[6.702s] [ext: omni.usd.schema.omni_projectors-1.0.0] startup
[6.703s] [ext: omni.usd.schema.omni_sensors-0.0.0] startup
[6.709s] [ext: omni.usd.schema.omniscripting-1.0.1] startup
[6.712s] [ext: omni.usd.schema.physical_lighting-0.1.0] startup
[6.714s] [ext: omni.usd.schema.physx-110.1.13] startup
[6.738s] [ext: omni.usd.schema.render_settings.rtx-1.0.2] startup
[6.740s] [ext: omni.usd.schema.usd_particle_field-1.0.0] startup
[6.741s] [ext: isaacsim.core.version-2.1.1] startup
[6.741s] [ext: omni.kit.menu.core-1.2.0] startup
[6.742s] [ext: omni.kit.menu.utils-2.2.4] startup
[6.747s] [ext: isaacsim.app.about-2.3.1] startup
[6.751s] [ext: isaacsim.asset.transformer-1.2.5] startup
[6.753s] [ext: omni.scene.optimizer.core-110.1.0] startup
[6.784s] [ext: isaacsim.asset.importer.utils-1.8.1] startup
[6.785s] [ext: omni.convexdecomposition-110.1.13] startup
[6.787s] [ext: omni.physics-110.1.13] startup
[6.789s] [ext: omni.physx.gpu-110.1.13] startup
[6.789s] [ext: omni.physx.foundation-110.1.13] startup
[6.790s] [ext: omni.usdphysics-110.1.13] startup
[6.791s] [ext: omni.physx.cooking-110.1.13] startup
[6.793s] [ext: omni.physx-110.1.13] startup
[6.800s] [ext: omni.physics.physx-110.1.13] startup
[6.801s] [ext: isaacsim.asset.exporter.urdf-2.0.5] startup
[6.807s] [ext: omni.kit.clipboard-1.1.1] startup
[6.808s] [ext: omni.kit.usd.layers-2.6.1] startup
[6.813s] [ext: omni.kit.widget.context_menu-1.4.0] startup
[6.814s] [ext: omni.kit.context_menu-1.9.0] startup
[6.815s] [ext: omni.kit.helper.file_utils-0.1.10] startup
[6.816s] [ext: omni.kit.widget.nucleus_info-2.0.2] startup
[6.817s] [ext: omni.kit.search_core-1.0.8] startup
[6.817s] [ext: omni.kit.widget.path_field-2.0.13] startup
[6.818s] [ext: omni.kit.widget.browser_bar-2.0.10] startup
[6.818s] [ext: omni.kit.widget.filebrowser-2.13.4] startup
[6.822s] [ext: omni.kit.widget.options_menu-1.1.6] startup
[6.823s] [ext: omni.kit.widget.options_button-1.0.3] startup
[6.824s] [ext: omni.kit.widget.search_delegate-1.0.9] startup
[6.825s] [ext: omni.ui.scene-2.0.3] startup
[6.828s] [ext: omni.kit.window.filepicker-2.15.5] startup
[6.838s] [ext: omni.kit.window.file_importer-1.1.21] startup
[6.839s] [ext: omni.kit.material.library-3.1.2] startup
[6.843s] [ext: isaacsim.asset.transformer.rules-1.7.10] startup
[6.851s] [ext: omni.usdex.libs-2.2.2] startup
[6.856s] [ext: isaacsim.asset.importer.mjcf-3.10.1] startup
[6.858s] [ext: isaacsim.asset.importer.urdf-3.11.2] startup
[6.861s] [ext: omni.kit.primitive.mesh-1.1.0] startup
[6.863s] [ext: omni.kit.stage_template.core-1.1.22] startup
[6.863s] [ext: omni.kit.stage_templates-2.0.2] startup
[6.864s] [ext: omni.usd.metrics.assembler-110.1.2] startup
[6.866s] [ext: omni.warp.core-1.13.0] startup
[7.046s] [ext: isaacsim.core.experimental.utils-0.17.2] startup
[7.047s] [ext: omni.physics.stageupdate-110.1.13] startup
[7.048s] [ext: omni.physics.tensors-110.1.13] startup
[7.052s] [ext: omni.physx.tensors-110.1.13] startup
[7.054s] [ext: isaacsim.core.simulation_manager-1.15.6] startup
[7.064s] [ext: isaacsim.storage.native-1.9.3] startup
[7.065s] [ext: omni.usd.metrics.assembler.physics-110.1.13] startup
[7.066s] [ext: isaacsim.core.utils-4.1.7] startup
[7.068s] [ext: isaacsim.core.prims-0.11.7] startup
[7.934s] [ext: isaacsim.core.api-5.2.13] startup
[7.940s] [ext: isaacsim.core.cloner-1.7.3] startup
[7.941s] [ext: isaacsim.test.docstring-1.3.2] startup
[7.943s] [ext: isaacsim.core.experimental.prims-1.8.9] startup
[7.961s] [ext: isaacsim.core.experimental.primdata-0.3.2] startup
[7.963s] [ext: omni.graph.tools-1.81.0] startup
[7.981s] [ext: omni.graph-1.142.5] startup
[8.011s] [ext: isaacsim.core.experimental.actuators-0.1.2] startup
[8.024s] [ext: isaacsim.core.experimental.materials-0.7.1] startup
[8.026s] [ext: isaacsim.core.experimental.objects-0.8.1] startup
[8.078s] [ext: omni.hydra.engine.stats-1.0.5] startup
[8.080s] [ext: omni.hydra.rtx.shadercache.vulkan-1.0.0] startup
[8.080s] [ext: omni.index.libs-387500.4413.0] startup
[8.080s] [ext: omni.index-1.0.1] startup
[8.081s] [ext: omni.ujitso.client-0.0.0] startup
[8.081s] [ext: omni.usd.schema.playback-1.0.0] startup
[8.084s] [ext: omni.volume-0.5.2] startup
[8.087s] [ext: omni.hydra.rtx-1.0.4] startup
2026-10-06T16:17:02Z [8,078ms] [Warning] [omni.log] Source: omni.hydra was already registered.
[8.109s] [ext: omni.kit.hydra_texture-1.6.0] startup
[8.111s] [ext: omni.kit.raycast.query-1.2.0] startup
[8.114s] [ext: omni.kit.viewport.legacy_gizmos-1.0.24] startup
[8.116s] [ext: omni.kit.viewport.registry-104.0.6] startup
[8.117s] [ext: omni.kit.viewport.scene_camera_model-1.0.7] startup
[8.119s] [ext: omni.kit.widget.viewport-109.2.0] startup
[8.122s] [ext: omni.kit.window.drop_support-1.0.8] startup
[8.123s] [ext: omni.kit.viewport.window-109.0.2] startup
[8.136s] [ext: omni.kit.viewport.utility-2.0.1] startup
[8.137s] [ext: isaacsim.core.rendering_manager-0.4.3] startup
[8.157s] [ext: omni.graph.action_core-1.1.9] startup
[8.159s] [ext: omni.graph.action_nodes_core-2.11.0] startup
[8.161s] [ext: omni.graph.action_nodes-2.11.0] startup
[8.177s] [ext: omni.graph.action-2.10.2] startup
[8.178s] [ext: omni.graph.image.core-0.6.1] startup
[8.178s] [ext: omni.graph.image.nodes-1.3.1] startup
[8.179s] [ext: omni.graph.nodes_core-2.11.0] startup
[8.183s] [ext: omni.graph.nodes-2.12.0] startup
[8.187s] [ext: omni.kit.hotkeys.core-1.3.12] startup
[8.188s] [ext: omni.kit.property.adapter.core-1.1.1] startup
[8.190s] [ext: omni.kit.property.adapter.usd-1.0.5] startup
[8.191s] [ext: omni.kit.widget.filter-1.1.5] startup
[8.192s] [ext: omni.kit.widget.highlight_label-1.0.3] startup
[8.192s] [ext: omni.kit.widget.searchfield-1.1.8] startup
[8.194s] [ext: omni.kit.window.file_exporter-1.0.36] startup
[8.195s] [ext: omni.kit.widget.stage-4.4.0] startup
[8.201s] [ext: omni.kit.window.content_browser_registry-0.0.6] startup
[8.202s] [ext: omni.kit.window.file-2.0.10] startup
[8.205s] [ext: omni.kit.window.content_browser-3.1.8] startup
[8.213s] [ext: omni.kit.window.property-1.15.1] startup
[8.222s] [ext: omni.kit.property.usd-4.9.4] startup
[8.230s] [ext: omni.graph.scriptnode-2.10.2] startup
[8.237s] [ext: omni.kit.widget.searchable_combobox-1.0.7] startup
[8.238s] [ext: omni.kit.widget.settings-2.0.0] startup
[8.240s] [ext: omni.kit.window.preferences-1.8.3] startup
[8.244s] [ext: omni.kit.viewport.menubar.core-107.2.2] startup
[8.254s] [ext: omni.syntheticdata-0.6.15] startup
[8.276s] [ext: omni.replicator.nv-1.1.1] startup
[8.280s] [ext: omni.videoencoding-0.2.1] startup
[8.281s] [ext: omni.replicator.core-1.13.27] startup
2026-10-06T16:17:02Z [8,267ms] [Warning] [pxr.Semantics] pxr.Semantics is deprecated - please use Semantics instead
2026-10-06T16:17:02Z [8,332ms] [Warning] [omni.replicator.core.scripts.extension] No material configuration file, adding configuration to material settings directly.
[8.478s] [ext: isaacsim.core.nodes-5.10.5] startup
[8.504s] [ext: isaacsim.core.throttling-2.3.5] startup
[8.505s] [ext: omni.kit.manipulator.viewport-107.0.1] startup
[8.506s] [ext: omni.graph.visualization.nodes-2.1.4] startup
[8.518s] [ext: omni.kit.window.extensions-1.5.10] startup
[8.522s] [ext: isaacsim.gui.components-1.8.5] startup
[8.526s] [ext: isaacsim.robot.surface_gripper-3.6.2] startup
[8.535s] [ext: isaacsim.robot.manipulators-3.4.4] startup
[8.543s] [ext: isaacsim.robot_motion.lula-4.1.3] startup
[8.548s] [ext: isaacsim.robot_motion.motion_generation-8.2.9] startup
[8.553s] [ext: isaacsim.cortex.framework-1.0.18] startup
[8.554s] [ext: isaacsim.cortex.behaviors-2.0.17] startup
[8.555s] [ext: isaacsim.examples.base-1.3.2] startup
[8.557s] [ext: omni.kit.widget.zoombar-1.0.7] startup
[8.557s] [ext: omni.kit.browser.core-2.3.18] startup
[8.560s] [ext: omni.kit.browser.folder.core-2.0.2] startup
[8.563s] [ext: omni.kit.widget.stage_icons-1.0.8] startup
[8.564s] [ext: omni.kit.window.stage-2.6.1] startup
[8.567s] [ext: omni.kit.menu.stage-1.2.7] startup
[8.568s] [ext: omni.kit.usd.collect-3.0.6] startup
[8.570s] [ext: omni.kit.widget.prompt-1.0.7] startup
[8.570s] [ext: omni.kit.tool.collect-2.2.19] startup
[8.572s] [ext: isaacsim.examples.browser-0.3.2] startup
[8.574s] [ext: omni.kit.search.files-1.0.4] startup
[8.575s] [ext: omni.kit.widget.calendar-1.0.9] startup
[8.576s] [ext: omni.kit.widget.extended_searchfield-1.0.31] startup
[8.582s] [ext: omni.simready.content.browser-0.3.7] startup
[8.665s] [ext: isaacsim.gui.content_browser-0.4.3] startup
[8.667s] [ext: omni.kit.selection-0.1.6] startup
[8.668s] [ext: isaacsim.gui.menu-2.10.5] startup
[8.675s] [ext: isaacsim.gui.property-1.6.4] startup
[8.681s] [ext: omni.kit.viewport.actions-110.0.0] startup
[8.684s] [ext: omni.kit.viewport.menubar.display-107.1.3] startup
[8.686s] [ext: isaacsim.gui.sensors.icon-2.2.1] startup
[8.688s] [ext: omni.behavior.scripting.core-110.1.0] startup
[8.690s] [ext: isaacsim.replicator.behavior-1.5.4] startup
[8.691s] [ext: isaacsim.replicator.experimental.domain_randomization-1.2.5] startup
[8.704s] [ext: isaacsim.replicator.domain_randomization-1.2.2] startup
[8.769s] [ext: isaacsim.replicator.writers-1.5.4] startup
[8.791s] [ext: isaacsim.robot.experimental.wheeled_robots-0.2.11] startup
[8.810s] [ext: isaacsim.robot.policy.examples-5.2.12] startup
[8.827s] [ext: isaacsim.robot.wheeled_robots-5.2.4] startup
[8.830s] [ext: isaacsim.robot.wheeled_robots.nodes-0.1.5] startup
[8.846s] [ext: isaacsim.robot_motion.experimental.motion_generation-6.1.3] startup
[8.856s] [ext: isaacsim.robot_motion.cumotion-1.3.1] startup
[8.867s] [ext: omni.kit.numpy.common-0.1.3] startup
[8.869s] [ext: isaacsim.sensors.camera-1.7.9] startup
[8.894s] [ext: isaacsim.sensors.experimental.physics-3.0.2] startup
[8.901s] [ext: omni.sensors.net-1.0.1] startup
[8.902s] [ext: omni.sensors.nv.common-3.0.0] startup
[8.911s] [ext: omni.sensors.nv.materials-2.0.0] startup
[8.913s] [ext: omni.sensors.nv.acoustic-3.0.0] startup
[8.915s] [ext: omni.sensors.nv.ids-2.0.1] startup
[8.917s] [ext: omni.sensors.nv.lidar-3.0.0] startup
[8.920s] [ext: omni.sensors.nv.radar-3.0.0] startup
[8.922s] [ext: isaacsim.sensors.experimental.rtx-1.4.6] startup
[9.143s] [ext: isaacsim.sensors.physics.nodes-1.5.3] startup
[9.149s] [ext: isaacsim.util.debug_draw-3.2.3] startup
[9.153s] [ext: isaacsim.sensors.physx-2.5.5] startup
[9.159s] [ext: isaacsim.sensors.rtx-15.17.1] startup
[9.168s] [ext: isaacsim.simulation_app-2.18.4] startup
[9.168s] [ext: omni.anim.curve.core-1.6.0] startup
[9.176s] [ext: omni.graph.ui_nodes-2.11.1] startup
[9.196s] [ext: omni.hydra.scene_api-0.1.3] startup
[9.199s] [ext: omni.kit.manipulator.camera-110.0.0] startup
[9.202s] [ext: omni.kit.manipulator.selector-1.1.4] startup
[9.203s] [ext: omni.kit.manipulator.transform-107.0.0] startup
[9.206s] [ext: omni.kit.widget.toolbar-2.1.0] startup
[9.212s] [ext: omni.kit.manipulator.tool.snap-1.5.14] startup
[9.215s] [ext: omni.kit.viewport.manipulator.transform-107.0.4] startup
[9.216s] [ext: omni.kit.manipulator.prim.core-108.0.2] startup
[9.221s] [ext: omni.kit.manipulator.prim.usd-107.0.3] startup
[9.222s] [ext: omni.kit.manipulator.prim-108.0.0] startup
[9.222s] [ext: omni.kit.manipulator.selection-109.0.1] startup
[9.223s] [ext: omni.kit.menu.create-2.0.2] startup
[9.225s] [ext: omni.kit.property.audio-1.0.16] startup
[9.227s] [ext: omni.kit.property.camera-1.0.14] startup
[9.229s] [ext: omni.kit.property.geometry-2.1.2] startup
[9.231s] [ext: omni.kit.property.light-1.0.14] startup
2026-10-06T16:17:03Z [9,231ms] [Warning] [omni.usd] Encountered USD Warnings but USD Diagnostics are currently muted. To view USD Warnings, please set the '/persistent/app/usd/muteUsdDiagnostics' setting to false in Preferences page.
[9.256s] [ext: omni.kit.property.material-1.14.6] startup
[9.260s] [ext: omni.kit.property.render-1.2.2] startup
[9.261s] [ext: omni.kit.property.transform-1.6.9] startup
[9.264s] [ext: omni.kit.property.bundle-1.5.1] startup
[9.265s] [ext: omni.kit.usdz_export-1.1.0] startup
[9.267s] [ext: omni.kit.tool.asset_importer-6.0.1] startup
[9.272s] [ext: omni.kit.ui.actions-1.0.5] startup
[9.273s] [ext: omni.kit.viewport.menubar.camera-107.0.10] startup
[9.277s] [ext: omni.kit.viewport.menubar.lighting-107.3.2] startup
[9.279s] [ext: omni.kit.viewport.menubar.render-110.0.0] startup
[9.281s] [ext: omni.kit.viewport.menubar.settings-110.0.1] startup
[9.284s] [ext: omni.kit.window.console-1.1.9] startup
[9.287s] [ext: omni.kit.window.status_bar-0.1.11] startup
[9.289s] [ext: omni.kit.window.toolbar-3.0.3] startup
[9.291s] [ext: omni.ocio-0.1.1] startup
[9.292s] [ext: omni.physx.commands-110.1.13] startup
[9.295s] [ext: omni.replicator.replicator_yaml-2.0.12] startup
[9.303s] [ext: omni.rtx.window.settings-0.8.0] startup
[9.307s] [ext: omni.rtx.settings.core-0.7.1] startup
[9.310s] [ext: omni.usd.metrics.assembler.ui-110.1.1] startup
[9.315s] [ext: semantics.schema.editor-2.0.2] startup
[9.318s] [ext: semantics.schema.property-2.0.2] startup
[9.319s] [ext: omni.kit.menu.common-2.0.2] startup
[9.320s] [ext: isaacsim.exp.base-6.0.1] startup
[9.320s] [ext: isaacsim.exp.base.python-6.0.1] startup
[9.321s] Simulation App Starting
[10.390s] Simulation App Startup Complete
[10.394s] app ready
Starting kit application with the following args:  ['/home/starry/isaac-data/isaacsim/exts/isaacsim.simulation_app/isaacsim/simulation_app/simulation_app.py', '/home/starry/isaac-data/isaacsim/apps/isaacsim.exp.base.python.kit', '--/app/tokens/exe-path=/home/starry/isaac-data/isaacsim/kit', '--/persistent/app/viewport/displayOptions=3094', '--/rtx/materialDb/syncLoads=True', '--/rtx/hydra/materialSyncLoads=True', '--/omni/kit/plugin/syncUsdLoads=True', '--/app/renderer/resolution/width=1280', '--/app/renderer/resolution/height=720', '--/app/window/width=1440', '--/app/window/height=900', '--/renderer/multiGpu/enabled=False', '--/app/fastShutdown=True', '--/app/installSignalHandlers=0', '--ext-folder', '/home/starry/isaac-data/isaacsim/exts', '--ext-folder', '/home/starry/isaac-data/isaacsim/apps', '--/renderer/activeGpu=0', '--/physics/cudaDevice=0', '--/plugins/carb.tasking.plugin/threadCount=12', '--/plugins/omni.tbb.globalcontrol/maxThreadCount=12', '--portable', '--no-window', '--/app/window/hideUi=1']
Passing the following args to the base kit application:  []
Warp 1.13.0 initialized:
   CUDA Toolkit 12.9, Driver 13.0
   Devices:
     "cpu"      : "x86_64"
     "cuda:0"   : "NVIDIA GeForce RTX 5070" (11 GiB, sm_120, mempool enabled)
   Kernel cache:
     /home/starry/.cache/warp/1.13.0
[LIGHTING] sun=800.0 (1) dome=0.0 (1) ambient=0.05 constant_color=(0.6, 0.65, 0.7)
[RENDER] mode=MinimalRendering minimal_shading_mode=2 anti_aliasing=TAA
[DEPTH CAMERAS] count=4 resolution_each=320x240 horizontal_coverage=360deg
[ESDF] path=/home/starry/isaac-data/EGO1P3/scenes/ego_swarm_cloud/occupancy.bin shape=(400, 300, 50) resolution=0.40m
[depth_angular_controller-1] [INFO] [1791303427.102771901] [depth_angular_controller]: WAITING_ODOMETRY
[NAV] t=0.0s position=(-64.00,-11.20,2.80) yaw=0.0deg command=(0.00,0.00,0.00) manual_active=0 collision_blocks=0
[depth_angular_controller-1] [INFO] [1791303427.476843759] [depth_angular_controller]: WAITING_VERIFIED_START_POSE
[depth_angular_controller-1] [INFO] [1791303427.512459994] [depth_angular_controller]: VERIFIED_FREE_SEED center=(-64.000,-11.200,2.800) radius=2.500 balls=1: verified fixed Cloud free ball; USD and occupancy SHA-256 matched
[depth_angular_controller-1] [INFO] [1791303427.512565161] [depth_angular_controller]: ZERO_INTENT
[depth_angular_controller-1] [INFO] [1791303428.468724463] [depth_angular_controller]: OMNI_DEPTH views=4 azimuth_bins=180 elevation_bins=37 valid=1 certificates=1 short=0 held=0 local_candidates=0 yaw=0.00
[depth_angular_controller-1] [INFO] [1791303428.468810876] [depth_angular_controller]: DEPTH_PROPOSAL_CERTIFIED
[depth_angular_controller-1] [INFO] [1791303428.468818079] [depth_angular_controller]: PAPER_BUILD reason=FULL_MOTION_CERTIFICATE required=0.0000 best=0.0000 free=0 refined=0 tubes=0 revoked_tubes=0 proofs=0
[depth_angular_controller-1] [INFO] [1791303428.468824181] [depth_angular_controller]: PAPER_EVIDENCE retained=4 balls=1 revoked_balls=0 expired_views=0 evicted_views=0 radius=0.580 clearance=0.000 best_prefix=0.000
[depth_angular_controller-1] [INFO] [1791303429.540624649] [depth_angular_controller]: OMNI_DEPTH views=4 azimuth_bins=180 elevation_bins=37 valid=1 certificates=1 short=0 held=0 local_candidates=0 yaw=10.00
[depth_angular_controller-1] [INFO] [1791303429.540722062] [depth_angular_controller]: PAPER_BUILD reason=FULL_MOTION_CERTIFICATE required=0.0000 best=0.0000 free=0 refined=0 tubes=1 revoked_tubes=0 proofs=53
[depth_angular_controller-1] [INFO] [1791303429.540731610] [depth_angular_controller]: PAPER_EVIDENCE retained=8 balls=4 revoked_balls=0 expired_views=0 evicted_views=0 radius=0.580 clearance=0.000 best_prefix=0.000
[depth_angular_controller-1] [INFO] [1791303430.609797639] [depth_angular_controller]: OMNI_DEPTH views=4 azimuth_bins=180 elevation_bins=37 valid=1 certificates=1 short=0 held=0 local_candidates=0 yaw=20.00
[depth_angular_controller-1] [INFO] [1791303430.609902496] [depth_angular_controller]: PAPER_BUILD reason=FULL_MOTION_CERTIFICATE required=0.0000 best=0.0000 free=0 refined=0 tubes=3 revoked_tubes=0 proofs=111
[depth_angular_controller-1] [INFO] [1791303430.609909299] [depth_angular_controller]: PAPER_EVIDENCE retained=12 balls=9 revoked_balls=0 expired_views=0 evicted_views=0 radius=0.580 clearance=0.000 best_prefix=0.000
[10.914s] [ext: isaacsim.sensors.rtx.nodes-0.1.2] startup
[10.922s] [ext: isaacsim.ros2.core-1.9.4] startup
[10.936s] Attempting to load system rclpy
[10.936s] Could not import system rclpy: No module named 'rclpy'
[10.936s] Attempting to load internal rclpy for ROS Distro: humble
[10.947s] rclpy loaded
[10.950s] [ext: isaacsim.ros2.nodes-1.18.13] startup
[10.984s] [ext: isaacsim.ros2.examples-1.2.4] startup
[10.988s] [ext: isaacsim.ros2.ui-1.6.5] startup
[11.195s] [ext: isaacsim.ros2.bridge-5.1.2] startup
2026-10-06T16:17:07Z [13,107ms] [Warning] [omni.timeline.plugin] Deprecated: direct use of ITimeline callbacks is deprecated. Use ITimeline::getTimeline (Python: omni.timeline.get_timeline_interface) instead.
[depth_angular_controller-1] [INFO] [1791303431.554862862] [depth_angular_controller]: OMNI_DEPTH views=4 azimuth_bins=180 elevation_bins=37 valid=1 certificates=1 short=0 held=0 local_candidates=0 yaw=30.00
[depth_angular_controller-1] [INFO] [1791303431.555043612] [depth_angular_controller]: PAPER_BUILD reason=FULL_MOTION_CERTIFICATE required=0.0000 best=0.0000 free=0 refined=0 tubes=4 revoked_tubes=0 proofs=128
[depth_angular_controller-1] [INFO] [1791303431.555051607] [depth_angular_controller]: PAPER_EVIDENCE retained=16 balls=15 revoked_balls=0 expired_views=0 evicted_views=0 radius=0.580 clearance=0.000 best_prefix=0.000
[position_cmd_to_twist-2] [INFO] [1791303432.483527273] [position_cmd_to_twist]: [PERF BRIDGE] run=final_v17_sweep_ego1p3_2 elapsed=18.61s received=295 published=295 fps(ros/wall)=60.00/58.94 controller_to_bridge_ms(mean/p50/p95/max)=0.000/0.000/0.000/0.000 bridge_process_ms(mean/p95/max)=0.094/0.127/0.451
[depth_angular_controller-1] [INFO] [1791303432.491503683] [depth_angular_controller]: [PERF CTRL] run=final_v17_sweep_ego1p3_2 elapsed=18.73s callbacks=298 commands=297 guidance=237 command_fps(ros/wall)=60.00/59.03 guidance_wall_fps=58.66 avoid_ms(mean/p50/p95/max)=0.180/0.162/0.241/1.087 cycle_ms(mean/p95/max)=16.942/20.369/81.011 depth_to_cmd_ms(mean/p95/max)=45.921/83.333/100.000 callback_to_publish_ms(mean/p95/max)=1.370/4.333/14.436
[depth_angular_controller-1] [INFO] [1791303432.491570669] [depth_angular_controller]: EVIDENCE_COST ingest(mean/p95/max)=1.129/4.085/14.392 record=0.011/0.015/0.065 ms
[depth_angular_controller-1] [INFO] [1791303432.491578324] [depth_angular_controller]: EVIDENCE_PHASE per_view_mean_ms balls=0.054 tubes=0.009 history=0.192 eviction=0.000
[NAV] t=5.0s position=(-61.46,-10.38,2.80) yaw=0.0deg command=(0.66,0.45,0.00) manual_active=1 collision_blocks=0
[depth_angular_controller-1] [INFO] [1791303432.559679186] [depth_angular_controller]: OMNI_DEPTH views=4 azimuth_bins=180 elevation_bins=37 valid=1 certificates=1 short=0 held=0 local_candidates=0 yaw=40.00
[depth_angular_controller-1] [INFO] [1791303432.559821664] [depth_angular_controller]: PAPER_BUILD reason=FULL_MOTION_CERTIFICATE required=0.0000 best=0.0000 free=0 refined=0 tubes=6 revoked_tubes=0 proofs=128
[depth_angular_controller-1] [INFO] [1791303432.559828397] [depth_angular_controller]: PAPER_EVIDENCE retained=16 balls=20 revoked_balls=0 expired_views=0 evicted_views=4 radius=0.580 clearance=0.000 best_prefix=0.000
[depth_angular_controller-1] [INFO] [1791303433.755340197] [depth_angular_controller]: OMNI_DEPTH views=4 azimuth_bins=180 elevation_bins=37 valid=1 certificates=1 short=0 held=0 local_candidates=0 yaw=50.00
[depth_angular_controller-1] [INFO] [1791303433.755501821] [depth_angular_controller]: PAPER_BUILD reason=FULL_MOTION_CERTIFICATE required=0.0000 best=0.0000 free=0 refined=0 tubes=8 revoked_tubes=0 proofs=128
[depth_angular_controller-1] [INFO] [1791303433.755508534] [depth_angular_controller]: PAPER_EVIDENCE retained=16 balls=26 revoked_balls=0 expired_views=0 evicted_views=8 radius=0.580 clearance=0.000 best_prefix=0.000
[depth_angular_controller-1] [INFO] [1791303434.832582272] [depth_angular_controller]: OMNI_DEPTH views=4 azimuth_bins=180 elevation_bins=37 valid=1 certificates=1 short=0 held=0 local_candidates=0 yaw=60.00
[depth_angular_controller-1] [INFO] [1791303434.832734608] [depth_angular_controller]: PAPER_BUILD reason=FULL_MOTION_CERTIFICATE required=0.0000 best=0.0000 free=0 refined=0 tubes=9 revoked_tubes=0 proofs=128
[depth_angular_controller-1] [INFO] [1791303434.832741962] [depth_angular_controller]: PAPER_EVIDENCE retained=16 balls=31 revoked_balls=0 expired_views=0 evicted_views=12 radius=0.580 clearance=0.000 best_prefix=0.000
[depth_angular_controller-1] [INFO] [1791303435.775424407] [depth_angular_controller]: OMNI_DEPTH views=4 azimuth_bins=180 elevation_bins=37 valid=1 certificates=1 short=0 held=0 local_candidates=0 yaw=70.00
[depth_angular_controller-1] [INFO] [1791303435.775922433] [depth_angular_controller]: PAPER_BUILD reason=FULL_MOTION_CERTIFICATE required=0.0000 best=0.0000 free=0 refined=0 tubes=11 revoked_tubes=0 proofs=128
[depth_angular_controller-1] [INFO] [1791303435.775929837] [depth_angular_controller]: PAPER_EVIDENCE retained=16 balls=32 revoked_balls=0 expired_views=0 evicted_views=16 radius=0.580 clearance=0.000 best_prefix=0.000
[depth_angular_controller-1] [INFO] [1791303436.730194889] [depth_angular_controller]: OMNI_DEPTH views=4 azimuth_bins=180 elevation_bins=37 valid=1 certificates=1 short=0 held=0 local_candidates=0 yaw=80.00
[depth_angular_controller-1] [INFO] [1791303436.730944127] [depth_angular_controller]: PAPER_BUILD reason=FULL_MOTION_CERTIFICATE required=0.0000 best=0.0000 free=0 refined=0 tubes=12 revoked_tubes=0 proofs=128
[depth_angular_controller-1] [INFO] [1791303436.730952764] [depth_angular_controller]: PAPER_EVIDENCE retained=16 balls=32 revoked_balls=0 expired_views=0 evicted_views=20 radius=0.580 clearance=0.000 best_prefix=0.000
[depth_angular_controller-1] [INFO] [1791303437.506799272] [depth_angular_controller]: [PERF CTRL] run=final_v17_sweep_ego1p3_2 elapsed=23.74s callbacks=587 commands=586 guidance=526 command_fps(ros/wall)=60.00/58.33 guidance_wall_fps=58.09 avoid_ms(mean/p50/p95/max)=0.252/0.218/0.670/1.833 cycle_ms(mean/p95/max)=17.145/21.557/81.617 depth_to_cmd_ms(mean/p95/max)=43.980/66.667/100.000 callback_to_publish_ms(mean/p95/max)=1.806/5.457/14.436
[depth_angular_controller-1] [INFO] [1791303437.506885855] [depth_angular_controller]: EVIDENCE_COST ingest(mean/p95/max)=1.484/5.019/14.392 record=0.014/0.038/0.066 ms
[depth_angular_controller-1] [INFO] [1791303437.506892447] [depth_angular_controller]: EVIDENCE_PHASE per_view_mean_ms balls=0.055 tubes=0.012 history=0.279 eviction=0.001
[position_cmd_to_twist-2] [INFO] [1791303437.662517655] [position_cmd_to_twist]: [PERF BRIDGE] run=final_v17_sweep_ego1p3_2 elapsed=23.79s received=595 published=595 fps(ros/wall)=60.00/58.39 controller_to_bridge_ms(mean/p50/p95/max)=0.000/0.000/0.000/0.000 bridge_process_ms(mean/p95/max)=0.091/0.114/0.451
[NAV] t=10.0s position=(-59.50,-7.04,2.80) yaw=0.0deg command=(0.07,0.80,0.00) manual_active=1 collision_blocks=0
[depth_angular_controller-1] [INFO] [1791303437.807058082] [depth_angular_controller]: OMNI_DEPTH views=4 azimuth_bins=180 elevation_bins=37 valid=1 certificates=1 short=0 held=0 local_candidates=0 yaw=90.00
[depth_angular_controller-1] [INFO] [1791303437.807192705] [depth_angular_controller]: PAPER_BUILD reason=FULL_MOTION_CERTIFICATE required=0.0000 best=0.0000 free=0 refined=0 tubes=14 revoked_tubes=0 proofs=128
[depth_angular_controller-1] [INFO] [1791303437.807198827] [depth_angular_controller]: PAPER_EVIDENCE retained=16 balls=32 revoked_balls=0 expired_views=0 evicted_views=24 radius=0.580 clearance=0.000 best_prefix=0.000
[depth_angular_controller-1] [INFO] [1791303438.870519158] [depth_angular_controller]: OMNI_DEPTH views=4 azimuth_bins=180 elevation_bins=37 valid=1 certificates=1 short=0 held=0 local_candidates=0 yaw=100.00
[depth_angular_controller-1] [INFO] [1791303438.870910864] [depth_angular_controller]: PAPER_BUILD reason=FULL_MOTION_CERTIFICATE required=0.0000 best=0.0000 free=0 refined=0 tubes=16 revoked_tubes=0 proofs=128
[depth_angular_controller-1] [INFO] [1791303438.870934458] [depth_angular_controller]: PAPER_EVIDENCE retained=16 balls=32 revoked_balls=0 expired_views=0 evicted_views=28 radius=0.580 clearance=0.000 best_prefix=0.000
[depth_angular_controller-1] [INFO] [1791303439.872978362] [depth_angular_controller]: OMNI_DEPTH views=4 azimuth_bins=180 elevation_bins=37 valid=1 certificates=1 short=0 held=0 local_candidates=0 yaw=110.00
[depth_angular_controller-1] [INFO] [1791303439.873126801] [depth_angular_controller]: PAPER_BUILD reason=FULL_MOTION_CERTIFICATE required=0.0000 best=0.0000 free=0 refined=0 tubes=17 revoked_tubes=0 proofs=128
[depth_angular_controller-1] [INFO] [1791303439.873133373] [depth_angular_controller]: PAPER_EVIDENCE retained=16 balls=32 revoked_balls=0 expired_views=0 evicted_views=32 radius=0.580 clearance=0.000 best_prefix=0.000
[depth_angular_controller-1] [INFO] [1791303440.894641076] [depth_angular_controller]: OMNI_DEPTH views=4 azimuth_bins=180 elevation_bins=37 valid=1 certificates=1 short=0 held=0 local_candidates=0 yaw=120.00
[depth_angular_controller-1] [INFO] [1791303440.894791819] [depth_angular_controller]: PAPER_BUILD reason=FULL_MOTION_CERTIFICATE required=0.0000 best=0.0000 free=0 refined=0 tubes=19 revoked_tubes=0 proofs=128
[depth_angular_controller-1] [INFO] [1791303440.894798882] [depth_angular_controller]: PAPER_EVIDENCE retained=16 balls=32 revoked_balls=0 expired_views=0 evicted_views=36 radius=0.580 clearance=0.000 best_prefix=0.000
[depth_angular_controller-1] [INFO] [1791303441.972488398] [depth_angular_controller]: OMNI_DEPTH views=4 azimuth_bins=180 elevation_bins=37 valid=1 certificates=1 short=0 held=0 local_candidates=0 yaw=130.00
[depth_angular_controller-1] [INFO] [1791303441.972649841] [depth_angular_controller]: PAPER_BUILD reason=FULL_MOTION_CERTIFICATE required=0.0000 best=0.0000 free=0 refined=0 tubes=21 revoked_tubes=0 proofs=128
[depth_angular_controller-1] [INFO] [1791303441.972667474] [depth_angular_controller]: PAPER_EVIDENCE retained=16 balls=32 revoked_balls=0 expired_views=0 evicted_views=40 radius=0.580 clearance=0.000 best_prefix=0.000
[depth_angular_controller-1] [INFO] [1791303442.511556515] [depth_angular_controller]: [PERF CTRL] run=final_v17_sweep_ego1p3_2 elapsed=28.75s callbacks=871 commands=870 guidance=810 command_fps(ros/wall)=59.93/57.80 guidance_wall_fps=57.61 avoid_ms(mean/p50/p95/max)=0.242/0.220/0.509/1.833 cycle_ms(mean/p95/max)=17.301/21.757/81.751 depth_to_cmd_ms(mean/p95/max)=43.004/66.667/100.000 callback_to_publish_ms(mean/p95/max)=1.987/5.472/14.436
[depth_angular_controller-1] [INFO] [1791303442.511663456] [depth_angular_controller]: EVIDENCE_COST ingest(mean/p95/max)=1.667/5.147/14.392 record=0.014/0.028/0.066 ms
[depth_angular_controller-1] [INFO] [1791303442.511670790] [depth_angular_controller]: EVIDENCE_PHASE per_view_mean_ms balls=0.056 tubes=0.013 history=0.324 eviction=0.001
[position_cmd_to_twist-2] [INFO] [1791303442.968910787] [position_cmd_to_twist]: [PERF BRIDGE] run=final_v17_sweep_ego1p3_2 elapsed=29.10s received=894 published=894 fps(ros/wall)=59.93/57.69 controller_to_bridge_ms(mean/p50/p95/max)=0.000/0.000/0.000/0.000 bridge_process_ms(mean/p95/max)=0.090/0.113/0.451
[NAV] t=15.0s position=(-60.81,-3.40,2.80) yaw=0.0deg command=(-0.56,0.57,0.00) manual_active=1 collision_blocks=0
[depth_angular_controller-1] [INFO] [1791303443.051231944] [depth_angular_controller]: OMNI_DEPTH views=4 azimuth_bins=180 elevation_bins=37 valid=1 certificates=1 short=0 held=0 local_candidates=0 yaw=140.00
[depth_angular_controller-1] [INFO] [1791303443.051379582] [depth_angular_controller]: PAPER_BUILD reason=FULL_MOTION_CERTIFICATE required=0.0000 best=0.0000 free=0 refined=0 tubes=22 revoked_tubes=0 proofs=128
[depth_angular_controller-1] [INFO] [1791303443.051386415] [depth_angular_controller]: PAPER_EVIDENCE retained=16 balls=32 revoked_balls=0 expired_views=0 evicted_views=44 radius=0.580 clearance=0.000 best_prefix=0.000
[depth_angular_controller-1] [INFO] [1791303444.068959903] [depth_angular_controller]: OMNI_DEPTH views=4 azimuth_bins=180 elevation_bins=37 valid=1 certificates=1 short=0 held=0 local_candidates=0 yaw=150.00
[depth_angular_controller-1] [INFO] [1791303444.069117850] [depth_angular_controller]: PAPER_BUILD reason=FULL_MOTION_CERTIFICATE required=0.0000 best=0.0000 free=0 refined=0 tubes=24 revoked_tubes=0 proofs=128
[depth_angular_controller-1] [INFO] [1791303444.069124863] [depth_angular_controller]: PAPER_EVIDENCE retained=16 balls=32 revoked_balls=0 expired_views=0 evicted_views=47 radius=0.580 clearance=0.000 best_prefix=0.000
[depth_angular_controller-1] [INFO] [1791303445.087052628] [depth_angular_controller]: OMNI_DEPTH views=4 azimuth_bins=180 elevation_bins=37 valid=1 certificates=1 short=0 held=0 local_candidates=0 yaw=-178.00
[depth_angular_controller-1] [INFO] [1791303445.087187481] [depth_angular_controller]: PAPER_BUILD reason=FULL_MOTION_CERTIFICATE required=0.0000 best=0.0000 free=0 refined=0 tubes=26 revoked_tubes=0 proofs=128
[depth_angular_controller-1] [INFO] [1791303445.087194214] [depth_angular_controller]: PAPER_EVIDENCE retained=16 balls=32 revoked_balls=0 expired_views=0 evicted_views=51 radius=0.580 clearance=0.000 best_prefix=0.000
[depth_angular_controller-1] [INFO] [1791303446.111359200] [depth_angular_controller]: OMNI_DEPTH views=4 azimuth_bins=180 elevation_bins=37 valid=1 certificates=1 short=0 held=0 local_candidates=0 yaw=170.00
[depth_angular_controller-1] [INFO] [1791303446.111489275] [depth_angular_controller]: PAPER_BUILD reason=FULL_MOTION_CERTIFICATE required=0.0000 best=0.0000 free=0 refined=0 tubes=28 revoked_tubes=0 proofs=128
[depth_angular_controller-1] [INFO] [1791303446.111496158] [depth_angular_controller]: PAPER_EVIDENCE retained=16 balls=32 revoked_balls=0 expired_views=0 evicted_views=53 radius=0.580 clearance=0.000 best_prefix=0.000
[depth_angular_controller-1] [INFO] [1791303447.130553094] [depth_angular_controller]: OMNI_DEPTH views=4 azimuth_bins=180 elevation_bins=37 valid=1 certificates=1 short=0 held=0 local_candidates=0 yaw=180.00
[depth_angular_controller-1] [INFO] [1791303447.130689370] [depth_angular_controller]: PAPER_BUILD reason=FULL_MOTION_CERTIFICATE required=0.0000 best=0.0000 free=0 refined=0 tubes=30 revoked_tubes=0 proofs=128
[depth_angular_controller-1] [INFO] [1791303447.130696013] [depth_angular_controller]: PAPER_EVIDENCE retained=16 balls=32 revoked_balls=0 expired_views=0 evicted_views=57 radius=0.580 clearance=0.000 best_prefix=0.000
[depth_angular_controller-1] [INFO] [1791303447.530615817] [depth_angular_controller]: [PERF CTRL] run=final_v17_sweep_ego1p3_2 elapsed=33.77s callbacks=1166 commands=1165 guidance=1105 command_fps(ros/wall)=59.95/58.04 guidance_wall_fps=57.92 avoid_ms(mean/p50/p95/max)=0.249/0.220/0.461/3.058 cycle_ms(mean/p95/max)=17.228/21.711/81.751 depth_to_cmd_ms(mean/p95/max)=41.976/66.667/100.000 callback_to_publish_ms(mean/p95/max)=2.138/5.613/14.436
[depth_angular_controller-1] [INFO] [1791303447.531458361] [depth_angular_controller]: EVIDENCE_COST ingest(mean/p95/max)=1.809/5.251/14.392 record=0.014/0.023/0.066 ms
[depth_angular_controller-1] [INFO] [1791303447.531466626] [depth_angular_controller]: EVIDENCE_PHASE per_view_mean_ms balls=0.055 tubes=0.013 history=0.359 eviction=0.001
[position_cmd_to_twist-2] [INFO] [1791303448.130353101] [position_cmd_to_twist]: [PERF BRIDGE] run=final_v17_sweep_ego1p3_2 elapsed=34.26s received=1194 published=1194 fps(ros/wall)=59.95/57.81 controller_to_bridge_ms(mean/p50/p95/max)=0.000/0.000/0.000/0.000 bridge_process_ms(mean/p95/max)=0.089/0.111/0.451
[NAV] t=20.0s position=(-64.48,-2.32,2.87) yaw=0.0deg command=(-0.80,-0.06,0.00) manual_active=1 collision_blocks=0
[depth_angular_controller-1] [INFO] [1791303448.209910975] [depth_angular_controller]: OMNI_DEPTH views=4 azimuth_bins=180 elevation_bins=37 valid=1 certificates=1 short=0 held=0 local_candidates=0 yaw=-170.00
[depth_angular_controller-1] [INFO] [1791303448.210055447] [depth_angular_controller]: PAPER_BUILD reason=FULL_MOTION_CERTIFICATE required=0.0000 best=0.0000 free=0 refined=0 tubes=31 revoked_tubes=0 proofs=128
[depth_angular_controller-1] [INFO] [1791303448.210064413] [depth_angular_controller]: PAPER_EVIDENCE retained=16 balls=32 revoked_balls=0 expired_views=0 evicted_views=61 radius=0.580 clearance=0.000 best_prefix=0.000
[depth_angular_controller-1] [INFO] [1791303449.240219056] [depth_angular_controller]: OMNI_DEPTH views=4 azimuth_bins=180 elevation_bins=37 valid=1 certificates=1 short=0 held=0 local_candidates=0 yaw=-160.00
[depth_angular_controller-1] [INFO] [1791303449.240377043] [depth_angular_controller]: PAPER_BUILD reason=FULL_MOTION_CERTIFICATE required=0.0000 best=0.0000 free=0 refined=0 tubes=33 revoked_tubes=0 proofs=128
[depth_angular_controller-1] [INFO] [1791303449.240385850] [depth_angular_controller]: PAPER_EVIDENCE retained=16 balls=32 revoked_balls=0 expired_views=0 evicted_views=65 radius=0.580 clearance=0.000 best_prefix=0.000
[depth_angular_controller-1] [INFO] [1791303450.321900424] [depth_angular_controller]: OMNI_DEPTH views=4 azimuth_bins=180 elevation_bins=37 valid=1 certificates=1 short=0 held=0 local_candidates=0 yaw=-150.00
[depth_angular_controller-1] [INFO] [1791303450.322062558] [depth_angular_controller]: PAPER_BUILD reason=FULL_MOTION_CERTIFICATE required=0.0000 best=0.0000 free=0 refined=0 tubes=35 revoked_tubes=0 proofs=128
[depth_angular_controller-1] [INFO] [1791303450.322069762] [depth_angular_controller]: PAPER_EVIDENCE retained=16 balls=32 revoked_balls=0 expired_views=0 evicted_views=69 radius=0.580 clearance=0.000 best_prefix=0.000
[depth_angular_controller-1] [INFO] [1791303451.344392756] [depth_angular_controller]: OMNI_DEPTH views=4 azimuth_bins=180 elevation_bins=37 valid=1 certificates=1 short=0 held=0 local_candidates=0 yaw=-166.00
[depth_angular_controller-1] [INFO] [1791303451.344661161] [depth_angular_controller]: PAPER_BUILD reason=FULL_MOTION_CERTIFICATE required=0.0000 best=0.0000 free=0 refined=0 tubes=37 revoked_tubes=0 proofs=128
[depth_angular_controller-1] [INFO] [1791303451.344669026] [depth_angular_controller]: PAPER_EVIDENCE retained=16 balls=32 revoked_balls=0 expired_views=0 evicted_views=73 radius=0.580 clearance=0.000 best_prefix=0.000
[depth_angular_controller-1] [INFO] [1791303452.362720483] [depth_angular_controller]: OMNI_DEPTH views=4 azimuth_bins=180 elevation_bins=37 valid=1 certificates=1 short=0 held=1 local_candidates=0 yaw=-162.00
[depth_angular_controller-1] [INFO] [1791303452.362865134] [depth_angular_controller]: PAPER_BUILD reason=FULL_MOTION_CERTIFICATE required=0.0000 best=0.0000 free=0 refined=0 tubes=38 revoked_tubes=0 proofs=128
[depth_angular_controller-1] [INFO] [1791303452.362872518] [depth_angular_controller]: PAPER_EVIDENCE retained=16 balls=32 revoked_balls=0 expired_views=0 evicted_views=77 radius=0.580 clearance=0.000 best_prefix=0.000
[depth_angular_controller-1] [INFO] [1791303452.603142922] [depth_angular_controller]: [PERF CTRL] run=final_v17_sweep_ego1p3_2 elapsed=38.84s callbacks=1452 commands=1451 guidance=1391 command_fps(ros/wall)=59.96/57.71 guidance_wall_fps=57.59 avoid_ms(mean/p50/p95/max)=0.266/0.222/0.500/4.111 cycle_ms(mean/p95/max)=17.328/21.933/83.157 depth_to_cmd_ms(mean/p95/max)=40.786/66.667/100.000 callback_to_publish_ms(mean/p95/max)=2.211/5.799/14.436
[depth_angular_controller-1] [INFO] [1791303452.603289437] [depth_angular_controller]: EVIDENCE_COST ingest(mean/p95/max)=1.862/5.503/14.392 record=0.014/0.020/0.232 ms
[depth_angular_controller-1] [INFO] [1791303452.603296109] [depth_angular_controller]: EVIDENCE_PHASE per_view_mean_ms balls=0.055 tubes=0.014 history=0.372 eviction=0.001
[position_cmd_to_twist-2] [INFO] [1791303453.361683547] [position_cmd_to_twist]: [PERF BRIDGE] run=final_v17_sweep_ego1p3_2 elapsed=39.49s received=1494 published=1494 fps(ros/wall)=59.96/57.71 controller_to_bridge_ms(mean/p50/p95/max)=0.000/0.000/0.000/0.000 bridge_process_ms(mean/p95/max)=0.089/0.111/0.627
[NAV] t=25.0s position=(-68.25,-3.50,2.62) yaw=0.0deg command=(-0.74,-0.29,-0.07) manual_active=1 collision_blocks=0
[depth_angular_controller-1] [INFO] [1791303453.442800360] [depth_angular_controller]: OMNI_DEPTH views=4 azimuth_bins=180 elevation_bins=37 valid=1 certificates=1 short=0 held=0 local_candidates=0 yaw=-156.00
[depth_angular_controller-1] [INFO] [1791303453.443383697] [depth_angular_controller]: PAPER_BUILD reason=FULL_MOTION_CERTIFICATE required=0.0000 best=0.0000 free=0 refined=0 tubes=40 revoked_tubes=0 proofs=128
[depth_angular_controller-1] [INFO] [1791303453.443403845] [depth_angular_controller]: PAPER_EVIDENCE retained=16 balls=32 revoked_balls=0 expired_views=0 evicted_views=81 radius=0.580 clearance=0.000 best_prefix=0.000
[depth_angular_controller-1] [INFO] [1791303454.526149642] [depth_angular_controller]: OMNI_DEPTH views=4 azimuth_bins=180 elevation_bins=37 valid=1 certificates=1 short=0 held=1 local_candidates=0 yaw=-117.48
[depth_angular_controller-1] [INFO] [1791303454.526300837] [depth_angular_controller]: PAPER_BUILD reason=FULL_MOTION_CERTIFICATE required=0.0000 best=0.0000 free=0 refined=0 tubes=42 revoked_tubes=0 proofs=128
[depth_angular_controller-1] [INFO] [1791303454.526309503] [depth_angular_controller]: PAPER_EVIDENCE retained=16 balls=32 revoked_balls=0 expired_views=0 evicted_views=85 radius=0.580 clearance=0.000 best_prefix=0.000
[depth_angular_controller-1] [INFO] [1791303455.546772161] [depth_angular_controller]: OMNI_DEPTH views=4 azimuth_bins=180 elevation_bins=37 valid=1 certificates=1 short=0 held=0 local_candidates=0 yaw=-100.00
[depth_angular_controller-1] [INFO] [1791303455.546924197] [depth_angular_controller]: PAPER_BUILD reason=FULL_MOTION_CERTIFICATE required=0.0000 best=0.0000 free=0 refined=0 tubes=45 revoked_tubes=0 proofs=128
[depth_angular_controller-1] [INFO] [1791303455.546932062] [depth_angular_controller]: PAPER_EVIDENCE retained=16 balls=32 revoked_balls=0 expired_views=0 evicted_views=89 radius=0.580 clearance=0.000 best_prefix=0.000
[depth_angular_controller-1] [INFO] [1791303456.640673023] [depth_angular_controller]: OMNI_DEPTH views=4 azimuth_bins=180 elevation_bins=37 valid=1 certificates=1 short=0 held=1 local_candidates=0 yaw=-70.00
[depth_angular_controller-1] [INFO] [1791303456.640825820] [depth_angular_controller]: PAPER_BUILD reason=FULL_MOTION_CERTIFICATE required=0.0000 best=0.0000 free=0 refined=0 tubes=47 revoked_tubes=0 proofs=128
[depth_angular_controller-1] [INFO] [1791303456.640831491] [depth_angular_controller]: PAPER_EVIDENCE retained=16 balls=32 revoked_balls=0 expired_views=0 evicted_views=93 radius=0.580 clearance=0.000 best_prefix=0.000
[depth_angular_controller-1] [INFO] [1791303457.603479638] [depth_angular_controller]: [PERF CTRL] run=final_v17_sweep_ego1p3_2 elapsed=43.84s callbacks=1737 commands=1736 guidance=1676 command_fps(ros/wall)=59.97/57.59 guidance_wall_fps=57.49 avoid_ms(mean/p50/p95/max)=0.313/0.223/0.835/6.619 cycle_ms(mean/p95/max)=17.364/22.246/83.304 depth_to_cmd_ms(mean/p95/max)=40.145/66.667/100.000 callback_to_publish_ms(mean/p95/max)=2.322/6.092/14.436
[depth_angular_controller-1] [INFO] [1791303457.603630601] [depth_angular_controller]: EVIDENCE_COST ingest(mean/p95/max)=1.912/5.724/14.392 record=0.028/0.037/0.980 ms
[depth_angular_controller-1] [INFO] [1791303457.603635901] [depth_angular_controller]: EVIDENCE_PHASE per_view_mean_ms balls=0.054 tubes=0.016 history=0.383 eviction=0.001
[depth_angular_controller-1] [INFO] [1791303457.664829223] [depth_angular_controller]: OMNI_DEPTH views=4 azimuth_bins=180 elevation_bins=37 valid=1 certificates=1 short=0 held=0 local_candidates=0 yaw=-80.00
[depth_angular_controller-1] [INFO] [1791303457.664969767] [depth_angular_controller]: PAPER_BUILD reason=FULL_MOTION_CERTIFICATE required=0.0000 best=0.0000 free=0 refined=0 tubes=49 revoked_tubes=0 proofs=128
[depth_angular_controller-1] [INFO] [1791303457.664977642] [depth_angular_controller]: PAPER_EVIDENCE retained=16 balls=32 revoked_balls=0 expired_views=0 evicted_views=97 radius=0.580 clearance=0.000 best_prefix=0.000
[position_cmd_to_twist-2] [INFO] [1791303458.540195930] [position_cmd_to_twist]: [PERF BRIDGE] run=final_v17_sweep_ego1p3_2 elapsed=44.67s received=1794 published=1794 fps(ros/wall)=59.97/57.75 controller_to_bridge_ms(mean/p50/p95/max)=0.000/0.000/0.000/0.000 bridge_process_ms(mean/p95/max)=0.088/0.110/0.627
[NAV] t=30.0s position=(-69.05,-6.84,2.32) yaw=0.0deg command=(0.21,-0.77,0.00) manual_active=1 collision_blocks=0
[depth_angular_controller-1] [INFO] [1791303458.617340289] [depth_angular_controller]: OMNI_DEPTH views=4 azimuth_bins=180 elevation_bins=37 valid=1 certificates=1 short=0 held=1 local_candidates=0 yaw=-62.00
[depth_angular_controller-1] [INFO] [1791303458.617482055] [depth_angular_controller]: PAPER_BUILD reason=FULL_MOTION_CERTIFICATE required=0.0000 best=0.0000 free=0 refined=0 tubes=51 revoked_tubes=0 proofs=128
[depth_angular_controller-1] [INFO] [1791303458.617489670] [depth_angular_controller]: PAPER_EVIDENCE retained=16 balls=32 revoked_balls=0 expired_views=0 evicted_views=101 radius=0.580 clearance=0.000 best_prefix=0.000
[depth_angular_controller-1] [INFO] [1791303459.696052927] [depth_angular_controller]: OMNI_DEPTH views=4 azimuth_bins=180 elevation_bins=37 valid=1 certificates=1 short=0 held=0 local_candidates=0 yaw=-60.00
[depth_angular_controller-1] [INFO] [1791303459.696206656] [depth_angular_controller]: PAPER_BUILD reason=FULL_MOTION_CERTIFICATE required=0.0000 best=0.0000 free=0 refined=0 tubes=53 revoked_tubes=0 proofs=128
[depth_angular_controller-1] [INFO] [1791303459.696214551] [depth_angular_controller]: PAPER_EVIDENCE retained=16 balls=32 revoked_balls=0 expired_views=0 evicted_views=105 radius=0.580 clearance=0.000 best_prefix=0.000
[depth_angular_controller-1] [INFO] [1791303460.717308636] [depth_angular_controller]: OMNI_DEPTH views=4 azimuth_bins=180 elevation_bins=37 valid=1 certificates=1 short=0 held=0 local_candidates=0 yaw=-50.00
[depth_angular_controller-1] [INFO] [1791303460.717466773] [depth_angular_controller]: PAPER_BUILD reason=FULL_MOTION_CERTIFICATE required=0.0000 best=0.0000 free=0 refined=0 tubes=55 revoked_tubes=0 proofs=128
[depth_angular_controller-1] [INFO] [1791303460.717473776] [depth_angular_controller]: PAPER_EVIDENCE retained=16 balls=32 revoked_balls=0 expired_views=0 evicted_views=109 radius=0.580 clearance=0.000 best_prefix=0.000
[depth_angular_controller-1] [INFO] [1791303461.736763500] [depth_angular_controller]: OMNI_DEPTH views=4 azimuth_bins=180 elevation_bins=37 valid=1 certificates=1 short=0 held=0 local_candidates=0 yaw=-40.00
[depth_angular_controller-1] [INFO] [1791303461.736921688] [depth_angular_controller]: PAPER_BUILD reason=FULL_MOTION_CERTIFICATE required=0.0000 best=0.0000 free=0 refined=0 tubes=56 revoked_tubes=0 proofs=128
[depth_angular_controller-1] [INFO] [1791303461.736933550] [depth_angular_controller]: PAPER_EVIDENCE retained=16 balls=32 revoked_balls=0 expired_views=0 evicted_views=113 radius=0.580 clearance=0.000 best_prefix=0.000
[depth_angular_controller-1] [INFO] [1791303462.607686026] [depth_angular_controller]: [PERF CTRL] run=final_v17_sweep_ego1p3_2 elapsed=48.85s callbacks=2034 commands=2033 guidance=1973 command_fps(ros/wall)=59.94/57.84 guidance_wall_fps=57.76 avoid_ms(mean/p50/p95/max)=0.308/0.224/0.796/6.619 cycle_ms(mean/p95/max)=17.289/22.719/83.304 depth_to_cmd_ms(mean/p95/max)=39.525/66.667/100.000 callback_to_publish_ms(mean/p95/max)=2.373/6.402/14.436
[depth_angular_controller-1] [INFO] [1791303462.607879189] [depth_angular_controller]: EVIDENCE_COST ingest(mean/p95/max)=1.968/5.965/14.392 record=0.026/0.029/0.980 ms
[depth_angular_controller-1] [INFO] [1791303462.607885962] [depth_angular_controller]: EVIDENCE_PHASE per_view_mean_ms balls=0.055 tubes=0.022 history=0.390 eviction=0.001
[depth_angular_controller-1] [INFO] [1791303462.701756554] [depth_angular_controller]: OMNI_DEPTH views=4 azimuth_bins=180 elevation_bins=37 valid=1 certificates=1 short=0 held=0 local_candidates=0 yaw=-30.00
[depth_angular_controller-1] [INFO] [1791303462.701903500] [depth_angular_controller]: PAPER_BUILD reason=FULL_MOTION_CERTIFICATE required=0.0000 best=0.0000 free=0 refined=0 tubes=58 revoked_tubes=0 proofs=128
[depth_angular_controller-1] [INFO] [1791303462.701910864] [depth_angular_controller]: PAPER_EVIDENCE retained=16 balls=32 revoked_balls=0 expired_views=0 evicted_views=117 radius=0.580 clearance=0.000 best_prefix=0.000
[position_cmd_to_twist-2] [INFO] [1791303463.572767215] [position_cmd_to_twist]: [PERF BRIDGE] run=final_v17_sweep_ego1p3_2 elapsed=49.71s received=2093 published=2093 fps(ros/wall)=59.94/57.98 controller_to_bridge_ms(mean/p50/p95/max)=0.000/0.000/0.000/0.000 bridge_process_ms(mean/p95/max)=0.088/0.109/0.627
[NAV] t=35.0s position=(-66.52,-9.78,2.41) yaw=0.0deg command=(0.72,-0.34,0.00) manual_active=1 collision_blocks=0
[depth_angular_controller-1] [INFO] [1791303463.651650151] [depth_angular_controller]: OMNI_DEPTH views=4 azimuth_bins=180 elevation_bins=37 valid=1 certificates=1 short=0 held=0 local_candidates=0 yaw=-20.00
[depth_angular_controller-1] [INFO] [1791303463.651788952] [depth_angular_controller]: PAPER_BUILD reason=FULL_MOTION_CERTIFICATE required=0.0000 best=0.0000 free=0 refined=0 tubes=60 revoked_tubes=0 proofs=128
[depth_angular_controller-1] [INFO] [1791303463.651795334] [depth_angular_controller]: PAPER_EVIDENCE retained=16 balls=32 revoked_balls=0 expired_views=0 evicted_views=121 radius=0.580 clearance=0.000 best_prefix=0.000
[depth_angular_controller-1] [INFO] [1791303464.668862932] [depth_angular_controller]: OMNI_DEPTH views=4 azimuth_bins=180 elevation_bins=37 valid=1 certificates=1 short=0 held=0 local_candidates=0 yaw=-10.00
[depth_angular_controller-1] [INFO] [1791303464.668975083] [depth_angular_controller]: PAPER_BUILD reason=FULL_MOTION_CERTIFICATE required=0.0000 best=0.0000 free=0 refined=0 tubes=61 revoked_tubes=0 proofs=128
[depth_angular_controller-1] [INFO] [1791303464.668984400] [depth_angular_controller]: PAPER_EVIDENCE retained=16 balls=32 revoked_balls=0 expired_views=0 evicted_views=125 radius=0.580 clearance=0.000 best_prefix=0.000
[depth_angular_controller-1] [INFO] [1791303465.688939625] [depth_angular_controller]: OMNI_DEPTH views=4 azimuth_bins=180 elevation_bins=37 valid=1 certificates=1 short=0 held=0 local_candidates=0 yaw=-0.00
[depth_angular_controller-1] [INFO] [1791303465.689267191] [depth_angular_controller]: PAPER_BUILD reason=FULL_MOTION_CERTIFICATE required=0.0000 best=0.0000 free=0 refined=0 tubes=63 revoked_tubes=0 proofs=128
[depth_angular_controller-1] [INFO] [1791303465.689291115] [depth_angular_controller]: PAPER_EVIDENCE retained=16 balls=32 revoked_balls=0 expired_views=0 evicted_views=129 radius=0.580 clearance=0.000 best_prefix=0.000
[depth_angular_controller-1] [INFO] [1791303466.713268970] [depth_angular_controller]: ZERO_INTENT
[depth_angular_controller-1] [INFO] [1791303467.614423080] [depth_angular_controller]: [PERF CTRL] run=final_v17_sweep_ego1p3_2 elapsed=53.85s callbacks=2338 commands=2337 guidance=2218 command_fps(ros/wall)=59.95/58.20 guidance_wall_fps=57.99 avoid_ms(mean/p50/p95/max)=0.297/0.223/0.735/6.619 cycle_ms(mean/p95/max)=17.182/23.003/83.852 depth_to_cmd_ms(mean/p95/max)=39.157/66.667/100.000 callback_to_publish_ms(mean/p95/max)=2.377/6.739/14.436
[depth_angular_controller-1] [INFO] [1791303467.614615993] [depth_angular_controller]: EVIDENCE_COST ingest(mean/p95/max)=1.990/6.326/14.392 record=0.025/0.024/0.980 ms
[depth_angular_controller-1] [INFO] [1791303467.614621443] [depth_angular_controller]: EVIDENCE_PHASE per_view_mean_ms balls=0.056 tubes=0.024 history=0.393 eviction=0.001
[position_cmd_to_twist-2] [INFO] [1791303468.545610112] [position_cmd_to_twist]: [PERF BRIDGE] run=final_v17_sweep_ego1p3_2 elapsed=54.68s received=2393 published=2393 fps(ros/wall)=59.95/58.26 controller_to_bridge_ms(mean/p50/p95/max)=0.000/0.000/0.000/0.000 bridge_process_ms(mean/p95/max)=0.088/0.110/1.136
[NAV] t=40.0s position=(-63.94,-10.22,2.41) yaw=0.0deg command=(0.00,0.00,0.00) manual_active=0 collision_blocks=0
[MANUAL RESULT] TIMEOUT position=(-63.940,-10.223,2.411)
[PERF ISAAC FINAL] run=final_v17_sweep_ego1p3_2 result=MANUAL_TIMEOUT wall=41.53s sim_frames=2403 fps(sim/wall)=60.05/57.86 command_changes=1840 collision_blocks=0 frame_interval_ms(mean/p50/p95/max)=17.144/15.747/17.920/78.221
[54.500s] Simulation App Shutting Down
[depth_angular_controller-1] [INFO] [1791303469.295939415] [rclcpp]: signal_handler(SIGINT/SIGTERM)
[position_cmd_to_twist-2] [INFO] [1791303469.296596360] [position_cmd_to_twist]: [PERF BRIDGE FINAL] run=final_v17_sweep_ego1p3_2 elapsed=55.43s received=2399 published=2399 fps(ros/wall)=59.95/58.29 controller_to_bridge_ms(mean/p50/p95/max)=0.000/0.000/0.000/0.000 bridge_process_ms(mean/p95/max)=0.088/0.110/1.136
[position_cmd_to_twist-2] Failed to publish log message to rosout: publisher's context is invalid, at ./src/rcl/publisher.c:389
[depth_angular_controller-1] [INFO] [1791303469.296763223] [depth_angular_controller]: [PERF CTRL FINAL] run=final_v17_sweep_ego1p3_2 elapsed=55.53s callbacks=2400 commands=2399 guidance=2218 command_fps(ros/wall)=59.95/58.29 guidance_wall_fps=57.99 avoid_ms(mean/p50/p95/max)=0.297/0.223/0.735/6.619 cycle_ms(mean/p95/max)=17.157/22.975/83.852 depth_to_cmd_ms(mean/p95/max)=39.157/66.667/100.000 callback_to_publish_ms(mean/p95/max)=2.365/6.710/14.436
[depth_angular_controller-1] [INFO] [1791303469.296921281] [depth_angular_controller]: EVIDENCE_COST ingest(mean/p95/max)=1.986/6.297/14.392 record=0.024/0.023/0.980 ms
[depth_angular_controller-1] [INFO] [1791303469.296923956] [depth_angular_controller]: EVIDENCE_PHASE per_view_mean_ms balls=0.056 tubes=0.024 history=0.392 eviction=0.001
[INFO] [depth_angular_controller-1]: process has finished cleanly [pid 163586]
[INFO] [position_cmd_to_twist-2]: process has finished cleanly [pid 163588]
