[PERF] run=final_v17_sweep_ego1p3_3 log=/home/starry/isaac-data/EGO1P3/performance/omni_20261006/final_v17_sweep_ego1p3_3_performance.md
[INPUT] mode=trace scene_mode=cloud
[LOCK] Waiting for shared Isaac navigation slot
[INFO] [launch]: All log files can be found below /tmp/fov_gvf_ego1p3_isaac_ros_log/2026-10-07-00-19-42-619163-starry-System-Product-Name-165032
[INFO] [launch]: Default logging verbosity is set to INFO
[INFO] [depth_angular_controller-1]: process started with pid [165034]
[INFO] [position_cmd_to_twist-2]: process started with pid [165036]
[depth_angular_controller-1] [INFO] [1791303582.651885219] [depth_angular_controller]: PROCESSING_RATES control=60.0 Hz depth_limit=10.0 Hz (0=unlimited)
[depth_angular_controller-1] [INFO] [1791303582.654112785] [depth_angular_controller]: C++ controller commands publish on /position_cmd; horizontal views=4
[ROS CHECK] ROS_DOMAIN_ID=42 /position_cmd publishers=1
Type: pc_gvf_msgs/msg/PositionCommand
Publisher count: 1
Subscription count: 1
/depth_angular_controller
/position_cmd_to_twist
WARNING: All log messages before absl::InitializeLog() is called are written to STDERR
E0000 00:00:1791303583.626534  165081 descriptor_database.cc:633] File already exists in database: grpc/health/v1/health.proto
W0000 00:00:1791303583.626557  165081 message.cc:301] Protobuf GeneratedMessageFactory: File is already registered: grpc/health/v1/health.proto
2026-10-06T16:19:43Z [Info] [carb] Logging to file: /home/starry/isaac-data/isaacsim/kit/logs/Kit/Isaac-Sim Python/6.0/kit_20261007_001943.log
[0.046s] [ext: omni.assets.plugins-0.0.0] startup
[0.047s] [ext: omni.blobkey-1.1.2] startup
[0.047s] [ext: omni.kit.async_engine-0.0.3] startup
[0.324s] [ext: omni.client.lib-1.1.1] startup
[0.333s] [ext: omni.client-1.3.0] startup
[0.335s] [ext: omni.protobuf.lib-1.0.0] startup
[0.335s] [ext: omni.grpc.lib-1.0.0] startup
[0.339s] [ext: omni.metrics.core-0.0.3] startup
[0.339s] [ext: omni.datastore-0.0.0] startup
[0.339s] [ext: omni.gpu_foundation.shadercache.vulkan-1.0.0] startup
[0.341s] [ext: omni.hsscclient-1.1.4] startup
[0.341s] [ext: omni.stats-1.0.1] startup
[0.342s] [ext: omni.ujitso.default-1.0.0] startup
[0.345s] [ext: omni.gpu_foundation-0.0.0] startup
[0.483s] [ext: carb.windowing.plugins-1.0.1] startup
[0.483s] [ext: omni.kit.renderer.init-1.0.1] startup
2026-10-06T16:19:43Z [682ms] [Warning] [omni.rtx] Skipping unsupported non-NVIDIA GPU: AMD Unknown (RADV RAPHAEL_MENDOCINO)
2026-10-06T16:19:43Z [682ms] [Warning] [omni.rtx] Skipping unsupported non-NVIDIA GPU: AMD Unknown (RADV RAPHAEL_MENDOCINO)

|---------------------------------------------------------------------------------------------|
| Driver Version: 580.178.04    | Graphics API: Vulkan
|=============================================================================================|
| GPU | Name                             | Active | LDA | GPU Memory | Vendor-ID | LUID       |
|     |                                  |        |     |            | Device-ID | UUID       |
|     |                                  |        |     |            | Bus-ID    |            |
|---------------------------------------------------------------------------------------------|
| 0   | NVIDIA GeForce RTX 5070          | Yes: 0 |     | 12227   MB | 10de      | 0          |
|     |                                  |        |     |            | 2f04      | 348d89fe.. |
|     |                                  |        |     |            | 1         |            |
|---------------------------------------------------------------------------------------------|
| 1   | AMD Unknown (RADV RAPHAEL_MEND.. |        |     | 10755   MB | 1002      | 0          |
|     |                                  |        |     |            | 13c0      | 00000000.. |
|     |                                  |        |     |            | c         |            |
|=============================================================================================|
| OS: 22.04.5 LTS (Jammy Jellyfish) ubuntu, Version: 22.04.5, Kernel: 6.8.0-138-generic
| XServer Vendor: The X.Org Foundation, XServer Version: 12101004 (1.21.1.4)
| Processor: AMD Ryzen 5 9600X 6-Core Processor
| Cores: 6 | Logical Cores: 12
|---------------------------------------------------------------------------------------------|
| Total Memory (MB): 31241 | Free Memory: 22731
| Total Page/Swap (MB): 15624 | Free Page/Swap: 15624
|---------------------------------------------------------------------------------------------|
2026-10-06T16:19:44Z [892ms] [Warning] [omni.rtx] CPU performance profile is set to powersave. This profile sets the CPU to the lowest frequency reducing performance.
2026-10-06T16:19:44Z [900ms] [Warning] [omni.rtx] IOMMU is enabled.
[1.004s] [ext: omni.kit.pipapi-0.0.0] startup
[1.005s] [ext: omni.kit.pip_archive-0.0.0] startup
[1.005s] [ext: isaacsim.pip.newton-0.6.1] startup
[1.006s] [ext: omni.pip.compute-1.9.2] startup
[1.006s] [ext: omni.isaac.core_archive-5.3.1] startup
[1.006s] [ext: omni.kit.telemetry-0.5.2] startup
[1.025s] [ext: omni.kit.loop-isaac-1.6.0] startup
[1.026s] [ext: omni.kit.test-2.0.7] startup
[1.075s] [ext: omni.materialx.libs-1.0.9] startup
[1.081s] [ext: omni.gpucompute.plugins-0.0.0] startup
[1.082s] [ext: omni.usd.config-1.0.7] startup
[1.085s] [ext: omni.usd.libs-1.0.3] startup
[1.140s] [ext: omni.iray.libs-0.0.1] startup
[1.143s] [ext: omni.mdl-57.0.3] startup
[1.203s] [ext: omni.mdl.neuraylib-0.2.20] startup
[1.205s] [ext: omni.kit.usd.mdl-1.1.9] startup
[1.288s] [ext: omni.appwindow-1.2.2] startup
[1.290s] [ext: omni.kit.renderer.core-1.2.2] startup
2026-10-06T16:19:49Z [6,490ms] [Warning] [carb.windowing-glfw.gamepad] Joystick with unknown remapping detected (will be ignored):  BEITONG BEITONG A2P3A BFM DONGLE [03000000bc2000001c51000011010000]
[6.523s] [ext: omni.kit.renderer.capture-2.0.1] startup
[6.524s] [ext: omni.kit.renderer.imgui-2.0.6] startup
[6.561s] [ext: omni.ui-3.2.0] startup
[6.568s] [ext: omni.kit.mainwindow-1.0.3] startup
[6.569s] [ext: carb.audio-0.1.0] startup
[6.571s] [ext: omni.uiaudio-1.0.0] startup
[6.571s] [ext: omni.kit.uiapp-0.0.0] startup
[6.571s] [ext: omni.usd.schema.metrics.assembler-110.1.0] startup
[6.574s] [ext: omni.usd.schema.audio-0.0.1] startup
[6.576s] [ext: omni.usd_resolver-1.0.0] startup
[6.578s] [ext: omni.usd.core-1.8.3] startup
[6.581s] [ext: omni.metropolis.schema-0.0.3] startup
[6.581s] [ext: isaacsim.anim.robot.schema-0.1.1] startup
[6.582s] [ext: omni.usd.schema.anim-0.0.1] startup
[6.594s] [ext: omni.usd.schema.geospatial-0.0.1] startup
[6.596s] [ext: omni.usd.schema.omnigraph-1.0.1] startup
[6.600s] [ext: omni.usd.schema.semantics-0.0.0] startup
[6.602s] [ext: omni.activity.core-1.0.3] startup
[6.603s] [ext: omni.cubric-0.1.0] startup
[6.603s] [ext: omni.graph.exec-0.9.6] startup
[6.603s] [ext: omni.hydra.scene_delegate-0.3.5] startup
[6.605s] [ext: usdrt.scenegraph-7.6.3] startup
[6.624s] [ext: omni.hydra.usdrt_delegate-7.5.2] startup
[6.628s] [ext: omni.inspect-1.0.2] startup
[6.629s] [ext: omni.kit.actions.core-1.0.0] startup
[6.630s] [ext: omni.kit.audiodeviceenum-1.0.2] startup
[6.631s] [ext: omni.kit.commands-1.5.0] startup
[6.633s] [ext: omni.kit.exec.core-0.13.5] startup
[6.634s] [ext: omni.kit.usd_undo-0.1.8] startup
[6.634s] [ext: omni.kit.window.popup_dialog-2.0.25] startup
[6.637s] [ext: omni.kit.widget.nucleus_connector-2.3.1] startup
[6.639s] [ext: omni.timeline-1.1.0] startup
[6.640s] [ext: omni.usd-1.16.0] startup
[6.667s] [ext: omni.graph.core-3.1.2] startup
[6.669s] [ext: omni.kit.notification_manager-1.0.11] startup
[6.670s] [ext: isaacsim.core.deprecation_manager-0.4.2] startup
[6.671s] [ext: isaacsim.replicator.agent.schema-0.1.1] startup
[6.672s] [ext: isaacsim.robot.schema-6.3.7] startup
[6.675s] [ext: isaacsim.robot_motion.schema-0.2.1] startup
[6.676s] [ext: omni.anim.behavior.schema-110.1.0] startup
[6.679s] [ext: omni.anim.graph.schema-110.1.1] startup
[6.683s] [ext: omni.anim.navigation.schema-110.1.0] startup
[6.686s] [ext: omni.behavior.tree.schema-110.1.0] startup
[6.686s] [ext: omni.isaac.ml_archive-3.3.0] startup
[6.687s] [ext: omni.kit.asset_converter-6.0.1] startup
[6.695s] [ext: omni.pip.cloud-1.5.4] startup
[6.697s] [ext: omni.usd.schema.flow-110.0.0] startup
[6.697s] [ext: omni.usd.schema.mujoco-1.1.1] startup
[6.698s] [ext: omni.usd.schema.newton-1.2.1] startup
[6.699s] [ext: omni.usd.schema.omni_lens_distortion-1.0.0] startup
[6.699s] [ext: omni.usd.schema.omni_projectors-1.0.0] startup
[6.699s] [ext: omni.usd.schema.omni_sensors-0.0.0] startup
[6.706s] [ext: omni.usd.schema.omniscripting-1.0.1] startup
[6.708s] [ext: omni.usd.schema.physical_lighting-0.1.0] startup
[6.711s] [ext: omni.usd.schema.physx-110.1.13] startup
[6.735s] [ext: omni.usd.schema.render_settings.rtx-1.0.2] startup
[6.737s] [ext: omni.usd.schema.usd_particle_field-1.0.0] startup
[6.738s] [ext: isaacsim.core.version-2.1.1] startup
[6.738s] [ext: omni.kit.menu.core-1.2.0] startup
[6.739s] [ext: omni.kit.menu.utils-2.2.4] startup
[6.744s] [ext: isaacsim.app.about-2.3.1] startup
[6.748s] [ext: isaacsim.asset.transformer-1.2.5] startup
[6.750s] [ext: omni.scene.optimizer.core-110.1.0] startup
[6.781s] [ext: isaacsim.asset.importer.utils-1.8.1] startup
[6.782s] [ext: omni.convexdecomposition-110.1.13] startup
[6.784s] [ext: omni.physics-110.1.13] startup
[6.786s] [ext: omni.physx.gpu-110.1.13] startup
[6.786s] [ext: omni.physx.foundation-110.1.13] startup
[6.787s] [ext: omni.usdphysics-110.1.13] startup
[6.788s] [ext: omni.physx.cooking-110.1.13] startup
[6.790s] [ext: omni.physx-110.1.13] startup
[6.797s] [ext: omni.physics.physx-110.1.13] startup
[6.798s] [ext: isaacsim.asset.exporter.urdf-2.0.5] startup
[6.805s] [ext: omni.kit.clipboard-1.1.1] startup
[6.805s] [ext: omni.kit.usd.layers-2.6.1] startup
[6.810s] [ext: omni.kit.widget.context_menu-1.4.0] startup
[6.811s] [ext: omni.kit.context_menu-1.9.0] startup
[6.812s] [ext: omni.kit.helper.file_utils-0.1.10] startup
[6.813s] [ext: omni.kit.widget.nucleus_info-2.0.2] startup
[6.814s] [ext: omni.kit.search_core-1.0.8] startup
[6.814s] [ext: omni.kit.widget.path_field-2.0.13] startup
[6.815s] [ext: omni.kit.widget.browser_bar-2.0.10] startup
[6.815s] [ext: omni.kit.widget.filebrowser-2.13.4] startup
[6.819s] [ext: omni.kit.widget.options_menu-1.1.6] startup
[6.821s] [ext: omni.kit.widget.options_button-1.0.3] startup
[6.821s] [ext: omni.kit.widget.search_delegate-1.0.9] startup
[6.822s] [ext: omni.ui.scene-2.0.3] startup
[6.825s] [ext: omni.kit.window.filepicker-2.15.5] startup
[6.835s] [ext: omni.kit.window.file_importer-1.1.21] startup
[6.836s] [ext: omni.kit.material.library-3.1.2] startup
[6.840s] [ext: isaacsim.asset.transformer.rules-1.7.10] startup
[6.848s] [ext: omni.usdex.libs-2.2.2] startup
[6.854s] [ext: isaacsim.asset.importer.mjcf-3.10.1] startup
[6.855s] [ext: isaacsim.asset.importer.urdf-3.11.2] startup
[6.858s] [ext: omni.kit.primitive.mesh-1.1.0] startup
[6.860s] [ext: omni.kit.stage_template.core-1.1.22] startup
[6.861s] [ext: omni.kit.stage_templates-2.0.2] startup
[6.862s] [ext: omni.usd.metrics.assembler-110.1.2] startup
[6.864s] [ext: omni.warp.core-1.13.0] startup
[7.049s] [ext: isaacsim.core.experimental.utils-0.17.2] startup
[7.050s] [ext: omni.physics.stageupdate-110.1.13] startup
[7.051s] [ext: omni.physics.tensors-110.1.13] startup
[7.055s] [ext: omni.physx.tensors-110.1.13] startup
[7.058s] [ext: isaacsim.core.simulation_manager-1.15.6] startup
[7.068s] [ext: isaacsim.storage.native-1.9.3] startup
[7.069s] [ext: omni.usd.metrics.assembler.physics-110.1.13] startup
[7.070s] [ext: isaacsim.core.utils-4.1.7] startup
[7.071s] [ext: isaacsim.core.prims-0.11.7] startup
[7.949s] [ext: isaacsim.core.api-5.2.13] startup
[7.955s] [ext: isaacsim.core.cloner-1.7.3] startup
[7.956s] [ext: isaacsim.test.docstring-1.3.2] startup
[7.958s] [ext: isaacsim.core.experimental.prims-1.8.9] startup
[7.976s] [ext: isaacsim.core.experimental.primdata-0.3.2] startup
[7.978s] [ext: omni.graph.tools-1.81.0] startup
[7.996s] [ext: omni.graph-1.142.5] startup
[8.028s] [ext: isaacsim.core.experimental.actuators-0.1.2] startup
[8.040s] [ext: isaacsim.core.experimental.materials-0.7.1] startup
[8.043s] [ext: isaacsim.core.experimental.objects-0.8.1] startup
[8.096s] [ext: omni.hydra.engine.stats-1.0.5] startup
[8.098s] [ext: omni.hydra.rtx.shadercache.vulkan-1.0.0] startup
[8.099s] [ext: omni.index.libs-387500.4413.0] startup
[8.099s] [ext: omni.index-1.0.1] startup
[8.100s] [ext: omni.ujitso.client-0.0.0] startup
[8.100s] [ext: omni.usd.schema.playback-1.0.0] startup
[8.103s] [ext: omni.volume-0.5.2] startup
[8.106s] [ext: omni.hydra.rtx-1.0.4] startup
2026-10-06T16:19:51Z [8,095ms] [Warning] [omni.log] Source: omni.hydra was already registered.
[8.127s] [ext: omni.kit.hydra_texture-1.6.0] startup
[8.130s] [ext: omni.kit.raycast.query-1.2.0] startup
[8.133s] [ext: omni.kit.viewport.legacy_gizmos-1.0.24] startup
[8.135s] [ext: omni.kit.viewport.registry-104.0.6] startup
[8.136s] [ext: omni.kit.viewport.scene_camera_model-1.0.7] startup
[8.138s] [ext: omni.kit.widget.viewport-109.2.0] startup
[8.142s] [ext: omni.kit.window.drop_support-1.0.8] startup
[8.142s] [ext: omni.kit.viewport.window-109.0.2] startup
[8.156s] [ext: omni.kit.viewport.utility-2.0.1] startup
[8.157s] [ext: isaacsim.core.rendering_manager-0.4.3] startup
[8.176s] [ext: omni.graph.action_core-1.1.9] startup
[8.178s] [ext: omni.graph.action_nodes_core-2.11.0] startup
[8.180s] [ext: omni.graph.action_nodes-2.11.0] startup
[8.196s] [ext: omni.graph.action-2.10.2] startup
[8.197s] [ext: omni.graph.image.core-0.6.1] startup
[8.197s] [ext: omni.graph.image.nodes-1.3.1] startup
[8.198s] [ext: omni.graph.nodes_core-2.11.0] startup
[8.202s] [ext: omni.graph.nodes-2.12.0] startup
[8.206s] [ext: omni.kit.hotkeys.core-1.3.12] startup
[8.207s] [ext: omni.kit.property.adapter.core-1.1.1] startup
[8.209s] [ext: omni.kit.property.adapter.usd-1.0.5] startup
[8.210s] [ext: omni.kit.widget.filter-1.1.5] startup
[8.211s] [ext: omni.kit.widget.highlight_label-1.0.3] startup
[8.212s] [ext: omni.kit.widget.searchfield-1.1.8] startup
[8.213s] [ext: omni.kit.window.file_exporter-1.0.36] startup
[8.214s] [ext: omni.kit.widget.stage-4.4.0] startup
[8.221s] [ext: omni.kit.window.content_browser_registry-0.0.6] startup
[8.222s] [ext: omni.kit.window.file-2.0.10] startup
[8.224s] [ext: omni.kit.window.content_browser-3.1.8] startup
[8.233s] [ext: omni.kit.window.property-1.15.1] startup
[8.242s] [ext: omni.kit.property.usd-4.9.4] startup
[8.251s] [ext: omni.graph.scriptnode-2.10.2] startup
[8.258s] [ext: omni.kit.widget.searchable_combobox-1.0.7] startup
[8.259s] [ext: omni.kit.widget.settings-2.0.0] startup
[8.261s] [ext: omni.kit.window.preferences-1.8.3] startup
[8.265s] [ext: omni.kit.viewport.menubar.core-107.2.2] startup
[8.275s] [ext: omni.syntheticdata-0.6.15] startup
[8.297s] [ext: omni.replicator.nv-1.1.1] startup
[8.301s] [ext: omni.videoencoding-0.2.1] startup
[8.303s] [ext: omni.replicator.core-1.13.27] startup
2026-10-06T16:19:51Z [8,287ms] [Warning] [pxr.Semantics] pxr.Semantics is deprecated - please use Semantics instead
2026-10-06T16:19:51Z [8,352ms] [Warning] [omni.replicator.core.scripts.extension] No material configuration file, adding configuration to material settings directly.
[8.498s] [ext: isaacsim.core.nodes-5.10.5] startup
[8.523s] [ext: isaacsim.core.throttling-2.3.5] startup
[8.524s] [ext: omni.kit.manipulator.viewport-107.0.1] startup
[8.525s] [ext: omni.graph.visualization.nodes-2.1.4] startup
[8.536s] [ext: omni.kit.window.extensions-1.5.10] startup
[8.541s] [ext: isaacsim.gui.components-1.8.5] startup
[8.544s] [ext: isaacsim.robot.surface_gripper-3.6.2] startup
[8.554s] [ext: isaacsim.robot.manipulators-3.4.4] startup
[8.563s] [ext: isaacsim.robot_motion.lula-4.1.3] startup
[8.568s] [ext: isaacsim.robot_motion.motion_generation-8.2.9] startup
[8.572s] [ext: isaacsim.cortex.framework-1.0.18] startup
[8.573s] [ext: isaacsim.cortex.behaviors-2.0.17] startup
[8.575s] [ext: isaacsim.examples.base-1.3.2] startup
[8.576s] [ext: omni.kit.widget.zoombar-1.0.7] startup
[8.577s] [ext: omni.kit.browser.core-2.3.18] startup
[8.579s] [ext: omni.kit.browser.folder.core-2.0.2] startup
[8.583s] [ext: omni.kit.widget.stage_icons-1.0.8] startup
[8.583s] [ext: omni.kit.window.stage-2.6.1] startup
[8.586s] [ext: omni.kit.menu.stage-1.2.7] startup
[8.587s] [ext: omni.kit.usd.collect-3.0.6] startup
[8.589s] [ext: omni.kit.widget.prompt-1.0.7] startup
[8.590s] [ext: omni.kit.tool.collect-2.2.19] startup
[8.592s] [ext: isaacsim.examples.browser-0.3.2] startup
[8.593s] [ext: omni.kit.search.files-1.0.4] startup
[8.594s] [ext: omni.kit.widget.calendar-1.0.9] startup
[8.595s] [ext: omni.kit.widget.extended_searchfield-1.0.31] startup
[8.601s] [ext: omni.simready.content.browser-0.3.7] startup
[8.685s] [ext: isaacsim.gui.content_browser-0.4.3] startup
[8.687s] [ext: omni.kit.selection-0.1.6] startup
[8.688s] [ext: isaacsim.gui.menu-2.10.5] startup
[8.695s] [ext: isaacsim.gui.property-1.6.4] startup
[8.701s] [ext: omni.kit.viewport.actions-110.0.0] startup
[8.705s] [ext: omni.kit.viewport.menubar.display-107.1.3] startup
[8.706s] [ext: isaacsim.gui.sensors.icon-2.2.1] startup
[8.708s] [ext: omni.behavior.scripting.core-110.1.0] startup
[8.711s] [ext: isaacsim.replicator.behavior-1.5.4] startup
[8.712s] [ext: isaacsim.replicator.experimental.domain_randomization-1.2.5] startup
[8.725s] [ext: isaacsim.replicator.domain_randomization-1.2.2] startup
[8.792s] [ext: isaacsim.replicator.writers-1.5.4] startup
[8.814s] [ext: isaacsim.robot.experimental.wheeled_robots-0.2.11] startup
[8.833s] [ext: isaacsim.robot.policy.examples-5.2.12] startup
[8.850s] [ext: isaacsim.robot.wheeled_robots-5.2.4] startup
[8.854s] [ext: isaacsim.robot.wheeled_robots.nodes-0.1.5] startup
[8.869s] [ext: isaacsim.robot_motion.experimental.motion_generation-6.1.3] startup
[8.879s] [ext: isaacsim.robot_motion.cumotion-1.3.1] startup
[8.890s] [ext: omni.kit.numpy.common-0.1.3] startup
[8.892s] [ext: isaacsim.sensors.camera-1.7.9] startup
[8.918s] [ext: isaacsim.sensors.experimental.physics-3.0.2] startup
[8.924s] [ext: omni.sensors.net-1.0.1] startup
[8.926s] [ext: omni.sensors.nv.common-3.0.0] startup
[8.935s] [ext: omni.sensors.nv.materials-2.0.0] startup
[8.937s] [ext: omni.sensors.nv.acoustic-3.0.0] startup
[8.939s] [ext: omni.sensors.nv.ids-2.0.1] startup
[8.941s] [ext: omni.sensors.nv.lidar-3.0.0] startup
[8.943s] [ext: omni.sensors.nv.radar-3.0.0] startup
[8.946s] [ext: isaacsim.sensors.experimental.rtx-1.4.6] startup
[9.162s] [ext: isaacsim.sensors.physics.nodes-1.5.3] startup
[9.167s] [ext: isaacsim.util.debug_draw-3.2.3] startup
[9.171s] [ext: isaacsim.sensors.physx-2.5.5] startup
[9.177s] [ext: isaacsim.sensors.rtx-15.17.1] startup
[9.185s] [ext: isaacsim.simulation_app-2.18.4] startup
[9.186s] [ext: omni.anim.curve.core-1.6.0] startup
[9.194s] [ext: omni.graph.ui_nodes-2.11.1] startup
[9.213s] [ext: omni.hydra.scene_api-0.1.3] startup
[9.216s] [ext: omni.kit.manipulator.camera-110.0.0] startup
[9.219s] [ext: omni.kit.manipulator.selector-1.1.4] startup
[9.220s] [ext: omni.kit.manipulator.transform-107.0.0] startup
[9.224s] [ext: omni.kit.widget.toolbar-2.1.0] startup
[9.229s] [ext: omni.kit.manipulator.tool.snap-1.5.14] startup
[9.232s] [ext: omni.kit.viewport.manipulator.transform-107.0.4] startup
[9.233s] [ext: omni.kit.manipulator.prim.core-108.0.2] startup
[9.238s] [ext: omni.kit.manipulator.prim.usd-107.0.3] startup
[9.239s] [ext: omni.kit.manipulator.prim-108.0.0] startup
[9.239s] [ext: omni.kit.manipulator.selection-109.0.1] startup
[9.240s] [ext: omni.kit.menu.create-2.0.2] startup
[9.242s] [ext: omni.kit.property.audio-1.0.16] startup
[9.244s] [ext: omni.kit.property.camera-1.0.14] startup
[9.245s] [ext: omni.kit.property.geometry-2.1.2] startup
[9.248s] [ext: omni.kit.property.light-1.0.14] startup
2026-10-06T16:19:52Z [9,245ms] [Warning] [omni.usd] Encountered USD Warnings but USD Diagnostics are currently muted. To view USD Warnings, please set the '/persistent/app/usd/muteUsdDiagnostics' setting to false in Preferences page.
[9.275s] [ext: omni.kit.property.material-1.14.6] startup
[9.280s] [ext: omni.kit.property.render-1.2.2] startup
[9.281s] [ext: omni.kit.property.transform-1.6.9] startup
[9.284s] [ext: omni.kit.property.bundle-1.5.1] startup
[9.285s] [ext: omni.kit.usdz_export-1.1.0] startup
[9.287s] [ext: omni.kit.tool.asset_importer-6.0.1] startup
[9.292s] [ext: omni.kit.ui.actions-1.0.5] startup
[9.293s] [ext: omni.kit.viewport.menubar.camera-107.0.10] startup
[9.297s] [ext: omni.kit.viewport.menubar.lighting-107.3.2] startup
[9.299s] [ext: omni.kit.viewport.menubar.render-110.0.0] startup
[9.301s] [ext: omni.kit.viewport.menubar.settings-110.0.1] startup
[9.304s] [ext: omni.kit.window.console-1.1.9] startup
[9.307s] [ext: omni.kit.window.status_bar-0.1.11] startup
[9.309s] [ext: omni.kit.window.toolbar-3.0.3] startup
[9.311s] [ext: omni.ocio-0.1.1] startup
[9.312s] [ext: omni.physx.commands-110.1.13] startup
[9.314s] [ext: omni.replicator.replicator_yaml-2.0.12] startup
[9.323s] [ext: omni.rtx.window.settings-0.8.0] startup
[9.327s] [ext: omni.rtx.settings.core-0.7.1] startup
[9.329s] [ext: omni.usd.metrics.assembler.ui-110.1.1] startup
[9.335s] [ext: semantics.schema.editor-2.0.2] startup
[9.337s] [ext: semantics.schema.property-2.0.2] startup
[9.339s] [ext: omni.kit.menu.common-2.0.2] startup
[9.340s] [ext: isaacsim.exp.base-6.0.1] startup
[9.340s] [ext: isaacsim.exp.base.python-6.0.1] startup
[9.341s] Simulation App Starting
[10.390s] Simulation App Startup Complete
[10.395s] app ready
Starting kit application with the following args:  ['/home/starry/isaac-data/isaacsim/exts/isaacsim.simulation_app/isaacsim/simulation_app/simulation_app.py', '/home/starry/isaac-data/isaacsim/apps/isaacsim.exp.base.python.kit', '--/app/tokens/exe-path=/home/starry/isaac-data/isaacsim/kit', '--/persistent/app/viewport/displayOptions=3094', '--/rtx/materialDb/syncLoads=True', '--/rtx/hydra/materialSyncLoads=True', '--/omni/kit/plugin/syncUsdLoads=True', '--/app/renderer/resolution/width=1280', '--/app/renderer/resolution/height=720', '--/app/window/width=1440', '--/app/window/height=900', '--/renderer/multiGpu/enabled=False', '--/app/fastShutdown=True', '--/app/installSignalHandlers=0', '--ext-folder', '/home/starry/isaac-data/isaacsim/exts', '--ext-folder', '/home/starry/isaac-data/isaacsim/apps', '--/renderer/activeGpu=0', '--/physics/cudaDevice=0', '--/plugins/carb.tasking.plugin/threadCount=12', '--/plugins/omni.tbb.globalcontrol/maxThreadCount=12', '--portable', '--no-window', '--/app/window/hideUi=1']
Passing the following args to the base kit application:  []
Warp 1.13.0 initialized:
   CUDA Toolkit 12.9, Driver 13.0
   Devices:
     "cpu"      : "x86_64"
     "cuda:0"   : "NVIDIA GeForce RTX 5070" (11 GiB, sm_120, mempool enabled)
   Kernel cache:
     /home/starry/.cache/warp/1.13.0
[LIGHTING] sun=800.0 (1) dome=0.0 (1) ambient=0.05 constant_color=(0.6, 0.65, 0.7)
[RENDER] mode=MinimalRendering minimal_shading_mode=2 anti_aliasing=TAA
[DEPTH CAMERAS] count=4 resolution_each=320x240 horizontal_coverage=360deg
[ESDF] path=/home/starry/isaac-data/EGO1P3/scenes/ego_swarm_cloud/occupancy.bin shape=(400, 300, 50) resolution=0.40m
[depth_angular_controller-1] [INFO] [1791303596.359006375] [depth_angular_controller]: WAITING_ODOMETRY
[NAV] t=0.0s position=(-64.00,-11.20,2.80) yaw=0.0deg command=(0.00,0.00,0.00) manual_active=0 collision_blocks=0
[depth_angular_controller-1] [INFO] [1791303596.725398240] [depth_angular_controller]: WAITING_VERIFIED_START_POSE
[depth_angular_controller-1] [INFO] [1791303596.760115405] [depth_angular_controller]: VERIFIED_FREE_SEED center=(-64.000,-11.200,2.800) radius=2.500 balls=1: verified fixed Cloud free ball; USD and occupancy SHA-256 matched
[depth_angular_controller-1] [INFO] [1791303596.760228407] [depth_angular_controller]: ZERO_INTENT
[depth_angular_controller-1] [INFO] [1791303597.584109287] [depth_angular_controller]: OMNI_DEPTH views=4 azimuth_bins=180 elevation_bins=37 valid=1 certificates=1 short=0 held=0 local_candidates=0 yaw=0.00
[depth_angular_controller-1] [INFO] [1791303597.584197252] [depth_angular_controller]: DEPTH_PROPOSAL_CERTIFIED
[depth_angular_controller-1] [INFO] [1791303597.584204135] [depth_angular_controller]: PAPER_BUILD reason=FULL_MOTION_CERTIFICATE required=0.0000 best=0.0000 free=0 refined=0 tubes=0 revoked_tubes=0 proofs=0
[depth_angular_controller-1] [INFO] [1791303597.584209956] [depth_angular_controller]: PAPER_EVIDENCE retained=4 balls=1 revoked_balls=0 expired_views=0 evicted_views=0 radius=0.580 clearance=0.000 best_prefix=0.000
[depth_angular_controller-1] [INFO] [1791303598.590250220] [depth_angular_controller]: OMNI_DEPTH views=4 azimuth_bins=180 elevation_bins=37 valid=1 certificates=1 short=0 held=0 local_candidates=0 yaw=10.00
[depth_angular_controller-1] [INFO] [1791303598.590326123] [depth_angular_controller]: PAPER_BUILD reason=FULL_MOTION_CERTIFICATE required=0.0000 best=0.0000 free=0 refined=0 tubes=1 revoked_tubes=0 proofs=46
[depth_angular_controller-1] [INFO] [1791303598.590331854] [depth_angular_controller]: PAPER_EVIDENCE retained=8 balls=4 revoked_balls=0 expired_views=0 evicted_views=0 radius=0.580 clearance=0.000 best_prefix=0.000
[10.926s] [ext: isaacsim.sensors.rtx.nodes-0.1.2] startup
[10.934s] [ext: isaacsim.ros2.core-1.9.4] startup
[10.947s] Attempting to load system rclpy
[10.948s] Could not import system rclpy: No module named 'rclpy'
[10.948s] Attempting to load internal rclpy for ROS Distro: humble
[10.959s] rclpy loaded
[10.962s] [ext: isaacsim.ros2.nodes-1.18.13] startup
[10.996s] [ext: isaacsim.ros2.examples-1.2.4] startup
[11.000s] [ext: isaacsim.ros2.ui-1.6.5] startup
[11.210s] [ext: isaacsim.ros2.bridge-5.1.2] startup
2026-10-06T16:19:56Z [13,451ms] [Warning] [omni.timeline.plugin] Deprecated: direct use of ITimeline callbacks is deprecated. Use ITimeline::getTimeline (Python: omni.timeline.get_timeline_interface) instead.
[depth_angular_controller-1] [INFO] [1791303599.667617961] [depth_angular_controller]: OMNI_DEPTH views=4 azimuth_bins=180 elevation_bins=37 valid=1 certificates=1 short=0 held=0 local_candidates=0 yaw=20.00
[depth_angular_controller-1] [INFO] [1791303599.667721205] [depth_angular_controller]: PAPER_BUILD reason=FULL_MOTION_CERTIFICATE required=0.0000 best=0.0000 free=0 refined=0 tubes=3 revoked_tubes=0 proofs=97
[depth_angular_controller-1] [INFO] [1791303599.667729911] [depth_angular_controller]: PAPER_EVIDENCE retained=12 balls=9 revoked_balls=0 expired_views=0 evicted_views=0 radius=0.580 clearance=0.000 best_prefix=0.000
[depth_angular_controller-1] [INFO] [1791303600.687909518] [depth_angular_controller]: OMNI_DEPTH views=4 azimuth_bins=180 elevation_bins=37 valid=1 certificates=1 short=0 held=0 local_candidates=0 yaw=30.00
[depth_angular_controller-1] [INFO] [1791303600.688062726] [depth_angular_controller]: PAPER_BUILD reason=FULL_MOTION_CERTIFICATE required=0.0000 best=0.0000 free=0 refined=0 tubes=4 revoked_tubes=0 proofs=128
[depth_angular_controller-1] [INFO] [1791303600.688073035] [depth_angular_controller]: PAPER_EVIDENCE retained=16 balls=15 revoked_balls=0 expired_views=0 evicted_views=0 radius=0.580 clearance=0.000 best_prefix=0.000
[position_cmd_to_twist-2] [INFO] [1791303601.634141043] [position_cmd_to_twist]: [PERF BRIDGE] run=final_v17_sweep_ego1p3_3 elapsed=18.86s received=295 published=295 fps(ros/wall)=60.00/60.19 controller_to_bridge_ms(mean/p50/p95/max)=0.000/0.000/0.000/0.000 bridge_process_ms(mean/p95/max)=0.086/0.118/0.166
[NAV] t=5.0s position=(-61.45,-10.38,2.80) yaw=0.0deg command=(0.66,0.45,0.00) manual_active=1 collision_blocks=0
[depth_angular_controller-1] [INFO] [1791303601.709681357] [depth_angular_controller]: OMNI_DEPTH views=4 azimuth_bins=180 elevation_bins=37 valid=1 certificates=1 short=0 held=0 local_candidates=0 yaw=40.00
[depth_angular_controller-1] [INFO] [1791303601.709818404] [depth_angular_controller]: PAPER_BUILD reason=FULL_MOTION_CERTIFICATE required=0.0000 best=0.0000 free=0 refined=0 tubes=6 revoked_tubes=0 proofs=128
[depth_angular_controller-1] [INFO] [1791303601.709825968] [depth_angular_controller]: PAPER_EVIDENCE retained=16 balls=20 revoked_balls=0 expired_views=0 evicted_views=4 radius=0.580 clearance=0.000 best_prefix=0.000
[depth_angular_controller-1] [INFO] [1791303601.740007489] [depth_angular_controller]: [PERF CTRL] run=final_v17_sweep_ego1p3_3 elapsed=19.09s callbacks=304 commands=303 guidance=243 command_fps(ros/wall)=60.00/60.22 guidance_wall_fps=58.23 avoid_ms(mean/p50/p95/max)=0.179/0.160/0.243/1.149 cycle_ms(mean/p95/max)=16.605/21.081/79.276 depth_to_cmd_ms(mean/p95/max)=59.465/100.000/116.667 callback_to_publish_ms(mean/p95/max)=1.321/5.718/13.178
[depth_angular_controller-1] [INFO] [1791303601.740072361] [depth_angular_controller]: EVIDENCE_COST ingest(mean/p95/max)=1.102/5.478/13.134 record=0.013/0.016/0.494 ms
[depth_angular_controller-1] [INFO] [1791303601.740079574] [depth_angular_controller]: EVIDENCE_PHASE per_view_mean_ms balls=0.052 tubes=0.008 history=0.189 eviction=0.000
[depth_angular_controller-1] [INFO] [1791303602.914921850] [depth_angular_controller]: OMNI_DEPTH views=4 azimuth_bins=180 elevation_bins=37 valid=1 certificates=1 short=0 held=0 local_candidates=0 yaw=50.00
[depth_angular_controller-1] [INFO] [1791303602.915059699] [depth_angular_controller]: PAPER_BUILD reason=FULL_MOTION_CERTIFICATE required=0.0000 best=0.0000 free=0 refined=0 tubes=8 revoked_tubes=0 proofs=128
[depth_angular_controller-1] [INFO] [1791303602.915066602] [depth_angular_controller]: PAPER_EVIDENCE retained=16 balls=26 revoked_balls=0 expired_views=0 evicted_views=8 radius=0.580 clearance=0.000 best_prefix=0.000
[depth_angular_controller-1] [INFO] [1791303604.002382248] [depth_angular_controller]: OMNI_DEPTH views=4 azimuth_bins=180 elevation_bins=37 valid=1 certificates=1 short=0 held=0 local_candidates=0 yaw=60.00
[depth_angular_controller-1] [INFO] [1791303604.002502725] [depth_angular_controller]: PAPER_BUILD reason=FULL_MOTION_CERTIFICATE required=0.0000 best=0.0000 free=0 refined=0 tubes=9 revoked_tubes=0 proofs=128
[depth_angular_controller-1] [INFO] [1791303604.002508075] [depth_angular_controller]: PAPER_EVIDENCE retained=16 balls=31 revoked_balls=0 expired_views=0 evicted_views=12 radius=0.580 clearance=0.000 best_prefix=0.000
[depth_angular_controller-1] [INFO] [1791303605.162797952] [depth_angular_controller]: OMNI_DEPTH views=4 azimuth_bins=180 elevation_bins=37 valid=1 certificates=1 short=0 held=0 local_candidates=0 yaw=70.00
[depth_angular_controller-1] [INFO] [1791303605.162931483] [depth_angular_controller]: PAPER_BUILD reason=FULL_MOTION_CERTIFICATE required=0.0000 best=0.0000 free=0 refined=0 tubes=11 revoked_tubes=0 proofs=128
[depth_angular_controller-1] [INFO] [1791303605.162939538] [depth_angular_controller]: PAPER_EVIDENCE retained=16 balls=32 revoked_balls=0 expired_views=0 evicted_views=15 radius=0.580 clearance=0.000 best_prefix=0.000
[depth_angular_controller-1] [INFO] [1791303606.247006549] [depth_angular_controller]: OMNI_DEPTH views=4 azimuth_bins=180 elevation_bins=37 valid=1 certificates=1 short=0 held=0 local_candidates=0 yaw=80.00
[depth_angular_controller-1] [INFO] [1791303606.247340717] [depth_angular_controller]: PAPER_BUILD reason=FULL_MOTION_CERTIFICATE required=0.0000 best=0.0000 free=0 refined=0 tubes=12 revoked_tubes=0 proofs=128
[depth_angular_controller-1] [INFO] [1791303606.247346358] [depth_angular_controller]: PAPER_EVIDENCE retained=16 balls=32 revoked_balls=0 expired_views=0 evicted_views=19 radius=0.580 clearance=0.000 best_prefix=0.000
[depth_angular_controller-1] [INFO] [1791303606.740795583] [depth_angular_controller]: [PERF CTRL] run=final_v17_sweep_ego1p3_3 elapsed=24.09s callbacks=573 commands=572 guidance=512 command_fps(ros/wall)=60.00/57.01 guidance_wall_fps=55.81 avoid_ms(mean/p50/p95/max)=0.243/0.213/0.620/1.511 cycle_ms(mean/p95/max)=17.540/22.223/81.997 depth_to_cmd_ms(mean/p95/max)=51.888/100.000/116.667 callback_to_publish_ms(mean/p95/max)=1.724/6.113/13.178
[depth_angular_controller-1] [INFO] [1791303606.740876335] [depth_angular_controller]: EVIDENCE_COST ingest(mean/p95/max)=1.426/5.850/13.134 record=0.015/0.039/0.494 ms
[depth_angular_controller-1] [INFO] [1791303606.740883148] [depth_angular_controller]: EVIDENCE_PHASE per_view_mean_ms balls=0.052 tubes=0.010 history=0.268 eviction=0.001
[position_cmd_to_twist-2] [INFO] [1791303607.176976223] [position_cmd_to_twist]: [PERF BRIDGE] run=final_v17_sweep_ego1p3_3 elapsed=24.41s received=595 published=595 fps(ros/wall)=60.00/56.92 controller_to_bridge_ms(mean/p50/p95/max)=0.000/0.000/0.000/0.000 bridge_process_ms(mean/p95/max)=0.088/0.114/0.309
[NAV] t=10.0s position=(-59.50,-7.04,2.80) yaw=0.0deg command=(0.07,0.80,0.00) manual_active=1 collision_blocks=0
[depth_angular_controller-1] [INFO] [1791303607.257583028] [depth_angular_controller]: OMNI_DEPTH views=4 azimuth_bins=180 elevation_bins=37 valid=1 certificates=1 short=0 held=0 local_candidates=0 yaw=90.00
[depth_angular_controller-1] [INFO] [1791303607.257725496] [depth_angular_controller]: PAPER_BUILD reason=FULL_MOTION_CERTIFICATE required=0.0000 best=0.0000 free=0 refined=0 tubes=14 revoked_tubes=0 proofs=128
[depth_angular_controller-1] [INFO] [1791303607.257733131] [depth_angular_controller]: PAPER_EVIDENCE retained=16 balls=32 revoked_balls=0 expired_views=0 evicted_views=23 radius=0.580 clearance=0.000 best_prefix=0.000
[depth_angular_controller-1] [INFO] [1791303608.464026072] [depth_angular_controller]: OMNI_DEPTH views=4 azimuth_bins=180 elevation_bins=37 valid=1 certificates=1 short=0 held=0 local_candidates=0 yaw=100.00
[depth_angular_controller-1] [INFO] [1791303608.464163470] [depth_angular_controller]: PAPER_BUILD reason=FULL_MOTION_CERTIFICATE required=0.0000 best=0.0000 free=0 refined=0 tubes=16 revoked_tubes=0 proofs=128
[depth_angular_controller-1] [INFO] [1791303608.464170123] [depth_angular_controller]: PAPER_EVIDENCE retained=16 balls=32 revoked_balls=0 expired_views=0 evicted_views=27 radius=0.580 clearance=0.000 best_prefix=0.000
[depth_angular_controller-1] [INFO] [1791303609.513491846] [depth_angular_controller]: OMNI_DEPTH views=4 azimuth_bins=180 elevation_bins=37 valid=1 certificates=1 short=0 held=0 local_candidates=0 yaw=110.00
[depth_angular_controller-1] [INFO] [1791303609.513627912] [depth_angular_controller]: PAPER_BUILD reason=FULL_MOTION_CERTIFICATE required=0.0000 best=0.0000 free=0 refined=0 tubes=17 revoked_tubes=0 proofs=128
[depth_angular_controller-1] [INFO] [1791303609.513636188] [depth_angular_controller]: PAPER_EVIDENCE retained=16 balls=32 revoked_balls=0 expired_views=0 evicted_views=31 radius=0.580 clearance=0.000 best_prefix=0.000
[depth_angular_controller-1] [INFO] [1791303610.541190273] [depth_angular_controller]: OMNI_DEPTH views=4 azimuth_bins=180 elevation_bins=37 valid=1 certificates=1 short=0 held=0 local_candidates=0 yaw=120.00
[depth_angular_controller-1] [INFO] [1791303610.541330967] [depth_angular_controller]: PAPER_BUILD reason=FULL_MOTION_CERTIFICATE required=0.0000 best=0.0000 free=0 refined=0 tubes=19 revoked_tubes=0 proofs=128
[depth_angular_controller-1] [INFO] [1791303610.541338752] [depth_angular_controller]: PAPER_EVIDENCE retained=16 balls=32 revoked_balls=0 expired_views=0 evicted_views=35 radius=0.580 clearance=0.000 best_prefix=0.000
[depth_angular_controller-1] [INFO] [1791303611.622294877] [depth_angular_controller]: OMNI_DEPTH views=4 azimuth_bins=180 elevation_bins=37 valid=1 certificates=1 short=0 held=0 local_candidates=0 yaw=130.00
[depth_angular_controller-1] [INFO] [1791303611.622418178] [depth_angular_controller]: PAPER_BUILD reason=FULL_MOTION_CERTIFICATE required=0.0000 best=0.0000 free=0 refined=0 tubes=21 revoked_tubes=0 proofs=128
[depth_angular_controller-1] [INFO] [1791303611.622427075] [depth_angular_controller]: PAPER_EVIDENCE retained=16 balls=32 revoked_balls=0 expired_views=0 evicted_views=39 radius=0.580 clearance=0.000 best_prefix=0.000
[depth_angular_controller-1] [INFO] [1791303611.752514831] [depth_angular_controller]: [PERF CTRL] run=final_v17_sweep_ego1p3_3 elapsed=29.10s callbacks=850 commands=849 guidance=789 command_fps(ros/wall)=60.00/56.43 guidance_wall_fps=55.62 avoid_ms(mean/p50/p95/max)=0.235/0.218/0.509/1.511 cycle_ms(mean/p95/max)=17.721/22.814/83.004 depth_to_cmd_ms(mean/p95/max)=46.324/100.000/116.667 callback_to_publish_ms(mean/p95/max)=1.896/6.477/13.178
[depth_angular_controller-1] [INFO] [1791303611.752614849] [depth_angular_controller]: EVIDENCE_COST ingest(mean/p95/max)=1.589/6.218/13.134 record=0.015/0.027/0.494 ms
[depth_angular_controller-1] [INFO] [1791303611.752621020] [depth_angular_controller]: EVIDENCE_PHASE per_view_mean_ms balls=0.052 tubes=0.012 history=0.309 eviction=0.001
[position_cmd_to_twist-2] [INFO] [1791303612.631782660] [position_cmd_to_twist]: [PERF BRIDGE] run=final_v17_sweep_ego1p3_3 elapsed=29.87s received=895 published=895 fps(ros/wall)=60.00/56.26 controller_to_bridge_ms(mean/p50/p95/max)=0.000/0.000/0.000/0.000 bridge_process_ms(mean/p95/max)=0.088/0.114/0.309
[NAV] t=15.0s position=(-60.81,-3.40,2.80) yaw=0.0deg command=(-0.56,0.57,0.00) manual_active=1 collision_blocks=0
[depth_angular_controller-1] [INFO] [1791303612.711428880] [depth_angular_controller]: OMNI_DEPTH views=4 azimuth_bins=180 elevation_bins=37 valid=1 certificates=1 short=0 held=0 local_candidates=0 yaw=140.00
[depth_angular_controller-1] [INFO] [1791303612.711552783] [depth_angular_controller]: PAPER_BUILD reason=FULL_MOTION_CERTIFICATE required=0.0000 best=0.0000 free=0 refined=0 tubes=22 revoked_tubes=0 proofs=128
[depth_angular_controller-1] [INFO] [1791303612.711559936] [depth_angular_controller]: PAPER_EVIDENCE retained=16 balls=32 revoked_balls=0 expired_views=0 evicted_views=43 radius=0.580 clearance=0.000 best_prefix=0.000
[depth_angular_controller-1] [INFO] [1791303613.742099192] [depth_angular_controller]: OMNI_DEPTH views=4 azimuth_bins=180 elevation_bins=37 valid=1 certificates=1 short=0 held=0 local_candidates=0 yaw=150.00
[depth_angular_controller-1] [INFO] [1791303613.742214008] [depth_angular_controller]: PAPER_BUILD reason=FULL_MOTION_CERTIFICATE required=0.0000 best=0.0000 free=0 refined=0 tubes=24 revoked_tubes=0 proofs=128
[depth_angular_controller-1] [INFO] [1791303613.742220079] [depth_angular_controller]: PAPER_EVIDENCE retained=16 balls=32 revoked_balls=0 expired_views=0 evicted_views=46 radius=0.580 clearance=0.000 best_prefix=0.000
[depth_angular_controller-1] [INFO] [1791303614.837861692] [depth_angular_controller]: OMNI_DEPTH views=4 azimuth_bins=180 elevation_bins=37 valid=1 certificates=1 short=0 held=0 local_candidates=0 yaw=-178.00
[depth_angular_controller-1] [INFO] [1791303614.838421214] [depth_angular_controller]: PAPER_BUILD reason=FULL_MOTION_CERTIFICATE required=0.0000 best=0.0000 free=0 refined=0 tubes=26 revoked_tubes=0 proofs=128
[depth_angular_controller-1] [INFO] [1791303614.838440830] [depth_angular_controller]: PAPER_EVIDENCE retained=16 balls=32 revoked_balls=0 expired_views=0 evicted_views=50 radius=0.580 clearance=0.000 best_prefix=0.000
[depth_angular_controller-1] [INFO] [1791303615.988350180] [depth_angular_controller]: OMNI_DEPTH views=4 azimuth_bins=180 elevation_bins=37 valid=1 certificates=1 short=0 held=0 local_candidates=0 yaw=170.00
[depth_angular_controller-1] [INFO] [1791303615.988480595] [depth_angular_controller]: PAPER_BUILD reason=FULL_MOTION_CERTIFICATE required=0.0000 best=0.0000 free=0 refined=0 tubes=28 revoked_tubes=0 proofs=128
[depth_angular_controller-1] [INFO] [1791303615.988487528] [depth_angular_controller]: PAPER_EVIDENCE retained=16 balls=32 revoked_balls=0 expired_views=0 evicted_views=54 radius=0.580 clearance=0.000 best_prefix=0.000
[depth_angular_controller-1] [INFO] [1791303616.764708359] [depth_angular_controller]: [PERF CTRL] run=final_v17_sweep_ego1p3_3 elapsed=34.11s callbacks=1126 commands=1125 guidance=1065 command_fps(ros/wall)=59.95/56.09 guidance_wall_fps=55.47 avoid_ms(mean/p50/p95/max)=0.242/0.218/0.454/2.451 cycle_ms(mean/p95/max)=17.828/23.498/83.004 depth_to_cmd_ms(mean/p95/max)=43.584/100.000/116.667 callback_to_publish_ms(mean/p95/max)=2.041/6.938/13.178
[depth_angular_controller-1] [INFO] [1791303616.764834076] [depth_angular_controller]: EVIDENCE_COST ingest(mean/p95/max)=1.723/6.692/13.134 record=0.015/0.025/0.494 ms
[depth_angular_controller-1] [INFO] [1791303616.764841219] [depth_angular_controller]: EVIDENCE_PHASE per_view_mean_ms balls=0.052 tubes=0.012 history=0.341 eviction=0.001
[depth_angular_controller-1] [INFO] [1791303617.003114579] [depth_angular_controller]: OMNI_DEPTH views=4 azimuth_bins=180 elevation_bins=37 valid=1 certificates=1 short=0 held=0 local_candidates=0 yaw=180.00
[depth_angular_controller-1] [INFO] [1791303617.003278107] [depth_angular_controller]: PAPER_BUILD reason=FULL_MOTION_CERTIFICATE required=0.0000 best=0.0000 free=0 refined=0 tubes=30 revoked_tubes=0 proofs=128
[depth_angular_controller-1] [INFO] [1791303617.003285921] [depth_angular_controller]: PAPER_EVIDENCE retained=16 balls=32 revoked_balls=0 expired_views=0 evicted_views=58 radius=0.580 clearance=0.000 best_prefix=0.000
[position_cmd_to_twist-2] [INFO] [1791303617.869730772] [position_cmd_to_twist]: [PERF BRIDGE] run=final_v17_sweep_ego1p3_3 elapsed=35.10s received=1194 published=1194 fps(ros/wall)=59.95/56.46 controller_to_bridge_ms(mean/p50/p95/max)=0.000/0.000/0.000/0.000 bridge_process_ms(mean/p95/max)=0.087/0.113/0.309
[NAV] t=20.0s position=(-64.47,-2.30,2.86) yaw=0.0deg command=(-0.80,-0.06,0.00) manual_active=1 collision_blocks=0
[depth_angular_controller-1] [INFO] [1791303617.947607016] [depth_angular_controller]: OMNI_DEPTH views=4 azimuth_bins=180 elevation_bins=37 valid=1 certificates=1 short=0 held=0 local_candidates=0 yaw=-170.00
[depth_angular_controller-1] [INFO] [1791303617.947753972] [depth_angular_controller]: PAPER_BUILD reason=FULL_MOTION_CERTIFICATE required=0.0000 best=0.0000 free=0 refined=0 tubes=31 revoked_tubes=0 proofs=128
[depth_angular_controller-1] [INFO] [1791303617.947763901] [depth_angular_controller]: PAPER_EVIDENCE retained=16 balls=32 revoked_balls=0 expired_views=0 evicted_views=62 radius=0.580 clearance=0.000 best_prefix=0.000
[depth_angular_controller-1] [INFO] [1791303618.975211977] [depth_angular_controller]: OMNI_DEPTH views=4 azimuth_bins=180 elevation_bins=37 valid=1 certificates=1 short=0 held=0 local_candidates=0 yaw=-160.00
[depth_angular_controller-1] [INFO] [1791303618.975356098] [depth_angular_controller]: PAPER_BUILD reason=FULL_MOTION_CERTIFICATE required=0.0000 best=0.0000 free=0 refined=0 tubes=33 revoked_tubes=0 proofs=128
[depth_angular_controller-1] [INFO] [1791303618.975362780] [depth_angular_controller]: PAPER_EVIDENCE retained=16 balls=32 revoked_balls=0 expired_views=0 evicted_views=66 radius=0.580 clearance=0.000 best_prefix=0.000
[depth_angular_controller-1] [INFO] [1791303619.930790788] [depth_angular_controller]: OMNI_DEPTH views=4 azimuth_bins=180 elevation_bins=37 valid=1 certificates=1 short=0 held=0 local_candidates=0 yaw=-150.00
[depth_angular_controller-1] [INFO] [1791303619.931006013] [depth_angular_controller]: PAPER_BUILD reason=FULL_MOTION_CERTIFICATE required=0.0000 best=0.0000 free=0 refined=0 tubes=35 revoked_tubes=0 proofs=128
[depth_angular_controller-1] [INFO] [1791303619.931019127] [depth_angular_controller]: PAPER_EVIDENCE retained=16 balls=32 revoked_balls=0 expired_views=0 evicted_views=70 radius=0.580 clearance=0.000 best_prefix=0.000
[depth_angular_controller-1] [INFO] [1791303621.028665217] [depth_angular_controller]: OMNI_DEPTH views=4 azimuth_bins=180 elevation_bins=37 valid=1 certificates=1 short=0 held=0 local_candidates=0 yaw=-166.00
[depth_angular_controller-1] [INFO] [1791303621.028810971] [depth_angular_controller]: PAPER_BUILD reason=FULL_MOTION_CERTIFICATE required=0.0000 best=0.0000 free=0 refined=0 tubes=36 revoked_tubes=0 proofs=128
[depth_angular_controller-1] [INFO] [1791303621.028818916] [depth_angular_controller]: PAPER_EVIDENCE retained=16 balls=32 revoked_balls=0 expired_views=0 evicted_views=74 radius=0.580 clearance=0.000 best_prefix=0.000
[depth_angular_controller-1] [INFO] [1791303621.774059206] [depth_angular_controller]: [PERF CTRL] run=final_v17_sweep_ego1p3_3 elapsed=39.12s callbacks=1427 commands=1426 guidance=1366 command_fps(ros/wall)=59.96/56.89 guidance_wall_fps=56.43 avoid_ms(mean/p50/p95/max)=0.251/0.220/0.442/2.868 cycle_ms(mean/p95/max)=17.578/23.048/83.004 depth_to_cmd_ms(mean/p95/max)=41.789/83.333/116.667 callback_to_publish_ms(mean/p95/max)=2.119/6.865/13.178
[depth_angular_controller-1] [INFO] [1791303621.774208927] [depth_angular_controller]: EVIDENCE_COST ingest(mean/p95/max)=1.789/6.603/13.134 record=0.015/0.022/0.494 ms
[depth_angular_controller-1] [INFO] [1791303621.774216051] [depth_angular_controller]: EVIDENCE_PHASE per_view_mean_ms balls=0.051 tubes=0.013 history=0.358 eviction=0.001
[depth_angular_controller-1] [INFO] [1791303622.056775919] [depth_angular_controller]: OMNI_DEPTH views=4 azimuth_bins=180 elevation_bins=37 valid=1 certificates=1 short=0 held=1 local_candidates=0 yaw=-160.00
[depth_angular_controller-1] [INFO] [1791303622.056961287] [depth_angular_controller]: PAPER_BUILD reason=FULL_MOTION_CERTIFICATE required=0.0000 best=0.0000 free=0 refined=0 tubes=38 revoked_tubes=0 proofs=128
[depth_angular_controller-1] [INFO] [1791303622.056972609] [depth_angular_controller]: PAPER_EVIDENCE retained=16 balls=32 revoked_balls=0 expired_views=0 evicted_views=78 radius=0.580 clearance=0.000 best_prefix=0.000
[position_cmd_to_twist-2] [INFO] [1791303623.007455152] [position_cmd_to_twist]: [PERF BRIDGE] run=final_v17_sweep_ego1p3_3 elapsed=40.24s received=1494 published=1494 fps(ros/wall)=59.96/56.84 controller_to_bridge_ms(mean/p50/p95/max)=0.000/0.000/0.000/0.000 bridge_process_ms(mean/p95/max)=0.087/0.112/0.309
[NAV] t=25.0s position=(-68.23,-3.51,2.60) yaw=0.0deg command=(-0.74,-0.29,-0.08) manual_active=1 collision_blocks=0
[depth_angular_controller-1] [INFO] [1791303623.088791489] [depth_angular_controller]: OMNI_DEPTH views=4 azimuth_bins=180 elevation_bins=37 valid=1 certificates=1 short=0 held=0 local_candidates=0 yaw=-156.00
[depth_angular_controller-1] [INFO] [1791303623.088928236] [depth_angular_controller]: PAPER_BUILD reason=FULL_MOTION_CERTIFICATE required=0.0000 best=0.0000 free=0 refined=0 tubes=40 revoked_tubes=0 proofs=128
[depth_angular_controller-1] [INFO] [1791303623.088934548] [depth_angular_controller]: PAPER_EVIDENCE retained=16 balls=32 revoked_balls=0 expired_views=0 evicted_views=82 radius=0.580 clearance=0.000 best_prefix=0.000
[depth_angular_controller-1] [INFO] [1791303624.126493716] [depth_angular_controller]: OMNI_DEPTH views=4 azimuth_bins=180 elevation_bins=37 valid=1 certificates=1 short=0 held=1 local_candidates=0 yaw=-117.48
[depth_angular_controller-1] [INFO] [1791303624.126671650] [depth_angular_controller]: PAPER_BUILD reason=FULL_MOTION_CERTIFICATE required=0.0000 best=0.0000 free=0 refined=0 tubes=42 revoked_tubes=0 proofs=128
[depth_angular_controller-1] [INFO] [1791303624.126680857] [depth_angular_controller]: PAPER_EVIDENCE retained=16 balls=32 revoked_balls=0 expired_views=0 evicted_views=86 radius=0.580 clearance=0.000 best_prefix=0.000
[depth_angular_controller-1] [INFO] [1791303625.335578324] [depth_angular_controller]: OMNI_DEPTH views=4 azimuth_bins=180 elevation_bins=37 valid=1 certificates=1 short=0 held=0 local_candidates=0 yaw=-100.00
[depth_angular_controller-1] [INFO] [1791303625.335743304] [depth_angular_controller]: PAPER_BUILD reason=FULL_MOTION_CERTIFICATE required=0.0000 best=0.0000 free=0 refined=0 tubes=45 revoked_tubes=0 proofs=128
[depth_angular_controller-1] [INFO] [1791303625.335748403] [depth_angular_controller]: PAPER_EVIDENCE retained=16 balls=32 revoked_balls=0 expired_views=0 evicted_views=90 radius=0.580 clearance=0.000 best_prefix=0.000
[depth_angular_controller-1] [INFO] [1791303626.347149342] [depth_angular_controller]: OMNI_DEPTH views=4 azimuth_bins=180 elevation_bins=37 valid=1 certificates=1 short=0 held=1 local_candidates=0 yaw=-70.00
[depth_angular_controller-1] [INFO] [1791303626.347636087] [depth_angular_controller]: PAPER_BUILD reason=FULL_MOTION_CERTIFICATE required=0.0000 best=0.0000 free=0 refined=0 tubes=47 revoked_tubes=0 proofs=128
[depth_angular_controller-1] [INFO] [1791303626.347655433] [depth_angular_controller]: PAPER_EVIDENCE retained=16 balls=32 revoked_balls=0 expired_views=0 evicted_views=93 radius=0.580 clearance=0.000 best_prefix=0.000
[depth_angular_controller-1] [INFO] [1791303626.821886011] [depth_angular_controller]: [PERF CTRL] run=final_v17_sweep_ego1p3_3 elapsed=44.17s callbacks=1703 commands=1702 guidance=1642 command_fps(ros/wall)=59.96/56.52 guidance_wall_fps=56.13 avoid_ms(mean/p50/p95/max)=0.351/0.222/1.522/4.453 cycle_ms(mean/p95/max)=17.693/22.963/83.004 depth_to_cmd_ms(mean/p95/max)=40.621/83.333/116.667 callback_to_publish_ms(mean/p95/max)=2.295/6.838/13.178
[depth_angular_controller-1] [INFO] [1791303626.822058615] [depth_angular_controller]: EVIDENCE_COST ingest(mean/p95/max)=1.848/6.499/13.134 record=0.033/0.043/1.322 ms
[depth_angular_controller-1] [INFO] [1791303626.822069285] [depth_angular_controller]: EVIDENCE_PHASE per_view_mean_ms balls=0.051 tubes=0.015 history=0.371 eviction=0.001
[depth_angular_controller-1] [INFO] [1791303627.424361601] [depth_angular_controller]: OMNI_DEPTH views=4 azimuth_bins=180 elevation_bins=37 valid=1 certificates=1 short=0 held=0 local_candidates=0 yaw=-80.00
[depth_angular_controller-1] [INFO] [1791303627.424505651] [depth_angular_controller]: PAPER_BUILD reason=FULL_MOTION_CERTIFICATE required=0.0000 best=0.0000 free=0 refined=0 tubes=49 revoked_tubes=0 proofs=128
[depth_angular_controller-1] [INFO] [1791303627.424512304] [depth_angular_controller]: PAPER_EVIDENCE retained=16 balls=32 revoked_balls=0 expired_views=0 evicted_views=97 radius=0.580 clearance=0.000 best_prefix=0.000
[position_cmd_to_twist-2] [INFO] [1791303628.435411690] [position_cmd_to_twist]: [PERF BRIDGE] run=final_v17_sweep_ego1p3_3 elapsed=45.67s received=1794 published=1794 fps(ros/wall)=59.97/56.57 controller_to_bridge_ms(mean/p50/p95/max)=0.000/0.000/0.000/0.000 bridge_process_ms(mean/p95/max)=0.087/0.111/0.309
[NAV] t=30.0s position=(-69.02,-6.86,2.33) yaw=0.0deg command=(0.21,-0.77,0.00) manual_active=1 collision_blocks=0
[depth_angular_controller-1] [INFO] [1791303628.514278185] [depth_angular_controller]: OMNI_DEPTH views=4 azimuth_bins=180 elevation_bins=37 valid=1 certificates=1 short=0 held=1 local_candidates=0 yaw=-62.00
[depth_angular_controller-1] [INFO] [1791303628.514428607] [depth_angular_controller]: PAPER_BUILD reason=FULL_MOTION_CERTIFICATE required=0.0000 best=0.0000 free=0 refined=0 tubes=51 revoked_tubes=0 proofs=128
[depth_angular_controller-1] [INFO] [1791303628.514435210] [depth_angular_controller]: PAPER_EVIDENCE retained=16 balls=32 revoked_balls=0 expired_views=0 evicted_views=101 radius=0.580 clearance=0.000 best_prefix=0.000
[depth_angular_controller-1] [INFO] [1791303629.608827856] [depth_angular_controller]: OMNI_DEPTH views=4 azimuth_bins=180 elevation_bins=37 valid=1 certificates=1 short=0 held=0 local_candidates=0 yaw=-60.00
[depth_angular_controller-1] [INFO] [1791303629.609012062] [depth_angular_controller]: PAPER_BUILD reason=FULL_MOTION_CERTIFICATE required=0.0000 best=0.0000 free=0 refined=0 tubes=53 revoked_tubes=0 proofs=128
[depth_angular_controller-1] [INFO] [1791303629.609019496] [depth_angular_controller]: PAPER_EVIDENCE retained=16 balls=32 revoked_balls=0 expired_views=0 evicted_views=105 radius=0.580 clearance=0.000 best_prefix=0.000
[depth_angular_controller-1] [INFO] [1791303630.691895118] [depth_angular_controller]: OMNI_DEPTH views=4 azimuth_bins=180 elevation_bins=37 valid=1 certificates=1 short=0 held=0 local_candidates=0 yaw=-50.00
[depth_angular_controller-1] [INFO] [1791303630.692078703] [depth_angular_controller]: PAPER_BUILD reason=FULL_MOTION_CERTIFICATE required=0.0000 best=0.0000 free=0 refined=0 tubes=55 revoked_tubes=0 proofs=128
[depth_angular_controller-1] [INFO] [1791303630.692087038] [depth_angular_controller]: PAPER_EVIDENCE retained=16 balls=32 revoked_balls=0 expired_views=0 evicted_views=109 radius=0.580 clearance=0.000 best_prefix=0.000
[depth_angular_controller-1] [INFO] [1791303631.777742905] [depth_angular_controller]: OMNI_DEPTH views=4 azimuth_bins=180 elevation_bins=37 valid=1 certificates=1 short=0 held=0 local_candidates=0 yaw=-40.00
[depth_angular_controller-1] [INFO] [1791303631.777902816] [depth_angular_controller]: PAPER_BUILD reason=FULL_MOTION_CERTIFICATE required=0.0000 best=0.0000 free=0 refined=0 tubes=56 revoked_tubes=0 proofs=128
[depth_angular_controller-1] [INFO] [1791303631.777910500] [depth_angular_controller]: PAPER_EVIDENCE retained=16 balls=32 revoked_balls=0 expired_views=0 evicted_views=113 radius=0.580 clearance=0.000 best_prefix=0.000
[depth_angular_controller-1] [INFO] [1791303631.833813519] [depth_angular_controller]: [PERF CTRL] run=final_v17_sweep_ego1p3_3 elapsed=49.18s callbacks=1984 commands=1983 guidance=1923 command_fps(ros/wall)=59.97/56.45 guidance_wall_fps=56.12 avoid_ms(mean/p50/p95/max)=0.339/0.223/1.389/4.453 cycle_ms(mean/p95/max)=17.714/22.819/83.004 depth_to_cmd_ms(mean/p95/max)=39.530/83.333/116.667 callback_to_publish_ms(mean/p95/max)=2.349/6.786/13.178
[depth_angular_controller-1] [INFO] [1791303631.833993127] [depth_angular_controller]: EVIDENCE_COST ingest(mean/p95/max)=1.914/6.328/13.134 record=0.031/0.036/1.322 ms
[depth_angular_controller-1] [INFO] [1791303631.833999890] [depth_angular_controller]: EVIDENCE_PHASE per_view_mean_ms balls=0.051 tubes=0.020 history=0.381 eviction=0.001
[depth_angular_controller-1] [INFO] [1791303632.753049211] [depth_angular_controller]: OMNI_DEPTH views=4 azimuth_bins=180 elevation_bins=37 valid=1 certificates=1 short=0 held=0 local_candidates=0 yaw=-30.00
[depth_angular_controller-1] [INFO] [1791303632.753192149] [depth_angular_controller]: PAPER_BUILD reason=FULL_MOTION_CERTIFICATE required=0.0000 best=0.0000 free=0 refined=0 tubes=58 revoked_tubes=0 proofs=128
[depth_angular_controller-1] [INFO] [1791303632.753199413] [depth_angular_controller]: PAPER_EVIDENCE retained=16 balls=32 revoked_balls=0 expired_views=0 evicted_views=117 radius=0.580 clearance=0.000 best_prefix=0.000
[position_cmd_to_twist-2] [INFO] [1791303633.700638557] [position_cmd_to_twist]: [PERF BRIDGE] run=final_v17_sweep_ego1p3_3 elapsed=50.93s received=2094 published=2094 fps(ros/wall)=59.97/56.63 controller_to_bridge_ms(mean/p50/p95/max)=0.000/0.000/0.000/0.000 bridge_process_ms(mean/p95/max)=0.087/0.110/0.309
[NAV] t=35.0s position=(-66.49,-9.81,2.39) yaw=0.0deg command=(0.72,-0.34,0.00) manual_active=1 collision_blocks=0
[depth_angular_controller-1] [INFO] [1791303633.780955238] [depth_angular_controller]: OMNI_DEPTH views=4 azimuth_bins=180 elevation_bins=37 valid=1 certificates=1 short=0 held=0 local_candidates=0 yaw=-20.00
[depth_angular_controller-1] [INFO] [1791303633.781126990] [depth_angular_controller]: PAPER_BUILD reason=FULL_MOTION_CERTIFICATE required=0.0000 best=0.0000 free=0 refined=0 tubes=59 revoked_tubes=0 proofs=128
[depth_angular_controller-1] [INFO] [1791303633.781134264] [depth_angular_controller]: PAPER_EVIDENCE retained=16 balls=32 revoked_balls=0 expired_views=0 evicted_views=121 radius=0.580 clearance=0.000 best_prefix=0.000
[depth_angular_controller-1] [INFO] [1791303634.881408634] [depth_angular_controller]: OMNI_DEPTH views=4 azimuth_bins=180 elevation_bins=37 valid=1 certificates=1 short=0 held=0 local_candidates=0 yaw=-10.00
[depth_angular_controller-1] [INFO] [1791303634.881539369] [depth_angular_controller]: PAPER_BUILD reason=FULL_MOTION_CERTIFICATE required=0.0000 best=0.0000 free=0 refined=0 tubes=61 revoked_tubes=0 proofs=128
[depth_angular_controller-1] [INFO] [1791303634.881549809] [depth_angular_controller]: PAPER_EVIDENCE retained=16 balls=32 revoked_balls=0 expired_views=0 evicted_views=125 radius=0.580 clearance=0.000 best_prefix=0.000
[depth_angular_controller-1] [INFO] [1791303635.973788727] [depth_angular_controller]: OMNI_DEPTH views=4 azimuth_bins=180 elevation_bins=37 valid=1 certificates=1 short=0 held=0 local_candidates=0 yaw=-0.00
[depth_angular_controller-1] [INFO] [1791303635.973888495] [depth_angular_controller]: PAPER_BUILD reason=FULL_MOTION_CERTIFICATE required=0.0000 best=0.0000 free=0 refined=0 tubes=63 revoked_tubes=0 proofs=128
[depth_angular_controller-1] [INFO] [1791303635.973895929] [depth_angular_controller]: PAPER_EVIDENCE retained=16 balls=32 revoked_balls=0 expired_views=0 evicted_views=129 radius=0.580 clearance=0.000 best_prefix=0.000
[depth_angular_controller-1] [INFO] [1791303636.835059164] [depth_angular_controller]: [PERF CTRL] run=final_v17_sweep_ego1p3_3 elapsed=54.18s callbacks=2270 commands=2269 guidance=2209 command_fps(ros/wall)=59.97/56.55 guidance_wall_fps=56.25 avoid_ms(mean/p50/p95/max)=0.322/0.222/1.095/4.453 cycle_ms(mean/p95/max)=17.685/23.360/84.551 depth_to_cmd_ms(mean/p95/max)=38.969/83.333/116.667 callback_to_publish_ms(mean/p95/max)=2.366/7.009/13.178
[depth_angular_controller-1] [INFO] [1791303636.835258378] [depth_angular_controller]: EVIDENCE_COST ingest(mean/p95/max)=1.948/6.663/13.134 record=0.028/0.027/1.322 ms
[depth_angular_controller-1] [INFO] [1791303636.835265041] [depth_angular_controller]: EVIDENCE_PHASE per_view_mean_ms balls=0.052 tubes=0.023 history=0.386 eviction=0.001
[depth_angular_controller-1] [INFO] [1791303637.073332854] [depth_angular_controller]: ZERO_INTENT
[position_cmd_to_twist-2] [INFO] [1791303638.931626098] [position_cmd_to_twist]: [PERF BRIDGE] run=final_v17_sweep_ego1p3_3 elapsed=56.17s received=2394 published=2394 fps(ros/wall)=59.97/56.72 controller_to_bridge_ms(mean/p50/p95/max)=0.000/0.000/0.000/0.000 bridge_process_ms(mean/p95/max)=0.087/0.110/1.373
[NAV] t=40.0s position=(-63.91,-10.25,2.39) yaw=0.0deg command=(0.00,0.00,0.00) manual_active=0 collision_blocks=0
[MANUAL RESULT] TIMEOUT position=(-63.908,-10.250,2.392)
[PERF ISAAC FINAL] run=final_v17_sweep_ego1p3_3 result=MANUAL_TIMEOUT wall=42.66s sim_frames=2403 fps(sim/wall)=60.05/56.33 command_changes=1891 collision_blocks=0 frame_interval_ms(mean/p50/p95/max)=17.617/15.954/18.212/79.612
[55.980s] Simulation App Shutting Down
[depth_angular_controller-1] [INFO] [1791303639.619051506] [rclcpp]: signal_handler(SIGINT/SIGTERM)
[position_cmd_to_twist-2] [INFO] [1791303639.619642516] [position_cmd_to_twist]: [PERF BRIDGE FINAL] run=final_v17_sweep_ego1p3_3 elapsed=56.85s received=2400 published=2400 fps(ros/wall)=59.97/56.74 controller_to_bridge_ms(mean/p50/p95/max)=0.000/0.000/0.000/0.000 bridge_process_ms(mean/p95/max)=0.087/0.110/1.373
[position_cmd_to_twist-2] Failed to publish log message to rosout: publisher's context is invalid, at ./src/rcl/publisher.c:389
[depth_angular_controller-1] [INFO] [1791303639.619885443] [depth_angular_controller]: [PERF CTRL FINAL] run=final_v17_sweep_ego1p3_3 elapsed=56.97s callbacks=2401 commands=2400 guidance=2219 command_fps(ros/wall)=59.98/56.74 guidance_wall_fps=56.19 avoid_ms(mean/p50/p95/max)=0.321/0.222/1.094/4.453 cycle_ms(mean/p95/max)=17.623/23.280/84.551 depth_to_cmd_ms(mean/p95/max)=38.951/83.333/116.667 callback_to_publish_ms(mean/p95/max)=2.346/6.938/13.178
[depth_angular_controller-1] [INFO] [1791303639.620047127] [depth_angular_controller]: EVIDENCE_COST ingest(mean/p95/max)=1.947/6.603/13.134 record=0.027/0.027/1.322 ms
[depth_angular_controller-1] [INFO] [1791303639.620050062] [depth_angular_controller]: EVIDENCE_PHASE per_view_mean_ms balls=0.052 tubes=0.023 history=0.386 eviction=0.001
[INFO] [depth_angular_controller-1]: process has finished cleanly [pid 165034]
[INFO] [position_cmd_to_twist-2]: process has finished cleanly [pid 165036]
