[PERF] run=final_v9_spin_ego1p2_1 log=/home/starry/isaac-data/EGO1P3/performance/omni_20261006/final_v9_spin_ego1p2_1_performance.md
[INPUT] mode=trace scene_mode=cloud
[LOCK] Waiting for shared Isaac navigation slot
[INFO] [launch]: All log files can be found below /tmp/fov_gvf_ego1p3_isaac_ros_log/2026-10-06-23-07-07-014845-starry-System-Product-Name-131558
[INFO] [launch]: Default logging verbosity is set to INFO
[INFO] [depth_angular_controller-1]: process started with pid [131562]
[INFO] [position_cmd_to_twist-2]: process started with pid [131564]
[depth_angular_controller-1] [INFO] [1791299227.048722252] [depth_angular_controller]: PROCESSING_RATES control=60.0 Hz depth_limit=10.0 Hz (0=unlimited)
[depth_angular_controller-1] [INFO] [1791299227.051007557] [depth_angular_controller]: C++ controller commands publish on /position_cmd; horizontal views=4
[ROS CHECK] ROS_DOMAIN_ID=42 /position_cmd publishers=1
Type: pc_gvf_msgs/msg/PositionCommand
Publisher count: 1
Subscription count: 1
/depth_angular_controller
/position_cmd_to_twist
WARNING: All log messages before absl::InitializeLog() is called are written to STDERR
E0000 00:00:1791299228.061816  131603 descriptor_database.cc:633] File already exists in database: grpc/health/v1/health.proto
W0000 00:00:1791299228.061840  131603 message.cc:301] Protobuf GeneratedMessageFactory: File is already registered: grpc/health/v1/health.proto
2026-10-06T15:07:07Z [Info] [carb] Logging to file: /home/starry/isaac-data/isaacsim/kit/logs/Kit/Isaac-Sim Python/6.0/kit_20261006_230707.log
[0.049s] [ext: omni.assets.plugins-0.0.0] startup
[0.050s] [ext: omni.blobkey-1.1.2] startup
[0.050s] [ext: omni.kit.async_engine-0.0.3] startup
[0.332s] [ext: omni.client.lib-1.1.1] startup
[0.340s] [ext: omni.client-1.3.0] startup
[0.342s] [ext: omni.protobuf.lib-1.0.0] startup
[0.343s] [ext: omni.grpc.lib-1.0.0] startup
[0.346s] [ext: omni.metrics.core-0.0.3] startup
[0.346s] [ext: omni.datastore-0.0.0] startup
[0.347s] [ext: omni.gpu_foundation.shadercache.vulkan-1.0.0] startup
[0.349s] [ext: omni.hsscclient-1.1.4] startup
[0.349s] [ext: omni.stats-1.0.1] startup
[0.350s] [ext: omni.ujitso.default-1.0.0] startup
[0.353s] [ext: omni.gpu_foundation-0.0.0] startup
[0.480s] [ext: carb.windowing.plugins-1.0.1] startup
[0.480s] [ext: omni.kit.renderer.init-1.0.1] startup
2026-10-06T15:07:08Z [683ms] [Warning] [omni.rtx] Skipping unsupported non-NVIDIA GPU: AMD Unknown (RADV RAPHAEL_MENDOCINO)
2026-10-06T15:07:08Z [684ms] [Warning] [omni.rtx] Skipping unsupported non-NVIDIA GPU: AMD Unknown (RADV RAPHAEL_MENDOCINO)

|---------------------------------------------------------------------------------------------|
| Driver Version: 580.178.04    | Graphics API: Vulkan
|=============================================================================================|
| GPU | Name                             | Active | LDA | GPU Memory | Vendor-ID | LUID       |
|     |                                  |        |     |            | Device-ID | UUID       |
|     |                                  |        |     |            | Bus-ID    |            |
|---------------------------------------------------------------------------------------------|
| 0   | NVIDIA GeForce RTX 5070          | Yes: 0 |     | 12227   MB | 10de      | 0          |
|     |                                  |        |     |            | 2f04      | 348d89fe.. |
|     |                                  |        |     |            | 1         |            |
|---------------------------------------------------------------------------------------------|
| 1   | AMD Unknown (RADV RAPHAEL_MEND.. |        |     | 10755   MB | 1002      | 0          |
|     |                                  |        |     |            | 13c0      | 00000000.. |
|     |                                  |        |     |            | c         |            |
|=============================================================================================|
| OS: 22.04.5 LTS (Jammy Jellyfish) ubuntu, Version: 22.04.5, Kernel: 6.8.0-138-generic
| XServer Vendor: The X.Org Foundation, XServer Version: 12101004 (1.21.1.4)
| Processor: AMD Ryzen 5 9600X 6-Core Processor
| Cores: 6 | Logical Cores: 12
|---------------------------------------------------------------------------------------------|
| Total Memory (MB): 31241 | Free Memory: 21755
| Total Page/Swap (MB): 15624 | Free Page/Swap: 15624
|---------------------------------------------------------------------------------------------|
2026-10-06T15:07:08Z [900ms] [Warning] [omni.rtx] CPU performance profile is set to powersave. This profile sets the CPU to the lowest frequency reducing performance.
2026-10-06T15:07:08Z [908ms] [Warning] [omni.rtx] IOMMU is enabled.
[1.017s] [ext: omni.kit.pipapi-0.0.0] startup
[1.018s] [ext: omni.kit.pip_archive-0.0.0] startup
[1.018s] [ext: isaacsim.pip.newton-0.6.1] startup
[1.018s] [ext: omni.pip.compute-1.9.2] startup
[1.019s] [ext: omni.isaac.core_archive-5.3.1] startup
[1.019s] [ext: omni.kit.telemetry-0.5.2] startup
[1.037s] [ext: omni.kit.loop-isaac-1.6.0] startup
[1.038s] [ext: omni.kit.test-2.0.7] startup
[1.093s] [ext: omni.materialx.libs-1.0.9] startup
[1.100s] [ext: omni.gpucompute.plugins-0.0.0] startup
[1.100s] [ext: omni.usd.config-1.0.7] startup
[1.103s] [ext: omni.usd.libs-1.0.3] startup
[1.161s] [ext: omni.iray.libs-0.0.1] startup
[1.164s] [ext: omni.mdl-57.0.3] startup
[1.230s] [ext: omni.mdl.neuraylib-0.2.20] startup
[1.232s] [ext: omni.kit.usd.mdl-1.1.9] startup
[1.329s] [ext: omni.appwindow-1.2.2] startup
[1.331s] [ext: omni.kit.renderer.core-1.2.2] startup
2026-10-06T15:07:11Z [3,848ms] [Warning] [carb.windowing-glfw.gamepad] Joystick with unknown remapping detected (will be ignored):  BEITONG BEITONG A2P3A BFM DONGLE [03000000bc2000001c51000011010000]
[3.947s] [ext: omni.kit.renderer.capture-2.0.1] startup
[3.951s] [ext: omni.kit.renderer.imgui-2.0.6] startup
[4.173s] [ext: omni.ui-3.2.0] startup
[4.225s] [ext: omni.kit.mainwindow-1.0.3] startup
[4.227s] [ext: carb.audio-0.1.0] startup
[4.236s] [ext: omni.uiaudio-1.0.0] startup
[4.237s] [ext: omni.kit.uiapp-0.0.0] startup
[4.237s] [ext: omni.usd.schema.metrics.assembler-110.1.0] startup
[4.245s] [ext: omni.usd.schema.audio-0.0.1] startup
[4.253s] [ext: omni.usd_resolver-1.0.0] startup
[4.263s] [ext: omni.usd.core-1.8.3] startup
[4.270s] [ext: omni.metropolis.schema-0.0.3] startup
[4.274s] [ext: isaacsim.anim.robot.schema-0.1.1] startup
[4.276s] [ext: omni.usd.schema.anim-0.0.1] startup
[4.330s] [ext: omni.usd.schema.geospatial-0.0.1] startup
[4.337s] [ext: omni.usd.schema.omnigraph-1.0.1] startup
[4.351s] [ext: omni.usd.schema.semantics-0.0.0] startup
[4.361s] [ext: omni.activity.core-1.0.3] startup
[4.365s] [ext: omni.cubric-0.1.0] startup
[4.365s] [ext: omni.graph.exec-0.9.6] startup
[4.365s] [ext: omni.hydra.scene_delegate-0.3.5] startup
[4.374s] [ext: usdrt.scenegraph-7.6.3] startup
[4.462s] [ext: omni.hydra.usdrt_delegate-7.5.2] startup
[4.479s] [ext: omni.inspect-1.0.2] startup
[4.483s] [ext: omni.kit.actions.core-1.0.0] startup
[4.492s] [ext: omni.kit.audiodeviceenum-1.0.2] startup
[4.494s] [ext: omni.kit.commands-1.5.0] startup
[4.502s] [ext: omni.kit.exec.core-0.13.5] startup
[4.508s] [ext: omni.kit.usd_undo-0.1.8] startup
[4.512s] [ext: omni.kit.window.popup_dialog-2.0.25] startup
[4.521s] [ext: omni.kit.widget.nucleus_connector-2.3.1] startup
[4.531s] [ext: omni.timeline-1.1.0] startup
[4.538s] [ext: omni.usd-1.16.0] startup
[4.643s] [ext: omni.graph.core-3.1.2] startup
[4.653s] [ext: omni.kit.notification_manager-1.0.11] startup
[4.659s] [ext: isaacsim.core.deprecation_manager-0.4.2] startup
[4.663s] [ext: isaacsim.replicator.agent.schema-0.1.1] startup
[4.665s] [ext: isaacsim.robot.schema-6.3.7] startup
[4.671s] [ext: isaacsim.robot_motion.schema-0.2.1] startup
[4.672s] [ext: omni.anim.behavior.schema-110.1.0] startup
[4.677s] [ext: omni.anim.graph.schema-110.1.1] startup
[4.686s] [ext: omni.anim.navigation.schema-110.1.0] startup
[4.690s] [ext: omni.behavior.tree.schema-110.1.0] startup
[4.691s] [ext: omni.isaac.ml_archive-3.3.0] startup
[4.691s] [ext: omni.kit.asset_converter-6.0.1] startup
[4.707s] [ext: omni.pip.cloud-1.5.4] startup
[4.710s] [ext: omni.usd.schema.flow-110.0.0] startup
[4.711s] [ext: omni.usd.schema.mujoco-1.1.1] startup
[4.712s] [ext: omni.usd.schema.newton-1.2.1] startup
[4.712s] [ext: omni.usd.schema.omni_lens_distortion-1.0.0] startup
[4.713s] [ext: omni.usd.schema.omni_projectors-1.0.0] startup
[4.714s] [ext: omni.usd.schema.omni_sensors-0.0.0] startup
[4.725s] [ext: omni.usd.schema.omniscripting-1.0.1] startup
[4.731s] [ext: omni.usd.schema.physical_lighting-0.1.0] startup
[4.735s] [ext: omni.usd.schema.physx-110.1.13] startup
[4.777s] [ext: omni.usd.schema.render_settings.rtx-1.0.2] startup
[4.782s] [ext: omni.usd.schema.usd_particle_field-1.0.0] startup
[4.783s] [ext: isaacsim.core.version-2.1.1] startup
[4.783s] [ext: omni.kit.menu.core-1.2.0] startup
[4.784s] [ext: omni.kit.menu.utils-2.2.4] startup
[4.795s] [ext: isaacsim.app.about-2.3.1] startup
[4.802s] [ext: isaacsim.asset.transformer-1.2.5] startup
[4.807s] [ext: omni.scene.optimizer.core-110.1.0] startup
[4.860s] [ext: isaacsim.asset.importer.utils-1.8.1] startup
[4.863s] [ext: omni.convexdecomposition-110.1.13] startup
[4.867s] [ext: omni.physics-110.1.13] startup
[4.871s] [ext: omni.physx.gpu-110.1.13] startup
[4.871s] [ext: omni.physx.foundation-110.1.13] startup
[4.873s] [ext: omni.usdphysics-110.1.13] startup
[4.875s] [ext: omni.physx.cooking-110.1.13] startup
[4.878s] [ext: omni.physx-110.1.13] startup
[4.891s] [ext: omni.physics.physx-110.1.13] startup
[4.894s] [ext: isaacsim.asset.exporter.urdf-2.0.5] startup
[4.906s] [ext: omni.kit.clipboard-1.1.1] startup
[4.908s] [ext: omni.kit.usd.layers-2.6.1] startup
[4.918s] [ext: omni.kit.widget.context_menu-1.4.0] startup
[4.920s] [ext: omni.kit.context_menu-1.9.0] startup
[4.922s] [ext: omni.kit.helper.file_utils-0.1.10] startup
[4.924s] [ext: omni.kit.widget.nucleus_info-2.0.2] startup
[4.925s] [ext: omni.kit.search_core-1.0.8] startup
[4.926s] [ext: omni.kit.widget.path_field-2.0.13] startup
[4.927s] [ext: omni.kit.widget.browser_bar-2.0.10] startup
[4.928s] [ext: omni.kit.widget.filebrowser-2.13.4] startup
[4.934s] [ext: omni.kit.widget.options_menu-1.1.6] startup
[4.938s] [ext: omni.kit.widget.options_button-1.0.3] startup
[4.939s] [ext: omni.kit.widget.search_delegate-1.0.9] startup
[4.941s] [ext: omni.ui.scene-2.0.3] startup
[4.947s] [ext: omni.kit.window.filepicker-2.15.5] startup
[4.965s] [ext: omni.kit.window.file_importer-1.1.21] startup
[4.968s] [ext: omni.kit.material.library-3.1.2] startup
[4.975s] [ext: isaacsim.asset.transformer.rules-1.7.10] startup
[4.991s] [ext: omni.usdex.libs-2.2.2] startup
[5.002s] [ext: isaacsim.asset.importer.mjcf-3.10.1] startup
[5.005s] [ext: isaacsim.asset.importer.urdf-3.11.2] startup
[5.011s] [ext: omni.kit.primitive.mesh-1.1.0] startup
[5.015s] [ext: omni.kit.stage_template.core-1.1.22] startup
[5.016s] [ext: omni.kit.stage_templates-2.0.2] startup
[5.018s] [ext: omni.usd.metrics.assembler-110.1.2] startup
[5.022s] [ext: omni.warp.core-1.13.0] startup
[5.289s] [ext: isaacsim.core.experimental.utils-0.17.2] startup
[5.290s] [ext: omni.physics.stageupdate-110.1.13] startup
[5.292s] [ext: omni.physics.tensors-110.1.13] startup
[5.296s] [ext: omni.physx.tensors-110.1.13] startup
[5.386s] [ext: isaacsim.core.simulation_manager-1.15.6] startup
[5.404s] [ext: isaacsim.storage.native-1.9.3] startup
[5.406s] [ext: omni.usd.metrics.assembler.physics-110.1.13] startup
[5.407s] [ext: isaacsim.core.utils-4.1.7] startup
[5.411s] [ext: isaacsim.core.prims-0.11.7] startup
[6.607s] [ext: isaacsim.core.api-5.2.13] startup
[6.612s] [ext: isaacsim.core.cloner-1.7.3] startup
[6.613s] [ext: isaacsim.test.docstring-1.3.2] startup
[6.615s] [ext: isaacsim.core.experimental.prims-1.8.9] startup
[6.634s] [ext: isaacsim.core.experimental.primdata-0.3.2] startup
[6.635s] [ext: omni.graph.tools-1.81.0] startup
[6.654s] [ext: omni.graph-1.142.5] startup
[6.686s] [ext: isaacsim.core.experimental.actuators-0.1.2] startup
[6.699s] [ext: isaacsim.core.experimental.materials-0.7.1] startup
[6.702s] [ext: isaacsim.core.experimental.objects-0.8.1] startup
[6.757s] [ext: omni.hydra.engine.stats-1.0.5] startup
[6.760s] [ext: omni.hydra.rtx.shadercache.vulkan-1.0.0] startup
[6.761s] [ext: omni.index.libs-387500.4413.0] startup
[6.761s] [ext: omni.index-1.0.1] startup
[6.761s] [ext: omni.ujitso.client-0.0.0] startup
[6.761s] [ext: omni.usd.schema.playback-1.0.0] startup
[6.764s] [ext: omni.volume-0.5.2] startup
[6.768s] [ext: omni.hydra.rtx-1.0.4] startup
2026-10-06T15:07:14Z [6,755ms] [Warning] [omni.log] Source: omni.hydra was already registered.
[6.789s] [ext: omni.kit.hydra_texture-1.6.0] startup
[6.793s] [ext: omni.kit.raycast.query-1.2.0] startup
[6.796s] [ext: omni.kit.viewport.legacy_gizmos-1.0.24] startup
[6.798s] [ext: omni.kit.viewport.registry-104.0.6] startup
[6.799s] [ext: omni.kit.viewport.scene_camera_model-1.0.7] startup
[6.801s] [ext: omni.kit.widget.viewport-109.2.0] startup
[6.805s] [ext: omni.kit.window.drop_support-1.0.8] startup
[6.805s] [ext: omni.kit.viewport.window-109.0.2] startup
[6.821s] [ext: omni.kit.viewport.utility-2.0.1] startup
[6.822s] [ext: isaacsim.core.rendering_manager-0.4.3] startup
[6.844s] [ext: omni.graph.action_core-1.1.9] startup
[6.846s] [ext: omni.graph.action_nodes_core-2.11.0] startup
[6.848s] [ext: omni.graph.action_nodes-2.11.0] startup
[6.864s] [ext: omni.graph.action-2.10.2] startup
[6.865s] [ext: omni.graph.image.core-0.6.1] startup
[6.866s] [ext: omni.graph.image.nodes-1.3.1] startup
[6.867s] [ext: omni.graph.nodes_core-2.11.0] startup
[6.871s] [ext: omni.graph.nodes-2.12.0] startup
[6.876s] [ext: omni.kit.hotkeys.core-1.3.12] startup
[6.877s] [ext: omni.kit.property.adapter.core-1.1.1] startup
[6.879s] [ext: omni.kit.property.adapter.usd-1.0.5] startup
[6.880s] [ext: omni.kit.widget.filter-1.1.5] startup
[6.881s] [ext: omni.kit.widget.highlight_label-1.0.3] startup
[6.882s] [ext: omni.kit.widget.searchfield-1.1.8] startup
[6.883s] [ext: omni.kit.window.file_exporter-1.0.36] startup
[6.884s] [ext: omni.kit.widget.stage-4.4.0] startup
[6.892s] [ext: omni.kit.window.content_browser_registry-0.0.6] startup
[6.893s] [ext: omni.kit.window.file-2.0.10] startup
[6.895s] [ext: omni.kit.window.content_browser-3.1.8] startup
[6.904s] [ext: omni.kit.window.property-1.15.1] startup
[6.914s] [ext: omni.kit.property.usd-4.9.4] startup
[6.924s] [ext: omni.graph.scriptnode-2.10.2] startup
[6.932s] [ext: omni.kit.widget.searchable_combobox-1.0.7] startup
[6.933s] [ext: omni.kit.widget.settings-2.0.0] startup
[6.935s] [ext: omni.kit.window.preferences-1.8.3] startup
[6.940s] [ext: omni.kit.viewport.menubar.core-107.2.2] startup
[6.951s] [ext: omni.syntheticdata-0.6.15] startup
[6.975s] [ext: omni.replicator.nv-1.1.1] startup
[6.980s] [ext: omni.videoencoding-0.2.1] startup
[6.982s] [ext: omni.replicator.core-1.13.27] startup
2026-10-06T15:07:14Z [6,964ms] [Warning] [pxr.Semantics] pxr.Semantics is deprecated - please use Semantics instead
2026-10-06T15:07:14Z [7,032ms] [Warning] [omni.replicator.core.scripts.extension] No material configuration file, adding configuration to material settings directly.
[7.185s] [ext: isaacsim.core.nodes-5.10.5] startup
[7.211s] [ext: isaacsim.core.throttling-2.3.5] startup
[7.213s] [ext: omni.kit.manipulator.viewport-107.0.1] startup
[7.214s] [ext: omni.graph.visualization.nodes-2.1.4] startup
[7.226s] [ext: omni.kit.window.extensions-1.5.10] startup
[7.230s] [ext: isaacsim.gui.components-1.8.5] startup
[7.234s] [ext: isaacsim.robot.surface_gripper-3.6.2] startup
[7.244s] [ext: isaacsim.robot.manipulators-3.4.4] startup
[7.254s] [ext: isaacsim.robot_motion.lula-4.1.3] startup
[7.259s] [ext: isaacsim.robot_motion.motion_generation-8.2.9] startup
[7.264s] [ext: isaacsim.cortex.framework-1.0.18] startup
[7.265s] [ext: isaacsim.cortex.behaviors-2.0.17] startup
[7.267s] [ext: isaacsim.examples.base-1.3.2] startup
[7.268s] [ext: omni.kit.widget.zoombar-1.0.7] startup
[7.269s] [ext: omni.kit.browser.core-2.3.18] startup
[7.272s] [ext: omni.kit.browser.folder.core-2.0.2] startup
[7.275s] [ext: omni.kit.widget.stage_icons-1.0.8] startup
[7.276s] [ext: omni.kit.window.stage-2.6.1] startup
[7.279s] [ext: omni.kit.menu.stage-1.2.7] startup
[7.280s] [ext: omni.kit.usd.collect-3.0.6] startup
[7.282s] [ext: omni.kit.widget.prompt-1.0.7] startup
[7.283s] [ext: omni.kit.tool.collect-2.2.19] startup
[7.284s] [ext: isaacsim.examples.browser-0.3.2] startup
[7.286s] [ext: omni.kit.search.files-1.0.4] startup
[7.287s] [ext: omni.kit.widget.calendar-1.0.9] startup
[7.288s] [ext: omni.kit.widget.extended_searchfield-1.0.31] startup
[7.295s] [ext: omni.simready.content.browser-0.3.7] startup
[7.385s] [ext: isaacsim.gui.content_browser-0.4.3] startup
[7.388s] [ext: omni.kit.selection-0.1.6] startup
[7.389s] [ext: isaacsim.gui.menu-2.10.5] startup
[7.396s] [ext: isaacsim.gui.property-1.6.4] startup
[7.402s] [ext: omni.kit.viewport.actions-110.0.0] startup
[7.406s] [ext: omni.kit.viewport.menubar.display-107.1.3] startup
[7.407s] [ext: isaacsim.gui.sensors.icon-2.2.1] startup
[7.410s] [ext: omni.behavior.scripting.core-110.1.0] startup
[7.412s] [ext: isaacsim.replicator.behavior-1.5.4] startup
[7.413s] [ext: isaacsim.replicator.experimental.domain_randomization-1.2.5] startup
[7.426s] [ext: isaacsim.replicator.domain_randomization-1.2.2] startup
[7.494s] [ext: isaacsim.replicator.writers-1.5.4] startup
[7.518s] [ext: isaacsim.robot.experimental.wheeled_robots-0.2.11] startup
[7.539s] [ext: isaacsim.robot.policy.examples-5.2.12] startup
[7.557s] [ext: isaacsim.robot.wheeled_robots-5.2.4] startup
[7.561s] [ext: isaacsim.robot.wheeled_robots.nodes-0.1.5] startup
[7.578s] [ext: isaacsim.robot_motion.experimental.motion_generation-6.1.3] startup
[7.590s] [ext: isaacsim.robot_motion.cumotion-1.3.1] startup
[7.603s] [ext: omni.kit.numpy.common-0.1.3] startup
[7.604s] [ext: isaacsim.sensors.camera-1.7.9] startup
[7.633s] [ext: isaacsim.sensors.experimental.physics-3.0.2] startup
[7.640s] [ext: omni.sensors.net-1.0.1] startup
[7.642s] [ext: omni.sensors.nv.common-3.0.0] startup
[7.651s] [ext: omni.sensors.nv.materials-2.0.0] startup
[7.654s] [ext: omni.sensors.nv.acoustic-3.0.0] startup
[7.656s] [ext: omni.sensors.nv.ids-2.0.1] startup
[7.658s] [ext: omni.sensors.nv.lidar-3.0.0] startup
[7.661s] [ext: omni.sensors.nv.radar-3.0.0] startup
[7.675s] [ext: isaacsim.sensors.experimental.rtx-1.4.6] startup
[7.894s] [ext: isaacsim.sensors.physics.nodes-1.5.3] startup
[7.899s] [ext: isaacsim.util.debug_draw-3.2.3] startup
[7.904s] [ext: isaacsim.sensors.physx-2.5.5] startup
[7.910s] [ext: isaacsim.sensors.rtx-15.17.1] startup
[7.919s] [ext: isaacsim.simulation_app-2.18.4] startup
[7.920s] [ext: omni.anim.curve.core-1.6.0] startup
[7.929s] [ext: omni.graph.ui_nodes-2.11.1] startup
[7.950s] [ext: omni.hydra.scene_api-0.1.3] startup
[7.954s] [ext: omni.kit.manipulator.camera-110.0.0] startup
[7.957s] [ext: omni.kit.manipulator.selector-1.1.4] startup
[7.958s] [ext: omni.kit.manipulator.transform-107.0.0] startup
[7.962s] [ext: omni.kit.widget.toolbar-2.1.0] startup
[7.967s] [ext: omni.kit.manipulator.tool.snap-1.5.14] startup
[7.970s] [ext: omni.kit.viewport.manipulator.transform-107.0.4] startup
[7.972s] [ext: omni.kit.manipulator.prim.core-108.0.2] startup
[7.977s] [ext: omni.kit.manipulator.prim.usd-107.0.3] startup
[7.978s] [ext: omni.kit.manipulator.prim-108.0.0] startup
[7.978s] [ext: omni.kit.manipulator.selection-109.0.1] startup
[7.979s] [ext: omni.kit.menu.create-2.0.2] startup
[7.981s] [ext: omni.kit.property.audio-1.0.16] startup
[7.984s] [ext: omni.kit.property.camera-1.0.14] startup
[7.985s] [ext: omni.kit.property.geometry-2.1.2] startup
[7.988s] [ext: omni.kit.property.light-1.0.14] startup
2026-10-06T15:07:15Z [7,984ms] [Warning] [omni.usd] Encountered USD Warnings but USD Diagnostics are currently muted. To view USD Warnings, please set the '/persistent/app/usd/muteUsdDiagnostics' setting to false in Preferences page.
[8.014s] [ext: omni.kit.property.material-1.14.6] startup
[8.019s] [ext: omni.kit.property.render-1.2.2] startup
[8.020s] [ext: omni.kit.property.transform-1.6.9] startup
[8.023s] [ext: omni.kit.property.bundle-1.5.1] startup
[8.025s] [ext: omni.kit.usdz_export-1.1.0] startup
[8.027s] [ext: omni.kit.tool.asset_importer-6.0.1] startup
[8.031s] [ext: omni.kit.ui.actions-1.0.5] startup
[8.033s] [ext: omni.kit.viewport.menubar.camera-107.0.10] startup
[8.037s] [ext: omni.kit.viewport.menubar.lighting-107.3.2] startup
[8.039s] [ext: omni.kit.viewport.menubar.render-110.0.0] startup
[8.041s] [ext: omni.kit.viewport.menubar.settings-110.0.1] startup
[8.045s] [ext: omni.kit.window.console-1.1.9] startup
[8.048s] [ext: omni.kit.window.status_bar-0.1.11] startup
[8.050s] [ext: omni.kit.window.toolbar-3.0.3] startup
[8.052s] [ext: omni.ocio-0.1.1] startup
[8.053s] [ext: omni.physx.commands-110.1.13] startup
[8.056s] [ext: omni.replicator.replicator_yaml-2.0.12] startup
[8.065s] [ext: omni.rtx.window.settings-0.8.0] startup
[8.069s] [ext: omni.rtx.settings.core-0.7.1] startup
[8.072s] [ext: omni.usd.metrics.assembler.ui-110.1.1] startup
[8.078s] [ext: semantics.schema.editor-2.0.2] startup
[8.080s] [ext: semantics.schema.property-2.0.2] startup
[8.082s] [ext: omni.kit.menu.common-2.0.2] startup
[8.083s] [ext: isaacsim.exp.base-6.0.1] startup
[8.083s] [ext: isaacsim.exp.base.python-6.0.1] startup
[8.084s] Simulation App Starting
[9.151s] Simulation App Startup Complete
[9.157s] app ready
Starting kit application with the following args:  ['/home/starry/isaac-data/isaacsim/exts/isaacsim.simulation_app/isaacsim/simulation_app/simulation_app.py', '/home/starry/isaac-data/isaacsim/apps/isaacsim.exp.base.python.kit', '--/app/tokens/exe-path=/home/starry/isaac-data/isaacsim/kit', '--/persistent/app/viewport/displayOptions=3094', '--/rtx/materialDb/syncLoads=True', '--/rtx/hydra/materialSyncLoads=True', '--/omni/kit/plugin/syncUsdLoads=True', '--/app/renderer/resolution/width=1280', '--/app/renderer/resolution/height=720', '--/app/window/width=1440', '--/app/window/height=900', '--/renderer/multiGpu/enabled=False', '--/app/fastShutdown=True', '--/app/installSignalHandlers=0', '--ext-folder', '/home/starry/isaac-data/isaacsim/exts', '--ext-folder', '/home/starry/isaac-data/isaacsim/apps', '--/renderer/activeGpu=0', '--/physics/cudaDevice=0', '--/plugins/carb.tasking.plugin/threadCount=12', '--/plugins/omni.tbb.globalcontrol/maxThreadCount=12', '--portable', '--no-window', '--/app/window/hideUi=1']
Passing the following args to the base kit application:  []
Warp 1.13.0 initialized:
   CUDA Toolkit 12.9, Driver 13.0
   Devices:
     "cpu"      : "x86_64"
     "cuda:0"   : "NVIDIA GeForce RTX 5070" (11 GiB, sm_120, mempool enabled)
   Kernel cache:
     /home/starry/.cache/warp/1.13.0
[LIGHTING] sun=800.0 (1) dome=0.0 (1) ambient=0.05 constant_color=(0.6, 0.65, 0.7)
[RENDER] mode=MinimalRendering minimal_shading_mode=2 anti_aliasing=TAA
[DEPTH CAMERAS] count=4 resolution_each=320x240 horizontal_coverage=360deg
[ESDF] path=/home/starry/isaac-data/EGO1P3/scenes/ego_swarm_cloud/occupancy.bin shape=(400, 300, 50) resolution=0.40m
[depth_angular_controller-1] [INFO] [1791299239.121918212] [depth_angular_controller]: WAITING_ODOMETRY
[NAV] t=0.0s position=(-64.00,-11.20,2.80) yaw=0.0deg command=(0.00,0.00,0.00) manual_active=0 collision_blocks=0
[depth_angular_controller-1] [INFO] [1791299239.731458709] [depth_angular_controller]: WAITING_VERIFIED_START_POSE
[depth_angular_controller-1] [INFO] [1791299239.767313191] [depth_angular_controller]: VERIFIED_FREE_SEED center=(-64.000,-11.200,2.800) radius=2.500 balls=1: verified fixed Cloud free ball; USD and occupancy SHA-256 matched
[depth_angular_controller-1] [INFO] [1791299239.767420894] [depth_angular_controller]: ZERO_INTENT
[depth_angular_controller-1] [INFO] [1791299240.677676739] [depth_angular_controller]: 3D guidance switched to view 0
[depth_angular_controller-1] [INFO] [1791299240.677732093] [depth_angular_controller]: DEPTH_PROPOSAL conservative_grid=64x48 measured_state=1 direction_only=1
[depth_angular_controller-1] [INFO] [1791299240.678085177] [depth_angular_controller]: DEPTH_PROPOSAL_CERTIFIED
[depth_angular_controller-1] [INFO] [1791299240.678094684] [depth_angular_controller]: PAPER_BUILD reason=FULL_MOTION_CERTIFICATE required=0.0000 best=0.0000 free=0 refined=0 tubes=0 revoked_tubes=0 proofs=0
[depth_angular_controller-1] [INFO] [1791299240.678103571] [depth_angular_controller]: PAPER_EVIDENCE retained=4 balls=1 revoked_balls=0 expired_views=0 evicted_views=0 radius=0.580 clearance=0.000 best_prefix=0.000
[depth_angular_controller-1] [INFO] [1791299241.849127601] [depth_angular_controller]: PAPER_BUILD reason=FULL_MOTION_CERTIFICATE required=0.0000 best=0.0000 free=0 refined=0 tubes=1 revoked_tubes=0 proofs=50
[depth_angular_controller-1] [INFO] [1791299241.849235695] [depth_angular_controller]: PAPER_EVIDENCE retained=8 balls=4 revoked_balls=0 expired_views=0 evicted_views=0 radius=0.580 clearance=0.000 best_prefix=0.000
[9.719s] [ext: isaacsim.sensors.rtx.nodes-0.1.2] startup
[9.727s] [ext: isaacsim.ros2.core-1.9.4] startup
[9.742s] Attempting to load system rclpy
[9.742s] Could not import system rclpy: No module named 'rclpy'
[9.742s] Attempting to load internal rclpy for ROS Distro: humble
[9.754s] rclpy loaded
[9.757s] [ext: isaacsim.ros2.nodes-1.18.13] startup
[9.794s] [ext: isaacsim.ros2.examples-1.2.4] startup
[9.798s] [ext: isaacsim.ros2.ui-1.6.5] startup
[10.024s] [ext: isaacsim.ros2.bridge-5.1.2] startup
2026-10-06T15:07:19Z [12,031ms] [Warning] [omni.timeline.plugin] Deprecated: direct use of ITimeline callbacks is deprecated. Use ITimeline::getTimeline (Python: omni.timeline.get_timeline_interface) instead.
[depth_angular_controller-1] [INFO] [1791299242.885251833] [depth_angular_controller]: PAPER_BUILD reason=FULL_MOTION_CERTIFICATE required=0.0000 best=0.0000 free=0 refined=0 tubes=4 revoked_tubes=0 proofs=108
[depth_angular_controller-1] [INFO] [1791299242.885288271] [depth_angular_controller]: PAPER_EVIDENCE retained=12 balls=14 revoked_balls=0 expired_views=0 evicted_views=0 radius=0.580 clearance=0.000 best_prefix=0.000
[depth_angular_controller-1] [INFO] [1791299243.951184133] [depth_angular_controller]: 3D guidance switched to view 3
[depth_angular_controller-1] [INFO] [1791299244.051086461] [depth_angular_controller]: PAPER_BUILD reason=FULL_MOTION_CERTIFICATE required=0.0000 best=0.0000 free=0 refined=0 tubes=8 revoked_tubes=0 proofs=128
[depth_angular_controller-1] [INFO] [1791299244.051126877] [depth_angular_controller]: PAPER_EVIDENCE retained=16 balls=27 revoked_balls=0 expired_views=0 evicted_views=0 radius=0.580 clearance=0.000 best_prefix=0.000
[depth_angular_controller-1] [INFO] [1791299244.745002045] [depth_angular_controller]: [PERF CTRL] run=final_v9_spin_ego1p2_1 elapsed=17.69s callbacks=278 commands=277 guidance=217 command_fps(ros/wall)=59.78/55.05 guidance_wall_fps=53.11 avoid_ms(mean/p50/p95/max)=0.494/0.407/0.917/3.318 cycle_ms(mean/p95/max)=18.165/23.751/80.332 depth_to_cmd_ms(mean/p95/max)=74.885/116.667/116.667 callback_to_publish_ms(mean/p95/max)=1.762/7.194/13.101
[depth_angular_controller-1] [INFO] [1791299244.745065604] [depth_angular_controller]: EVIDENCE_COST ingest(mean/p95/max)=1.278/6.824/13.056 record=0.018/0.057/0.223 ms
[depth_angular_controller-1] [INFO] [1791299244.745073509] [depth_angular_controller]: EVIDENCE_PHASE per_view_mean_ms balls=0.050 tubes=0.010 history=0.231 eviction=0.000
[position_cmd_to_twist-2] [INFO] [1791299245.123225735] [position_cmd_to_twist]: [PERF BRIDGE] run=final_v9_spin_ego1p2_1 elapsed=17.95s received=294 published=294 fps(ros/wall)=59.80/54.59 controller_to_bridge_ms(mean/p50/p95/max)=0.000/0.000/0.000/0.000 bridge_process_ms(mean/p95/max)=0.100/0.129/0.180
[NAV] t=5.0s position=(-59.10,-9.24,3.03) yaw=80.5deg command=(1.80,0.22,-0.00) manual_active=1 collision_blocks=0
[depth_angular_controller-1] [INFO] [1791299245.201972024] [depth_angular_controller]: PAPER_BUILD reason=FULL_MOTION_CERTIFICATE required=0.0000 best=0.0000 free=0 refined=0 tubes=12 revoked_tubes=0 proofs=128
[depth_angular_controller-1] [INFO] [1791299245.202016398] [depth_angular_controller]: PAPER_EVIDENCE retained=16 balls=32 revoked_balls=0 expired_views=0 evicted_views=4 radius=0.580 clearance=0.000 best_prefix=0.000
[depth_angular_controller-1] [INFO] [1791299246.359990784] [depth_angular_controller]: PAPER_BUILD reason=FULL_MOTION_CERTIFICATE required=0.0000 best=0.0000 free=0 refined=0 tubes=16 revoked_tubes=0 proofs=128
[depth_angular_controller-1] [INFO] [1791299246.360037031] [depth_angular_controller]: PAPER_EVIDENCE retained=16 balls=32 revoked_balls=0 expired_views=0 evicted_views=8 radius=0.580 clearance=0.000 best_prefix=0.000
[depth_angular_controller-1] [INFO] [1791299247.488969347] [depth_angular_controller]: PAPER_BUILD reason=FULL_MOTION_CERTIFICATE required=0.0000 best=0.0000 free=0 refined=0 tubes=19 revoked_tubes=0 proofs=128
[depth_angular_controller-1] [INFO] [1791299247.489013581] [depth_angular_controller]: PAPER_EVIDENCE retained=16 balls=32 revoked_balls=0 expired_views=0 evicted_views=12 radius=0.580 clearance=0.000 best_prefix=0.000
[depth_angular_controller-1] [INFO] [1791299248.645300836] [depth_angular_controller]: PAPER_BUILD reason=FULL_MOTION_CERTIFICATE required=0.0000 best=0.0000 free=0 refined=0 tubes=23 revoked_tubes=0 proofs=128
[depth_angular_controller-1] [INFO] [1791299248.645343266] [depth_angular_controller]: PAPER_EVIDENCE retained=16 balls=32 revoked_balls=0 expired_views=0 evicted_views=16 radius=0.580 clearance=0.000 best_prefix=0.000
[depth_angular_controller-1] [INFO] [1791299248.738729427] [depth_angular_controller]: 3D guidance switched to view 2
[depth_angular_controller-1] [INFO] [1791299249.601705649] [depth_angular_controller]: PAPER_BUILD reason=FULL_MOTION_CERTIFICATE required=0.0000 best=0.0000 free=0 refined=0 tubes=27 revoked_tubes=0 proofs=128
[depth_angular_controller-1] [INFO] [1791299249.601747388] [depth_angular_controller]: PAPER_EVIDENCE retained=16 balls=32 revoked_balls=0 expired_views=0 evicted_views=20 radius=0.580 clearance=0.000 best_prefix=0.000
[depth_angular_controller-1] [INFO] [1791299249.770329947] [depth_angular_controller]: [PERF CTRL] run=final_v9_spin_ego1p2_1 elapsed=22.72s callbacks=549 commands=548 guidance=488 command_fps(ros/wall)=59.67/54.49 guidance_wall_fps=53.56 avoid_ms(mean/p50/p95/max)=0.508/0.469/0.850/3.318 cycle_ms(mean/p95/max)=18.353/27.826/90.025 depth_to_cmd_ms(mean/p95/max)=72.609/116.667/116.667 callback_to_publish_ms(mean/p95/max)=2.130/10.272/13.381
[depth_angular_controller-1] [INFO] [1791299249.770405910] [depth_angular_controller]: EVIDENCE_COST ingest(mean/p95/max)=1.567/9.630/13.056 record=0.018/0.027/0.457 ms
[depth_angular_controller-1] [INFO] [1791299249.770412803] [depth_angular_controller]: EVIDENCE_PHASE per_view_mean_ms balls=0.053 tubes=0.013 history=0.299 eviction=0.000
[position_cmd_to_twist-2] [INFO] [1791299250.629136062] [position_cmd_to_twist]: [PERF BRIDGE] run=final_v9_spin_ego1p2_1 elapsed=23.46s received=593 published=593 fps(ros/wall)=59.70/54.33 controller_to_bridge_ms(mean/p50/p95/max)=0.000/0.000/0.000/0.000 bridge_process_ms(mean/p95/max)=0.100/0.126/1.674
[NAV] t=10.0s position=(-50.24,-8.42,2.54) yaw=-179.2deg command=(1.77,-0.35,0.12) manual_active=1 collision_blocks=0
[depth_angular_controller-1] [INFO] [1791299250.707146649] [depth_angular_controller]: PAPER_BUILD reason=FULL_MOTION_CERTIFICATE required=0.0000 best=0.0000 free=0 refined=0 tubes=31 revoked_tubes=0 proofs=128
[depth_angular_controller-1] [INFO] [1791299250.707378314] [depth_angular_controller]: PAPER_EVIDENCE retained=16 balls=32 revoked_balls=0 expired_views=0 evicted_views=24 radius=0.580 clearance=0.000 best_prefix=0.000
[depth_angular_controller-1] [INFO] [1791299251.736494074] [depth_angular_controller]: PAPER_BUILD reason=FULL_MOTION_CERTIFICATE required=0.0000 best=0.0000 free=0 refined=0 tubes=35 revoked_tubes=0 proofs=128
[depth_angular_controller-1] [INFO] [1791299251.736530643] [depth_angular_controller]: PAPER_EVIDENCE retained=16 balls=32 revoked_balls=0 expired_views=0 evicted_views=28 radius=0.580 clearance=0.000 best_prefix=0.000
[depth_angular_controller-1] [INFO] [1791299252.106466448] [depth_angular_controller]: 3D guidance switched to view 1
[depth_angular_controller-1] [INFO] [1791299252.708694383] [depth_angular_controller]: PAPER_BUILD reason=FULL_MOTION_CERTIFICATE required=0.0000 best=0.0000 free=0 refined=0 tubes=38 revoked_tubes=0 proofs=128
[depth_angular_controller-1] [INFO] [1791299252.708732003] [depth_angular_controller]: PAPER_EVIDENCE retained=16 balls=32 revoked_balls=0 expired_views=0 evicted_views=32 radius=0.580 clearance=0.000 best_prefix=0.000
[depth_angular_controller-1] [INFO] [1791299253.805048034] [depth_angular_controller]: PAPER_BUILD reason=FULL_MOTION_CERTIFICATE required=0.0000 best=0.0000 free=0 refined=0 tubes=42 revoked_tubes=0 proofs=128
[depth_angular_controller-1] [INFO] [1791299253.805088730] [depth_angular_controller]: PAPER_EVIDENCE retained=16 balls=32 revoked_balls=0 expired_views=0 evicted_views=36 radius=0.580 clearance=0.000 best_prefix=0.000
[depth_angular_controller-1] [INFO] [1791299254.844691279] [depth_angular_controller]: [PERF CTRL] run=final_v9_spin_ego1p2_1 elapsed=27.79s callbacks=830 commands=829 guidance=769 command_fps(ros/wall)=59.71/54.79 guidance_wall_fps=54.21 avoid_ms(mean/p50/p95/max)=0.557/0.507/0.968/3.318 cycle_ms(mean/p95/max)=18.253/29.986/96.172 depth_to_cmd_ms(mean/p95/max)=70.655/116.667/116.667 callback_to_publish_ms(mean/p95/max)=2.465/11.642/22.677
[depth_angular_controller-1] [INFO] [1791299254.844794072] [depth_angular_controller]: EVIDENCE_COST ingest(mean/p95/max)=1.835/10.826/22.211 record=0.019/0.047/0.457 ms
[depth_angular_controller-1] [INFO] [1791299254.844801606] [depth_angular_controller]: EVIDENCE_PHASE per_view_mean_ms balls=0.060 tubes=0.050 history=0.322 eviction=0.001
[depth_angular_controller-1] [INFO] [1791299255.022832893] [depth_angular_controller]: PAPER_BUILD reason=FULL_MOTION_CERTIFICATE required=0.0000 best=0.0000 free=0 refined=0 tubes=46 revoked_tubes=0 proofs=128
[depth_angular_controller-1] [INFO] [1791299255.022876084] [depth_angular_controller]: PAPER_EVIDENCE retained=16 balls=32 revoked_balls=0 expired_views=0 evicted_views=40 radius=0.580 clearance=0.000 best_prefix=0.000
[position_cmd_to_twist-2] [INFO] [1791299255.964988678] [position_cmd_to_twist]: [PERF BRIDGE] run=final_v9_spin_ego1p2_1 elapsed=28.80s received=891 published=891 fps(ros/wall)=59.73/54.88 controller_to_bridge_ms(mean/p50/p95/max)=0.262/0.000/0.000/16.667 bridge_process_ms(mean/p95/max)=0.097/0.125/1.674
[NAV] t=15.0s position=(-41.46,-9.84,2.88) yaw=-78.9deg command=(1.70,-0.60,0.09) manual_active=1 collision_blocks=0
[depth_angular_controller-1] [INFO] [1791299256.044969407] [depth_angular_controller]: PAPER_BUILD reason=FULL_MOTION_CERTIFICATE required=0.0000 best=0.0000 free=0 refined=0 tubes=50 revoked_tubes=0 proofs=128
[depth_angular_controller-1] [INFO] [1791299256.045011666] [depth_angular_controller]: PAPER_EVIDENCE retained=16 balls=32 revoked_balls=0 expired_views=0 evicted_views=44 radius=0.580 clearance=0.000 best_prefix=0.000
[depth_angular_controller-1] [INFO] [1791299257.006168600] [depth_angular_controller]: PAPER_BUILD reason=FULL_MOTION_CERTIFICATE required=0.0000 best=0.0000 free=0 refined=0 tubes=54 revoked_tubes=0 proofs=128
[depth_angular_controller-1] [INFO] [1791299257.006210098] [depth_angular_controller]: PAPER_EVIDENCE retained=16 balls=32 revoked_balls=0 expired_views=0 evicted_views=48 radius=0.580 clearance=0.000 best_prefix=0.000
[depth_angular_controller-1] [INFO] [1791299257.100338124] [depth_angular_controller]: 3D guidance switched to view 0
[depth_angular_controller-1] [INFO] [1791299258.093885651] [depth_angular_controller]: PAPER_BUILD reason=FULL_MOTION_CERTIFICATE required=0.0000 best=0.0000 free=0 refined=0 tubes=57 revoked_tubes=0 proofs=128
[depth_angular_controller-1] [INFO] [1791299258.093923001] [depth_angular_controller]: PAPER_EVIDENCE retained=16 balls=32 revoked_balls=0 expired_views=0 evicted_views=52 radius=0.580 clearance=0.000 best_prefix=0.000
[depth_angular_controller-1] [INFO] [1791299259.253942360] [depth_angular_controller]: PAPER_BUILD reason=FULL_MOTION_CERTIFICATE required=0.0000 best=0.0000 free=0 refined=0 tubes=61 revoked_tubes=0 proofs=128
[depth_angular_controller-1] [INFO] [1791299259.253986914] [depth_angular_controller]: PAPER_EVIDENCE retained=16 balls=32 revoked_balls=0 expired_views=0 evicted_views=56 radius=0.580 clearance=0.000 best_prefix=0.000
[depth_angular_controller-1] [INFO] [1791299259.845487118] [depth_angular_controller]: [PERF CTRL] run=final_v9_spin_ego1p2_1 elapsed=32.79s callbacks=1111 commands=1110 guidance=1050 command_fps(ros/wall)=59.78/55.14 guidance_wall_fps=54.73 avoid_ms(mean/p50/p95/max)=0.527/0.471/0.933/3.318 cycle_ms(mean/p95/max)=18.137/29.056/96.172 depth_to_cmd_ms(mean/p95/max)=71.857/116.667/116.667 callback_to_publish_ms(mean/p95/max)=2.435/11.309/22.677
[depth_angular_controller-1] [INFO] [1791299259.845609448] [depth_angular_controller]: EVIDENCE_COST ingest(mean/p95/max)=1.824/10.504/22.211 record=0.019/0.026/0.457 ms
[depth_angular_controller-1] [INFO] [1791299259.845617202] [depth_angular_controller]: EVIDENCE_PHASE per_view_mean_ms balls=0.058 tubes=0.050 history=0.321 eviction=0.001
[depth_angular_controller-1] [INFO] [1791299260.278611544] [depth_angular_controller]: PAPER_BUILD reason=FULL_MOTION_CERTIFICATE required=0.0000 best=0.0000 free=0 refined=0 tubes=65 revoked_tubes=0 proofs=128
[depth_angular_controller-1] [INFO] [1791299260.278650647] [depth_angular_controller]: PAPER_EVIDENCE retained=16 balls=32 revoked_balls=0 expired_views=0 evicted_views=60 radius=0.580 clearance=0.000 best_prefix=0.000
[position_cmd_to_twist-2] [INFO] [1791299261.165420124] [position_cmd_to_twist]: [PERF BRIDGE] run=final_v9_spin_ego1p2_1 elapsed=34.00s received=1191 published=1191 fps(ros/wall)=59.80/55.56 controller_to_bridge_ms(mean/p50/p95/max)=0.196/0.000/0.000/16.667 bridge_process_ms(mean/p95/max)=0.095/0.122/1.674
[NAV] t=20.0s position=(-32.56,-10.15,2.68) yaw=21.4deg command=(1.80,0.21,-0.00) manual_active=1 collision_blocks=0
[depth_angular_controller-1] [INFO] [1791299261.308513141] [depth_angular_controller]: PAPER_BUILD reason=FULL_MOTION_CERTIFICATE required=0.0000 best=0.0000 free=0 refined=0 tubes=69 revoked_tubes=0 proofs=128
[depth_angular_controller-1] [INFO] [1791299261.308553928] [depth_angular_controller]: PAPER_EVIDENCE retained=16 balls=32 revoked_balls=0 expired_views=0 evicted_views=64 radius=0.580 clearance=0.000 best_prefix=0.000
[depth_angular_controller-1] [INFO] [1791299262.286738432] [depth_angular_controller]: PAPER_BUILD reason=FULL_MOTION_CERTIFICATE required=0.0000 best=0.0000 free=0 refined=0 tubes=73 revoked_tubes=0 proofs=128
[depth_angular_controller-1] [INFO] [1791299262.286786933] [depth_angular_controller]: PAPER_EVIDENCE retained=16 balls=32 revoked_balls=0 expired_views=0 evicted_views=68 radius=0.580 clearance=0.000 best_prefix=0.000
[depth_angular_controller-1] [INFO] [1791299262.858953684] [depth_angular_controller]: 3D guidance switched to view 3
[depth_angular_controller-1] [INFO] [1791299263.372680066] [depth_angular_controller]: PAPER_BUILD reason=FULL_MOTION_CERTIFICATE required=0.0000 best=0.0000 free=0 refined=0 tubes=76 revoked_tubes=0 proofs=128
[depth_angular_controller-1] [INFO] [1791299263.372721093] [depth_angular_controller]: PAPER_EVIDENCE retained=16 balls=32 revoked_balls=0 expired_views=0 evicted_views=72 radius=0.580 clearance=0.000 best_prefix=0.000
[depth_angular_controller-1] [INFO] [1791299264.454346515] [depth_angular_controller]: PAPER_BUILD reason=FULL_MOTION_CERTIFICATE required=0.0000 best=0.0000 free=0 refined=0 tubes=80 revoked_tubes=0 proofs=128
[depth_angular_controller-1] [INFO] [1791299264.454386440] [depth_angular_controller]: PAPER_EVIDENCE retained=16 balls=32 revoked_balls=0 expired_views=0 evicted_views=76 radius=0.580 clearance=0.000 best_prefix=0.000
[depth_angular_controller-1] [INFO] [1791299264.853658818] [depth_angular_controller]: [PERF CTRL] run=final_v9_spin_ego1p2_1 elapsed=37.80s callbacks=1399 commands=1398 guidance=1338 command_fps(ros/wall)=59.83/55.61 guidance_wall_fps=55.30 avoid_ms(mean/p50/p95/max)=0.553/0.484/1.016/3.318 cycle_ms(mean/p95/max)=17.983/28.083/96.172 depth_to_cmd_ms(mean/p95/max)=72.534/116.667/116.667 callback_to_publish_ms(mean/p95/max)=2.485/10.438/22.677
[depth_angular_controller-1] [INFO] [1791299264.853801136] [depth_angular_controller]: EVIDENCE_COST ingest(mean/p95/max)=1.843/9.880/22.211 record=0.020/0.059/0.457 ms
[depth_angular_controller-1] [INFO] [1791299264.853808990] [depth_angular_controller]: EVIDENCE_PHASE per_view_mean_ms balls=0.058 tubes=0.051 history=0.325 eviction=0.001
[depth_angular_controller-1] [INFO] [1791299265.600679734] [depth_angular_controller]: PAPER_BUILD reason=FULL_MOTION_CERTIFICATE required=0.0000 best=0.0000 free=0 refined=0 tubes=84 revoked_tubes=0 proofs=128
[depth_angular_controller-1] [INFO] [1791299265.600721543] [depth_angular_controller]: PAPER_EVIDENCE retained=16 balls=32 revoked_balls=0 expired_views=0 evicted_views=80 radius=0.580 clearance=0.000 best_prefix=0.000
[position_cmd_to_twist-2] [INFO] [1791299266.489924182] [position_cmd_to_twist]: [PERF BRIDGE] run=final_v9_spin_ego1p2_1 elapsed=39.32s received=1491 published=1491 fps(ros/wall)=59.84/55.72 controller_to_bridge_ms(mean/p50/p95/max)=0.156/0.000/0.000/16.667 bridge_process_ms(mean/p95/max)=0.093/0.122/1.674
[NAV] t=25.0s position=(-23.62,-8.96,2.67) yaw=121.6deg command=(1.58,0.77,-0.02) manual_active=1 collision_blocks=0
[depth_angular_controller-1] [INFO] [1791299266.570098214] [depth_angular_controller]: PAPER_BUILD reason=FULL_MOTION_CERTIFICATE required=0.0000 best=0.0000 free=0 refined=0 tubes=88 revoked_tubes=0 proofs=128
[depth_angular_controller-1] [INFO] [1791299266.570133260] [depth_angular_controller]: PAPER_EVIDENCE retained=16 balls=32 revoked_balls=0 expired_views=0 evicted_views=84 radius=0.580 clearance=0.000 best_prefix=0.000
[depth_angular_controller-1] [INFO] [1791299267.586427465] [depth_angular_controller]: PAPER_BUILD reason=FULL_MOTION_CERTIFICATE required=0.0000 best=0.0000 free=0 refined=0 tubes=92 revoked_tubes=0 proofs=128
[depth_angular_controller-1] [INFO] [1791299267.586468412] [depth_angular_controller]: PAPER_EVIDENCE retained=16 balls=32 revoked_balls=0 expired_views=0 evicted_views=88 radius=0.580 clearance=0.000 best_prefix=0.000
[depth_angular_controller-1] [INFO] [1791299268.601196683] [depth_angular_controller]: PAPER_BUILD reason=FULL_MOTION_CERTIFICATE required=0.0000 best=0.0000 free=0 refined=0 tubes=95 revoked_tubes=0 proofs=128
[depth_angular_controller-1] [INFO] [1791299268.601238492] [depth_angular_controller]: PAPER_EVIDENCE retained=16 balls=32 revoked_balls=0 expired_views=0 evicted_views=92 radius=0.580 clearance=0.000 best_prefix=0.000
[depth_angular_controller-1] [INFO] [1791299269.595314281] [depth_angular_controller]: 3D guidance switched to view 2
[depth_angular_controller-1] [INFO] [1791299269.691943197] [depth_angular_controller]: PAPER_BUILD reason=FULL_MOTION_CERTIFICATE required=0.0000 best=0.0000 free=0 refined=0 tubes=99 revoked_tubes=0 proofs=128
[depth_angular_controller-1] [INFO] [1791299269.691981259] [depth_angular_controller]: PAPER_EVIDENCE retained=16 balls=32 revoked_balls=0 expired_views=0 evicted_views=96 radius=0.580 clearance=0.000 best_prefix=0.000
[depth_angular_controller-1] [INFO] [1791299269.855635386] [depth_angular_controller]: [PERF CTRL] run=final_v9_spin_ego1p2_1 elapsed=42.80s callbacks=1688 commands=1687 guidance=1627 command_fps(ros/wall)=59.86/55.97 guidance_wall_fps=55.73 avoid_ms(mean/p50/p95/max)=0.551/0.493/0.996/3.318 cycle_ms(mean/p95/max)=17.867/27.826/96.172 depth_to_cmd_ms(mean/p95/max)=72.659/116.667/116.667 callback_to_publish_ms(mean/p95/max)=2.487/10.158/22.677
[depth_angular_controller-1] [INFO] [1791299269.855780058] [depth_angular_controller]: EVIDENCE_COST ingest(mean/p95/max)=1.844/9.473/22.211 record=0.020/0.042/0.457 ms
[depth_angular_controller-1] [INFO] [1791299269.855785348] [depth_angular_controller]: EVIDENCE_PHASE per_view_mean_ms balls=0.057 tubes=0.046 history=0.330 eviction=0.001
[depth_angular_controller-1] [INFO] [1791299270.673638720] [depth_angular_controller]: ZERO_INTENT
[position_cmd_to_twist-2] [INFO] [1791299271.716579812] [position_cmd_to_twist]: [PERF BRIDGE] run=final_v9_spin_ego1p2_1 elapsed=44.55s received=1790 published=1790 fps(ros/wall)=59.83/55.96 controller_to_bridge_ms(mean/p50/p95/max)=0.130/0.000/0.000/16.667 bridge_process_ms(mean/p95/max)=0.092/0.122/1.674
[NAV] t=30.0s position=(-17.43,-3.42,3.47) yaw=-138.1deg command=(0.45,0.36,0.10) manual_active=1 collision_blocks=0
[depth_angular_controller-1] [INFO] [1791299274.821848944] [depth_angular_controller]: 3D guidance switched to view 3
[depth_angular_controller-1] [INFO] [1791299274.822261810] [depth_angular_controller]: DEPTH_PROPOSAL_CERTIFIED
[depth_angular_controller-1] [INFO] [1791299274.822272239] [depth_angular_controller]: PAPER_BUILD reason=FULL_MOTION_CERTIFICATE required=0.0000 best=0.0000 free=0 refined=0 tubes=106 revoked_tubes=0 proofs=128
[depth_angular_controller-1] [INFO] [1791299274.822280966] [depth_angular_controller]: PAPER_EVIDENCE retained=16 balls=32 revoked_balls=0 expired_views=0 evicted_views=116 radius=0.580 clearance=0.000 best_prefix=0.000
[depth_angular_controller-1] [INFO] [1791299274.916337237] [depth_angular_controller]: [PERF CTRL] run=final_v9_spin_ego1p2_1 elapsed=47.87s callbacks=1979 commands=1978 guidance=1679 command_fps(ros/wall)=59.85/56.19 guidance_wall_fps=49.01 avoid_ms(mean/p50/p95/max)=0.569/0.499/1.056/3.318 cycle_ms(mean/p95/max)=17.797/28.078/96.172 depth_to_cmd_ms(mean/p95/max)=72.206/116.667/116.667 callback_to_publish_ms(mean/p95/max)=2.527/10.840/22.677
[depth_angular_controller-1] [INFO] [1791299274.916515382] [depth_angular_controller]: EVIDENCE_COST ingest(mean/p95/max)=1.929/10.187/22.211 record=0.025/0.066/0.912 ms
[depth_angular_controller-1] [INFO] [1791299274.916523116] [depth_angular_controller]: EVIDENCE_PHASE per_view_mean_ms balls=0.073 tubes=0.054 history=0.328 eviction=0.001
[depth_angular_controller-1] [INFO] [1791299275.858383176] [depth_angular_controller]: PAPER_BUILD reason=FULL_MOTION_CERTIFICATE required=0.0000 best=0.0000 free=0 refined=0 tubes=107 revoked_tubes=0 proofs=128
[depth_angular_controller-1] [INFO] [1791299275.858423872] [depth_angular_controller]: PAPER_EVIDENCE retained=16 balls=32 revoked_balls=0 expired_views=0 evicted_views=120 radius=0.580 clearance=0.000 best_prefix=0.000
[position_cmd_to_twist-2] [INFO] [1791299276.789860122] [position_cmd_to_twist]: [PERF BRIDGE] run=final_v9_spin_ego1p2_1 elapsed=49.62s received=2090 published=2090 fps(ros/wall)=59.86/56.39 controller_to_bridge_ms(mean/p50/p95/max)=0.120/0.000/0.000/16.667 bridge_process_ms(mean/p95/max)=0.092/0.123/1.674
[NAV] t=35.0s position=(-19.13,-3.35,3.28) yaw=-118.7deg command=(-1.76,0.08,-0.28) manual_active=1 collision_blocks=0
[depth_angular_controller-1] [INFO] [1791299276.876773510] [depth_angular_controller]: PAPER_BUILD reason=FULL_MOTION_CERTIFICATE required=0.0000 best=0.0000 free=0 refined=0 tubes=110 revoked_tubes=0 proofs=128
[depth_angular_controller-1] [INFO] [1791299276.876807714] [depth_angular_controller]: PAPER_EVIDENCE retained=16 balls=32 revoked_balls=0 expired_views=0 evicted_views=124 radius=0.580 clearance=0.000 best_prefix=0.000
[depth_angular_controller-1] [INFO] [1791299277.895220961] [depth_angular_controller]: PAPER_BUILD reason=FULL_MOTION_CERTIFICATE required=0.0000 best=0.0000 free=0 refined=0 tubes=114 revoked_tubes=0 proofs=128
[depth_angular_controller-1] [INFO] [1791299277.895262459] [depth_angular_controller]: PAPER_EVIDENCE retained=16 balls=32 revoked_balls=0 expired_views=0 evicted_views=128 radius=0.580 clearance=0.000 best_prefix=0.000
[depth_angular_controller-1] [INFO] [1791299278.113989045] [depth_angular_controller]: 3D guidance switched to view 0
[depth_angular_controller-1] [INFO] [1791299278.989660705] [depth_angular_controller]: PAPER_BUILD reason=FULL_MOTION_CERTIFICATE required=0.0000 best=0.0000 free=0 refined=0 tubes=118 revoked_tubes=0 proofs=128
[depth_angular_controller-1] [INFO] [1791299278.989703135] [depth_angular_controller]: PAPER_EVIDENCE retained=16 balls=32 revoked_balls=0 expired_views=0 evicted_views=132 radius=0.580 clearance=0.000 best_prefix=0.000
[depth_angular_controller-1] [INFO] [1791299279.918853399] [depth_angular_controller]: [PERF CTRL] run=final_v9_spin_ego1p2_1 elapsed=52.87s callbacks=2271 commands=2270 guidance=1971 command_fps(ros/wall)=59.87/56.46 guidance_wall_fps=50.20 avoid_ms(mean/p50/p95/max)=0.566/0.507/1.036/3.318 cycle_ms(mean/p95/max)=17.711/27.826/96.172 depth_to_cmd_ms(mean/p95/max)=72.662/116.667/133.333 callback_to_publish_ms(mean/p95/max)=2.596/10.382/22.677
[depth_angular_controller-1] [INFO] [1791299279.919048926] [depth_angular_controller]: EVIDENCE_COST ingest(mean/p95/max)=1.988/9.896/22.211 record=0.024/0.051/0.912 ms
[depth_angular_controller-1] [INFO] [1791299279.919055018] [depth_angular_controller]: EVIDENCE_PHASE per_view_mean_ms balls=0.073 tubes=0.060 history=0.337 eviction=0.001
[depth_angular_controller-1] [INFO] [1791299280.016405109] [depth_angular_controller]: PAPER_BUILD reason=FULL_MOTION_CERTIFICATE required=0.0000 best=0.0000 free=0 refined=0 tubes=121 revoked_tubes=0 proofs=128
[depth_angular_controller-1] [INFO] [1791299280.016448380] [depth_angular_controller]: PAPER_EVIDENCE retained=16 balls=32 revoked_balls=0 expired_views=0 evicted_views=136 radius=0.580 clearance=0.000 best_prefix=0.000
[depth_angular_controller-1] [INFO] [1791299281.050045102] [depth_angular_controller]: PAPER_BUILD reason=FULL_MOTION_CERTIFICATE required=0.0000 best=0.0000 free=0 refined=0 tubes=125 revoked_tubes=0 proofs=128
[depth_angular_controller-1] [INFO] [1791299281.050083274] [depth_angular_controller]: PAPER_EVIDENCE retained=16 balls=32 revoked_balls=0 expired_views=0 evicted_views=140 radius=0.580 clearance=0.000 best_prefix=0.000
[position_cmd_to_twist-2] [INFO] [1791299281.993862820] [position_cmd_to_twist]: [PERF BRIDGE] run=final_v9_spin_ego1p2_1 elapsed=54.83s received=2390 published=2390 fps(ros/wall)=59.87/56.54 controller_to_bridge_ms(mean/p50/p95/max)=0.105/0.000/0.000/16.667 bridge_process_ms(mean/p95/max)=0.092/0.121/1.674
[NAV] t=40.0s position=(-28.01,-2.35,2.58) yaw=141.0deg command=(-1.79,0.03,0.08) manual_active=1 collision_blocks=0
[depth_angular_controller-1] [INFO] [1791299282.080494569] [depth_angular_controller]: PAPER_BUILD reason=FULL_MOTION_CERTIFICATE required=0.0000 best=0.0000 free=0 refined=0 tubes=129 revoked_tubes=0 proofs=128
[depth_angular_controller-1] [INFO] [1791299282.080533973] [depth_angular_controller]: PAPER_EVIDENCE retained=16 balls=32 revoked_balls=0 expired_views=0 evicted_views=144 radius=0.580 clearance=0.000 best_prefix=0.000
[depth_angular_controller-1] [INFO] [1791299282.289111525] [depth_angular_controller]: 3D guidance switched to view 1
[depth_angular_controller-1] [INFO] [1791299283.261300602] [depth_angular_controller]: PAPER_BUILD reason=FULL_MOTION_CERTIFICATE required=0.0000 best=0.0000 free=0 refined=0 tubes=133 revoked_tubes=0 proofs=128
[depth_angular_controller-1] [INFO] [1791299283.261343773] [depth_angular_controller]: PAPER_EVIDENCE retained=16 balls=32 revoked_balls=0 expired_views=0 evicted_views=148 radius=0.580 clearance=0.000 best_prefix=0.000
[depth_angular_controller-1] [INFO] [1791299284.298077420] [depth_angular_controller]: PAPER_BUILD reason=FULL_MOTION_CERTIFICATE required=0.0000 best=0.0000 free=0 refined=0 tubes=137 revoked_tubes=0 proofs=128
[depth_angular_controller-1] [INFO] [1791299284.298117195] [depth_angular_controller]: PAPER_EVIDENCE retained=16 balls=32 revoked_balls=0 expired_views=0 evicted_views=152 radius=0.580 clearance=0.000 best_prefix=0.000
[depth_angular_controller-1] [INFO] [1791299284.922830817] [depth_angular_controller]: [PERF CTRL] run=final_v9_spin_ego1p2_1 elapsed=57.87s callbacks=2555 commands=2554 guidance=2255 command_fps(ros/wall)=59.88/56.49 guidance_wall_fps=50.94 avoid_ms(mean/p50/p95/max)=0.568/0.517/1.005/3.318 cycle_ms(mean/p95/max)=17.701/27.511/96.172 depth_to_cmd_ms(mean/p95/max)=72.971/116.667/133.333 callback_to_publish_ms(mean/p95/max)=2.640/10.164/22.677
[depth_angular_controller-1] [INFO] [1791299284.923046112] [depth_angular_controller]: EVIDENCE_COST ingest(mean/p95/max)=2.024/9.517/22.211 record=0.023/0.030/0.912 ms
[depth_angular_controller-1] [INFO] [1791299284.923054758] [depth_angular_controller]: EVIDENCE_PHASE per_view_mean_ms balls=0.071 tubes=0.059 history=0.348 eviction=0.001
[depth_angular_controller-1] [INFO] [1791299285.333390327] [depth_angular_controller]: PAPER_BUILD reason=FULL_MOTION_CERTIFICATE required=0.0000 best=0.0000 free=0 refined=0 tubes=140 revoked_tubes=0 proofs=128
[depth_angular_controller-1] [INFO] [1791299285.333430743] [depth_angular_controller]: PAPER_EVIDENCE retained=16 balls=32 revoked_balls=0 expired_views=0 evicted_views=156 radius=0.580 clearance=0.000 best_prefix=0.000
[depth_angular_controller-1] [INFO] [1791299286.361593151] [depth_angular_controller]: PAPER_BUILD reason=FULL_MOTION_CERTIFICATE required=0.0000 best=0.0000 free=0 refined=0 tubes=144 revoked_tubes=0 proofs=128
[depth_angular_controller-1] [INFO] [1791299286.361640711] [depth_angular_controller]: PAPER_EVIDENCE retained=16 balls=32 revoked_balls=0 expired_views=0 evicted_views=160 radius=0.580 clearance=0.000 best_prefix=0.000
[depth_angular_controller-1] [INFO] [1791299286.747278304] [depth_angular_controller]: 3D guidance switched to view 2
[position_cmd_to_twist-2] [INFO] [1791299287.558199128] [position_cmd_to_twist]: [PERF BRIDGE] run=final_v9_spin_ego1p2_1 elapsed=60.39s received=2690 published=2690 fps(ros/wall)=59.89/56.24 controller_to_bridge_ms(mean/p50/p95/max)=0.093/0.000/0.000/16.667 bridge_process_ms(mean/p95/max)=0.092/0.121/1.674
[NAV] t=45.0s position=(-36.99,-3.33,2.40) yaw=40.7deg command=(-1.75,-0.37,-0.25) manual_active=1 collision_blocks=0
[depth_angular_controller-1] [INFO] [1791299287.638633780] [depth_angular_controller]: PAPER_BUILD reason=FULL_MOTION_CERTIFICATE required=0.0000 best=0.0000 free=0 refined=0 tubes=148 revoked_tubes=0 proofs=128
[depth_angular_controller-1] [INFO] [1791299287.638675599] [depth_angular_controller]: PAPER_EVIDENCE retained=16 balls=32 revoked_balls=0 expired_views=0 evicted_views=164 radius=0.580 clearance=0.000 best_prefix=0.000
[depth_angular_controller-1] [INFO] [1791299288.658977876] [depth_angular_controller]: PAPER_BUILD reason=FULL_MOTION_CERTIFICATE required=0.0000 best=0.0000 free=0 refined=0 tubes=152 revoked_tubes=0 proofs=128
[depth_angular_controller-1] [INFO] [1791299288.659020065] [depth_angular_controller]: PAPER_EVIDENCE retained=16 balls=32 revoked_balls=0 expired_views=0 evicted_views=168 radius=0.580 clearance=0.000 best_prefix=0.000
[depth_angular_controller-1] [INFO] [1791299289.896448991] [depth_angular_controller]: PAPER_BUILD reason=FULL_MOTION_CERTIFICATE required=0.0000 best=0.0000 free=0 refined=0 tubes=155 revoked_tubes=0 proofs=128
[depth_angular_controller-1] [INFO] [1791299289.896490328] [depth_angular_controller]: PAPER_EVIDENCE retained=16 balls=32 revoked_balls=0 expired_views=0 evicted_views=172 radius=0.580 clearance=0.000 best_prefix=0.000
[depth_angular_controller-1] [INFO] [1791299289.934383822] [depth_angular_controller]: [PERF CTRL] run=final_v9_spin_ego1p2_1 elapsed=62.88s callbacks=2818 commands=2817 guidance=2518 command_fps(ros/wall)=59.87/56.09 guidance_wall_fps=51.10 avoid_ms(mean/p50/p95/max)=0.579/0.530/1.005/3.318 cycle_ms(mean/p95/max)=17.828/27.511/96.172 depth_to_cmd_ms(mean/p95/max)=72.167/116.667/133.333 callback_to_publish_ms(mean/p95/max)=2.664/9.900/22.677
[depth_angular_controller-1] [INFO] [1791299289.934629364] [depth_angular_controller]: EVIDENCE_COST ingest(mean/p95/max)=2.031/9.265/22.211 record=0.022/0.026/0.912 ms
[depth_angular_controller-1] [INFO] [1791299289.934637359] [depth_angular_controller]: EVIDENCE_PHASE per_view_mean_ms balls=0.070 tubes=0.058 history=0.352 eviction=0.001
[depth_angular_controller-1] [INFO] [1791299291.010021572] [depth_angular_controller]: PAPER_BUILD reason=FULL_MOTION_CERTIFICATE required=0.0000 best=0.0000 free=0 refined=0 tubes=159 revoked_tubes=0 proofs=128
[depth_angular_controller-1] [INFO] [1791299291.010065614] [depth_angular_controller]: PAPER_EVIDENCE retained=16 balls=32 revoked_balls=0 expired_views=0 evicted_views=176 radius=0.580 clearance=0.000 best_prefix=0.000
[depth_angular_controller-1] [INFO] [1791299291.849538356] [depth_angular_controller]: 3D guidance switched to view 3
[depth_angular_controller-1] [INFO] [1791299292.041052762] [depth_angular_controller]: PAPER_BUILD reason=FULL_MOTION_CERTIFICATE required=0.0000 best=0.0000 free=0 refined=0 tubes=163 revoked_tubes=0 proofs=128
[depth_angular_controller-1] [INFO] [1791299292.041089060] [depth_angular_controller]: PAPER_EVIDENCE retained=16 balls=32 revoked_balls=0 expired_views=0 evicted_views=180 radius=0.580 clearance=0.000 best_prefix=0.000
[position_cmd_to_twist-2] [INFO] [1791299293.054071651] [position_cmd_to_twist]: [PERF BRIDGE] run=final_v9_spin_ego1p2_1 elapsed=65.89s received=2989 published=2989 fps(ros/wall)=59.88/56.05 controller_to_bridge_ms(mean/p50/p95/max)=0.084/0.000/0.000/16.667 bridge_process_ms(mean/p95/max)=0.092/0.119/1.674
[NAV] t=50.0s position=(-45.81,-4.97,1.50) yaw=-59.5deg command=(-1.77,-0.38,-0.10) manual_active=1 collision_blocks=0
[depth_angular_controller-1] [INFO] [1791299293.132608366] [depth_angular_controller]: PAPER_BUILD reason=FULL_MOTION_CERTIFICATE required=0.0000 best=0.0000 free=0 refined=0 tubes=167 revoked_tubes=0 proofs=128
[depth_angular_controller-1] [INFO] [1791299293.132650525] [depth_angular_controller]: PAPER_EVIDENCE retained=16 balls=32 revoked_balls=0 expired_views=0 evicted_views=184 radius=0.580 clearance=0.000 best_prefix=0.000
[depth_angular_controller-1] [INFO] [1791299294.182478460] [depth_angular_controller]: PAPER_BUILD reason=FULL_MOTION_CERTIFICATE required=0.0000 best=0.0000 free=0 refined=0 tubes=170 revoked_tubes=0 proofs=128
[depth_angular_controller-1] [INFO] [1791299294.182518475] [depth_angular_controller]: PAPER_EVIDENCE retained=16 balls=32 revoked_balls=0 expired_views=0 evicted_views=188 radius=0.580 clearance=0.000 best_prefix=0.000
[depth_angular_controller-1] [INFO] [1791299294.944598552] [depth_angular_controller]: [PERF CTRL] run=final_v9_spin_ego1p2_1 elapsed=67.89s callbacks=3103 commands=3102 guidance=2803 command_fps(ros/wall)=59.88/56.16 guidance_wall_fps=51.63 avoid_ms(mean/p50/p95/max)=0.633/0.542/1.082/19.324 cycle_ms(mean/p95/max)=17.805/27.357/96.172 depth_to_cmd_ms(mean/p95/max)=71.858/116.667/133.333 callback_to_publish_ms(mean/p95/max)=2.789/9.791/22.677
[depth_angular_controller-1] [INFO] [1791299294.944863821] [depth_angular_controller]: EVIDENCE_COST ingest(mean/p95/max)=2.101/9.043/22.211 record=0.025/0.027/1.365 ms
[depth_angular_controller-1] [INFO] [1791299294.944869461] [depth_angular_controller]: EVIDENCE_PHASE per_view_mean_ms balls=0.070 tubes=0.065 history=0.362 eviction=0.001
[depth_angular_controller-1] [INFO] [1791299295.210299207] [depth_angular_controller]: PAPER_BUILD reason=FULL_MOTION_CERTIFICATE required=0.0000 best=0.0000 free=0 refined=0 tubes=174 revoked_tubes=0 proofs=128
[depth_angular_controller-1] [INFO] [1791299295.210339372] [depth_angular_controller]: PAPER_EVIDENCE retained=16 balls=32 revoked_balls=0 expired_views=0 evicted_views=192 radius=0.580 clearance=0.000 best_prefix=0.000
[depth_angular_controller-1] [INFO] [1791299295.741972637] [depth_angular_controller]: 3D guidance switched to view 0
[depth_angular_controller-1] [INFO] [1791299296.293858674] [depth_angular_controller]: PAPER_BUILD reason=FULL_MOTION_CERTIFICATE required=0.0000 best=0.0000 free=0 refined=0 tubes=178 revoked_tubes=0 proofs=128
[depth_angular_controller-1] [INFO] [1791299296.293900212] [depth_angular_controller]: PAPER_EVIDENCE retained=16 balls=32 revoked_balls=0 expired_views=0 evicted_views=196 radius=0.580 clearance=0.000 best_prefix=0.000
[depth_angular_controller-1] [INFO] [1791299297.374771507] [depth_angular_controller]: PAPER_BUILD reason=FULL_MOTION_CERTIFICATE required=0.0000 best=0.0000 free=0 refined=0 tubes=182 revoked_tubes=0 proofs=128
[depth_angular_controller-1] [INFO] [1791299297.374811943] [depth_angular_controller]: PAPER_EVIDENCE retained=16 balls=32 revoked_balls=0 expired_views=0 evicted_views=200 radius=0.580 clearance=0.000 best_prefix=0.000
[position_cmd_to_twist-2] [INFO] [1791299298.318136965] [position_cmd_to_twist]: [PERF BRIDGE] run=final_v9_spin_ego1p2_1 elapsed=71.15s received=3289 published=3289 fps(ros/wall)=59.89/56.14 controller_to_bridge_ms(mean/p50/p95/max)=0.086/0.000/0.000/16.667 bridge_process_ms(mean/p95/max)=0.092/0.118/1.674
[NAV] t=55.0s position=(-54.30,-7.61,2.12) yaw=-159.8deg command=(-1.79,-0.21,0.08) manual_active=1 collision_blocks=0
[depth_angular_controller-1] [INFO] [1791299298.402638069] [depth_angular_controller]: PAPER_BUILD reason=FULL_MOTION_CERTIFICATE required=0.0000 best=0.0000 free=0 refined=0 tubes=185 revoked_tubes=0 proofs=128
[depth_angular_controller-1] [INFO] [1791299298.402679648] [depth_angular_controller]: PAPER_EVIDENCE retained=16 balls=32 revoked_balls=0 expired_views=0 evicted_views=204 radius=0.580 clearance=0.000 best_prefix=0.000
[depth_angular_controller-1] [INFO] [1791299299.435884663] [depth_angular_controller]: PAPER_BUILD reason=FULL_MOTION_CERTIFICATE required=0.0000 best=0.0000 free=0 refined=0 tubes=189 revoked_tubes=0 proofs=128
[depth_angular_controller-1] [INFO] [1791299299.436343265] [depth_angular_controller]: PAPER_EVIDENCE retained=16 balls=32 revoked_balls=0 expired_views=0 evicted_views=208 radius=0.580 clearance=0.000 best_prefix=0.000
[depth_angular_controller-1] [INFO] [1791299299.953605542] [depth_angular_controller]: [PERF CTRL] run=final_v9_spin_ego1p2_1 elapsed=72.90s callbacks=3388 commands=3387 guidance=3088 command_fps(ros/wall)=59.89/56.23 guidance_wall_fps=52.08 avoid_ms(mean/p50/p95/max)=0.630/0.545/1.073/19.324 cycle_ms(mean/p95/max)=17.786/27.233/96.172 depth_to_cmd_ms(mean/p95/max)=72.134/116.667/133.333 callback_to_publish_ms(mean/p95/max)=2.819/9.672/22.677
[depth_angular_controller-1] [INFO] [1791299299.953924512] [depth_angular_controller]: EVIDENCE_COST ingest(mean/p95/max)=2.129/8.968/22.211 record=0.024/0.025/1.365 ms
[depth_angular_controller-1] [INFO] [1791299299.953936985] [depth_angular_controller]: EVIDENCE_PHASE per_view_mean_ms balls=0.070 tubes=0.069 history=0.364 eviction=0.001
[depth_angular_controller-1] [INFO] [1791299300.587926329] [depth_angular_controller]: PAPER_BUILD reason=FULL_MOTION_CERTIFICATE required=0.0000 best=0.0000 free=0 refined=0 tubes=193 revoked_tubes=0 proofs=128
[depth_angular_controller-1] [INFO] [1791299300.587966114] [depth_angular_controller]: PAPER_EVIDENCE retained=16 balls=32 revoked_balls=0 expired_views=0 evicted_views=212 radius=0.580 clearance=0.000 best_prefix=0.000
[depth_angular_controller-1] [INFO] [1791299301.533929946] [depth_angular_controller]: 3D guidance switched to view 1
[depth_angular_controller-1] [INFO] [1791299301.566969478] [depth_angular_controller]: PAPER_BUILD reason=FULL_MOTION_CERTIFICATE required=0.0000 best=0.0000 free=0 refined=0 tubes=197 revoked_tubes=0 proofs=128
[depth_angular_controller-1] [INFO] [1791299301.567022267] [depth_angular_controller]: PAPER_EVIDENCE retained=16 balls=32 revoked_balls=0 expired_views=0 evicted_views=216 radius=0.580 clearance=0.000 best_prefix=0.000
[depth_angular_controller-1] [INFO] [1791299302.533709464] [depth_angular_controller]: PAPER_BUILD reason=FULL_MOTION_CERTIFICATE required=0.0000 best=0.0000 free=0 refined=0 tubes=201 revoked_tubes=0 proofs=128
[depth_angular_controller-1] [INFO] [1791299302.533775969] [depth_angular_controller]: PAPER_EVIDENCE retained=16 balls=32 revoked_balls=0 expired_views=0 evicted_views=220 radius=0.580 clearance=0.000 best_prefix=0.000
[position_cmd_to_twist-2] [INFO] [1791299303.417003470] [position_cmd_to_twist]: [PERF BRIDGE] run=final_v9_spin_ego1p2_1 elapsed=76.25s received=3588 published=3588 fps(ros/wall)=59.88/56.33 controller_to_bridge_ms(mean/p50/p95/max)=0.079/0.000/0.000/16.667 bridge_process_ms(mean/p95/max)=0.092/0.118/1.674
[NAV] t=60.0s position=(-63.30,-8.46,2.15) yaw=100.3deg command=(-1.77,0.15,0.04) manual_active=0 collision_blocks=0
[depth_angular_controller-1] [INFO] [1791299303.498151963] [depth_angular_controller]: ZERO_INTENT
[depth_angular_controller-1] [INFO] [1791299304.959614689] [depth_angular_controller]: [PERF CTRL] run=final_v9_spin_ego1p2_1 elapsed=77.91s callbacks=3678 commands=3677 guidance=3294 command_fps(ros/wall)=59.89/56.36 guidance_wall_fps=52.43 avoid_ms(mean/p50/p95/max)=0.623/0.541/1.060/19.324 cycle_ms(mean/p95/max)=17.744/26.911/96.172 depth_to_cmd_ms(mean/p95/max)=72.293/116.667/133.333 callback_to_publish_ms(mean/p95/max)=2.805/9.497/22.677
[depth_angular_controller-1] [INFO] [1791299304.959942765] [depth_angular_controller]: EVIDENCE_COST ingest(mean/p95/max)=2.133/8.771/22.211 record=0.024/0.025/1.365 ms
[depth_angular_controller-1] [INFO] [1791299304.959955279] [depth_angular_controller]: EVIDENCE_PHASE per_view_mean_ms balls=0.069 tubes=0.070 history=0.365 eviction=0.001
[MANUAL RESULT] TIMEOUT position=(-64.599,-8.346,2.178)
[PERF ISAAC FINAL] run=final_v9_spin_ego1p2_1 result=MANUAL_TIMEOUT wall=68.18s sim_frames=3843 fps(sim/wall)=60.03/56.37 command_changes=2824 collision_blocks=0 frame_interval_ms(mean/p50/p95/max)=17.593/16.217/18.633/79.881
[79.832s] Simulation App Shutting Down
[depth_angular_controller-1] [INFO] [1791299307.860133811] [rclcpp]: signal_handler(SIGINT/SIGTERM)
[position_cmd_to_twist-2] [INFO] [1791299307.861126286] [position_cmd_to_twist]: [PERF BRIDGE FINAL] run=final_v9_spin_ego1p2_1 elapsed=80.70s received=3834 published=3834 fps(ros/wall)=59.89/56.74 controller_to_bridge_ms(mean/p50/p95/max)=0.074/0.000/0.000/16.667 bridge_process_ms(mean/p95/max)=0.091/0.118/1.674
[position_cmd_to_twist-2] Failed to publish log message to rosout: publisher's context is invalid, at ./src/rcl/publisher.c:389
[depth_angular_controller-1] [INFO] [1791299307.861209402] [depth_angular_controller]: [PERF CTRL FINAL] run=final_v9_spin_ego1p2_1 elapsed=80.81s callbacks=3835 commands=3834 guidance=3294 command_fps(ros/wall)=59.89/56.73 guidance_wall_fps=52.43 avoid_ms(mean/p50/p95/max)=0.623/0.541/1.060/19.324 cycle_ms(mean/p95/max)=17.626/26.833/96.172 depth_to_cmd_ms(mean/p95/max)=72.293/116.667/133.333 callback_to_publish_ms(mean/p95/max)=2.774/9.397/22.677
[depth_angular_controller-1] [INFO] [1791299307.861471725] [depth_angular_controller]: EVIDENCE_COST ingest(mean/p95/max)=2.127/8.650/22.211 record=0.023/0.024/1.365 ms
[depth_angular_controller-1] [INFO] [1791299307.861474761] [depth_angular_controller]: EVIDENCE_PHASE per_view_mean_ms balls=0.069 tubes=0.069 history=0.364 eviction=0.001
[INFO] [depth_angular_controller-1]: process has finished cleanly [pid 131562]
[INFO] [position_cmd_to_twist-2]: process has finished cleanly [pid 131564]
