[PERF] run=final_v5_sweep_ego1p3_2 log=/home/starry/isaac-data/EGO1P3/performance/omni_20261006/final_v5_sweep_ego1p3_2_performance.md
[INPUT] mode=trace scene_mode=cloud
[INFO] [launch]: All log files can be found below /tmp/fov_gvf_ego1p3_isaac_ros_log/2026-10-06-22-31-22-859543-starry-System-Product-Name-115216
[INFO] [launch]: Default logging verbosity is set to INFO
[INFO] [depth_angular_controller-1]: process started with pid [115218]
[INFO] [position_cmd_to_twist-2]: process started with pid [115220]
[depth_angular_controller-1] [INFO] [1791297082.891285060] [depth_angular_controller]: PROCESSING_RATES control=60.0 Hz depth_limit=10.0 Hz (0=unlimited)
[depth_angular_controller-1] [INFO] [1791297082.893354399] [depth_angular_controller]: C++ controller commands publish on /position_cmd; horizontal views=4
[ROS CHECK] ROS_DOMAIN_ID=42 /position_cmd publishers=1
Type: pc_gvf_msgs/msg/PositionCommand
Publisher count: 1
Subscription count: 1
/depth_angular_controller
/position_cmd_to_twist
WARNING: All log messages before absl::InitializeLog() is called are written to STDERR
E0000 00:00:1791297083.844974  115259 descriptor_database.cc:633] File already exists in database: grpc/health/v1/health.proto
W0000 00:00:1791297083.844996  115259 message.cc:301] Protobuf GeneratedMessageFactory: File is already registered: grpc/health/v1/health.proto
2026-10-06T14:31:23Z [Info] [carb] Logging to file: /home/starry/isaac-data/isaacsim/kit/logs/Kit/Isaac-Sim Python/6.0/kit_20261006_223123.log
[0.043s] [ext: omni.assets.plugins-0.0.0] startup
[0.044s] [ext: omni.blobkey-1.1.2] startup
[0.044s] [ext: omni.kit.async_engine-0.0.3] startup
[0.311s] [ext: omni.client.lib-1.1.1] startup
[0.320s] [ext: omni.client-1.3.0] startup
[0.322s] [ext: omni.protobuf.lib-1.0.0] startup
[0.323s] [ext: omni.grpc.lib-1.0.0] startup
[0.326s] [ext: omni.metrics.core-0.0.3] startup
[0.326s] [ext: omni.datastore-0.0.0] startup
[0.327s] [ext: omni.gpu_foundation.shadercache.vulkan-1.0.0] startup
[0.328s] [ext: omni.hsscclient-1.1.4] startup
[0.329s] [ext: omni.stats-1.0.1] startup
[0.329s] [ext: omni.ujitso.default-1.0.0] startup
[0.332s] [ext: omni.gpu_foundation-0.0.0] startup
[0.453s] [ext: carb.windowing.plugins-1.0.1] startup
[0.454s] [ext: omni.kit.renderer.init-1.0.1] startup
2026-10-06T14:31:24Z [660ms] [Warning] [omni.rtx] Skipping unsupported non-NVIDIA GPU: AMD Unknown (RADV RAPHAEL_MENDOCINO)
2026-10-06T14:31:24Z [660ms] [Warning] [omni.rtx] Skipping unsupported non-NVIDIA GPU: AMD Unknown (RADV RAPHAEL_MENDOCINO)

|---------------------------------------------------------------------------------------------|
| Driver Version: 580.178.04    | Graphics API: Vulkan
|=============================================================================================|
| GPU | Name                             | Active | LDA | GPU Memory | Vendor-ID | LUID       |
|     |                                  |        |     |            | Device-ID | UUID       |
|     |                                  |        |     |            | Bus-ID    |            |
|---------------------------------------------------------------------------------------------|
| 0   | NVIDIA GeForce RTX 5070          | Yes: 0 |     | 12227   MB | 10de      | 0          |
|     |                                  |        |     |            | 2f04      | 348d89fe.. |
|     |                                  |        |     |            | 1         |            |
|---------------------------------------------------------------------------------------------|
| 1   | AMD Unknown (RADV RAPHAEL_MEND.. |        |     | 10755   MB | 1002      | 0          |
|     |                                  |        |     |            | 13c0      | 00000000.. |
|     |                                  |        |     |            | c         |            |
|=============================================================================================|
| OS: 22.04.5 LTS (Jammy Jellyfish) ubuntu, Version: 22.04.5, Kernel: 6.8.0-138-generic
| XServer Vendor: The X.Org Foundation, XServer Version: 12101004 (1.21.1.4)
| Processor: AMD Ryzen 5 9600X 6-Core Processor
| Cores: 6 | Logical Cores: 12
|---------------------------------------------------------------------------------------------|
| Total Memory (MB): 31241 | Free Memory: 22908
| Total Page/Swap (MB): 15624 | Free Page/Swap: 15624
|---------------------------------------------------------------------------------------------|
2026-10-06T14:31:24Z [868ms] [Warning] [omni.rtx] CPU performance profile is set to powersave. This profile sets the CPU to the lowest frequency reducing performance.
2026-10-06T14:31:24Z [877ms] [Warning] [omni.rtx] IOMMU is enabled.
[0.975s] [ext: omni.kit.pipapi-0.0.0] startup
[0.976s] [ext: omni.kit.pip_archive-0.0.0] startup
[0.976s] [ext: isaacsim.pip.newton-0.6.1] startup
[0.976s] [ext: omni.pip.compute-1.9.2] startup
[0.977s] [ext: omni.isaac.core_archive-5.3.1] startup
[0.977s] [ext: omni.kit.telemetry-0.5.2] startup
[0.993s] [ext: omni.kit.loop-isaac-1.6.0] startup
[0.994s] [ext: omni.kit.test-2.0.7] startup
[1.043s] [ext: omni.materialx.libs-1.0.9] startup
[1.049s] [ext: omni.gpucompute.plugins-0.0.0] startup
[1.050s] [ext: omni.usd.config-1.0.7] startup
[1.053s] [ext: omni.usd.libs-1.0.3] startup
[1.107s] [ext: omni.iray.libs-0.0.1] startup
[1.110s] [ext: omni.mdl-57.0.3] startup
[1.171s] [ext: omni.mdl.neuraylib-0.2.20] startup
[1.172s] [ext: omni.kit.usd.mdl-1.1.9] startup
[1.257s] [ext: omni.appwindow-1.2.2] startup
[1.259s] [ext: omni.kit.renderer.core-1.2.2] startup
2026-10-06T14:31:30Z [6,465ms] [Warning] [carb.windowing-glfw.gamepad] Joystick with unknown remapping detected (will be ignored):  BEITONG BEITONG A2P3A BFM DONGLE [03000000bc2000001c51000011010000]
[6.495s] [ext: omni.kit.renderer.capture-2.0.1] startup
[6.496s] [ext: omni.kit.renderer.imgui-2.0.6] startup
[6.531s] [ext: omni.ui-3.2.0] startup
[6.538s] [ext: omni.kit.mainwindow-1.0.3] startup
[6.538s] [ext: carb.audio-0.1.0] startup
[6.540s] [ext: omni.uiaudio-1.0.0] startup
[6.541s] [ext: omni.kit.uiapp-0.0.0] startup
[6.541s] [ext: omni.usd.schema.metrics.assembler-110.1.0] startup
[6.543s] [ext: omni.usd.schema.audio-0.0.1] startup
[6.545s] [ext: omni.usd_resolver-1.0.0] startup
[6.548s] [ext: omni.usd.core-1.8.3] startup
[6.550s] [ext: omni.metropolis.schema-0.0.3] startup
[6.550s] [ext: isaacsim.anim.robot.schema-0.1.1] startup
[6.551s] [ext: omni.usd.schema.anim-0.0.1] startup
[6.564s] [ext: omni.usd.schema.geospatial-0.0.1] startup
[6.566s] [ext: omni.usd.schema.omnigraph-1.0.1] startup
[6.570s] [ext: omni.usd.schema.semantics-0.0.0] startup
[6.571s] [ext: omni.activity.core-1.0.3] startup
[6.572s] [ext: omni.cubric-0.1.0] startup
[6.572s] [ext: omni.graph.exec-0.9.6] startup
[6.573s] [ext: omni.hydra.scene_delegate-0.3.5] startup
[6.575s] [ext: usdrt.scenegraph-7.6.3] startup
[6.593s] [ext: omni.hydra.usdrt_delegate-7.5.2] startup
[6.597s] [ext: omni.inspect-1.0.2] startup
[6.598s] [ext: omni.kit.actions.core-1.0.0] startup
[6.599s] [ext: omni.kit.audiodeviceenum-1.0.2] startup
[6.600s] [ext: omni.kit.commands-1.5.0] startup
[6.602s] [ext: omni.kit.exec.core-0.13.5] startup
[6.603s] [ext: omni.kit.usd_undo-0.1.8] startup
[6.604s] [ext: omni.kit.window.popup_dialog-2.0.25] startup
[6.606s] [ext: omni.kit.widget.nucleus_connector-2.3.1] startup
[6.608s] [ext: omni.timeline-1.1.0] startup
[6.610s] [ext: omni.usd-1.16.0] startup
[6.635s] [ext: omni.graph.core-3.1.2] startup
[6.637s] [ext: omni.kit.notification_manager-1.0.11] startup
[6.638s] [ext: isaacsim.core.deprecation_manager-0.4.2] startup
[6.639s] [ext: isaacsim.replicator.agent.schema-0.1.1] startup
[6.640s] [ext: isaacsim.robot.schema-6.3.7] startup
[6.644s] [ext: isaacsim.robot_motion.schema-0.2.1] startup
[6.644s] [ext: omni.anim.behavior.schema-110.1.0] startup
[6.647s] [ext: omni.anim.graph.schema-110.1.1] startup
[6.651s] [ext: omni.anim.navigation.schema-110.1.0] startup
[6.654s] [ext: omni.behavior.tree.schema-110.1.0] startup
[6.654s] [ext: omni.isaac.ml_archive-3.3.0] startup
[6.654s] [ext: omni.kit.asset_converter-6.0.1] startup
[6.663s] [ext: omni.pip.cloud-1.5.4] startup
[6.665s] [ext: omni.usd.schema.flow-110.0.0] startup
[6.665s] [ext: omni.usd.schema.mujoco-1.1.1] startup
[6.666s] [ext: omni.usd.schema.newton-1.2.1] startup
[6.666s] [ext: omni.usd.schema.omni_lens_distortion-1.0.0] startup
[6.667s] [ext: omni.usd.schema.omni_projectors-1.0.0] startup
[6.667s] [ext: omni.usd.schema.omni_sensors-0.0.0] startup
[6.673s] [ext: omni.usd.schema.omniscripting-1.0.1] startup
[6.676s] [ext: omni.usd.schema.physical_lighting-0.1.0] startup
[6.679s] [ext: omni.usd.schema.physx-110.1.13] startup
[6.702s] [ext: omni.usd.schema.render_settings.rtx-1.0.2] startup
[6.704s] [ext: omni.usd.schema.usd_particle_field-1.0.0] startup
[6.705s] [ext: isaacsim.core.version-2.1.1] startup
[6.705s] [ext: omni.kit.menu.core-1.2.0] startup
[6.706s] [ext: omni.kit.menu.utils-2.2.4] startup
[6.711s] [ext: isaacsim.app.about-2.3.1] startup
[6.715s] [ext: isaacsim.asset.transformer-1.2.5] startup
[6.717s] [ext: omni.scene.optimizer.core-110.1.0] startup
[6.747s] [ext: isaacsim.asset.importer.utils-1.8.1] startup
[6.749s] [ext: omni.convexdecomposition-110.1.13] startup
[6.751s] [ext: omni.physics-110.1.13] startup
[6.753s] [ext: omni.physx.gpu-110.1.13] startup
[6.753s] [ext: omni.physx.foundation-110.1.13] startup
[6.754s] [ext: omni.usdphysics-110.1.13] startup
[6.755s] [ext: omni.physx.cooking-110.1.13] startup
[6.757s] [ext: omni.physx-110.1.13] startup
[6.764s] [ext: omni.physics.physx-110.1.13] startup
[6.765s] [ext: isaacsim.asset.exporter.urdf-2.0.5] startup
[6.771s] [ext: omni.kit.clipboard-1.1.1] startup
[6.772s] [ext: omni.kit.usd.layers-2.6.1] startup
[6.777s] [ext: omni.kit.widget.context_menu-1.4.0] startup
[6.778s] [ext: omni.kit.context_menu-1.9.0] startup
[6.779s] [ext: omni.kit.helper.file_utils-0.1.10] startup
[6.781s] [ext: omni.kit.widget.nucleus_info-2.0.2] startup
[6.781s] [ext: omni.kit.search_core-1.0.8] startup
[6.781s] [ext: omni.kit.widget.path_field-2.0.13] startup
[6.782s] [ext: omni.kit.widget.browser_bar-2.0.10] startup
[6.782s] [ext: omni.kit.widget.filebrowser-2.13.4] startup
[6.786s] [ext: omni.kit.widget.options_menu-1.1.6] startup
[6.788s] [ext: omni.kit.widget.options_button-1.0.3] startup
[6.788s] [ext: omni.kit.widget.search_delegate-1.0.9] startup
[6.789s] [ext: omni.ui.scene-2.0.3] startup
[6.792s] [ext: omni.kit.window.filepicker-2.15.5] startup
[6.802s] [ext: omni.kit.window.file_importer-1.1.21] startup
[6.803s] [ext: omni.kit.material.library-3.1.2] startup
[6.807s] [ext: isaacsim.asset.transformer.rules-1.7.10] startup
[6.815s] [ext: omni.usdex.libs-2.2.2] startup
[6.821s] [ext: isaacsim.asset.importer.mjcf-3.10.1] startup
[6.822s] [ext: isaacsim.asset.importer.urdf-3.11.2] startup
[6.825s] [ext: omni.kit.primitive.mesh-1.1.0] startup
[6.827s] [ext: omni.kit.stage_template.core-1.1.22] startup
[6.828s] [ext: omni.kit.stage_templates-2.0.2] startup
[6.829s] [ext: omni.usd.metrics.assembler-110.1.2] startup
[6.831s] [ext: omni.warp.core-1.13.0] startup
[7.013s] [ext: isaacsim.core.experimental.utils-0.17.2] startup
[7.013s] [ext: omni.physics.stageupdate-110.1.13] startup
[7.015s] [ext: omni.physics.tensors-110.1.13] startup
[7.018s] [ext: omni.physx.tensors-110.1.13] startup
[7.021s] [ext: isaacsim.core.simulation_manager-1.15.6] startup
[7.031s] [ext: isaacsim.storage.native-1.9.3] startup
[7.032s] [ext: omni.usd.metrics.assembler.physics-110.1.13] startup
[7.033s] [ext: isaacsim.core.utils-4.1.7] startup
[7.035s] [ext: isaacsim.core.prims-0.11.7] startup
[7.913s] [ext: isaacsim.core.api-5.2.13] startup
[7.919s] [ext: isaacsim.core.cloner-1.7.3] startup
[7.920s] [ext: isaacsim.test.docstring-1.3.2] startup
[7.922s] [ext: isaacsim.core.experimental.prims-1.8.9] startup
[7.940s] [ext: isaacsim.core.experimental.primdata-0.3.2] startup
[7.941s] [ext: omni.graph.tools-1.81.0] startup
[7.959s] [ext: omni.graph-1.142.5] startup
[7.989s] [ext: isaacsim.core.experimental.actuators-0.1.2] startup
[8.002s] [ext: isaacsim.core.experimental.materials-0.7.1] startup
[8.004s] [ext: isaacsim.core.experimental.objects-0.8.1] startup
[8.055s] [ext: omni.hydra.engine.stats-1.0.5] startup
[8.057s] [ext: omni.hydra.rtx.shadercache.vulkan-1.0.0] startup
[8.058s] [ext: omni.index.libs-387500.4413.0] startup
[8.058s] [ext: omni.index-1.0.1] startup
[8.058s] [ext: omni.ujitso.client-0.0.0] startup
[8.058s] [ext: omni.usd.schema.playback-1.0.0] startup
[8.061s] [ext: omni.volume-0.5.2] startup
[8.064s] [ext: omni.hydra.rtx-1.0.4] startup
2026-10-06T14:31:31Z [8,055ms] [Warning] [omni.log] Source: omni.hydra was already registered.
[8.085s] [ext: omni.kit.hydra_texture-1.6.0] startup
[8.088s] [ext: omni.kit.raycast.query-1.2.0] startup
[8.092s] [ext: omni.kit.viewport.legacy_gizmos-1.0.24] startup
[8.093s] [ext: omni.kit.viewport.registry-104.0.6] startup
[8.094s] [ext: omni.kit.viewport.scene_camera_model-1.0.7] startup
[8.097s] [ext: omni.kit.widget.viewport-109.2.0] startup
[8.100s] [ext: omni.kit.window.drop_support-1.0.8] startup
[8.101s] [ext: omni.kit.viewport.window-109.0.2] startup
[8.115s] [ext: omni.kit.viewport.utility-2.0.1] startup
[8.116s] [ext: isaacsim.core.rendering_manager-0.4.3] startup
[8.135s] [ext: omni.graph.action_core-1.1.9] startup
[8.137s] [ext: omni.graph.action_nodes_core-2.11.0] startup
[8.139s] [ext: omni.graph.action_nodes-2.11.0] startup
[8.154s] [ext: omni.graph.action-2.10.2] startup
[8.155s] [ext: omni.graph.image.core-0.6.1] startup
[8.156s] [ext: omni.graph.image.nodes-1.3.1] startup
[8.156s] [ext: omni.graph.nodes_core-2.11.0] startup
[8.160s] [ext: omni.graph.nodes-2.12.0] startup
[8.164s] [ext: omni.kit.hotkeys.core-1.3.12] startup
[8.165s] [ext: omni.kit.property.adapter.core-1.1.1] startup
[8.167s] [ext: omni.kit.property.adapter.usd-1.0.5] startup
[8.168s] [ext: omni.kit.widget.filter-1.1.5] startup
[8.169s] [ext: omni.kit.widget.highlight_label-1.0.3] startup
[8.170s] [ext: omni.kit.widget.searchfield-1.1.8] startup
[8.171s] [ext: omni.kit.window.file_exporter-1.0.36] startup
[8.172s] [ext: omni.kit.widget.stage-4.4.0] startup
[8.178s] [ext: omni.kit.window.content_browser_registry-0.0.6] startup
[8.179s] [ext: omni.kit.window.file-2.0.10] startup
[8.182s] [ext: omni.kit.window.content_browser-3.1.8] startup
[8.190s] [ext: omni.kit.window.property-1.15.1] startup
[8.199s] [ext: omni.kit.property.usd-4.9.4] startup
[8.207s] [ext: omni.graph.scriptnode-2.10.2] startup
[8.214s] [ext: omni.kit.widget.searchable_combobox-1.0.7] startup
[8.215s] [ext: omni.kit.widget.settings-2.0.0] startup
[8.216s] [ext: omni.kit.window.preferences-1.8.3] startup
[8.220s] [ext: omni.kit.viewport.menubar.core-107.2.2] startup
[8.230s] [ext: omni.syntheticdata-0.6.15] startup
[8.252s] [ext: omni.replicator.nv-1.1.1] startup
[8.256s] [ext: omni.videoencoding-0.2.1] startup
[8.257s] [ext: omni.replicator.core-1.13.27] startup
2026-10-06T14:31:31Z [8,244ms] [Warning] [pxr.Semantics] pxr.Semantics is deprecated - please use Semantics instead
2026-10-06T14:31:31Z [8,307ms] [Warning] [omni.replicator.core.scripts.extension] No material configuration file, adding configuration to material settings directly.
[8.451s] [ext: isaacsim.core.nodes-5.10.5] startup
[8.476s] [ext: isaacsim.core.throttling-2.3.5] startup
[8.477s] [ext: omni.kit.manipulator.viewport-107.0.1] startup
[8.478s] [ext: omni.graph.visualization.nodes-2.1.4] startup
[8.489s] [ext: omni.kit.window.extensions-1.5.10] startup
[8.494s] [ext: isaacsim.gui.components-1.8.5] startup
[8.497s] [ext: isaacsim.robot.surface_gripper-3.6.2] startup
[8.506s] [ext: isaacsim.robot.manipulators-3.4.4] startup
[8.515s] [ext: isaacsim.robot_motion.lula-4.1.3] startup
[8.520s] [ext: isaacsim.robot_motion.motion_generation-8.2.9] startup
[8.525s] [ext: isaacsim.cortex.framework-1.0.18] startup
[8.526s] [ext: isaacsim.cortex.behaviors-2.0.17] startup
[8.527s] [ext: isaacsim.examples.base-1.3.2] startup
[8.528s] [ext: omni.kit.widget.zoombar-1.0.7] startup
[8.529s] [ext: omni.kit.browser.core-2.3.18] startup
[8.532s] [ext: omni.kit.browser.folder.core-2.0.2] startup
[8.535s] [ext: omni.kit.widget.stage_icons-1.0.8] startup
[8.535s] [ext: omni.kit.window.stage-2.6.1] startup
[8.538s] [ext: omni.kit.menu.stage-1.2.7] startup
[8.539s] [ext: omni.kit.usd.collect-3.0.6] startup
[8.541s] [ext: omni.kit.widget.prompt-1.0.7] startup
[8.542s] [ext: omni.kit.tool.collect-2.2.19] startup
[8.543s] [ext: isaacsim.examples.browser-0.3.2] startup
[8.545s] [ext: omni.kit.search.files-1.0.4] startup
[8.546s] [ext: omni.kit.widget.calendar-1.0.9] startup
[8.547s] [ext: omni.kit.widget.extended_searchfield-1.0.31] startup
[8.553s] [ext: omni.simready.content.browser-0.3.7] startup
[8.639s] [ext: isaacsim.gui.content_browser-0.4.3] startup
[8.641s] [ext: omni.kit.selection-0.1.6] startup
[8.642s] [ext: isaacsim.gui.menu-2.10.5] startup
[8.649s] [ext: isaacsim.gui.property-1.6.4] startup
[8.655s] [ext: omni.kit.viewport.actions-110.0.0] startup
[8.658s] [ext: omni.kit.viewport.menubar.display-107.1.3] startup
[8.659s] [ext: isaacsim.gui.sensors.icon-2.2.1] startup
[8.662s] [ext: omni.behavior.scripting.core-110.1.0] startup
[8.664s] [ext: isaacsim.replicator.behavior-1.5.4] startup
[8.665s] [ext: isaacsim.replicator.experimental.domain_randomization-1.2.5] startup
[8.677s] [ext: isaacsim.replicator.domain_randomization-1.2.2] startup
[8.742s] [ext: isaacsim.replicator.writers-1.5.4] startup
[8.763s] [ext: isaacsim.robot.experimental.wheeled_robots-0.2.11] startup
[8.783s] [ext: isaacsim.robot.policy.examples-5.2.12] startup
[8.799s] [ext: isaacsim.robot.wheeled_robots-5.2.4] startup
[8.803s] [ext: isaacsim.robot.wheeled_robots.nodes-0.1.5] startup
[8.818s] [ext: isaacsim.robot_motion.experimental.motion_generation-6.1.3] startup
[8.828s] [ext: isaacsim.robot_motion.cumotion-1.3.1] startup
[8.839s] [ext: omni.kit.numpy.common-0.1.3] startup
[8.841s] [ext: isaacsim.sensors.camera-1.7.9] startup
[8.868s] [ext: isaacsim.sensors.experimental.physics-3.0.2] startup
[8.874s] [ext: omni.sensors.net-1.0.1] startup
[8.876s] [ext: omni.sensors.nv.common-3.0.0] startup
[8.885s] [ext: omni.sensors.nv.materials-2.0.0] startup
[8.887s] [ext: omni.sensors.nv.acoustic-3.0.0] startup
[8.889s] [ext: omni.sensors.nv.ids-2.0.1] startup
[8.891s] [ext: omni.sensors.nv.lidar-3.0.0] startup
[8.894s] [ext: omni.sensors.nv.radar-3.0.0] startup
[8.896s] [ext: isaacsim.sensors.experimental.rtx-1.4.6] startup
[9.117s] [ext: isaacsim.sensors.physics.nodes-1.5.3] startup
[9.122s] [ext: isaacsim.util.debug_draw-3.2.3] startup
[9.126s] [ext: isaacsim.sensors.physx-2.5.5] startup
[9.132s] [ext: isaacsim.sensors.rtx-15.17.1] startup
[9.141s] [ext: isaacsim.simulation_app-2.18.4] startup
[9.141s] [ext: omni.anim.curve.core-1.6.0] startup
[9.149s] [ext: omni.graph.ui_nodes-2.11.1] startup
[9.170s] [ext: omni.hydra.scene_api-0.1.3] startup
[9.173s] [ext: omni.kit.manipulator.camera-110.0.0] startup
[9.176s] [ext: omni.kit.manipulator.selector-1.1.4] startup
[9.177s] [ext: omni.kit.manipulator.transform-107.0.0] startup
[9.181s] [ext: omni.kit.widget.toolbar-2.1.0] startup
[9.185s] [ext: omni.kit.manipulator.tool.snap-1.5.14] startup
[9.189s] [ext: omni.kit.viewport.manipulator.transform-107.0.4] startup
[9.190s] [ext: omni.kit.manipulator.prim.core-108.0.2] startup
[9.195s] [ext: omni.kit.manipulator.prim.usd-107.0.3] startup
[9.196s] [ext: omni.kit.manipulator.prim-108.0.0] startup
[9.196s] [ext: omni.kit.manipulator.selection-109.0.1] startup
[9.197s] [ext: omni.kit.menu.create-2.0.2] startup
[9.198s] [ext: omni.kit.property.audio-1.0.16] startup
[9.201s] [ext: omni.kit.property.camera-1.0.14] startup
[9.203s] [ext: omni.kit.property.geometry-2.1.2] startup
[9.205s] [ext: omni.kit.property.light-1.0.14] startup
2026-10-06T14:31:32Z [9,206ms] [Warning] [omni.usd] Encountered USD Warnings but USD Diagnostics are currently muted. To view USD Warnings, please set the '/persistent/app/usd/muteUsdDiagnostics' setting to false in Preferences page.
[9.230s] [ext: omni.kit.property.material-1.14.6] startup
[9.235s] [ext: omni.kit.property.render-1.2.2] startup
[9.236s] [ext: omni.kit.property.transform-1.6.9] startup
[9.239s] [ext: omni.kit.property.bundle-1.5.1] startup
[9.240s] [ext: omni.kit.usdz_export-1.1.0] startup
[9.242s] [ext: omni.kit.tool.asset_importer-6.0.1] startup
[9.247s] [ext: omni.kit.ui.actions-1.0.5] startup
[9.248s] [ext: omni.kit.viewport.menubar.camera-107.0.10] startup
[9.252s] [ext: omni.kit.viewport.menubar.lighting-107.3.2] startup
[9.254s] [ext: omni.kit.viewport.menubar.render-110.0.0] startup
[9.256s] [ext: omni.kit.viewport.menubar.settings-110.0.1] startup
[9.259s] [ext: omni.kit.window.console-1.1.9] startup
[9.262s] [ext: omni.kit.window.status_bar-0.1.11] startup
[9.264s] [ext: omni.kit.window.toolbar-3.0.3] startup
[9.266s] [ext: omni.ocio-0.1.1] startup
[9.267s] [ext: omni.physx.commands-110.1.13] startup
[9.270s] [ext: omni.replicator.replicator_yaml-2.0.12] startup
[9.279s] [ext: omni.rtx.window.settings-0.8.0] startup
[9.283s] [ext: omni.rtx.settings.core-0.7.1] startup
[9.285s] [ext: omni.usd.metrics.assembler.ui-110.1.1] startup
[9.291s] [ext: semantics.schema.editor-2.0.2] startup
[9.294s] [ext: semantics.schema.property-2.0.2] startup
[9.295s] [ext: omni.kit.menu.common-2.0.2] startup
[9.296s] [ext: isaacsim.exp.base-6.0.1] startup
[9.296s] [ext: isaacsim.exp.base.python-6.0.1] startup
[9.298s] Simulation App Starting
[10.325s] Simulation App Startup Complete
[10.330s] app ready
Starting kit application with the following args:  ['/home/starry/isaac-data/isaacsim/exts/isaacsim.simulation_app/isaacsim/simulation_app/simulation_app.py', '/home/starry/isaac-data/isaacsim/apps/isaacsim.exp.base.python.kit', '--/app/tokens/exe-path=/home/starry/isaac-data/isaacsim/kit', '--/persistent/app/viewport/displayOptions=3094', '--/rtx/materialDb/syncLoads=True', '--/rtx/hydra/materialSyncLoads=True', '--/omni/kit/plugin/syncUsdLoads=True', '--/app/renderer/resolution/width=1280', '--/app/renderer/resolution/height=720', '--/app/window/width=1440', '--/app/window/height=900', '--/renderer/multiGpu/enabled=False', '--/app/fastShutdown=True', '--/app/installSignalHandlers=0', '--ext-folder', '/home/starry/isaac-data/isaacsim/exts', '--ext-folder', '/home/starry/isaac-data/isaacsim/apps', '--/renderer/activeGpu=0', '--/physics/cudaDevice=0', '--/plugins/carb.tasking.plugin/threadCount=12', '--/plugins/omni.tbb.globalcontrol/maxThreadCount=12', '--portable', '--no-window', '--/app/window/hideUi=1']
Passing the following args to the base kit application:  []
Warp 1.13.0 initialized:
   CUDA Toolkit 12.9, Driver 13.0
   Devices:
     "cpu"      : "x86_64"
     "cuda:0"   : "NVIDIA GeForce RTX 5070" (11 GiB, sm_120, mempool enabled)
   Kernel cache:
     /home/starry/.cache/warp/1.13.0
[LIGHTING] sun=800.0 (1) dome=0.0 (1) ambient=0.05 constant_color=(0.6, 0.65, 0.7)
[RENDER] mode=MinimalRendering minimal_shading_mode=2 anti_aliasing=TAA
[DEPTH CAMERAS] count=4 resolution_each=320x240 horizontal_coverage=360deg
[ESDF] path=/home/starry/isaac-data/EGO1P3/scenes/ego_swarm_cloud/occupancy.bin shape=(400, 300, 50) resolution=0.40m
[depth_angular_controller-1] [INFO] [1791297096.189879998] [depth_angular_controller]: WAITING_ODOMETRY
[NAV] t=0.0s position=(-64.00,-11.20,2.80) yaw=0.0deg command=(0.00,0.00,0.00) manual_active=0 collision_blocks=0
[depth_angular_controller-1] [INFO] [1791297096.560191429] [depth_angular_controller]: WAITING_VERIFIED_START_POSE
[depth_angular_controller-1] [INFO] [1791297096.594786915] [depth_angular_controller]: VERIFIED_FREE_SEED center=(-64.000,-11.200,2.800) radius=2.500 balls=1: verified fixed Cloud free ball; USD and occupancy SHA-256 matched
[depth_angular_controller-1] [INFO] [1791297096.595247130] [depth_angular_controller]: ZERO_INTENT
[depth_angular_controller-1] [INFO] [1791297097.530717521] [depth_angular_controller]: OMNI_DEPTH views=4 azimuth_bins=180 elevation_bins=37 valid=1 certificates=1 yaw=0.00
[depth_angular_controller-1] [INFO] [1791297097.530806288] [depth_angular_controller]: DEPTH_PROPOSAL_CERTIFIED
[depth_angular_controller-1] [INFO] [1791297097.530812640] [depth_angular_controller]: PAPER_BUILD reason=FULL_MOTION_CERTIFICATE required=0.0000 best=0.0000 free=0 refined=0 tubes=0 revoked_tubes=0 proofs=0
[depth_angular_controller-1] [INFO] [1791297097.530818992] [depth_angular_controller]: PAPER_EVIDENCE retained=4 balls=1 revoked_balls=0 expired_views=0 evicted_views=0 radius=0.580 clearance=0.000 best_prefix=0.000
[depth_angular_controller-1] [INFO] [1791297098.477595951] [depth_angular_controller]: OMNI_DEPTH views=4 azimuth_bins=180 elevation_bins=37 valid=1 certificates=1 yaw=10.00
[depth_angular_controller-1] [INFO] [1791297098.477678737] [depth_angular_controller]: PAPER_BUILD reason=FULL_MOTION_CERTIFICATE required=0.0000 best=0.0000 free=0 refined=0 tubes=1 revoked_tubes=0 proofs=53
[depth_angular_controller-1] [INFO] [1791297098.477686401] [depth_angular_controller]: PAPER_EVIDENCE retained=8 balls=4 revoked_balls=0 expired_views=0 evicted_views=0 radius=0.580 clearance=0.000 best_prefix=0.000
[10.847s] [ext: isaacsim.sensors.rtx.nodes-0.1.2] startup
[10.855s] [ext: isaacsim.ros2.core-1.9.4] startup
[10.868s] Attempting to load system rclpy
[10.868s] Could not import system rclpy: No module named 'rclpy'
[10.868s] Attempting to load internal rclpy for ROS Distro: humble
[10.879s] rclpy loaded
[10.882s] [ext: isaacsim.ros2.nodes-1.18.13] startup
[10.916s] [ext: isaacsim.ros2.examples-1.2.4] startup
[10.920s] [ext: isaacsim.ros2.ui-1.6.5] startup
[11.131s] [ext: isaacsim.ros2.bridge-5.1.2] startup
2026-10-06T14:31:36Z [13,057ms] [Warning] [omni.timeline.plugin] Deprecated: direct use of ITimeline callbacks is deprecated. Use ITimeline::getTimeline (Python: omni.timeline.get_timeline_interface) instead.
[depth_angular_controller-1] [INFO] [1791297099.735140070] [depth_angular_controller]: OMNI_DEPTH views=4 azimuth_bins=180 elevation_bins=37 valid=1 certificates=1 yaw=20.00
[depth_angular_controller-1] [INFO] [1791297099.735242713] [depth_angular_controller]: PAPER_BUILD reason=FULL_MOTION_CERTIFICATE required=0.0000 best=0.0000 free=0 refined=0 tubes=3 revoked_tubes=0 proofs=113
[depth_angular_controller-1] [INFO] [1791297099.735250598] [depth_angular_controller]: PAPER_EVIDENCE retained=12 balls=9 revoked_balls=0 expired_views=0 evicted_views=0 radius=0.580 clearance=0.000 best_prefix=0.000
[depth_angular_controller-1] [INFO] [1791297100.750810362] [depth_angular_controller]: OMNI_DEPTH views=4 azimuth_bins=180 elevation_bins=37 valid=1 certificates=1 yaw=30.00
[depth_angular_controller-1] [INFO] [1791297100.750955365] [depth_angular_controller]: PAPER_BUILD reason=FULL_MOTION_CERTIFICATE required=0.0000 best=0.0000 free=0 refined=0 tubes=4 revoked_tubes=0 proofs=128
[depth_angular_controller-1] [INFO] [1791297100.750965393] [depth_angular_controller]: PAPER_EVIDENCE retained=16 balls=15 revoked_balls=0 expired_views=0 evicted_views=0 radius=0.580 clearance=0.000 best_prefix=0.000
[depth_angular_controller-1] [INFO] [1791297101.571434672] [depth_angular_controller]: [PERF CTRL] run=final_v5_sweep_ego1p3_2 elapsed=18.68s callbacks=287 commands=286 guidance=226 command_fps(ros/wall)=59.79/56.87 guidance_wall_fps=55.68 avoid_ms(mean/p50/p95/max)=0.172/0.156/0.235/0.637 cycle_ms(mean/p95/max)=17.583/21.355/77.613 depth_to_cmd_ms(mean/p95/max)=60.029/100.000/116.667 callback_to_publish_ms(mean/p95/max)=1.372/5.548/13.578
[depth_angular_controller-1] [INFO] [1791297101.571500556] [depth_angular_controller]: EVIDENCE_COST ingest(mean/p95/max)=1.140/5.291/13.537 record=0.011/0.017/0.082 ms
[depth_angular_controller-1] [INFO] [1791297101.571507459] [depth_angular_controller]: EVIDENCE_PHASE per_view_mean_ms balls=0.052 tubes=0.011 history=0.197 eviction=0.000
[position_cmd_to_twist-2] [INFO] [1791297101.722957711] [position_cmd_to_twist]: [PERF BRIDGE] run=final_v5_sweep_ego1p3_2 elapsed=18.71s received=294 published=294 fps(ros/wall)=59.80/57.03 controller_to_bridge_ms(mean/p50/p95/max)=0.000/0.000/0.000/0.000 bridge_process_ms(mean/p95/max)=0.094/0.128/0.238
[NAV] t=5.0s position=(-61.45,-10.38,2.80) yaw=0.0deg command=(0.66,0.45,0.00) manual_active=1 collision_blocks=0
[depth_angular_controller-1] [INFO] [1791297101.799823997] [depth_angular_controller]: OMNI_DEPTH views=4 azimuth_bins=180 elevation_bins=37 valid=1 certificates=1 yaw=40.00
[depth_angular_controller-1] [INFO] [1791297101.799950775] [depth_angular_controller]: PAPER_BUILD reason=FULL_MOTION_CERTIFICATE required=0.0000 best=0.0000 free=0 refined=0 tubes=6 revoked_tubes=0 proofs=128
[depth_angular_controller-1] [INFO] [1791297101.799958319] [depth_angular_controller]: PAPER_EVIDENCE retained=16 balls=20 revoked_balls=0 expired_views=0 evicted_views=4 radius=0.580 clearance=0.000 best_prefix=0.000
[depth_angular_controller-1] [INFO] [1791297102.876699723] [depth_angular_controller]: OMNI_DEPTH views=4 azimuth_bins=180 elevation_bins=37 valid=1 certificates=1 yaw=50.00
[depth_angular_controller-1] [INFO] [1791297102.876835007] [depth_angular_controller]: PAPER_BUILD reason=FULL_MOTION_CERTIFICATE required=0.0000 best=0.0000 free=0 refined=0 tubes=8 revoked_tubes=0 proofs=128
[depth_angular_controller-1] [INFO] [1791297102.876843854] [depth_angular_controller]: PAPER_EVIDENCE retained=16 balls=25 revoked_balls=0 expired_views=0 evicted_views=8 radius=0.580 clearance=0.000 best_prefix=0.000
[depth_angular_controller-1] [INFO] [1791297103.851640612] [depth_angular_controller]: OMNI_DEPTH views=4 azimuth_bins=180 elevation_bins=37 valid=1 certificates=1 yaw=60.00
[depth_angular_controller-1] [INFO] [1791297103.852195294] [depth_angular_controller]: PAPER_BUILD reason=FULL_MOTION_CERTIFICATE required=0.0000 best=0.0000 free=0 refined=0 tubes=9 revoked_tubes=0 proofs=128
[depth_angular_controller-1] [INFO] [1791297103.852205403] [depth_angular_controller]: PAPER_EVIDENCE retained=16 balls=31 revoked_balls=0 expired_views=0 evicted_views=11 radius=0.580 clearance=0.000 best_prefix=0.000
[depth_angular_controller-1] [INFO] [1791297104.914964850] [depth_angular_controller]: OMNI_DEPTH views=4 azimuth_bins=180 elevation_bins=37 valid=1 certificates=1 yaw=70.00
[depth_angular_controller-1] [INFO] [1791297104.915099664] [depth_angular_controller]: PAPER_BUILD reason=FULL_MOTION_CERTIFICATE required=0.0000 best=0.0000 free=0 refined=0 tubes=11 revoked_tubes=0 proofs=128
[depth_angular_controller-1] [INFO] [1791297104.915108130] [depth_angular_controller]: PAPER_EVIDENCE retained=16 balls=32 revoked_balls=0 expired_views=0 evicted_views=15 radius=0.580 clearance=0.000 best_prefix=0.000
[depth_angular_controller-1] [INFO] [1791297105.947662001] [depth_angular_controller]: OMNI_DEPTH views=4 azimuth_bins=180 elevation_bins=37 valid=1 certificates=1 yaw=80.00
[depth_angular_controller-1] [INFO] [1791297105.947969780] [depth_angular_controller]: PAPER_BUILD reason=FULL_MOTION_CERTIFICATE required=0.0000 best=0.0000 free=0 refined=0 tubes=12 revoked_tubes=0 proofs=128
[depth_angular_controller-1] [INFO] [1791297105.947979257] [depth_angular_controller]: PAPER_EVIDENCE retained=16 balls=32 revoked_balls=0 expired_views=0 evicted_views=19 radius=0.580 clearance=0.000 best_prefix=0.000
[depth_angular_controller-1] [INFO] [1791297106.578451642] [depth_angular_controller]: [PERF CTRL] run=final_v5_sweep_ego1p3_2 elapsed=23.69s callbacks=576 commands=575 guidance=515 command_fps(ros/wall)=59.90/57.30 guidance_wall_fps=56.81 avoid_ms(mean/p50/p95/max)=0.240/0.209/0.627/1.378 cycle_ms(mean/p95/max)=17.453/22.952/85.630 depth_to_cmd_ms(mean/p95/max)=51.262/100.000/116.667 callback_to_publish_ms(mean/p95/max)=1.798/6.405/13.578
[depth_angular_controller-1] [INFO] [1791297106.578528316] [depth_angular_controller]: EVIDENCE_COST ingest(mean/p95/max)=1.481/6.143/13.537 record=0.015/0.037/0.082 ms
[depth_angular_controller-1] [INFO] [1791297106.578535159] [depth_angular_controller]: EVIDENCE_PHASE per_view_mean_ms balls=0.054 tubes=0.013 history=0.279 eviction=0.001
[position_cmd_to_twist-2] [INFO] [1791297107.013956532] [position_cmd_to_twist]: [PERF BRIDGE] run=final_v5_sweep_ego1p3_2 elapsed=24.01s received=594 published=594 fps(ros/wall)=59.90/57.14 controller_to_bridge_ms(mean/p50/p95/max)=0.000/0.000/0.000/0.000 bridge_process_ms(mean/p95/max)=0.093/0.126/0.238
[NAV] t=10.0s position=(-59.50,-7.04,2.80) yaw=0.0deg command=(0.07,0.80,0.00) manual_active=1 collision_blocks=0
[depth_angular_controller-1] [INFO] [1791297107.093263565] [depth_angular_controller]: OMNI_DEPTH views=4 azimuth_bins=180 elevation_bins=37 valid=1 certificates=1 yaw=90.00
[depth_angular_controller-1] [INFO] [1791297107.093404129] [depth_angular_controller]: PAPER_BUILD reason=FULL_MOTION_CERTIFICATE required=0.0000 best=0.0000 free=0 refined=0 tubes=14 revoked_tubes=0 proofs=128
[depth_angular_controller-1] [INFO] [1791297107.093416592] [depth_angular_controller]: PAPER_EVIDENCE retained=16 balls=32 revoked_balls=0 expired_views=0 evicted_views=23 radius=0.580 clearance=0.000 best_prefix=0.000
[depth_angular_controller-1] [INFO] [1791297108.176932297] [depth_angular_controller]: OMNI_DEPTH views=4 azimuth_bins=180 elevation_bins=37 valid=1 certificates=1 yaw=100.00
[depth_angular_controller-1] [INFO] [1791297108.177073933] [depth_angular_controller]: PAPER_BUILD reason=FULL_MOTION_CERTIFICATE required=0.0000 best=0.0000 free=0 refined=0 tubes=16 revoked_tubes=0 proofs=128
[depth_angular_controller-1] [INFO] [1791297108.177086637] [depth_angular_controller]: PAPER_EVIDENCE retained=16 balls=32 revoked_balls=0 expired_views=0 evicted_views=27 radius=0.580 clearance=0.000 best_prefix=0.000
[depth_angular_controller-1] [INFO] [1791297109.198850190] [depth_angular_controller]: OMNI_DEPTH views=4 azimuth_bins=180 elevation_bins=37 valid=1 certificates=1 yaw=110.00
[depth_angular_controller-1] [INFO] [1791297109.198996585] [depth_angular_controller]: PAPER_BUILD reason=FULL_MOTION_CERTIFICATE required=0.0000 best=0.0000 free=0 refined=0 tubes=17 revoked_tubes=0 proofs=128
[depth_angular_controller-1] [INFO] [1791297109.199005392] [depth_angular_controller]: PAPER_EVIDENCE retained=16 balls=32 revoked_balls=0 expired_views=0 evicted_views=31 radius=0.580 clearance=0.000 best_prefix=0.000
[depth_angular_controller-1] [INFO] [1791297110.237910730] [depth_angular_controller]: OMNI_DEPTH views=4 azimuth_bins=180 elevation_bins=37 valid=1 certificates=1 yaw=120.00
[depth_angular_controller-1] [INFO] [1791297110.238051434] [depth_angular_controller]: PAPER_BUILD reason=FULL_MOTION_CERTIFICATE required=0.0000 best=0.0000 free=0 refined=0 tubes=19 revoked_tubes=0 proofs=128
[depth_angular_controller-1] [INFO] [1791297110.238059029] [depth_angular_controller]: PAPER_EVIDENCE retained=16 balls=32 revoked_balls=0 expired_views=0 evicted_views=35 radius=0.580 clearance=0.000 best_prefix=0.000
[depth_angular_controller-1] [INFO] [1791297111.335288145] [depth_angular_controller]: OMNI_DEPTH views=4 azimuth_bins=180 elevation_bins=37 valid=1 certificates=1 yaw=130.00
[depth_angular_controller-1] [INFO] [1791297111.335434150] [depth_angular_controller]: PAPER_BUILD reason=FULL_MOTION_CERTIFICATE required=0.0000 best=0.0000 free=0 refined=0 tubes=21 revoked_tubes=0 proofs=128
[depth_angular_controller-1] [INFO] [1791297111.335442966] [depth_angular_controller]: PAPER_EVIDENCE retained=16 balls=32 revoked_balls=0 expired_views=0 evicted_views=39 radius=0.580 clearance=0.000 best_prefix=0.000
[depth_angular_controller-1] [INFO] [1791297111.585112493] [depth_angular_controller]: [PERF CTRL] run=final_v5_sweep_ego1p3_2 elapsed=28.69s callbacks=850 commands=849 guidance=789 command_fps(ros/wall)=59.79/56.44 guidance_wall_fps=56.07 avoid_ms(mean/p50/p95/max)=0.231/0.214/0.499/1.378 cycle_ms(mean/p95/max)=17.718/24.220/85.630 depth_to_cmd_ms(mean/p95/max)=47.930/100.000/116.667 callback_to_publish_ms(mean/p95/max)=1.944/6.902/13.578
[depth_angular_controller-1] [INFO] [1791297111.585203053] [depth_angular_controller]: EVIDENCE_COST ingest(mean/p95/max)=1.630/6.644/13.537 record=0.015/0.027/0.294 ms
[depth_angular_controller-1] [INFO] [1791297111.585209846] [depth_angular_controller]: EVIDENCE_PHASE per_view_mean_ms balls=0.055 tubes=0.014 history=0.314 eviction=0.001
[position_cmd_to_twist-2] [INFO] [1791297112.430295637] [position_cmd_to_twist]: [PERF BRIDGE] run=final_v5_sweep_ego1p3_2 elapsed=29.43s received=892 published=892 fps(ros/wall)=59.80/56.20 controller_to_bridge_ms(mean/p50/p95/max)=0.000/0.000/0.000/0.000 bridge_process_ms(mean/p95/max)=0.092/0.123/0.271
[NAV] t=15.0s position=(-60.81,-3.40,2.80) yaw=0.0deg command=(-0.56,0.57,0.00) manual_active=1 collision_blocks=0
[depth_angular_controller-1] [INFO] [1791297112.513791501] [depth_angular_controller]: OMNI_DEPTH views=4 azimuth_bins=180 elevation_bins=37 valid=1 certificates=1 yaw=140.00
[depth_angular_controller-1] [INFO] [1791297112.513950921] [depth_angular_controller]: PAPER_BUILD reason=FULL_MOTION_CERTIFICATE required=0.0000 best=0.0000 free=0 refined=0 tubes=22 revoked_tubes=0 proofs=128
[depth_angular_controller-1] [INFO] [1791297112.513961421] [depth_angular_controller]: PAPER_EVIDENCE retained=16 balls=32 revoked_balls=0 expired_views=0 evicted_views=43 radius=0.580 clearance=0.000 best_prefix=0.000
[depth_angular_controller-1] [INFO] [1791297113.626123752] [depth_angular_controller]: OMNI_DEPTH views=4 azimuth_bins=180 elevation_bins=37 valid=1 certificates=1 yaw=150.00
[depth_angular_controller-1] [INFO] [1791297113.626262342] [depth_angular_controller]: PAPER_BUILD reason=FULL_MOTION_CERTIFICATE required=0.0000 best=0.0000 free=0 refined=0 tubes=24 revoked_tubes=0 proofs=128
[depth_angular_controller-1] [INFO] [1791297113.626270327] [depth_angular_controller]: PAPER_EVIDENCE retained=16 balls=32 revoked_balls=0 expired_views=0 evicted_views=46 radius=0.580 clearance=0.000 best_prefix=0.000
[depth_angular_controller-1] [INFO] [1791297114.761761149] [depth_angular_controller]: OMNI_DEPTH views=4 azimuth_bins=180 elevation_bins=37 valid=1 certificates=1 yaw=-178.00
[depth_angular_controller-1] [INFO] [1791297114.762322614] [depth_angular_controller]: PAPER_BUILD reason=FULL_MOTION_CERTIFICATE required=0.0000 best=0.0000 free=0 refined=0 tubes=26 revoked_tubes=0 proofs=128
[depth_angular_controller-1] [INFO] [1791297114.762470472] [depth_angular_controller]: PAPER_EVIDENCE retained=16 balls=32 revoked_balls=0 expired_views=0 evicted_views=50 radius=0.580 clearance=0.000 best_prefix=0.000
[depth_angular_controller-1] [INFO] [1791297115.870486441] [depth_angular_controller]: OMNI_DEPTH views=4 azimuth_bins=180 elevation_bins=37 valid=1 certificates=1 yaw=170.00
[depth_angular_controller-1] [INFO] [1791297115.870615163] [depth_angular_controller]: PAPER_BUILD reason=FULL_MOTION_CERTIFICATE required=0.0000 best=0.0000 free=0 refined=0 tubes=28 revoked_tubes=0 proofs=128
[depth_angular_controller-1] [INFO] [1791297115.870623939] [depth_angular_controller]: PAPER_EVIDENCE retained=16 balls=32 revoked_balls=0 expired_views=0 evicted_views=54 radius=0.580 clearance=0.000 best_prefix=0.000
[depth_angular_controller-1] [INFO] [1791297116.590566757] [depth_angular_controller]: [PERF CTRL] run=final_v5_sweep_ego1p3_2 elapsed=33.70s callbacks=1124 commands=1123 guidance=1063 command_fps(ros/wall)=59.84/56.02 guidance_wall_fps=55.72 avoid_ms(mean/p50/p95/max)=0.340/0.215/1.981/3.694 cycle_ms(mean/p95/max)=17.852/24.448/85.630 depth_to_cmd_ms(mean/p95/max)=45.923/83.333/116.667 callback_to_publish_ms(mean/p95/max)=2.182/7.251/13.578
[depth_angular_controller-1] [INFO] [1791297116.590689107] [depth_angular_controller]: EVIDENCE_COST ingest(mean/p95/max)=1.761/6.824/13.537 record=0.015/0.024/0.294 ms
[depth_angular_controller-1] [INFO] [1791297116.590695829] [depth_angular_controller]: EVIDENCE_PHASE per_view_mean_ms balls=0.054 tubes=0.015 history=0.347 eviction=0.001
[depth_angular_controller-1] [INFO] [1791297116.833473825] [depth_angular_controller]: OMNI_DEPTH views=4 azimuth_bins=180 elevation_bins=37 valid=1 certificates=1 yaw=180.00
[depth_angular_controller-1] [INFO] [1791297116.833614319] [depth_angular_controller]: PAPER_BUILD reason=FULL_MOTION_CERTIFICATE required=0.0000 best=0.0000 free=0 refined=0 tubes=29 revoked_tubes=0 proofs=128
[depth_angular_controller-1] [INFO] [1791297116.833622384] [depth_angular_controller]: PAPER_EVIDENCE retained=16 balls=32 revoked_balls=0 expired_views=0 evicted_views=58 radius=0.580 clearance=0.000 best_prefix=0.000
[position_cmd_to_twist-2] [INFO] [1791297117.842862562] [position_cmd_to_twist]: [PERF BRIDGE] run=final_v5_sweep_ego1p3_2 elapsed=34.84s received=1192 published=1192 fps(ros/wall)=59.85/56.00 controller_to_bridge_ms(mean/p50/p95/max)=0.000/0.000/0.000/0.000 bridge_process_ms(mean/p95/max)=0.092/0.122/0.604
[NAV] t=20.0s position=(-64.48,-2.33,2.90) yaw=0.0deg command=(-0.80,-0.06,0.00) manual_active=1 collision_blocks=0
[depth_angular_controller-1] [INFO] [1791297117.922520464] [depth_angular_controller]: OMNI_DEPTH views=4 azimuth_bins=180 elevation_bins=37 valid=1 certificates=1 yaw=-170.00
[depth_angular_controller-1] [INFO] [1791297117.922664655] [depth_angular_controller]: PAPER_BUILD reason=FULL_MOTION_CERTIFICATE required=0.0000 best=0.0000 free=0 refined=0 tubes=31 revoked_tubes=0 proofs=128
[depth_angular_controller-1] [INFO] [1791297117.922670727] [depth_angular_controller]: PAPER_EVIDENCE retained=16 balls=32 revoked_balls=0 expired_views=0 evicted_views=62 radius=0.580 clearance=0.000 best_prefix=0.000
[depth_angular_controller-1] [INFO] [1791297119.009828246] [depth_angular_controller]: OMNI_DEPTH views=4 azimuth_bins=180 elevation_bins=37 valid=1 certificates=1 yaw=-160.00
[depth_angular_controller-1] [INFO] [1791297119.009974490] [depth_angular_controller]: PAPER_BUILD reason=FULL_MOTION_CERTIFICATE required=0.0000 best=0.0000 free=0 refined=0 tubes=33 revoked_tubes=0 proofs=128
[depth_angular_controller-1] [INFO] [1791297119.009981834] [depth_angular_controller]: PAPER_EVIDENCE retained=16 balls=32 revoked_balls=0 expired_views=0 evicted_views=66 radius=0.580 clearance=0.000 best_prefix=0.000
[depth_angular_controller-1] [INFO] [1791297119.973610323] [depth_angular_controller]: OMNI_DEPTH views=4 azimuth_bins=180 elevation_bins=37 valid=1 certificates=1 yaw=-150.00
[depth_angular_controller-1] [INFO] [1791297119.973769563] [depth_angular_controller]: PAPER_BUILD reason=FULL_MOTION_CERTIFICATE required=0.0000 best=0.0000 free=0 refined=0 tubes=34 revoked_tubes=0 proofs=128
[depth_angular_controller-1] [INFO] [1791297119.973776926] [depth_angular_controller]: PAPER_EVIDENCE retained=16 balls=32 revoked_balls=0 expired_views=0 evicted_views=70 radius=0.580 clearance=0.000 best_prefix=0.000
[depth_angular_controller-1] [INFO] [1791297121.062793449] [depth_angular_controller]: OMNI_DEPTH views=4 azimuth_bins=180 elevation_bins=37 valid=1 certificates=1 yaw=-168.00
[depth_angular_controller-1] [INFO] [1791297121.062961164] [depth_angular_controller]: PAPER_BUILD reason=FULL_MOTION_CERTIFICATE required=0.0000 best=0.0000 free=0 refined=0 tubes=36 revoked_tubes=0 proofs=128
[depth_angular_controller-1] [INFO] [1791297121.062970291] [depth_angular_controller]: PAPER_EVIDENCE retained=16 balls=32 revoked_balls=0 expired_views=0 evicted_views=74 radius=0.580 clearance=0.000 best_prefix=0.000
[depth_angular_controller-1] [INFO] [1791297121.597860618] [depth_angular_controller]: [PERF CTRL] run=final_v5_sweep_ego1p3_2 elapsed=38.70s callbacks=1407 commands=1406 guidance=1346 command_fps(ros/wall)=59.83/56.12 guidance_wall_fps=55.89 avoid_ms(mean/p50/p95/max)=0.421/0.217/2.108/3.694 cycle_ms(mean/p95/max)=17.820/23.942/85.630 depth_to_cmd_ms(mean/p95/max)=44.453/83.333/116.667 callback_to_publish_ms(mean/p95/max)=2.322/7.238/13.578
[depth_angular_controller-1] [INFO] [1791297121.597983529] [depth_angular_controller]: EVIDENCE_COST ingest(mean/p95/max)=1.818/6.702/13.537 record=0.015/0.022/0.478 ms
[depth_angular_controller-1] [INFO] [1791297121.597988618] [depth_angular_controller]: EVIDENCE_PHASE per_view_mean_ms balls=0.054 tubes=0.016 history=0.360 eviction=0.001
[depth_angular_controller-1] [INFO] [1791297122.105840150] [depth_angular_controller]: OMNI_DEPTH views=4 azimuth_bins=180 elevation_bins=37 valid=1 certificates=1 yaw=-160.00
[depth_angular_controller-1] [INFO] [1791297122.105988158] [depth_angular_controller]: PAPER_BUILD reason=FULL_MOTION_CERTIFICATE required=0.0000 best=0.0000 free=0 refined=0 tubes=38 revoked_tubes=0 proofs=128
[depth_angular_controller-1] [INFO] [1791297122.105995772] [depth_angular_controller]: PAPER_EVIDENCE retained=16 balls=32 revoked_balls=0 expired_views=0 evicted_views=78 radius=0.580 clearance=0.000 best_prefix=0.000
[position_cmd_to_twist-2] [INFO] [1791297122.983612378] [position_cmd_to_twist]: [PERF BRIDGE] run=final_v5_sweep_ego1p3_2 elapsed=39.98s received=1491 published=1491 fps(ros/wall)=59.84/56.41 controller_to_bridge_ms(mean/p50/p95/max)=0.000/0.000/0.000/0.000 bridge_process_ms(mean/p95/max)=0.090/0.116/0.604
[NAV] t=25.0s position=(-68.25,-3.52,2.63) yaw=0.0deg command=(-0.75,-0.28,-0.04) manual_active=1 collision_blocks=0
[depth_angular_controller-1] [INFO] [1791297123.063257797] [depth_angular_controller]: OMNI_DEPTH views=4 azimuth_bins=180 elevation_bins=37 valid=1 certificates=1 yaw=-158.00
[depth_angular_controller-1] [INFO] [1791297123.063395897] [depth_angular_controller]: PAPER_BUILD reason=FULL_MOTION_CERTIFICATE required=0.0000 best=0.0000 free=0 refined=0 tubes=39 revoked_tubes=0 proofs=128
[depth_angular_controller-1] [INFO] [1791297123.063404623] [depth_angular_controller]: PAPER_EVIDENCE retained=16 balls=32 revoked_balls=0 expired_views=0 evicted_views=81 radius=0.580 clearance=0.000 best_prefix=0.000
[depth_angular_controller-1] [INFO] [1791297124.164963086] [depth_angular_controller]: OMNI_DEPTH views=4 azimuth_bins=180 elevation_bins=37 valid=1 certificates=1 yaw=-115.48
[depth_angular_controller-1] [INFO] [1791297124.165112066] [depth_angular_controller]: PAPER_BUILD reason=FULL_MOTION_CERTIFICATE required=0.0000 best=0.0000 free=0 refined=0 tubes=41 revoked_tubes=0 proofs=128
[depth_angular_controller-1] [INFO] [1791297124.165121493] [depth_angular_controller]: PAPER_EVIDENCE retained=16 balls=32 revoked_balls=0 expired_views=0 evicted_views=85 radius=0.580 clearance=0.000 best_prefix=0.000
[depth_angular_controller-1] [INFO] [1791297125.204471587] [depth_angular_controller]: OMNI_DEPTH views=4 azimuth_bins=180 elevation_bins=37 valid=1 certificates=1 yaw=-100.00
[depth_angular_controller-1] [INFO] [1791297125.204945388] [depth_angular_controller]: PAPER_BUILD reason=FULL_MOTION_CERTIFICATE required=0.0000 best=0.0000 free=0 refined=0 tubes=44 revoked_tubes=0 proofs=128
[depth_angular_controller-1] [INFO] [1791297125.204959985] [depth_angular_controller]: PAPER_EVIDENCE retained=16 balls=32 revoked_balls=0 expired_views=0 evicted_views=89 radius=0.580 clearance=0.000 best_prefix=0.000
[depth_angular_controller-1] [INFO] [1791297126.178648660] [depth_angular_controller]: OMNI_DEPTH views=4 azimuth_bins=180 elevation_bins=37 valid=1 certificates=2 yaw=-68.00
[depth_angular_controller-1] [INFO] [1791297126.179560564] [depth_angular_controller]: PAPER_BUILD reason=FULL_MOTION_CERTIFICATE required=0.0000 best=0.0000 free=0 refined=0 tubes=47 revoked_tubes=0 proofs=128
[depth_angular_controller-1] [INFO] [1791297126.179568299] [depth_angular_controller]: PAPER_EVIDENCE retained=16 balls=32 revoked_balls=0 expired_views=0 evicted_views=93 radius=0.580 clearance=0.000 best_prefix=0.000
[depth_angular_controller-1] [INFO] [1791297126.599478902] [depth_angular_controller]: [PERF CTRL] run=final_v5_sweep_ego1p3_2 elapsed=43.71s callbacks=1700 commands=1699 guidance=1639 command_fps(ros/wall)=59.86/56.53 guidance_wall_fps=56.35 avoid_ms(mean/p50/p95/max)=0.775/0.221/2.449/13.188 cycle_ms(mean/p95/max)=17.691/23.530/85.630 depth_to_cmd_ms(mean/p95/max)=43.777/83.333/116.667 callback_to_publish_ms(mean/p95/max)=2.741/7.850/20.357
[depth_angular_controller-1] [INFO] [1791297126.600583528] [depth_angular_controller]: EVIDENCE_COST ingest(mean/p95/max)=1.876/6.674/13.537 record=0.032/0.043/0.868 ms
[depth_angular_controller-1] [INFO] [1791297126.600605650] [depth_angular_controller]: EVIDENCE_PHASE per_view_mean_ms balls=0.054 tubes=0.019 history=0.371 eviction=0.001
[depth_angular_controller-1] [INFO] [1791297127.273172152] [depth_angular_controller]: OMNI_DEPTH views=4 azimuth_bins=180 elevation_bins=37 valid=1 certificates=1 yaw=-80.00
[depth_angular_controller-1] [INFO] [1791297127.273322815] [depth_angular_controller]: PAPER_BUILD reason=FULL_MOTION_CERTIFICATE required=0.0000 best=0.0000 free=0 refined=0 tubes=49 revoked_tubes=0 proofs=128
[depth_angular_controller-1] [INFO] [1791297127.273333415] [depth_angular_controller]: PAPER_EVIDENCE retained=16 balls=32 revoked_balls=0 expired_views=0 evicted_views=97 radius=0.580 clearance=0.000 best_prefix=0.000
[position_cmd_to_twist-2] [INFO] [1791297128.177272359] [position_cmd_to_twist]: [PERF BRIDGE] run=final_v5_sweep_ego1p3_2 elapsed=45.18s received=1791 published=1791 fps(ros/wall)=59.87/56.64 controller_to_bridge_ms(mean/p50/p95/max)=0.019/0.000/0.000/16.667 bridge_process_ms(mean/p95/max)=0.089/0.113/0.604
[NAV] t=30.0s position=(-69.06,-6.69,2.40) yaw=0.0deg command=(0.21,-0.77,-0.00) manual_active=1 collision_blocks=0
[depth_angular_controller-1] [INFO] [1791297128.262770758] [depth_angular_controller]: OMNI_DEPTH views=4 azimuth_bins=180 elevation_bins=37 valid=1 certificates=1 yaw=-70.00
[depth_angular_controller-1] [INFO] [1791297128.262933513] [depth_angular_controller]: PAPER_BUILD reason=FULL_MOTION_CERTIFICATE required=0.0000 best=0.0000 free=0 refined=0 tubes=50 revoked_tubes=0 proofs=128
[depth_angular_controller-1] [INFO] [1791297128.262945456] [depth_angular_controller]: PAPER_EVIDENCE retained=16 balls=32 revoked_balls=0 expired_views=0 evicted_views=102 radius=0.580 clearance=0.000 best_prefix=0.000
[depth_angular_controller-1] [INFO] [1791297129.303279879] [depth_angular_controller]: OMNI_DEPTH views=4 azimuth_bins=180 elevation_bins=37 valid=1 certificates=1 yaw=-60.00
[depth_angular_controller-1] [INFO] [1791297129.303444138] [depth_angular_controller]: PAPER_BUILD reason=FULL_MOTION_CERTIFICATE required=0.0000 best=0.0000 free=0 refined=0 tubes=52 revoked_tubes=0 proofs=128
[depth_angular_controller-1] [INFO] [1791297129.303453115] [depth_angular_controller]: PAPER_EVIDENCE retained=16 balls=32 revoked_balls=0 expired_views=0 evicted_views=105 radius=0.580 clearance=0.000 best_prefix=0.000
[depth_angular_controller-1] [INFO] [1791297130.273790743] [depth_angular_controller]: OMNI_DEPTH views=4 azimuth_bins=180 elevation_bins=37 valid=1 certificates=1 yaw=-50.00
[depth_angular_controller-1] [INFO] [1791297130.273952116] [depth_angular_controller]: PAPER_BUILD reason=FULL_MOTION_CERTIFICATE required=0.0000 best=0.0000 free=0 refined=0 tubes=54 revoked_tubes=0 proofs=128
[depth_angular_controller-1] [INFO] [1791297130.273960041] [depth_angular_controller]: PAPER_EVIDENCE retained=16 balls=32 revoked_balls=0 expired_views=0 evicted_views=108 radius=0.580 clearance=0.000 best_prefix=0.000
[depth_angular_controller-1] [INFO] [1791297131.244547168] [depth_angular_controller]: OMNI_DEPTH views=4 azimuth_bins=180 elevation_bins=37 valid=1 certificates=1 yaw=-40.00
[depth_angular_controller-1] [INFO] [1791297131.244696478] [depth_angular_controller]: PAPER_BUILD reason=FULL_MOTION_CERTIFICATE required=0.0000 best=0.0000 free=0 refined=0 tubes=56 revoked_tubes=0 proofs=128
[depth_angular_controller-1] [INFO] [1791297131.244703542] [depth_angular_controller]: PAPER_EVIDENCE retained=16 balls=32 revoked_balls=0 expired_views=0 evicted_views=112 radius=0.580 clearance=0.000 best_prefix=0.000
[depth_angular_controller-1] [INFO] [1791297131.621154891] [depth_angular_controller]: [PERF CTRL] run=final_v5_sweep_ego1p3_2 elapsed=48.73s callbacks=2001 commands=2000 guidance=1940 command_fps(ros/wall)=59.88/57.02 guidance_wall_fps=56.88 avoid_ms(mean/p50/p95/max)=0.748/0.222/2.612/13.188 cycle_ms(mean/p95/max)=17.539/23.942/85.630 depth_to_cmd_ms(mean/p95/max)=44.313/83.333/116.667 callback_to_publish_ms(mean/p95/max)=2.776/8.078/20.357
[depth_angular_controller-1] [INFO] [1791297131.621324460] [depth_angular_controller]: EVIDENCE_COST ingest(mean/p95/max)=1.935/6.889/13.537 record=0.033/0.045/0.868 ms
[depth_angular_controller-1] [INFO] [1791297131.621329700] [depth_angular_controller]: EVIDENCE_PHASE per_view_mean_ms balls=0.055 tubes=0.027 history=0.377 eviction=0.001
[depth_angular_controller-1] [INFO] [1791297132.407960485] [depth_angular_controller]: OMNI_DEPTH views=4 azimuth_bins=180 elevation_bins=37 valid=1 certificates=1 yaw=-30.00
[depth_angular_controller-1] [INFO] [1791297132.408102061] [depth_angular_controller]: PAPER_BUILD reason=FULL_MOTION_CERTIFICATE required=0.0000 best=0.0000 free=0 refined=0 tubes=57 revoked_tubes=0 proofs=128
[depth_angular_controller-1] [INFO] [1791297132.408109665] [depth_angular_controller]: PAPER_EVIDENCE retained=16 balls=32 revoked_balls=0 expired_views=0 evicted_views=116 radius=0.580 clearance=0.000 best_prefix=0.000
[position_cmd_to_twist-2] [INFO] [1791297133.554845721] [position_cmd_to_twist]: [PERF BRIDGE] run=final_v5_sweep_ego1p3_2 elapsed=50.55s received=2091 published=2091 fps(ros/wall)=59.89/56.52 controller_to_bridge_ms(mean/p50/p95/max)=0.016/0.000/0.000/16.667 bridge_process_ms(mean/p95/max)=0.089/0.111/0.604
[NAV] t=35.0s position=(-66.54,-9.64,2.46) yaw=0.0deg command=(0.72,-0.34,0.00) manual_active=1 collision_blocks=0
[depth_angular_controller-1] [INFO] [1791297133.635216553] [depth_angular_controller]: OMNI_DEPTH views=4 azimuth_bins=180 elevation_bins=37 valid=1 certificates=1 yaw=-20.00
[depth_angular_controller-1] [INFO] [1791297133.635354783] [depth_angular_controller]: PAPER_BUILD reason=FULL_MOTION_CERTIFICATE required=0.0000 best=0.0000 free=0 refined=0 tubes=59 revoked_tubes=0 proofs=128
[depth_angular_controller-1] [INFO] [1791297133.635362998] [depth_angular_controller]: PAPER_EVIDENCE retained=16 balls=32 revoked_balls=0 expired_views=0 evicted_views=120 radius=0.580 clearance=0.000 best_prefix=0.000
[depth_angular_controller-1] [INFO] [1791297134.607957818] [depth_angular_controller]: OMNI_DEPTH views=4 azimuth_bins=180 elevation_bins=37 valid=1 certificates=1 yaw=-10.00
[depth_angular_controller-1] [INFO] [1791297134.608073285] [depth_angular_controller]: PAPER_BUILD reason=FULL_MOTION_CERTIFICATE required=0.0000 best=0.0000 free=0 refined=0 tubes=60 revoked_tubes=0 proofs=128
[depth_angular_controller-1] [INFO] [1791297134.608081380] [depth_angular_controller]: PAPER_EVIDENCE retained=16 balls=32 revoked_balls=0 expired_views=0 evicted_views=124 radius=0.580 clearance=0.000 best_prefix=0.000
[depth_angular_controller-1] [INFO] [1791297135.764359658] [depth_angular_controller]: OMNI_DEPTH views=4 azimuth_bins=180 elevation_bins=37 valid=1 certificates=1 yaw=-0.00
[depth_angular_controller-1] [INFO] [1791297135.764466990] [depth_angular_controller]: PAPER_BUILD reason=FULL_MOTION_CERTIFICATE required=0.0000 best=0.0000 free=0 refined=0 tubes=62 revoked_tubes=0 proofs=128
[depth_angular_controller-1] [INFO] [1791297135.764475136] [depth_angular_controller]: PAPER_EVIDENCE retained=16 balls=32 revoked_balls=0 expired_views=0 evicted_views=128 radius=0.580 clearance=0.000 best_prefix=0.000
[depth_angular_controller-1] [INFO] [1791297136.623111271] [depth_angular_controller]: [PERF CTRL] run=final_v5_sweep_ego1p3_2 elapsed=53.73s callbacks=2259 commands=2258 guidance=2198 command_fps(ros/wall)=59.89/56.34 guidance_wall_fps=56.20 avoid_ms(mean/p50/p95/max)=0.683/0.221/2.469/13.188 cycle_ms(mean/p95/max)=17.750/24.312/85.630 depth_to_cmd_ms(mean/p95/max)=44.647/83.333/116.667 callback_to_publish_ms(mean/p95/max)=2.748/8.074/20.357
[depth_angular_controller-1] [INFO] [1791297136.623303282] [depth_angular_controller]: EVIDENCE_COST ingest(mean/p95/max)=1.970/7.036/13.537 record=0.031/0.038/0.868 ms
[depth_angular_controller-1] [INFO] [1791297136.623310466] [depth_angular_controller]: EVIDENCE_PHASE per_view_mean_ms balls=0.056 tubes=0.028 history=0.384 eviction=0.001
[depth_angular_controller-1] [INFO] [1791297137.005727216] [depth_angular_controller]: ZERO_INTENT
[position_cmd_to_twist-2] [INFO] [1791297138.770966302] [position_cmd_to_twist]: [PERF BRIDGE] run=final_v5_sweep_ego1p3_2 elapsed=55.77s received=2391 published=2391 fps(ros/wall)=59.90/56.64 controller_to_bridge_ms(mean/p50/p95/max)=0.014/0.000/0.000/16.667 bridge_process_ms(mean/p95/max)=0.088/0.111/0.604
[NAV] t=40.0s position=(-63.96,-10.08,2.46) yaw=0.0deg command=(0.00,0.00,0.00) manual_active=0 collision_blocks=0
[MANUAL RESULT] TIMEOUT position=(-63.963,-10.081,2.458)
[PERF ISAAC FINAL] run=final_v5_sweep_ego1p3_2 result=MANUAL_TIMEOUT wall=42.67s sim_frames=2403 fps(sim/wall)=60.05/56.32 command_changes=1880 collision_blocks=0 frame_interval_ms(mean/p50/p95/max)=17.620/16.109/18.438/79.086
[55.591s] Simulation App Shutting Down
[depth_angular_controller-1] [INFO] [1791297139.490393681] [rclcpp]: signal_handler(SIGINT/SIGTERM)
[position_cmd_to_twist-2] [INFO] [1791297139.491087265] [position_cmd_to_twist]: [PERF BRIDGE FINAL] run=final_v5_sweep_ego1p3_2 elapsed=56.49s received=2397 published=2397 fps(ros/wall)=59.90/56.66 controller_to_bridge_ms(mean/p50/p95/max)=0.014/0.000/0.000/16.667 bridge_process_ms(mean/p95/max)=0.088/0.111/0.604
[position_cmd_to_twist-2] Failed to publish log message to rosout: publisher's context is invalid, at ./src/rcl/publisher.c:389
[depth_angular_controller-1] [INFO] [1791297139.491191260] [depth_angular_controller]: [PERF CTRL FINAL] run=final_v5_sweep_ego1p3_2 elapsed=56.60s callbacks=2398 commands=2397 guidance=2216 command_fps(ros/wall)=59.90/56.66 guidance_wall_fps=56.13 avoid_ms(mean/p50/p95/max)=0.679/0.221/2.451/13.188 cycle_ms(mean/p95/max)=17.650/24.190/85.630 depth_to_cmd_ms(mean/p95/max)=44.660/83.333/116.667 callback_to_publish_ms(mean/p95/max)=2.707/8.024/20.357
[depth_angular_controller-1] [INFO] [1791297139.491352123] [depth_angular_controller]: EVIDENCE_COST ingest(mean/p95/max)=1.969/7.005/13.537 record=0.030/0.034/0.868 ms
[depth_angular_controller-1] [INFO] [1791297139.491355238] [depth_angular_controller]: EVIDENCE_PHASE per_view_mean_ms balls=0.055 tubes=0.028 history=0.384 eviction=0.001
[INFO] [depth_angular_controller-1]: process has finished cleanly [pid 115218]
[INFO] [position_cmd_to_twist-2]: process has finished cleanly [pid 115220]
