[PERF] run=final_v17_sweep_ego1p2_2 log=/home/starry/isaac-data/EGO1P3/performance/omni_20261006/final_v17_sweep_ego1p2_2_performance.md
[INPUT] mode=trace scene_mode=cloud
[LOCK] Waiting for shared Isaac navigation slot
[INFO] [launch]: All log files can be found below /tmp/fov_gvf_ego1p3_isaac_ros_log/2026-10-07-00-17-50-021380-starry-System-Product-Name-164010
[INFO] [launch]: Default logging verbosity is set to INFO
[INFO] [depth_angular_controller-1]: process started with pid [164012]
[INFO] [position_cmd_to_twist-2]: process started with pid [164014]
[depth_angular_controller-1] [INFO] [1791303470.053873019] [depth_angular_controller]: PROCESSING_RATES control=60.0 Hz depth_limit=10.0 Hz (0=unlimited)
[depth_angular_controller-1] [INFO] [1791303470.056033770] [depth_angular_controller]: C++ controller commands publish on /position_cmd; horizontal views=4
[ROS CHECK] ROS_DOMAIN_ID=42 /position_cmd publishers=1
Type: pc_gvf_msgs/msg/PositionCommand
Publisher count: 1
Subscription count: 1
/depth_angular_controller
/position_cmd_to_twist
WARNING: All log messages before absl::InitializeLog() is called are written to STDERR
E0000 00:00:1791303471.011141  164053 descriptor_database.cc:633] File already exists in database: grpc/health/v1/health.proto
W0000 00:00:1791303471.011165  164053 message.cc:301] Protobuf GeneratedMessageFactory: File is already registered: grpc/health/v1/health.proto
2026-10-06T16:17:50Z [Info] [carb] Logging to file: /home/starry/isaac-data/isaacsim/kit/logs/Kit/Isaac-Sim Python/6.0/kit_20261007_001750.log
[0.044s] [ext: omni.assets.plugins-0.0.0] startup
[0.045s] [ext: omni.blobkey-1.1.2] startup
[0.045s] [ext: omni.kit.async_engine-0.0.3] startup
[0.314s] [ext: omni.client.lib-1.1.1] startup
[0.322s] [ext: omni.client-1.3.0] startup
[0.324s] [ext: omni.protobuf.lib-1.0.0] startup
[0.325s] [ext: omni.grpc.lib-1.0.0] startup
[0.328s] [ext: omni.metrics.core-0.0.3] startup
[0.329s] [ext: omni.datastore-0.0.0] startup
[0.329s] [ext: omni.gpu_foundation.shadercache.vulkan-1.0.0] startup
[0.331s] [ext: omni.hsscclient-1.1.4] startup
[0.331s] [ext: omni.stats-1.0.1] startup
[0.332s] [ext: omni.ujitso.default-1.0.0] startup
[0.335s] [ext: omni.gpu_foundation-0.0.0] startup
[0.469s] [ext: carb.windowing.plugins-1.0.1] startup
[0.469s] [ext: omni.kit.renderer.init-1.0.1] startup
2026-10-06T16:17:51Z [669ms] [Warning] [omni.rtx] Skipping unsupported non-NVIDIA GPU: AMD Unknown (RADV RAPHAEL_MENDOCINO)
2026-10-06T16:17:51Z [669ms] [Warning] [omni.rtx] Skipping unsupported non-NVIDIA GPU: AMD Unknown (RADV RAPHAEL_MENDOCINO)

|---------------------------------------------------------------------------------------------|
| Driver Version: 580.178.04    | Graphics API: Vulkan
|=============================================================================================|
| GPU | Name                             | Active | LDA | GPU Memory | Vendor-ID | LUID       |
|     |                                  |        |     |            | Device-ID | UUID       |
|     |                                  |        |     |            | Bus-ID    |            |
|---------------------------------------------------------------------------------------------|
| 0   | NVIDIA GeForce RTX 5070          | Yes: 0 |     | 12227   MB | 10de      | 0          |
|     |                                  |        |     |            | 2f04      | 348d89fe.. |
|     |                                  |        |     |            | 1         |            |
|---------------------------------------------------------------------------------------------|
| 1   | AMD Unknown (RADV RAPHAEL_MEND.. |        |     | 10755   MB | 1002      | 0          |
|     |                                  |        |     |            | 13c0      | 00000000.. |
|     |                                  |        |     |            | c         |            |
|=============================================================================================|
| OS: 22.04.5 LTS (Jammy Jellyfish) ubuntu, Version: 22.04.5, Kernel: 6.8.0-138-generic
| XServer Vendor: The X.Org Foundation, XServer Version: 12101004 (1.21.1.4)
| Processor: AMD Ryzen 5 9600X 6-Core Processor
| Cores: 6 | Logical Cores: 12
|---------------------------------------------------------------------------------------------|
| Total Memory (MB): 31241 | Free Memory: 22732
| Total Page/Swap (MB): 15624 | Free Page/Swap: 15624
|---------------------------------------------------------------------------------------------|
2026-10-06T16:17:51Z [880ms] [Warning] [omni.rtx] CPU performance profile is set to powersave. This profile sets the CPU to the lowest frequency reducing performance.
2026-10-06T16:17:51Z [888ms] [Warning] [omni.rtx] IOMMU is enabled.
[0.992s] [ext: omni.kit.pipapi-0.0.0] startup
[0.993s] [ext: omni.kit.pip_archive-0.0.0] startup
[0.993s] [ext: isaacsim.pip.newton-0.6.1] startup
[0.993s] [ext: omni.pip.compute-1.9.2] startup
[0.994s] [ext: omni.isaac.core_archive-5.3.1] startup
[0.994s] [ext: omni.kit.telemetry-0.5.2] startup
[1.014s] [ext: omni.kit.loop-isaac-1.6.0] startup
[1.015s] [ext: omni.kit.test-2.0.7] startup
[1.066s] [ext: omni.materialx.libs-1.0.9] startup
[1.075s] [ext: omni.gpucompute.plugins-0.0.0] startup
[1.076s] [ext: omni.usd.config-1.0.7] startup
[1.079s] [ext: omni.usd.libs-1.0.3] startup
[1.135s] [ext: omni.iray.libs-0.0.1] startup
[1.138s] [ext: omni.mdl-57.0.3] startup
[1.198s] [ext: omni.mdl.neuraylib-0.2.20] startup
[1.200s] [ext: omni.kit.usd.mdl-1.1.9] startup
[1.312s] [ext: omni.appwindow-1.2.2] startup
[1.314s] [ext: omni.kit.renderer.core-1.2.2] startup
2026-10-06T16:17:57Z [6,488ms] [Warning] [carb.windowing-glfw.gamepad] Joystick with unknown remapping detected (will be ignored):  BEITONG BEITONG A2P3A BFM DONGLE [03000000bc2000001c51000011010000]
[6.520s] [ext: omni.kit.renderer.capture-2.0.1] startup
[6.522s] [ext: omni.kit.renderer.imgui-2.0.6] startup
[6.558s] [ext: omni.ui-3.2.0] startup
[6.565s] [ext: omni.kit.mainwindow-1.0.3] startup
[6.566s] [ext: carb.audio-0.1.0] startup
[6.568s] [ext: omni.uiaudio-1.0.0] startup
[6.568s] [ext: omni.kit.uiapp-0.0.0] startup
[6.568s] [ext: omni.usd.schema.metrics.assembler-110.1.0] startup
[6.571s] [ext: omni.usd.schema.audio-0.0.1] startup
[6.573s] [ext: omni.usd_resolver-1.0.0] startup
[6.575s] [ext: omni.usd.core-1.8.3] startup
[6.578s] [ext: omni.metropolis.schema-0.0.3] startup
[6.578s] [ext: isaacsim.anim.robot.schema-0.1.1] startup
[6.579s] [ext: omni.usd.schema.anim-0.0.1] startup
[6.591s] [ext: omni.usd.schema.geospatial-0.0.1] startup
[6.593s] [ext: omni.usd.schema.omnigraph-1.0.1] startup
[6.597s] [ext: omni.usd.schema.semantics-0.0.0] startup
[6.599s] [ext: omni.activity.core-1.0.3] startup
[6.600s] [ext: omni.cubric-0.1.0] startup
[6.600s] [ext: omni.graph.exec-0.9.6] startup
[6.600s] [ext: omni.hydra.scene_delegate-0.3.5] startup
[6.602s] [ext: usdrt.scenegraph-7.6.3] startup
[6.620s] [ext: omni.hydra.usdrt_delegate-7.5.2] startup
[6.624s] [ext: omni.inspect-1.0.2] startup
[6.625s] [ext: omni.kit.actions.core-1.0.0] startup
[6.626s] [ext: omni.kit.audiodeviceenum-1.0.2] startup
[6.627s] [ext: omni.kit.commands-1.5.0] startup
[6.629s] [ext: omni.kit.exec.core-0.13.5] startup
[6.630s] [ext: omni.kit.usd_undo-0.1.8] startup
[6.631s] [ext: omni.kit.window.popup_dialog-2.0.25] startup
[6.633s] [ext: omni.kit.widget.nucleus_connector-2.3.1] startup
[6.635s] [ext: omni.timeline-1.1.0] startup
[6.636s] [ext: omni.usd-1.16.0] startup
[6.662s] [ext: omni.graph.core-3.1.2] startup
[6.665s] [ext: omni.kit.notification_manager-1.0.11] startup
[6.666s] [ext: isaacsim.core.deprecation_manager-0.4.2] startup
[6.667s] [ext: isaacsim.replicator.agent.schema-0.1.1] startup
[6.667s] [ext: isaacsim.robot.schema-6.3.7] startup
[6.671s] [ext: isaacsim.robot_motion.schema-0.2.1] startup
[6.672s] [ext: omni.anim.behavior.schema-110.1.0] startup
[6.675s] [ext: omni.anim.graph.schema-110.1.1] startup
[6.679s] [ext: omni.anim.navigation.schema-110.1.0] startup
[6.681s] [ext: omni.behavior.tree.schema-110.1.0] startup
[6.682s] [ext: omni.isaac.ml_archive-3.3.0] startup
[6.682s] [ext: omni.kit.asset_converter-6.0.1] startup
[6.691s] [ext: omni.pip.cloud-1.5.4] startup
[6.693s] [ext: omni.usd.schema.flow-110.0.0] startup
[6.693s] [ext: omni.usd.schema.mujoco-1.1.1] startup
[6.694s] [ext: omni.usd.schema.newton-1.2.1] startup
[6.694s] [ext: omni.usd.schema.omni_lens_distortion-1.0.0] startup
[6.695s] [ext: omni.usd.schema.omni_projectors-1.0.0] startup
[6.695s] [ext: omni.usd.schema.omni_sensors-0.0.0] startup
[6.701s] [ext: omni.usd.schema.omniscripting-1.0.1] startup
[6.704s] [ext: omni.usd.schema.physical_lighting-0.1.0] startup
[6.707s] [ext: omni.usd.schema.physx-110.1.13] startup
[6.730s] [ext: omni.usd.schema.render_settings.rtx-1.0.2] startup
[6.733s] [ext: omni.usd.schema.usd_particle_field-1.0.0] startup
[6.733s] [ext: isaacsim.core.version-2.1.1] startup
[6.734s] [ext: omni.kit.menu.core-1.2.0] startup
[6.735s] [ext: omni.kit.menu.utils-2.2.4] startup
[6.740s] [ext: isaacsim.app.about-2.3.1] startup
[6.744s] [ext: isaacsim.asset.transformer-1.2.5] startup
[6.746s] [ext: omni.scene.optimizer.core-110.1.0] startup
[6.776s] [ext: isaacsim.asset.importer.utils-1.8.1] startup
[6.778s] [ext: omni.convexdecomposition-110.1.13] startup
[6.779s] [ext: omni.physics-110.1.13] startup
[6.782s] [ext: omni.physx.gpu-110.1.13] startup
[6.782s] [ext: omni.physx.foundation-110.1.13] startup
[6.783s] [ext: omni.usdphysics-110.1.13] startup
[6.784s] [ext: omni.physx.cooking-110.1.13] startup
[6.785s] [ext: omni.physx-110.1.13] startup
[6.792s] [ext: omni.physics.physx-110.1.13] startup
[6.794s] [ext: isaacsim.asset.exporter.urdf-2.0.5] startup
[6.800s] [ext: omni.kit.clipboard-1.1.1] startup
[6.800s] [ext: omni.kit.usd.layers-2.6.1] startup
[6.805s] [ext: omni.kit.widget.context_menu-1.4.0] startup
[6.807s] [ext: omni.kit.context_menu-1.9.0] startup
[6.808s] [ext: omni.kit.helper.file_utils-0.1.10] startup
[6.809s] [ext: omni.kit.widget.nucleus_info-2.0.2] startup
[6.809s] [ext: omni.kit.search_core-1.0.8] startup
[6.810s] [ext: omni.kit.widget.path_field-2.0.13] startup
[6.810s] [ext: omni.kit.widget.browser_bar-2.0.10] startup
[6.811s] [ext: omni.kit.widget.filebrowser-2.13.4] startup
[6.814s] [ext: omni.kit.widget.options_menu-1.1.6] startup
[6.816s] [ext: omni.kit.widget.options_button-1.0.3] startup
[6.816s] [ext: omni.kit.widget.search_delegate-1.0.9] startup
[6.817s] [ext: omni.ui.scene-2.0.3] startup
[6.820s] [ext: omni.kit.window.filepicker-2.15.5] startup
[6.830s] [ext: omni.kit.window.file_importer-1.1.21] startup
[6.831s] [ext: omni.kit.material.library-3.1.2] startup
[6.835s] [ext: isaacsim.asset.transformer.rules-1.7.10] startup
[6.843s] [ext: omni.usdex.libs-2.2.2] startup
[6.849s] [ext: isaacsim.asset.importer.mjcf-3.10.1] startup
[6.850s] [ext: isaacsim.asset.importer.urdf-3.11.2] startup
[6.853s] [ext: omni.kit.primitive.mesh-1.1.0] startup
[6.855s] [ext: omni.kit.stage_template.core-1.1.22] startup
[6.856s] [ext: omni.kit.stage_templates-2.0.2] startup
[6.857s] [ext: omni.usd.metrics.assembler-110.1.2] startup
[6.859s] [ext: omni.warp.core-1.13.0] startup
[7.037s] [ext: isaacsim.core.experimental.utils-0.17.2] startup
[7.038s] [ext: omni.physics.stageupdate-110.1.13] startup
[7.039s] [ext: omni.physics.tensors-110.1.13] startup
[7.043s] [ext: omni.physx.tensors-110.1.13] startup
[7.046s] [ext: isaacsim.core.simulation_manager-1.15.6] startup
[7.055s] [ext: isaacsim.storage.native-1.9.3] startup
[7.056s] [ext: omni.usd.metrics.assembler.physics-110.1.13] startup
[7.057s] [ext: isaacsim.core.utils-4.1.7] startup
[7.059s] [ext: isaacsim.core.prims-0.11.7] startup
[7.930s] [ext: isaacsim.core.api-5.2.13] startup
[7.936s] [ext: isaacsim.core.cloner-1.7.3] startup
[7.936s] [ext: isaacsim.test.docstring-1.3.2] startup
[7.938s] [ext: isaacsim.core.experimental.prims-1.8.9] startup
[7.957s] [ext: isaacsim.core.experimental.primdata-0.3.2] startup
[7.958s] [ext: omni.graph.tools-1.81.0] startup
[7.977s] [ext: omni.graph-1.142.5] startup
[8.008s] [ext: isaacsim.core.experimental.actuators-0.1.2] startup
[8.021s] [ext: isaacsim.core.experimental.materials-0.7.1] startup
[8.024s] [ext: isaacsim.core.experimental.objects-0.8.1] startup
[8.076s] [ext: omni.hydra.engine.stats-1.0.5] startup
[8.078s] [ext: omni.hydra.rtx.shadercache.vulkan-1.0.0] startup
[8.078s] [ext: omni.index.libs-387500.4413.0] startup
[8.078s] [ext: omni.index-1.0.1] startup
[8.079s] [ext: omni.ujitso.client-0.0.0] startup
[8.079s] [ext: omni.usd.schema.playback-1.0.0] startup
[8.082s] [ext: omni.volume-0.5.2] startup
[8.086s] [ext: omni.hydra.rtx-1.0.4] startup
2026-10-06T16:17:58Z [8,075ms] [Warning] [omni.log] Source: omni.hydra was already registered.
[8.107s] [ext: omni.kit.hydra_texture-1.6.0] startup
[8.110s] [ext: omni.kit.raycast.query-1.2.0] startup
[8.113s] [ext: omni.kit.viewport.legacy_gizmos-1.0.24] startup
[8.114s] [ext: omni.kit.viewport.registry-104.0.6] startup
[8.115s] [ext: omni.kit.viewport.scene_camera_model-1.0.7] startup
[8.118s] [ext: omni.kit.widget.viewport-109.2.0] startup
[8.121s] [ext: omni.kit.window.drop_support-1.0.8] startup
[8.122s] [ext: omni.kit.viewport.window-109.0.2] startup
[8.137s] [ext: omni.kit.viewport.utility-2.0.1] startup
[8.138s] [ext: isaacsim.core.rendering_manager-0.4.3] startup
[8.157s] [ext: omni.graph.action_core-1.1.9] startup
[8.159s] [ext: omni.graph.action_nodes_core-2.11.0] startup
[8.161s] [ext: omni.graph.action_nodes-2.11.0] startup
[8.177s] [ext: omni.graph.action-2.10.2] startup
[8.178s] [ext: omni.graph.image.core-0.6.1] startup
[8.178s] [ext: omni.graph.image.nodes-1.3.1] startup
[8.179s] [ext: omni.graph.nodes_core-2.11.0] startup
[8.183s] [ext: omni.graph.nodes-2.12.0] startup
[8.187s] [ext: omni.kit.hotkeys.core-1.3.12] startup
[8.188s] [ext: omni.kit.property.adapter.core-1.1.1] startup
[8.190s] [ext: omni.kit.property.adapter.usd-1.0.5] startup
[8.191s] [ext: omni.kit.widget.filter-1.1.5] startup
[8.192s] [ext: omni.kit.widget.highlight_label-1.0.3] startup
[8.192s] [ext: omni.kit.widget.searchfield-1.1.8] startup
[8.193s] [ext: omni.kit.window.file_exporter-1.0.36] startup
[8.194s] [ext: omni.kit.widget.stage-4.4.0] startup
[8.201s] [ext: omni.kit.window.content_browser_registry-0.0.6] startup
[8.202s] [ext: omni.kit.window.file-2.0.10] startup
[8.205s] [ext: omni.kit.window.content_browser-3.1.8] startup
[8.214s] [ext: omni.kit.window.property-1.15.1] startup
[8.223s] [ext: omni.kit.property.usd-4.9.4] startup
[8.231s] [ext: omni.graph.scriptnode-2.10.2] startup
[8.239s] [ext: omni.kit.widget.searchable_combobox-1.0.7] startup
[8.240s] [ext: omni.kit.widget.settings-2.0.0] startup
[8.241s] [ext: omni.kit.window.preferences-1.8.3] startup
[8.245s] [ext: omni.kit.viewport.menubar.core-107.2.2] startup
[8.255s] [ext: omni.syntheticdata-0.6.15] startup
[8.277s] [ext: omni.replicator.nv-1.1.1] startup
[8.281s] [ext: omni.videoencoding-0.2.1] startup
[8.283s] [ext: omni.replicator.core-1.13.27] startup
2026-10-06T16:17:58Z [8,269ms] [Warning] [pxr.Semantics] pxr.Semantics is deprecated - please use Semantics instead
2026-10-06T16:17:59Z [8,334ms] [Warning] [omni.replicator.core.scripts.extension] No material configuration file, adding configuration to material settings directly.
[8.480s] [ext: isaacsim.core.nodes-5.10.5] startup
[8.505s] [ext: isaacsim.core.throttling-2.3.5] startup
[8.506s] [ext: omni.kit.manipulator.viewport-107.0.1] startup
[8.507s] [ext: omni.graph.visualization.nodes-2.1.4] startup
[8.519s] [ext: omni.kit.window.extensions-1.5.10] startup
[8.523s] [ext: isaacsim.gui.components-1.8.5] startup
[8.527s] [ext: isaacsim.robot.surface_gripper-3.6.2] startup
[8.536s] [ext: isaacsim.robot.manipulators-3.4.4] startup
[8.545s] [ext: isaacsim.robot_motion.lula-4.1.3] startup
[8.550s] [ext: isaacsim.robot_motion.motion_generation-8.2.9] startup
[8.554s] [ext: isaacsim.cortex.framework-1.0.18] startup
[8.555s] [ext: isaacsim.cortex.behaviors-2.0.17] startup
[8.557s] [ext: isaacsim.examples.base-1.3.2] startup
[8.558s] [ext: omni.kit.widget.zoombar-1.0.7] startup
[8.559s] [ext: omni.kit.browser.core-2.3.18] startup
[8.561s] [ext: omni.kit.browser.folder.core-2.0.2] startup
[8.565s] [ext: omni.kit.widget.stage_icons-1.0.8] startup
[8.565s] [ext: omni.kit.window.stage-2.6.1] startup
[8.568s] [ext: omni.kit.menu.stage-1.2.7] startup
[8.569s] [ext: omni.kit.usd.collect-3.0.6] startup
[8.571s] [ext: omni.kit.widget.prompt-1.0.7] startup
[8.572s] [ext: omni.kit.tool.collect-2.2.19] startup
[8.573s] [ext: isaacsim.examples.browser-0.3.2] startup
[8.575s] [ext: omni.kit.search.files-1.0.4] startup
[8.576s] [ext: omni.kit.widget.calendar-1.0.9] startup
[8.577s] [ext: omni.kit.widget.extended_searchfield-1.0.31] startup
[8.583s] [ext: omni.simready.content.browser-0.3.7] startup
[8.667s] [ext: isaacsim.gui.content_browser-0.4.3] startup
[8.669s] [ext: omni.kit.selection-0.1.6] startup
[8.670s] [ext: isaacsim.gui.menu-2.10.5] startup
[8.677s] [ext: isaacsim.gui.property-1.6.4] startup
[8.683s] [ext: omni.kit.viewport.actions-110.0.0] startup
[8.687s] [ext: omni.kit.viewport.menubar.display-107.1.3] startup
[8.688s] [ext: isaacsim.gui.sensors.icon-2.2.1] startup
[8.690s] [ext: omni.behavior.scripting.core-110.1.0] startup
[8.693s] [ext: isaacsim.replicator.behavior-1.5.4] startup
[8.693s] [ext: isaacsim.replicator.experimental.domain_randomization-1.2.5] startup
[8.707s] [ext: isaacsim.replicator.domain_randomization-1.2.2] startup
[8.773s] [ext: isaacsim.replicator.writers-1.5.4] startup
[8.794s] [ext: isaacsim.robot.experimental.wheeled_robots-0.2.11] startup
[8.813s] [ext: isaacsim.robot.policy.examples-5.2.12] startup
[8.830s] [ext: isaacsim.robot.wheeled_robots-5.2.4] startup
[8.833s] [ext: isaacsim.robot.wheeled_robots.nodes-0.1.5] startup
[8.849s] [ext: isaacsim.robot_motion.experimental.motion_generation-6.1.3] startup
[8.859s] [ext: isaacsim.robot_motion.cumotion-1.3.1] startup
[8.870s] [ext: omni.kit.numpy.common-0.1.3] startup
[8.872s] [ext: isaacsim.sensors.camera-1.7.9] startup
[8.898s] [ext: isaacsim.sensors.experimental.physics-3.0.2] startup
[8.904s] [ext: omni.sensors.net-1.0.1] startup
[8.906s] [ext: omni.sensors.nv.common-3.0.0] startup
[8.915s] [ext: omni.sensors.nv.materials-2.0.0] startup
[8.917s] [ext: omni.sensors.nv.acoustic-3.0.0] startup
[8.919s] [ext: omni.sensors.nv.ids-2.0.1] startup
[8.921s] [ext: omni.sensors.nv.lidar-3.0.0] startup
[8.923s] [ext: omni.sensors.nv.radar-3.0.0] startup
[8.925s] [ext: isaacsim.sensors.experimental.rtx-1.4.6] startup
[9.152s] [ext: isaacsim.sensors.physics.nodes-1.5.3] startup
[9.157s] [ext: isaacsim.util.debug_draw-3.2.3] startup
[9.161s] [ext: isaacsim.sensors.physx-2.5.5] startup
[9.167s] [ext: isaacsim.sensors.rtx-15.17.1] startup
[9.176s] [ext: isaacsim.simulation_app-2.18.4] startup
[9.176s] [ext: omni.anim.curve.core-1.6.0] startup
[9.185s] [ext: omni.graph.ui_nodes-2.11.1] startup
[9.205s] [ext: omni.hydra.scene_api-0.1.3] startup
[9.208s] [ext: omni.kit.manipulator.camera-110.0.0] startup
[9.211s] [ext: omni.kit.manipulator.selector-1.1.4] startup
[9.212s] [ext: omni.kit.manipulator.transform-107.0.0] startup
[9.216s] [ext: omni.kit.widget.toolbar-2.1.0] startup
[9.221s] [ext: omni.kit.manipulator.tool.snap-1.5.14] startup
[9.224s] [ext: omni.kit.viewport.manipulator.transform-107.0.4] startup
[9.226s] [ext: omni.kit.manipulator.prim.core-108.0.2] startup
[9.230s] [ext: omni.kit.manipulator.prim.usd-107.0.3] startup
[9.231s] [ext: omni.kit.manipulator.prim-108.0.0] startup
[9.231s] [ext: omni.kit.manipulator.selection-109.0.1] startup
[9.232s] [ext: omni.kit.menu.create-2.0.2] startup
[9.234s] [ext: omni.kit.property.audio-1.0.16] startup
[9.237s] [ext: omni.kit.property.camera-1.0.14] startup
[9.238s] [ext: omni.kit.property.geometry-2.1.2] startup
[9.241s] [ext: omni.kit.property.light-1.0.14] startup
2026-10-06T16:17:59Z [9,240ms] [Warning] [omni.usd] Encountered USD Warnings but USD Diagnostics are currently muted. To view USD Warnings, please set the '/persistent/app/usd/muteUsdDiagnostics' setting to false in Preferences page.
[9.266s] [ext: omni.kit.property.material-1.14.6] startup
[9.271s] [ext: omni.kit.property.render-1.2.2] startup
[9.272s] [ext: omni.kit.property.transform-1.6.9] startup
[9.275s] [ext: omni.kit.property.bundle-1.5.1] startup
[9.276s] [ext: omni.kit.usdz_export-1.1.0] startup
[9.278s] [ext: omni.kit.tool.asset_importer-6.0.1] startup
[9.283s] [ext: omni.kit.ui.actions-1.0.5] startup
[9.284s] [ext: omni.kit.viewport.menubar.camera-107.0.10] startup
[9.288s] [ext: omni.kit.viewport.menubar.lighting-107.3.2] startup
[9.290s] [ext: omni.kit.viewport.menubar.render-110.0.0] startup
[9.292s] [ext: omni.kit.viewport.menubar.settings-110.0.1] startup
[9.295s] [ext: omni.kit.window.console-1.1.9] startup
[9.298s] [ext: omni.kit.window.status_bar-0.1.11] startup
[9.300s] [ext: omni.kit.window.toolbar-3.0.3] startup
[9.301s] [ext: omni.ocio-0.1.1] startup
[9.302s] [ext: omni.physx.commands-110.1.13] startup
[9.305s] [ext: omni.replicator.replicator_yaml-2.0.12] startup
[9.313s] [ext: omni.rtx.window.settings-0.8.0] startup
[9.317s] [ext: omni.rtx.settings.core-0.7.1] startup
[9.319s] [ext: omni.usd.metrics.assembler.ui-110.1.1] startup
[9.325s] [ext: semantics.schema.editor-2.0.2] startup
[9.327s] [ext: semantics.schema.property-2.0.2] startup
[9.328s] [ext: omni.kit.menu.common-2.0.2] startup
[9.329s] [ext: isaacsim.exp.base-6.0.1] startup
[9.330s] [ext: isaacsim.exp.base.python-6.0.1] startup
[9.331s] Simulation App Starting
[10.387s] Simulation App Startup Complete
[10.391s] app ready
Starting kit application with the following args:  ['/home/starry/isaac-data/isaacsim/exts/isaacsim.simulation_app/isaacsim/simulation_app/simulation_app.py', '/home/starry/isaac-data/isaacsim/apps/isaacsim.exp.base.python.kit', '--/app/tokens/exe-path=/home/starry/isaac-data/isaacsim/kit', '--/persistent/app/viewport/displayOptions=3094', '--/rtx/materialDb/syncLoads=True', '--/rtx/hydra/materialSyncLoads=True', '--/omni/kit/plugin/syncUsdLoads=True', '--/app/renderer/resolution/width=1280', '--/app/renderer/resolution/height=720', '--/app/window/width=1440', '--/app/window/height=900', '--/renderer/multiGpu/enabled=False', '--/app/fastShutdown=True', '--/app/installSignalHandlers=0', '--ext-folder', '/home/starry/isaac-data/isaacsim/exts', '--ext-folder', '/home/starry/isaac-data/isaacsim/apps', '--/renderer/activeGpu=0', '--/physics/cudaDevice=0', '--/plugins/carb.tasking.plugin/threadCount=12', '--/plugins/omni.tbb.globalcontrol/maxThreadCount=12', '--portable', '--no-window', '--/app/window/hideUi=1']
Passing the following args to the base kit application:  []
Warp 1.13.0 initialized:
   CUDA Toolkit 12.9, Driver 13.0
   Devices:
     "cpu"      : "x86_64"
     "cuda:0"   : "NVIDIA GeForce RTX 5070" (11 GiB, sm_120, mempool enabled)
   Kernel cache:
     /home/starry/.cache/warp/1.13.0
[LIGHTING] sun=800.0 (1) dome=0.0 (1) ambient=0.05 constant_color=(0.6, 0.65, 0.7)
[RENDER] mode=MinimalRendering minimal_shading_mode=2 anti_aliasing=TAA
[DEPTH CAMERAS] count=4 resolution_each=320x240 horizontal_coverage=360deg
[ESDF] path=/home/starry/isaac-data/EGO1P3/scenes/ego_swarm_cloud/occupancy.bin shape=(400, 300, 50) resolution=0.40m
[depth_angular_controller-1] [INFO] [1791303483.416453085] [depth_angular_controller]: WAITING_ODOMETRY
[NAV] t=0.0s position=(-64.00,-11.20,2.80) yaw=0.0deg command=(0.00,0.00,0.00) manual_active=0 collision_blocks=0
[depth_angular_controller-1] [INFO] [1791303483.782767455] [depth_angular_controller]: WAITING_VERIFIED_START_POSE
[depth_angular_controller-1] [INFO] [1791303483.816135874] [depth_angular_controller]: VERIFIED_FREE_SEED center=(-64.000,-11.200,2.800) radius=2.500 balls=1: verified fixed Cloud free ball; USD and occupancy SHA-256 matched
[depth_angular_controller-1] [INFO] [1791303483.816245530] [depth_angular_controller]: ZERO_INTENT
[depth_angular_controller-1] [INFO] [1791303484.775820251] [depth_angular_controller]: 3D guidance switched to view 0
[depth_angular_controller-1] [INFO] [1791303484.775877118] [depth_angular_controller]: DEPTH_PROPOSAL conservative_grid=64x48 measured_state=1 direction_only=1
[depth_angular_controller-1] [INFO] [1791303484.776205545] [depth_angular_controller]: DEPTH_PROPOSAL_CERTIFIED
[depth_angular_controller-1] [INFO] [1791303484.776212539] [depth_angular_controller]: PAPER_BUILD reason=FULL_MOTION_CERTIFICATE required=0.0000 best=0.0000 free=0 refined=0 tubes=0 revoked_tubes=0 proofs=0
[depth_angular_controller-1] [INFO] [1791303484.776219972] [depth_angular_controller]: PAPER_EVIDENCE retained=4 balls=1 revoked_balls=0 expired_views=0 evicted_views=0 radius=0.580 clearance=0.000 best_prefix=0.000
[depth_angular_controller-1] [INFO] [1791303485.722601930] [depth_angular_controller]: PAPER_BUILD reason=FULL_MOTION_CERTIFICATE required=0.0000 best=0.0000 free=0 refined=0 tubes=1 revoked_tubes=0 proofs=54
[depth_angular_controller-1] [INFO] [1791303485.722642326] [depth_angular_controller]: PAPER_EVIDENCE retained=8 balls=4 revoked_balls=0 expired_views=0 evicted_views=0 radius=0.580 clearance=0.000 best_prefix=0.000
[depth_angular_controller-1] [INFO] [1791303486.863618136] [depth_angular_controller]: PAPER_BUILD reason=FULL_MOTION_CERTIFICATE required=0.0000 best=0.0000 free=0 refined=0 tubes=3 revoked_tubes=0 proofs=110
[depth_angular_controller-1] [INFO] [1791303486.863663151] [depth_angular_controller]: PAPER_EVIDENCE retained=12 balls=9 revoked_balls=0 expired_views=0 evicted_views=0 radius=0.580 clearance=0.000 best_prefix=0.000
[10.915s] [ext: isaacsim.sensors.rtx.nodes-0.1.2] startup
[10.923s] [ext: isaacsim.ros2.core-1.9.4] startup
[10.937s] Attempting to load system rclpy
[10.937s] Could not import system rclpy: No module named 'rclpy'
[10.937s] Attempting to load internal rclpy for ROS Distro: humble
[10.949s] rclpy loaded
[10.952s] [ext: isaacsim.ros2.nodes-1.18.13] startup
[10.992s] [ext: isaacsim.ros2.examples-1.2.4] startup
[10.996s] [ext: isaacsim.ros2.ui-1.6.5] startup
[11.205s] [ext: isaacsim.ros2.bridge-5.1.2] startup
2026-10-06T16:18:03Z [13,115ms] [Warning] [omni.timeline.plugin] Deprecated: direct use of ITimeline callbacks is deprecated. Use ITimeline::getTimeline (Python: omni.timeline.get_timeline_interface) instead.
[depth_angular_controller-1] [INFO] [1791303487.875740280] [depth_angular_controller]: PAPER_BUILD reason=FULL_MOTION_CERTIFICATE required=0.0000 best=0.0000 free=0 refined=0 tubes=4 revoked_tubes=0 proofs=128
[depth_angular_controller-1] [INFO] [1791303487.875781828] [depth_angular_controller]: PAPER_EVIDENCE retained=16 balls=15 revoked_balls=0 expired_views=0 evicted_views=0 radius=0.580 clearance=0.000 best_prefix=0.000
[depth_angular_controller-1] [INFO] [1791303488.785136520] [depth_angular_controller]: [PERF CTRL] run=final_v17_sweep_ego1p2_2 elapsed=18.73s callbacks=295 commands=294 guidance=234 command_fps(ros/wall)=60.00/58.57 guidance_wall_fps=58.12 avoid_ms(mean/p50/p95/max)=0.342/0.327/0.414/0.829 cycle_ms(mean/p95/max)=17.073/20.636/78.596 depth_to_cmd_ms(mean/p95/max)=58.761/100.000/116.667 callback_to_publish_ms(mean/p95/max)=1.470/5.408/13.236
[depth_angular_controller-1] [INFO] [1791303488.785215048] [depth_angular_controller]: EVIDENCE_COST ingest(mean/p95/max)=1.100/5.032/13.191 record=0.011/0.015/0.066 ms
[depth_angular_controller-1] [INFO] [1791303488.785222582] [depth_angular_controller]: EVIDENCE_PHASE per_view_mean_ms balls=0.050 tubes=0.010 history=0.189 eviction=0.000
[position_cmd_to_twist-2] [INFO] [1791303488.825867747] [position_cmd_to_twist]: [PERF BRIDGE] run=final_v17_sweep_ego1p2_2 elapsed=18.66s received=295 published=295 fps(ros/wall)=60.00/58.61 controller_to_bridge_ms(mean/p50/p95/max)=0.000/0.000/0.000/0.000 bridge_process_ms(mean/p95/max)=0.090/0.129/0.455
[NAV] t=5.0s position=(-61.46,-10.38,2.80) yaw=0.0deg command=(0.66,0.45,0.00) manual_active=1 collision_blocks=0
[depth_angular_controller-1] [INFO] [1791303488.898620502] [depth_angular_controller]: PAPER_BUILD reason=FULL_MOTION_CERTIFICATE required=0.0000 best=0.0000 free=0 refined=0 tubes=6 revoked_tubes=0 proofs=128
[depth_angular_controller-1] [INFO] [1791303488.898660096] [depth_angular_controller]: PAPER_EVIDENCE retained=16 balls=20 revoked_balls=0 expired_views=0 evicted_views=4 radius=0.580 clearance=0.000 best_prefix=0.000
[depth_angular_controller-1] [INFO] [1791303489.854924426] [depth_angular_controller]: PAPER_BUILD reason=FULL_MOTION_CERTIFICATE required=0.0000 best=0.0000 free=0 refined=0 tubes=8 revoked_tubes=0 proofs=128
[depth_angular_controller-1] [INFO] [1791303489.854961265] [depth_angular_controller]: PAPER_EVIDENCE retained=16 balls=25 revoked_balls=0 expired_views=0 evicted_views=8 radius=0.580 clearance=0.000 best_prefix=0.000
[depth_angular_controller-1] [INFO] [1791303490.989582964] [depth_angular_controller]: PAPER_BUILD reason=FULL_MOTION_CERTIFICATE required=0.0000 best=0.0000 free=0 refined=0 tubes=9 revoked_tubes=0 proofs=128
[depth_angular_controller-1] [INFO] [1791303490.989620565] [depth_angular_controller]: PAPER_EVIDENCE retained=16 balls=31 revoked_balls=0 expired_views=0 evicted_views=12 radius=0.580 clearance=0.000 best_prefix=0.000
[depth_angular_controller-1] [INFO] [1791303492.001771573] [depth_angular_controller]: PAPER_BUILD reason=FULL_MOTION_CERTIFICATE required=0.0000 best=0.0000 free=0 refined=0 tubes=11 revoked_tubes=0 proofs=128
[depth_angular_controller-1] [INFO] [1791303492.001813482] [depth_angular_controller]: PAPER_EVIDENCE retained=16 balls=32 revoked_balls=0 expired_views=0 evicted_views=16 radius=0.580 clearance=0.000 best_prefix=0.000
[depth_angular_controller-1] [INFO] [1791303492.947445029] [depth_angular_controller]: PAPER_BUILD reason=FULL_MOTION_CERTIFICATE required=0.0000 best=0.0000 free=0 refined=0 tubes=13 revoked_tubes=0 proofs=128
[depth_angular_controller-1] [INFO] [1791303492.947483712] [depth_angular_controller]: PAPER_EVIDENCE retained=16 balls=32 revoked_balls=0 expired_views=0 evicted_views=20 radius=0.580 clearance=0.000 best_prefix=0.000
[depth_angular_controller-1] [INFO] [1791303493.797365976] [depth_angular_controller]: [PERF CTRL] run=final_v17_sweep_ego1p2_2 elapsed=23.74s callbacks=587 commands=586 guidance=526 command_fps(ros/wall)=60.00/58.41 guidance_wall_fps=58.19 avoid_ms(mean/p50/p95/max)=0.386/0.388/0.474/1.429 cycle_ms(mean/p95/max)=17.119/21.119/81.236 depth_to_cmd_ms(mean/p95/max)=58.587/100.000/116.667 callback_to_publish_ms(mean/p95/max)=1.887/6.880/13.236
[depth_angular_controller-1] [INFO] [1791303493.797444965] [depth_angular_controller]: EVIDENCE_COST ingest(mean/p95/max)=1.442/6.432/13.191 record=0.013/0.016/0.230 ms
[depth_angular_controller-1] [INFO] [1791303493.797451397] [depth_angular_controller]: EVIDENCE_PHASE per_view_mean_ms balls=0.053 tubes=0.011 history=0.272 eviction=0.000
[position_cmd_to_twist-2] [INFO] [1791303493.949846445] [position_cmd_to_twist]: [PERF BRIDGE] run=final_v17_sweep_ego1p2_2 elapsed=23.79s received=595 published=595 fps(ros/wall)=60.00/58.52 controller_to_bridge_ms(mean/p50/p95/max)=0.000/0.000/0.000/0.000 bridge_process_ms(mean/p95/max)=0.088/0.117/0.455
[NAV] t=10.0s position=(-58.20,-8.20,2.91) yaw=0.0deg command=(0.78,0.16,0.01) manual_active=1 collision_blocks=0
[depth_angular_controller-1] [INFO] [1791303494.028764426] [depth_angular_controller]: PAPER_BUILD reason=FULL_MOTION_CERTIFICATE required=0.0000 best=0.0000 free=0 refined=0 tubes=15 revoked_tubes=0 proofs=128
[depth_angular_controller-1] [INFO] [1791303494.028806335] [depth_angular_controller]: PAPER_EVIDENCE retained=16 balls=32 revoked_balls=0 expired_views=0 evicted_views=24 radius=0.580 clearance=0.000 best_prefix=0.000
[depth_angular_controller-1] [INFO] [1791303494.702491681] [depth_angular_controller]: TARGET_HOLD
[depth_angular_controller-1] [INFO] [1791303494.909272847] [depth_angular_controller]: CERTIFIED_TRACKING
[depth_angular_controller-1] [INFO] [1791303495.007024954] [depth_angular_controller]: TARGET_HOLD
[depth_angular_controller-1] [INFO] [1791303495.044973581] [depth_angular_controller]: PAPER_BUILD reason=READY required=0.4289 best=2.8317 free=122 refined=0 tubes=16 revoked_tubes=0 proofs=128
[depth_angular_controller-1] [INFO] [1791303495.045007825] [depth_angular_controller]: PAPER_EVIDENCE retained=16 balls=32 revoked_balls=0 expired_views=0 evicted_views=28 radius=0.580 clearance=0.500 best_prefix=2.832
[depth_angular_controller-1] [INFO] [1791303495.354098483] [depth_angular_controller]: CERTIFIED_TRACKING
[depth_angular_controller-1] [INFO] [1791303495.654275851] [depth_angular_controller]: TARGET_HOLD
[depth_angular_controller-1] [INFO] [1791303495.743057820] [depth_angular_controller]: CERTIFIED_TRACKING
[depth_angular_controller-1] [INFO] [1791303495.747390532] [depth_angular_controller]: TARGET_HOLD
[depth_angular_controller-1] [INFO] [1791303496.130122425] [depth_angular_controller]: PAPER_BUILD reason=READY required=0.4235 best=2.8317 free=182 refined=0 tubes=19 revoked_tubes=0 proofs=128
[depth_angular_controller-1] [INFO] [1791303496.130158583] [depth_angular_controller]: PAPER_EVIDENCE retained=16 balls=32 revoked_balls=0 expired_views=0 evicted_views=32 radius=0.580 clearance=0.500 best_prefix=2.832
[depth_angular_controller-1] [INFO] [1791303496.268304843] [depth_angular_controller]: COMPUTE_DEADLINE
[depth_angular_controller-1] [INFO] [1791303496.280711198] [depth_angular_controller]: TARGET_HOLD
[depth_angular_controller-1] [INFO] [1791303496.756213005] [depth_angular_controller]: CERTIFIED_TRACKING
[depth_angular_controller-1] [INFO] [1791303496.871862507] [depth_angular_controller]: TARGET_HOLD
[depth_angular_controller-1] [INFO] [1791303497.013211856] [depth_angular_controller]: COMPUTE_DEADLINE
[depth_angular_controller-1] [INFO] [1791303497.013734759] [depth_angular_controller]: TARGET_HOLD
[depth_angular_controller-1] [INFO] [1791303497.253081256] [depth_angular_controller]: COMPUTE_DEADLINE
[depth_angular_controller-1] [INFO] [1791303497.253119788] [depth_angular_controller]: PAPER_BUILD reason=READY required=0.2594 best=2.8317 free=252 refined=0 tubes=21 revoked_tubes=0 proofs=128
[depth_angular_controller-1] [INFO] [1791303497.253129647] [depth_angular_controller]: PAPER_EVIDENCE retained=16 balls=32 revoked_balls=0 expired_views=0 evicted_views=32 radius=0.580 clearance=0.500 best_prefix=2.832
[depth_angular_controller-1] [INFO] [1791303497.620083538] [depth_angular_controller]: 3D guidance switched to view 1
[depth_angular_controller-1] [INFO] [1791303497.708885985] [depth_angular_controller]: TARGET_HOLD
[depth_angular_controller-1] [INFO] [1791303497.795380997] [depth_angular_controller]: 3D guidance switched to view 2
[depth_angular_controller-1] [INFO] [1791303497.796230253] [depth_angular_controller]: DEPTH_PROPOSAL_CERTIFIED
[depth_angular_controller-1] [INFO] [1791303498.179318415] [depth_angular_controller]: PAPER_BUILD reason=FULL_MOTION_CERTIFICATE required=0.0000 best=0.0000 free=0 refined=0 tubes=22 revoked_tubes=0 proofs=128
[depth_angular_controller-1] [INFO] [1791303498.179355244] [depth_angular_controller]: PAPER_EVIDENCE retained=16 balls=32 revoked_balls=0 expired_views=0 evicted_views=38 radius=0.580 clearance=0.000 best_prefix=2.832
[depth_angular_controller-1] [INFO] [1791303498.592367002] [depth_angular_controller]: TARGET_HOLD
[depth_angular_controller-1] [INFO] [1791303498.809553444] [depth_angular_controller]: [PERF CTRL] run=final_v17_sweep_ego1p2_2 elapsed=28.75s callbacks=811 commands=810 guidance=750 command_fps(ros/wall)=55.10/53.84 guidance_wall_fps=53.37 avoid_ms(mean/p50/p95/max)=2.733/0.400/1.950/182.810 cycle_ms(mean/p95/max)=18.574/36.517/197.139 depth_to_cmd_ms(mean/p95/max)=59.422/100.000/116.667 callback_to_publish_ms(mean/p95/max)=4.414/11.738/197.062
[depth_angular_controller-1] [INFO] [1791303498.809643653] [depth_angular_controller]: EVIDENCE_COST ingest(mean/p95/max)=1.786/7.386/15.128 record=0.013/0.018/0.230 ms
[depth_angular_controller-1] [INFO] [1791303498.809651217] [depth_angular_controller]: EVIDENCE_PHASE per_view_mean_ms balls=0.058 tubes=0.013 history=0.351 eviction=0.001
[depth_angular_controller-1] [INFO] [1791303498.912419161] [depth_angular_controller]: DEPTH_PROPOSAL_CERTIFIED
[position_cmd_to_twist-2] [INFO] [1791303499.024962024] [position_cmd_to_twist]: [PERF BRIDGE] run=final_v17_sweep_ego1p2_2 elapsed=28.86s received=822 published=819 fps(ros/wall)=55.10/53.73 controller_to_bridge_ms(mean/p50/p95/max)=2.230/0.000/0.000/216.667 bridge_process_ms(mean/p95/max)=0.089/0.119/1.147
[NAV] t=15.0s position=(-56.85,-7.39,2.94) yaw=0.0deg command=(-0.79,0.08,0.01) manual_active=1 collision_blocks=0
[depth_angular_controller-1] [INFO] [1791303499.156164745] [depth_angular_controller]: PAPER_BUILD reason=FULL_MOTION_CERTIFICATE required=0.0000 best=0.0000 free=0 refined=0 tubes=23 revoked_tubes=0 proofs=128
[depth_angular_controller-1] [INFO] [1791303499.156205060] [depth_angular_controller]: PAPER_EVIDENCE retained=16 balls=32 revoked_balls=0 expired_views=0 evicted_views=42 radius=0.580 clearance=0.000 best_prefix=2.832
[depth_angular_controller-1] [INFO] [1791303500.304068946] [depth_angular_controller]: PAPER_BUILD reason=FULL_MOTION_CERTIFICATE required=0.0000 best=0.0000 free=0 refined=0 tubes=25 revoked_tubes=0 proofs=128
[depth_angular_controller-1] [INFO] [1791303500.304105865] [depth_angular_controller]: PAPER_EVIDENCE retained=16 balls=32 revoked_balls=0 expired_views=0 evicted_views=46 radius=0.580 clearance=0.000 best_prefix=2.832
[depth_angular_controller-1] [INFO] [1791303501.352192267] [depth_angular_controller]: PAPER_BUILD reason=FULL_MOTION_CERTIFICATE required=0.0000 best=0.0000 free=0 refined=0 tubes=27 revoked_tubes=0 proofs=128
[depth_angular_controller-1] [INFO] [1791303501.352234987] [depth_angular_controller]: PAPER_EVIDENCE retained=16 balls=32 revoked_balls=0 expired_views=0 evicted_views=50 radius=0.580 clearance=0.000 best_prefix=2.832
[depth_angular_controller-1] [INFO] [1791303502.383772789] [depth_angular_controller]: PAPER_BUILD reason=FULL_MOTION_CERTIFICATE required=0.0000 best=0.0000 free=0 refined=0 tubes=29 revoked_tubes=0 proofs=128
[depth_angular_controller-1] [INFO] [1791303502.383813486] [depth_angular_controller]: PAPER_EVIDENCE retained=16 balls=32 revoked_balls=0 expired_views=0 evicted_views=54 radius=0.580 clearance=0.000 best_prefix=2.832
[depth_angular_controller-1] [INFO] [1791303503.530017361] [depth_angular_controller]: PAPER_BUILD reason=FULL_MOTION_CERTIFICATE required=0.0000 best=0.0000 free=0 refined=0 tubes=31 revoked_tubes=0 proofs=128
[depth_angular_controller-1] [INFO] [1791303503.530059741] [depth_angular_controller]: PAPER_EVIDENCE retained=16 balls=32 revoked_balls=0 expired_views=0 evicted_views=58 radius=0.580 clearance=0.000 best_prefix=2.832
[depth_angular_controller-1] [INFO] [1791303503.817667776] [depth_angular_controller]: [PERF CTRL] run=final_v17_sweep_ego1p2_2 elapsed=33.76s callbacks=1090 commands=1089 guidance=1029 command_fps(ros/wall)=56.23/54.31 guidance_wall_fps=53.99 avoid_ms(mean/p50/p95/max)=2.151/0.380/1.250/182.810 cycle_ms(mean/p95/max)=18.414/30.426/197.139 depth_to_cmd_ms(mean/p95/max)=63.589/116.667/116.667 callback_to_publish_ms(mean/p95/max)=4.056/12.278/197.062
[depth_angular_controller-1] [INFO] [1791303503.817787812] [depth_angular_controller]: EVIDENCE_COST ingest(mean/p95/max)=1.915/8.684/18.060 record=0.021/0.025/0.397 ms
[depth_angular_controller-1] [INFO] [1791303503.817797530] [depth_angular_controller]: EVIDENCE_PHASE per_view_mean_ms balls=0.059 tubes=0.033 history=0.363 eviction=0.001
[position_cmd_to_twist-2] [INFO] [1791303504.360370444] [position_cmd_to_twist]: [PERF BRIDGE] run=final_v17_sweep_ego1p2_2 elapsed=34.20s received=1122 published=1119 fps(ros/wall)=56.33/54.37 controller_to_bridge_ms(mean/p50/p95/max)=1.693/0.000/0.000/216.667 bridge_process_ms(mean/p95/max)=0.090/0.121/1.334
[NAV] t=20.0s position=(-60.70,-6.64,2.94) yaw=0.0deg command=(-0.78,-0.10,-0.04) manual_active=1 collision_blocks=0
[depth_angular_controller-1] [INFO] [1791303504.550632146] [depth_angular_controller]: PAPER_BUILD reason=FULL_MOTION_CERTIFICATE required=0.0000 best=0.0000 free=0 refined=0 tubes=32 revoked_tubes=0 proofs=128
[depth_angular_controller-1] [INFO] [1791303504.550677741] [depth_angular_controller]: PAPER_EVIDENCE retained=16 balls=32 revoked_balls=0 expired_views=0 evicted_views=62 radius=0.580 clearance=0.000 best_prefix=2.832
[depth_angular_controller-1] [INFO] [1791303505.516110151] [depth_angular_controller]: PAPER_BUILD reason=FULL_MOTION_CERTIFICATE required=0.0000 best=0.0000 free=0 refined=0 tubes=35 revoked_tubes=0 proofs=128
[depth_angular_controller-1] [INFO] [1791303505.516148382] [depth_angular_controller]: PAPER_EVIDENCE retained=16 balls=32 revoked_balls=0 expired_views=0 evicted_views=66 radius=0.580 clearance=0.000 best_prefix=2.832
[depth_angular_controller-1] [INFO] [1791303506.543744948] [depth_angular_controller]: PAPER_BUILD reason=FULL_MOTION_CERTIFICATE required=0.0000 best=0.0000 free=0 refined=0 tubes=36 revoked_tubes=0 proofs=128
[depth_angular_controller-1] [INFO] [1791303506.543779473] [depth_angular_controller]: PAPER_EVIDENCE retained=16 balls=32 revoked_balls=0 expired_views=0 evicted_views=70 radius=0.580 clearance=0.000 best_prefix=2.832
[depth_angular_controller-1] [INFO] [1791303507.563826911] [depth_angular_controller]: PAPER_BUILD reason=FULL_MOTION_CERTIFICATE required=0.0000 best=0.0000 free=0 refined=0 tubes=38 revoked_tubes=0 proofs=128
[depth_angular_controller-1] [INFO] [1791303507.563862868] [depth_angular_controller]: PAPER_EVIDENCE retained=16 balls=32 revoked_balls=0 expired_views=0 evicted_views=74 radius=0.580 clearance=0.000 best_prefix=2.832
[depth_angular_controller-1] [INFO] [1791303508.719915072] [depth_angular_controller]: PAPER_BUILD reason=FULL_MOTION_CERTIFICATE required=0.0000 best=0.0000 free=0 refined=0 tubes=39 revoked_tubes=0 proofs=128
[depth_angular_controller-1] [INFO] [1791303508.719954556] [depth_angular_controller]: PAPER_EVIDENCE retained=16 balls=32 revoked_balls=0 expired_views=0 evicted_views=78 radius=0.580 clearance=0.000 best_prefix=2.832
[depth_angular_controller-1] [INFO] [1791303508.838821304] [depth_angular_controller]: [PERF CTRL] run=final_v17_sweep_ego1p2_2 elapsed=38.78s callbacks=1379 commands=1378 guidance=1318 command_fps(ros/wall)=56.98/54.96 guidance_wall_fps=54.73 avoid_ms(mean/p50/p95/max)=1.778/0.396/1.024/182.810 cycle_ms(mean/p95/max)=18.196/28.147/197.139 depth_to_cmd_ms(mean/p95/max)=66.060/116.667/116.667 callback_to_publish_ms(mean/p95/max)=3.727/10.972/197.062
[depth_angular_controller-1] [INFO] [1791303508.838945307] [depth_angular_controller]: EVIDENCE_COST ingest(mean/p95/max)=1.923/7.982/18.060 record=0.019/0.023/0.397 ms
[depth_angular_controller-1] [INFO] [1791303508.838950787] [depth_angular_controller]: EVIDENCE_PHASE per_view_mean_ms balls=0.058 tubes=0.033 history=0.365 eviction=0.001
[position_cmd_to_twist-2] [INFO] [1791303509.619838529] [position_cmd_to_twist]: [PERF BRIDGE] run=final_v17_sweep_ego1p2_2 elapsed=39.46s received=1422 published=1419 fps(ros/wall)=57.07/54.92 controller_to_bridge_ms(mean/p50/p95/max)=1.336/0.000/0.000/216.667 bridge_process_ms(mean/p95/max)=0.089/0.119/1.334
[NAV] t=25.0s position=(-64.05,-8.68,2.85) yaw=0.0deg command=(-0.58,-0.55,-0.00) manual_active=1 collision_blocks=0
[depth_angular_controller-1] [INFO] [1791303509.755535406] [depth_angular_controller]: PAPER_BUILD reason=FULL_MOTION_CERTIFICATE required=0.0000 best=0.0000 free=0 refined=0 tubes=41 revoked_tubes=0 proofs=128
[depth_angular_controller-1] [INFO] [1791303509.755578217] [depth_angular_controller]: PAPER_EVIDENCE retained=16 balls=32 revoked_balls=0 expired_views=0 evicted_views=82 radius=0.580 clearance=0.000 best_prefix=2.832
[depth_angular_controller-1] [INFO] [1791303510.852464950] [depth_angular_controller]: PAPER_BUILD reason=FULL_MOTION_CERTIFICATE required=0.0000 best=0.0000 free=0 refined=0 tubes=43 revoked_tubes=0 proofs=128
[depth_angular_controller-1] [INFO] [1791303510.852502500] [depth_angular_controller]: PAPER_EVIDENCE retained=16 balls=32 revoked_balls=0 expired_views=0 evicted_views=86 radius=0.580 clearance=0.000 best_prefix=2.832
[depth_angular_controller-1] [INFO] [1791303511.989204910] [depth_angular_controller]: PAPER_BUILD reason=FULL_MOTION_CERTIFICATE required=0.0000 best=0.0000 free=0 refined=0 tubes=44 revoked_tubes=0 proofs=128
[depth_angular_controller-1] [INFO] [1791303511.989258390] [depth_angular_controller]: PAPER_EVIDENCE retained=16 balls=32 revoked_balls=0 expired_views=0 evicted_views=90 radius=0.580 clearance=0.000 best_prefix=2.832
[depth_angular_controller-1] [INFO] [1791303513.074715754] [depth_angular_controller]: PAPER_BUILD reason=FULL_MOTION_CERTIFICATE required=0.0000 best=0.0000 free=0 refined=0 tubes=46 revoked_tubes=0 proofs=128
[depth_angular_controller-1] [INFO] [1791303513.074751822] [depth_angular_controller]: PAPER_EVIDENCE retained=16 balls=32 revoked_balls=0 expired_views=0 evicted_views=94 radius=0.580 clearance=0.000 best_prefix=2.832
[depth_angular_controller-1] [INFO] [1791303513.842586673] [depth_angular_controller]: [PERF CTRL] run=final_v17_sweep_ego1p2_2 elapsed=43.79s callbacks=1655 commands=1654 guidance=1594 command_fps(ros/wall)=57.46/54.99 guidance_wall_fps=54.81 avoid_ms(mean/p50/p95/max)=1.539/0.389/0.925/182.810 cycle_ms(mean/p95/max)=18.185/26.074/197.139 depth_to_cmd_ms(mean/p95/max)=67.608/116.667/116.667 callback_to_publish_ms(mean/p95/max)=3.567/9.081/197.062
[depth_angular_controller-1] [INFO] [1791303513.842726426] [depth_angular_controller]: EVIDENCE_COST ingest(mean/p95/max)=1.986/7.591/18.060 record=0.018/0.021/0.397 ms
[depth_angular_controller-1] [INFO] [1791303513.842731636] [depth_angular_controller]: EVIDENCE_PHASE per_view_mean_ms balls=0.058 tubes=0.034 history=0.379 eviction=0.001
[depth_angular_controller-1] [INFO] [1791303514.243143565] [depth_angular_controller]: PAPER_BUILD reason=FULL_MOTION_CERTIFICATE required=0.0000 best=0.0000 free=0 refined=0 tubes=48 revoked_tubes=0 proofs=128
[depth_angular_controller-1] [INFO] [1791303514.243181566] [depth_angular_controller]: PAPER_EVIDENCE retained=16 balls=32 revoked_balls=0 expired_views=0 evicted_views=98 radius=0.580 clearance=0.000 best_prefix=2.832
[position_cmd_to_twist-2] [INFO] [1791303515.167590189] [position_cmd_to_twist]: [PERF BRIDGE] run=final_v17_sweep_ego1p2_2 elapsed=45.01s received=1722 published=1719 fps(ros/wall)=57.56/54.77 controller_to_bridge_ms(mean/p50/p95/max)=1.103/0.000/0.000/216.667 bridge_process_ms(mean/p95/max)=0.089/0.117/1.334
[NAV] t=30.0s position=(-66.91,-11.38,3.30) yaw=0.0deg command=(-0.53,-0.51,0.31) manual_active=1 collision_blocks=0
[depth_angular_controller-1] [INFO] [1791303515.301707908] [depth_angular_controller]: PAPER_BUILD reason=FULL_MOTION_CERTIFICATE required=0.0000 best=0.0000 free=0 refined=0 tubes=49 revoked_tubes=0 proofs=128
[depth_angular_controller-1] [INFO] [1791303515.301749817] [depth_angular_controller]: PAPER_EVIDENCE retained=16 balls=32 revoked_balls=0 expired_views=0 evicted_views=102 radius=0.580 clearance=0.000 best_prefix=2.832
[depth_angular_controller-1] [INFO] [1791303516.279784049] [depth_angular_controller]: PAPER_BUILD reason=FULL_MOTION_CERTIFICATE required=0.0000 best=0.0000 free=0 refined=0 tubes=51 revoked_tubes=0 proofs=128
[depth_angular_controller-1] [INFO] [1791303516.280197867] [depth_angular_controller]: PAPER_EVIDENCE retained=16 balls=32 revoked_balls=0 expired_views=0 evicted_views=106 radius=0.580 clearance=0.000 best_prefix=2.832
[depth_angular_controller-1] [INFO] [1791303517.303773826] [depth_angular_controller]: CERTIFIED_DIRECT
[depth_angular_controller-1] [INFO] [1791303517.317296149] [depth_angular_controller]: PAPER_BUILD reason=CERTIFIED_INTENT_CORRIDOR required=0.4264 best=2.8764 free=0 refined=0 tubes=53 revoked_tubes=0 proofs=128
[depth_angular_controller-1] [INFO] [1791303517.317331756] [depth_angular_controller]: PAPER_EVIDENCE retained=16 balls=32 revoked_balls=0 expired_views=0 evicted_views=109 radius=0.580 clearance=2.876 best_prefix=2.832
[depth_angular_controller-1] [INFO] [1791303517.412573405] [depth_angular_controller]: 3D guidance switched to view 3
[depth_angular_controller-1] [INFO] [1791303517.413042977] [depth_angular_controller]: DEPTH_PROPOSAL_CERTIFIED
[depth_angular_controller-1] [INFO] [1791303518.291443747] [depth_angular_controller]: PAPER_BUILD reason=FULL_MOTION_CERTIFICATE required=0.0000 best=0.0000 free=0 refined=0 tubes=56 revoked_tubes=0 proofs=128
[depth_angular_controller-1] [INFO] [1791303518.291481658] [depth_angular_controller]: PAPER_EVIDENCE retained=16 balls=32 revoked_balls=0 expired_views=0 evicted_views=113 radius=0.580 clearance=0.000 best_prefix=2.832
[depth_angular_controller-1] [INFO] [1791303518.846124215] [depth_angular_controller]: [PERF CTRL] run=final_v17_sweep_ego1p2_2 elapsed=48.79s callbacks=1945 commands=1944 guidance=1884 command_fps(ros/wall)=57.83/55.41 guidance_wall_fps=55.27 avoid_ms(mean/p50/p95/max)=1.469/0.400/1.731/182.810 cycle_ms(mean/p95/max)=18.046/25.521/197.139 depth_to_cmd_ms(mean/p95/max)=68.604/116.667/133.333 callback_to_publish_ms(mean/p95/max)=3.537/8.724/197.062
[depth_angular_controller-1] [INFO] [1791303518.846292210] [depth_angular_controller]: EVIDENCE_COST ingest(mean/p95/max)=2.010/7.452/18.060 record=0.022/0.025/0.516 ms
[depth_angular_controller-1] [INFO] [1791303518.846297490] [depth_angular_controller]: EVIDENCE_PHASE per_view_mean_ms balls=0.058 tubes=0.037 history=0.383 eviction=0.001
[depth_angular_controller-1] [INFO] [1791303519.290190745] [depth_angular_controller]: PAPER_BUILD reason=FULL_MOTION_CERTIFICATE required=0.0000 best=0.0000 free=0 refined=0 tubes=58 revoked_tubes=0 proofs=128
[depth_angular_controller-1] [INFO] [1791303519.290233395] [depth_angular_controller]: PAPER_EVIDENCE retained=16 balls=32 revoked_balls=0 expired_views=0 evicted_views=117 radius=0.580 clearance=0.000 best_prefix=2.832
[position_cmd_to_twist-2] [INFO] [1791303520.120870532] [position_cmd_to_twist]: [PERF BRIDGE] run=final_v17_sweep_ego1p2_2 elapsed=49.96s received=2022 published=2019 fps(ros/wall)=57.91/55.56 controller_to_bridge_ms(mean/p50/p95/max)=0.940/0.000/0.000/216.667 bridge_process_ms(mean/p95/max)=0.089/0.117/1.334
[NAV] t=35.0s position=(-67.15,-14.12,4.21) yaw=0.0deg command=(0.55,-0.58,0.00) manual_active=1 collision_blocks=0
[depth_angular_controller-1] [INFO] [1791303520.309965290] [depth_angular_controller]: PAPER_BUILD reason=FULL_MOTION_CERTIFICATE required=0.0000 best=0.0000 free=0 refined=0 tubes=60 revoked_tubes=0 proofs=128
[depth_angular_controller-1] [INFO] [1791303520.310005686] [depth_angular_controller]: PAPER_EVIDENCE retained=16 balls=32 revoked_balls=0 expired_views=0 evicted_views=121 radius=0.580 clearance=0.000 best_prefix=2.832
[depth_angular_controller-1] [INFO] [1791303521.357999774] [depth_angular_controller]: PAPER_BUILD reason=FULL_MOTION_CERTIFICATE required=0.0000 best=0.0000 free=0 refined=0 tubes=62 revoked_tubes=0 proofs=128
[depth_angular_controller-1] [INFO] [1791303521.358039379] [depth_angular_controller]: PAPER_EVIDENCE retained=16 balls=32 revoked_balls=0 expired_views=0 evicted_views=125 radius=0.580 clearance=0.000 best_prefix=2.832
[depth_angular_controller-1] [INFO] [1791303522.382289966] [depth_angular_controller]: PAPER_BUILD reason=FULL_MOTION_CERTIFICATE required=0.0000 best=0.0000 free=0 refined=0 tubes=64 revoked_tubes=0 proofs=128
[depth_angular_controller-1] [INFO] [1791303522.382326855] [depth_angular_controller]: PAPER_EVIDENCE retained=16 balls=32 revoked_balls=0 expired_views=0 evicted_views=129 radius=0.580 clearance=0.000 best_prefix=2.832
[depth_angular_controller-1] [INFO] [1791303523.299809572] [depth_angular_controller]: ZERO_INTENT
[depth_angular_controller-1] [INFO] [1791303523.860872044] [depth_angular_controller]: [PERF CTRL] run=final_v17_sweep_ego1p2_2 elapsed=53.80s callbacks=2244 commands=2243 guidance=2147 command_fps(ros/wall)=58.11/55.94 guidance_wall_fps=55.73 avoid_ms(mean/p50/p95/max)=1.337/0.395/1.658/182.810 cycle_ms(mean/p95/max)=17.876/24.933/197.139 depth_to_cmd_ms(mean/p95/max)=69.073/116.667/133.333 callback_to_publish_ms(mean/p95/max)=3.392/8.336/197.062
[depth_angular_controller-1] [INFO] [1791303523.861075536] [depth_angular_controller]: EVIDENCE_COST ingest(mean/p95/max)=2.011/7.386/18.060 record=0.021/0.023/0.516 ms
[depth_angular_controller-1] [INFO] [1791303523.861082710] [depth_angular_controller]: EVIDENCE_PHASE per_view_mean_ms balls=0.058 tubes=0.042 history=0.377 eviction=0.001
[position_cmd_to_twist-2] [INFO] [1791303525.216806639] [position_cmd_to_twist]: [PERF BRIDGE] run=final_v17_sweep_ego1p2_2 elapsed=55.05s received=2322 published=2319 fps(ros/wall)=58.17/55.96 controller_to_bridge_ms(mean/p50/p95/max)=0.818/0.000/0.000/216.667 bridge_process_ms(mean/p95/max)=0.089/0.117/1.334
[NAV] t=40.0s position=(-65.91,-16.32,4.31) yaw=0.0deg command=(0.00,0.00,0.00) manual_active=0 collision_blocks=0
[MANUAL RESULT] TIMEOUT position=(-65.915,-16.323,4.306)
[PERF ISAAC FINAL] run=final_v17_sweep_ego1p2_2 result=MANUAL_TIMEOUT wall=41.89s sim_frames=2403 fps(sim/wall)=60.05/57.37 command_changes=1725 collision_blocks=0 frame_interval_ms(mean/p50/p95/max)=17.295/16.039/18.237/78.901
[54.871s] Simulation App Shutting Down
[depth_angular_controller-1] [INFO] [1791303525.899590163] [rclcpp]: signal_handler(SIGINT/SIGTERM)
[position_cmd_to_twist-2] [INFO] [1791303525.900272645] [position_cmd_to_twist]: [PERF BRIDGE FINAL] run=final_v17_sweep_ego1p2_2 elapsed=55.74s received=2328 published=2325 fps(ros/wall)=58.17/55.99 controller_to_bridge_ms(mean/p50/p95/max)=0.816/0.000/0.000/216.667 bridge_process_ms(mean/p95/max)=0.089/0.117/1.334
[position_cmd_to_twist-2] Failed to publish log message to rosout: publisher's context is invalid, at ./src/rcl/publisher.c:389
[depth_angular_controller-1] [INFO] [1791303525.900355200] [depth_angular_controller]: [PERF CTRL FINAL] run=final_v17_sweep_ego1p2_2 elapsed=55.84s callbacks=2329 commands=2328 guidance=2147 command_fps(ros/wall)=58.18/56.06 guidance_wall_fps=55.73 avoid_ms(mean/p50/p95/max)=1.337/0.395/1.658/182.810 cycle_ms(mean/p95/max)=17.838/24.919/197.139 depth_to_cmd_ms(mean/p95/max)=69.073/116.667/133.333 callback_to_publish_ms(mean/p95/max)=3.336/8.269/197.062
[depth_angular_controller-1] [INFO] [1791303525.900513528] [depth_angular_controller]: EVIDENCE_COST ingest(mean/p95/max)=2.003/7.367/18.060 record=0.021/0.022/0.516 ms
[depth_angular_controller-1] [INFO] [1791303525.900516564] [depth_angular_controller]: EVIDENCE_PHASE per_view_mean_ms balls=0.057 tubes=0.042 history=0.376 eviction=0.001
[INFO] [depth_angular_controller-1]: process has finished cleanly [pid 164012]
[INFO] [position_cmd_to_twist-2]: process has finished cleanly [pid 164014]
