[PERF] run=final_v22_spin_ego1p3_2 log=/home/starry/isaac-data/EGO1P3/performance/omni_20261006/final_v22_spin_ego1p3_2_performance.md
[INPUT] mode=trace scene_mode=cloud
[LOCK] Waiting for shared Isaac navigation slot
[INFO] [launch]: All log files can be found below /tmp/fov_gvf_ego1p3_isaac_ros_log/2026-10-07-02-05-28-812576-starry-System-Product-Name-199727
[INFO] [launch]: Default logging verbosity is set to INFO
[INFO] [depth_angular_controller-1]: process started with pid [199729]
[INFO] [position_cmd_to_twist-2]: process started with pid [199731]
[depth_angular_controller-1] [INFO] [1791309928.845772911] [depth_angular_controller]: PROCESSING_RATES control=60.0 Hz depth_limit=10.0 Hz (0=unlimited)
[depth_angular_controller-1] [INFO] [1791309928.847942890] [depth_angular_controller]: C++ controller commands publish on /position_cmd; horizontal views=4
[ROS CHECK] ROS_DOMAIN_ID=42 /position_cmd publishers=1
Type: pc_gvf_msgs/msg/PositionCommand
Publisher count: 1
Subscription count: 1
/depth_angular_controller
/position_cmd_to_twist
WARNING: All log messages before absl::InitializeLog() is called are written to STDERR
E0000 00:00:1791309929.814273  199770 descriptor_database.cc:633] File already exists in database: grpc/health/v1/health.proto
W0000 00:00:1791309929.814295  199770 message.cc:301] Protobuf GeneratedMessageFactory: File is already registered: grpc/health/v1/health.proto
2026-10-06T18:05:29Z [Info] [carb] Logging to file: /home/starry/isaac-data/isaacsim/kit/logs/Kit/Isaac-Sim Python/6.0/kit_20261007_020529.log
[0.044s] [ext: omni.assets.plugins-0.0.0] startup
[0.044s] [ext: omni.blobkey-1.1.2] startup
[0.044s] [ext: omni.kit.async_engine-0.0.3] startup
[0.318s] [ext: omni.client.lib-1.1.1] startup
[0.326s] [ext: omni.client-1.3.0] startup
[0.328s] [ext: omni.protobuf.lib-1.0.0] startup
[0.329s] [ext: omni.grpc.lib-1.0.0] startup
[0.332s] [ext: omni.metrics.core-0.0.3] startup
[0.332s] [ext: omni.datastore-0.0.0] startup
[0.333s] [ext: omni.gpu_foundation.shadercache.vulkan-1.0.0] startup
[0.334s] [ext: omni.hsscclient-1.1.4] startup
[0.335s] [ext: omni.stats-1.0.1] startup
[0.335s] [ext: omni.ujitso.default-1.0.0] startup
[0.338s] [ext: omni.gpu_foundation-0.0.0] startup
[0.474s] [ext: carb.windowing.plugins-1.0.1] startup
[0.474s] [ext: omni.kit.renderer.init-1.0.1] startup
2026-10-06T18:05:30Z [674ms] [Warning] [omni.rtx] Skipping unsupported non-NVIDIA GPU: AMD Unknown (RADV RAPHAEL_MENDOCINO)
2026-10-06T18:05:30Z [674ms] [Warning] [omni.rtx] Skipping unsupported non-NVIDIA GPU: AMD Unknown (RADV RAPHAEL_MENDOCINO)

|---------------------------------------------------------------------------------------------|
| Driver Version: 580.178.04    | Graphics API: Vulkan
|=============================================================================================|
| GPU | Name                             | Active | LDA | GPU Memory | Vendor-ID | LUID       |
|     |                                  |        |     |            | Device-ID | UUID       |
|     |                                  |        |     |            | Bus-ID    |            |
|---------------------------------------------------------------------------------------------|
| 0   | NVIDIA GeForce RTX 5070          | Yes: 0 |     | 12227   MB | 10de      | 0          |
|     |                                  |        |     |            | 2f04      | 348d89fe.. |
|     |                                  |        |     |            | 1         |            |
|---------------------------------------------------------------------------------------------|
| 1   | AMD Unknown (RADV RAPHAEL_MEND.. |        |     | 10755   MB | 1002      | 0          |
|     |                                  |        |     |            | 13c0      | 00000000.. |
|     |                                  |        |     |            | c         |            |
|=============================================================================================|
| OS: 22.04.5 LTS (Jammy Jellyfish) ubuntu, Version: 22.04.5, Kernel: 6.8.0-138-generic
| XServer Vendor: The X.Org Foundation, XServer Version: 12101004 (1.21.1.4)
| Processor: AMD Ryzen 5 9600X 6-Core Processor
| Cores: 6 | Logical Cores: 12
|---------------------------------------------------------------------------------------------|
| Total Memory (MB): 31241 | Free Memory: 22791
| Total Page/Swap (MB): 15624 | Free Page/Swap: 15624
|---------------------------------------------------------------------------------------------|
2026-10-06T18:05:30Z [884ms] [Warning] [omni.rtx] CPU performance profile is set to powersave. This profile sets the CPU to the lowest frequency reducing performance.
2026-10-06T18:05:30Z [892ms] [Warning] [omni.rtx] IOMMU is enabled.
[0.996s] [ext: omni.kit.pipapi-0.0.0] startup
[0.997s] [ext: omni.kit.pip_archive-0.0.0] startup
[0.997s] [ext: isaacsim.pip.newton-0.6.1] startup
[0.997s] [ext: omni.pip.compute-1.9.2] startup
[0.997s] [ext: omni.isaac.core_archive-5.3.1] startup
[0.998s] [ext: omni.kit.telemetry-0.5.2] startup
[1.018s] [ext: omni.kit.loop-isaac-1.6.0] startup
[1.019s] [ext: omni.kit.test-2.0.7] startup
[1.070s] [ext: omni.materialx.libs-1.0.9] startup
[1.076s] [ext: omni.gpucompute.plugins-0.0.0] startup
[1.076s] [ext: omni.usd.config-1.0.7] startup
[1.079s] [ext: omni.usd.libs-1.0.3] startup
[1.136s] [ext: omni.iray.libs-0.0.1] startup
[1.138s] [ext: omni.mdl-57.0.3] startup
[1.200s] [ext: omni.mdl.neuraylib-0.2.20] startup
[1.201s] [ext: omni.kit.usd.mdl-1.1.9] startup
[1.287s] [ext: omni.appwindow-1.2.2] startup
[1.288s] [ext: omni.kit.renderer.core-1.2.2] startup
2026-10-06T18:05:36Z [6,498ms] [Warning] [carb.windowing-glfw.gamepad] Joystick with unknown remapping detected (will be ignored):  BEITONG BEITONG A2P3A BFM DONGLE [03000000bc2000001c51000011010000]
[6.529s] [ext: omni.kit.renderer.capture-2.0.1] startup
[6.531s] [ext: omni.kit.renderer.imgui-2.0.6] startup
[6.568s] [ext: omni.ui-3.2.0] startup
[6.575s] [ext: omni.kit.mainwindow-1.0.3] startup
[6.575s] [ext: carb.audio-0.1.0] startup
[6.577s] [ext: omni.uiaudio-1.0.0] startup
[6.578s] [ext: omni.kit.uiapp-0.0.0] startup
[6.578s] [ext: omni.usd.schema.metrics.assembler-110.1.0] startup
[6.580s] [ext: omni.usd.schema.audio-0.0.1] startup
[6.583s] [ext: omni.usd_resolver-1.0.0] startup
[6.585s] [ext: omni.usd.core-1.8.3] startup
[6.587s] [ext: omni.metropolis.schema-0.0.3] startup
[6.588s] [ext: isaacsim.anim.robot.schema-0.1.1] startup
[6.588s] [ext: omni.usd.schema.anim-0.0.1] startup
[6.602s] [ext: omni.usd.schema.geospatial-0.0.1] startup
[6.603s] [ext: omni.usd.schema.omnigraph-1.0.1] startup
[6.607s] [ext: omni.usd.schema.semantics-0.0.0] startup
[6.609s] [ext: omni.activity.core-1.0.3] startup
[6.610s] [ext: omni.cubric-0.1.0] startup
[6.610s] [ext: omni.graph.exec-0.9.6] startup
[6.610s] [ext: omni.hydra.scene_delegate-0.3.5] startup
[6.613s] [ext: usdrt.scenegraph-7.6.3] startup
[6.631s] [ext: omni.hydra.usdrt_delegate-7.5.2] startup
[6.635s] [ext: omni.inspect-1.0.2] startup
[6.636s] [ext: omni.kit.actions.core-1.0.0] startup
[6.637s] [ext: omni.kit.audiodeviceenum-1.0.2] startup
[6.638s] [ext: omni.kit.commands-1.5.0] startup
[6.640s] [ext: omni.kit.exec.core-0.13.5] startup
[6.641s] [ext: omni.kit.usd_undo-0.1.8] startup
[6.641s] [ext: omni.kit.window.popup_dialog-2.0.25] startup
[6.644s] [ext: omni.kit.widget.nucleus_connector-2.3.1] startup
[6.646s] [ext: omni.timeline-1.1.0] startup
[6.647s] [ext: omni.usd-1.16.0] startup
[6.672s] [ext: omni.graph.core-3.1.2] startup
[6.674s] [ext: omni.kit.notification_manager-1.0.11] startup
[6.676s] [ext: isaacsim.core.deprecation_manager-0.4.2] startup
[6.677s] [ext: isaacsim.replicator.agent.schema-0.1.1] startup
[6.677s] [ext: isaacsim.robot.schema-6.3.7] startup
[6.681s] [ext: isaacsim.robot_motion.schema-0.2.1] startup
[6.682s] [ext: omni.anim.behavior.schema-110.1.0] startup
[6.685s] [ext: omni.anim.graph.schema-110.1.1] startup
[6.689s] [ext: omni.anim.navigation.schema-110.1.0] startup
[6.691s] [ext: omni.behavior.tree.schema-110.1.0] startup
[6.692s] [ext: omni.isaac.ml_archive-3.3.0] startup
[6.692s] [ext: omni.kit.asset_converter-6.0.1] startup
[6.701s] [ext: omni.pip.cloud-1.5.4] startup
[6.703s] [ext: omni.usd.schema.flow-110.0.0] startup
[6.704s] [ext: omni.usd.schema.mujoco-1.1.1] startup
[6.704s] [ext: omni.usd.schema.newton-1.2.1] startup
[6.704s] [ext: omni.usd.schema.omni_lens_distortion-1.0.0] startup
[6.705s] [ext: omni.usd.schema.omni_projectors-1.0.0] startup
[6.705s] [ext: omni.usd.schema.omni_sensors-0.0.0] startup
[6.712s] [ext: omni.usd.schema.omniscripting-1.0.1] startup
[6.714s] [ext: omni.usd.schema.physical_lighting-0.1.0] startup
[6.717s] [ext: omni.usd.schema.physx-110.1.13] startup
[6.741s] [ext: omni.usd.schema.render_settings.rtx-1.0.2] startup
[6.743s] [ext: omni.usd.schema.usd_particle_field-1.0.0] startup
[6.744s] [ext: isaacsim.core.version-2.1.1] startup
[6.744s] [ext: omni.kit.menu.core-1.2.0] startup
[6.745s] [ext: omni.kit.menu.utils-2.2.4] startup
[6.750s] [ext: isaacsim.app.about-2.3.1] startup
[6.754s] [ext: isaacsim.asset.transformer-1.2.5] startup
[6.756s] [ext: omni.scene.optimizer.core-110.1.0] startup
[6.786s] [ext: isaacsim.asset.importer.utils-1.8.1] startup
[6.787s] [ext: omni.convexdecomposition-110.1.13] startup
[6.789s] [ext: omni.physics-110.1.13] startup
[6.791s] [ext: omni.physx.gpu-110.1.13] startup
[6.791s] [ext: omni.physx.foundation-110.1.13] startup
[6.792s] [ext: omni.usdphysics-110.1.13] startup
[6.793s] [ext: omni.physx.cooking-110.1.13] startup
[6.795s] [ext: omni.physx-110.1.13] startup
[6.802s] [ext: omni.physics.physx-110.1.13] startup
[6.803s] [ext: isaacsim.asset.exporter.urdf-2.0.5] startup
[6.810s] [ext: omni.kit.clipboard-1.1.1] startup
[6.810s] [ext: omni.kit.usd.layers-2.6.1] startup
[6.816s] [ext: omni.kit.widget.context_menu-1.4.0] startup
[6.817s] [ext: omni.kit.context_menu-1.9.0] startup
[6.818s] [ext: omni.kit.helper.file_utils-0.1.10] startup
[6.819s] [ext: omni.kit.widget.nucleus_info-2.0.2] startup
[6.819s] [ext: omni.kit.search_core-1.0.8] startup
[6.820s] [ext: omni.kit.widget.path_field-2.0.13] startup
[6.820s] [ext: omni.kit.widget.browser_bar-2.0.10] startup
[6.821s] [ext: omni.kit.widget.filebrowser-2.13.4] startup
[6.824s] [ext: omni.kit.widget.options_menu-1.1.6] startup
[6.826s] [ext: omni.kit.widget.options_button-1.0.3] startup
[6.827s] [ext: omni.kit.widget.search_delegate-1.0.9] startup
[6.827s] [ext: omni.ui.scene-2.0.3] startup
[6.831s] [ext: omni.kit.window.filepicker-2.15.5] startup
[6.840s] [ext: omni.kit.window.file_importer-1.1.21] startup
[6.842s] [ext: omni.kit.material.library-3.1.2] startup
[6.846s] [ext: isaacsim.asset.transformer.rules-1.7.10] startup
[6.853s] [ext: omni.usdex.libs-2.2.2] startup
[6.859s] [ext: isaacsim.asset.importer.mjcf-3.10.1] startup
[6.861s] [ext: isaacsim.asset.importer.urdf-3.11.2] startup
[6.864s] [ext: omni.kit.primitive.mesh-1.1.0] startup
[6.866s] [ext: omni.kit.stage_template.core-1.1.22] startup
[6.867s] [ext: omni.kit.stage_templates-2.0.2] startup
[6.868s] [ext: omni.usd.metrics.assembler-110.1.2] startup
[6.870s] [ext: omni.warp.core-1.13.0] startup
[7.051s] [ext: isaacsim.core.experimental.utils-0.17.2] startup
[7.052s] [ext: omni.physics.stageupdate-110.1.13] startup
[7.054s] [ext: omni.physics.tensors-110.1.13] startup
[7.057s] [ext: omni.physx.tensors-110.1.13] startup
[7.060s] [ext: isaacsim.core.simulation_manager-1.15.6] startup
[7.070s] [ext: isaacsim.storage.native-1.9.3] startup
[7.071s] [ext: omni.usd.metrics.assembler.physics-110.1.13] startup
[7.072s] [ext: isaacsim.core.utils-4.1.7] startup
[7.073s] [ext: isaacsim.core.prims-0.11.7] startup
[7.952s] [ext: isaacsim.core.api-5.2.13] startup
[7.958s] [ext: isaacsim.core.cloner-1.7.3] startup
[7.959s] [ext: isaacsim.test.docstring-1.3.2] startup
[7.961s] [ext: isaacsim.core.experimental.prims-1.8.9] startup
[7.979s] [ext: isaacsim.core.experimental.primdata-0.3.2] startup
[7.980s] [ext: omni.graph.tools-1.81.0] startup
[7.998s] [ext: omni.graph-1.142.5] startup
[8.029s] [ext: isaacsim.core.experimental.actuators-0.1.2] startup
[8.042s] [ext: isaacsim.core.experimental.materials-0.7.1] startup
[8.044s] [ext: isaacsim.core.experimental.objects-0.8.1] startup
[8.097s] [ext: omni.hydra.engine.stats-1.0.5] startup
[8.099s] [ext: omni.hydra.rtx.shadercache.vulkan-1.0.0] startup
[8.100s] [ext: omni.index.libs-387500.4413.0] startup
[8.100s] [ext: omni.index-1.0.1] startup
[8.101s] [ext: omni.ujitso.client-0.0.0] startup
[8.101s] [ext: omni.usd.schema.playback-1.0.0] startup
[8.103s] [ext: omni.volume-0.5.2] startup
[8.107s] [ext: omni.hydra.rtx-1.0.4] startup
2026-10-06T18:05:37Z [8,097ms] [Warning] [omni.log] Source: omni.hydra was already registered.
[8.128s] [ext: omni.kit.hydra_texture-1.6.0] startup
[8.131s] [ext: omni.kit.raycast.query-1.2.0] startup
[8.134s] [ext: omni.kit.viewport.legacy_gizmos-1.0.24] startup
[8.136s] [ext: omni.kit.viewport.registry-104.0.6] startup
[8.136s] [ext: omni.kit.viewport.scene_camera_model-1.0.7] startup
[8.139s] [ext: omni.kit.widget.viewport-109.2.0] startup
[8.142s] [ext: omni.kit.window.drop_support-1.0.8] startup
[8.143s] [ext: omni.kit.viewport.window-109.0.2] startup
[8.157s] [ext: omni.kit.viewport.utility-2.0.1] startup
[8.158s] [ext: isaacsim.core.rendering_manager-0.4.3] startup
[8.177s] [ext: omni.graph.action_core-1.1.9] startup
[8.179s] [ext: omni.graph.action_nodes_core-2.11.0] startup
[8.181s] [ext: omni.graph.action_nodes-2.11.0] startup
[8.196s] [ext: omni.graph.action-2.10.2] startup
[8.197s] [ext: omni.graph.image.core-0.6.1] startup
[8.198s] [ext: omni.graph.image.nodes-1.3.1] startup
[8.199s] [ext: omni.graph.nodes_core-2.11.0] startup
[8.203s] [ext: omni.graph.nodes-2.12.0] startup
[8.207s] [ext: omni.kit.hotkeys.core-1.3.12] startup
[8.208s] [ext: omni.kit.property.adapter.core-1.1.1] startup
[8.210s] [ext: omni.kit.property.adapter.usd-1.0.5] startup
[8.211s] [ext: omni.kit.widget.filter-1.1.5] startup
[8.212s] [ext: omni.kit.widget.highlight_label-1.0.3] startup
[8.213s] [ext: omni.kit.widget.searchfield-1.1.8] startup
[8.214s] [ext: omni.kit.window.file_exporter-1.0.36] startup
[8.215s] [ext: omni.kit.widget.stage-4.4.0] startup
[8.221s] [ext: omni.kit.window.content_browser_registry-0.0.6] startup
[8.222s] [ext: omni.kit.window.file-2.0.10] startup
[8.225s] [ext: omni.kit.window.content_browser-3.1.8] startup
[8.233s] [ext: omni.kit.window.property-1.15.1] startup
[8.242s] [ext: omni.kit.property.usd-4.9.4] startup
[8.250s] [ext: omni.graph.scriptnode-2.10.2] startup
[8.257s] [ext: omni.kit.widget.searchable_combobox-1.0.7] startup
[8.258s] [ext: omni.kit.widget.settings-2.0.0] startup
[8.260s] [ext: omni.kit.window.preferences-1.8.3] startup
[8.263s] [ext: omni.kit.viewport.menubar.core-107.2.2] startup
[8.273s] [ext: omni.syntheticdata-0.6.15] startup
[8.296s] [ext: omni.replicator.nv-1.1.1] startup
[8.300s] [ext: omni.videoencoding-0.2.1] startup
[8.301s] [ext: omni.replicator.core-1.13.27] startup
2026-10-06T18:05:37Z [8,288ms] [Warning] [pxr.Semantics] pxr.Semantics is deprecated - please use Semantics instead
2026-10-06T18:05:37Z [8,355ms] [Warning] [omni.replicator.core.scripts.extension] No material configuration file, adding configuration to material settings directly.
[8.503s] [ext: isaacsim.core.nodes-5.10.5] startup
[8.528s] [ext: isaacsim.core.throttling-2.3.5] startup
[8.530s] [ext: omni.kit.manipulator.viewport-107.0.1] startup
[8.531s] [ext: omni.graph.visualization.nodes-2.1.4] startup
[8.542s] [ext: omni.kit.window.extensions-1.5.10] startup
[8.546s] [ext: isaacsim.gui.components-1.8.5] startup
[8.550s] [ext: isaacsim.robot.surface_gripper-3.6.2] startup
[8.559s] [ext: isaacsim.robot.manipulators-3.4.4] startup
[8.568s] [ext: isaacsim.robot_motion.lula-4.1.3] startup
[8.574s] [ext: isaacsim.robot_motion.motion_generation-8.2.9] startup
[8.578s] [ext: isaacsim.cortex.framework-1.0.18] startup
[8.579s] [ext: isaacsim.cortex.behaviors-2.0.17] startup
[8.580s] [ext: isaacsim.examples.base-1.3.2] startup
[8.582s] [ext: omni.kit.widget.zoombar-1.0.7] startup
[8.582s] [ext: omni.kit.browser.core-2.3.18] startup
[8.585s] [ext: omni.kit.browser.folder.core-2.0.2] startup
[8.589s] [ext: omni.kit.widget.stage_icons-1.0.8] startup
[8.590s] [ext: omni.kit.window.stage-2.6.1] startup
[8.593s] [ext: omni.kit.menu.stage-1.2.7] startup
[8.594s] [ext: omni.kit.usd.collect-3.0.6] startup
[8.596s] [ext: omni.kit.widget.prompt-1.0.7] startup
[8.597s] [ext: omni.kit.tool.collect-2.2.19] startup
[8.598s] [ext: isaacsim.examples.browser-0.3.2] startup
[8.600s] [ext: omni.kit.search.files-1.0.4] startup
[8.601s] [ext: omni.kit.widget.calendar-1.0.9] startup
[8.602s] [ext: omni.kit.widget.extended_searchfield-1.0.31] startup
[8.609s] [ext: omni.simready.content.browser-0.3.7] startup
[8.699s] [ext: isaacsim.gui.content_browser-0.4.3] startup
[8.701s] [ext: omni.kit.selection-0.1.6] startup
[8.702s] [ext: isaacsim.gui.menu-2.10.5] startup
[8.709s] [ext: isaacsim.gui.property-1.6.4] startup
[8.715s] [ext: omni.kit.viewport.actions-110.0.0] startup
[8.719s] [ext: omni.kit.viewport.menubar.display-107.1.3] startup
[8.720s] [ext: isaacsim.gui.sensors.icon-2.2.1] startup
[8.723s] [ext: omni.behavior.scripting.core-110.1.0] startup
[8.725s] [ext: isaacsim.replicator.behavior-1.5.4] startup
[8.726s] [ext: isaacsim.replicator.experimental.domain_randomization-1.2.5] startup
[8.739s] [ext: isaacsim.replicator.domain_randomization-1.2.2] startup
[8.805s] [ext: isaacsim.replicator.writers-1.5.4] startup
[8.827s] [ext: isaacsim.robot.experimental.wheeled_robots-0.2.11] startup
[8.846s] [ext: isaacsim.robot.policy.examples-5.2.12] startup
[8.864s] [ext: isaacsim.robot.wheeled_robots-5.2.4] startup
[8.867s] [ext: isaacsim.robot.wheeled_robots.nodes-0.1.5] startup
[8.884s] [ext: isaacsim.robot_motion.experimental.motion_generation-6.1.3] startup
[8.894s] [ext: isaacsim.robot_motion.cumotion-1.3.1] startup
[8.908s] [ext: omni.kit.numpy.common-0.1.3] startup
[8.910s] [ext: isaacsim.sensors.camera-1.7.9] startup
[8.938s] [ext: isaacsim.sensors.experimental.physics-3.0.2] startup
[8.945s] [ext: omni.sensors.net-1.0.1] startup
[8.947s] [ext: omni.sensors.nv.common-3.0.0] startup
[8.956s] [ext: omni.sensors.nv.materials-2.0.0] startup
[8.959s] [ext: omni.sensors.nv.acoustic-3.0.0] startup
[8.961s] [ext: omni.sensors.nv.ids-2.0.1] startup
[8.962s] [ext: omni.sensors.nv.lidar-3.0.0] startup
[8.965s] [ext: omni.sensors.nv.radar-3.0.0] startup
[8.967s] [ext: isaacsim.sensors.experimental.rtx-1.4.6] startup
[9.197s] [ext: isaacsim.sensors.physics.nodes-1.5.3] startup
[9.202s] [ext: isaacsim.util.debug_draw-3.2.3] startup
[9.206s] [ext: isaacsim.sensors.physx-2.5.5] startup
[9.212s] [ext: isaacsim.sensors.rtx-15.17.1] startup
[9.221s] [ext: isaacsim.simulation_app-2.18.4] startup
[9.221s] [ext: omni.anim.curve.core-1.6.0] startup
[9.230s] [ext: omni.graph.ui_nodes-2.11.1] startup
[9.249s] [ext: omni.hydra.scene_api-0.1.3] startup
[9.252s] [ext: omni.kit.manipulator.camera-110.0.0] startup
[9.255s] [ext: omni.kit.manipulator.selector-1.1.4] startup
[9.257s] [ext: omni.kit.manipulator.transform-107.0.0] startup
[9.260s] [ext: omni.kit.widget.toolbar-2.1.0] startup
[9.265s] [ext: omni.kit.manipulator.tool.snap-1.5.14] startup
[9.268s] [ext: omni.kit.viewport.manipulator.transform-107.0.4] startup
[9.270s] [ext: omni.kit.manipulator.prim.core-108.0.2] startup
[9.275s] [ext: omni.kit.manipulator.prim.usd-107.0.3] startup
[9.276s] [ext: omni.kit.manipulator.prim-108.0.0] startup
[9.276s] [ext: omni.kit.manipulator.selection-109.0.1] startup
[9.277s] [ext: omni.kit.menu.create-2.0.2] startup
[9.278s] [ext: omni.kit.property.audio-1.0.16] startup
[9.281s] [ext: omni.kit.property.camera-1.0.14] startup
[9.282s] [ext: omni.kit.property.geometry-2.1.2] startup
[9.285s] [ext: omni.kit.property.light-1.0.14] startup
2026-10-06T18:05:38Z [9,285ms] [Warning] [omni.usd] Encountered USD Warnings but USD Diagnostics are currently muted. To view USD Warnings, please set the '/persistent/app/usd/muteUsdDiagnostics' setting to false in Preferences page.
[9.311s] [ext: omni.kit.property.material-1.14.6] startup
[9.317s] [ext: omni.kit.property.render-1.2.2] startup
[9.318s] [ext: omni.kit.property.transform-1.6.9] startup
[9.321s] [ext: omni.kit.property.bundle-1.5.1] startup
[9.322s] [ext: omni.kit.usdz_export-1.1.0] startup
[9.324s] [ext: omni.kit.tool.asset_importer-6.0.1] startup
[9.328s] [ext: omni.kit.ui.actions-1.0.5] startup
[9.330s] [ext: omni.kit.viewport.menubar.camera-107.0.10] startup
[9.334s] [ext: omni.kit.viewport.menubar.lighting-107.3.2] startup
[9.336s] [ext: omni.kit.viewport.menubar.render-110.0.0] startup
[9.338s] [ext: omni.kit.viewport.menubar.settings-110.0.1] startup
[9.341s] [ext: omni.kit.window.console-1.1.9] startup
[9.344s] [ext: omni.kit.window.status_bar-0.1.11] startup
[9.346s] [ext: omni.kit.window.toolbar-3.0.3] startup
[9.348s] [ext: omni.ocio-0.1.1] startup
[9.349s] [ext: omni.physx.commands-110.1.13] startup
[9.352s] [ext: omni.replicator.replicator_yaml-2.0.12] startup
[9.361s] [ext: omni.rtx.window.settings-0.8.0] startup
[9.365s] [ext: omni.rtx.settings.core-0.7.1] startup
[9.368s] [ext: omni.usd.metrics.assembler.ui-110.1.1] startup
[9.374s] [ext: semantics.schema.editor-2.0.2] startup
[9.376s] [ext: semantics.schema.property-2.0.2] startup
[9.378s] [ext: omni.kit.menu.common-2.0.2] startup
[9.379s] [ext: isaacsim.exp.base-6.0.1] startup
[9.379s] [ext: isaacsim.exp.base.python-6.0.1] startup
[9.380s] Simulation App Starting
[10.447s] Simulation App Startup Complete
[10.451s] app ready
Starting kit application with the following args:  ['/home/starry/isaac-data/isaacsim/exts/isaacsim.simulation_app/isaacsim/simulation_app/simulation_app.py', '/home/starry/isaac-data/isaacsim/apps/isaacsim.exp.base.python.kit', '--/app/tokens/exe-path=/home/starry/isaac-data/isaacsim/kit', '--/persistent/app/viewport/displayOptions=3094', '--/rtx/materialDb/syncLoads=True', '--/rtx/hydra/materialSyncLoads=True', '--/omni/kit/plugin/syncUsdLoads=True', '--/app/renderer/resolution/width=1280', '--/app/renderer/resolution/height=720', '--/app/window/width=1440', '--/app/window/height=900', '--/renderer/multiGpu/enabled=False', '--/app/fastShutdown=True', '--/app/installSignalHandlers=0', '--ext-folder', '/home/starry/isaac-data/isaacsim/exts', '--ext-folder', '/home/starry/isaac-data/isaacsim/apps', '--/renderer/activeGpu=0', '--/physics/cudaDevice=0', '--/plugins/carb.tasking.plugin/threadCount=12', '--/plugins/omni.tbb.globalcontrol/maxThreadCount=12', '--portable', '--no-window', '--/app/window/hideUi=1']
Passing the following args to the base kit application:  []
Warp 1.13.0 initialized:
   CUDA Toolkit 12.9, Driver 13.0
   Devices:
     "cpu"      : "x86_64"
     "cuda:0"   : "NVIDIA GeForce RTX 5070" (11 GiB, sm_120, mempool enabled)
   Kernel cache:
     /home/starry/.cache/warp/1.13.0
[LIGHTING] sun=800.0 (1) dome=0.0 (1) ambient=0.05 constant_color=(0.6, 0.65, 0.7)
[RENDER] mode=MinimalRendering minimal_shading_mode=2 anti_aliasing=TAA
[DEPTH CAMERAS] count=4 resolution_each=320x240 horizontal_coverage=360deg
[ESDF] path=/home/starry/isaac-data/EGO1P3/scenes/ego_swarm_cloud/occupancy.bin shape=(400, 300, 50) resolution=0.40m
[depth_angular_controller-1] [INFO] [1791309942.380212956] [depth_angular_controller]: WAITING_ODOMETRY
[NAV] t=0.0s position=(-64.00,-11.20,2.80) yaw=0.0deg command=(0.00,0.00,0.00) manual_active=0 collision_blocks=0
[depth_angular_controller-1] [INFO] [1791309942.968765069] [depth_angular_controller]: WAITING_VERIFIED_START_POSE
[depth_angular_controller-1] [INFO] [1791309943.001894169] [depth_angular_controller]: VERIFIED_FREE_SEED center=(-64.000,-11.200,2.800) radius=2.500 balls=1: verified fixed Cloud free ball; USD and occupancy SHA-256 matched
[depth_angular_controller-1] [INFO] [1791309943.002050343] [depth_angular_controller]: ZERO_INTENT
[depth_angular_controller-1] [INFO] [1791309943.838671916] [depth_angular_controller]: OMNI_DEPTH views=4 azimuth_bins=180 elevation_bins=37 valid=1 certificates=1 short=0 held=0 local_candidates=0 yaw=30.00
[depth_angular_controller-1] [INFO] [1791309943.839139004] [depth_angular_controller]: DEPTH_PROPOSAL_CERTIFIED
[depth_angular_controller-1] [INFO] [1791309943.839152820] [depth_angular_controller]: PAPER_BUILD reason=FULL_MOTION_CERTIFICATE required=0.0000 best=0.0000 free=0 refined=0 tubes=0 revoked_tubes=0 proofs=0
[depth_angular_controller-1] [INFO] [1791309943.839160965] [depth_angular_controller]: PAPER_EVIDENCE retained=4 balls=1 revoked_balls=0 expired_views=0 evicted_views=0 radius=0.580 clearance=0.000 best_prefix=0.000
[depth_angular_controller-1] [INFO] [1791309944.854707575] [depth_angular_controller]: OMNI_DEPTH views=4 azimuth_bins=180 elevation_bins=37 valid=1 certificates=1 short=0 held=1 local_candidates=0 yaw=34.00
[depth_angular_controller-1] [INFO] [1791309944.854803295] [depth_angular_controller]: PAPER_BUILD reason=FULL_MOTION_CERTIFICATE required=0.0000 best=0.0000 free=0 refined=0 tubes=1 revoked_tubes=0 proofs=55
[depth_angular_controller-1] [INFO] [1791309944.854811410] [depth_angular_controller]: PAPER_EVIDENCE retained=8 balls=4 revoked_balls=0 expired_views=0 evicted_views=0 radius=0.580 clearance=0.000 best_prefix=0.000
[10.969s] [ext: isaacsim.sensors.rtx.nodes-0.1.2] startup
[10.977s] [ext: isaacsim.ros2.core-1.9.4] startup
[10.991s] Attempting to load system rclpy
[10.991s] Could not import system rclpy: No module named 'rclpy'
[10.991s] Attempting to load internal rclpy for ROS Distro: humble
[11.002s] rclpy loaded
[11.005s] [ext: isaacsim.ros2.nodes-1.18.13] startup
[11.039s] [ext: isaacsim.ros2.examples-1.2.4] startup
[11.043s] [ext: isaacsim.ros2.ui-1.6.5] startup
[11.253s] [ext: isaacsim.ros2.bridge-5.1.2] startup
2026-10-06T18:05:43Z [13,501ms] [Warning] [omni.timeline.plugin] Deprecated: direct use of ITimeline callbacks is deprecated. Use ITimeline::getTimeline (Python: omni.timeline.get_timeline_interface) instead.
[depth_angular_controller-1] [INFO] [1791309945.819170603] [depth_angular_controller]: OMNI_DEPTH views=4 azimuth_bins=180 elevation_bins=37 valid=1 certificates=1 short=0 held=1 local_candidates=0 yaw=13.04
[depth_angular_controller-1] [INFO] [1791309945.819525239] [depth_angular_controller]: PAPER_BUILD reason=FULL_MOTION_CERTIFICATE required=0.0000 best=0.0000 free=0 refined=0 tubes=4 revoked_tubes=0 proofs=111
[depth_angular_controller-1] [INFO] [1791309945.819532923] [depth_angular_controller]: PAPER_EVIDENCE retained=12 balls=14 revoked_balls=0 expired_views=0 evicted_views=0 radius=0.580 clearance=0.000 best_prefix=0.000
[depth_angular_controller-1] [INFO] [1791309946.800199663] [depth_angular_controller]: OMNI_DEPTH views=4 azimuth_bins=180 elevation_bins=37 valid=1 certificates=1 short=0 held=0 local_candidates=0 yaw=6.34
[depth_angular_controller-1] [INFO] [1791309946.800415989] [depth_angular_controller]: PAPER_BUILD reason=FULL_MOTION_CERTIFICATE required=0.0000 best=0.0000 free=0 refined=0 tubes=8 revoked_tubes=0 proofs=128
[depth_angular_controller-1] [INFO] [1791309946.800422241] [depth_angular_controller]: PAPER_EVIDENCE retained=16 balls=27 revoked_balls=0 expired_views=0 evicted_views=0 radius=0.580 clearance=0.000 best_prefix=0.000
[position_cmd_to_twist-2] [INFO] [1791309947.692283227] [position_cmd_to_twist]: [PERF BRIDGE] run=final_v22_spin_ego1p3_2 elapsed=18.72s received=294 published=294 fps(ros/wall)=59.80/62.29 controller_to_bridge_ms(mean/p50/p95/max)=0.000/0.000/0.000/0.000 bridge_process_ms(mean/p95/max)=0.098/0.129/0.544
[NAV] t=5.0s position=(-58.94,-9.61,2.95) yaw=80.5deg command=(1.80,0.21,-0.00) manual_active=1 collision_blocks=0
[depth_angular_controller-1] [INFO] [1791309947.771024386] [depth_angular_controller]: OMNI_DEPTH views=4 azimuth_bins=180 elevation_bins=37 valid=1 certificates=1 short=0 held=0 local_candidates=0 yaw=6.34
[depth_angular_controller-1] [INFO] [1791309947.771242486] [depth_angular_controller]: PAPER_BUILD reason=FULL_MOTION_CERTIFICATE required=0.0000 best=0.0000 free=0 refined=0 tubes=12 revoked_tubes=0 proofs=128
[depth_angular_controller-1] [INFO] [1791309947.771247756] [depth_angular_controller]: PAPER_EVIDENCE retained=16 balls=32 revoked_balls=0 expired_views=0 evicted_views=4 radius=0.580 clearance=0.000 best_prefix=0.000
[depth_angular_controller-1] [INFO] [1791309947.992804991] [depth_angular_controller]: [PERF CTRL] run=final_v22_spin_ego1p3_2 elapsed=19.14s callbacks=311 commands=310 guidance=250 command_fps(ros/wall)=59.81/61.50 guidance_wall_fps=59.90 avoid_ms(mean/p50/p95/max)=0.484/0.335/2.487/4.990 cycle_ms(mean/p95/max)=16.259/21.047/79.806 depth_to_cmd_ms(mean/p95/max)=45.267/83.333/100.000 callback_to_publish_ms(mean/p95/max)=1.811/5.202/13.328
[depth_angular_controller-1] [INFO] [1791309947.992861077] [depth_angular_controller]: EVIDENCE_COST ingest(mean/p95/max)=1.311/4.543/13.245 record=0.013/0.024/0.055 ms
[depth_angular_controller-1] [INFO] [1791309947.992865665] [depth_angular_controller]: EVIDENCE_PHASE per_view_mean_ms balls=0.054 tubes=0.010 history=0.238 eviction=0.000
[depth_angular_controller-1] [INFO] [1791309949.059966061] [depth_angular_controller]: OMNI_DEPTH views=4 azimuth_bins=180 elevation_bins=37 valid=1 certificates=1 short=0 held=1 local_candidates=0 yaw=22.00
[depth_angular_controller-1] [INFO] [1791309949.060191875] [depth_angular_controller]: PAPER_BUILD reason=FULL_MOTION_CERTIFICATE required=0.0000 best=0.0000 free=0 refined=0 tubes=16 revoked_tubes=0 proofs=128
[depth_angular_controller-1] [INFO] [1791309949.060197395] [depth_angular_controller]: PAPER_EVIDENCE retained=16 balls=32 revoked_balls=0 expired_views=0 evicted_views=8 radius=0.580 clearance=0.000 best_prefix=0.000
[depth_angular_controller-1] [INFO] [1791309950.136214528] [depth_angular_controller]: OMNI_DEPTH views=4 azimuth_bins=180 elevation_bins=37 valid=1 certificates=1 short=0 held=0 local_candidates=0 yaw=6.34
[depth_angular_controller-1] [INFO] [1791309950.136564425] [depth_angular_controller]: PAPER_BUILD reason=FULL_MOTION_CERTIFICATE required=0.0000 best=0.0000 free=0 refined=0 tubes=19 revoked_tubes=0 proofs=128
[depth_angular_controller-1] [INFO] [1791309950.136573282] [depth_angular_controller]: PAPER_EVIDENCE retained=16 balls=32 revoked_balls=0 expired_views=0 evicted_views=12 radius=0.580 clearance=0.000 best_prefix=0.000
[depth_angular_controller-1] [INFO] [1791309951.159843797] [depth_angular_controller]: OMNI_DEPTH views=4 azimuth_bins=180 elevation_bins=37 valid=1 certificates=1 short=0 held=1 local_candidates=0 yaw=-4.00
[depth_angular_controller-1] [INFO] [1791309951.160106792] [depth_angular_controller]: PAPER_BUILD reason=FULL_MOTION_CERTIFICATE required=0.0000 best=0.0000 free=0 refined=0 tubes=23 revoked_tubes=0 proofs=128
[depth_angular_controller-1] [INFO] [1791309951.160114246] [depth_angular_controller]: PAPER_EVIDENCE retained=16 balls=32 revoked_balls=0 expired_views=0 evicted_views=16 radius=0.580 clearance=0.000 best_prefix=0.000
[depth_angular_controller-1] [INFO] [1791309952.247722932] [depth_angular_controller]: OMNI_DEPTH views=4 azimuth_bins=180 elevation_bins=37 valid=1 certificates=1 short=0 held=0 local_candidates=0 yaw=-10.00
[depth_angular_controller-1] [INFO] [1791309952.248012567] [depth_angular_controller]: PAPER_BUILD reason=FULL_MOTION_CERTIFICATE required=0.0000 best=0.0000 free=0 refined=0 tubes=27 revoked_tubes=0 proofs=128
[depth_angular_controller-1] [INFO] [1791309952.248021534] [depth_angular_controller]: PAPER_EVIDENCE retained=16 balls=32 revoked_balls=0 expired_views=0 evicted_views=20 radius=0.580 clearance=0.000 best_prefix=0.000
[depth_angular_controller-1] [INFO] [1791309953.009519236] [depth_angular_controller]: [PERF CTRL] run=final_v22_spin_ego1p3_2 elapsed=24.16s callbacks=584 commands=583 guidance=523 command_fps(ros/wall)=59.90/57.96 guidance_wall_fps=56.90 avoid_ms(mean/p50/p95/max)=0.604/0.375/3.245/4.990 cycle_ms(mean/p95/max)=17.252/24.040/84.276 depth_to_cmd_ms(mean/p95/max)=41.491/83.333/100.000 callback_to_publish_ms(mean/p95/max)=2.370/7.061/15.571
[depth_angular_controller-1] [INFO] [1791309953.009591031] [depth_angular_controller]: EVIDENCE_COST ingest(mean/p95/max)=1.716/6.512/13.245 record=0.014/0.020/0.123 ms
[depth_angular_controller-1] [INFO] [1791309953.009595950] [depth_angular_controller]: EVIDENCE_PHASE per_view_mean_ms balls=0.058 tubes=0.039 history=0.306 eviction=0.001
[position_cmd_to_twist-2] [INFO] [1791309953.198912224] [position_cmd_to_twist]: [PERF BRIDGE] run=final_v22_spin_ego1p3_2 elapsed=24.24s received=594 published=594 fps(ros/wall)=59.90/58.05 controller_to_bridge_ms(mean/p50/p95/max)=0.000/0.000/0.000/0.000 bridge_process_ms(mean/p95/max)=0.094/0.118/0.544
[NAV] t=10.0s position=(-50.10,-8.71,2.54) yaw=-179.2deg command=(1.78,-0.30,-0.10) manual_active=1 collision_blocks=0
[depth_angular_controller-1] [INFO] [1791309953.283384184] [depth_angular_controller]: OMNI_DEPTH views=4 azimuth_bins=180 elevation_bins=37 valid=1 certificates=1 short=0 held=0 local_candidates=0 yaw=-10.00
[depth_angular_controller-1] [INFO] [1791309953.283608305] [depth_angular_controller]: PAPER_BUILD reason=FULL_MOTION_CERTIFICATE required=0.0000 best=0.0000 free=0 refined=0 tubes=31 revoked_tubes=0 proofs=128
[depth_angular_controller-1] [INFO] [1791309953.283614256] [depth_angular_controller]: PAPER_EVIDENCE retained=16 balls=32 revoked_balls=0 expired_views=0 evicted_views=24 radius=0.580 clearance=0.000 best_prefix=0.000
[depth_angular_controller-1] [INFO] [1791309954.248449673] [depth_angular_controller]: OMNI_DEPTH views=4 azimuth_bins=180 elevation_bins=37 valid=1 certificates=1 short=0 held=1 local_candidates=0 yaw=-12.00
[depth_angular_controller-1] [INFO] [1791309954.248719631] [depth_angular_controller]: PAPER_BUILD reason=FULL_MOTION_CERTIFICATE required=0.0000 best=0.0000 free=0 refined=0 tubes=34 revoked_tubes=0 proofs=128
[depth_angular_controller-1] [INFO] [1791309954.248732896] [depth_angular_controller]: PAPER_EVIDENCE retained=16 balls=32 revoked_balls=0 expired_views=0 evicted_views=28 radius=0.580 clearance=0.000 best_prefix=0.000
[depth_angular_controller-1] [INFO] [1791309955.337233950] [depth_angular_controller]: OMNI_DEPTH views=4 azimuth_bins=180 elevation_bins=37 valid=1 certificates=1 short=0 held=1 local_candidates=0 yaw=-24.00
[depth_angular_controller-1] [INFO] [1791309955.337504197] [depth_angular_controller]: PAPER_BUILD reason=FULL_MOTION_CERTIFICATE required=0.0000 best=0.0000 free=0 refined=0 tubes=38 revoked_tubes=0 proofs=128
[depth_angular_controller-1] [INFO] [1791309955.337511992] [depth_angular_controller]: PAPER_EVIDENCE retained=16 balls=32 revoked_balls=0 expired_views=0 evicted_views=32 radius=0.580 clearance=0.000 best_prefix=0.000
[depth_angular_controller-1] [INFO] [1791309956.372876005] [depth_angular_controller]: OMNI_DEPTH views=4 azimuth_bins=180 elevation_bins=37 valid=1 certificates=1 short=0 held=0 local_candidates=0 yaw=6.34
[depth_angular_controller-1] [INFO] [1791309956.373130463] [depth_angular_controller]: PAPER_BUILD reason=FULL_MOTION_CERTIFICATE required=0.0000 best=0.0000 free=0 refined=0 tubes=42 revoked_tubes=0 proofs=128
[depth_angular_controller-1] [INFO] [1791309956.373137446] [depth_angular_controller]: PAPER_EVIDENCE retained=16 balls=32 revoked_balls=0 expired_views=0 evicted_views=36 radius=0.580 clearance=0.000 best_prefix=0.000
[depth_angular_controller-1] [INFO] [1791309957.395076830] [depth_angular_controller]: OMNI_DEPTH views=4 azimuth_bins=180 elevation_bins=37 valid=1 certificates=1 short=0 held=1 local_candidates=0 yaw=-20.00
[depth_angular_controller-1] [INFO] [1791309957.395350264] [depth_angular_controller]: PAPER_BUILD reason=FULL_MOTION_CERTIFICATE required=0.0000 best=0.0000 free=0 refined=0 tubes=46 revoked_tubes=0 proofs=128
[depth_angular_controller-1] [INFO] [1791309957.395358509] [depth_angular_controller]: PAPER_EVIDENCE retained=16 balls=32 revoked_balls=0 expired_views=0 evicted_views=40 radius=0.580 clearance=0.000 best_prefix=0.000
[depth_angular_controller-1] [INFO] [1791309958.021130400] [depth_angular_controller]: [PERF CTRL] run=final_v22_spin_ego1p3_2 elapsed=29.17s callbacks=876 commands=875 guidance=815 command_fps(ros/wall)=59.93/58.06 guidance_wall_fps=57.38 avoid_ms(mean/p50/p95/max)=0.828/0.396/3.951/12.545 cycle_ms(mean/p95/max)=17.222/24.040/87.880 depth_to_cmd_ms(mean/p95/max)=39.591/66.667/100.000 callback_to_publish_ms(mean/p95/max)=2.863/8.080/21.060
[depth_angular_controller-1] [INFO] [1791309958.021233564] [depth_angular_controller]: EVIDENCE_COST ingest(mean/p95/max)=1.986/6.792/13.245 record=0.015/0.019/1.063 ms
[depth_angular_controller-1] [INFO] [1791309958.021239986] [depth_angular_controller]: EVIDENCE_PHASE per_view_mean_ms balls=0.064 tubes=0.070 history=0.336 eviction=0.001
[position_cmd_to_twist-2] [INFO] [1791309958.331143702] [position_cmd_to_twist]: [PERF BRIDGE] run=final_v22_spin_ego1p3_2 elapsed=29.37s received=894 published=894 fps(ros/wall)=59.93/58.19 controller_to_bridge_ms(mean/p50/p95/max)=0.019/0.000/0.000/16.667 bridge_process_ms(mean/p95/max)=0.092/0.113/0.544
[NAV] t=15.0s position=(-41.33,-10.18,2.80) yaw=-78.9deg command=(1.72,-0.52,0.07) manual_active=1 collision_blocks=0
[depth_angular_controller-1] [INFO] [1791309958.412279431] [depth_angular_controller]: OMNI_DEPTH views=4 azimuth_bins=180 elevation_bins=37 valid=1 certificates=1 short=0 held=1 local_candidates=0 yaw=-11.48
[depth_angular_controller-1] [INFO] [1791309958.412560329] [depth_angular_controller]: PAPER_BUILD reason=FULL_MOTION_CERTIFICATE required=0.0000 best=0.0000 free=0 refined=0 tubes=49 revoked_tubes=0 proofs=128
[depth_angular_controller-1] [INFO] [1791309958.412571530] [depth_angular_controller]: PAPER_EVIDENCE retained=16 balls=32 revoked_balls=0 expired_views=0 evicted_views=44 radius=0.580 clearance=0.000 best_prefix=0.000
[depth_angular_controller-1] [INFO] [1791309959.364769799] [depth_angular_controller]: OMNI_DEPTH views=4 azimuth_bins=180 elevation_bins=37 valid=1 certificates=1 short=0 held=1 local_candidates=0 yaw=-6.00
[depth_angular_controller-1] [INFO] [1791309959.365064783] [depth_angular_controller]: PAPER_BUILD reason=FULL_MOTION_CERTIFICATE required=0.0000 best=0.0000 free=0 refined=0 tubes=53 revoked_tubes=0 proofs=128
[depth_angular_controller-1] [INFO] [1791309959.365073269] [depth_angular_controller]: PAPER_EVIDENCE retained=16 balls=32 revoked_balls=0 expired_views=0 evicted_views=48 radius=0.580 clearance=0.000 best_prefix=0.000
[depth_angular_controller-1] [INFO] [1791309960.393068273] [depth_angular_controller]: OMNI_DEPTH views=4 azimuth_bins=180 elevation_bins=37 valid=1 certificates=1 short=0 held=0 local_candidates=0 yaw=6.34
[depth_angular_controller-1] [INFO] [1791309960.393359200] [depth_angular_controller]: PAPER_BUILD reason=FULL_MOTION_CERTIFICATE required=0.0000 best=0.0000 free=0 refined=0 tubes=57 revoked_tubes=0 proofs=128
[depth_angular_controller-1] [INFO] [1791309960.393370240] [depth_angular_controller]: PAPER_EVIDENCE retained=16 balls=32 revoked_balls=0 expired_views=0 evicted_views=52 radius=0.580 clearance=0.000 best_prefix=0.000
[depth_angular_controller-1] [INFO] [1791309961.532279747] [depth_angular_controller]: OMNI_DEPTH views=4 azimuth_bins=180 elevation_bins=37 valid=1 certificates=1 short=0 held=0 local_candidates=0 yaw=6.34
[depth_angular_controller-1] [INFO] [1791309961.532545938] [depth_angular_controller]: PAPER_BUILD reason=FULL_MOTION_CERTIFICATE required=0.0000 best=0.0000 free=0 refined=0 tubes=61 revoked_tubes=0 proofs=128
[depth_angular_controller-1] [INFO] [1791309961.532553031] [depth_angular_controller]: PAPER_EVIDENCE retained=16 balls=32 revoked_balls=0 expired_views=0 evicted_views=56 radius=0.580 clearance=0.000 best_prefix=0.000
[depth_angular_controller-1] [INFO] [1791309962.556973137] [depth_angular_controller]: OMNI_DEPTH views=4 azimuth_bins=180 elevation_bins=37 valid=1 certificates=1 short=0 held=0 local_candidates=0 yaw=6.34
[depth_angular_controller-1] [INFO] [1791309962.557252522] [depth_angular_controller]: PAPER_BUILD reason=FULL_MOTION_CERTIFICATE required=0.0000 best=0.0000 free=0 refined=0 tubes=64 revoked_tubes=0 proofs=128
[depth_angular_controller-1] [INFO] [1791309962.557258303] [depth_angular_controller]: PAPER_EVIDENCE retained=16 balls=32 revoked_balls=0 expired_views=0 evicted_views=60 radius=0.580 clearance=0.000 best_prefix=0.000
[depth_angular_controller-1] [INFO] [1791309963.024086288] [depth_angular_controller]: [PERF CTRL] run=final_v22_spin_ego1p3_2 elapsed=34.18s callbacks=1170 commands=1169 guidance=1109 command_fps(ros/wall)=59.95/58.24 guidance_wall_fps=57.74 avoid_ms(mean/p50/p95/max)=0.723/0.392/3.793/12.545 cycle_ms(mean/p95/max)=17.171/23.680/87.880 depth_to_cmd_ms(mean/p95/max)=38.774/66.667/100.000 callback_to_publish_ms(mean/p95/max)=2.762/7.955/21.060
[depth_angular_controller-1] [INFO] [1791309963.024210662] [depth_angular_controller]: EVIDENCE_COST ingest(mean/p95/max)=1.971/6.775/13.245 record=0.015/0.019/1.063 ms
[depth_angular_controller-1] [INFO] [1791309963.024217956] [depth_angular_controller]: EVIDENCE_PHASE per_view_mean_ms balls=0.061 tubes=0.064 history=0.342 eviction=0.001
[position_cmd_to_twist-2] [INFO] [1791309963.438696400] [position_cmd_to_twist]: [PERF BRIDGE] run=final_v22_spin_ego1p3_2 elapsed=34.48s received=1194 published=1194 fps(ros/wall)=59.95/58.33 controller_to_bridge_ms(mean/p50/p95/max)=0.014/0.000/0.000/16.667 bridge_process_ms(mean/p95/max)=0.091/0.112/0.544
[NAV] t=20.0s position=(-32.39,-10.16,2.58) yaw=21.4deg command=(1.80,0.21,-0.00) manual_active=1 collision_blocks=0
[depth_angular_controller-1] [INFO] [1791309963.515961546] [depth_angular_controller]: OMNI_DEPTH views=4 azimuth_bins=180 elevation_bins=37 valid=1 certificates=1 short=0 held=0 local_candidates=0 yaw=6.34
[depth_angular_controller-1] [INFO] [1791309963.516272310] [depth_angular_controller]: PAPER_BUILD reason=FULL_MOTION_CERTIFICATE required=0.0000 best=0.0000 free=0 refined=0 tubes=68 revoked_tubes=0 proofs=128
[depth_angular_controller-1] [INFO] [1791309963.516279764] [depth_angular_controller]: PAPER_EVIDENCE retained=16 balls=32 revoked_balls=0 expired_views=0 evicted_views=64 radius=0.580 clearance=0.000 best_prefix=0.000
[depth_angular_controller-1] [INFO] [1791309964.478824566] [depth_angular_controller]: OMNI_DEPTH views=4 azimuth_bins=180 elevation_bins=37 valid=1 certificates=1 short=0 held=0 local_candidates=0 yaw=6.34
[depth_angular_controller-1] [INFO] [1791309964.480208978] [depth_angular_controller]: PAPER_BUILD reason=FULL_MOTION_CERTIFICATE required=0.0000 best=0.0000 free=0 refined=0 tubes=72 revoked_tubes=0 proofs=128
[depth_angular_controller-1] [INFO] [1791309964.480240257] [depth_angular_controller]: PAPER_EVIDENCE retained=16 balls=32 revoked_balls=0 expired_views=0 evicted_views=68 radius=0.580 clearance=0.000 best_prefix=0.000
[depth_angular_controller-1] [INFO] [1791309965.504420853] [depth_angular_controller]: OMNI_DEPTH views=4 azimuth_bins=180 elevation_bins=37 valid=1 certificates=1 short=0 held=0 local_candidates=0 yaw=6.34
[depth_angular_controller-1] [INFO] [1791309965.505539435] [depth_angular_controller]: PAPER_BUILD reason=FULL_MOTION_CERTIFICATE required=0.0000 best=0.0000 free=0 refined=0 tubes=76 revoked_tubes=0 proofs=128
[depth_angular_controller-1] [INFO] [1791309965.505560645] [depth_angular_controller]: PAPER_EVIDENCE retained=16 balls=32 revoked_balls=0 expired_views=0 evicted_views=72 radius=0.580 clearance=0.000 best_prefix=0.000
[depth_angular_controller-1] [INFO] [1791309966.572025145] [depth_angular_controller]: OMNI_DEPTH views=4 azimuth_bins=180 elevation_bins=37 valid=1 certificates=1 short=0 held=0 local_candidates=0 yaw=6.34
[depth_angular_controller-1] [INFO] [1791309966.572356828] [depth_angular_controller]: PAPER_BUILD reason=FULL_MOTION_CERTIFICATE required=0.0000 best=0.0000 free=0 refined=0 tubes=79 revoked_tubes=0 proofs=128
[depth_angular_controller-1] [INFO] [1791309966.572365124] [depth_angular_controller]: PAPER_EVIDENCE retained=16 balls=32 revoked_balls=0 expired_views=0 evicted_views=76 radius=0.580 clearance=0.000 best_prefix=0.000
[depth_angular_controller-1] [INFO] [1791309967.678119522] [depth_angular_controller]: OMNI_DEPTH views=4 azimuth_bins=180 elevation_bins=37 valid=1 certificates=1 short=0 held=0 local_candidates=0 yaw=6.34
[depth_angular_controller-1] [INFO] [1791309967.678446687] [depth_angular_controller]: PAPER_BUILD reason=FULL_MOTION_CERTIFICATE required=0.0000 best=0.0000 free=0 refined=0 tubes=83 revoked_tubes=0 proofs=128
[depth_angular_controller-1] [INFO] [1791309967.678455063] [depth_angular_controller]: PAPER_EVIDENCE retained=16 balls=32 revoked_balls=0 expired_views=0 evicted_views=80 radius=0.580 clearance=0.000 best_prefix=0.000
[depth_angular_controller-1] [INFO] [1791309968.030879468] [depth_angular_controller]: [PERF CTRL] run=final_v22_spin_ego1p3_2 elapsed=39.18s callbacks=1463 commands=1462 guidance=1402 command_fps(ros/wall)=59.96/58.30 guidance_wall_fps=57.90 avoid_ms(mean/p50/p95/max)=0.662/0.396/3.433/12.545 cycle_ms(mean/p95/max)=17.154/23.408/87.880 depth_to_cmd_ms(mean/p95/max)=38.267/66.667/100.000 callback_to_publish_ms(mean/p95/max)=2.718/7.415/21.060
[depth_angular_controller-1] [INFO] [1791309968.031023699] [depth_angular_controller]: EVIDENCE_COST ingest(mean/p95/max)=1.978/6.577/13.245 record=0.015/0.019/1.063 ms
[depth_angular_controller-1] [INFO] [1791309968.031029210] [depth_angular_controller]: EVIDENCE_PHASE per_view_mean_ms balls=0.060 tubes=0.058 history=0.349 eviction=0.001
[position_cmd_to_twist-2] [INFO] [1791309968.622527810] [position_cmd_to_twist]: [PERF BRIDGE] run=final_v22_spin_ego1p3_2 elapsed=39.66s received=1494 published=1494 fps(ros/wall)=59.96/58.23 controller_to_bridge_ms(mean/p50/p95/max)=0.011/0.000/0.000/16.667 bridge_process_ms(mean/p95/max)=0.090/0.112/0.544
[NAV] t=25.0s position=(-23.50,-8.84,2.58) yaw=121.6deg command=(1.51,0.93,-0.03) manual_active=1 collision_blocks=0
[depth_angular_controller-1] [INFO] [1791309968.700295240] [depth_angular_controller]: OMNI_DEPTH views=4 azimuth_bins=180 elevation_bins=37 valid=1 certificates=1 short=0 held=1 local_candidates=0 yaw=18.00
[depth_angular_controller-1] [INFO] [1791309968.700598109] [depth_angular_controller]: PAPER_BUILD reason=FULL_MOTION_CERTIFICATE required=0.0000 best=0.0000 free=0 refined=0 tubes=87 revoked_tubes=0 proofs=128
[depth_angular_controller-1] [INFO] [1791309968.700608308] [depth_angular_controller]: PAPER_EVIDENCE retained=16 balls=32 revoked_balls=0 expired_views=0 evicted_views=84 radius=0.580 clearance=0.000 best_prefix=0.000
[depth_angular_controller-1] [INFO] [1791309969.726104526] [depth_angular_controller]: OMNI_DEPTH views=4 azimuth_bins=180 elevation_bins=37 valid=1 certificates=1 short=0 held=0 local_candidates=0 yaw=13.02
[depth_angular_controller-1] [INFO] [1791309969.726375575] [depth_angular_controller]: PAPER_BUILD reason=FULL_MOTION_CERTIFICATE required=0.0000 best=0.0000 free=0 refined=0 tubes=91 revoked_tubes=0 proofs=128
[depth_angular_controller-1] [INFO] [1791309969.726381767] [depth_angular_controller]: PAPER_EVIDENCE retained=16 balls=32 revoked_balls=0 expired_views=0 evicted_views=88 radius=0.580 clearance=0.000 best_prefix=0.000
[depth_angular_controller-1] [INFO] [1791309970.755915813] [depth_angular_controller]: OMNI_DEPTH views=4 azimuth_bins=180 elevation_bins=37 valid=1 certificates=1 short=0 held=1 local_candidates=0 yaw=62.00
[depth_angular_controller-1] [INFO] [1791309970.756192524] [depth_angular_controller]: PAPER_BUILD reason=FULL_MOTION_CERTIFICATE required=0.0000 best=0.0000 free=0 refined=0 tubes=95 revoked_tubes=0 proofs=128
[depth_angular_controller-1] [INFO] [1791309970.756203775] [depth_angular_controller]: PAPER_EVIDENCE retained=16 balls=32 revoked_balls=0 expired_views=0 evicted_views=92 radius=0.580 clearance=0.000 best_prefix=0.000
[depth_angular_controller-1] [INFO] [1791309971.729346775] [depth_angular_controller]: OMNI_DEPTH views=4 azimuth_bins=180 elevation_bins=37 valid=1 certificates=1 short=0 held=1 local_candidates=0 yaw=76.00
[depth_angular_controller-1] [INFO] [1791309971.731712380] [depth_angular_controller]: PAPER_BUILD reason=FULL_MOTION_CERTIFICATE required=0.0000 best=0.0000 free=0 refined=0 tubes=99 revoked_tubes=0 proofs=128
[depth_angular_controller-1] [INFO] [1791309971.731737017] [depth_angular_controller]: PAPER_EVIDENCE retained=16 balls=32 revoked_balls=0 expired_views=0 evicted_views=96 radius=0.580 clearance=0.000 best_prefix=0.000
[depth_angular_controller-1] [INFO] [1791309972.830565078] [depth_angular_controller]: ZERO_INTENT
[depth_angular_controller-1] [INFO] [1791309973.044302838] [depth_angular_controller]: [PERF CTRL] run=final_v22_spin_ego1p3_2 elapsed=44.20s callbacks=1751 commands=1750 guidance=1676 command_fps(ros/wall)=59.86/58.15 guidance_wall_fps=57.80 avoid_ms(mean/p50/p95/max)=1.047/0.405/4.561/52.615 cycle_ms(mean/p95/max)=17.196/23.664/87.880 depth_to_cmd_ms(mean/p95/max)=38.912/66.667/100.000 callback_to_publish_ms(mean/p95/max)=3.083/8.478/54.534
[depth_angular_controller-1] [INFO] [1791309973.044473699] [depth_angular_controller]: EVIDENCE_COST ingest(mean/p95/max)=1.973/6.572/13.245 record=0.019/0.020/1.063 ms
[depth_angular_controller-1] [INFO] [1791309973.044482566] [depth_angular_controller]: EVIDENCE_PHASE per_view_mean_ms balls=0.061 tubes=0.053 history=0.352 eviction=0.001
[position_cmd_to_twist-2] [INFO] [1791309973.846109413] [position_cmd_to_twist]: [PERF BRIDGE] run=final_v22_spin_ego1p3_2 elapsed=44.89s received=1791 published=1791 fps(ros/wall)=59.87/58.00 controller_to_bridge_ms(mean/p50/p95/max)=0.130/0.000/0.000/50.000 bridge_process_ms(mean/p95/max)=0.090/0.112/0.544
[NAV] t=30.0s position=(-18.28,-7.42,2.42) yaw=-138.1deg command=(0.00,0.00,0.00) manual_active=1 collision_blocks=0
[depth_angular_controller-1] [INFO] [1791309976.822733551] [depth_angular_controller]: OMNI_DEPTH views=4 azimuth_bins=180 elevation_bins=37 valid=1 certificates=1 short=0 held=0 local_candidates=0 yaw=-173.66
[depth_angular_controller-1] [INFO] [1791309976.822880828] [depth_angular_controller]: DEPTH_PROPOSAL_CERTIFIED
[depth_angular_controller-1] [INFO] [1791309976.822889985] [depth_angular_controller]: PAPER_BUILD reason=FULL_MOTION_CERTIFICATE required=0.0000 best=0.0000 free=0 refined=0 tubes=102 revoked_tubes=0 proofs=128
[depth_angular_controller-1] [INFO] [1791309976.822898200] [depth_angular_controller]: PAPER_EVIDENCE retained=16 balls=32 revoked_balls=0 expired_views=0 evicted_views=116 radius=0.580 clearance=0.000 best_prefix=0.000
[depth_angular_controller-1] [INFO] [1791309977.851825216] [depth_angular_controller]: OMNI_DEPTH views=4 azimuth_bins=180 elevation_bins=37 valid=1 certificates=1 short=0 held=0 local_candidates=0 yaw=-173.66
[depth_angular_controller-1] [INFO] [1791309977.852050549] [depth_angular_controller]: PAPER_BUILD reason=FULL_MOTION_CERTIFICATE required=0.0000 best=0.0000 free=0 refined=0 tubes=103 revoked_tubes=0 proofs=128
[depth_angular_controller-1] [INFO] [1791309977.852060027] [depth_angular_controller]: PAPER_EVIDENCE retained=16 balls=32 revoked_balls=0 expired_views=0 evicted_views=120 radius=0.580 clearance=0.000 best_prefix=0.000
[depth_angular_controller-1] [INFO] [1791309978.059966218] [depth_angular_controller]: [PERF CTRL] run=final_v22_spin_ego1p3_2 elapsed=49.21s callbacks=2051 commands=2050 guidance=1750 command_fps(ros/wall)=59.88/58.39 guidance_wall_fps=51.10 avoid_ms(mean/p50/p95/max)=1.015/0.402/4.455/52.615 cycle_ms(mean/p95/max)=17.126/24.151/87.880 depth_to_cmd_ms(mean/p95/max)=39.267/66.667/100.000 callback_to_publish_ms(mean/p95/max)=3.208/9.078/54.534
[depth_angular_controller-1] [INFO] [1791309978.060148851] [depth_angular_controller]: EVIDENCE_COST ingest(mean/p95/max)=2.114/7.270/15.130 record=0.141/1.009/2.763 ms
[depth_angular_controller-1] [INFO] [1791309978.060154462] [depth_angular_controller]: EVIDENCE_PHASE per_view_mean_ms balls=0.065 tubes=0.066 history=0.370 eviction=0.001
[position_cmd_to_twist-2] [INFO] [1791309978.792618080] [position_cmd_to_twist]: [PERF BRIDGE] run=final_v22_spin_ego1p3_2 elapsed=49.83s received=2091 published=2091 fps(ros/wall)=59.89/58.37 controller_to_bridge_ms(mean/p50/p95/max)=0.128/0.000/0.000/50.000 bridge_process_ms(mean/p95/max)=0.089/0.111/0.544
[NAV] t=35.0s position=(-20.10,-7.62,2.44) yaw=-118.7deg command=(-1.75,-0.25,0.12) manual_active=1 collision_blocks=0
[depth_angular_controller-1] [INFO] [1791309978.874760601] [depth_angular_controller]: OMNI_DEPTH views=4 azimuth_bins=180 elevation_bins=37 valid=1 certificates=1 short=0 held=1 local_candidates=0 yaw=-172.42
[depth_angular_controller-1] [INFO] [1791309978.875017053] [depth_angular_controller]: PAPER_BUILD reason=FULL_MOTION_CERTIFICATE required=0.0000 best=0.0000 free=0 refined=0 tubes=106 revoked_tubes=0 proofs=128
[depth_angular_controller-1] [INFO] [1791309978.875028645] [depth_angular_controller]: PAPER_EVIDENCE retained=16 balls=32 revoked_balls=0 expired_views=0 evicted_views=124 radius=0.580 clearance=0.000 best_prefix=0.000
[depth_angular_controller-1] [INFO] [1791309979.843377095] [depth_angular_controller]: OMNI_DEPTH views=4 azimuth_bins=180 elevation_bins=37 valid=1 certificates=1 short=0 held=0 local_candidates=0 yaw=-173.66
[depth_angular_controller-1] [INFO] [1791309979.843749404] [depth_angular_controller]: PAPER_BUILD reason=FULL_MOTION_CERTIFICATE required=0.0000 best=0.0000 free=0 refined=0 tubes=110 revoked_tubes=0 proofs=128
[depth_angular_controller-1] [INFO] [1791309979.843771666] [depth_angular_controller]: PAPER_EVIDENCE retained=16 balls=32 revoked_balls=0 expired_views=0 evicted_views=128 radius=0.580 clearance=0.000 best_prefix=0.000
[depth_angular_controller-1] [INFO] [1791309980.805349612] [depth_angular_controller]: OMNI_DEPTH views=4 azimuth_bins=180 elevation_bins=37 valid=1 certificates=1 short=0 held=1 local_candidates=0 yaw=-156.00
[depth_angular_controller-1] [INFO] [1791309980.805700922] [depth_angular_controller]: PAPER_BUILD reason=FULL_MOTION_CERTIFICATE required=0.0000 best=0.0000 free=0 refined=0 tubes=114 revoked_tubes=0 proofs=128
[depth_angular_controller-1] [INFO] [1791309980.805709889] [depth_angular_controller]: PAPER_EVIDENCE retained=16 balls=32 revoked_balls=0 expired_views=0 evicted_views=132 radius=0.580 clearance=0.000 best_prefix=0.000
[depth_angular_controller-1] [INFO] [1791309981.965272018] [depth_angular_controller]: OMNI_DEPTH views=4 azimuth_bins=180 elevation_bins=37 valid=1 certificates=1 short=0 held=0 local_candidates=0 yaw=-173.66
[depth_angular_controller-1] [INFO] [1791309981.965566332] [depth_angular_controller]: PAPER_BUILD reason=FULL_MOTION_CERTIFICATE required=0.0000 best=0.0000 free=0 refined=0 tubes=117 revoked_tubes=0 proofs=128
[depth_angular_controller-1] [INFO] [1791309981.965579126] [depth_angular_controller]: PAPER_EVIDENCE retained=16 balls=32 revoked_balls=0 expired_views=0 evicted_views=136 radius=0.580 clearance=0.000 best_prefix=0.000
[depth_angular_controller-1] [INFO] [1791309982.931405876] [depth_angular_controller]: OMNI_DEPTH views=4 azimuth_bins=180 elevation_bins=37 valid=1 certificates=1 short=0 held=0 local_candidates=0 yaw=-173.66
[depth_angular_controller-1] [INFO] [1791309982.931703185] [depth_angular_controller]: PAPER_BUILD reason=FULL_MOTION_CERTIFICATE required=0.0000 best=0.0000 free=0 refined=0 tubes=121 revoked_tubes=0 proofs=128
[depth_angular_controller-1] [INFO] [1791309982.931717191] [depth_angular_controller]: PAPER_EVIDENCE retained=16 balls=32 revoked_balls=0 expired_views=0 evicted_views=140 radius=0.580 clearance=0.000 best_prefix=0.000
[depth_angular_controller-1] [INFO] [1791309983.079768215] [depth_angular_controller]: [PERF CTRL] run=final_v22_spin_ego1p3_2 elapsed=54.23s callbacks=2342 commands=2341 guidance=2041 command_fps(ros/wall)=59.87/58.34 guidance_wall_fps=51.98 avoid_ms(mean/p50/p95/max)=0.979/0.404/4.079/52.615 cycle_ms(mean/p95/max)=17.141/24.073/88.600 depth_to_cmd_ms(mean/p95/max)=40.356/66.667/100.000 callback_to_publish_ms(mean/p95/max)=3.200/9.078/54.534
[depth_angular_controller-1] [INFO] [1791309983.079954836] [depth_angular_controller]: EVIDENCE_COST ingest(mean/p95/max)=2.136/7.430/15.130 record=0.125/0.995/2.763 ms
[depth_angular_controller-1] [INFO] [1791309983.079961298] [depth_angular_controller]: EVIDENCE_PHASE per_view_mean_ms balls=0.065 tubes=0.065 history=0.377 eviction=0.001
[position_cmd_to_twist-2] [INFO] [1791309983.933336307] [position_cmd_to_twist]: [PERF BRIDGE] run=final_v22_spin_ego1p3_2 elapsed=54.97s received=2390 published=2390 fps(ros/wall)=59.87/58.34 controller_to_bridge_ms(mean/p50/p95/max)=0.112/0.000/0.000/50.000 bridge_process_ms(mean/p95/max)=0.089/0.111/0.544
[NAV] t=40.0s position=(-28.83,-9.53,2.79) yaw=141.0deg command=(-1.78,-0.24,-0.01) manual_active=1 collision_blocks=0
[depth_angular_controller-1] [INFO] [1791309984.013881045] [depth_angular_controller]: OMNI_DEPTH views=4 azimuth_bins=180 elevation_bins=37 valid=1 certificates=1 short=0 held=1 local_candidates=0 yaw=-152.00
[depth_angular_controller-1] [INFO] [1791309984.014163085] [depth_angular_controller]: PAPER_BUILD reason=FULL_MOTION_CERTIFICATE required=0.0000 best=0.0000 free=0 refined=0 tubes=125 revoked_tubes=0 proofs=128
[depth_angular_controller-1] [INFO] [1791309984.014169648] [depth_angular_controller]: PAPER_EVIDENCE retained=16 balls=32 revoked_balls=0 expired_views=0 evicted_views=144 radius=0.580 clearance=0.000 best_prefix=0.000
[depth_angular_controller-1] [INFO] [1791309985.032297889] [depth_angular_controller]: OMNI_DEPTH views=4 azimuth_bins=180 elevation_bins=37 valid=1 certificates=1 short=0 held=0 local_candidates=0 yaw=-173.66
[depth_angular_controller-1] [INFO] [1791309985.032635784] [depth_angular_controller]: PAPER_BUILD reason=FULL_MOTION_CERTIFICATE required=0.0000 best=0.0000 free=0 refined=0 tubes=129 revoked_tubes=0 proofs=128
[depth_angular_controller-1] [INFO] [1791309985.032647396] [depth_angular_controller]: PAPER_EVIDENCE retained=16 balls=32 revoked_balls=0 expired_views=0 evicted_views=148 radius=0.580 clearance=0.000 best_prefix=0.000
[depth_angular_controller-1] [INFO] [1791309986.051181300] [depth_angular_controller]: OMNI_DEPTH views=4 azimuth_bins=180 elevation_bins=37 valid=1 certificates=1 short=0 held=0 local_candidates=0 yaw=-173.66
[depth_angular_controller-1] [INFO] [1791309986.051547548] [depth_angular_controller]: PAPER_BUILD reason=FULL_MOTION_CERTIFICATE required=0.0000 best=0.0000 free=0 refined=0 tubes=133 revoked_tubes=0 proofs=128
[depth_angular_controller-1] [INFO] [1791309986.051558278] [depth_angular_controller]: PAPER_EVIDENCE retained=16 balls=32 revoked_balls=0 expired_views=0 evicted_views=152 radius=0.580 clearance=0.000 best_prefix=0.000
[depth_angular_controller-1] [INFO] [1791309987.017467934] [depth_angular_controller]: OMNI_DEPTH views=4 azimuth_bins=180 elevation_bins=37 valid=1 certificates=1 short=0 held=0 local_candidates=0 yaw=-173.66
[depth_angular_controller-1] [INFO] [1791309987.017803234] [depth_angular_controller]: PAPER_BUILD reason=FULL_MOTION_CERTIFICATE required=0.0000 best=0.0000 free=0 refined=0 tubes=136 revoked_tubes=0 proofs=128
[depth_angular_controller-1] [INFO] [1791309987.017811340] [depth_angular_controller]: PAPER_EVIDENCE retained=16 balls=32 revoked_balls=0 expired_views=0 evicted_views=156 radius=0.580 clearance=0.000 best_prefix=0.000
[depth_angular_controller-1] [INFO] [1791309988.038907128] [depth_angular_controller]: OMNI_DEPTH views=4 azimuth_bins=180 elevation_bins=37 valid=1 certificates=1 short=0 held=0 local_candidates=0 yaw=-173.66
[depth_angular_controller-1] [INFO] [1791309988.039180792] [depth_angular_controller]: PAPER_BUILD reason=FULL_MOTION_CERTIFICATE required=0.0000 best=0.0000 free=0 refined=0 tubes=140 revoked_tubes=0 proofs=128
[depth_angular_controller-1] [INFO] [1791309988.039191382] [depth_angular_controller]: PAPER_EVIDENCE retained=16 balls=32 revoked_balls=0 expired_views=0 evicted_views=160 radius=0.580 clearance=0.000 best_prefix=0.000
[depth_angular_controller-1] [INFO] [1791309988.088235271] [depth_angular_controller]: [PERF CTRL] run=final_v22_spin_ego1p3_2 elapsed=59.24s callbacks=2640 commands=2639 guidance=2339 command_fps(ros/wall)=59.89/58.47 guidance_wall_fps=52.83 avoid_ms(mean/p50/p95/max)=0.916/0.408/3.943/52.615 cycle_ms(mean/p95/max)=17.104/23.812/88.600 depth_to_cmd_ms(mean/p95/max)=40.209/66.667/100.000 callback_to_publish_ms(mean/p95/max)=3.150/8.963/54.534
[depth_angular_controller-1] [INFO] [1791309988.088468339] [depth_angular_controller]: EVIDENCE_COST ingest(mean/p95/max)=2.141/7.430/15.130 record=0.113/0.982/2.763 ms
[depth_angular_controller-1] [INFO] [1791309988.088480161] [depth_angular_controller]: EVIDENCE_PHASE per_view_mean_ms balls=0.065 tubes=0.065 history=0.377 eviction=0.001
[position_cmd_to_twist-2] [INFO] [1791309989.160284026] [position_cmd_to_twist]: [PERF BRIDGE] run=final_v22_spin_ego1p3_2 elapsed=60.20s received=2690 published=2690 fps(ros/wall)=59.89/58.23 controller_to_bridge_ms(mean/p50/p95/max)=0.099/0.000/0.000/50.000 bridge_process_ms(mean/p95/max)=0.089/0.111/0.544
[NAV] t=45.0s position=(-37.72,-10.91,2.65) yaw=40.7deg command=(-1.80,-0.19,-0.00) manual_active=1 collision_blocks=0
[depth_angular_controller-1] [INFO] [1791309989.239952528] [depth_angular_controller]: OMNI_DEPTH views=4 azimuth_bins=180 elevation_bins=37 valid=1 certificates=1 short=0 held=0 local_candidates=0 yaw=-173.66
[depth_angular_controller-1] [INFO] [1791309989.240273751] [depth_angular_controller]: PAPER_BUILD reason=FULL_MOTION_CERTIFICATE required=0.0000 best=0.0000 free=0 refined=0 tubes=144 revoked_tubes=0 proofs=128
[depth_angular_controller-1] [INFO] [1791309989.240281666] [depth_angular_controller]: PAPER_EVIDENCE retained=16 balls=32 revoked_balls=0 expired_views=0 evicted_views=164 radius=0.580 clearance=0.000 best_prefix=0.000
[depth_angular_controller-1] [INFO] [1791309990.197082264] [depth_angular_controller]: OMNI_DEPTH views=4 azimuth_bins=180 elevation_bins=37 valid=1 certificates=1 short=0 held=1 local_candidates=0 yaw=-169.43
[depth_angular_controller-1] [INFO] [1791309990.197416151] [depth_angular_controller]: PAPER_BUILD reason=FULL_MOTION_CERTIFICATE required=0.0000 best=0.0000 free=0 refined=0 tubes=148 revoked_tubes=0 proofs=128
[depth_angular_controller-1] [INFO] [1791309990.197429586] [depth_angular_controller]: PAPER_EVIDENCE retained=16 balls=32 revoked_balls=0 expired_views=0 evicted_views=168 radius=0.580 clearance=0.000 best_prefix=0.000
[depth_angular_controller-1] [INFO] [1791309991.244030747] [depth_angular_controller]: OMNI_DEPTH views=4 azimuth_bins=180 elevation_bins=37 valid=1 certificates=1 short=0 held=1 local_candidates=0 yaw=-160.15
[depth_angular_controller-1] [INFO] [1791309991.244303540] [depth_angular_controller]: PAPER_BUILD reason=FULL_MOTION_CERTIFICATE required=0.0000 best=0.0000 free=0 refined=0 tubes=151 revoked_tubes=0 proofs=128
[depth_angular_controller-1] [INFO] [1791309991.244314731] [depth_angular_controller]: PAPER_EVIDENCE retained=16 balls=32 revoked_balls=0 expired_views=0 evicted_views=172 radius=0.580 clearance=0.000 best_prefix=0.000
[depth_angular_controller-1] [INFO] [1791309992.270301010] [depth_angular_controller]: OMNI_DEPTH views=4 azimuth_bins=180 elevation_bins=37 valid=1 certificates=1 short=0 held=1 local_candidates=0 yaw=-163.50
[depth_angular_controller-1] [INFO] [1791309992.270618366] [depth_angular_controller]: PAPER_BUILD reason=FULL_MOTION_CERTIFICATE required=0.0000 best=0.0000 free=0 refined=0 tubes=155 revoked_tubes=0 proofs=128
[depth_angular_controller-1] [INFO] [1791309992.270625079] [depth_angular_controller]: PAPER_EVIDENCE retained=16 balls=32 revoked_balls=0 expired_views=0 evicted_views=176 radius=0.580 clearance=0.000 best_prefix=0.000
[depth_angular_controller-1] [INFO] [1791309993.090156154] [depth_angular_controller]: [PERF CTRL] run=final_v22_spin_ego1p3_2 elapsed=64.24s callbacks=2920 commands=2919 guidance=2619 command_fps(ros/wall)=59.90/58.22 guidance_wall_fps=53.15 avoid_ms(mean/p50/p95/max)=0.880/0.411/3.854/52.615 cycle_ms(mean/p95/max)=17.177/23.722/88.600 depth_to_cmd_ms(mean/p95/max)=40.047/66.667/100.000 callback_to_publish_ms(mean/p95/max)=3.092/8.745/54.534
[depth_angular_controller-1] [INFO] [1791309993.090383832] [depth_angular_controller]: EVIDENCE_COST ingest(mean/p95/max)=2.113/7.270/15.130 record=0.104/0.968/2.763 ms
[depth_angular_controller-1] [INFO] [1791309993.090389122] [depth_angular_controller]: EVIDENCE_PHASE per_view_mean_ms balls=0.063 tubes=0.063 history=0.373 eviction=0.001
[depth_angular_controller-1] [INFO] [1791309993.418613067] [depth_angular_controller]: OMNI_DEPTH views=4 azimuth_bins=180 elevation_bins=37 valid=1 certificates=1 short=0 held=0 local_candidates=0 yaw=-173.66
[depth_angular_controller-1] [INFO] [1791309993.418873407] [depth_angular_controller]: PAPER_BUILD reason=FULL_MOTION_CERTIFICATE required=0.0000 best=0.0000 free=0 refined=0 tubes=159 revoked_tubes=0 proofs=128
[depth_angular_controller-1] [INFO] [1791309993.418880249] [depth_angular_controller]: PAPER_EVIDENCE retained=16 balls=32 revoked_balls=0 expired_views=0 evicted_views=180 radius=0.580 clearance=0.000 best_prefix=0.000
[position_cmd_to_twist-2] [INFO] [1791309994.424511485] [position_cmd_to_twist]: [PERF BRIDGE] run=final_v22_spin_ego1p3_2 elapsed=65.46s received=2990 published=2990 fps(ros/wall)=59.90/58.10 controller_to_bridge_ms(mean/p50/p95/max)=0.089/0.000/0.000/50.000 bridge_process_ms(mean/p95/max)=0.089/0.111/0.544
[NAV] t=50.0s position=(-46.37,-12.79,3.74) yaw=-59.5deg command=(-1.55,-0.84,0.12) manual_active=1 collision_blocks=0
[depth_angular_controller-1] [INFO] [1791309994.518214602] [depth_angular_controller]: OMNI_DEPTH views=4 azimuth_bins=180 elevation_bins=37 valid=1 certificates=1 short=0 held=1 local_candidates=0 yaw=-144.00
[depth_angular_controller-1] [INFO] [1791309994.518495470] [depth_angular_controller]: PAPER_BUILD reason=FULL_MOTION_CERTIFICATE required=0.0000 best=0.0000 free=0 refined=0 tubes=163 revoked_tubes=0 proofs=128
[depth_angular_controller-1] [INFO] [1791309994.518501271] [depth_angular_controller]: PAPER_EVIDENCE retained=16 balls=32 revoked_balls=0 expired_views=0 evicted_views=184 radius=0.580 clearance=0.000 best_prefix=0.000
[depth_angular_controller-1] [INFO] [1791309995.545861372] [depth_angular_controller]: OMNI_DEPTH views=4 azimuth_bins=180 elevation_bins=37 valid=1 certificates=1 short=0 held=0 local_candidates=0 yaw=-152.00
[depth_angular_controller-1] [INFO] [1791309995.546265141] [depth_angular_controller]: PAPER_BUILD reason=FULL_MOTION_CERTIFICATE required=0.0000 best=0.0000 free=0 refined=0 tubes=167 revoked_tubes=0 proofs=128
[depth_angular_controller-1] [INFO] [1791309995.546273877] [depth_angular_controller]: PAPER_EVIDENCE retained=16 balls=32 revoked_balls=0 expired_views=0 evicted_views=188 radius=0.580 clearance=0.000 best_prefix=0.000
[depth_angular_controller-1] [INFO] [1791309996.699032291] [depth_angular_controller]: OMNI_DEPTH views=4 azimuth_bins=180 elevation_bins=37 valid=1 certificates=1 short=0 held=0 local_candidates=0 yaw=-158.00
[depth_angular_controller-1] [INFO] [1791309996.699370937] [depth_angular_controller]: PAPER_BUILD reason=FULL_MOTION_CERTIFICATE required=0.0000 best=0.0000 free=0 refined=0 tubes=170 revoked_tubes=0 proofs=128
[depth_angular_controller-1] [INFO] [1791309996.699378972] [depth_angular_controller]: PAPER_EVIDENCE retained=16 balls=32 revoked_balls=0 expired_views=0 evicted_views=192 radius=0.580 clearance=0.000 best_prefix=0.000
[depth_angular_controller-1] [INFO] [1791309997.733031899] [depth_angular_controller]: OMNI_DEPTH views=4 azimuth_bins=180 elevation_bins=37 valid=1 certificates=1 short=0 held=1 local_candidates=0 yaw=-158.31
[depth_angular_controller-1] [INFO] [1791309997.733307457] [depth_angular_controller]: PAPER_BUILD reason=FULL_MOTION_CERTIFICATE required=0.0000 best=0.0000 free=0 refined=0 tubes=174 revoked_tubes=0 proofs=128
[depth_angular_controller-1] [INFO] [1791309997.733317656] [depth_angular_controller]: PAPER_EVIDENCE retained=16 balls=32 revoked_balls=0 expired_views=0 evicted_views=196 radius=0.580 clearance=0.000 best_prefix=0.000
[depth_angular_controller-1] [INFO] [1791309998.110410672] [depth_angular_controller]: [PERF CTRL] run=final_v22_spin_ego1p3_2 elapsed=69.26s callbacks=3188 commands=3187 guidance=2887 command_fps(ros/wall)=59.91/57.78 guidance_wall_fps=53.17 avoid_ms(mean/p50/p95/max)=0.918/0.417/3.858/52.615 cycle_ms(mean/p95/max)=17.307/23.849/88.600 depth_to_cmd_ms(mean/p95/max)=40.463/66.667/100.000 callback_to_publish_ms(mean/p95/max)=3.111/8.823/54.534
[depth_angular_controller-1] [INFO] [1791309998.110671833] [depth_angular_controller]: EVIDENCE_COST ingest(mean/p95/max)=2.097/7.306/15.130 record=0.097/0.955/2.763 ms
[depth_angular_controller-1] [INFO] [1791309998.110678756] [depth_angular_controller]: EVIDENCE_PHASE per_view_mean_ms balls=0.063 tubes=0.062 history=0.371 eviction=0.001
[depth_angular_controller-1] [INFO] [1791309998.900092531] [depth_angular_controller]: OMNI_DEPTH views=4 azimuth_bins=180 elevation_bins=37 valid=1 certificates=1 short=0 held=1 local_candidates=0 yaw=148.00
[depth_angular_controller-1] [INFO] [1791309998.900360384] [depth_angular_controller]: PAPER_BUILD reason=FULL_MOTION_CERTIFICATE required=0.0000 best=0.0000 free=0 refined=0 tubes=178 revoked_tubes=0 proofs=128
[depth_angular_controller-1] [INFO] [1791309998.900368389] [depth_angular_controller]: PAPER_EVIDENCE retained=16 balls=32 revoked_balls=0 expired_views=0 evicted_views=200 radius=0.580 clearance=0.000 best_prefix=0.000
[position_cmd_to_twist-2] [INFO] [1791309999.795740684] [position_cmd_to_twist]: [PERF BRIDGE] run=final_v22_spin_ego1p3_2 elapsed=70.84s received=3290 published=3290 fps(ros/wall)=59.91/57.89 controller_to_bridge_ms(mean/p50/p95/max)=0.132/0.000/0.000/50.000 bridge_process_ms(mean/p95/max)=0.089/0.112/0.655
[NAV] t=55.0s position=(-54.02,-16.31,2.32) yaw=-159.8deg command=(-1.32,0.11,-0.30) manual_active=1 collision_blocks=0
[depth_angular_controller-1] [INFO] [1791309999.877343050] [depth_angular_controller]: OMNI_DEPTH views=4 azimuth_bins=180 elevation_bins=37 valid=1 certificates=1 short=0 held=1 local_candidates=0 yaw=138.00
[depth_angular_controller-1] [INFO] [1791309999.879050249] [depth_angular_controller]: PAPER_BUILD reason=FULL_MOTION_CERTIFICATE required=0.0000 best=0.0000 free=0 refined=0 tubes=182 revoked_tubes=0 proofs=128
[depth_angular_controller-1] [INFO] [1791309999.879069495] [depth_angular_controller]: PAPER_EVIDENCE retained=16 balls=32 revoked_balls=0 expired_views=0 evicted_views=204 radius=0.580 clearance=0.000 best_prefix=0.000
[depth_angular_controller-1] [INFO] [1791310000.951859433] [depth_angular_controller]: PAPER_BUILD reason=FULL_MOTION_CERTIFICATE required=0.0000 best=0.0000 free=0 refined=0 tubes=186 revoked_tubes=0 proofs=128
[depth_angular_controller-1] [INFO] [1791310000.951897143] [depth_angular_controller]: PAPER_EVIDENCE retained=16 balls=32 revoked_balls=0 expired_views=0 evicted_views=208 radius=0.580 clearance=0.000 best_prefix=0.000
[depth_angular_controller-1] [INFO] [1791310000.964434475] [depth_angular_controller]: OMNI_DEPTH views=4 azimuth_bins=180 elevation_bins=37 valid=1 certificates=1 short=0 held=1 local_candidates=0 yaw=130.00
[depth_angular_controller-1] [INFO] [1791310002.248509423] [depth_angular_controller]: OMNI_DEPTH views=4 azimuth_bins=180 elevation_bins=37 valid=1 certificates=1 short=0 held=0 local_candidates=0 yaw=134.00
[depth_angular_controller-1] [INFO] [1791310002.251750775] [depth_angular_controller]: PAPER_BUILD reason=FULL_MOTION_CERTIFICATE required=0.0000 best=0.0000 free=0 refined=0 tubes=190 revoked_tubes=0 proofs=128
[depth_angular_controller-1] [INFO] [1791310002.251762156] [depth_angular_controller]: PAPER_EVIDENCE retained=16 balls=32 revoked_balls=0 expired_views=0 evicted_views=212 radius=0.580 clearance=0.000 best_prefix=0.000
[depth_angular_controller-1] [INFO] [1791310003.154303854] [depth_angular_controller]: [PERF CTRL] run=final_v22_spin_ego1p3_2 elapsed=74.31s callbacks=3448 commands=3447 guidance=3147 command_fps(ros/wall)=59.57/57.26 guidance_wall_fps=53.04 avoid_ms(mean/p50/p95/max)=1.506/0.423/6.871/70.848 cycle_ms(mean/p95/max)=17.465/24.929/90.360 depth_to_cmd_ms(mean/p95/max)=40.652/66.667/100.000 callback_to_publish_ms(mean/p95/max)=3.718/10.632/74.577
[depth_angular_controller-1] [INFO] [1791310003.154586285] [depth_angular_controller]: EVIDENCE_COST ingest(mean/p95/max)=2.144/7.649/17.110 record=0.113/0.970/4.111 ms
[depth_angular_controller-1] [INFO] [1791310003.154593979] [depth_angular_controller]: EVIDENCE_PHASE per_view_mean_ms balls=0.067 tubes=0.067 history=0.374 eviction=0.001
[depth_angular_controller-1] [INFO] [1791310003.275431802] [depth_angular_controller]: OMNI_DEPTH views=4 azimuth_bins=180 elevation_bins=37 valid=1 certificates=1 short=0 held=1 local_candidates=0 yaw=142.00
[depth_angular_controller-1] [INFO] [1791310003.276375315] [depth_angular_controller]: PAPER_BUILD reason=FULL_MOTION_CERTIFICATE required=0.0000 best=0.0000 free=0 refined=0 tubes=194 revoked_tubes=0 proofs=128
[depth_angular_controller-1] [INFO] [1791310003.276382929] [depth_angular_controller]: PAPER_EVIDENCE retained=16 balls=32 revoked_balls=0 expired_views=0 evicted_views=216 radius=0.580 clearance=0.000 best_prefix=0.000
[depth_angular_controller-1] [INFO] [1791310004.292386537] [depth_angular_controller]: OMNI_DEPTH views=4 azimuth_bins=180 elevation_bins=37 valid=1 certificates=1 short=0 held=0 local_candidates=0 yaw=-173.66
[depth_angular_controller-1] [INFO] [1791310004.292802008] [depth_angular_controller]: PAPER_BUILD reason=FULL_MOTION_CERTIFICATE required=0.0000 best=0.0000 free=0 refined=0 tubes=198 revoked_tubes=0 proofs=128
[depth_angular_controller-1] [INFO] [1791310004.292816546] [depth_angular_controller]: PAPER_EVIDENCE retained=16 balls=32 revoked_balls=0 expired_views=0 evicted_views=220 radius=0.580 clearance=0.000 best_prefix=0.000
[position_cmd_to_twist-2] [INFO] [1791310005.193716508] [position_cmd_to_twist]: [PERF BRIDGE] run=final_v22_spin_ego1p3_2 elapsed=76.23s received=3566 published=3566 fps(ros/wall)=59.52/57.30 controller_to_bridge_ms(mean/p50/p95/max)=0.486/0.000/0.000/83.333 bridge_process_ms(mean/p95/max)=0.089/0.112/0.655
[NAV] t=60.0s position=(-60.91,-11.95,1.58) yaw=100.3deg command=(-1.78,-0.17,0.00) manual_active=0 collision_blocks=0
[depth_angular_controller-1] [INFO] [1791310005.274468877] [depth_angular_controller]: ZERO_INTENT
[depth_angular_controller-1] [INFO] [1791310008.156618327] [depth_angular_controller]: [PERF CTRL] run=final_v22_spin_ego1p3_2 elapsed=79.31s callbacks=3748 commands=3747 guidance=3271 command_fps(ros/wall)=59.54/57.47 guidance_wall_fps=53.23 avoid_ms(mean/p50/p95/max)=1.483/0.427/6.626/70.848 cycle_ms(mean/p95/max)=17.402/24.764/90.360 depth_to_cmd_ms(mean/p95/max)=40.686/66.667/100.000 callback_to_publish_ms(mean/p95/max)=3.668/10.333/74.577
[depth_angular_controller-1] [INFO] [1791310008.156947185] [depth_angular_controller]: EVIDENCE_COST ingest(mean/p95/max)=2.178/7.642/20.225 record=0.112/0.960/4.111 ms
[depth_angular_controller-1] [INFO] [1791310008.156953527] [depth_angular_controller]: EVIDENCE_PHASE per_view_mean_ms balls=0.069 tubes=0.073 history=0.374 eviction=0.001
[MANUAL RESULT] TIMEOUT position=(-62.217,-12.077,1.580)
[PERF ISAAC FINAL] run=final_v22_spin_ego1p3_2 result=MANUAL_TIMEOUT wall=66.73s sim_frames=3843 fps(sim/wall)=60.03/57.59 command_changes=2828 collision_blocks=0 frame_interval_ms(mean/p50/p95/max)=17.222/15.999/17.970/79.534
[79.877s] Simulation App Shutting Down
[depth_angular_controller-1] [INFO] [1791310009.721109545] [rclcpp]: signal_handler(SIGINT/SIGTERM)
[position_cmd_to_twist-2] [INFO] [1791310009.722032470] [position_cmd_to_twist]: [PERF BRIDGE FINAL] run=final_v22_spin_ego1p3_2 elapsed=80.76s received=3812 published=3812 fps(ros/wall)=59.55/57.63 controller_to_bridge_ms(mean/p50/p95/max)=0.455/0.000/0.000/83.333 bridge_process_ms(mean/p95/max)=0.089/0.112/0.655
[position_cmd_to_twist-2] Failed to publish log message to rosout: publisher's context is invalid, at ./src/rcl/publisher.c:389
[depth_angular_controller-1] [INFO] [1791310009.722119153] [depth_angular_controller]: [PERF CTRL FINAL] run=final_v22_spin_ego1p3_2 elapsed=80.87s callbacks=3813 commands=3812 guidance=3271 command_fps(ros/wall)=59.55/57.63 guidance_wall_fps=53.23 avoid_ms(mean/p50/p95/max)=1.483/0.427/6.626/70.848 cycle_ms(mean/p95/max)=17.353/24.670/90.360 depth_to_cmd_ms(mean/p95/max)=40.686/66.667/100.000 callback_to_publish_ms(mean/p95/max)=3.640/10.248/74.577
[depth_angular_controller-1] [INFO] [1791310009.722372980] [depth_angular_controller]: EVIDENCE_COST ingest(mean/p95/max)=2.175/7.610/20.225 record=0.110/0.959/4.111 ms
[depth_angular_controller-1] [INFO] [1791310009.722375514] [depth_angular_controller]: EVIDENCE_PHASE per_view_mean_ms balls=0.069 tubes=0.073 history=0.373 eviction=0.001
[INFO] [depth_angular_controller-1]: process has finished cleanly [pid 199729]
[INFO] [position_cmd_to_twist-2]: process has finished cleanly [pid 199731]
