[PERF] run=p5_retain_20261008_goal_v2_ego1p5_1 log=/home/starry/isaac-data/EGO1P5/performance/retain_gains_20261008/closed_loop/p5_retain_20261008_goal/p5_retain_20261008_goal_goal_v2_1_performance.md
[INPUT] mode=goal scene_mode=cloud
[LOCK] Waiting for shared Isaac navigation slot
[INFO] [launch]: All log files can be found below /tmp/fov_gvf_ego1p5_isaac_ros_log/2026-10-08-10-15-30-301056-starry-System-Product-Name-331990
[INFO] [launch]: Default logging verbosity is set to INFO
[INFO] [depth_angular_controller-1]: process started with pid [332003]
[INFO] [position_cmd_to_twist-2]: process started with pid [332005]
[depth_angular_controller-1] [INFO] [1791425730.336804366] [depth_angular_controller]: PROCESSING_RATES control=60.0 Hz depth_limit=10.0 Hz (0=unlimited)
[depth_angular_controller-1] [INFO] [1791425730.338956871] [depth_angular_controller]: C++ controller commands publish on /position_cmd; horizontal views=4
[ROS CHECK] ROS_DOMAIN_ID=42 /position_cmd publishers=1
Type: pc_gvf_msgs/msg/PositionCommand
Publisher count: 1
Subscription count: 1
/depth_angular_controller
/position_cmd_to_twist
WARNING: All log messages before absl::InitializeLog() is called are written to STDERR
E0000 00:00:1791425731.283288  332057 descriptor_database.cc:633] File already exists in database: grpc/health/v1/health.proto
W0000 00:00:1791425731.283311  332057 message.cc:301] Protobuf GeneratedMessageFactory: File is already registered: grpc/health/v1/health.proto
2026-10-08T02:15:30Z [Info] [carb] Logging to file: /home/starry/isaac-data/isaacsim/kit/logs/Kit/Isaac-Sim Python/6.0/kit_20261008_101530.log
[0.044s] [ext: omni.assets.plugins-0.0.0] startup
[0.045s] [ext: omni.blobkey-1.1.2] startup
[0.045s] [ext: omni.kit.async_engine-0.0.3] startup
[0.314s] [ext: omni.client.lib-1.1.1] startup
[0.321s] [ext: omni.client-1.3.0] startup
[0.323s] [ext: omni.protobuf.lib-1.0.0] startup
[0.324s] [ext: omni.grpc.lib-1.0.0] startup
[0.327s] [ext: omni.metrics.core-0.0.3] startup
[0.327s] [ext: omni.datastore-0.0.0] startup
[0.328s] [ext: omni.gpu_foundation.shadercache.vulkan-1.0.0] startup
[0.330s] [ext: omni.hsscclient-1.1.4] startup
[0.330s] [ext: omni.stats-1.0.1] startup
[0.331s] [ext: omni.ujitso.default-1.0.0] startup
[0.333s] [ext: omni.gpu_foundation-0.0.0] startup
[0.462s] [ext: carb.windowing.plugins-1.0.1] startup
[0.462s] [ext: omni.kit.renderer.init-1.0.1] startup
2026-10-08T02:15:31Z [664ms] [Warning] [omni.rtx] Skipping unsupported non-NVIDIA GPU: AMD Unknown (RADV RAPHAEL_MENDOCINO)
2026-10-08T02:15:31Z [664ms] [Warning] [omni.rtx] Skipping unsupported non-NVIDIA GPU: AMD Unknown (RADV RAPHAEL_MENDOCINO)

|---------------------------------------------------------------------------------------------|
| Driver Version: 580.178.04    | Graphics API: Vulkan
|=============================================================================================|
| GPU | Name                             | Active | LDA | GPU Memory | Vendor-ID | LUID       |
|     |                                  |        |     |            | Device-ID | UUID       |
|     |                                  |        |     |            | Bus-ID    |            |
|---------------------------------------------------------------------------------------------|
| 0   | NVIDIA GeForce RTX 5070          | Yes: 0 |     | 12227   MB | 10de      | 0          |
|     |                                  |        |     |            | 2f04      | 348d89fe.. |
|     |                                  |        |     |            | 1         |            |
|---------------------------------------------------------------------------------------------|
| 1   | AMD Unknown (RADV RAPHAEL_MEND.. |        |     | 10755   MB | 1002      | 0          |
|     |                                  |        |     |            | 13c0      | 00000000.. |
|     |                                  |        |     |            | c         |            |
|=============================================================================================|
| OS: 22.04.5 LTS (Jammy Jellyfish) ubuntu, Version: 22.04.5, Kernel: 6.8.0-138-generic
| XServer Vendor: The X.Org Foundation, XServer Version: 12101004 (1.21.1.4)
| Processor: AMD Ryzen 5 9600X 6-Core Processor
| Cores: 6 | Logical Cores: 12
|---------------------------------------------------------------------------------------------|
| Total Memory (MB): 31241 | Free Memory: 21781
| Total Page/Swap (MB): 15624 | Free Page/Swap: 15624
|---------------------------------------------------------------------------------------------|
2026-10-08T02:15:31Z [871ms] [Warning] [omni.rtx] CPU performance profile is set to powersave. This profile sets the CPU to the lowest frequency reducing performance.
2026-10-08T02:15:31Z [880ms] [Warning] [omni.rtx] IOMMU is enabled.
[0.983s] [ext: omni.kit.pipapi-0.0.0] startup
[0.984s] [ext: omni.kit.pip_archive-0.0.0] startup
[0.984s] [ext: isaacsim.pip.newton-0.6.1] startup
[0.984s] [ext: omni.pip.compute-1.9.2] startup
[0.984s] [ext: omni.isaac.core_archive-5.3.1] startup
[0.984s] [ext: omni.kit.telemetry-0.5.2] startup
[1.004s] [ext: omni.kit.loop-isaac-1.6.0] startup
[1.005s] [ext: omni.kit.test-2.0.7] startup
[1.055s] [ext: omni.materialx.libs-1.0.9] startup
[1.061s] [ext: omni.gpucompute.plugins-0.0.0] startup
[1.062s] [ext: omni.usd.config-1.0.7] startup
[1.065s] [ext: omni.usd.libs-1.0.3] startup
[1.120s] [ext: omni.iray.libs-0.0.1] startup
[1.123s] [ext: omni.mdl-57.0.3] startup
[1.183s] [ext: omni.mdl.neuraylib-0.2.20] startup
[1.185s] [ext: omni.kit.usd.mdl-1.1.9] startup
[1.269s] [ext: omni.appwindow-1.2.2] startup
[1.270s] [ext: omni.kit.renderer.core-1.2.2] startup
2026-10-08T02:15:37Z [6,479ms] [Warning] [carb.windowing-glfw.gamepad] Joystick with unknown remapping detected (will be ignored):  BEITONG BEITONG A2P3A BFM DONGLE [03000000bc2000001c51000011010000]
[6.510s] [ext: omni.kit.renderer.capture-2.0.1] startup
[6.512s] [ext: omni.kit.renderer.imgui-2.0.6] startup
[6.548s] [ext: omni.ui-3.2.0] startup
[6.555s] [ext: omni.kit.mainwindow-1.0.3] startup
[6.556s] [ext: carb.audio-0.1.0] startup
[6.558s] [ext: omni.uiaudio-1.0.0] startup
[6.558s] [ext: omni.kit.uiapp-0.0.0] startup
[6.558s] [ext: omni.usd.schema.metrics.assembler-110.1.0] startup
[6.560s] [ext: omni.usd.schema.audio-0.0.1] startup
[6.563s] [ext: omni.usd_resolver-1.0.0] startup
[6.565s] [ext: omni.usd.core-1.8.3] startup
[6.567s] [ext: omni.metropolis.schema-0.0.3] startup
[6.568s] [ext: isaacsim.anim.robot.schema-0.1.1] startup
[6.568s] [ext: omni.usd.schema.anim-0.0.1] startup
[6.581s] [ext: omni.usd.schema.geospatial-0.0.1] startup
[6.583s] [ext: omni.usd.schema.omnigraph-1.0.1] startup
[6.587s] [ext: omni.usd.schema.semantics-0.0.0] startup
[6.588s] [ext: omni.activity.core-1.0.3] startup
[6.589s] [ext: omni.cubric-0.1.0] startup
[6.590s] [ext: omni.graph.exec-0.9.6] startup
[6.590s] [ext: omni.hydra.scene_delegate-0.3.5] startup
[6.592s] [ext: usdrt.scenegraph-7.6.3] startup
[6.610s] [ext: omni.hydra.usdrt_delegate-7.5.2] startup
[6.614s] [ext: omni.inspect-1.0.2] startup
[6.615s] [ext: omni.kit.actions.core-1.0.0] startup
[6.616s] [ext: omni.kit.audiodeviceenum-1.0.2] startup
[6.617s] [ext: omni.kit.commands-1.5.0] startup
[6.619s] [ext: omni.kit.exec.core-0.13.5] startup
[6.620s] [ext: omni.kit.usd_undo-0.1.8] startup
[6.621s] [ext: omni.kit.window.popup_dialog-2.0.25] startup
[6.623s] [ext: omni.kit.widget.nucleus_connector-2.3.1] startup
[6.625s] [ext: omni.timeline-1.1.0] startup
[6.627s] [ext: omni.usd-1.16.0] startup
[6.652s] [ext: omni.graph.core-3.1.2] startup
[6.655s] [ext: omni.kit.notification_manager-1.0.11] startup
[6.656s] [ext: isaacsim.core.deprecation_manager-0.4.2] startup
[6.657s] [ext: isaacsim.replicator.agent.schema-0.1.1] startup
[6.657s] [ext: isaacsim.robot.schema-6.3.7] startup
[6.661s] [ext: isaacsim.robot_motion.schema-0.2.1] startup
[6.662s] [ext: omni.anim.behavior.schema-110.1.0] startup
[6.665s] [ext: omni.anim.graph.schema-110.1.1] startup
[6.670s] [ext: omni.anim.navigation.schema-110.1.0] startup
[6.672s] [ext: omni.behavior.tree.schema-110.1.0] startup
[6.672s] [ext: omni.isaac.ml_archive-3.3.0] startup
[6.673s] [ext: omni.kit.asset_converter-6.0.1] startup
[6.681s] [ext: omni.pip.cloud-1.5.4] startup
[6.683s] [ext: omni.usd.schema.flow-110.0.0] startup
[6.684s] [ext: omni.usd.schema.mujoco-1.1.1] startup
[6.684s] [ext: omni.usd.schema.newton-1.2.1] startup
[6.685s] [ext: omni.usd.schema.omni_lens_distortion-1.0.0] startup
[6.685s] [ext: omni.usd.schema.omni_projectors-1.0.0] startup
[6.686s] [ext: omni.usd.schema.omni_sensors-0.0.0] startup
[6.692s] [ext: omni.usd.schema.omniscripting-1.0.1] startup
[6.695s] [ext: omni.usd.schema.physical_lighting-0.1.0] startup
[6.697s] [ext: omni.usd.schema.physx-110.1.13] startup
[6.721s] [ext: omni.usd.schema.render_settings.rtx-1.0.2] startup
[6.724s] [ext: omni.usd.schema.usd_particle_field-1.0.0] startup
[6.724s] [ext: isaacsim.core.version-2.1.1] startup
[6.725s] [ext: omni.kit.menu.core-1.2.0] startup
[6.725s] [ext: omni.kit.menu.utils-2.2.4] startup
[6.731s] [ext: isaacsim.app.about-2.3.1] startup
[6.734s] [ext: isaacsim.asset.transformer-1.2.5] startup
[6.737s] [ext: omni.scene.optimizer.core-110.1.0] startup
[6.766s] [ext: isaacsim.asset.importer.utils-1.8.1] startup
[6.768s] [ext: omni.convexdecomposition-110.1.13] startup
[6.770s] [ext: omni.physics-110.1.13] startup
[6.772s] [ext: omni.physx.gpu-110.1.13] startup
[6.772s] [ext: omni.physx.foundation-110.1.13] startup
[6.773s] [ext: omni.usdphysics-110.1.13] startup
[6.774s] [ext: omni.physx.cooking-110.1.13] startup
[6.776s] [ext: omni.physx-110.1.13] startup
[6.783s] [ext: omni.physics.physx-110.1.13] startup
[6.784s] [ext: isaacsim.asset.exporter.urdf-2.0.5] startup
[6.790s] [ext: omni.kit.clipboard-1.1.1] startup
[6.791s] [ext: omni.kit.usd.layers-2.6.1] startup
[6.796s] [ext: omni.kit.widget.context_menu-1.4.0] startup
[6.797s] [ext: omni.kit.context_menu-1.9.0] startup
[6.798s] [ext: omni.kit.helper.file_utils-0.1.10] startup
[6.799s] [ext: omni.kit.widget.nucleus_info-2.0.2] startup
[6.799s] [ext: omni.kit.search_core-1.0.8] startup
[6.800s] [ext: omni.kit.widget.path_field-2.0.13] startup
[6.800s] [ext: omni.kit.widget.browser_bar-2.0.10] startup
[6.801s] [ext: omni.kit.widget.filebrowser-2.13.4] startup
[6.804s] [ext: omni.kit.widget.options_menu-1.1.6] startup
[6.806s] [ext: omni.kit.widget.options_button-1.0.3] startup
[6.806s] [ext: omni.kit.widget.search_delegate-1.0.9] startup
[6.807s] [ext: omni.ui.scene-2.0.3] startup
[6.810s] [ext: omni.kit.window.filepicker-2.15.5] startup
[6.820s] [ext: omni.kit.window.file_importer-1.1.21] startup
[6.822s] [ext: omni.kit.material.library-3.1.2] startup
[6.825s] [ext: isaacsim.asset.transformer.rules-1.7.10] startup
[6.833s] [ext: omni.usdex.libs-2.2.2] startup
[6.839s] [ext: isaacsim.asset.importer.mjcf-3.10.1] startup
[6.840s] [ext: isaacsim.asset.importer.urdf-3.11.2] startup
[6.843s] [ext: omni.kit.primitive.mesh-1.1.0] startup
[6.845s] [ext: omni.kit.stage_template.core-1.1.22] startup
[6.845s] [ext: omni.kit.stage_templates-2.0.2] startup
[6.846s] [ext: omni.usd.metrics.assembler-110.1.2] startup
[6.848s] [ext: omni.warp.core-1.13.0] startup
[7.028s] [ext: isaacsim.core.experimental.utils-0.17.2] startup
[7.029s] [ext: omni.physics.stageupdate-110.1.13] startup
[7.030s] [ext: omni.physics.tensors-110.1.13] startup
[7.034s] [ext: omni.physx.tensors-110.1.13] startup
[7.036s] [ext: isaacsim.core.simulation_manager-1.15.6] startup
[7.046s] [ext: isaacsim.storage.native-1.9.3] startup
[7.047s] [ext: omni.usd.metrics.assembler.physics-110.1.13] startup
[7.049s] [ext: isaacsim.core.utils-4.1.7] startup
[7.050s] [ext: isaacsim.core.prims-0.11.7] startup
[7.915s] [ext: isaacsim.core.api-5.2.13] startup
[7.921s] [ext: isaacsim.core.cloner-1.7.3] startup
[7.921s] [ext: isaacsim.test.docstring-1.3.2] startup
[7.923s] [ext: isaacsim.core.experimental.prims-1.8.9] startup
[7.942s] [ext: isaacsim.core.experimental.primdata-0.3.2] startup
[7.944s] [ext: omni.graph.tools-1.81.0] startup
[7.962s] [ext: omni.graph-1.142.5] startup
[7.994s] [ext: isaacsim.core.experimental.actuators-0.1.2] startup
[8.008s] [ext: isaacsim.core.experimental.materials-0.7.1] startup
[8.010s] [ext: isaacsim.core.experimental.objects-0.8.1] startup
[8.061s] [ext: omni.hydra.engine.stats-1.0.5] startup
[8.063s] [ext: omni.hydra.rtx.shadercache.vulkan-1.0.0] startup
[8.064s] [ext: omni.index.libs-387500.4413.0] startup
[8.064s] [ext: omni.index-1.0.1] startup
[8.064s] [ext: omni.ujitso.client-0.0.0] startup
[8.064s] [ext: omni.usd.schema.playback-1.0.0] startup
[8.067s] [ext: omni.volume-0.5.2] startup
[8.071s] [ext: omni.hydra.rtx-1.0.4] startup
2026-10-08T02:15:39Z [8,060ms] [Warning] [omni.log] Source: omni.hydra was already registered.
[8.091s] [ext: omni.kit.hydra_texture-1.6.0] startup
[8.094s] [ext: omni.kit.raycast.query-1.2.0] startup
[8.097s] [ext: omni.kit.viewport.legacy_gizmos-1.0.24] startup
[8.099s] [ext: omni.kit.viewport.registry-104.0.6] startup
[8.100s] [ext: omni.kit.viewport.scene_camera_model-1.0.7] startup
[8.102s] [ext: omni.kit.widget.viewport-109.2.0] startup
[8.105s] [ext: omni.kit.window.drop_support-1.0.8] startup
[8.106s] [ext: omni.kit.viewport.window-109.0.2] startup
[8.119s] [ext: omni.kit.viewport.utility-2.0.1] startup
[8.120s] [ext: isaacsim.core.rendering_manager-0.4.3] startup
[8.139s] [ext: omni.graph.action_core-1.1.9] startup
[8.141s] [ext: omni.graph.action_nodes_core-2.11.0] startup
[8.142s] [ext: omni.graph.action_nodes-2.11.0] startup
[8.158s] [ext: omni.graph.action-2.10.2] startup
[8.159s] [ext: omni.graph.image.core-0.6.1] startup
[8.159s] [ext: omni.graph.image.nodes-1.3.1] startup
[8.160s] [ext: omni.graph.nodes_core-2.11.0] startup
[8.164s] [ext: omni.graph.nodes-2.12.0] startup
[8.170s] [ext: omni.kit.hotkeys.core-1.3.12] startup
[8.171s] [ext: omni.kit.property.adapter.core-1.1.1] startup
[8.173s] [ext: omni.kit.property.adapter.usd-1.0.5] startup
[8.174s] [ext: omni.kit.widget.filter-1.1.5] startup
[8.175s] [ext: omni.kit.widget.highlight_label-1.0.3] startup
[8.176s] [ext: omni.kit.widget.searchfield-1.1.8] startup
[8.177s] [ext: omni.kit.window.file_exporter-1.0.36] startup
[8.178s] [ext: omni.kit.widget.stage-4.4.0] startup
[8.184s] [ext: omni.kit.window.content_browser_registry-0.0.6] startup
[8.185s] [ext: omni.kit.window.file-2.0.10] startup
[8.188s] [ext: omni.kit.window.content_browser-3.1.8] startup
[8.196s] [ext: omni.kit.window.property-1.15.1] startup
[8.204s] [ext: omni.kit.property.usd-4.9.4] startup
[8.213s] [ext: omni.graph.scriptnode-2.10.2] startup
[8.220s] [ext: omni.kit.widget.searchable_combobox-1.0.7] startup
[8.221s] [ext: omni.kit.widget.settings-2.0.0] startup
[8.223s] [ext: omni.kit.window.preferences-1.8.3] startup
[8.227s] [ext: omni.kit.viewport.menubar.core-107.2.2] startup
[8.237s] [ext: omni.syntheticdata-0.6.15] startup
[8.259s] [ext: omni.replicator.nv-1.1.1] startup
[8.263s] [ext: omni.videoencoding-0.2.1] startup
[8.265s] [ext: omni.replicator.core-1.13.27] startup
2026-10-08T02:15:39Z [8,251ms] [Warning] [pxr.Semantics] pxr.Semantics is deprecated - please use Semantics instead
2026-10-08T02:15:39Z [8,316ms] [Warning] [omni.replicator.core.scripts.extension] No material configuration file, adding configuration to material settings directly.
[8.461s] [ext: isaacsim.core.nodes-5.10.5] startup
[8.486s] [ext: isaacsim.core.throttling-2.3.5] startup
[8.487s] [ext: omni.kit.manipulator.viewport-107.0.1] startup
[8.488s] [ext: omni.graph.visualization.nodes-2.1.4] startup
[8.499s] [ext: omni.kit.window.extensions-1.5.10] startup
[8.504s] [ext: isaacsim.gui.components-1.8.5] startup
[8.507s] [ext: isaacsim.robot.surface_gripper-3.6.2] startup
[8.517s] [ext: isaacsim.robot.manipulators-3.4.4] startup
[8.526s] [ext: isaacsim.robot_motion.lula-4.1.3] startup
[8.531s] [ext: isaacsim.robot_motion.motion_generation-8.2.9] startup
[8.535s] [ext: isaacsim.cortex.framework-1.0.18] startup
[8.536s] [ext: isaacsim.cortex.behaviors-2.0.17] startup
[8.538s] [ext: isaacsim.examples.base-1.3.2] startup
[8.539s] [ext: omni.kit.widget.zoombar-1.0.7] startup
[8.539s] [ext: omni.kit.browser.core-2.3.18] startup
[8.542s] [ext: omni.kit.browser.folder.core-2.0.2] startup
[8.545s] [ext: omni.kit.widget.stage_icons-1.0.8] startup
[8.546s] [ext: omni.kit.window.stage-2.6.1] startup
[8.549s] [ext: omni.kit.menu.stage-1.2.7] startup
[8.550s] [ext: omni.kit.usd.collect-3.0.6] startup
[8.552s] [ext: omni.kit.widget.prompt-1.0.7] startup
[8.553s] [ext: omni.kit.tool.collect-2.2.19] startup
[8.555s] [ext: isaacsim.examples.browser-0.3.2] startup
[8.556s] [ext: omni.kit.search.files-1.0.4] startup
[8.557s] [ext: omni.kit.widget.calendar-1.0.9] startup
[8.558s] [ext: omni.kit.widget.extended_searchfield-1.0.31] startup
[8.564s] [ext: omni.simready.content.browser-0.3.7] startup
[8.649s] [ext: isaacsim.gui.content_browser-0.4.3] startup
[8.652s] [ext: omni.kit.selection-0.1.6] startup
[8.653s] [ext: isaacsim.gui.menu-2.10.5] startup
[8.660s] [ext: isaacsim.gui.property-1.6.4] startup
[8.665s] [ext: omni.kit.viewport.actions-110.0.0] startup
[8.669s] [ext: omni.kit.viewport.menubar.display-107.1.3] startup
[8.670s] [ext: isaacsim.gui.sensors.icon-2.2.1] startup
[8.673s] [ext: omni.behavior.scripting.core-110.1.0] startup
[8.675s] [ext: isaacsim.replicator.behavior-1.5.4] startup
[8.676s] [ext: isaacsim.replicator.experimental.domain_randomization-1.2.5] startup
[8.689s] [ext: isaacsim.replicator.domain_randomization-1.2.2] startup
[8.754s] [ext: isaacsim.replicator.writers-1.5.4] startup
[8.775s] [ext: isaacsim.robot.experimental.wheeled_robots-0.2.11] startup
[8.795s] [ext: isaacsim.robot.policy.examples-5.2.12] startup
[8.812s] [ext: isaacsim.robot.wheeled_robots-5.2.4] startup
[8.816s] [ext: isaacsim.robot.wheeled_robots.nodes-0.1.5] startup
[8.832s] [ext: isaacsim.robot_motion.experimental.motion_generation-6.1.3] startup
[8.842s] [ext: isaacsim.robot_motion.cumotion-1.3.1] startup
[8.853s] [ext: omni.kit.numpy.common-0.1.3] startup
[8.855s] [ext: isaacsim.sensors.camera-1.7.9] startup
[8.882s] [ext: isaacsim.sensors.experimental.physics-3.0.2] startup
[8.888s] [ext: omni.sensors.net-1.0.1] startup
[8.890s] [ext: omni.sensors.nv.common-3.0.0] startup
[8.899s] [ext: omni.sensors.nv.materials-2.0.0] startup
[8.901s] [ext: omni.sensors.nv.acoustic-3.0.0] startup
[8.903s] [ext: omni.sensors.nv.ids-2.0.1] startup
[8.905s] [ext: omni.sensors.nv.lidar-3.0.0] startup
[8.908s] [ext: omni.sensors.nv.radar-3.0.0] startup
[8.910s] [ext: isaacsim.sensors.experimental.rtx-1.4.6] startup
[9.138s] [ext: isaacsim.sensors.physics.nodes-1.5.3] startup
[9.143s] [ext: isaacsim.util.debug_draw-3.2.3] startup
[9.147s] [ext: isaacsim.sensors.physx-2.5.5] startup
[9.153s] [ext: isaacsim.sensors.rtx-15.17.1] startup
[9.162s] [ext: isaacsim.simulation_app-2.18.4] startup
[9.162s] [ext: omni.anim.curve.core-1.6.0] startup
[9.170s] [ext: omni.graph.ui_nodes-2.11.1] startup
[9.190s] [ext: omni.hydra.scene_api-0.1.3] startup
[9.193s] [ext: omni.kit.manipulator.camera-110.0.0] startup
[9.196s] [ext: omni.kit.manipulator.selector-1.1.4] startup
[9.197s] [ext: omni.kit.manipulator.transform-107.0.0] startup
[9.201s] [ext: omni.kit.widget.toolbar-2.1.0] startup
[9.206s] [ext: omni.kit.manipulator.tool.snap-1.5.14] startup
[9.209s] [ext: omni.kit.viewport.manipulator.transform-107.0.4] startup
[9.211s] [ext: omni.kit.manipulator.prim.core-108.0.2] startup
[9.216s] [ext: omni.kit.manipulator.prim.usd-107.0.3] startup
[9.217s] [ext: omni.kit.manipulator.prim-108.0.0] startup
[9.217s] [ext: omni.kit.manipulator.selection-109.0.1] startup
[9.218s] [ext: omni.kit.menu.create-2.0.2] startup
[9.220s] [ext: omni.kit.property.audio-1.0.16] startup
[9.223s] [ext: omni.kit.property.camera-1.0.14] startup
[9.224s] [ext: omni.kit.property.geometry-2.1.2] startup
[9.227s] [ext: omni.kit.property.light-1.0.14] startup
2026-10-08T02:15:40Z [9,226ms] [Warning] [omni.usd] Encountered USD Warnings but USD Diagnostics are currently muted. To view USD Warnings, please set the '/persistent/app/usd/muteUsdDiagnostics' setting to false in Preferences page.
[9.252s] [ext: omni.kit.property.material-1.14.6] startup
[9.257s] [ext: omni.kit.property.render-1.2.2] startup
[9.258s] [ext: omni.kit.property.transform-1.6.9] startup
[9.261s] [ext: omni.kit.property.bundle-1.5.1] startup
[9.262s] [ext: omni.kit.usdz_export-1.1.0] startup
[9.264s] [ext: omni.kit.tool.asset_importer-6.0.1] startup
[9.268s] [ext: omni.kit.ui.actions-1.0.5] startup
[9.270s] [ext: omni.kit.viewport.menubar.camera-107.0.10] startup
[9.274s] [ext: omni.kit.viewport.menubar.lighting-107.3.2] startup
[9.276s] [ext: omni.kit.viewport.menubar.render-110.0.0] startup
[9.278s] [ext: omni.kit.viewport.menubar.settings-110.0.1] startup
[9.280s] [ext: omni.kit.window.console-1.1.9] startup
[9.284s] [ext: omni.kit.window.status_bar-0.1.11] startup
[9.286s] [ext: omni.kit.window.toolbar-3.0.3] startup
[9.287s] [ext: omni.ocio-0.1.1] startup
[9.288s] [ext: omni.physx.commands-110.1.13] startup
[9.291s] [ext: omni.replicator.replicator_yaml-2.0.12] startup
[9.300s] [ext: omni.rtx.window.settings-0.8.0] startup
[9.304s] [ext: omni.rtx.settings.core-0.7.1] startup
[9.307s] [ext: omni.usd.metrics.assembler.ui-110.1.1] startup
[9.313s] [ext: semantics.schema.editor-2.0.2] startup
[9.315s] [ext: semantics.schema.property-2.0.2] startup
[9.316s] [ext: omni.kit.menu.common-2.0.2] startup
[9.318s] [ext: isaacsim.exp.base-6.0.1] startup
[9.318s] [ext: isaacsim.exp.base.python-6.0.1] startup
[9.319s] Simulation App Starting
[10.360s] Simulation App Startup Complete
[10.365s] app ready
Starting kit application with the following args:  ['/home/starry/isaac-data/isaacsim/exts/isaacsim.simulation_app/isaacsim/simulation_app/simulation_app.py', '/home/starry/isaac-data/isaacsim/apps/isaacsim.exp.base.python.kit', '--/app/tokens/exe-path=/home/starry/isaac-data/isaacsim/kit', '--/persistent/app/viewport/displayOptions=3094', '--/rtx/materialDb/syncLoads=True', '--/rtx/hydra/materialSyncLoads=True', '--/omni/kit/plugin/syncUsdLoads=True', '--/app/renderer/resolution/width=1280', '--/app/renderer/resolution/height=720', '--/app/window/width=1440', '--/app/window/height=900', '--/renderer/multiGpu/enabled=False', '--/app/fastShutdown=True', '--/app/installSignalHandlers=0', '--ext-folder', '/home/starry/isaac-data/isaacsim/exts', '--ext-folder', '/home/starry/isaac-data/isaacsim/apps', '--/renderer/activeGpu=0', '--/physics/cudaDevice=0', '--/plugins/carb.tasking.plugin/threadCount=12', '--/plugins/omni.tbb.globalcontrol/maxThreadCount=12', '--portable', '--no-window', '--/app/window/hideUi=1']
Passing the following args to the base kit application:  []
Warp 1.13.0 initialized:
   CUDA Toolkit 12.9, Driver 13.0
   Devices:
     "cpu"      : "x86_64"
     "cuda:0"   : "NVIDIA GeForce RTX 5070" (11 GiB, sm_120, mempool enabled)
   Kernel cache:
     /home/starry/.cache/warp/1.13.0
[LIGHTING] sun=800.0 (1) dome=0.0 (1) ambient=0.05 constant_color=(0.6, 0.65, 0.7)
[RENDER] mode=MinimalRendering minimal_shading_mode=2 anti_aliasing=TAA
[DEPTH CAMERAS] count=4 resolution_each=320x240 horizontal_coverage=360deg
[ESDF] path=/home/starry/isaac-data/EGO1P5/scenes/ego_swarm_cloud/occupancy.bin shape=(400, 300, 50) resolution=0.40m
[depth_angular_controller-1] [INFO] [1791425743.658771227] [depth_angular_controller]: WAITING_ODOMETRY
[NAV] t=0.0s position=(-64.00,-11.20,2.80) yaw=1.2deg command=(0.00,0.00,0.00) manual_active=0 collision_blocks=0
[depth_angular_controller-1] [INFO] [1791425744.028655836] [depth_angular_controller]: WAITING_VERIFIED_START_POSE
[depth_angular_controller-1] [INFO] [1791425744.066195985] [depth_angular_controller]: VERIFIED_FREE_SEED center=(-64.000,-11.200,2.800) radius=2.500 balls=1: verified fixed Cloud free ball; USD and occupancy SHA-256 matched
[depth_angular_controller-1] [INFO] [1791425744.066754134] [depth_angular_controller]: ZERO_INTENT
[depth_angular_controller-1] [INFO] [1791425745.882060903] [depth_angular_controller]: OMNI_DEPTH views=4 azimuth_bins=180 elevation_bins=37 valid=1 certificates=0 short=0 held=0 local_candidates=3 yaw=31.36
[depth_angular_controller-1] [INFO] [1791425745.882854374] [depth_angular_controller]: DEPTH_PROPOSAL_CERTIFIED
[depth_angular_controller-1] [INFO] [1791425745.882873921] [depth_angular_controller]: PAPER_BUILD reason=FULL_MOTION_CERTIFICATE required=0.0000 best=0.0000 free=0 refined=0 tubes=0 revoked_tubes=0 proofs=0
[depth_angular_controller-1] [INFO] [1791425745.882881736] [depth_angular_controller]: PAPER_EVIDENCE retained=8 balls=1 revoked_balls=0 expired_views=0 evicted_views=0 radius=0.580 clearance=0.000 best_prefix=0.000
[depth_angular_controller-1] [INFO] [1791425746.828522060] [depth_angular_controller]: OMNI_DEPTH views=4 azimuth_bins=180 elevation_bins=37 valid=1 certificates=0 short=0 held=0 local_candidates=3 yaw=21.27
[depth_angular_controller-1] [INFO] [1791425746.828614804] [depth_angular_controller]: PAPER_BUILD reason=FULL_MOTION_CERTIFICATE required=0.0000 best=0.0000 free=0 refined=0 tubes=1 revoked_tubes=0 proofs=53
[depth_angular_controller-1] [INFO] [1791425746.828622108] [depth_angular_controller]: PAPER_EVIDENCE retained=12 balls=4 revoked_balls=0 expired_views=0 evicted_views=0 radius=0.580 clearance=0.000 best_prefix=0.000
[10.892s] [ext: isaacsim.sensors.rtx.nodes-0.1.2] startup
[10.900s] [ext: isaacsim.ros2.core-1.9.4] startup
[10.914s] Attempting to load system rclpy
[10.914s] Could not import system rclpy: No module named 'rclpy'
[10.914s] Attempting to load internal rclpy for ROS Distro: humble
[10.925s] rclpy loaded
[10.929s] [ext: isaacsim.ros2.nodes-1.18.13] startup
[10.963s] [ext: isaacsim.ros2.examples-1.2.4] startup
[10.968s] [ext: isaacsim.ros2.ui-1.6.5] startup
[11.174s] [ext: isaacsim.ros2.bridge-5.1.2] startup
2026-10-08T02:15:44Z [13,091ms] [Warning] [omni.timeline.plugin] Deprecated: direct use of ITimeline callbacks is deprecated. Use ITimeline::getTimeline (Python: omni.timeline.get_timeline_interface) instead.
[depth_angular_controller-1] [INFO] [1791425747.976076012] [depth_angular_controller]: OMNI_DEPTH views=4 azimuth_bins=180 elevation_bins=37 valid=1 certificates=0 short=0 held=0 local_candidates=3 yaw=8.86
[depth_angular_controller-1] [INFO] [1791425747.976329218] [depth_angular_controller]: PAPER_BUILD reason=FULL_MOTION_CERTIFICATE required=0.0000 best=0.0000 free=0 refined=0 tubes=4 revoked_tubes=0 proofs=97
[depth_angular_controller-1] [INFO] [1791425747.976336722] [depth_angular_controller]: PAPER_EVIDENCE retained=16 balls=15 revoked_balls=0 expired_views=0 evicted_views=0 radius=0.580 clearance=0.000 best_prefix=0.000
[position_cmd_to_twist-2] [INFO] [1791425748.988901368] [position_cmd_to_twist]: [PERF BRIDGE] run=p5_retain_20261008_goal_v2_ego1p5_1 elapsed=18.53s received=295 published=295 fps(ros/wall)=60.00/59.52 controller_to_bridge_ms(mean/p50/p95/max)=0.000/0.000/0.000/0.000 bridge_process_ms(mean/p95/max)=0.089/0.113/0.599
[depth_angular_controller-1] [INFO] [1791425749.034317980] [depth_angular_controller]: [PERF CTRL] run=p5_retain_20261008_goal_v2_ego1p5_1 elapsed=18.70s callbacks=300 commands=299 guidance=179 command_fps(ros/wall)=60.00/59.53 guidance_wall_fps=56.46 avoid_ms(mean/p50/p95/max)=1.320/0.916/3.541/6.085 cycle_ms(mean/p95/max)=16.798/20.721/81.240 depth_to_cmd_ms(mean/p95/max)=56.145/100.000/100.000 callback_to_publish_ms(mean/p95/max)=2.080/6.214/14.008
[depth_angular_controller-1] [INFO] [1791425749.034378013] [depth_angular_controller]: EVIDENCE_COST ingest(mean/p95/max)=1.203/4.886/13.524 record=0.010/0.014/0.031 ms
[depth_angular_controller-1] [INFO] [1791425749.034383122] [depth_angular_controller]: EVIDENCE_PHASE per_view_mean_ms balls=0.066 tubes=0.007 history=0.203 eviction=0.000
[NAV] t=5.0s position=(-60.35,-10.16,2.95) yaw=9.7deg command=(1.97,0.34,-0.03) manual_active=1 collision_blocks=0
[depth_angular_controller-1] [INFO] [1791425749.062522836] [depth_angular_controller]: OMNI_DEPTH views=4 azimuth_bins=180 elevation_bins=37 valid=1 certificates=0 short=0 held=0 local_candidates=3 yaw=19.34
[depth_angular_controller-1] [INFO] [1791425749.063808953] [depth_angular_controller]: PAPER_BUILD reason=FULL_MOTION_CERTIFICATE required=0.0000 best=0.0000 free=0 refined=0 tubes=8 revoked_tubes=0 proofs=128
[depth_angular_controller-1] [INFO] [1791425749.063825584] [depth_angular_controller]: PAPER_EVIDENCE retained=16 balls=31 revoked_balls=0 expired_views=0 evicted_views=4 radius=0.580 clearance=0.000 best_prefix=0.000
[depth_angular_controller-1] [INFO] [1791425750.021736268] [depth_angular_controller]: OMNI_DEPTH views=4 azimuth_bins=180 elevation_bins=37 valid=1 certificates=0 short=0 held=0 local_candidates=1 yaw=9.70
[depth_angular_controller-1] [INFO] [1791425750.022133294] [depth_angular_controller]: PAPER_BUILD reason=FULL_MOTION_CERTIFICATE required=0.0000 best=0.0000 free=0 refined=0 tubes=12 revoked_tubes=0 proofs=128
[depth_angular_controller-1] [INFO] [1791425750.022146328] [depth_angular_controller]: PAPER_EVIDENCE retained=16 balls=32 revoked_balls=0 expired_views=0 evicted_views=8 radius=0.580 clearance=0.000 best_prefix=0.000
[depth_angular_controller-1] [INFO] [1791425751.042967711] [depth_angular_controller]: OMNI_DEPTH views=4 azimuth_bins=180 elevation_bins=37 valid=1 certificates=0 short=0 held=0 local_candidates=1 yaw=9.69
[depth_angular_controller-1] [INFO] [1791425751.043203193] [depth_angular_controller]: PAPER_BUILD reason=FULL_MOTION_CERTIFICATE required=0.0000 best=0.0000 free=0 refined=0 tubes=17 revoked_tubes=0 proofs=128
[depth_angular_controller-1] [INFO] [1791425751.043211439] [depth_angular_controller]: PAPER_EVIDENCE retained=16 balls=32 revoked_balls=0 expired_views=0 evicted_views=12 radius=0.580 clearance=0.000 best_prefix=0.000
[depth_angular_controller-1] [INFO] [1791425752.138791617] [depth_angular_controller]: OMNI_DEPTH views=4 azimuth_bins=180 elevation_bins=37 valid=1 certificates=0 short=0 held=0 local_candidates=3 yaw=8.80
[depth_angular_controller-1] [INFO] [1791425752.139009356] [depth_angular_controller]: PAPER_BUILD reason=FULL_MOTION_CERTIFICATE required=0.0000 best=0.0000 free=0 refined=0 tubes=21 revoked_tubes=0 proofs=128
[depth_angular_controller-1] [INFO] [1791425752.139014896] [depth_angular_controller]: PAPER_EVIDENCE retained=16 balls=32 revoked_balls=0 expired_views=0 evicted_views=16 radius=0.580 clearance=0.000 best_prefix=0.000
[depth_angular_controller-1] [INFO] [1791425753.161276425] [depth_angular_controller]: OMNI_DEPTH views=4 azimuth_bins=180 elevation_bins=37 valid=1 certificates=0 short=0 held=0 local_candidates=2 yaw=-3.47
[depth_angular_controller-1] [INFO] [1791425753.161824285] [depth_angular_controller]: PAPER_BUILD reason=FULL_MOTION_CERTIFICATE required=0.0000 best=0.0000 free=0 refined=0 tubes=25 revoked_tubes=0 proofs=128
[depth_angular_controller-1] [INFO] [1791425753.161847328] [depth_angular_controller]: PAPER_EVIDENCE retained=16 balls=32 revoked_balls=0 expired_views=0 evicted_views=18 radius=0.580 clearance=0.000 best_prefix=0.000
[depth_angular_controller-1] [INFO] [1791425754.035572561] [depth_angular_controller]: [PERF CTRL] run=p5_retain_20261008_goal_v2_ego1p5_1 elapsed=23.70s callbacks=591 commands=590 guidance=470 command_fps(ros/wall)=60.00/58.86 guidance_wall_fps=57.52 avoid_ms(mean/p50/p95/max)=1.453/1.115/3.703/14.714 cycle_ms(mean/p95/max)=16.990/23.061/81.240 depth_to_cmd_ms(mean/p95/max)=49.362/100.000/100.000 callback_to_publish_ms(mean/p95/max)=2.913/7.987/15.365
[depth_angular_controller-1] [INFO] [1791425754.035654665] [depth_angular_controller]: EVIDENCE_COST ingest(mean/p95/max)=1.657/6.555/13.524 record=0.020/0.018/0.521 ms
[depth_angular_controller-1] [INFO] [1791425754.035660677] [depth_angular_controller]: EVIDENCE_PHASE per_view_mean_ms balls=0.075 tubes=0.039 history=0.277 eviction=0.000
[position_cmd_to_twist-2] [INFO] [1791425754.115869324] [position_cmd_to_twist]: [PERF BRIDGE] run=p5_retain_20261008_goal_v2_ego1p5_1 elapsed=23.67s received=595 published=595 fps(ros/wall)=60.00/58.93 controller_to_bridge_ms(mean/p50/p95/max)=0.084/0.000/0.000/16.667 bridge_process_ms(mean/p95/max)=0.089/0.113/0.599
[NAV] t=10.0s position=(-50.53,-8.87,2.43) yaw=9.9deg command=(1.98,-0.19,-0.17) manual_active=1 collision_blocks=0
[depth_angular_controller-1] [INFO] [1791425754.196477702] [depth_angular_controller]: OMNI_DEPTH views=4 azimuth_bins=180 elevation_bins=37 valid=1 certificates=0 short=0 held=0 local_candidates=3 yaw=-6.35
[depth_angular_controller-1] [INFO] [1791425754.196819494] [depth_angular_controller]: PAPER_BUILD reason=FULL_MOTION_CERTIFICATE required=0.0000 best=0.0000 free=0 refined=0 tubes=29 revoked_tubes=0 proofs=128
[depth_angular_controller-1] [INFO] [1791425754.196828842] [depth_angular_controller]: PAPER_EVIDENCE retained=16 balls=32 revoked_balls=0 expired_views=0 evicted_views=22 radius=0.580 clearance=0.000 best_prefix=0.000
[depth_angular_controller-1] [INFO] [1791425755.288777234] [depth_angular_controller]: OMNI_DEPTH views=4 azimuth_bins=180 elevation_bins=37 valid=1 certificates=0 short=0 held=0 local_candidates=2 yaw=-9.24
[depth_angular_controller-1] [INFO] [1791425755.289025100] [depth_angular_controller]: PAPER_BUILD reason=FULL_MOTION_CERTIFICATE required=0.0000 best=0.0000 free=0 refined=0 tubes=33 revoked_tubes=0 proofs=128
[depth_angular_controller-1] [INFO] [1791425755.289031101] [depth_angular_controller]: PAPER_EVIDENCE retained=16 balls=32 revoked_balls=0 expired_views=0 evicted_views=26 radius=0.580 clearance=0.000 best_prefix=0.000
[depth_angular_controller-1] [INFO] [1791425756.507702937] [depth_angular_controller]: OMNI_DEPTH views=4 azimuth_bins=180 elevation_bins=37 valid=1 certificates=0 short=0 held=0 local_candidates=2 yaw=-19.16
[depth_angular_controller-1] [INFO] [1791425756.507999815] [depth_angular_controller]: PAPER_BUILD reason=FULL_MOTION_CERTIFICATE required=0.0000 best=0.0000 free=0 refined=0 tubes=37 revoked_tubes=0 proofs=128
[depth_angular_controller-1] [INFO] [1791425756.508008651] [depth_angular_controller]: PAPER_EVIDENCE retained=16 balls=32 revoked_balls=0 expired_views=0 evicted_views=30 radius=0.580 clearance=0.000 best_prefix=0.000
[depth_angular_controller-1] [INFO] [1791425757.615454248] [depth_angular_controller]: OMNI_DEPTH views=4 azimuth_bins=180 elevation_bins=37 valid=1 certificates=0 short=0 held=0 local_candidates=3 yaw=11.88
[depth_angular_controller-1] [INFO] [1791425757.615756766] [depth_angular_controller]: PAPER_BUILD reason=FULL_MOTION_CERTIFICATE required=0.0000 best=0.0000 free=0 refined=0 tubes=41 revoked_tubes=0 proofs=128
[depth_angular_controller-1] [INFO] [1791425757.615764912] [depth_angular_controller]: PAPER_EVIDENCE retained=16 balls=32 revoked_balls=0 expired_views=0 evicted_views=34 radius=0.580 clearance=0.000 best_prefix=0.000
[depth_angular_controller-1] [INFO] [1791425758.580470215] [depth_angular_controller]: OMNI_DEPTH views=4 azimuth_bins=180 elevation_bins=37 valid=1 certificates=0 short=0 held=0 local_candidates=3 yaw=29.26
[depth_angular_controller-1] [INFO] [1791425758.581794614] [depth_angular_controller]: PAPER_BUILD reason=FULL_MOTION_CERTIFICATE required=0.0000 best=0.0000 free=0 refined=0 tubes=45 revoked_tubes=0 proofs=128
[depth_angular_controller-1] [INFO] [1791425758.581803059] [depth_angular_controller]: PAPER_EVIDENCE retained=16 balls=32 revoked_balls=0 expired_views=0 evicted_views=38 radius=0.580 clearance=0.000 best_prefix=0.000
[depth_angular_controller-1] [INFO] [1791425759.073507957] [depth_angular_controller]: [PERF CTRL] run=p5_retain_20261008_goal_v2_ego1p5_1 elapsed=28.73s callbacks=869 commands=868 guidance=748 command_fps(ros/wall)=60.00/57.63 guidance_wall_fps=56.63 avoid_ms(mean/p50/p95/max)=1.796/1.483/4.365/15.215 cycle_ms(mean/p95/max)=17.353/23.950/81.507 depth_to_cmd_ms(mean/p95/max)=46.635/83.333/100.000 callback_to_publish_ms(mean/p95/max)=3.433/8.559/18.117
[depth_angular_controller-1] [INFO] [1791425759.073611111] [depth_angular_controller]: EVIDENCE_COST ingest(mean/p95/max)=1.783/6.677/13.524 record=0.018/0.018/0.521 ms
[depth_angular_controller-1] [INFO] [1791425759.073618875] [depth_angular_controller]: EVIDENCE_PHASE per_view_mean_ms balls=0.082 tubes=0.053 history=0.287 eviction=0.001
[position_cmd_to_twist-2] [INFO] [1791425759.524017715] [position_cmd_to_twist]: [PERF BRIDGE] run=p5_retain_20261008_goal_v2_ego1p5_1 elapsed=29.08s received=895 published=895 fps(ros/wall)=60.00/57.75 controller_to_bridge_ms(mean/p50/p95/max)=0.074/0.000/0.000/16.667 bridge_process_ms(mean/p95/max)=0.090/0.114/0.599
[NAV] t=15.0s position=(-41.08,-8.56,3.26) yaw=10.6deg command=(1.83,0.74,0.28) manual_active=1 collision_blocks=0
[depth_angular_controller-1] [INFO] [1791425759.604036105] [depth_angular_controller]: OMNI_DEPTH views=4 azimuth_bins=180 elevation_bins=37 valid=1 certificates=0 short=0 held=0 local_candidates=1 yaw=10.65
[depth_angular_controller-1] [INFO] [1791425759.604294250] [depth_angular_controller]: PAPER_BUILD reason=FULL_MOTION_CERTIFICATE required=0.0000 best=0.0000 free=0 refined=0 tubes=49 revoked_tubes=0 proofs=128
[depth_angular_controller-1] [INFO] [1791425759.604305141] [depth_angular_controller]: PAPER_EVIDENCE retained=16 balls=32 revoked_balls=0 expired_views=0 evicted_views=42 radius=0.580 clearance=0.000 best_prefix=0.000
[depth_angular_controller-1] [INFO] [1791425760.626832940] [depth_angular_controller]: OMNI_DEPTH views=4 azimuth_bins=180 elevation_bins=37 valid=1 certificates=0 short=0 held=0 local_candidates=3 yaw=35.81
[depth_angular_controller-1] [INFO] [1791425760.628774008] [depth_angular_controller]: PAPER_BUILD reason=FULL_MOTION_CERTIFICATE required=0.0000 best=0.0000 free=0 refined=0 tubes=53 revoked_tubes=0 proofs=128
[depth_angular_controller-1] [INFO] [1791425760.628805006] [depth_angular_controller]: PAPER_EVIDENCE retained=16 balls=32 revoked_balls=0 expired_views=0 evicted_views=46 radius=0.580 clearance=0.000 best_prefix=0.000
[depth_angular_controller-1] [INFO] [1791425761.716806281] [depth_angular_controller]: OMNI_DEPTH views=4 azimuth_bins=180 elevation_bins=37 valid=1 certificates=0 short=0 held=0 local_candidates=3 yaw=42.12
[depth_angular_controller-1] [INFO] [1791425761.717145448] [depth_angular_controller]: PAPER_BUILD reason=FULL_MOTION_CERTIFICATE required=0.0000 best=0.0000 free=0 refined=0 tubes=57 revoked_tubes=0 proofs=128
[depth_angular_controller-1] [INFO] [1791425761.717162610] [depth_angular_controller]: PAPER_EVIDENCE retained=16 balls=32 revoked_balls=0 expired_views=0 evicted_views=50 radius=0.580 clearance=0.000 best_prefix=0.000
[depth_angular_controller-1] [INFO] [1791425762.681539807] [depth_angular_controller]: OMNI_DEPTH views=4 azimuth_bins=180 elevation_bins=37 valid=1 certificates=0 short=0 held=0 local_candidates=3 yaw=33.80
[depth_angular_controller-1] [INFO] [1791425762.681835352] [depth_angular_controller]: PAPER_BUILD reason=FULL_MOTION_CERTIFICATE required=0.0000 best=0.0000 free=0 refined=0 tubes=61 revoked_tubes=0 proofs=128
[depth_angular_controller-1] [INFO] [1791425762.681843778] [depth_angular_controller]: PAPER_EVIDENCE retained=16 balls=32 revoked_balls=0 expired_views=0 evicted_views=54 radius=0.580 clearance=0.000 best_prefix=0.000
[depth_angular_controller-1] [INFO] [1791425763.680712144] [depth_angular_controller]: OMNI_DEPTH views=4 azimuth_bins=180 elevation_bins=37 valid=1 certificates=0 short=0 held=0 local_candidates=3 yaw=32.90
[depth_angular_controller-1] [INFO] [1791425763.681017057] [depth_angular_controller]: PAPER_BUILD reason=FULL_MOTION_CERTIFICATE required=0.0000 best=0.0000 free=0 refined=0 tubes=65 revoked_tubes=0 proofs=128
[depth_angular_controller-1] [INFO] [1791425763.681024421] [depth_angular_controller]: PAPER_EVIDENCE retained=16 balls=32 revoked_balls=0 expired_views=0 evicted_views=58 radius=0.580 clearance=0.000 best_prefix=0.000
[depth_angular_controller-1] [INFO] [1791425764.141421821] [depth_angular_controller]: [PERF CTRL] run=p5_retain_20261008_goal_v2_ego1p5_1 elapsed=33.80s callbacks=1167 commands=1166 guidance=1046 command_fps(ros/wall)=60.00/57.92 guidance_wall_fps=57.23 avoid_ms(mean/p50/p95/max)=1.661/1.192/4.124/15.215 cycle_ms(mean/p95/max)=17.264/23.428/81.507 depth_to_cmd_ms(mean/p95/max)=45.108/83.333/100.000 callback_to_publish_ms(mean/p95/max)=3.355/8.223/18.117
[depth_angular_controller-1] [INFO] [1791425764.141531788] [depth_angular_controller]: EVIDENCE_COST ingest(mean/p95/max)=1.756/6.481/13.524 record=0.017/0.018/0.521 ms
[depth_angular_controller-1] [INFO] [1791425764.141537399] [depth_angular_controller]: EVIDENCE_PHASE per_view_mean_ms balls=0.079 tubes=0.044 history=0.291 eviction=0.001
[position_cmd_to_twist-2] [INFO] [1791425764.617482879] [position_cmd_to_twist]: [PERF BRIDGE] run=p5_retain_20261008_goal_v2_ego1p5_1 elapsed=34.17s received=1195 published=1195 fps(ros/wall)=60.00/58.03 controller_to_bridge_ms(mean/p50/p95/max)=0.056/0.000/0.000/16.667 bridge_process_ms(mean/p95/max)=0.090/0.115/0.983
[NAV] t=20.0s position=(-32.74,-3.39,3.48) yaw=8.6deg command=(1.78,0.79,-0.22) manual_active=1 collision_blocks=0
[depth_angular_controller-1] [INFO] [1791425764.701263609] [depth_angular_controller]: OMNI_DEPTH views=4 azimuth_bins=180 elevation_bins=37 valid=1 certificates=0 short=0 held=0 local_candidates=2 yaw=15.42
[depth_angular_controller-1] [INFO] [1791425764.701629908] [depth_angular_controller]: PAPER_BUILD reason=FULL_MOTION_CERTIFICATE required=0.0000 best=0.0000 free=0 refined=0 tubes=69 revoked_tubes=0 proofs=128
[depth_angular_controller-1] [INFO] [1791425764.701637472] [depth_angular_controller]: PAPER_EVIDENCE retained=16 balls=32 revoked_balls=0 expired_views=0 evicted_views=62 radius=0.580 clearance=0.000 best_prefix=0.000
[depth_angular_controller-1] [INFO] [1791425765.674276064] [depth_angular_controller]: OMNI_DEPTH views=4 azimuth_bins=180 elevation_bins=37 valid=1 certificates=0 short=0 held=0 local_candidates=3 yaw=7.58
[depth_angular_controller-1] [INFO] [1791425765.674666988] [depth_angular_controller]: PAPER_BUILD reason=FULL_MOTION_CERTIFICATE required=0.0000 best=0.0000 free=0 refined=0 tubes=74 revoked_tubes=0 proofs=128
[depth_angular_controller-1] [INFO] [1791425765.674674162] [depth_angular_controller]: PAPER_EVIDENCE retained=16 balls=32 revoked_balls=0 expired_views=0 evicted_views=66 radius=0.580 clearance=0.000 best_prefix=0.000
[depth_angular_controller-1] [INFO] [1791425766.700520458] [depth_angular_controller]: OMNI_DEPTH views=4 azimuth_bins=180 elevation_bins=37 valid=1 certificates=0 short=0 held=0 local_candidates=1 yaw=8.47
[depth_angular_controller-1] [INFO] [1791425766.701284854] [depth_angular_controller]: PAPER_BUILD reason=FULL_MOTION_CERTIFICATE required=0.0000 best=0.0000 free=0 refined=0 tubes=78 revoked_tubes=0 proofs=128
[depth_angular_controller-1] [INFO] [1791425766.701445546] [depth_angular_controller]: PAPER_EVIDENCE retained=16 balls=32 revoked_balls=0 expired_views=0 evicted_views=70 radius=0.580 clearance=0.000 best_prefix=0.000
[depth_angular_controller-1] [INFO] [1791425767.726868036] [depth_angular_controller]: OMNI_DEPTH views=4 azimuth_bins=180 elevation_bins=37 valid=1 certificates=0 short=0 held=0 local_candidates=3 yaw=9.37
[depth_angular_controller-1] [INFO] [1791425767.727191123] [depth_angular_controller]: PAPER_BUILD reason=FULL_MOTION_CERTIFICATE required=0.0000 best=0.0000 free=0 refined=0 tubes=82 revoked_tubes=0 proofs=128
[depth_angular_controller-1] [INFO] [1791425767.727198216] [depth_angular_controller]: PAPER_EVIDENCE retained=16 balls=32 revoked_balls=0 expired_views=0 evicted_views=74 radius=0.580 clearance=0.000 best_prefix=0.000
[depth_angular_controller-1] [INFO] [1791425768.812690876] [depth_angular_controller]: OMNI_DEPTH views=4 azimuth_bins=180 elevation_bins=37 valid=1 certificates=0 short=0 held=0 local_candidates=1 yaw=8.47
[depth_angular_controller-1] [INFO] [1791425768.813457447] [depth_angular_controller]: PAPER_BUILD reason=FULL_MOTION_CERTIFICATE required=0.0000 best=0.0000 free=0 refined=0 tubes=86 revoked_tubes=0 proofs=128
[depth_angular_controller-1] [INFO] [1791425768.813467466] [depth_angular_controller]: PAPER_EVIDENCE retained=16 balls=32 revoked_balls=0 expired_views=0 evicted_views=78 radius=0.580 clearance=0.000 best_prefix=0.000
[depth_angular_controller-1] [INFO] [1791425769.192253563] [depth_angular_controller]: [PERF CTRL] run=p5_retain_20261008_goal_v2_ego1p5_1 elapsed=38.85s callbacks=1462 commands=1461 guidance=1341 command_fps(ros/wall)=60.00/58.02 guidance_wall_fps=57.48 avoid_ms(mean/p50/p95/max)=1.583/1.226/3.947/15.215 cycle_ms(mean/p95/max)=17.235/22.843/81.507 depth_to_cmd_ms(mean/p95/max)=43.699/83.333/100.000 callback_to_publish_ms(mean/p95/max)=3.361/8.042/18.117
[depth_angular_controller-1] [INFO] [1791425769.192399748] [depth_angular_controller]: EVIDENCE_COST ingest(mean/p95/max)=1.804/6.235/13.524 record=0.017/0.018/0.521 ms
[depth_angular_controller-1] [INFO] [1791425769.192408304] [depth_angular_controller]: EVIDENCE_PHASE per_view_mean_ms balls=0.080 tubes=0.047 history=0.299 eviction=0.001
[position_cmd_to_twist-2] [INFO] [1791425769.810982288] [position_cmd_to_twist]: [PERF BRIDGE] run=p5_retain_20261008_goal_v2_ego1p5_1 elapsed=39.36s received=1495 published=1495 fps(ros/wall)=60.00/58.11 controller_to_bridge_ms(mean/p50/p95/max)=0.045/0.000/0.000/16.667 bridge_process_ms(mean/p95/max)=0.089/0.115/0.983
[NAV] t=25.0s position=(-22.95,-1.75,3.03) yaw=8.5deg command=(1.98,0.29,-0.01) manual_active=1 collision_blocks=0
[depth_angular_controller-1] [INFO] [1791425769.890495398] [depth_angular_controller]: OMNI_DEPTH views=4 azimuth_bins=180 elevation_bins=37 valid=1 certificates=0 short=0 held=0 local_candidates=1 yaw=8.47
[depth_angular_controller-1] [INFO] [1791425769.891281596] [depth_angular_controller]: PAPER_BUILD reason=FULL_MOTION_CERTIFICATE required=0.0000 best=0.0000 free=0 refined=0 tubes=90 revoked_tubes=0 proofs=128
[depth_angular_controller-1] [INFO] [1791425769.891304118] [depth_angular_controller]: PAPER_EVIDENCE retained=16 balls=32 revoked_balls=0 expired_views=0 evicted_views=82 radius=0.580 clearance=0.000 best_prefix=0.000
[depth_angular_controller-1] [INFO] [1791425771.039714791] [depth_angular_controller]: OMNI_DEPTH views=4 azimuth_bins=180 elevation_bins=37 valid=1 certificates=0 short=0 held=0 local_candidates=1 yaw=8.47
[depth_angular_controller-1] [INFO] [1791425771.040030975] [depth_angular_controller]: PAPER_BUILD reason=FULL_MOTION_CERTIFICATE required=0.0000 best=0.0000 free=0 refined=0 tubes=94 revoked_tubes=0 proofs=128
[depth_angular_controller-1] [INFO] [1791425771.040037667] [depth_angular_controller]: PAPER_EVIDENCE retained=16 balls=32 revoked_balls=0 expired_views=0 evicted_views=86 radius=0.580 clearance=0.000 best_prefix=0.000
[depth_angular_controller-1] [INFO] [1791425772.057402835] [depth_angular_controller]: OMNI_DEPTH views=4 azimuth_bins=180 elevation_bins=37 valid=1 certificates=0 short=0 held=0 local_candidates=3 yaw=20.16
[depth_angular_controller-1] [INFO] [1791425772.057735580] [depth_angular_controller]: PAPER_BUILD reason=FULL_MOTION_CERTIFICATE required=0.0000 best=0.0000 free=0 refined=0 tubes=98 revoked_tubes=0 proofs=128
[depth_angular_controller-1] [INFO] [1791425772.057743685] [depth_angular_controller]: PAPER_EVIDENCE retained=16 balls=32 revoked_balls=0 expired_views=0 evicted_views=90 radius=0.580 clearance=0.000 best_prefix=0.000
[depth_angular_controller-1] [INFO] [1791425773.202887759] [depth_angular_controller]: OMNI_DEPTH views=4 azimuth_bins=180 elevation_bins=37 valid=1 certificates=0 short=0 held=0 local_candidates=2 yaw=34.07
[depth_angular_controller-1] [INFO] [1791425773.203227548] [depth_angular_controller]: PAPER_BUILD reason=FULL_MOTION_CERTIFICATE required=0.0000 best=0.0000 free=0 refined=0 tubes=102 revoked_tubes=0 proofs=128
[depth_angular_controller-1] [INFO] [1791425773.203237857] [depth_angular_controller]: PAPER_EVIDENCE retained=16 balls=32 revoked_balls=0 expired_views=0 evicted_views=94 radius=0.580 clearance=0.000 best_prefix=0.000
[depth_angular_controller-1] [INFO] [1791425774.207845278] [depth_angular_controller]: [PERF CTRL] run=p5_retain_20261008_goal_v2_ego1p5_1 elapsed=43.87s callbacks=1732 commands=1731 guidance=1611 command_fps(ros/wall)=59.93/57.32 guidance_wall_fps=56.84 avoid_ms(mean/p50/p95/max)=1.668/1.104/4.344/24.135 cycle_ms(mean/p95/max)=17.445/22.843/81.507 depth_to_cmd_ms(mean/p95/max)=42.737/83.333/100.000 callback_to_publish_ms(mean/p95/max)=3.459/8.242/24.688
[depth_angular_controller-1] [INFO] [1791425774.208008615] [depth_angular_controller]: EVIDENCE_COST ingest(mean/p95/max)=1.800/6.112/13.524 record=0.016/0.018/0.521 ms
[depth_angular_controller-1] [INFO] [1791425774.208016390] [depth_angular_controller]: EVIDENCE_PHASE per_view_mean_ms balls=0.078 tubes=0.046 history=0.301 eviction=0.001
[depth_angular_controller-1] [INFO] [1791425774.393833128] [depth_angular_controller]: OMNI_DEPTH views=4 azimuth_bins=180 elevation_bins=37 valid=1 certificates=0 short=0 held=0 local_candidates=3 yaw=36.62
[depth_angular_controller-1] [INFO] [1791425774.394166073] [depth_angular_controller]: PAPER_BUILD reason=FULL_MOTION_CERTIFICATE required=0.0000 best=0.0000 free=0 refined=0 tubes=106 revoked_tubes=0 proofs=128
[depth_angular_controller-1] [INFO] [1791425774.394174379] [depth_angular_controller]: PAPER_EVIDENCE retained=16 balls=32 revoked_balls=0 expired_views=0 evicted_views=98 radius=0.580 clearance=0.000 best_prefix=0.000
[position_cmd_to_twist-2] [INFO] [1791425775.272829006] [position_cmd_to_twist]: [PERF BRIDGE] run=p5_retain_20261008_goal_v2_ego1p5_1 elapsed=44.82s received=1793 published=1793 fps(ros/wall)=59.93/57.38 controller_to_bridge_ms(mean/p50/p95/max)=0.186/0.000/0.000/33.333 bridge_process_ms(mean/p95/max)=0.089/0.115/0.983
[NAV] t=30.0s position=(-13.81,1.68,2.94) yaw=7.0deg command=(1.61,1.19,-0.06) manual_active=1 collision_blocks=0
[depth_angular_controller-1] [INFO] [1791425775.354767845] [depth_angular_controller]: OMNI_DEPTH views=4 azimuth_bins=180 elevation_bins=37 valid=1 certificates=0 short=0 held=0 local_candidates=3 yaw=35.97
[depth_angular_controller-1] [INFO] [1791425775.356667404] [depth_angular_controller]: PAPER_BUILD reason=FULL_MOTION_CERTIFICATE required=0.0000 best=0.0000 free=0 refined=0 tubes=110 revoked_tubes=0 proofs=128
[depth_angular_controller-1] [INFO] [1791425775.356697741] [depth_angular_controller]: PAPER_EVIDENCE retained=16 balls=32 revoked_balls=0 expired_views=0 evicted_views=102 radius=0.580 clearance=0.000 best_prefix=0.000
[depth_angular_controller-1] [INFO] [1791425776.312799195] [depth_angular_controller]: OMNI_DEPTH views=4 azimuth_bins=180 elevation_bins=37 valid=1 certificates=0 short=0 held=0 local_candidates=3 yaw=5.44
[depth_angular_controller-1] [INFO] [1791425776.313567108] [depth_angular_controller]: PAPER_BUILD reason=FULL_MOTION_CERTIFICATE required=0.0000 best=0.0000 free=0 refined=0 tubes=114 revoked_tubes=0 proofs=128
[depth_angular_controller-1] [INFO] [1791425776.313771823] [depth_angular_controller]: PAPER_EVIDENCE retained=16 balls=32 revoked_balls=0 expired_views=0 evicted_views=106 radius=0.580 clearance=0.000 best_prefix=0.000
[depth_angular_controller-1] [INFO] [1791425777.391900263] [depth_angular_controller]: OMNI_DEPTH views=4 azimuth_bins=180 elevation_bins=37 valid=1 certificates=0 short=0 held=0 local_candidates=3 yaw=-5.92
[depth_angular_controller-1] [INFO] [1791425777.392264979] [depth_angular_controller]: PAPER_BUILD reason=FULL_MOTION_CERTIFICATE required=0.0000 best=0.0000 free=0 refined=0 tubes=118 revoked_tubes=0 proofs=128
[depth_angular_controller-1] [INFO] [1791425777.392272773] [depth_angular_controller]: PAPER_EVIDENCE retained=16 balls=32 revoked_balls=0 expired_views=0 evicted_views=109 radius=0.580 clearance=0.000 best_prefix=0.000
[depth_angular_controller-1] [INFO] [1791425778.469185299] [depth_angular_controller]: OMNI_DEPTH views=4 azimuth_bins=180 elevation_bins=37 valid=1 certificates=0 short=0 held=0 local_candidates=1 yaw=6.47
[depth_angular_controller-1] [INFO] [1791425778.469513065] [depth_angular_controller]: PAPER_BUILD reason=FULL_MOTION_CERTIFICATE required=0.0000 best=0.0000 free=0 refined=0 tubes=122 revoked_tubes=0 proofs=128
[depth_angular_controller-1] [INFO] [1791425778.469528223] [depth_angular_controller]: PAPER_EVIDENCE retained=16 balls=32 revoked_balls=0 expired_views=0 evicted_views=113 radius=0.580 clearance=0.000 best_prefix=0.000
[depth_angular_controller-1] [INFO] [1791425779.215842461] [depth_angular_controller]: [PERF CTRL] run=p5_retain_20261008_goal_v2_ego1p5_1 elapsed=48.88s callbacks=2026 commands=2025 guidance=1905 command_fps(ros/wall)=59.94/57.52 guidance_wall_fps=57.12 avoid_ms(mean/p50/p95/max)=1.578/1.071/4.124/24.135 cycle_ms(mean/p95/max)=17.385/22.499/81.507 depth_to_cmd_ms(mean/p95/max)=42.038/66.667/100.000 callback_to_publish_ms(mean/p95/max)=3.360/8.008/24.688
[depth_angular_controller-1] [INFO] [1791425779.216027098] [depth_angular_controller]: EVIDENCE_COST ingest(mean/p95/max)=1.766/5.916/13.524 record=0.016/0.018/0.521 ms
[depth_angular_controller-1] [INFO] [1791425779.216035163] [depth_angular_controller]: EVIDENCE_PHASE per_view_mean_ms balls=0.075 tubes=0.043 history=0.297 eviction=0.001
[depth_angular_controller-1] [INFO] [1791425779.441278426] [depth_angular_controller]: OMNI_DEPTH views=4 azimuth_bins=180 elevation_bins=37 valid=1 certificates=0 short=0 held=0 local_candidates=3 yaw=7.50
[depth_angular_controller-1] [INFO] [1791425779.441550998] [depth_angular_controller]: PAPER_BUILD reason=FULL_MOTION_CERTIFICATE required=0.0000 best=0.0000 free=0 refined=0 tubes=126 revoked_tubes=0 proofs=128
[depth_angular_controller-1] [INFO] [1791425779.441556719] [depth_angular_controller]: PAPER_EVIDENCE retained=16 balls=32 revoked_balls=0 expired_views=0 evicted_views=117 radius=0.580 clearance=0.000 best_prefix=0.000
[position_cmd_to_twist-2] [INFO] [1791425780.441319606] [position_cmd_to_twist]: [PERF BRIDGE] run=p5_retain_20261008_goal_v2_ego1p5_1 elapsed=49.99s received=2093 published=2093 fps(ros/wall)=59.94/57.47 controller_to_bridge_ms(mean/p50/p95/max)=0.159/0.000/0.000/33.333 bridge_process_ms(mean/p95/max)=0.089/0.115/0.983
[NAV] t=35.0s position=(-4.27,3.28,2.92) yaw=6.6deg command=(1.99,0.23,-0.02) manual_active=1 collision_blocks=0
[depth_angular_controller-1] [INFO] [1791425780.522403267] [depth_angular_controller]: OMNI_DEPTH views=4 azimuth_bins=180 elevation_bins=37 valid=1 certificates=0 short=0 held=0 local_candidates=3 yaw=7.51
[depth_angular_controller-1] [INFO] [1791425780.522689355] [depth_angular_controller]: PAPER_BUILD reason=FULL_MOTION_CERTIFICATE required=0.0000 best=0.0000 free=0 refined=0 tubes=130 revoked_tubes=0 proofs=128
[depth_angular_controller-1] [INFO] [1791425780.522697069] [depth_angular_controller]: PAPER_EVIDENCE retained=16 balls=32 revoked_balls=0 expired_views=0 evicted_views=121 radius=0.580 clearance=0.000 best_prefix=0.000
[depth_angular_controller-1] [INFO] [1791425781.681756585] [depth_angular_controller]: OMNI_DEPTH views=4 azimuth_bins=180 elevation_bins=37 valid=1 certificates=0 short=0 held=0 local_candidates=3 yaw=7.72
[depth_angular_controller-1] [INFO] [1791425781.682552721] [depth_angular_controller]: PAPER_BUILD reason=FULL_MOTION_CERTIFICATE required=0.0000 best=0.0000 free=0 refined=0 tubes=134 revoked_tubes=0 proofs=128
[depth_angular_controller-1] [INFO] [1791425781.682689878] [depth_angular_controller]: PAPER_EVIDENCE retained=16 balls=32 revoked_balls=0 expired_views=0 evicted_views=125 radius=0.580 clearance=0.000 best_prefix=0.000
[depth_angular_controller-1] [INFO] [1791425782.838314959] [depth_angular_controller]: OMNI_DEPTH views=4 azimuth_bins=180 elevation_bins=37 valid=1 certificates=0 short=0 held=0 local_candidates=1 yaw=6.60
[depth_angular_controller-1] [INFO] [1791425782.839109513] [depth_angular_controller]: PAPER_BUILD reason=FULL_MOTION_CERTIFICATE required=0.0000 best=0.0000 free=0 refined=0 tubes=138 revoked_tubes=0 proofs=128
[depth_angular_controller-1] [INFO] [1791425782.839135391] [depth_angular_controller]: PAPER_EVIDENCE retained=16 balls=32 revoked_balls=0 expired_views=0 evicted_views=129 radius=0.580 clearance=0.000 best_prefix=0.000
[depth_angular_controller-1] [INFO] [1791425783.860208397] [depth_angular_controller]: OMNI_DEPTH views=4 azimuth_bins=180 elevation_bins=37 valid=1 certificates=0 short=0 held=0 local_candidates=1 yaw=6.59
[depth_angular_controller-1] [INFO] [1791425783.860967674] [depth_angular_controller]: PAPER_BUILD reason=FULL_MOTION_CERTIFICATE required=0.0000 best=0.0000 free=0 refined=0 tubes=142 revoked_tubes=0 proofs=128
[depth_angular_controller-1] [INFO] [1791425783.860986218] [depth_angular_controller]: PAPER_EVIDENCE retained=16 balls=32 revoked_balls=0 expired_views=0 evicted_views=133 radius=0.580 clearance=0.000 best_prefix=0.000
[depth_angular_controller-1] [INFO] [1791425784.224732822] [depth_angular_controller]: [PERF CTRL] run=p5_retain_20261008_goal_v2_ego1p5_1 elapsed=53.89s callbacks=2303 commands=2302 guidance=2182 command_fps(ros/wall)=59.95/57.24 guidance_wall_fps=56.88 avoid_ms(mean/p50/p95/max)=1.594/1.107/3.997/24.135 cycle_ms(mean/p95/max)=17.469/22.504/82.675 depth_to_cmd_ms(mean/p95/max)=41.491/66.667/100.000 callback_to_publish_ms(mean/p95/max)=3.406/7.995/24.688
[depth_angular_controller-1] [INFO] [1791425784.225351745] [depth_angular_controller]: EVIDENCE_COST ingest(mean/p95/max)=1.784/5.951/13.524 record=0.017/0.019/0.521 ms
[depth_angular_controller-1] [INFO] [1791425784.225553424] [depth_angular_controller]: EVIDENCE_PHASE per_view_mean_ms balls=0.075 tubes=0.041 history=0.304 eviction=0.001
[depth_angular_controller-1] [INFO] [1791425784.887116688] [depth_angular_controller]: OMNI_DEPTH views=4 azimuth_bins=180 elevation_bins=37 valid=1 certificates=0 short=0 held=0 local_candidates=2 yaw=30.58
[depth_angular_controller-1] [INFO] [1791425784.887499187] [depth_angular_controller]: PAPER_BUILD reason=FULL_MOTION_CERTIFICATE required=0.0000 best=0.0000 free=0 refined=0 tubes=146 revoked_tubes=0 proofs=128
[depth_angular_controller-1] [INFO] [1791425784.887505930] [depth_angular_controller]: PAPER_EVIDENCE retained=16 balls=32 revoked_balls=0 expired_views=0 evicted_views=137 radius=0.580 clearance=0.000 best_prefix=0.000
[position_cmd_to_twist-2] [INFO] [1791425785.900007547] [position_cmd_to_twist]: [PERF BRIDGE] run=p5_retain_20261008_goal_v2_ego1p5_1 elapsed=55.45s received=2393 published=2393 fps(ros/wall)=59.95/57.15 controller_to_bridge_ms(mean/p50/p95/max)=0.139/0.000/0.000/33.333 bridge_process_ms(mean/p95/max)=0.089/0.116/0.983
[NAV] t=40.0s position=(5.39,5.16,2.48) yaw=5.9deg command=(1.61,1.17,-0.07) manual_active=1 collision_blocks=0
[depth_angular_controller-1] [INFO] [1791425785.983716412] [depth_angular_controller]: OMNI_DEPTH views=4 azimuth_bins=180 elevation_bins=37 valid=1 certificates=0 short=0 held=0 local_candidates=3 yaw=39.23
[depth_angular_controller-1] [INFO] [1791425785.984465490] [depth_angular_controller]: PAPER_BUILD reason=FULL_MOTION_CERTIFICATE required=0.0000 best=0.0000 free=0 refined=0 tubes=151 revoked_tubes=0 proofs=128
[depth_angular_controller-1] [INFO] [1791425785.984480789] [depth_angular_controller]: PAPER_EVIDENCE retained=16 balls=32 revoked_balls=0 expired_views=0 evicted_views=141 radius=0.580 clearance=0.000 best_prefix=0.000
[depth_angular_controller-1] [INFO] [1791425787.075228034] [depth_angular_controller]: OMNI_DEPTH views=4 azimuth_bins=180 elevation_bins=37 valid=1 certificates=0 short=0 held=0 local_candidates=3 yaw=32.29
[depth_angular_controller-1] [INFO] [1791425787.075577791] [depth_angular_controller]: PAPER_BUILD reason=FULL_MOTION_CERTIFICATE required=0.0000 best=0.0000 free=0 refined=0 tubes=155 revoked_tubes=0 proofs=128
[depth_angular_controller-1] [INFO] [1791425787.075585506] [depth_angular_controller]: PAPER_EVIDENCE retained=16 balls=32 revoked_balls=0 expired_views=0 evicted_views=145 radius=0.580 clearance=0.000 best_prefix=0.000
[depth_angular_controller-1] [INFO] [1791425788.096679070] [depth_angular_controller]: OMNI_DEPTH views=4 azimuth_bins=180 elevation_bins=37 valid=1 certificates=0 short=0 held=0 local_candidates=3 yaw=24.27
[depth_angular_controller-1] [INFO] [1791425788.097082568] [depth_angular_controller]: PAPER_BUILD reason=FULL_MOTION_CERTIFICATE required=0.0000 best=0.0000 free=0 refined=0 tubes=159 revoked_tubes=0 proofs=128
[depth_angular_controller-1] [INFO] [1791425788.097100351] [depth_angular_controller]: PAPER_EVIDENCE retained=16 balls=32 revoked_balls=0 expired_views=0 evicted_views=149 radius=0.580 clearance=0.000 best_prefix=0.000
[depth_angular_controller-1] [INFO] [1791425789.236267633] [depth_angular_controller]: [PERF CTRL] run=p5_retain_20261008_goal_v2_ego1p5_1 elapsed=58.90s callbacks=2579 commands=2578 guidance=2458 command_fps(ros/wall)=59.95/57.00 guidance_wall_fps=56.67 avoid_ms(mean/p50/p95/max)=1.691/1.215/4.188/24.135 cycle_ms(mean/p95/max)=17.543/22.730/82.675 depth_to_cmd_ms(mean/p95/max)=40.819/66.667/100.000 callback_to_publish_ms(mean/p95/max)=3.544/8.101/24.688
[depth_angular_controller-1] [INFO] [1791425789.236501562] [depth_angular_controller]: EVIDENCE_COST ingest(mean/p95/max)=1.821/5.964/13.524 record=0.017/0.019/0.521 ms
[depth_angular_controller-1] [INFO] [1791425789.236507624] [depth_angular_controller]: EVIDENCE_PHASE per_view_mean_ms balls=0.076 tubes=0.046 history=0.307 eviction=0.001
[depth_angular_controller-1] [INFO] [1791425789.254383849] [depth_angular_controller]: OMNI_DEPTH views=4 azimuth_bins=180 elevation_bins=37 valid=1 certificates=0 short=0 held=0 local_candidates=2 yaw=14.95
[depth_angular_controller-1] [INFO] [1791425789.254746330] [depth_angular_controller]: PAPER_BUILD reason=FULL_MOTION_CERTIFICATE required=0.0000 best=0.0000 free=0 refined=0 tubes=163 revoked_tubes=0 proofs=128
[depth_angular_controller-1] [INFO] [1791425789.254752812] [depth_angular_controller]: PAPER_EVIDENCE retained=16 balls=32 revoked_balls=0 expired_views=0 evicted_views=153 radius=0.580 clearance=0.000 best_prefix=0.000
[depth_angular_controller-1] [INFO] [1791425790.397595361] [depth_angular_controller]: OMNI_DEPTH views=4 azimuth_bins=180 elevation_bins=37 valid=1 certificates=0 short=0 held=0 local_candidates=2 yaw=13.08
[depth_angular_controller-1] [INFO] [1791425790.398033234] [depth_angular_controller]: PAPER_BUILD reason=FULL_MOTION_CERTIFICATE required=0.0000 best=0.0000 free=0 refined=0 tubes=167 revoked_tubes=0 proofs=128
[depth_angular_controller-1] [INFO] [1791425790.398044064] [depth_angular_controller]: PAPER_EVIDENCE retained=16 balls=32 revoked_balls=0 expired_views=0 evicted_views=157 radius=0.580 clearance=0.000 best_prefix=0.000
[position_cmd_to_twist-2] [INFO] [1791425791.335009345] [position_cmd_to_twist]: [PERF BRIDGE] run=p5_retain_20261008_goal_v2_ego1p5_1 elapsed=60.89s received=2693 published=2693 fps(ros/wall)=59.96/56.92 controller_to_bridge_ms(mean/p50/p95/max)=0.155/0.000/0.000/33.333 bridge_process_ms(mean/p95/max)=0.089/0.115/0.983
[NAV] t=45.0s position=(14.37,9.06,3.29) yaw=2.5deg command=(1.98,0.21,0.00) manual_active=1 collision_blocks=0
[depth_angular_controller-1] [INFO] [1791425791.419041137] [depth_angular_controller]: OMNI_DEPTH views=4 azimuth_bins=180 elevation_bins=37 valid=1 certificates=0 short=0 held=0 local_candidates=2 yaw=2.46
[depth_angular_controller-1] [INFO] [1791425791.419478438] [depth_angular_controller]: PAPER_BUILD reason=FULL_MOTION_CERTIFICATE required=0.0000 best=0.0000 free=0 refined=0 tubes=171 revoked_tubes=0 proofs=128
[depth_angular_controller-1] [INFO] [1791425791.419495230] [depth_angular_controller]: PAPER_EVIDENCE retained=16 balls=32 revoked_balls=0 expired_views=0 evicted_views=161 radius=0.580 clearance=0.000 best_prefix=0.000
[depth_angular_controller-1] [INFO] [1791425792.439935727] [depth_angular_controller]: OMNI_DEPTH views=4 azimuth_bins=180 elevation_bins=37 valid=1 certificates=0 short=0 held=0 local_candidates=1 yaw=2.43
[depth_angular_controller-1] [INFO] [1791425792.440302155] [depth_angular_controller]: PAPER_BUILD reason=FULL_MOTION_CERTIFICATE required=0.0000 best=0.0000 free=0 refined=0 tubes=175 revoked_tubes=0 proofs=128
[depth_angular_controller-1] [INFO] [1791425792.440310621] [depth_angular_controller]: PAPER_EVIDENCE retained=16 balls=32 revoked_balls=0 expired_views=0 evicted_views=165 radius=0.580 clearance=0.000 best_prefix=0.000
[depth_angular_controller-1] [INFO] [1791425793.407804745] [depth_angular_controller]: OMNI_DEPTH views=4 azimuth_bins=180 elevation_bins=37 valid=1 certificates=0 short=0 held=0 local_candidates=1 yaw=2.43
[depth_angular_controller-1] [INFO] [1791425793.408168238] [depth_angular_controller]: PAPER_BUILD reason=FULL_MOTION_CERTIFICATE required=0.0000 best=0.0000 free=0 refined=0 tubes=179 revoked_tubes=0 proofs=128
[depth_angular_controller-1] [INFO] [1791425793.408175432] [depth_angular_controller]: PAPER_EVIDENCE retained=16 balls=32 revoked_balls=0 expired_views=0 evicted_views=169 radius=0.580 clearance=0.000 best_prefix=0.000
[depth_angular_controller-1] [INFO] [1791425794.253178707] [depth_angular_controller]: [PERF CTRL] run=p5_retain_20261008_goal_v2_ego1p5_1 elapsed=63.91s callbacks=2865 commands=2864 guidance=2744 command_fps(ros/wall)=59.96/57.00 guidance_wall_fps=56.71 avoid_ms(mean/p50/p95/max)=1.643/1.171/4.124/24.135 cycle_ms(mean/p95/max)=17.543/22.889/82.675 depth_to_cmd_ms(mean/p95/max)=40.519/66.667/100.000 callback_to_publish_ms(mean/p95/max)=3.538/8.154/24.688
[depth_angular_controller-1] [INFO] [1791425794.253417736] [depth_angular_controller]: EVIDENCE_COST ingest(mean/p95/max)=1.850/6.063/13.524 record=0.021/0.019/1.372 ms
[depth_angular_controller-1] [INFO] [1791425794.253423337] [depth_angular_controller]: EVIDENCE_PHASE per_view_mean_ms balls=0.077 tubes=0.051 history=0.307 eviction=0.001
[depth_angular_controller-1] [INFO] [1791425794.486766111] [depth_angular_controller]: OMNI_DEPTH views=4 azimuth_bins=180 elevation_bins=37 valid=1 certificates=0 short=0 held=0 local_candidates=1 yaw=2.43
[depth_angular_controller-1] [INFO] [1791425794.487083508] [depth_angular_controller]: PAPER_BUILD reason=FULL_MOTION_CERTIFICATE required=0.0000 best=0.0000 free=0 refined=0 tubes=183 revoked_tubes=0 proofs=128
[depth_angular_controller-1] [INFO] [1791425794.487090120] [depth_angular_controller]: PAPER_EVIDENCE retained=16 balls=32 revoked_balls=0 expired_views=0 evicted_views=173 radius=0.580 clearance=0.000 best_prefix=0.000
[depth_angular_controller-1] [INFO] [1791425795.500036503] [depth_angular_controller]: OMNI_DEPTH views=4 azimuth_bins=180 elevation_bins=37 valid=1 certificates=0 short=0 held=0 local_candidates=3 yaw=16.16
[depth_angular_controller-1] [INFO] [1791425795.500569184] [depth_angular_controller]: PAPER_BUILD reason=FULL_MOTION_CERTIFICATE required=0.0000 best=0.0000 free=0 refined=0 tubes=187 revoked_tubes=0 proofs=128
[depth_angular_controller-1] [INFO] [1791425795.500588651] [depth_angular_controller]: PAPER_EVIDENCE retained=16 balls=32 revoked_balls=0 expired_views=0 evicted_views=177 radius=0.580 clearance=0.000 best_prefix=0.000
[position_cmd_to_twist-2] [INFO] [1791425796.442751189] [position_cmd_to_twist]: [PERF BRIDGE] run=p5_retain_20261008_goal_v2_ego1p5_1 elapsed=65.99s received=2993 published=2993 fps(ros/wall)=59.96/57.10 controller_to_bridge_ms(mean/p50/p95/max)=0.139/0.000/0.000/33.333 bridge_process_ms(mean/p95/max)=0.089/0.115/0.983
[NAV] t=50.0s position=(24.26,10.02,3.51) yaw=1.7deg command=(1.88,0.64,0.26) manual_active=1 collision_blocks=0
[depth_angular_controller-1] [INFO] [1791425796.525494669] [depth_angular_controller]: OMNI_DEPTH views=4 azimuth_bins=180 elevation_bins=37 valid=1 certificates=0 short=0 held=0 local_candidates=3 yaw=21.38
[depth_angular_controller-1] [INFO] [1791425796.525857281] [depth_angular_controller]: PAPER_BUILD reason=FULL_MOTION_CERTIFICATE required=0.0000 best=0.0000 free=0 refined=0 tubes=191 revoked_tubes=0 proofs=128
[depth_angular_controller-1] [INFO] [1791425796.525865196] [depth_angular_controller]: PAPER_EVIDENCE retained=16 balls=32 revoked_balls=0 expired_views=0 evicted_views=181 radius=0.580 clearance=0.000 best_prefix=0.000
[depth_angular_controller-1] [INFO] [1791425797.558496934] [depth_angular_controller]: OMNI_DEPTH views=4 azimuth_bins=180 elevation_bins=37 valid=1 certificates=0 short=0 held=0 local_candidates=3 yaw=23.16
[depth_angular_controller-1] [INFO] [1791425797.558851770] [depth_angular_controller]: PAPER_BUILD reason=FULL_MOTION_CERTIFICATE required=0.0000 best=0.0000 free=0 refined=0 tubes=195 revoked_tubes=0 proofs=128
[depth_angular_controller-1] [INFO] [1791425797.558859555] [depth_angular_controller]: PAPER_EVIDENCE retained=16 balls=32 revoked_balls=0 expired_views=0 evicted_views=185 radius=0.580 clearance=0.000 best_prefix=0.000
[depth_angular_controller-1] [INFO] [1791425798.529103246] [depth_angular_controller]: OMNI_DEPTH views=4 azimuth_bins=180 elevation_bins=37 valid=1 certificates=0 short=0 held=0 local_candidates=2 yaw=27.75
[depth_angular_controller-1] [INFO] [1791425798.529771152] [depth_angular_controller]: PAPER_BUILD reason=FULL_MOTION_CERTIFICATE required=0.0000 best=0.0000 free=0 refined=0 tubes=199 revoked_tubes=0 proofs=128
[depth_angular_controller-1] [INFO] [1791425798.529780299] [depth_angular_controller]: PAPER_EVIDENCE retained=16 balls=32 revoked_balls=0 expired_views=0 evicted_views=189 radius=0.580 clearance=0.000 best_prefix=0.000
[depth_angular_controller-1] [INFO] [1791425799.257031641] [depth_angular_controller]: [PERF CTRL] run=p5_retain_20261008_goal_v2_ego1p5_1 elapsed=68.92s callbacks=3162 commands=3161 guidance=3041 command_fps(ros/wall)=59.96/57.22 guidance_wall_fps=56.96 avoid_ms(mean/p50/p95/max)=1.605/1.139/3.938/24.135 cycle_ms(mean/p95/max)=17.477/22.622/82.675 depth_to_cmd_ms(mean/p95/max)=40.272/66.667/100.000 callback_to_publish_ms(mean/p95/max)=3.490/8.004/24.688
[depth_angular_controller-1] [INFO] [1791425799.257297762] [depth_angular_controller]: EVIDENCE_COST ingest(mean/p95/max)=1.832/5.964/13.524 record=0.020/0.019/1.372 ms
[depth_angular_controller-1] [INFO] [1791425799.257304795] [depth_angular_controller]: EVIDENCE_PHASE per_view_mean_ms balls=0.076 tubes=0.049 history=0.306 eviction=0.001
[depth_angular_controller-1] [INFO] [1791425799.545418511] [depth_angular_controller]: OMNI_DEPTH views=4 azimuth_bins=180 elevation_bins=37 valid=1 certificates=0 short=0 held=0 local_candidates=1 yaw=-2.05
[depth_angular_controller-1] [INFO] [1791425799.545723083] [depth_angular_controller]: PAPER_BUILD reason=FULL_MOTION_CERTIFICATE required=0.0000 best=0.0000 free=0 refined=0 tubes=203 revoked_tubes=0 proofs=128
[depth_angular_controller-1] [INFO] [1791425799.545729365] [depth_angular_controller]: PAPER_EVIDENCE retained=16 balls=32 revoked_balls=0 expired_views=0 evicted_views=193 radius=0.580 clearance=0.000 best_prefix=0.000
[depth_angular_controller-1] [INFO] [1791425800.506880899] [depth_angular_controller]: OMNI_DEPTH views=4 azimuth_bins=180 elevation_bins=37 valid=1 certificates=0 short=0 held=0 local_candidates=2 yaw=-2.74
[depth_angular_controller-1] [INFO] [1791425800.507303954] [depth_angular_controller]: PAPER_BUILD reason=FULL_MOTION_CERTIFICATE required=0.0000 best=0.0000 free=0 refined=0 tubes=207 revoked_tubes=0 proofs=128
[depth_angular_controller-1] [INFO] [1791425800.507313292] [depth_angular_controller]: PAPER_EVIDENCE retained=16 balls=32 revoked_balls=0 expired_views=0 evicted_views=197 radius=0.580 clearance=0.000 best_prefix=0.000
[position_cmd_to_twist-2] [INFO] [1791425801.445058548] [position_cmd_to_twist]: [PERF BRIDGE] run=p5_retain_20261008_goal_v2_ego1p5_1 elapsed=71.00s received=3293 published=3293 fps(ros/wall)=59.96/57.35 controller_to_bridge_ms(mean/p50/p95/max)=0.127/0.000/0.000/33.333 bridge_process_ms(mean/p95/max)=0.089/0.116/0.983
[NAV] t=55.0s position=(33.55,12.67,4.49) yaw=-2.8deg command=(1.99,-0.10,-0.11) manual_active=1 collision_blocks=0
[depth_angular_controller-1] [INFO] [1791425801.525196923] [depth_angular_controller]: OMNI_DEPTH views=4 azimuth_bins=180 elevation_bins=37 valid=1 certificates=0 short=0 held=0 local_candidates=3 yaw=-3.65
[depth_angular_controller-1] [INFO] [1791425801.526253068] [depth_angular_controller]: PAPER_BUILD reason=FULL_MOTION_CERTIFICATE required=0.0000 best=0.0000 free=0 refined=0 tubes=211 revoked_tubes=0 proofs=128
[depth_angular_controller-1] [INFO] [1791425801.526463163] [depth_angular_controller]: PAPER_EVIDENCE retained=16 balls=32 revoked_balls=0 expired_views=0 evicted_views=201 radius=0.580 clearance=0.000 best_prefix=0.000
[depth_angular_controller-1] [INFO] [1791425802.492006751] [depth_angular_controller]: OMNI_DEPTH views=4 azimuth_bins=180 elevation_bins=37 valid=1 certificates=0 short=0 held=0 local_candidates=3 yaw=-26.53
[depth_angular_controller-1] [INFO] [1791425802.492407033] [depth_angular_controller]: PAPER_BUILD reason=FULL_MOTION_CERTIFICATE required=0.0000 best=0.0000 free=0 refined=0 tubes=215 revoked_tubes=0 proofs=128
[depth_angular_controller-1] [INFO] [1791425802.492414948] [depth_angular_controller]: PAPER_EVIDENCE retained=16 balls=32 revoked_balls=0 expired_views=0 evicted_views=205 radius=0.580 clearance=0.000 best_prefix=0.000
[depth_angular_controller-1] [INFO] [1791425803.506624956] [depth_angular_controller]: OMNI_DEPTH views=4 azimuth_bins=180 elevation_bins=37 valid=1 certificates=0 short=0 held=0 local_candidates=3 yaw=-18.84
[depth_angular_controller-1] [INFO] [1791425803.506992577] [depth_angular_controller]: PAPER_BUILD reason=FULL_MOTION_CERTIFICATE required=0.0000 best=0.0000 free=0 refined=0 tubes=219 revoked_tubes=0 proofs=128
[depth_angular_controller-1] [INFO] [1791425803.507002536] [depth_angular_controller]: PAPER_EVIDENCE retained=16 balls=32 revoked_balls=0 expired_views=0 evicted_views=209 radius=0.580 clearance=0.000 best_prefix=0.000
[depth_angular_controller-1] [INFO] [1791425804.268079297] [depth_angular_controller]: [PERF CTRL] run=p5_retain_20261008_goal_v2_ego1p5_1 elapsed=73.93s callbacks=3468 commands=3467 guidance=3347 command_fps(ros/wall)=59.97/57.54 guidance_wall_fps=57.31 avoid_ms(mean/p50/p95/max)=1.542/1.099/3.775/24.135 cycle_ms(mean/p95/max)=17.380/22.370/82.675 depth_to_cmd_ms(mean/p95/max)=40.091/66.667/100.000 callback_to_publish_ms(mean/p95/max)=3.418/7.867/24.688
[depth_angular_controller-1] [INFO] [1791425804.268401282] [depth_angular_controller]: EVIDENCE_COST ingest(mean/p95/max)=1.816/5.893/13.524 record=0.020/0.019/1.372 ms
[depth_angular_controller-1] [INFO] [1791425804.268409147] [depth_angular_controller]: EVIDENCE_PHASE per_view_mean_ms balls=0.075 tubes=0.048 history=0.304 eviction=0.001
[depth_angular_controller-1] [INFO] [1791425804.459008973] [depth_angular_controller]: OMNI_DEPTH views=4 azimuth_bins=180 elevation_bins=37 valid=1 certificates=0 short=0 held=0 local_candidates=3 yaw=0.69
[depth_angular_controller-1] [INFO] [1791425804.459455633] [depth_angular_controller]: PAPER_BUILD reason=FULL_MOTION_CERTIFICATE required=0.0000 best=0.0000 free=0 refined=0 tubes=223 revoked_tubes=0 proofs=128
[depth_angular_controller-1] [INFO] [1791425804.459464209] [depth_angular_controller]: PAPER_EVIDENCE retained=16 balls=32 revoked_balls=0 expired_views=0 evicted_views=213 radius=0.580 clearance=0.000 best_prefix=0.000
[depth_angular_controller-1] [INFO] [1791425805.411794044] [depth_angular_controller]: OMNI_DEPTH views=4 azimuth_bins=180 elevation_bins=37 valid=1 certificates=0 short=0 held=0 local_candidates=2 yaw=6.57
[depth_angular_controller-1] [INFO] [1791425805.412573449] [depth_angular_controller]: PAPER_BUILD reason=FULL_MOTION_CERTIFICATE required=0.0000 best=0.0000 free=0 refined=0 tubes=227 revoked_tubes=0 proofs=128
[depth_angular_controller-1] [INFO] [1791425805.412583157] [depth_angular_controller]: PAPER_EVIDENCE retained=16 balls=32 revoked_balls=0 expired_views=0 evicted_views=217 radius=0.580 clearance=0.000 best_prefix=0.000
[position_cmd_to_twist-2] [INFO] [1791425806.293031886] [position_cmd_to_twist]: [PERF BRIDGE] run=p5_retain_20261008_goal_v2_ego1p5_1 elapsed=75.84s received=3593 published=3593 fps(ros/wall)=59.97/57.70 controller_to_bridge_ms(mean/p50/p95/max)=0.116/0.000/0.000/33.333 bridge_process_ms(mean/p95/max)=0.090/0.116/1.122
[NAV] t=60.0s position=(43.07,11.10,4.18) yaw=0.3deg command=(1.88,0.42,-0.50) manual_active=1 collision_blocks=0
[depth_angular_controller-1] [INFO] [1791425806.377451687] [depth_angular_controller]: OMNI_DEPTH views=4 azimuth_bins=180 elevation_bins=37 valid=1 certificates=0 short=0 held=0 local_candidates=2 yaw=15.31
[depth_angular_controller-1] [INFO] [1791425806.378169035] [depth_angular_controller]: PAPER_BUILD reason=FULL_MOTION_CERTIFICATE required=0.0000 best=0.0000 free=0 refined=0 tubes=231 revoked_tubes=0 proofs=128
[depth_angular_controller-1] [INFO] [1791425806.378180366] [depth_angular_controller]: PAPER_EVIDENCE retained=16 balls=32 revoked_balls=0 expired_views=0 evicted_views=221 radius=0.580 clearance=0.000 best_prefix=0.000
[depth_angular_controller-1] [INFO] [1791425807.403881039] [depth_angular_controller]: OMNI_DEPTH views=4 azimuth_bins=180 elevation_bins=37 valid=1 certificates=0 short=0 held=0 local_candidates=3 yaw=12.26
[depth_angular_controller-1] [INFO] [1791425807.405095822] [depth_angular_controller]: PAPER_BUILD reason=FULL_MOTION_CERTIFICATE required=0.0000 best=0.0000 free=0 refined=0 tubes=236 revoked_tubes=0 proofs=128
[depth_angular_controller-1] [INFO] [1791425807.405115589] [depth_angular_controller]: PAPER_EVIDENCE retained=16 balls=32 revoked_balls=0 expired_views=0 evicted_views=225 radius=0.580 clearance=0.000 best_prefix=0.000
[depth_angular_controller-1] [INFO] [1791425808.367276360] [depth_angular_controller]: OMNI_DEPTH views=4 azimuth_bins=180 elevation_bins=37 valid=1 certificates=0 short=0 held=0 local_candidates=3 yaw=15.73
[depth_angular_controller-1] [INFO] [1791425808.367686080] [depth_angular_controller]: PAPER_BUILD reason=FULL_MOTION_CERTIFICATE required=0.0000 best=0.0000 free=0 refined=0 tubes=240 revoked_tubes=0 proofs=128
[depth_angular_controller-1] [INFO] [1791425808.367692452] [depth_angular_controller]: PAPER_EVIDENCE retained=16 balls=32 revoked_balls=0 expired_views=0 evicted_views=229 radius=0.580 clearance=0.000 best_prefix=0.000
[depth_angular_controller-1] [INFO] [1791425809.277115712] [depth_angular_controller]: [PERF CTRL] run=p5_retain_20261008_goal_v2_ego1p5_1 elapsed=78.94s callbacks=3769 commands=3768 guidance=3648 command_fps(ros/wall)=59.97/57.73 guidance_wall_fps=57.53 avoid_ms(mean/p50/p95/max)=1.555/1.150/3.751/24.135 cycle_ms(mean/p95/max)=17.321/22.365/82.675 depth_to_cmd_ms(mean/p95/max)=39.972/66.667/100.000 callback_to_publish_ms(mean/p95/max)=3.434/7.925/24.688
[depth_angular_controller-1] [INFO] [1791425809.277424272] [depth_angular_controller]: EVIDENCE_COST ingest(mean/p95/max)=1.816/5.922/13.524 record=0.020/0.019/1.372 ms
[depth_angular_controller-1] [INFO] [1791425809.277431546] [depth_angular_controller]: EVIDENCE_PHASE per_view_mean_ms balls=0.075 tubes=0.049 history=0.303 eviction=0.001
[depth_angular_controller-1] [INFO] [1791425809.453663381] [depth_angular_controller]: OMNI_DEPTH views=4 azimuth_bins=180 elevation_bins=37 valid=1 certificates=0 short=0 held=0 local_candidates=1 yaw=52.49
[depth_angular_controller-1] [INFO] [1791425809.453973523] [depth_angular_controller]: PAPER_BUILD reason=FULL_MOTION_CERTIFICATE required=0.0000 best=0.0000 free=0 refined=0 tubes=244 revoked_tubes=0 proofs=128
[depth_angular_controller-1] [INFO] [1791425809.453982009] [depth_angular_controller]: PAPER_EVIDENCE retained=16 balls=32 revoked_balls=0 expired_views=0 evicted_views=233 radius=0.580 clearance=0.000 best_prefix=0.000
[depth_angular_controller-1] [INFO] [1791425810.540482293] [depth_angular_controller]: OMNI_DEPTH views=4 azimuth_bins=180 elevation_bins=37 valid=1 certificates=0 short=0 held=0 local_candidates=2 yaw=-8.87
[depth_angular_controller-1] [INFO] [1791425810.575502777] [depth_angular_controller]: PAPER_BUILD reason=FULL_MOTION_CERTIFICATE required=0.0000 best=0.0000 free=0 refined=0 tubes=248 revoked_tubes=0 proofs=128
[depth_angular_controller-1] [INFO] [1791425810.575536842] [depth_angular_controller]: PAPER_EVIDENCE retained=16 balls=32 revoked_balls=0 expired_views=0 evicted_views=237 radius=0.580 clearance=0.000 best_prefix=0.000
[depth_angular_controller-1] [INFO] [1791425811.667616260] [depth_angular_controller]: COMPUTE_DEADLINE
[position_cmd_to_twist-2] [INFO] [1791425811.668178286] [position_cmd_to_twist]: [PERF BRIDGE] run=p5_retain_20261008_goal_v2_ego1p5_1 elapsed=81.22s received=3841 published=3841 fps(ros/wall)=59.26/56.84 controller_to_bridge_ms(mean/p50/p95/max)=0.438/0.000/0.000/83.333 bridge_process_ms(mean/p95/max)=0.090/0.116/1.122
[depth_angular_controller-1] [INFO] [1791425811.685485803] [depth_angular_controller]: DEPTH_PROPOSAL_CERTIFIED
[NAV] t=65.0s position=(50.86,13.98,1.86) yaw=-11.9deg command=(0.50,0.29,-0.10) manual_active=1 collision_blocks=0
[depth_angular_controller-1] [INFO] [1791425811.751587168] [depth_angular_controller]: OMNI_DEPTH views=4 azimuth_bins=180 elevation_bins=37 valid=1 certificates=0 short=0 held=0 local_candidates=2 yaw=-34.27
[depth_angular_controller-1] [INFO] [1791425811.788829808] [depth_angular_controller]: PAPER_BUILD reason=FULL_MOTION_CERTIFICATE required=0.0000 best=0.0000 free=0 refined=0 tubes=250 revoked_tubes=0 proofs=128
[depth_angular_controller-1] [INFO] [1791425811.788864764] [depth_angular_controller]: PAPER_EVIDENCE retained=16 balls=32 revoked_balls=0 expired_views=0 evicted_views=241 radius=0.580 clearance=0.000 best_prefix=0.000
[depth_angular_controller-1] [INFO] [1791425812.723287587] [depth_angular_controller]: OMNI_DEPTH views=4 azimuth_bins=180 elevation_bins=37 valid=1 certificates=0 short=0 held=0 local_candidates=3 yaw=-34.62
[depth_angular_controller-1] [INFO] [1791425812.752676397] [depth_angular_controller]: PAPER_BUILD reason=FULL_MOTION_CERTIFICATE required=0.0000 best=0.0000 free=0 refined=0 tubes=253 revoked_tubes=0 proofs=128
[depth_angular_controller-1] [INFO] [1791425812.752712666] [depth_angular_controller]: PAPER_EVIDENCE retained=16 balls=32 revoked_balls=0 expired_views=0 evicted_views=245 radius=0.580 clearance=0.000 best_prefix=0.000
[depth_angular_controller-1] [INFO] [1791425813.687737680] [depth_angular_controller]: OMNI_DEPTH views=4 azimuth_bins=180 elevation_bins=37 valid=1 certificates=0 short=0 held=0 local_candidates=1 yaw=-8.67
[depth_angular_controller-1] [INFO] [1791425813.716908772] [depth_angular_controller]: PAPER_BUILD reason=FULL_MOTION_CERTIFICATE required=0.0000 best=0.0000 free=0 refined=0 tubes=256 revoked_tubes=0 proofs=128
[depth_angular_controller-1] [INFO] [1791425813.716945741] [depth_angular_controller]: PAPER_EVIDENCE retained=16 balls=32 revoked_balls=0 expired_views=0 evicted_views=249 radius=0.580 clearance=0.000 best_prefix=0.000
[depth_angular_controller-1] [INFO] [1791425814.295804888] [depth_angular_controller]: [PERF CTRL] run=p5_retain_20261008_goal_v2_ego1p5_1 elapsed=83.96s callbacks=4003 commands=4002 guidance=3882 command_fps(ros/wall)=59.22/56.94 guidance_wall_fps=56.73 avoid_ms(mean/p50/p95/max)=1.960/1.192/4.142/81.300 cycle_ms(mean/p95/max)=17.562/22.843/82.675 depth_to_cmd_ms(mean/p95/max)=40.220/66.667/100.000 callback_to_publish_ms(mean/p95/max)=3.872/8.270/81.475
[depth_angular_controller-1] [INFO] [1791425814.296123367] [depth_angular_controller]: EVIDENCE_COST ingest(mean/p95/max)=1.855/5.984/13.524 record=0.022/0.020/1.372 ms
[depth_angular_controller-1] [INFO] [1791425814.296129078] [depth_angular_controller]: EVIDENCE_PHASE per_view_mean_ms balls=0.076 tubes=0.051 history=0.309 eviction=0.001
[depth_angular_controller-1] [INFO] [1791425814.726130475] [depth_angular_controller]: OMNI_DEPTH views=4 azimuth_bins=180 elevation_bins=37 valid=1 certificates=0 short=0 held=0 local_candidates=1 yaw=-6.50
[depth_angular_controller-1] [INFO] [1791425814.754814010] [depth_angular_controller]: PAPER_BUILD reason=FULL_MOTION_CERTIFICATE required=0.0000 best=0.0000 free=0 refined=0 tubes=256 revoked_tubes=0 proofs=128
[depth_angular_controller-1] [INFO] [1791425814.754846862] [depth_angular_controller]: PAPER_EVIDENCE retained=16 balls=32 revoked_balls=0 expired_views=0 evicted_views=253 radius=0.580 clearance=0.000 best_prefix=0.000
[depth_angular_controller-1] [INFO] [1791425815.710451001] [depth_angular_controller]: OMNI_DEPTH views=4 azimuth_bins=180 elevation_bins=37 valid=1 certificates=0 short=0 held=0 local_candidates=1 yaw=-6.38
[depth_angular_controller-1] [INFO] [1791425815.738335374] [depth_angular_controller]: PAPER_BUILD reason=FULL_MOTION_CERTIFICATE required=0.0000 best=0.0000 free=0 refined=0 tubes=256 revoked_tubes=0 proofs=128
[depth_angular_controller-1] [INFO] [1791425815.738368667] [depth_angular_controller]: PAPER_EVIDENCE retained=16 balls=32 revoked_balls=0 expired_views=0 evicted_views=257 radius=0.580 clearance=0.000 best_prefix=0.000
[position_cmd_to_twist-2] [INFO] [1791425816.587105198] [position_cmd_to_twist]: [PERF BRIDGE] run=p5_retain_20261008_goal_v2_ego1p5_1 elapsed=86.14s received=4142 published=4142 fps(ros/wall)=59.24/57.08 controller_to_bridge_ms(mean/p50/p95/max)=0.427/0.000/0.000/83.333 bridge_process_ms(mean/p95/max)=0.090/0.116/1.122
[NAV] t=70.0s position=(58.56,11.81,2.62) yaw=-6.4deg command=(1.99,-0.22,0.07) manual_active=1 collision_blocks=0
[depth_angular_controller-1] [INFO] [1791425816.668962473] [depth_angular_controller]: OMNI_DEPTH views=4 azimuth_bins=180 elevation_bins=37 valid=1 certificates=0 short=0 held=0 local_candidates=1 yaw=-6.38
[depth_angular_controller-1] [INFO] [1791425816.762045916] [depth_angular_controller]: PAPER_BUILD reason=FULL_MOTION_CERTIFICATE required=0.0000 best=0.0000 free=0 refined=0 tubes=256 revoked_tubes=0 proofs=128
[depth_angular_controller-1] [INFO] [1791425816.762083377] [depth_angular_controller]: PAPER_EVIDENCE retained=16 balls=32 revoked_balls=0 expired_views=0 evicted_views=261 radius=0.580 clearance=0.000 best_prefix=0.000
[depth_angular_controller-1] [INFO] [1791425817.755776988] [depth_angular_controller]: OMNI_DEPTH views=4 azimuth_bins=180 elevation_bins=37 valid=1 certificates=0 short=0 held=0 local_candidates=1 yaw=-6.38
[depth_angular_controller-1] [INFO] [1791425817.789852496] [depth_angular_controller]: PAPER_BUILD reason=FULL_MOTION_CERTIFICATE required=0.0000 best=0.0000 free=0 refined=0 tubes=256 revoked_tubes=0 proofs=128
[depth_angular_controller-1] [INFO] [1791425817.789886069] [depth_angular_controller]: PAPER_EVIDENCE retained=16 balls=32 revoked_balls=0 expired_views=0 evicted_views=265 radius=0.580 clearance=0.000 best_prefix=0.000
[depth_angular_controller-1] [INFO] [1791425818.841549925] [depth_angular_controller]: OMNI_DEPTH views=4 azimuth_bins=180 elevation_bins=37 valid=1 certificates=0 short=0 held=0 local_candidates=1 yaw=-6.38
[depth_angular_controller-1] [INFO] [1791425818.871815573] [depth_angular_controller]: PAPER_BUILD reason=FULL_MOTION_CERTIFICATE required=0.0000 best=0.0000 free=0 refined=0 tubes=256 revoked_tubes=0 proofs=128
[depth_angular_controller-1] [INFO] [1791425818.871853124] [depth_angular_controller]: PAPER_EVIDENCE retained=16 balls=32 revoked_balls=0 expired_views=0 evicted_views=269 radius=0.580 clearance=0.000 best_prefix=0.000
[depth_angular_controller-1] [INFO] [1791425819.300739776] [depth_angular_controller]: [PERF CTRL] run=p5_retain_20261008_goal_v2_ego1p5_1 elapsed=88.96s callbacks=4298 commands=4297 guidance=4177 command_fps(ros/wall)=59.27/57.07 guidance_wall_fps=56.88 avoid_ms(mean/p50/p95/max)=1.863/1.118/4.033/81.300 cycle_ms(mean/p95/max)=17.521/22.622/82.675 depth_to_cmd_ms(mean/p95/max)=40.400/66.667/100.000 callback_to_publish_ms(mean/p95/max)=3.794/8.169/81.475
[depth_angular_controller-1] [INFO] [1791425819.301142833] [depth_angular_controller]: EVIDENCE_COST ingest(mean/p95/max)=1.869/5.951/13.524 record=0.021/0.020/1.372 ms
[depth_angular_controller-1] [INFO] [1791425819.301149265] [depth_angular_controller]: EVIDENCE_PHASE per_view_mean_ms balls=0.076 tubes=0.050 history=0.312 eviction=0.001
[depth_angular_controller-1] [INFO] [1791425819.648971813] [depth_angular_controller]: ZERO_INTENT
[BENCHMARK RESULT] ARRIVED sim=72.017s
[PERF ISAAC FINAL] run=p5_retain_20261008_goal_v2_ego1p5_1 result=ARRIVED wall=77.05s sim_frames=4443 fps(sim/wall)=60.03/57.66 command_changes=3936 collision_blocks=0 frame_interval_ms(mean/p50/p95/max)=17.268/15.965/17.946/79.839
[90.004s] Simulation App Shutting Down
[depth_angular_controller-1] [INFO] [1791425821.356181213] [rclcpp]: signal_handler(SIGINT/SIGTERM)
[position_cmd_to_twist-2] [INFO] [1791425821.357265481] [position_cmd_to_twist]: [PERF BRIDGE FINAL] run=p5_retain_20261008_goal_v2_ego1p5_1 elapsed=90.91s received=4388 published=4388 fps(ros/wall)=59.28/57.22 controller_to_bridge_ms(mean/p50/p95/max)=0.403/0.000/0.000/83.333 bridge_process_ms(mean/p95/max)=0.090/0.116/1.122
[position_cmd_to_twist-2] Failed to publish log message to rosout: publisher's context is invalid, at ./src/rcl/publisher.c:389
[depth_angular_controller-1] [INFO] [1791425821.357266222] [depth_angular_controller]: [PERF CTRL FINAL] run=p5_retain_20261008_goal_v2_ego1p5_1 elapsed=91.02s callbacks=4389 commands=4388 guidance=4198 command_fps(ros/wall)=59.28/57.22 guidance_wall_fps=56.91 avoid_ms(mean/p50/p95/max)=1.856/1.113/4.029/81.300 cycle_ms(mean/p95/max)=17.476/22.546/82.675 depth_to_cmd_ms(mean/p95/max)=40.392/66.667/100.000 callback_to_publish_ms(mean/p95/max)=3.754/8.137/81.475
[depth_angular_controller-1] [INFO] [1791425821.357568210] [depth_angular_controller]: EVIDENCE_COST ingest(mean/p95/max)=1.865/5.928/13.524 record=0.021/0.020/1.372 ms
[depth_angular_controller-1] [INFO] [1791425821.357571526] [depth_angular_controller]: EVIDENCE_PHASE per_view_mean_ms balls=0.076 tubes=0.050 history=0.312 eviction=0.001
[INFO] [depth_angular_controller-1]: process has finished cleanly [pid 332003]
[INFO] [position_cmd_to_twist-2]: process has finished cleanly [pid 332005]
