[PERF] run=p5_retain_20261008_goal_v4_ego1p5_1 log=/home/starry/isaac-data/EGO1P5/performance/retain_gains_20261008/closed_loop/p5_retain_20261008_goal/p5_retain_20261008_goal_goal_v4_1_performance.md
[INPUT] mode=goal scene_mode=cloud
[LOCK] Waiting for shared Isaac navigation slot
[INFO] [launch]: All log files can be found below /tmp/fov_gvf_ego1p5_isaac_ros_log/2026-10-08-10-22-56-207346-starry-System-Product-Name-334794
[INFO] [launch]: Default logging verbosity is set to INFO
[INFO] [depth_angular_controller-1]: process started with pid [334809]
[INFO] [position_cmd_to_twist-2]: process started with pid [334811]
[depth_angular_controller-1] [INFO] [1791426176.244391599] [depth_angular_controller]: PROCESSING_RATES control=60.0 Hz depth_limit=10.0 Hz (0=unlimited)
[depth_angular_controller-1] [INFO] [1791426176.246745983] [depth_angular_controller]: C++ controller commands publish on /position_cmd; horizontal views=4
[ROS CHECK] ROS_DOMAIN_ID=42 /position_cmd publishers=1
Type: pc_gvf_msgs/msg/PositionCommand
Publisher count: 1
Subscription count: 1
/depth_angular_controller
/position_cmd_to_twist
WARNING: All log messages before absl::InitializeLog() is called are written to STDERR
E0000 00:00:1791426177.193995  334863 descriptor_database.cc:633] File already exists in database: grpc/health/v1/health.proto
W0000 00:00:1791426177.194016  334863 message.cc:301] Protobuf GeneratedMessageFactory: File is already registered: grpc/health/v1/health.proto
2026-10-08T02:22:56Z [Info] [carb] Logging to file: /home/starry/isaac-data/isaacsim/kit/logs/Kit/Isaac-Sim Python/6.0/kit_20261008_102256.log
[0.043s] [ext: omni.assets.plugins-0.0.0] startup
[0.044s] [ext: omni.blobkey-1.1.2] startup
[0.044s] [ext: omni.kit.async_engine-0.0.3] startup
[0.312s] [ext: omni.client.lib-1.1.1] startup
[0.320s] [ext: omni.client-1.3.0] startup
[0.322s] [ext: omni.protobuf.lib-1.0.0] startup
[0.323s] [ext: omni.grpc.lib-1.0.0] startup
[0.326s] [ext: omni.metrics.core-0.0.3] startup
[0.326s] [ext: omni.datastore-0.0.0] startup
[0.326s] [ext: omni.gpu_foundation.shadercache.vulkan-1.0.0] startup
[0.328s] [ext: omni.hsscclient-1.1.4] startup
[0.329s] [ext: omni.stats-1.0.1] startup
[0.329s] [ext: omni.ujitso.default-1.0.0] startup
[0.332s] [ext: omni.gpu_foundation-0.0.0] startup
[0.462s] [ext: carb.windowing.plugins-1.0.1] startup
[0.462s] [ext: omni.kit.renderer.init-1.0.1] startup
2026-10-08T02:22:57Z [659ms] [Warning] [omni.rtx] Skipping unsupported non-NVIDIA GPU: AMD Unknown (RADV RAPHAEL_MENDOCINO)
2026-10-08T02:22:57Z [660ms] [Warning] [omni.rtx] Skipping unsupported non-NVIDIA GPU: AMD Unknown (RADV RAPHAEL_MENDOCINO)

|---------------------------------------------------------------------------------------------|
| Driver Version: 580.178.04    | Graphics API: Vulkan
|=============================================================================================|
| GPU | Name                             | Active | LDA | GPU Memory | Vendor-ID | LUID       |
|     |                                  |        |     |            | Device-ID | UUID       |
|     |                                  |        |     |            | Bus-ID    |            |
|---------------------------------------------------------------------------------------------|
| 0   | NVIDIA GeForce RTX 5070          | Yes: 0 |     | 12227   MB | 10de      | 0          |
|     |                                  |        |     |            | 2f04      | 348d89fe.. |
|     |                                  |        |     |            | 1         |            |
|---------------------------------------------------------------------------------------------|
| 1   | AMD Unknown (RADV RAPHAEL_MEND.. |        |     | 10755   MB | 1002      | 0          |
|     |                                  |        |     |            | 13c0      | 00000000.. |
|     |                                  |        |     |            | c         |            |
|=============================================================================================|
| OS: 22.04.5 LTS (Jammy Jellyfish) ubuntu, Version: 22.04.5, Kernel: 6.8.0-138-generic
| XServer Vendor: The X.Org Foundation, XServer Version: 12101004 (1.21.1.4)
| Processor: AMD Ryzen 5 9600X 6-Core Processor
| Cores: 6 | Logical Cores: 12
|---------------------------------------------------------------------------------------------|
| Total Memory (MB): 31241 | Free Memory: 21896
| Total Page/Swap (MB): 15624 | Free Page/Swap: 15624
|---------------------------------------------------------------------------------------------|
2026-10-08T02:22:57Z [863ms] [Warning] [omni.rtx] CPU performance profile is set to powersave. This profile sets the CPU to the lowest frequency reducing performance.
2026-10-08T02:22:57Z [872ms] [Warning] [omni.rtx] IOMMU is enabled.
[0.975s] [ext: omni.kit.pipapi-0.0.0] startup
[0.976s] [ext: omni.kit.pip_archive-0.0.0] startup
[0.976s] [ext: isaacsim.pip.newton-0.6.1] startup
[0.976s] [ext: omni.pip.compute-1.9.2] startup
[0.977s] [ext: omni.isaac.core_archive-5.3.1] startup
[0.977s] [ext: omni.kit.telemetry-0.5.2] startup
[0.996s] [ext: omni.kit.loop-isaac-1.6.0] startup
[0.997s] [ext: omni.kit.test-2.0.7] startup
[1.049s] [ext: omni.materialx.libs-1.0.9] startup
[1.055s] [ext: omni.gpucompute.plugins-0.0.0] startup
[1.055s] [ext: omni.usd.config-1.0.7] startup
[1.058s] [ext: omni.usd.libs-1.0.3] startup
[1.114s] [ext: omni.iray.libs-0.0.1] startup
[1.117s] [ext: omni.mdl-57.0.3] startup
[1.178s] [ext: omni.mdl.neuraylib-0.2.20] startup
[1.180s] [ext: omni.kit.usd.mdl-1.1.9] startup
[1.264s] [ext: omni.appwindow-1.2.2] startup
[1.266s] [ext: omni.kit.renderer.core-1.2.2] startup
2026-10-08T02:23:03Z [6,474ms] [Warning] [carb.windowing-glfw.gamepad] Joystick with unknown remapping detected (will be ignored):  BEITONG BEITONG A2P3A BFM DONGLE [03000000bc2000001c51000011010000]
[6.505s] [ext: omni.kit.renderer.capture-2.0.1] startup
[6.507s] [ext: omni.kit.renderer.imgui-2.0.6] startup
[6.544s] [ext: omni.ui-3.2.0] startup
[6.551s] [ext: omni.kit.mainwindow-1.0.3] startup
[6.551s] [ext: carb.audio-0.1.0] startup
[6.553s] [ext: omni.uiaudio-1.0.0] startup
[6.554s] [ext: omni.kit.uiapp-0.0.0] startup
[6.554s] [ext: omni.usd.schema.metrics.assembler-110.1.0] startup
[6.556s] [ext: omni.usd.schema.audio-0.0.1] startup
[6.559s] [ext: omni.usd_resolver-1.0.0] startup
[6.561s] [ext: omni.usd.core-1.8.3] startup
[6.563s] [ext: omni.metropolis.schema-0.0.3] startup
[6.564s] [ext: isaacsim.anim.robot.schema-0.1.1] startup
[6.564s] [ext: omni.usd.schema.anim-0.0.1] startup
[6.577s] [ext: omni.usd.schema.geospatial-0.0.1] startup
[6.579s] [ext: omni.usd.schema.omnigraph-1.0.1] startup
[6.583s] [ext: omni.usd.schema.semantics-0.0.0] startup
[6.585s] [ext: omni.activity.core-1.0.3] startup
[6.586s] [ext: omni.cubric-0.1.0] startup
[6.586s] [ext: omni.graph.exec-0.9.6] startup
[6.586s] [ext: omni.hydra.scene_delegate-0.3.5] startup
[6.588s] [ext: usdrt.scenegraph-7.6.3] startup
[6.607s] [ext: omni.hydra.usdrt_delegate-7.5.2] startup
[6.611s] [ext: omni.inspect-1.0.2] startup
[6.612s] [ext: omni.kit.actions.core-1.0.0] startup
[6.613s] [ext: omni.kit.audiodeviceenum-1.0.2] startup
[6.614s] [ext: omni.kit.commands-1.5.0] startup
[6.616s] [ext: omni.kit.exec.core-0.13.5] startup
[6.617s] [ext: omni.kit.usd_undo-0.1.8] startup
[6.617s] [ext: omni.kit.window.popup_dialog-2.0.25] startup
[6.620s] [ext: omni.kit.widget.nucleus_connector-2.3.1] startup
[6.622s] [ext: omni.timeline-1.1.0] startup
[6.624s] [ext: omni.usd-1.16.0] startup
[6.649s] [ext: omni.graph.core-3.1.2] startup
[6.651s] [ext: omni.kit.notification_manager-1.0.11] startup
[6.653s] [ext: isaacsim.core.deprecation_manager-0.4.2] startup
[6.654s] [ext: isaacsim.replicator.agent.schema-0.1.1] startup
[6.654s] [ext: isaacsim.robot.schema-6.3.7] startup
[6.658s] [ext: isaacsim.robot_motion.schema-0.2.1] startup
[6.659s] [ext: omni.anim.behavior.schema-110.1.0] startup
[6.662s] [ext: omni.anim.graph.schema-110.1.1] startup
[6.666s] [ext: omni.anim.navigation.schema-110.1.0] startup
[6.669s] [ext: omni.behavior.tree.schema-110.1.0] startup
[6.669s] [ext: omni.isaac.ml_archive-3.3.0] startup
[6.670s] [ext: omni.kit.asset_converter-6.0.1] startup
[6.678s] [ext: omni.pip.cloud-1.5.4] startup
[6.680s] [ext: omni.usd.schema.flow-110.0.0] startup
[6.681s] [ext: omni.usd.schema.mujoco-1.1.1] startup
[6.681s] [ext: omni.usd.schema.newton-1.2.1] startup
[6.682s] [ext: omni.usd.schema.omni_lens_distortion-1.0.0] startup
[6.682s] [ext: omni.usd.schema.omni_projectors-1.0.0] startup
[6.682s] [ext: omni.usd.schema.omni_sensors-0.0.0] startup
[6.689s] [ext: omni.usd.schema.omniscripting-1.0.1] startup
[6.691s] [ext: omni.usd.schema.physical_lighting-0.1.0] startup
[6.694s] [ext: omni.usd.schema.physx-110.1.13] startup
[6.718s] [ext: omni.usd.schema.render_settings.rtx-1.0.2] startup
[6.720s] [ext: omni.usd.schema.usd_particle_field-1.0.0] startup
[6.721s] [ext: isaacsim.core.version-2.1.1] startup
[6.721s] [ext: omni.kit.menu.core-1.2.0] startup
[6.722s] [ext: omni.kit.menu.utils-2.2.4] startup
[6.727s] [ext: isaacsim.app.about-2.3.1] startup
[6.731s] [ext: isaacsim.asset.transformer-1.2.5] startup
[6.733s] [ext: omni.scene.optimizer.core-110.1.0] startup
[6.763s] [ext: isaacsim.asset.importer.utils-1.8.1] startup
[6.765s] [ext: omni.convexdecomposition-110.1.13] startup
[6.766s] [ext: omni.physics-110.1.13] startup
[6.769s] [ext: omni.physx.gpu-110.1.13] startup
[6.769s] [ext: omni.physx.foundation-110.1.13] startup
[6.770s] [ext: omni.usdphysics-110.1.13] startup
[6.771s] [ext: omni.physx.cooking-110.1.13] startup
[6.773s] [ext: omni.physx-110.1.13] startup
[6.779s] [ext: omni.physics.physx-110.1.13] startup
[6.781s] [ext: isaacsim.asset.exporter.urdf-2.0.5] startup
[6.787s] [ext: omni.kit.clipboard-1.1.1] startup
[6.788s] [ext: omni.kit.usd.layers-2.6.1] startup
[6.793s] [ext: omni.kit.widget.context_menu-1.4.0] startup
[6.794s] [ext: omni.kit.context_menu-1.9.0] startup
[6.795s] [ext: omni.kit.helper.file_utils-0.1.10] startup
[6.796s] [ext: omni.kit.widget.nucleus_info-2.0.2] startup
[6.796s] [ext: omni.kit.search_core-1.0.8] startup
[6.797s] [ext: omni.kit.widget.path_field-2.0.13] startup
[6.797s] [ext: omni.kit.widget.browser_bar-2.0.10] startup
[6.798s] [ext: omni.kit.widget.filebrowser-2.13.4] startup
[6.801s] [ext: omni.kit.widget.options_menu-1.1.6] startup
[6.803s] [ext: omni.kit.widget.options_button-1.0.3] startup
[6.804s] [ext: omni.kit.widget.search_delegate-1.0.9] startup
[6.804s] [ext: omni.ui.scene-2.0.3] startup
[6.808s] [ext: omni.kit.window.filepicker-2.15.5] startup
[6.818s] [ext: omni.kit.window.file_importer-1.1.21] startup
[6.819s] [ext: omni.kit.material.library-3.1.2] startup
[6.823s] [ext: isaacsim.asset.transformer.rules-1.7.10] startup
[6.830s] [ext: omni.usdex.libs-2.2.2] startup
[6.836s] [ext: isaacsim.asset.importer.mjcf-3.10.1] startup
[6.837s] [ext: isaacsim.asset.importer.urdf-3.11.2] startup
[6.840s] [ext: omni.kit.primitive.mesh-1.1.0] startup
[6.842s] [ext: omni.kit.stage_template.core-1.1.22] startup
[6.842s] [ext: omni.kit.stage_templates-2.0.2] startup
[6.844s] [ext: omni.usd.metrics.assembler-110.1.2] startup
[6.846s] [ext: omni.warp.core-1.13.0] startup
[7.024s] [ext: isaacsim.core.experimental.utils-0.17.2] startup
[7.025s] [ext: omni.physics.stageupdate-110.1.13] startup
[7.027s] [ext: omni.physics.tensors-110.1.13] startup
[7.030s] [ext: omni.physx.tensors-110.1.13] startup
[7.033s] [ext: isaacsim.core.simulation_manager-1.15.6] startup
[7.042s] [ext: isaacsim.storage.native-1.9.3] startup
[7.043s] [ext: omni.usd.metrics.assembler.physics-110.1.13] startup
[7.044s] [ext: isaacsim.core.utils-4.1.7] startup
[7.046s] [ext: isaacsim.core.prims-0.11.7] startup
[7.915s] [ext: isaacsim.core.api-5.2.13] startup
[7.921s] [ext: isaacsim.core.cloner-1.7.3] startup
[7.921s] [ext: isaacsim.test.docstring-1.3.2] startup
[7.923s] [ext: isaacsim.core.experimental.prims-1.8.9] startup
[7.941s] [ext: isaacsim.core.experimental.primdata-0.3.2] startup
[7.942s] [ext: omni.graph.tools-1.81.0] startup
[7.960s] [ext: omni.graph-1.142.5] startup
[7.991s] [ext: isaacsim.core.experimental.actuators-0.1.2] startup
[8.003s] [ext: isaacsim.core.experimental.materials-0.7.1] startup
[8.006s] [ext: isaacsim.core.experimental.objects-0.8.1] startup
[8.057s] [ext: omni.hydra.engine.stats-1.0.5] startup
[8.059s] [ext: omni.hydra.rtx.shadercache.vulkan-1.0.0] startup
[8.059s] [ext: omni.index.libs-387500.4413.0] startup
[8.059s] [ext: omni.index-1.0.1] startup
[8.060s] [ext: omni.ujitso.client-0.0.0] startup
[8.060s] [ext: omni.usd.schema.playback-1.0.0] startup
[8.063s] [ext: omni.volume-0.5.2] startup
[8.066s] [ext: omni.hydra.rtx-1.0.4] startup
2026-10-08T02:23:04Z [8,056ms] [Warning] [omni.log] Source: omni.hydra was already registered.
[8.087s] [ext: omni.kit.hydra_texture-1.6.0] startup
[8.090s] [ext: omni.kit.raycast.query-1.2.0] startup
[8.093s] [ext: omni.kit.viewport.legacy_gizmos-1.0.24] startup
[8.095s] [ext: omni.kit.viewport.registry-104.0.6] startup
[8.095s] [ext: omni.kit.viewport.scene_camera_model-1.0.7] startup
[8.098s] [ext: omni.kit.widget.viewport-109.2.0] startup
[8.101s] [ext: omni.kit.window.drop_support-1.0.8] startup
[8.102s] [ext: omni.kit.viewport.window-109.0.2] startup
[8.115s] [ext: omni.kit.viewport.utility-2.0.1] startup
[8.116s] [ext: isaacsim.core.rendering_manager-0.4.3] startup
[8.135s] [ext: omni.graph.action_core-1.1.9] startup
[8.137s] [ext: omni.graph.action_nodes_core-2.11.0] startup
[8.139s] [ext: omni.graph.action_nodes-2.11.0] startup
[8.154s] [ext: omni.graph.action-2.10.2] startup
[8.155s] [ext: omni.graph.image.core-0.6.1] startup
[8.156s] [ext: omni.graph.image.nodes-1.3.1] startup
[8.157s] [ext: omni.graph.nodes_core-2.11.0] startup
[8.161s] [ext: omni.graph.nodes-2.12.0] startup
[8.165s] [ext: omni.kit.hotkeys.core-1.3.12] startup
[8.166s] [ext: omni.kit.property.adapter.core-1.1.1] startup
[8.167s] [ext: omni.kit.property.adapter.usd-1.0.5] startup
[8.169s] [ext: omni.kit.widget.filter-1.1.5] startup
[8.169s] [ext: omni.kit.widget.highlight_label-1.0.3] startup
[8.170s] [ext: omni.kit.widget.searchfield-1.1.8] startup
[8.171s] [ext: omni.kit.window.file_exporter-1.0.36] startup
[8.172s] [ext: omni.kit.widget.stage-4.4.0] startup
[8.179s] [ext: omni.kit.window.content_browser_registry-0.0.6] startup
[8.180s] [ext: omni.kit.window.file-2.0.10] startup
[8.182s] [ext: omni.kit.window.content_browser-3.1.8] startup
[8.190s] [ext: omni.kit.window.property-1.15.1] startup
[8.199s] [ext: omni.kit.property.usd-4.9.4] startup
[8.207s] [ext: omni.graph.scriptnode-2.10.2] startup
[8.214s] [ext: omni.kit.widget.searchable_combobox-1.0.7] startup
[8.215s] [ext: omni.kit.widget.settings-2.0.0] startup
[8.217s] [ext: omni.kit.window.preferences-1.8.3] startup
[8.221s] [ext: omni.kit.viewport.menubar.core-107.2.2] startup
[8.230s] [ext: omni.syntheticdata-0.6.15] startup
[8.253s] [ext: omni.replicator.nv-1.1.1] startup
[8.257s] [ext: omni.videoencoding-0.2.1] startup
[8.258s] [ext: omni.replicator.core-1.13.27] startup
2026-10-08T02:23:05Z [8,244ms] [Warning] [pxr.Semantics] pxr.Semantics is deprecated - please use Semantics instead
2026-10-08T02:23:05Z [8,310ms] [Warning] [omni.replicator.core.scripts.extension] No material configuration file, adding configuration to material settings directly.
[8.457s] [ext: isaacsim.core.nodes-5.10.5] startup
[8.482s] [ext: isaacsim.core.throttling-2.3.5] startup
[8.483s] [ext: omni.kit.manipulator.viewport-107.0.1] startup
[8.484s] [ext: omni.graph.visualization.nodes-2.1.4] startup
[8.495s] [ext: omni.kit.window.extensions-1.5.10] startup
[8.500s] [ext: isaacsim.gui.components-1.8.5] startup
[8.504s] [ext: isaacsim.robot.surface_gripper-3.6.2] startup
[8.513s] [ext: isaacsim.robot.manipulators-3.4.4] startup
[8.522s] [ext: isaacsim.robot_motion.lula-4.1.3] startup
[8.527s] [ext: isaacsim.robot_motion.motion_generation-8.2.9] startup
[8.531s] [ext: isaacsim.cortex.framework-1.0.18] startup
[8.533s] [ext: isaacsim.cortex.behaviors-2.0.17] startup
[8.534s] [ext: isaacsim.examples.base-1.3.2] startup
[8.535s] [ext: omni.kit.widget.zoombar-1.0.7] startup
[8.536s] [ext: omni.kit.browser.core-2.3.18] startup
[8.539s] [ext: omni.kit.browser.folder.core-2.0.2] startup
[8.542s] [ext: omni.kit.widget.stage_icons-1.0.8] startup
[8.542s] [ext: omni.kit.window.stage-2.6.1] startup
[8.545s] [ext: omni.kit.menu.stage-1.2.7] startup
[8.546s] [ext: omni.kit.usd.collect-3.0.6] startup
[8.548s] [ext: omni.kit.widget.prompt-1.0.7] startup
[8.549s] [ext: omni.kit.tool.collect-2.2.19] startup
[8.550s] [ext: isaacsim.examples.browser-0.3.2] startup
[8.552s] [ext: omni.kit.search.files-1.0.4] startup
[8.553s] [ext: omni.kit.widget.calendar-1.0.9] startup
[8.554s] [ext: omni.kit.widget.extended_searchfield-1.0.31] startup
[8.560s] [ext: omni.simready.content.browser-0.3.7] startup
[8.644s] [ext: isaacsim.gui.content_browser-0.4.3] startup
[8.646s] [ext: omni.kit.selection-0.1.6] startup
[8.647s] [ext: isaacsim.gui.menu-2.10.5] startup
[8.654s] [ext: isaacsim.gui.property-1.6.4] startup
[8.660s] [ext: omni.kit.viewport.actions-110.0.0] startup
[8.664s] [ext: omni.kit.viewport.menubar.display-107.1.3] startup
[8.665s] [ext: isaacsim.gui.sensors.icon-2.2.1] startup
[8.667s] [ext: omni.behavior.scripting.core-110.1.0] startup
[8.670s] [ext: isaacsim.replicator.behavior-1.5.4] startup
[8.671s] [ext: isaacsim.replicator.experimental.domain_randomization-1.2.5] startup
[8.683s] [ext: isaacsim.replicator.domain_randomization-1.2.2] startup
[8.749s] [ext: isaacsim.replicator.writers-1.5.4] startup
[8.771s] [ext: isaacsim.robot.experimental.wheeled_robots-0.2.11] startup
[8.790s] [ext: isaacsim.robot.policy.examples-5.2.12] startup
[8.807s] [ext: isaacsim.robot.wheeled_robots-5.2.4] startup
[8.810s] [ext: isaacsim.robot.wheeled_robots.nodes-0.1.5] startup
[8.826s] [ext: isaacsim.robot_motion.experimental.motion_generation-6.1.3] startup
[8.836s] [ext: isaacsim.robot_motion.cumotion-1.3.1] startup
[8.847s] [ext: omni.kit.numpy.common-0.1.3] startup
[8.848s] [ext: isaacsim.sensors.camera-1.7.9] startup
[8.875s] [ext: isaacsim.sensors.experimental.physics-3.0.2] startup
[8.881s] [ext: omni.sensors.net-1.0.1] startup
[8.883s] [ext: omni.sensors.nv.common-3.0.0] startup
[8.891s] [ext: omni.sensors.nv.materials-2.0.0] startup
[8.894s] [ext: omni.sensors.nv.acoustic-3.0.0] startup
[8.896s] [ext: omni.sensors.nv.ids-2.0.1] startup
[8.897s] [ext: omni.sensors.nv.lidar-3.0.0] startup
[8.900s] [ext: omni.sensors.nv.radar-3.0.0] startup
[8.902s] [ext: isaacsim.sensors.experimental.rtx-1.4.6] startup
[9.128s] [ext: isaacsim.sensors.physics.nodes-1.5.3] startup
[9.134s] [ext: isaacsim.util.debug_draw-3.2.3] startup
[9.138s] [ext: isaacsim.sensors.physx-2.5.5] startup
[9.144s] [ext: isaacsim.sensors.rtx-15.17.1] startup
[9.152s] [ext: isaacsim.simulation_app-2.18.4] startup
[9.153s] [ext: omni.anim.curve.core-1.6.0] startup
[9.161s] [ext: omni.graph.ui_nodes-2.11.1] startup
[9.180s] [ext: omni.hydra.scene_api-0.1.3] startup
[9.184s] [ext: omni.kit.manipulator.camera-110.0.0] startup
[9.187s] [ext: omni.kit.manipulator.selector-1.1.4] startup
[9.188s] [ext: omni.kit.manipulator.transform-107.0.0] startup
[9.191s] [ext: omni.kit.widget.toolbar-2.1.0] startup
[9.196s] [ext: omni.kit.manipulator.tool.snap-1.5.14] startup
[9.199s] [ext: omni.kit.viewport.manipulator.transform-107.0.4] startup
[9.201s] [ext: omni.kit.manipulator.prim.core-108.0.2] startup
[9.206s] [ext: omni.kit.manipulator.prim.usd-107.0.3] startup
[9.207s] [ext: omni.kit.manipulator.prim-108.0.0] startup
[9.207s] [ext: omni.kit.manipulator.selection-109.0.1] startup
[9.208s] [ext: omni.kit.menu.create-2.0.2] startup
[9.209s] [ext: omni.kit.property.audio-1.0.16] startup
[9.212s] [ext: omni.kit.property.camera-1.0.14] startup
[9.213s] [ext: omni.kit.property.geometry-2.1.2] startup
[9.216s] [ext: omni.kit.property.light-1.0.14] startup
2026-10-08T02:23:06Z [9,214ms] [Warning] [omni.usd] Encountered USD Warnings but USD Diagnostics are currently muted. To view USD Warnings, please set the '/persistent/app/usd/muteUsdDiagnostics' setting to false in Preferences page.
[9.241s] [ext: omni.kit.property.material-1.14.6] startup
[9.246s] [ext: omni.kit.property.render-1.2.2] startup
[9.247s] [ext: omni.kit.property.transform-1.6.9] startup
[9.250s] [ext: omni.kit.property.bundle-1.5.1] startup
[9.251s] [ext: omni.kit.usdz_export-1.1.0] startup
[9.253s] [ext: omni.kit.tool.asset_importer-6.0.1] startup
[9.258s] [ext: omni.kit.ui.actions-1.0.5] startup
[9.259s] [ext: omni.kit.viewport.menubar.camera-107.0.10] startup
[9.263s] [ext: omni.kit.viewport.menubar.lighting-107.3.2] startup
[9.265s] [ext: omni.kit.viewport.menubar.render-110.0.0] startup
[9.267s] [ext: omni.kit.viewport.menubar.settings-110.0.1] startup
[9.270s] [ext: omni.kit.window.console-1.1.9] startup
[9.273s] [ext: omni.kit.window.status_bar-0.1.11] startup
[9.275s] [ext: omni.kit.window.toolbar-3.0.3] startup
[9.277s] [ext: omni.ocio-0.1.1] startup
[9.278s] [ext: omni.physx.commands-110.1.13] startup
[9.281s] [ext: omni.replicator.replicator_yaml-2.0.12] startup
[9.290s] [ext: omni.rtx.window.settings-0.8.0] startup
[9.294s] [ext: omni.rtx.settings.core-0.7.1] startup
[9.296s] [ext: omni.usd.metrics.assembler.ui-110.1.1] startup
[9.302s] [ext: semantics.schema.editor-2.0.2] startup
[9.304s] [ext: semantics.schema.property-2.0.2] startup
[9.305s] [ext: omni.kit.menu.common-2.0.2] startup
[9.306s] [ext: isaacsim.exp.base-6.0.1] startup
[9.307s] [ext: isaacsim.exp.base.python-6.0.1] startup
[9.308s] Simulation App Starting
[10.353s] Simulation App Startup Complete
[10.357s] app ready
Starting kit application with the following args:  ['/home/starry/isaac-data/isaacsim/exts/isaacsim.simulation_app/isaacsim/simulation_app/simulation_app.py', '/home/starry/isaac-data/isaacsim/apps/isaacsim.exp.base.python.kit', '--/app/tokens/exe-path=/home/starry/isaac-data/isaacsim/kit', '--/persistent/app/viewport/displayOptions=3094', '--/rtx/materialDb/syncLoads=True', '--/rtx/hydra/materialSyncLoads=True', '--/omni/kit/plugin/syncUsdLoads=True', '--/app/renderer/resolution/width=1280', '--/app/renderer/resolution/height=720', '--/app/window/width=1440', '--/app/window/height=900', '--/renderer/multiGpu/enabled=False', '--/app/fastShutdown=True', '--/app/installSignalHandlers=0', '--ext-folder', '/home/starry/isaac-data/isaacsim/exts', '--ext-folder', '/home/starry/isaac-data/isaacsim/apps', '--/renderer/activeGpu=0', '--/physics/cudaDevice=0', '--/plugins/carb.tasking.plugin/threadCount=12', '--/plugins/omni.tbb.globalcontrol/maxThreadCount=12', '--portable', '--no-window', '--/app/window/hideUi=1']
Passing the following args to the base kit application:  []
Warp 1.13.0 initialized:
   CUDA Toolkit 12.9, Driver 13.0
   Devices:
     "cpu"      : "x86_64"
     "cuda:0"   : "NVIDIA GeForce RTX 5070" (11 GiB, sm_120, mempool enabled)
   Kernel cache:
     /home/starry/.cache/warp/1.13.0
[LIGHTING] sun=800.0 (1) dome=0.0 (1) ambient=0.05 constant_color=(0.6, 0.65, 0.7)
[RENDER] mode=MinimalRendering minimal_shading_mode=2 anti_aliasing=TAA
[DEPTH CAMERAS] count=4 resolution_each=320x240 horizontal_coverage=360deg
[ESDF] path=/home/starry/isaac-data/EGO1P5/scenes/ego_swarm_cloud/occupancy.bin shape=(400, 300, 50) resolution=0.40m
[depth_angular_controller-1] [INFO] [1791426189.562259667] [depth_angular_controller]: WAITING_ODOMETRY
[NAV] t=0.0s position=(-64.00,-11.20,2.80) yaw=1.2deg command=(0.00,0.00,0.00) manual_active=0 collision_blocks=0
[depth_angular_controller-1] [INFO] [1791426189.933362996] [depth_angular_controller]: WAITING_VERIFIED_START_POSE
[depth_angular_controller-1] [INFO] [1791426189.970248806] [depth_angular_controller]: VERIFIED_FREE_SEED center=(-64.000,-11.200,2.800) radius=2.500 balls=1: verified fixed Cloud free ball; USD and occupancy SHA-256 matched
[depth_angular_controller-1] [INFO] [1791426189.971466685] [depth_angular_controller]: ZERO_INTENT
[depth_angular_controller-1] [INFO] [1791426191.673331371] [depth_angular_controller]: OMNI_DEPTH views=4 azimuth_bins=180 elevation_bins=37 valid=1 certificates=0 short=0 held=0 local_candidates=3 yaw=31.36
[depth_angular_controller-1] [INFO] [1791426191.673438382] [depth_angular_controller]: DEPTH_PROPOSAL_CERTIFIED
[depth_angular_controller-1] [INFO] [1791426191.673445265] [depth_angular_controller]: PAPER_BUILD reason=FULL_MOTION_CERTIFICATE required=0.0000 best=0.0000 free=0 refined=0 tubes=0 revoked_tubes=0 proofs=0
[depth_angular_controller-1] [INFO] [1791426191.673452138] [depth_angular_controller]: PAPER_EVIDENCE retained=8 balls=1 revoked_balls=0 expired_views=0 evicted_views=0 radius=0.580 clearance=0.000 best_prefix=0.000
[depth_angular_controller-1] [INFO] [1791426192.809822433] [depth_angular_controller]: OMNI_DEPTH views=4 azimuth_bins=180 elevation_bins=37 valid=1 certificates=0 short=0 held=0 local_candidates=3 yaw=21.27
[depth_angular_controller-1] [INFO] [1791426192.810730269] [depth_angular_controller]: PAPER_BUILD reason=FULL_MOTION_CERTIFICATE required=0.0000 best=0.0000 free=0 refined=0 tubes=1 revoked_tubes=0 proofs=54
[depth_angular_controller-1] [INFO] [1791426192.810752631] [depth_angular_controller]: PAPER_EVIDENCE retained=12 balls=4 revoked_balls=0 expired_views=0 evicted_views=0 radius=0.580 clearance=0.000 best_prefix=0.000
[10.878s] [ext: isaacsim.sensors.rtx.nodes-0.1.2] startup
[10.886s] [ext: isaacsim.ros2.core-1.9.4] startup
[10.900s] Attempting to load system rclpy
[10.900s] Could not import system rclpy: No module named 'rclpy'
[10.900s] Attempting to load internal rclpy for ROS Distro: humble
[10.912s] rclpy loaded
[10.915s] [ext: isaacsim.ros2.nodes-1.18.13] startup
[10.948s] [ext: isaacsim.ros2.examples-1.2.4] startup
[10.953s] [ext: isaacsim.ros2.ui-1.6.5] startup
[11.158s] [ext: isaacsim.ros2.bridge-5.1.2] startup
2026-10-08T02:23:09Z [13,084ms] [Warning] [omni.timeline.plugin] Deprecated: direct use of ITimeline callbacks is deprecated. Use ITimeline::getTimeline (Python: omni.timeline.get_timeline_interface) instead.
[depth_angular_controller-1] [INFO] [1791426193.830842178] [depth_angular_controller]: OMNI_DEPTH views=4 azimuth_bins=180 elevation_bins=37 valid=1 certificates=0 short=0 held=0 local_candidates=3 yaw=8.86
[depth_angular_controller-1] [INFO] [1791426193.831491258] [depth_angular_controller]: PAPER_BUILD reason=FULL_MOTION_CERTIFICATE required=0.0000 best=0.0000 free=0 refined=0 tubes=4 revoked_tubes=0 proofs=106
[depth_angular_controller-1] [INFO] [1791426193.831508240] [depth_angular_controller]: PAPER_EVIDENCE retained=16 balls=16 revoked_balls=0 expired_views=0 evicted_views=0 radius=0.580 clearance=0.000 best_prefix=0.000
[position_cmd_to_twist-2] [INFO] [1791426194.715871485] [position_cmd_to_twist]: [PERF BRIDGE] run=p5_retain_20261008_goal_v4_ego1p5_1 elapsed=18.35s received=295 published=295 fps(ros/wall)=60.00/61.73 controller_to_bridge_ms(mean/p50/p95/max)=0.000/0.000/0.000/0.000 bridge_process_ms(mean/p95/max)=0.090/0.118/0.207
[NAV] t=5.0s position=(-60.35,-10.16,2.95) yaw=9.7deg command=(1.97,0.34,-0.03) manual_active=1 collision_blocks=0
[depth_angular_controller-1] [INFO] [1791426194.849671797] [depth_angular_controller]: OMNI_DEPTH views=4 azimuth_bins=180 elevation_bins=37 valid=1 certificates=0 short=0 held=0 local_candidates=3 yaw=19.34
[depth_angular_controller-1] [INFO] [1791426194.850860461] [depth_angular_controller]: PAPER_BUILD reason=FULL_MOTION_CERTIFICATE required=0.0000 best=0.0000 free=0 refined=0 tubes=8 revoked_tubes=0 proofs=128
[depth_angular_controller-1] [INFO] [1791426194.850877413] [depth_angular_controller]: PAPER_EVIDENCE retained=16 balls=31 revoked_balls=0 expired_views=0 evicted_views=4 radius=0.580 clearance=0.000 best_prefix=0.000
[depth_angular_controller-1] [INFO] [1791426194.945976584] [depth_angular_controller]: [PERF CTRL] run=p5_retain_20261008_goal_v4_ego1p5_1 elapsed=18.70s callbacks=308 commands=307 guidance=187 command_fps(ros/wall)=60.00/61.05 guidance_wall_fps=56.83 avoid_ms(mean/p50/p95/max)=1.332/1.031/3.530/6.081 cycle_ms(mean/p95/max)=16.381/19.775/77.139 depth_to_cmd_ms(mean/p95/max)=53.922/100.000/100.000 callback_to_publish_ms(mean/p95/max)=2.092/6.071/14.500
[depth_angular_controller-1] [INFO] [1791426194.946043280] [depth_angular_controller]: EVIDENCE_COST ingest(mean/p95/max)=1.195/4.731/13.373 record=0.011/0.016/0.043 ms
[depth_angular_controller-1] [INFO] [1791426194.946052056] [depth_angular_controller]: EVIDENCE_PHASE per_view_mean_ms balls=0.067 tubes=0.009 history=0.197 eviction=0.000
[depth_angular_controller-1] [INFO] [1791426195.873292421] [depth_angular_controller]: OMNI_DEPTH views=4 azimuth_bins=180 elevation_bins=37 valid=1 certificates=0 short=0 held=0 local_candidates=2 yaw=9.70
[depth_angular_controller-1] [INFO] [1791426195.873605459] [depth_angular_controller]: PAPER_BUILD reason=FULL_MOTION_CERTIFICATE required=0.0000 best=0.0000 free=0 refined=0 tubes=12 revoked_tubes=0 proofs=128
[depth_angular_controller-1] [INFO] [1791426195.873613244] [depth_angular_controller]: PAPER_EVIDENCE retained=16 balls=32 revoked_balls=0 expired_views=0 evicted_views=8 radius=0.580 clearance=0.000 best_prefix=0.000
[depth_angular_controller-1] [INFO] [1791426197.015450282] [depth_angular_controller]: OMNI_DEPTH views=4 azimuth_bins=180 elevation_bins=37 valid=1 certificates=0 short=0 held=0 local_candidates=1 yaw=9.70
[depth_angular_controller-1] [INFO] [1791426197.015719679] [depth_angular_controller]: PAPER_BUILD reason=FULL_MOTION_CERTIFICATE required=0.0000 best=0.0000 free=0 refined=0 tubes=16 revoked_tubes=0 proofs=128
[depth_angular_controller-1] [INFO] [1791426197.015726792] [depth_angular_controller]: PAPER_EVIDENCE retained=16 balls=32 revoked_balls=0 expired_views=0 evicted_views=12 radius=0.580 clearance=0.000 best_prefix=0.000
[depth_angular_controller-1] [INFO] [1791426198.048062664] [depth_angular_controller]: OMNI_DEPTH views=4 azimuth_bins=180 elevation_bins=37 valid=1 certificates=0 short=0 held=0 local_candidates=3 yaw=9.93
[depth_angular_controller-1] [INFO] [1791426198.048316140] [depth_angular_controller]: PAPER_BUILD reason=FULL_MOTION_CERTIFICATE required=0.0000 best=0.0000 free=0 refined=0 tubes=20 revoked_tubes=0 proofs=128
[depth_angular_controller-1] [INFO] [1791426198.048321330] [depth_angular_controller]: PAPER_EVIDENCE retained=16 balls=32 revoked_balls=0 expired_views=0 evicted_views=16 radius=0.580 clearance=0.000 best_prefix=0.000
[depth_angular_controller-1] [INFO] [1791426199.197440133] [depth_angular_controller]: OMNI_DEPTH views=4 azimuth_bins=180 elevation_bins=37 valid=1 certificates=0 short=0 held=0 local_candidates=2 yaw=-3.48
[depth_angular_controller-1] [INFO] [1791426199.197674684] [depth_angular_controller]: PAPER_BUILD reason=FULL_MOTION_CERTIFICATE required=0.0000 best=0.0000 free=0 refined=0 tubes=24 revoked_tubes=0 proofs=128
[depth_angular_controller-1] [INFO] [1791426199.197679563] [depth_angular_controller]: PAPER_EVIDENCE retained=16 balls=32 revoked_balls=0 expired_views=0 evicted_views=20 radius=0.580 clearance=0.000 best_prefix=0.000
[depth_angular_controller-1] [INFO] [1791426199.952853672] [depth_angular_controller]: [PERF CTRL] run=p5_retain_20261008_goal_v4_ego1p5_1 elapsed=23.71s callbacks=582 commands=581 guidance=461 command_fps(ros/wall)=60.00/57.89 guidance_wall_fps=55.56 avoid_ms(mean/p50/p95/max)=1.344/1.065/3.430/8.293 cycle_ms(mean/p95/max)=17.275/22.528/80.857 depth_to_cmd_ms(mean/p95/max)=45.662/83.333/100.000 callback_to_publish_ms(mean/p95/max)=2.839/7.599/14.500
[depth_angular_controller-1] [INFO] [1791426199.952936337] [depth_angular_controller]: EVIDENCE_COST ingest(mean/p95/max)=1.673/6.017/13.373 record=0.021/0.020/0.574 ms
[depth_angular_controller-1] [INFO] [1791426199.952943170] [depth_angular_controller]: EVIDENCE_PHASE per_view_mean_ms balls=0.077 tubes=0.044 history=0.274 eviction=0.001
[position_cmd_to_twist-2] [INFO] [1791426200.191688908] [position_cmd_to_twist]: [PERF BRIDGE] run=p5_retain_20261008_goal_v4_ego1p5_1 elapsed=23.84s received=595 published=595 fps(ros/wall)=60.00/57.94 controller_to_bridge_ms(mean/p50/p95/max)=0.000/0.000/0.000/0.000 bridge_process_ms(mean/p95/max)=0.088/0.112/0.207
[NAV] t=10.0s position=(-50.53,-8.84,2.44) yaw=9.9deg command=(1.98,-0.19,-0.12) manual_active=1 collision_blocks=0
[depth_angular_controller-1] [INFO] [1791426200.281398350] [depth_angular_controller]: OMNI_DEPTH views=4 azimuth_bins=180 elevation_bins=37 valid=1 certificates=0 short=0 held=0 local_candidates=3 yaw=-7.89
[depth_angular_controller-1] [INFO] [1791426200.282103665] [depth_angular_controller]: PAPER_BUILD reason=FULL_MOTION_CERTIFICATE required=0.0000 best=0.0000 free=0 refined=0 tubes=28 revoked_tubes=0 proofs=128
[depth_angular_controller-1] [INFO] [1791426200.282121158] [depth_angular_controller]: PAPER_EVIDENCE retained=16 balls=32 revoked_balls=0 expired_views=0 evicted_views=24 radius=0.580 clearance=0.000 best_prefix=0.000
[depth_angular_controller-1] [INFO] [1791426201.303532870] [depth_angular_controller]: OMNI_DEPTH views=4 azimuth_bins=180 elevation_bins=37 valid=1 certificates=0 short=0 held=0 local_candidates=2 yaw=-9.22
[depth_angular_controller-1] [INFO] [1791426201.303783702] [depth_angular_controller]: PAPER_BUILD reason=FULL_MOTION_CERTIFICATE required=0.0000 best=0.0000 free=0 refined=0 tubes=32 revoked_tubes=0 proofs=128
[depth_angular_controller-1] [INFO] [1791426201.303789733] [depth_angular_controller]: PAPER_EVIDENCE retained=16 balls=32 revoked_balls=0 expired_views=0 evicted_views=28 radius=0.580 clearance=0.000 best_prefix=0.000
[depth_angular_controller-1] [INFO] [1791426202.334533573] [depth_angular_controller]: OMNI_DEPTH views=4 azimuth_bins=180 elevation_bins=37 valid=1 certificates=0 short=0 held=0 local_candidates=2 yaw=-19.15
[depth_angular_controller-1] [INFO] [1791426202.334779876] [depth_angular_controller]: PAPER_BUILD reason=FULL_MOTION_CERTIFICATE required=0.0000 best=0.0000 free=0 refined=0 tubes=36 revoked_tubes=0 proofs=128
[depth_angular_controller-1] [INFO] [1791426202.334785005] [depth_angular_controller]: PAPER_EVIDENCE retained=16 balls=32 revoked_balls=0 expired_views=0 evicted_views=32 radius=0.580 clearance=0.000 best_prefix=0.000
[depth_angular_controller-1] [INFO] [1791426203.365704926] [depth_angular_controller]: OMNI_DEPTH views=4 azimuth_bins=180 elevation_bins=37 valid=1 certificates=0 short=0 held=0 local_candidates=3 yaw=11.89
[depth_angular_controller-1] [INFO] [1791426203.365972770] [depth_angular_controller]: PAPER_BUILD reason=FULL_MOTION_CERTIFICATE required=0.0000 best=0.0000 free=0 refined=0 tubes=41 revoked_tubes=0 proofs=128
[depth_angular_controller-1] [INFO] [1791426203.365979482] [depth_angular_controller]: PAPER_EVIDENCE retained=16 balls=32 revoked_balls=0 expired_views=0 evicted_views=36 radius=0.580 clearance=0.000 best_prefix=0.000
[depth_angular_controller-1] [INFO] [1791426204.455419661] [depth_angular_controller]: OMNI_DEPTH views=4 azimuth_bins=180 elevation_bins=37 valid=1 certificates=0 short=0 held=0 local_candidates=3 yaw=27.70
[depth_angular_controller-1] [INFO] [1791426204.455683437] [depth_angular_controller]: PAPER_BUILD reason=FULL_MOTION_CERTIFICATE required=0.0000 best=0.0000 free=0 refined=0 tubes=45 revoked_tubes=0 proofs=128
[depth_angular_controller-1] [INFO] [1791426204.455689087] [depth_angular_controller]: PAPER_EVIDENCE retained=16 balls=32 revoked_balls=0 expired_views=0 evicted_views=40 radius=0.580 clearance=0.000 best_prefix=0.000
[depth_angular_controller-1] [INFO] [1791426204.966339880] [depth_angular_controller]: [PERF CTRL] run=p5_retain_20261008_goal_v4_ego1p5_1 elapsed=28.72s callbacks=870 commands=869 guidance=749 command_fps(ros/wall)=60.00/57.74 guidance_wall_fps=56.27 avoid_ms(mean/p50/p95/max)=1.743/1.437/4.178/23.986 cycle_ms(mean/p95/max)=17.319/23.692/82.713 depth_to_cmd_ms(mean/p95/max)=43.235/83.333/100.000 callback_to_publish_ms(mean/p95/max)=3.433/8.666/24.141
[depth_angular_controller-1] [INFO] [1791426204.966447732] [depth_angular_controller]: EVIDENCE_COST ingest(mean/p95/max)=1.827/6.695/13.373 record=0.019/0.018/0.574 ms
[depth_angular_controller-1] [INFO] [1791426204.966455126] [depth_angular_controller]: EVIDENCE_PHASE per_view_mean_ms balls=0.083 tubes=0.062 history=0.288 eviction=0.001
[position_cmd_to_twist-2] [INFO] [1791426205.404645443] [position_cmd_to_twist]: [PERF BRIDGE] run=p5_retain_20261008_goal_v4_ego1p5_1 elapsed=29.05s received=895 published=895 fps(ros/wall)=60.00/57.82 controller_to_bridge_ms(mean/p50/p95/max)=0.093/0.000/0.000/16.667 bridge_process_ms(mean/p95/max)=0.090/0.114/0.780
[NAV] t=15.0s position=(-41.09,-8.64,3.22) yaw=10.7deg command=(1.81,0.79,0.23) manual_active=1 collision_blocks=0
[depth_angular_controller-1] [INFO] [1791426205.488559774] [depth_angular_controller]: OMNI_DEPTH views=4 azimuth_bins=180 elevation_bins=37 valid=1 certificates=0 short=0 held=0 local_candidates=1 yaw=10.69
[depth_angular_controller-1] [INFO] [1791426205.488788113] [depth_angular_controller]: PAPER_BUILD reason=FULL_MOTION_CERTIFICATE required=0.0000 best=0.0000 free=0 refined=0 tubes=49 revoked_tubes=0 proofs=128
[depth_angular_controller-1] [INFO] [1791426205.488793053] [depth_angular_controller]: PAPER_EVIDENCE retained=16 balls=32 revoked_balls=0 expired_views=0 evicted_views=44 radius=0.580 clearance=0.000 best_prefix=0.000
[depth_angular_controller-1] [INFO] [1791426206.511780025] [depth_angular_controller]: OMNI_DEPTH views=4 azimuth_bins=180 elevation_bins=37 valid=1 certificates=0 short=0 held=0 local_candidates=3 yaw=42.88
[depth_angular_controller-1] [INFO] [1791426206.512086641] [depth_angular_controller]: PAPER_BUILD reason=FULL_MOTION_CERTIFICATE required=0.0000 best=0.0000 free=0 refined=0 tubes=53 revoked_tubes=0 proofs=128
[depth_angular_controller-1] [INFO] [1791426206.512092713] [depth_angular_controller]: PAPER_EVIDENCE retained=16 balls=32 revoked_balls=0 expired_views=0 evicted_views=47 radius=0.580 clearance=0.000 best_prefix=0.000
[depth_angular_controller-1] [INFO] [1791426207.536622014] [depth_angular_controller]: OMNI_DEPTH views=4 azimuth_bins=180 elevation_bins=37 valid=1 certificates=0 short=0 held=0 local_candidates=3 yaw=43.61
[depth_angular_controller-1] [INFO] [1791426207.536922178] [depth_angular_controller]: PAPER_BUILD reason=FULL_MOTION_CERTIFICATE required=0.0000 best=0.0000 free=0 refined=0 tubes=57 revoked_tubes=0 proofs=128
[depth_angular_controller-1] [INFO] [1791426207.537272757] [depth_angular_controller]: PAPER_EVIDENCE retained=16 balls=32 revoked_balls=0 expired_views=0 evicted_views=50 radius=0.580 clearance=0.000 best_prefix=0.000
[depth_angular_controller-1] [INFO] [1791426208.490883690] [depth_angular_controller]: OMNI_DEPTH views=4 azimuth_bins=180 elevation_bins=37 valid=1 certificates=0 short=0 held=0 local_candidates=3 yaw=39.43
[depth_angular_controller-1] [INFO] [1791426208.491175728] [depth_angular_controller]: PAPER_BUILD reason=FULL_MOTION_CERTIFICATE required=0.0000 best=0.0000 free=0 refined=0 tubes=61 revoked_tubes=0 proofs=128
[depth_angular_controller-1] [INFO] [1791426208.491181810] [depth_angular_controller]: PAPER_EVIDENCE retained=16 balls=32 revoked_balls=0 expired_views=0 evicted_views=54 radius=0.580 clearance=0.000 best_prefix=0.000
[depth_angular_controller-1] [INFO] [1791426209.559469196] [depth_angular_controller]: OMNI_DEPTH views=4 azimuth_bins=180 elevation_bins=37 valid=1 certificates=0 short=0 held=0 local_candidates=3 yaw=29.41
[depth_angular_controller-1] [INFO] [1791426209.559755744] [depth_angular_controller]: PAPER_BUILD reason=FULL_MOTION_CERTIFICATE required=0.0000 best=0.0000 free=0 refined=0 tubes=65 revoked_tubes=0 proofs=128
[depth_angular_controller-1] [INFO] [1791426209.559772786] [depth_angular_controller]: PAPER_EVIDENCE retained=16 balls=32 revoked_balls=0 expired_views=0 evicted_views=57 radius=0.580 clearance=0.000 best_prefix=0.000
[depth_angular_controller-1] [INFO] [1791426209.970715917] [depth_angular_controller]: [PERF CTRL] run=p5_retain_20261008_goal_v4_ego1p5_1 elapsed=33.72s callbacks=1168 commands=1167 guidance=1047 command_fps(ros/wall)=60.00/58.19 guidance_wall_fps=57.17 avoid_ms(mean/p50/p95/max)=1.650/1.205/4.136/23.986 cycle_ms(mean/p95/max)=17.185/23.159/84.264 depth_to_cmd_ms(mean/p95/max)=41.722/83.333/100.000 callback_to_publish_ms(mean/p95/max)=3.361/8.432/24.141
[depth_angular_controller-1] [INFO] [1791426209.970832536] [depth_angular_controller]: EVIDENCE_COST ingest(mean/p95/max)=1.775/6.542/13.373 record=0.018/0.019/0.574 ms
[depth_angular_controller-1] [INFO] [1791426209.970840351] [depth_angular_controller]: EVIDENCE_PHASE per_view_mean_ms balls=0.079 tubes=0.051 history=0.289 eviction=0.001
[position_cmd_to_twist-2] [INFO] [1791426210.423078728] [position_cmd_to_twist]: [PERF BRIDGE] run=p5_retain_20261008_goal_v4_ego1p5_1 elapsed=34.07s received=1195 published=1195 fps(ros/wall)=60.00/58.31 controller_to_bridge_ms(mean/p50/p95/max)=0.070/0.000/0.000/16.667 bridge_process_ms(mean/p95/max)=0.089/0.111/0.780
[NAV] t=20.0s position=(-32.90,-3.34,3.17) yaw=8.5deg command=(1.88,0.57,-0.13) manual_active=1 collision_blocks=0
[depth_angular_controller-1] [INFO] [1791426210.507095272] [depth_angular_controller]: OMNI_DEPTH views=4 azimuth_bins=180 elevation_bins=37 valid=1 certificates=0 short=0 held=0 local_candidates=2 yaw=7.66
[depth_angular_controller-1] [INFO] [1791426210.507388062] [depth_angular_controller]: PAPER_BUILD reason=FULL_MOTION_CERTIFICATE required=0.0000 best=0.0000 free=0 refined=0 tubes=69 revoked_tubes=0 proofs=128
[depth_angular_controller-1] [INFO] [1791426210.507395205] [depth_angular_controller]: PAPER_EVIDENCE retained=16 balls=32 revoked_balls=0 expired_views=0 evicted_views=61 radius=0.580 clearance=0.000 best_prefix=0.000
[depth_angular_controller-1] [INFO] [1791426211.530167494] [depth_angular_controller]: OMNI_DEPTH views=4 azimuth_bins=180 elevation_bins=37 valid=1 certificates=0 short=0 held=0 local_candidates=1 yaw=8.50
[depth_angular_controller-1] [INFO] [1791426211.530452119] [depth_angular_controller]: PAPER_BUILD reason=FULL_MOTION_CERTIFICATE required=0.0000 best=0.0000 free=0 refined=0 tubes=73 revoked_tubes=0 proofs=128
[depth_angular_controller-1] [INFO] [1791426211.530457990] [depth_angular_controller]: PAPER_EVIDENCE retained=16 balls=32 revoked_balls=0 expired_views=0 evicted_views=65 radius=0.580 clearance=0.000 best_prefix=0.000
[depth_angular_controller-1] [INFO] [1791426212.491522932] [depth_angular_controller]: OMNI_DEPTH views=4 azimuth_bins=180 elevation_bins=37 valid=1 certificates=0 short=0 held=0 local_candidates=1 yaw=8.50
[depth_angular_controller-1] [INFO] [1791426212.491895231] [depth_angular_controller]: PAPER_BUILD reason=FULL_MOTION_CERTIFICATE required=0.0000 best=0.0000 free=0 refined=0 tubes=77 revoked_tubes=0 proofs=128
[depth_angular_controller-1] [INFO] [1791426212.491902745] [depth_angular_controller]: PAPER_EVIDENCE retained=16 balls=32 revoked_balls=0 expired_views=0 evicted_views=69 radius=0.580 clearance=0.000 best_prefix=0.000
[depth_angular_controller-1] [INFO] [1791426213.452725682] [depth_angular_controller]: OMNI_DEPTH views=4 azimuth_bins=180 elevation_bins=37 valid=1 certificates=0 short=0 held=0 local_candidates=2 yaw=7.60
[depth_angular_controller-1] [INFO] [1791426213.453012972] [depth_angular_controller]: PAPER_BUILD reason=FULL_MOTION_CERTIFICATE required=0.0000 best=0.0000 free=0 refined=0 tubes=81 revoked_tubes=0 proofs=128
[depth_angular_controller-1] [INFO] [1791426213.453020666] [depth_angular_controller]: PAPER_EVIDENCE retained=16 balls=32 revoked_balls=0 expired_views=0 evicted_views=73 radius=0.580 clearance=0.000 best_prefix=0.000
[depth_angular_controller-1] [INFO] [1791426214.470331261] [depth_angular_controller]: OMNI_DEPTH views=4 azimuth_bins=180 elevation_bins=37 valid=1 certificates=0 short=0 held=0 local_candidates=1 yaw=8.50
[depth_angular_controller-1] [INFO] [1791426214.471152504] [depth_angular_controller]: PAPER_BUILD reason=FULL_MOTION_CERTIFICATE required=0.0000 best=0.0000 free=0 refined=0 tubes=85 revoked_tubes=0 proofs=128
[depth_angular_controller-1] [INFO] [1791426214.471316473] [depth_angular_controller]: PAPER_EVIDENCE retained=16 balls=32 revoked_balls=0 expired_views=0 evicted_views=77 radius=0.580 clearance=0.000 best_prefix=0.000
[depth_angular_controller-1] [INFO] [1791426214.976440008] [depth_angular_controller]: [PERF CTRL] run=p5_retain_20261008_goal_v4_ego1p5_1 elapsed=38.73s callbacks=1474 commands=1473 guidance=1353 command_fps(ros/wall)=60.00/58.78 guidance_wall_fps=58.02 avoid_ms(mean/p50/p95/max)=1.510/1.110/3.855/23.986 cycle_ms(mean/p95/max)=17.013/23.016/84.264 depth_to_cmd_ms(mean/p95/max)=40.404/66.667/100.000 callback_to_publish_ms(mean/p95/max)=3.301/8.293/24.141
[depth_angular_controller-1] [INFO] [1791426214.976591282] [depth_angular_controller]: EVIDENCE_COST ingest(mean/p95/max)=1.807/6.632/13.373 record=0.020/0.020/1.008 ms
[depth_angular_controller-1] [INFO] [1791426214.976600990] [depth_angular_controller]: EVIDENCE_PHASE per_view_mean_ms balls=0.081 tubes=0.050 history=0.296 eviction=0.001
[position_cmd_to_twist-2] [INFO] [1791426215.344107550] [position_cmd_to_twist]: [PERF BRIDGE] run=p5_retain_20261008_goal_v4_ego1p5_1 elapsed=38.99s received=1495 published=1495 fps(ros/wall)=60.00/58.83 controller_to_bridge_ms(mean/p50/p95/max)=0.056/0.000/0.000/16.667 bridge_process_ms(mean/p95/max)=0.089/0.111/0.780
[NAV] t=25.0s position=(-23.04,-1.81,3.06) yaw=8.5deg command=(1.98,0.30,-0.01) manual_active=1 collision_blocks=0
[depth_angular_controller-1] [INFO] [1791426215.424803663] [depth_angular_controller]: OMNI_DEPTH views=4 azimuth_bins=180 elevation_bins=37 valid=1 certificates=0 short=0 held=0 local_candidates=1 yaw=8.50
[depth_angular_controller-1] [INFO] [1791426215.425283094] [depth_angular_controller]: PAPER_BUILD reason=FULL_MOTION_CERTIFICATE required=0.0000 best=0.0000 free=0 refined=0 tubes=89 revoked_tubes=0 proofs=128
[depth_angular_controller-1] [INFO] [1791426215.425300928] [depth_angular_controller]: PAPER_EVIDENCE retained=16 balls=32 revoked_balls=0 expired_views=0 evicted_views=81 radius=0.580 clearance=0.000 best_prefix=0.000
[depth_angular_controller-1] [INFO] [1791426216.386153530] [depth_angular_controller]: OMNI_DEPTH views=4 azimuth_bins=180 elevation_bins=37 valid=1 certificates=0 short=0 held=0 local_candidates=1 yaw=8.50
[depth_angular_controller-1] [INFO] [1791426216.386629595] [depth_angular_controller]: PAPER_BUILD reason=FULL_MOTION_CERTIFICATE required=0.0000 best=0.0000 free=0 refined=0 tubes=93 revoked_tubes=0 proofs=128
[depth_angular_controller-1] [INFO] [1791426216.386650023] [depth_angular_controller]: PAPER_EVIDENCE retained=16 balls=32 revoked_balls=0 expired_views=0 evicted_views=85 radius=0.580 clearance=0.000 best_prefix=0.000
[depth_angular_controller-1] [INFO] [1791426217.396051624] [depth_angular_controller]: OMNI_DEPTH views=4 azimuth_bins=180 elevation_bins=37 valid=1 certificates=0 short=0 held=0 local_candidates=3 yaw=-11.69
[depth_angular_controller-1] [INFO] [1791426217.396827252] [depth_angular_controller]: PAPER_BUILD reason=FULL_MOTION_CERTIFICATE required=0.0000 best=0.0000 free=0 refined=0 tubes=97 revoked_tubes=0 proofs=128
[depth_angular_controller-1] [INFO] [1791426217.396848602] [depth_angular_controller]: PAPER_EVIDENCE retained=16 balls=32 revoked_balls=0 expired_views=0 evicted_views=89 radius=0.580 clearance=0.000 best_prefix=0.000
[depth_angular_controller-1] [INFO] [1791426218.417906800] [depth_angular_controller]: OMNI_DEPTH views=4 azimuth_bins=180 elevation_bins=37 valid=1 certificates=0 short=0 held=0 local_candidates=3 yaw=-20.91
[depth_angular_controller-1] [INFO] [1791426218.418250215] [depth_angular_controller]: PAPER_BUILD reason=FULL_MOTION_CERTIFICATE required=0.0000 best=0.0000 free=0 refined=0 tubes=102 revoked_tubes=0 proofs=128
[depth_angular_controller-1] [INFO] [1791426218.418261206] [depth_angular_controller]: PAPER_EVIDENCE retained=16 balls=32 revoked_balls=0 expired_views=0 evicted_views=93 radius=0.580 clearance=0.000 best_prefix=0.000
[depth_angular_controller-1] [INFO] [1791426219.371865516] [depth_angular_controller]: OMNI_DEPTH views=4 azimuth_bins=180 elevation_bins=37 valid=1 certificates=0 short=0 held=0 local_candidates=3 yaw=-10.54
[depth_angular_controller-1] [INFO] [1791426219.372166993] [depth_angular_controller]: PAPER_BUILD reason=FULL_MOTION_CERTIFICATE required=0.0000 best=0.0000 free=0 refined=0 tubes=106 revoked_tubes=0 proofs=128
[depth_angular_controller-1] [INFO] [1791426219.372971685] [depth_angular_controller]: PAPER_EVIDENCE retained=16 balls=32 revoked_balls=0 expired_views=0 evicted_views=97 radius=0.580 clearance=0.000 best_prefix=0.000
[depth_angular_controller-1] [INFO] [1791426219.986377657] [depth_angular_controller]: [PERF CTRL] run=p5_retain_20261008_goal_v4_ego1p5_1 elapsed=43.74s callbacks=1780 commands=1779 guidance=1659 command_fps(ros/wall)=60.00/59.16 guidance_wall_fps=58.56 avoid_ms(mean/p50/p95/max)=1.377/0.991/3.627/23.986 cycle_ms(mean/p95/max)=16.903/22.687/84.264 depth_to_cmd_ms(mean/p95/max)=39.612/66.667/100.000 callback_to_publish_ms(mean/p95/max)=3.189/8.096/24.141
[depth_angular_controller-1] [INFO] [1791426219.986929093] [depth_angular_controller]: EVIDENCE_COST ingest(mean/p95/max)=1.796/6.455/13.373 record=0.019/0.020/1.008 ms
[depth_angular_controller-1] [INFO] [1791426219.986937659] [depth_angular_controller]: EVIDENCE_PHASE per_view_mean_ms balls=0.078 tubes=0.048 history=0.297 eviction=0.001
[position_cmd_to_twist-2] [INFO] [1791426220.313592636] [position_cmd_to_twist]: [PERF BRIDGE] run=p5_retain_20261008_goal_v4_ego1p5_1 elapsed=43.96s received=1795 published=1795 fps(ros/wall)=60.00/59.08 controller_to_bridge_ms(mean/p50/p95/max)=0.046/0.000/0.000/16.667 bridge_process_ms(mean/p95/max)=0.089/0.112/0.780
[NAV] t=30.0s position=(-13.33,-2.24,3.77) yaw=9.9deg command=(1.97,-0.28,0.23) manual_active=1 collision_blocks=0
[depth_angular_controller-1] [INFO] [1791426220.393103161] [depth_angular_controller]: OMNI_DEPTH views=4 azimuth_bins=180 elevation_bins=37 valid=1 certificates=0 short=0 held=0 local_candidates=3 yaw=-6.47
[depth_angular_controller-1] [INFO] [1791426220.393628398] [depth_angular_controller]: PAPER_BUILD reason=FULL_MOTION_CERTIFICATE required=0.0000 best=0.0000 free=0 refined=0 tubes=110 revoked_tubes=0 proofs=128
[depth_angular_controller-1] [INFO] [1791426220.393642876] [depth_angular_controller]: PAPER_EVIDENCE retained=16 balls=32 revoked_balls=0 expired_views=0 evicted_views=101 radius=0.580 clearance=0.000 best_prefix=0.000
[depth_angular_controller-1] [INFO] [1791426221.348844789] [depth_angular_controller]: OMNI_DEPTH views=4 azimuth_bins=180 elevation_bins=37 valid=1 certificates=0 short=0 held=0 local_candidates=1 yaw=10.25
[depth_angular_controller-1] [INFO] [1791426221.349437643] [depth_angular_controller]: PAPER_BUILD reason=FULL_MOTION_CERTIFICATE required=0.0000 best=0.0000 free=0 refined=0 tubes=114 revoked_tubes=0 proofs=128
[depth_angular_controller-1] [INFO] [1791426221.349454084] [depth_angular_controller]: PAPER_EVIDENCE retained=16 balls=32 revoked_balls=0 expired_views=0 evicted_views=105 radius=0.580 clearance=0.000 best_prefix=0.000
[depth_angular_controller-1] [INFO] [1791426222.314337672] [depth_angular_controller]: OMNI_DEPTH views=4 azimuth_bins=180 elevation_bins=37 valid=1 certificates=0 short=0 held=0 local_candidates=2 yaw=-17.94
[depth_angular_controller-1] [INFO] [1791426222.314688301] [depth_angular_controller]: PAPER_BUILD reason=FULL_MOTION_CERTIFICATE required=0.0000 best=0.0000 free=0 refined=0 tubes=118 revoked_tubes=0 proofs=128
[depth_angular_controller-1] [INFO] [1791426222.314696797] [depth_angular_controller]: PAPER_EVIDENCE retained=16 balls=32 revoked_balls=0 expired_views=0 evicted_views=108 radius=0.580 clearance=0.000 best_prefix=0.000
[depth_angular_controller-1] [INFO] [1791426223.390038039] [depth_angular_controller]: OMNI_DEPTH views=4 azimuth_bins=180 elevation_bins=37 valid=1 certificates=0 short=0 held=0 local_candidates=3 yaw=-20.06
[depth_angular_controller-1] [INFO] [1791426223.390411561] [depth_angular_controller]: PAPER_BUILD reason=FULL_MOTION_CERTIFICATE required=0.0000 best=0.0000 free=0 refined=0 tubes=122 revoked_tubes=0 proofs=128
[depth_angular_controller-1] [INFO] [1791426223.390420097] [depth_angular_controller]: PAPER_EVIDENCE retained=16 balls=32 revoked_balls=0 expired_views=0 evicted_views=112 radius=0.580 clearance=0.000 best_prefix=0.000
[depth_angular_controller-1] [INFO] [1791426224.344085723] [depth_angular_controller]: OMNI_DEPTH views=4 azimuth_bins=180 elevation_bins=37 valid=1 certificates=0 short=0 held=0 local_candidates=3 yaw=-19.27
[depth_angular_controller-1] [INFO] [1791426224.344425481] [depth_angular_controller]: PAPER_BUILD reason=FULL_MOTION_CERTIFICATE required=0.0000 best=0.0000 free=0 refined=0 tubes=126 revoked_tubes=0 proofs=128
[depth_angular_controller-1] [INFO] [1791426224.344433106] [depth_angular_controller]: PAPER_EVIDENCE retained=16 balls=32 revoked_balls=0 expired_views=0 evicted_views=116 radius=0.580 clearance=0.000 best_prefix=0.000
[depth_angular_controller-1] [INFO] [1791426224.990219410] [depth_angular_controller]: [PERF CTRL] run=p5_retain_20261008_goal_v4_ego1p5_1 elapsed=48.74s callbacks=2079 commands=2078 guidance=1958 command_fps(ros/wall)=60.00/59.25 guidance_wall_fps=58.74 avoid_ms(mean/p50/p95/max)=1.366/0.997/3.471/23.986 cycle_ms(mean/p95/max)=16.878/22.578/84.264 depth_to_cmd_ms(mean/p95/max)=39.079/66.667/100.000 callback_to_publish_ms(mean/p95/max)=3.201/8.005/24.141
[depth_angular_controller-1] [INFO] [1791426224.990412874] [depth_angular_controller]: EVIDENCE_COST ingest(mean/p95/max)=1.803/6.365/13.373 record=0.019/0.020/1.008 ms
[depth_angular_controller-1] [INFO] [1791426224.990420268] [depth_angular_controller]: EVIDENCE_PHASE per_view_mean_ms balls=0.075 tubes=0.052 history=0.298 eviction=0.001
[position_cmd_to_twist-2] [INFO] [1791426225.338153437] [position_cmd_to_twist]: [PERF BRIDGE] run=p5_retain_20261008_goal_v4_ego1p5_1 elapsed=48.98s received=2095 published=2095 fps(ros/wall)=60.00/59.17 controller_to_bridge_ms(mean/p50/p95/max)=0.040/0.000/0.000/16.667 bridge_process_ms(mean/p95/max)=0.089/0.115/0.780
[NAV] t=35.0s position=(-3.74,-4.05,3.23) yaw=12.7deg command=(1.91,-0.39,-0.41) manual_active=1 collision_blocks=0
[depth_angular_controller-1] [INFO] [1791426225.421957822] [depth_angular_controller]: OMNI_DEPTH views=4 azimuth_bins=180 elevation_bins=37 valid=1 certificates=0 short=0 held=0 local_candidates=3 yaw=-6.80
[depth_angular_controller-1] [INFO] [1791426225.422280318] [depth_angular_controller]: PAPER_BUILD reason=FULL_MOTION_CERTIFICATE required=0.0000 best=0.0000 free=0 refined=0 tubes=130 revoked_tubes=0 proofs=128
[depth_angular_controller-1] [INFO] [1791426225.422287631] [depth_angular_controller]: PAPER_EVIDENCE retained=16 balls=32 revoked_balls=0 expired_views=0 evicted_views=120 radius=0.580 clearance=0.000 best_prefix=0.000
[depth_angular_controller-1] [INFO] [1791426226.434362937] [depth_angular_controller]: OMNI_DEPTH views=4 azimuth_bins=180 elevation_bins=37 valid=1 certificates=0 short=0 held=0 local_candidates=3 yaw=-0.21
[depth_angular_controller-1] [INFO] [1791426226.434648163] [depth_angular_controller]: PAPER_BUILD reason=FULL_MOTION_CERTIFICATE required=0.0000 best=0.0000 free=0 refined=0 tubes=134 revoked_tubes=0 proofs=128
[depth_angular_controller-1] [INFO] [1791426226.434655146] [depth_angular_controller]: PAPER_EVIDENCE retained=16 balls=32 revoked_balls=0 expired_views=0 evicted_views=124 radius=0.580 clearance=0.000 best_prefix=0.000
[depth_angular_controller-1] [INFO] [1791426227.518226145] [depth_angular_controller]: OMNI_DEPTH views=4 azimuth_bins=180 elevation_bins=37 valid=1 certificates=0 short=0 held=0 local_candidates=2 yaw=3.39
[depth_angular_controller-1] [INFO] [1791426227.518539965] [depth_angular_controller]: PAPER_BUILD reason=FULL_MOTION_CERTIFICATE required=0.0000 best=0.0000 free=0 refined=0 tubes=138 revoked_tubes=0 proofs=128
[depth_angular_controller-1] [INFO] [1791426227.518546217] [depth_angular_controller]: PAPER_EVIDENCE retained=16 balls=32 revoked_balls=0 expired_views=0 evicted_views=128 radius=0.580 clearance=0.000 best_prefix=0.000
[depth_angular_controller-1] [INFO] [1791426228.473970017] [depth_angular_controller]: OMNI_DEPTH views=4 azimuth_bins=180 elevation_bins=37 valid=1 certificates=0 short=0 held=0 local_candidates=1 yaw=13.86
[depth_angular_controller-1] [INFO] [1791426228.474334862] [depth_angular_controller]: PAPER_BUILD reason=FULL_MOTION_CERTIFICATE required=0.0000 best=0.0000 free=0 refined=0 tubes=142 revoked_tubes=0 proofs=128
[depth_angular_controller-1] [INFO] [1791426228.474342386] [depth_angular_controller]: PAPER_EVIDENCE retained=16 balls=32 revoked_balls=0 expired_views=0 evicted_views=132 radius=0.580 clearance=0.000 best_prefix=0.000
[depth_angular_controller-1] [INFO] [1791426229.491726610] [depth_angular_controller]: OMNI_DEPTH views=4 azimuth_bins=180 elevation_bins=37 valid=1 certificates=0 short=0 held=0 local_candidates=1 yaw=13.87
[depth_angular_controller-1] [INFO] [1791426229.492411296] [depth_angular_controller]: PAPER_BUILD reason=FULL_MOTION_CERTIFICATE required=0.0000 best=0.0000 free=0 refined=0 tubes=146 revoked_tubes=0 proofs=128
[depth_angular_controller-1] [INFO] [1791426229.492421135] [depth_angular_controller]: PAPER_EVIDENCE retained=16 balls=32 revoked_balls=0 expired_views=0 evicted_views=136 radius=0.580 clearance=0.000 best_prefix=0.000
[depth_angular_controller-1] [INFO] [1791426230.000790440] [depth_angular_controller]: [PERF CTRL] run=p5_retain_20261008_goal_v4_ego1p5_1 elapsed=53.75s callbacks=2374 commands=2373 guidance=2253 command_fps(ros/wall)=60.00/59.20 guidance_wall_fps=58.76 avoid_ms(mean/p50/p95/max)=1.365/0.996/3.606/23.986 cycle_ms(mean/p95/max)=16.892/22.603/84.264 depth_to_cmd_ms(mean/p95/max)=39.155/66.667/100.000 callback_to_publish_ms(mean/p95/max)=3.224/8.144/24.141
[depth_angular_controller-1] [INFO] [1791426230.000998541] [depth_angular_controller]: EVIDENCE_COST ingest(mean/p95/max)=1.817/6.395/13.373 record=0.019/0.020/1.008 ms
[depth_angular_controller-1] [INFO] [1791426230.001008570] [depth_angular_controller]: EVIDENCE_PHASE per_view_mean_ms balls=0.075 tubes=0.054 history=0.299 eviction=0.001
[position_cmd_to_twist-2] [INFO] [1791426230.487972307] [position_cmd_to_twist]: [PERF BRIDGE] run=p5_retain_20261008_goal_v4_ego1p5_1 elapsed=54.13s received=2395 published=2395 fps(ros/wall)=60.00/59.05 controller_to_bridge_ms(mean/p50/p95/max)=0.035/0.000/0.000/16.667 bridge_process_ms(mean/p95/max)=0.089/0.114/1.210
[NAV] t=40.0s position=(6.04,-3.11,2.72) yaw=13.9deg command=(1.94,0.48,0.00) manual_active=1 collision_blocks=0
[depth_angular_controller-1] [INFO] [1791426230.569007177] [depth_angular_controller]: OMNI_DEPTH views=4 azimuth_bins=180 elevation_bins=37 valid=1 certificates=0 short=0 held=0 local_candidates=1 yaw=13.87
[depth_angular_controller-1] [INFO] [1791426230.569348738] [depth_angular_controller]: PAPER_BUILD reason=FULL_MOTION_CERTIFICATE required=0.0000 best=0.0000 free=0 refined=0 tubes=150 revoked_tubes=0 proofs=128
[depth_angular_controller-1] [INFO] [1791426230.569359318] [depth_angular_controller]: PAPER_EVIDENCE retained=16 balls=32 revoked_balls=0 expired_views=0 evicted_views=140 radius=0.580 clearance=0.000 best_prefix=0.000
[depth_angular_controller-1] [INFO] [1791426231.648115799] [depth_angular_controller]: OMNI_DEPTH views=4 azimuth_bins=180 elevation_bins=37 valid=1 certificates=0 short=0 held=0 local_candidates=1 yaw=13.87
[depth_angular_controller-1] [INFO] [1791426231.648453143] [depth_angular_controller]: PAPER_BUILD reason=FULL_MOTION_CERTIFICATE required=0.0000 best=0.0000 free=0 refined=0 tubes=154 revoked_tubes=0 proofs=128
[depth_angular_controller-1] [INFO] [1791426231.648464364] [depth_angular_controller]: PAPER_EVIDENCE retained=16 balls=32 revoked_balls=0 expired_views=0 evicted_views=144 radius=0.580 clearance=0.000 best_prefix=0.000
[depth_angular_controller-1] [INFO] [1791426232.790506699] [depth_angular_controller]: OMNI_DEPTH views=4 azimuth_bins=180 elevation_bins=37 valid=1 certificates=0 short=0 held=0 local_candidates=1 yaw=13.87
[depth_angular_controller-1] [INFO] [1791426232.790898545] [depth_angular_controller]: PAPER_BUILD reason=FULL_MOTION_CERTIFICATE required=0.0000 best=0.0000 free=0 refined=0 tubes=158 revoked_tubes=0 proofs=128
[depth_angular_controller-1] [INFO] [1791426232.790907482] [depth_angular_controller]: PAPER_EVIDENCE retained=16 balls=32 revoked_balls=0 expired_views=0 evicted_views=148 radius=0.580 clearance=0.000 best_prefix=0.000
[depth_angular_controller-1] [INFO] [1791426233.872029669] [depth_angular_controller]: OMNI_DEPTH views=4 azimuth_bins=180 elevation_bins=37 valid=1 certificates=0 short=0 held=0 local_candidates=1 yaw=13.87
[depth_angular_controller-1] [INFO] [1791426233.872375909] [depth_angular_controller]: PAPER_BUILD reason=FULL_MOTION_CERTIFICATE required=0.0000 best=0.0000 free=0 refined=0 tubes=162 revoked_tubes=0 proofs=128
[depth_angular_controller-1] [INFO] [1791426233.872383764] [depth_angular_controller]: PAPER_EVIDENCE retained=16 balls=32 revoked_balls=0 expired_views=0 evicted_views=152 radius=0.580 clearance=0.000 best_prefix=0.000
[depth_angular_controller-1] [INFO] [1791426234.819415763] [depth_angular_controller]: OMNI_DEPTH views=4 azimuth_bins=180 elevation_bins=37 valid=1 certificates=0 short=0 held=0 local_candidates=1 yaw=13.87
[depth_angular_controller-1] [INFO] [1791426234.819793162] [depth_angular_controller]: PAPER_BUILD reason=FULL_MOTION_CERTIFICATE required=0.0000 best=0.0000 free=0 refined=0 tubes=166 revoked_tubes=0 proofs=128
[depth_angular_controller-1] [INFO] [1791426234.819801809] [depth_angular_controller]: PAPER_EVIDENCE retained=16 balls=32 revoked_balls=0 expired_views=0 evicted_views=156 radius=0.580 clearance=0.000 best_prefix=0.000
[depth_angular_controller-1] [INFO] [1791426235.006389054] [depth_angular_controller]: [PERF CTRL] run=p5_retain_20261008_goal_v4_ego1p5_1 elapsed=58.76s callbacks=2654 commands=2653 guidance=2533 command_fps(ros/wall)=60.00/58.84 guidance_wall_fps=58.43 avoid_ms(mean/p50/p95/max)=1.267/0.952/3.471/23.986 cycle_ms(mean/p95/max)=16.996/22.581/84.264 depth_to_cmd_ms(mean/p95/max)=38.775/66.667/100.000 callback_to_publish_ms(mean/p95/max)=3.139/7.920/24.141
[depth_angular_controller-1] [INFO] [1791426235.007038124] [depth_angular_controller]: EVIDENCE_COST ingest(mean/p95/max)=1.820/6.374/13.373 record=0.019/0.020/1.008 ms
[depth_angular_controller-1] [INFO] [1791426235.007161686] [depth_angular_controller]: EVIDENCE_PHASE per_view_mean_ms balls=0.074 tubes=0.052 history=0.301 eviction=0.001
[position_cmd_to_twist-2] [INFO] [1791426235.689221049] [position_cmd_to_twist]: [PERF BRIDGE] run=p5_retain_20261008_goal_v4_ego1p5_1 elapsed=59.33s received=2695 published=2695 fps(ros/wall)=60.00/58.90 controller_to_bridge_ms(mean/p50/p95/max)=0.031/0.000/0.000/16.667 bridge_process_ms(mean/p95/max)=0.089/0.115/1.210
[NAV] t=45.0s position=(15.75,-0.71,2.74) yaw=13.9deg command=(1.94,0.48,0.00) manual_active=1 collision_blocks=0
[depth_angular_controller-1] [INFO] [1791426235.769652685] [depth_angular_controller]: OMNI_DEPTH views=4 azimuth_bins=180 elevation_bins=37 valid=1 certificates=0 short=0 held=0 local_candidates=1 yaw=13.87
[depth_angular_controller-1] [INFO] [1791426235.769974691] [depth_angular_controller]: PAPER_BUILD reason=FULL_MOTION_CERTIFICATE required=0.0000 best=0.0000 free=0 refined=0 tubes=170 revoked_tubes=0 proofs=128
[depth_angular_controller-1] [INFO] [1791426235.769983036] [depth_angular_controller]: PAPER_EVIDENCE retained=16 balls=32 revoked_balls=0 expired_views=0 evicted_views=160 radius=0.580 clearance=0.000 best_prefix=0.000
[depth_angular_controller-1] [INFO] [1791426236.847446597] [depth_angular_controller]: OMNI_DEPTH views=4 azimuth_bins=180 elevation_bins=37 valid=1 certificates=0 short=0 held=0 local_candidates=3 yaw=9.44
[depth_angular_controller-1] [INFO] [1791426236.848286766] [depth_angular_controller]: PAPER_BUILD reason=FULL_MOTION_CERTIFICATE required=0.0000 best=0.0000 free=0 refined=0 tubes=174 revoked_tubes=0 proofs=128
[depth_angular_controller-1] [INFO] [1791426236.848308477] [depth_angular_controller]: PAPER_EVIDENCE retained=16 balls=32 revoked_balls=0 expired_views=0 evicted_views=164 radius=0.580 clearance=0.000 best_prefix=0.000
[depth_angular_controller-1] [INFO] [1791426238.069409437] [depth_angular_controller]: OMNI_DEPTH views=4 azimuth_bins=180 elevation_bins=37 valid=1 certificates=0 short=0 held=0 local_candidates=2 yaw=15.68
[depth_angular_controller-1] [INFO] [1791426238.069714721] [depth_angular_controller]: PAPER_BUILD reason=FULL_MOTION_CERTIFICATE required=0.0000 best=0.0000 free=0 refined=0 tubes=178 revoked_tubes=0 proofs=128
[depth_angular_controller-1] [INFO] [1791426238.069723007] [depth_angular_controller]: PAPER_EVIDENCE retained=16 balls=32 revoked_balls=0 expired_views=0 evicted_views=168 radius=0.580 clearance=0.000 best_prefix=0.000
[depth_angular_controller-1] [INFO] [1791426239.158130605] [depth_angular_controller]: OMNI_DEPTH views=4 azimuth_bins=180 elevation_bins=37 valid=1 certificates=0 short=0 held=0 local_candidates=2 yaw=14.80
[depth_angular_controller-1] [INFO] [1791426239.158438584] [depth_angular_controller]: PAPER_BUILD reason=FULL_MOTION_CERTIFICATE required=0.0000 best=0.0000 free=0 refined=0 tubes=182 revoked_tubes=0 proofs=128
[depth_angular_controller-1] [INFO] [1791426239.158445958] [depth_angular_controller]: PAPER_EVIDENCE retained=16 balls=32 revoked_balls=0 expired_views=0 evicted_views=172 radius=0.580 clearance=0.000 best_prefix=0.000
[depth_angular_controller-1] [INFO] [1791426240.010319685] [depth_angular_controller]: [PERF CTRL] run=p5_retain_20261008_goal_v4_ego1p5_1 elapsed=63.76s callbacks=2926 commands=2925 guidance=2805 command_fps(ros/wall)=59.98/58.39 guidance_wall_fps=58.01 avoid_ms(mean/p50/p95/max)=1.414/0.980/3.915/27.979 cycle_ms(mean/p95/max)=17.126/22.968/84.264 depth_to_cmd_ms(mean/p95/max)=38.449/66.667/100.000 callback_to_publish_ms(mean/p95/max)=3.356/8.322/28.146
[depth_angular_controller-1] [INFO] [1791426240.010574664] [depth_angular_controller]: EVIDENCE_COST ingest(mean/p95/max)=1.871/6.437/13.373 record=0.037/0.020/4.623 ms
[depth_angular_controller-1] [INFO] [1791426240.010587989] [depth_angular_controller]: EVIDENCE_PHASE per_view_mean_ms balls=0.077 tubes=0.059 history=0.306 eviction=0.001
[depth_angular_controller-1] [INFO] [1791426240.313906229] [depth_angular_controller]: OMNI_DEPTH views=4 azimuth_bins=180 elevation_bins=37 valid=1 certificates=0 short=0 held=0 local_candidates=3 yaw=17.20
[depth_angular_controller-1] [INFO] [1791426240.314254754] [depth_angular_controller]: PAPER_BUILD reason=FULL_MOTION_CERTIFICATE required=0.0000 best=0.0000 free=0 refined=0 tubes=186 revoked_tubes=0 proofs=128
[depth_angular_controller-1] [INFO] [1791426240.314262368] [depth_angular_controller]: PAPER_EVIDENCE retained=16 balls=32 revoked_balls=0 expired_views=0 evicted_views=176 radius=0.580 clearance=0.000 best_prefix=0.000
[position_cmd_to_twist-2] [INFO] [1791426241.198411040] [position_cmd_to_twist]: [PERF BRIDGE] run=p5_retain_20261008_goal_v4_ego1p5_1 elapsed=64.84s received=2994 published=2994 fps(ros/wall)=59.98/58.40 controller_to_bridge_ms(mean/p50/p95/max)=0.100/0.000/0.000/33.333 bridge_process_ms(mean/p95/max)=0.089/0.114/1.210
[NAV] t=50.0s position=(25.31,1.78,1.44) yaw=13.7deg command=(1.90,0.59,-0.20) manual_active=1 collision_blocks=0
[depth_angular_controller-1] [INFO] [1791426241.285582753] [depth_angular_controller]: OMNI_DEPTH views=4 azimuth_bins=180 elevation_bins=37 valid=1 certificates=0 short=0 held=0 local_candidates=3 yaw=17.20
[depth_angular_controller-1] [INFO] [1791426241.285882436] [depth_angular_controller]: PAPER_BUILD reason=FULL_MOTION_CERTIFICATE required=0.0000 best=0.0000 free=0 refined=0 tubes=190 revoked_tubes=0 proofs=128
[depth_angular_controller-1] [INFO] [1791426241.285892835] [depth_angular_controller]: PAPER_EVIDENCE retained=16 balls=32 revoked_balls=0 expired_views=0 evicted_views=180 radius=0.580 clearance=0.000 best_prefix=0.000
[depth_angular_controller-1] [INFO] [1791426242.371623583] [depth_angular_controller]: OMNI_DEPTH views=4 azimuth_bins=180 elevation_bins=37 valid=1 certificates=0 short=0 held=0 local_candidates=1 yaw=13.60
[depth_angular_controller-1] [INFO] [1791426242.371925631] [depth_angular_controller]: PAPER_BUILD reason=FULL_MOTION_CERTIFICATE required=0.0000 best=0.0000 free=0 refined=0 tubes=194 revoked_tubes=0 proofs=128
[depth_angular_controller-1] [INFO] [1791426242.371931181] [depth_angular_controller]: PAPER_EVIDENCE retained=16 balls=32 revoked_balls=0 expired_views=0 evicted_views=184 radius=0.580 clearance=0.000 best_prefix=0.000
[depth_angular_controller-1] [INFO] [1791426243.515674502] [depth_angular_controller]: OMNI_DEPTH views=4 azimuth_bins=180 elevation_bins=37 valid=1 certificates=0 short=0 held=0 local_candidates=1 yaw=13.60
[depth_angular_controller-1] [INFO] [1791426243.515996668] [depth_angular_controller]: PAPER_BUILD reason=FULL_MOTION_CERTIFICATE required=0.0000 best=0.0000 free=0 refined=0 tubes=198 revoked_tubes=0 proofs=128
[depth_angular_controller-1] [INFO] [1791426243.516005134] [depth_angular_controller]: PAPER_EVIDENCE retained=16 balls=32 revoked_balls=0 expired_views=0 evicted_views=188 radius=0.580 clearance=0.000 best_prefix=0.000
[depth_angular_controller-1] [INFO] [1791426244.607970528] [depth_angular_controller]: OMNI_DEPTH views=4 azimuth_bins=180 elevation_bins=37 valid=1 certificates=0 short=0 held=0 local_candidates=1 yaw=13.60
[depth_angular_controller-1] [INFO] [1791426244.608310828] [depth_angular_controller]: PAPER_BUILD reason=FULL_MOTION_CERTIFICATE required=0.0000 best=0.0000 free=0 refined=0 tubes=202 revoked_tubes=0 proofs=128
[depth_angular_controller-1] [INFO] [1791426244.608315977] [depth_angular_controller]: PAPER_EVIDENCE retained=16 balls=32 revoked_balls=0 expired_views=0 evicted_views=192 radius=0.580 clearance=0.000 best_prefix=0.000
[depth_angular_controller-1] [INFO] [1791426245.014902200] [depth_angular_controller]: [PERF CTRL] run=p5_retain_20261008_goal_v4_ego1p5_1 elapsed=68.77s callbacks=3206 commands=3205 guidance=3085 command_fps(ros/wall)=59.98/58.17 guidance_wall_fps=57.82 avoid_ms(mean/p50/p95/max)=1.448/0.964/4.167/27.979 cycle_ms(mean/p95/max)=17.191/23.212/84.264 depth_to_cmd_ms(mean/p95/max)=38.228/66.667/100.000 callback_to_publish_ms(mean/p95/max)=3.460/8.540/28.146
[depth_angular_controller-1] [INFO] [1791426245.015179691] [depth_angular_controller]: EVIDENCE_COST ingest(mean/p95/max)=1.940/6.573/13.373 record=0.035/0.020/4.623 ms
[depth_angular_controller-1] [INFO] [1791426245.015186384] [depth_angular_controller]: EVIDENCE_PHASE per_view_mean_ms balls=0.079 tubes=0.065 history=0.313 eviction=0.001
[depth_angular_controller-1] [INFO] [1791426245.691756651] [depth_angular_controller]: OMNI_DEPTH views=4 azimuth_bins=180 elevation_bins=37 valid=1 certificates=0 short=0 held=0 local_candidates=1 yaw=13.60
[depth_angular_controller-1] [INFO] [1791426245.692092813] [depth_angular_controller]: PAPER_BUILD reason=FULL_MOTION_CERTIFICATE required=0.0000 best=0.0000 free=0 refined=0 tubes=206 revoked_tubes=0 proofs=128
[depth_angular_controller-1] [INFO] [1791426245.692110817] [depth_angular_controller]: PAPER_EVIDENCE retained=16 balls=32 revoked_balls=0 expired_views=0 evicted_views=196 radius=0.580 clearance=0.000 best_prefix=0.000
[position_cmd_to_twist-2] [INFO] [1791426246.579902395] [position_cmd_to_twist]: [PERF BRIDGE] run=p5_retain_20261008_goal_v4_ego1p5_1 elapsed=70.22s received=3294 published=3294 fps(ros/wall)=59.98/58.15 controller_to_bridge_ms(mean/p50/p95/max)=0.091/0.000/0.000/33.333 bridge_process_ms(mean/p95/max)=0.088/0.113/1.210
[NAV] t=55.0s position=(35.00,4.19,1.69) yaw=13.6deg command=(1.94,0.47,0.07) manual_active=1 collision_blocks=0
[depth_angular_controller-1] [INFO] [1791426246.662920502] [depth_angular_controller]: OMNI_DEPTH views=4 azimuth_bins=180 elevation_bins=37 valid=1 certificates=0 short=0 held=0 local_candidates=1 yaw=13.60
[depth_angular_controller-1] [INFO] [1791426246.663266752] [depth_angular_controller]: PAPER_BUILD reason=FULL_MOTION_CERTIFICATE required=0.0000 best=0.0000 free=0 refined=0 tubes=210 revoked_tubes=0 proofs=128
[depth_angular_controller-1] [INFO] [1791426246.663273465] [depth_angular_controller]: PAPER_EVIDENCE retained=16 balls=32 revoked_balls=0 expired_views=0 evicted_views=200 radius=0.580 clearance=0.000 best_prefix=0.000
[depth_angular_controller-1] [INFO] [1791426247.692895196] [depth_angular_controller]: OMNI_DEPTH views=4 azimuth_bins=180 elevation_bins=37 valid=1 certificates=0 short=0 held=0 local_candidates=1 yaw=13.60
[depth_angular_controller-1] [INFO] [1791426247.693240765] [depth_angular_controller]: PAPER_BUILD reason=FULL_MOTION_CERTIFICATE required=0.0000 best=0.0000 free=0 refined=0 tubes=214 revoked_tubes=0 proofs=128
[depth_angular_controller-1] [INFO] [1791426247.693246306] [depth_angular_controller]: PAPER_EVIDENCE retained=16 balls=32 revoked_balls=0 expired_views=0 evicted_views=204 radius=0.580 clearance=0.000 best_prefix=0.000
[depth_angular_controller-1] [INFO] [1791426248.699508457] [depth_angular_controller]: OMNI_DEPTH views=4 azimuth_bins=180 elevation_bins=37 valid=1 certificates=0 short=0 held=0 local_candidates=1 yaw=13.60
[depth_angular_controller-1] [INFO] [1791426248.699869516] [depth_angular_controller]: PAPER_BUILD reason=FULL_MOTION_CERTIFICATE required=0.0000 best=0.0000 free=0 refined=0 tubes=218 revoked_tubes=0 proofs=128
[depth_angular_controller-1] [INFO] [1791426248.699875787] [depth_angular_controller]: PAPER_EVIDENCE retained=16 balls=32 revoked_balls=0 expired_views=0 evicted_views=208 radius=0.580 clearance=0.000 best_prefix=0.000
[depth_angular_controller-1] [INFO] [1791426249.782848201] [depth_angular_controller]: OMNI_DEPTH views=4 azimuth_bins=180 elevation_bins=37 valid=1 certificates=0 short=0 held=0 local_candidates=1 yaw=13.60
[depth_angular_controller-1] [INFO] [1791426249.783209911] [depth_angular_controller]: PAPER_BUILD reason=FULL_MOTION_CERTIFICATE required=0.0000 best=0.0000 free=0 refined=0 tubes=223 revoked_tubes=0 proofs=128
[depth_angular_controller-1] [INFO] [1791426249.783215281] [depth_angular_controller]: PAPER_EVIDENCE retained=16 balls=32 revoked_balls=0 expired_views=0 evicted_views=212 radius=0.580 clearance=0.000 best_prefix=0.000
[depth_angular_controller-1] [INFO] [1791426250.028402955] [depth_angular_controller]: [PERF CTRL] run=p5_retain_20261008_goal_v4_ego1p5_1 elapsed=73.78s callbacks=3492 commands=3491 guidance=3371 command_fps(ros/wall)=59.98/58.08 guidance_wall_fps=57.75 avoid_ms(mean/p50/p95/max)=1.372/0.894/3.998/27.979 cycle_ms(mean/p95/max)=17.219/23.255/84.264 depth_to_cmd_ms(mean/p95/max)=38.020/66.667/100.000 callback_to_publish_ms(mean/p95/max)=3.408/8.430/28.146
[depth_angular_controller-1] [INFO] [1791426250.028683072] [depth_angular_controller]: EVIDENCE_COST ingest(mean/p95/max)=1.959/6.708/13.373 record=0.034/0.021/4.623 ms
[depth_angular_controller-1] [INFO] [1791426250.028688101] [depth_angular_controller]: EVIDENCE_PHASE per_view_mean_ms balls=0.080 tubes=0.064 history=0.318 eviction=0.001
[depth_angular_controller-1] [INFO] [1791426250.869148609] [depth_angular_controller]: OMNI_DEPTH views=4 azimuth_bins=180 elevation_bins=37 valid=1 certificates=0 short=0 held=0 local_candidates=3 yaw=12.70
[depth_angular_controller-1] [INFO] [1791426250.869859435] [depth_angular_controller]: PAPER_BUILD reason=FULL_MOTION_CERTIFICATE required=0.0000 best=0.0000 free=0 refined=0 tubes=227 revoked_tubes=0 proofs=128
[depth_angular_controller-1] [INFO] [1791426250.869878200] [depth_angular_controller]: PAPER_EVIDENCE retained=16 balls=32 revoked_balls=0 expired_views=0 evicted_views=216 radius=0.580 clearance=0.000 best_prefix=0.000
[position_cmd_to_twist-2] [INFO] [1791426251.868516955] [position_cmd_to_twist]: [PERF BRIDGE] run=p5_retain_20261008_goal_v4_ego1p5_1 elapsed=75.51s received=3594 published=3594 fps(ros/wall)=59.98/58.03 controller_to_bridge_ms(mean/p50/p95/max)=0.083/0.000/0.000/33.333 bridge_process_ms(mean/p95/max)=0.088/0.114/1.210
[NAV] t=60.0s position=(44.73,6.49,2.00) yaw=13.7deg command=(1.95,0.41,-0.11) manual_active=1 collision_blocks=0
[depth_angular_controller-1] [INFO] [1791426251.947360236] [depth_angular_controller]: OMNI_DEPTH views=4 azimuth_bins=180 elevation_bins=37 valid=1 certificates=0 short=0 held=0 local_candidates=3 yaw=15.36
[depth_angular_controller-1] [INFO] [1791426251.947720964] [depth_angular_controller]: PAPER_BUILD reason=FULL_MOTION_CERTIFICATE required=0.0000 best=0.0000 free=0 refined=0 tubes=231 revoked_tubes=0 proofs=128
[depth_angular_controller-1] [INFO] [1791426251.947729861] [depth_angular_controller]: PAPER_EVIDENCE retained=16 balls=32 revoked_balls=0 expired_views=0 evicted_views=220 radius=0.580 clearance=0.000 best_prefix=0.000
[depth_angular_controller-1] [INFO] [1791426253.087618909] [depth_angular_controller]: OMNI_DEPTH views=4 azimuth_bins=180 elevation_bins=37 valid=1 certificates=0 short=0 held=0 local_candidates=3 yaw=12.85
[depth_angular_controller-1] [INFO] [1791426253.088665225] [depth_angular_controller]: PAPER_BUILD reason=FULL_MOTION_CERTIFICATE required=0.0000 best=0.0000 free=0 refined=0 tubes=235 revoked_tubes=0 proofs=128
[depth_angular_controller-1] [INFO] [1791426253.088690272] [depth_angular_controller]: PAPER_EVIDENCE retained=16 balls=32 revoked_balls=0 expired_views=0 evicted_views=224 radius=0.580 clearance=0.000 best_prefix=0.000
[depth_angular_controller-1] [INFO] [1791426254.118141062] [depth_angular_controller]: OMNI_DEPTH views=4 azimuth_bins=180 elevation_bins=37 valid=1 certificates=0 short=0 held=0 local_candidates=3 yaw=12.67
[depth_angular_controller-1] [INFO] [1791426254.118990578] [depth_angular_controller]: PAPER_BUILD reason=FULL_MOTION_CERTIFICATE required=0.0000 best=0.0000 free=0 refined=0 tubes=239 revoked_tubes=0 proofs=128
[depth_angular_controller-1] [INFO] [1791426254.119002551] [depth_angular_controller]: PAPER_EVIDENCE retained=16 balls=32 revoked_balls=0 expired_views=0 evicted_views=228 radius=0.580 clearance=0.000 best_prefix=0.000
[depth_angular_controller-1] [INFO] [1791426255.038277225] [depth_angular_controller]: [PERF CTRL] run=p5_retain_20261008_goal_v4_ego1p5_1 elapsed=78.79s callbacks=3763 commands=3762 guidance=3642 command_fps(ros/wall)=59.86/57.77 guidance_wall_fps=57.46 avoid_ms(mean/p50/p95/max)=1.471/0.943/4.066/52.692 cycle_ms(mean/p95/max)=17.310/23.345/84.264 depth_to_cmd_ms(mean/p95/max)=37.859/66.667/100.000 callback_to_publish_ms(mean/p95/max)=3.511/8.495/54.837
[depth_angular_controller-1] [INFO] [1791426255.038610562] [depth_angular_controller]: EVIDENCE_COST ingest(mean/p95/max)=1.963/6.582/13.373 record=0.033/0.020/4.623 ms
[depth_angular_controller-1] [INFO] [1791426255.038618156] [depth_angular_controller]: EVIDENCE_PHASE per_view_mean_ms balls=0.080 tubes=0.062 history=0.321 eviction=0.001
[depth_angular_controller-1] [INFO] [1791426255.196101677] [depth_angular_controller]: OMNI_DEPTH views=4 azimuth_bins=180 elevation_bins=37 valid=1 certificates=0 short=0 held=0 local_candidates=1 yaw=13.58
[depth_angular_controller-1] [INFO] [1791426255.197593941] [depth_angular_controller]: PAPER_BUILD reason=FULL_MOTION_CERTIFICATE required=0.0000 best=0.0000 free=0 refined=0 tubes=243 revoked_tubes=0 proofs=128
[depth_angular_controller-1] [INFO] [1791426255.197606044] [depth_angular_controller]: PAPER_EVIDENCE retained=16 balls=32 revoked_balls=0 expired_views=0 evicted_views=232 radius=0.580 clearance=0.000 best_prefix=0.000
[depth_angular_controller-1] [INFO] [1791426256.528730193] [depth_angular_controller]: OMNI_DEPTH views=4 azimuth_bins=180 elevation_bins=37 valid=1 certificates=0 short=0 held=0 local_candidates=1 yaw=13.58
[depth_angular_controller-1] [INFO] [1791426256.529098304] [depth_angular_controller]: PAPER_BUILD reason=FULL_MOTION_CERTIFICATE required=0.0000 best=0.0000 free=0 refined=0 tubes=247 revoked_tubes=0 proofs=128
[depth_angular_controller-1] [INFO] [1791426256.529107963] [depth_angular_controller]: PAPER_EVIDENCE retained=16 balls=32 revoked_balls=0 expired_views=0 evicted_views=236 radius=0.580 clearance=0.000 best_prefix=0.000
[position_cmd_to_twist-2] [INFO] [1791426257.594514565] [position_cmd_to_twist]: [PERF BRIDGE] run=p5_retain_20261008_goal_v4_ego1p5_1 elapsed=81.24s received=3886 published=3886 fps(ros/wall)=59.86/57.43 controller_to_bridge_ms(mean/p50/p95/max)=0.193/0.000/0.000/50.000 bridge_process_ms(mean/p95/max)=0.088/0.114/1.210
[NAV] t=65.0s position=(54.41,8.88,2.21) yaw=13.6deg command=(1.94,0.47,0.12) manual_active=1 collision_blocks=0
[depth_angular_controller-1] [INFO] [1791426257.673304816] [depth_angular_controller]: OMNI_DEPTH views=4 azimuth_bins=180 elevation_bins=37 valid=1 certificates=0 short=0 held=0 local_candidates=1 yaw=13.58
[depth_angular_controller-1] [INFO] [1791426257.673664232] [depth_angular_controller]: PAPER_BUILD reason=FULL_MOTION_CERTIFICATE required=0.0000 best=0.0000 free=0 refined=0 tubes=251 revoked_tubes=0 proofs=128
[depth_angular_controller-1] [INFO] [1791426257.673677617] [depth_angular_controller]: PAPER_EVIDENCE retained=16 balls=32 revoked_balls=0 expired_views=0 evicted_views=240 radius=0.580 clearance=0.000 best_prefix=0.000
[depth_angular_controller-1] [INFO] [1791426258.623997465] [depth_angular_controller]: OMNI_DEPTH views=4 azimuth_bins=180 elevation_bins=37 valid=1 certificates=0 short=0 held=0 local_candidates=1 yaw=13.58
[depth_angular_controller-1] [INFO] [1791426258.624492455] [depth_angular_controller]: PAPER_BUILD reason=FULL_MOTION_CERTIFICATE required=0.0000 best=0.0000 free=0 refined=0 tubes=255 revoked_tubes=0 proofs=128
[depth_angular_controller-1] [INFO] [1791426258.624500951] [depth_angular_controller]: PAPER_EVIDENCE retained=16 balls=32 revoked_balls=0 expired_views=0 evicted_views=244 radius=0.580 clearance=0.000 best_prefix=0.000
[depth_angular_controller-1] [INFO] [1791426259.729945918] [depth_angular_controller]: OMNI_DEPTH views=4 azimuth_bins=180 elevation_bins=37 valid=1 certificates=0 short=0 held=0 local_candidates=1 yaw=13.58
[depth_angular_controller-1] [INFO] [1791426259.730316204] [depth_angular_controller]: PAPER_BUILD reason=FULL_MOTION_CERTIFICATE required=0.0000 best=0.0000 free=0 refined=0 tubes=256 revoked_tubes=0 proofs=128
[depth_angular_controller-1] [INFO] [1791426259.730324449] [depth_angular_controller]: PAPER_EVIDENCE retained=16 balls=32 revoked_balls=0 expired_views=0 evicted_views=248 radius=0.580 clearance=0.000 best_prefix=0.000
[depth_angular_controller-1] [INFO] [1791426260.063557448] [depth_angular_controller]: [PERF CTRL] run=p5_retain_20261008_goal_v4_ego1p5_1 elapsed=83.82s callbacks=4026 commands=4025 guidance=3905 command_fps(ros/wall)=59.87/57.38 guidance_wall_fps=57.08 avoid_ms(mean/p50/p95/max)=1.431/0.875/3.983/52.692 cycle_ms(mean/p95/max)=17.428/23.433/85.696 depth_to_cmd_ms(mean/p95/max)=37.721/66.667/100.000 callback_to_publish_ms(mean/p95/max)=3.481/8.438/54.837
[depth_angular_controller-1] [INFO] [1791426260.063885986] [depth_angular_controller]: EVIDENCE_COST ingest(mean/p95/max)=1.966/6.615/13.373 record=0.037/0.021/4.623 ms
[depth_angular_controller-1] [INFO] [1791426260.063891586] [depth_angular_controller]: EVIDENCE_PHASE per_view_mean_ms balls=0.079 tubes=0.062 history=0.321 eviction=0.001
[depth_angular_controller-1] [INFO] [1791426260.815165715] [depth_angular_controller]: OMNI_DEPTH views=4 azimuth_bins=180 elevation_bins=37 valid=1 certificates=0 short=0 held=0 local_candidates=1 yaw=13.58
[depth_angular_controller-1] [INFO] [1791426260.815576367] [depth_angular_controller]: PAPER_BUILD reason=FULL_MOTION_CERTIFICATE required=0.0000 best=0.0000 free=0 refined=0 tubes=256 revoked_tubes=0 proofs=128
[depth_angular_controller-1] [INFO] [1791426260.815587398] [depth_angular_controller]: PAPER_EVIDENCE retained=16 balls=32 revoked_balls=0 expired_views=0 evicted_views=252 radius=0.580 clearance=0.000 best_prefix=0.000
[depth_angular_controller-1] [INFO] [1791426261.825145202] [depth_angular_controller]: OMNI_DEPTH views=4 azimuth_bins=180 elevation_bins=37 valid=1 certificates=0 short=0 held=0 local_candidates=1 yaw=13.58
[depth_angular_controller-1] [INFO] [1791426261.825453091] [depth_angular_controller]: PAPER_BUILD reason=FULL_MOTION_CERTIFICATE required=0.0000 best=0.0000 free=0 refined=0 tubes=256 revoked_tubes=0 proofs=128
[depth_angular_controller-1] [INFO] [1791426261.825463491] [depth_angular_controller]: PAPER_EVIDENCE retained=16 balls=32 revoked_balls=0 expired_views=0 evicted_views=256 radius=0.580 clearance=0.000 best_prefix=0.000
[position_cmd_to_twist-2] [INFO] [1791426262.707936443] [position_cmd_to_twist]: [PERF BRIDGE] run=p5_retain_20261008_goal_v4_ego1p5_1 elapsed=86.35s received=4186 published=4186 fps(ros/wall)=59.87/57.52 controller_to_bridge_ms(mean/p50/p95/max)=0.179/0.000/0.000/50.000 bridge_process_ms(mean/p95/max)=0.088/0.113/1.210
[NAV] t=70.0s position=(63.49,11.08,2.77) yaw=13.6deg command=(0.91,0.22,0.06) manual_active=1 collision_blocks=0
[depth_angular_controller-1] [INFO] [1791426262.789106136] [depth_angular_controller]: OMNI_DEPTH views=4 azimuth_bins=180 elevation_bins=37 valid=1 certificates=0 short=0 held=0 local_candidates=1 yaw=13.58
[depth_angular_controller-1] [INFO] [1791426262.789311873] [depth_angular_controller]: PAPER_BUILD reason=FULL_MOTION_CERTIFICATE required=0.0000 best=0.0000 free=0 refined=0 tubes=256 revoked_tubes=0 proofs=128
[depth_angular_controller-1] [INFO] [1791426262.789319046] [depth_angular_controller]: PAPER_EVIDENCE retained=16 balls=32 revoked_balls=0 expired_views=0 evicted_views=260 radius=0.580 clearance=0.000 best_prefix=0.000
[depth_angular_controller-1] [INFO] [1791426262.840986295] [depth_angular_controller]: ZERO_INTENT
[BENCHMARK RESULT] ARRIVED sim=69.217s
[PERF ISAAC FINAL] run=p5_retain_20261008_goal_v4_ego1p5_1 result=ARRIVED wall=74.47s sim_frames=4275 fps(sim/wall)=60.03/57.40 command_changes=3163 collision_blocks=0 frame_interval_ms(mean/p50/p95/max)=17.343/15.872/17.901/79.368
[87.412s] Simulation App Shutting Down
[depth_angular_controller-1] [INFO] [1791426264.667973175] [rclcpp]: signal_handler(SIGINT/SIGTERM)
[position_cmd_to_twist-2] [INFO] [1791426264.668825346] [position_cmd_to_twist]: [PERF BRIDGE FINAL] run=p5_retain_20261008_goal_v4_ego1p5_1 elapsed=88.31s received=4264 published=4264 fps(ros/wall)=59.87/57.54 controller_to_bridge_ms(mean/p50/p95/max)=0.176/0.000/0.000/50.000 bridge_process_ms(mean/p95/max)=0.088/0.113/1.210
[position_cmd_to_twist-2] Failed to publish log message to rosout: publisher's context is invalid, at ./src/rcl/publisher.c:389
[depth_angular_controller-1] [INFO] [1791426264.669068644] [depth_angular_controller]: [PERF CTRL FINAL] run=p5_retain_20261008_goal_v4_ego1p5_1 elapsed=88.42s callbacks=4265 commands=4264 guidance=4074 command_fps(ros/wall)=59.87/57.54 guidance_wall_fps=57.25 avoid_ms(mean/p50/p95/max)=1.391/0.811/3.873/52.692 cycle_ms(mean/p95/max)=17.379/23.359/85.696 depth_to_cmd_ms(mean/p95/max)=37.658/66.667/100.000 callback_to_publish_ms(mean/p95/max)=3.412/8.298/54.837
[depth_angular_controller-1] [INFO] [1791426264.669365301] [depth_angular_controller]: EVIDENCE_COST ingest(mean/p95/max)=1.958/6.542/13.373 record=0.036/0.021/4.623 ms
[depth_angular_controller-1] [INFO] [1791426264.669368187] [depth_angular_controller]: EVIDENCE_PHASE per_view_mean_ms balls=0.079 tubes=0.061 history=0.321 eviction=0.001
[INFO] [depth_angular_controller-1]: process has finished cleanly [pid 334809]
[INFO] [position_cmd_to_twist-2]: process has finished cleanly [pid 334811]
