[PERF] run=p5_retain_20261008_goal_baseline_ego1p5_3 log=/home/starry/isaac-data/EGO1P5/performance/retain_gains_20261008/closed_loop/p5_retain_20261008_goal/p5_retain_20261008_goal_goal_baseline_3_performance.md
[INPUT] mode=goal scene_mode=cloud
[LOCK] Waiting for shared Isaac navigation slot
[INFO] [launch]: All log files can be found below /tmp/fov_gvf_ego1p5_isaac_ros_log/2026-10-08-10-52-20-113195-starry-System-Product-Name-345401
[INFO] [launch]: Default logging verbosity is set to INFO
[INFO] [depth_angular_controller-1]: process started with pid [345403]
[INFO] [position_cmd_to_twist-2]: process started with pid [345405]
[depth_angular_controller-1] [INFO] [1791427940.149284712] [depth_angular_controller]: PROCESSING_RATES control=60.0 Hz depth_limit=10.0 Hz (0=unlimited)
[depth_angular_controller-1] [INFO] [1791427940.151576148] [depth_angular_controller]: C++ controller commands publish on /position_cmd; horizontal views=4
[ROS CHECK] ROS_DOMAIN_ID=42 /position_cmd publishers=1
Type: pc_gvf_msgs/msg/PositionCommand
Publisher count: 1
Subscription count: 1
/depth_angular_controller
/position_cmd_to_twist
WARNING: All log messages before absl::InitializeLog() is called are written to STDERR
E0000 00:00:1791427941.099647  345444 descriptor_database.cc:633] File already exists in database: grpc/health/v1/health.proto
W0000 00:00:1791427941.099673  345444 message.cc:301] Protobuf GeneratedMessageFactory: File is already registered: grpc/health/v1/health.proto
2026-10-08T02:52:20Z [Info] [carb] Logging to file: /home/starry/isaac-data/isaacsim/kit/logs/Kit/Isaac-Sim Python/6.0/kit_20261008_105220.log
[0.043s] [ext: omni.assets.plugins-0.0.0] startup
[0.044s] [ext: omni.blobkey-1.1.2] startup
[0.044s] [ext: omni.kit.async_engine-0.0.3] startup
[0.309s] [ext: omni.client.lib-1.1.1] startup
[0.317s] [ext: omni.client-1.3.0] startup
[0.319s] [ext: omni.protobuf.lib-1.0.0] startup
[0.320s] [ext: omni.grpc.lib-1.0.0] startup
[0.323s] [ext: omni.metrics.core-0.0.3] startup
[0.324s] [ext: omni.datastore-0.0.0] startup
[0.324s] [ext: omni.gpu_foundation.shadercache.vulkan-1.0.0] startup
[0.326s] [ext: omni.hsscclient-1.1.4] startup
[0.326s] [ext: omni.stats-1.0.1] startup
[0.327s] [ext: omni.ujitso.default-1.0.0] startup
[0.329s] [ext: omni.gpu_foundation-0.0.0] startup
[0.462s] [ext: carb.windowing.plugins-1.0.1] startup
[0.462s] [ext: omni.kit.renderer.init-1.0.1] startup
2026-10-08T02:52:21Z [667ms] [Warning] [omni.rtx] Skipping unsupported non-NVIDIA GPU: AMD Unknown (RADV RAPHAEL_MENDOCINO)
2026-10-08T02:52:21Z [668ms] [Warning] [omni.rtx] Skipping unsupported non-NVIDIA GPU: AMD Unknown (RADV RAPHAEL_MENDOCINO)

|---------------------------------------------------------------------------------------------|
| Driver Version: 580.178.04    | Graphics API: Vulkan
|=============================================================================================|
| GPU | Name                             | Active | LDA | GPU Memory | Vendor-ID | LUID       |
|     |                                  |        |     |            | Device-ID | UUID       |
|     |                                  |        |     |            | Bus-ID    |            |
|---------------------------------------------------------------------------------------------|
| 0   | NVIDIA GeForce RTX 5070          | Yes: 0 |     | 12227   MB | 10de      | 0          |
|     |                                  |        |     |            | 2f04      | 348d89fe.. |
|     |                                  |        |     |            | 1         |            |
|---------------------------------------------------------------------------------------------|
| 1   | AMD Unknown (RADV RAPHAEL_MEND.. |        |     | 10755   MB | 1002      | 0          |
|     |                                  |        |     |            | 13c0      | 00000000.. |
|     |                                  |        |     |            | c         |            |
|=============================================================================================|
| OS: 22.04.5 LTS (Jammy Jellyfish) ubuntu, Version: 22.04.5, Kernel: 6.8.0-138-generic
| XServer Vendor: The X.Org Foundation, XServer Version: 12101004 (1.21.1.4)
| Processor: AMD Ryzen 5 9600X 6-Core Processor
| Cores: 6 | Logical Cores: 12
|---------------------------------------------------------------------------------------------|
| Total Memory (MB): 31241 | Free Memory: 22028
| Total Page/Swap (MB): 15624 | Free Page/Swap: 15624
|---------------------------------------------------------------------------------------------|
2026-10-08T02:52:21Z [873ms] [Warning] [omni.rtx] CPU performance profile is set to powersave. This profile sets the CPU to the lowest frequency reducing performance.
2026-10-08T02:52:21Z [882ms] [Warning] [omni.rtx] IOMMU is enabled.
[0.985s] [ext: omni.kit.pipapi-0.0.0] startup
[0.986s] [ext: omni.kit.pip_archive-0.0.0] startup
[0.986s] [ext: isaacsim.pip.newton-0.6.1] startup
[0.986s] [ext: omni.pip.compute-1.9.2] startup
[0.987s] [ext: omni.isaac.core_archive-5.3.1] startup
[0.987s] [ext: omni.kit.telemetry-0.5.2] startup
[1.006s] [ext: omni.kit.loop-isaac-1.6.0] startup
[1.007s] [ext: omni.kit.test-2.0.7] startup
[1.056s] [ext: omni.materialx.libs-1.0.9] startup
[1.062s] [ext: omni.gpucompute.plugins-0.0.0] startup
[1.062s] [ext: omni.usd.config-1.0.7] startup
[1.065s] [ext: omni.usd.libs-1.0.3] startup
[1.121s] [ext: omni.iray.libs-0.0.1] startup
[1.124s] [ext: omni.mdl-57.0.3] startup
[1.183s] [ext: omni.mdl.neuraylib-0.2.20] startup
[1.185s] [ext: omni.kit.usd.mdl-1.1.9] startup
[1.268s] [ext: omni.appwindow-1.2.2] startup
[1.270s] [ext: omni.kit.renderer.core-1.2.2] startup
2026-10-08T02:52:27Z [6,476ms] [Warning] [carb.windowing-glfw.gamepad] Joystick with unknown remapping detected (will be ignored):  BEITONG BEITONG A2P3A BFM DONGLE [03000000bc2000001c51000011010000]
[6.506s] [ext: omni.kit.renderer.capture-2.0.1] startup
[6.508s] [ext: omni.kit.renderer.imgui-2.0.6] startup
[6.544s] [ext: omni.ui-3.2.0] startup
[6.551s] [ext: omni.kit.mainwindow-1.0.3] startup
[6.551s] [ext: carb.audio-0.1.0] startup
[6.553s] [ext: omni.uiaudio-1.0.0] startup
[6.554s] [ext: omni.kit.uiapp-0.0.0] startup
[6.554s] [ext: omni.usd.schema.metrics.assembler-110.1.0] startup
[6.556s] [ext: omni.usd.schema.audio-0.0.1] startup
[6.558s] [ext: omni.usd_resolver-1.0.0] startup
[6.561s] [ext: omni.usd.core-1.8.3] startup
[6.563s] [ext: omni.metropolis.schema-0.0.3] startup
[6.564s] [ext: isaacsim.anim.robot.schema-0.1.1] startup
[6.564s] [ext: omni.usd.schema.anim-0.0.1] startup
[6.577s] [ext: omni.usd.schema.geospatial-0.0.1] startup
[6.579s] [ext: omni.usd.schema.omnigraph-1.0.1] startup
[6.583s] [ext: omni.usd.schema.semantics-0.0.0] startup
[6.584s] [ext: omni.activity.core-1.0.3] startup
[6.585s] [ext: omni.cubric-0.1.0] startup
[6.585s] [ext: omni.graph.exec-0.9.6] startup
[6.586s] [ext: omni.hydra.scene_delegate-0.3.5] startup
[6.588s] [ext: usdrt.scenegraph-7.6.3] startup
[6.606s] [ext: omni.hydra.usdrt_delegate-7.5.2] startup
[6.610s] [ext: omni.inspect-1.0.2] startup
[6.611s] [ext: omni.kit.actions.core-1.0.0] startup
[6.612s] [ext: omni.kit.audiodeviceenum-1.0.2] startup
[6.613s] [ext: omni.kit.commands-1.5.0] startup
[6.615s] [ext: omni.kit.exec.core-0.13.5] startup
[6.616s] [ext: omni.kit.usd_undo-0.1.8] startup
[6.616s] [ext: omni.kit.window.popup_dialog-2.0.25] startup
[6.619s] [ext: omni.kit.widget.nucleus_connector-2.3.1] startup
[6.621s] [ext: omni.timeline-1.1.0] startup
[6.622s] [ext: omni.usd-1.16.0] startup
[6.646s] [ext: omni.graph.core-3.1.2] startup
[6.649s] [ext: omni.kit.notification_manager-1.0.11] startup
[6.650s] [ext: isaacsim.core.deprecation_manager-0.4.2] startup
[6.651s] [ext: isaacsim.replicator.agent.schema-0.1.1] startup
[6.651s] [ext: isaacsim.robot.schema-6.3.7] startup
[6.655s] [ext: isaacsim.robot_motion.schema-0.2.1] startup
[6.656s] [ext: omni.anim.behavior.schema-110.1.0] startup
[6.658s] [ext: omni.anim.graph.schema-110.1.1] startup
[6.663s] [ext: omni.anim.navigation.schema-110.1.0] startup
[6.665s] [ext: omni.behavior.tree.schema-110.1.0] startup
[6.666s] [ext: omni.isaac.ml_archive-3.3.0] startup
[6.666s] [ext: omni.kit.asset_converter-6.0.1] startup
[6.675s] [ext: omni.pip.cloud-1.5.4] startup
[6.677s] [ext: omni.usd.schema.flow-110.0.0] startup
[6.677s] [ext: omni.usd.schema.mujoco-1.1.1] startup
[6.677s] [ext: omni.usd.schema.newton-1.2.1] startup
[6.678s] [ext: omni.usd.schema.omni_lens_distortion-1.0.0] startup
[6.678s] [ext: omni.usd.schema.omni_projectors-1.0.0] startup
[6.679s] [ext: omni.usd.schema.omni_sensors-0.0.0] startup
[6.685s] [ext: omni.usd.schema.omniscripting-1.0.1] startup
[6.688s] [ext: omni.usd.schema.physical_lighting-0.1.0] startup
[6.690s] [ext: omni.usd.schema.physx-110.1.13] startup
[6.714s] [ext: omni.usd.schema.render_settings.rtx-1.0.2] startup
[6.716s] [ext: omni.usd.schema.usd_particle_field-1.0.0] startup
[6.717s] [ext: isaacsim.core.version-2.1.1] startup
[6.717s] [ext: omni.kit.menu.core-1.2.0] startup
[6.718s] [ext: omni.kit.menu.utils-2.2.4] startup
[6.723s] [ext: isaacsim.app.about-2.3.1] startup
[6.727s] [ext: isaacsim.asset.transformer-1.2.5] startup
[6.729s] [ext: omni.scene.optimizer.core-110.1.0] startup
[6.758s] [ext: isaacsim.asset.importer.utils-1.8.1] startup
[6.760s] [ext: omni.convexdecomposition-110.1.13] startup
[6.762s] [ext: omni.physics-110.1.13] startup
[6.764s] [ext: omni.physx.gpu-110.1.13] startup
[6.764s] [ext: omni.physx.foundation-110.1.13] startup
[6.765s] [ext: omni.usdphysics-110.1.13] startup
[6.766s] [ext: omni.physx.cooking-110.1.13] startup
[6.768s] [ext: omni.physx-110.1.13] startup
[6.775s] [ext: omni.physics.physx-110.1.13] startup
[6.776s] [ext: isaacsim.asset.exporter.urdf-2.0.5] startup
[6.782s] [ext: omni.kit.clipboard-1.1.1] startup
[6.783s] [ext: omni.kit.usd.layers-2.6.1] startup
[6.788s] [ext: omni.kit.widget.context_menu-1.4.0] startup
[6.789s] [ext: omni.kit.context_menu-1.9.0] startup
[6.790s] [ext: omni.kit.helper.file_utils-0.1.10] startup
[6.791s] [ext: omni.kit.widget.nucleus_info-2.0.2] startup
[6.791s] [ext: omni.kit.search_core-1.0.8] startup
[6.792s] [ext: omni.kit.widget.path_field-2.0.13] startup
[6.792s] [ext: omni.kit.widget.browser_bar-2.0.10] startup
[6.793s] [ext: omni.kit.widget.filebrowser-2.13.4] startup
[6.796s] [ext: omni.kit.widget.options_menu-1.1.6] startup
[6.798s] [ext: omni.kit.widget.options_button-1.0.3] startup
[6.799s] [ext: omni.kit.widget.search_delegate-1.0.9] startup
[6.799s] [ext: omni.ui.scene-2.0.3] startup
[6.803s] [ext: omni.kit.window.filepicker-2.15.5] startup
[6.812s] [ext: omni.kit.window.file_importer-1.1.21] startup
[6.814s] [ext: omni.kit.material.library-3.1.2] startup
[6.817s] [ext: isaacsim.asset.transformer.rules-1.7.10] startup
[6.825s] [ext: omni.usdex.libs-2.2.2] startup
[6.831s] [ext: isaacsim.asset.importer.mjcf-3.10.1] startup
[6.832s] [ext: isaacsim.asset.importer.urdf-3.11.2] startup
[6.835s] [ext: omni.kit.primitive.mesh-1.1.0] startup
[6.837s] [ext: omni.kit.stage_template.core-1.1.22] startup
[6.838s] [ext: omni.kit.stage_templates-2.0.2] startup
[6.839s] [ext: omni.usd.metrics.assembler-110.1.2] startup
[6.841s] [ext: omni.warp.core-1.13.0] startup
[7.021s] [ext: isaacsim.core.experimental.utils-0.17.2] startup
[7.022s] [ext: omni.physics.stageupdate-110.1.13] startup
[7.023s] [ext: omni.physics.tensors-110.1.13] startup
[7.027s] [ext: omni.physx.tensors-110.1.13] startup
[7.030s] [ext: isaacsim.core.simulation_manager-1.15.6] startup
[7.039s] [ext: isaacsim.storage.native-1.9.3] startup
[7.040s] [ext: omni.usd.metrics.assembler.physics-110.1.13] startup
[7.041s] [ext: isaacsim.core.utils-4.1.7] startup
[7.043s] [ext: isaacsim.core.prims-0.11.7] startup
[7.896s] [ext: isaacsim.core.api-5.2.13] startup
[7.902s] [ext: isaacsim.core.cloner-1.7.3] startup
[7.902s] [ext: isaacsim.test.docstring-1.3.2] startup
[7.904s] [ext: isaacsim.core.experimental.prims-1.8.9] startup
[7.922s] [ext: isaacsim.core.experimental.primdata-0.3.2] startup
[7.923s] [ext: omni.graph.tools-1.81.0] startup
[7.941s] [ext: omni.graph-1.142.5] startup
[7.971s] [ext: isaacsim.core.experimental.actuators-0.1.2] startup
[7.983s] [ext: isaacsim.core.experimental.materials-0.7.1] startup
[7.986s] [ext: isaacsim.core.experimental.objects-0.8.1] startup
[8.037s] [ext: omni.hydra.engine.stats-1.0.5] startup
[8.039s] [ext: omni.hydra.rtx.shadercache.vulkan-1.0.0] startup
[8.040s] [ext: omni.index.libs-387500.4413.0] startup
[8.040s] [ext: omni.index-1.0.1] startup
[8.041s] [ext: omni.ujitso.client-0.0.0] startup
[8.041s] [ext: omni.usd.schema.playback-1.0.0] startup
[8.043s] [ext: omni.volume-0.5.2] startup
[8.047s] [ext: omni.hydra.rtx-1.0.4] startup
2026-10-08T02:52:28Z [8,037ms] [Warning] [omni.log] Source: omni.hydra was already registered.
[8.067s] [ext: omni.kit.hydra_texture-1.6.0] startup
[8.070s] [ext: omni.kit.raycast.query-1.2.0] startup
[8.073s] [ext: omni.kit.viewport.legacy_gizmos-1.0.24] startup
[8.075s] [ext: omni.kit.viewport.registry-104.0.6] startup
[8.076s] [ext: omni.kit.viewport.scene_camera_model-1.0.7] startup
[8.078s] [ext: omni.kit.widget.viewport-109.2.0] startup
[8.081s] [ext: omni.kit.window.drop_support-1.0.8] startup
[8.082s] [ext: omni.kit.viewport.window-109.0.2] startup
[8.095s] [ext: omni.kit.viewport.utility-2.0.1] startup
[8.096s] [ext: isaacsim.core.rendering_manager-0.4.3] startup
[8.115s] [ext: omni.graph.action_core-1.1.9] startup
[8.117s] [ext: omni.graph.action_nodes_core-2.11.0] startup
[8.119s] [ext: omni.graph.action_nodes-2.11.0] startup
[8.134s] [ext: omni.graph.action-2.10.2] startup
[8.135s] [ext: omni.graph.image.core-0.6.1] startup
[8.135s] [ext: omni.graph.image.nodes-1.3.1] startup
[8.136s] [ext: omni.graph.nodes_core-2.11.0] startup
[8.140s] [ext: omni.graph.nodes-2.12.0] startup
[8.144s] [ext: omni.kit.hotkeys.core-1.3.12] startup
[8.145s] [ext: omni.kit.property.adapter.core-1.1.1] startup
[8.147s] [ext: omni.kit.property.adapter.usd-1.0.5] startup
[8.148s] [ext: omni.kit.widget.filter-1.1.5] startup
[8.149s] [ext: omni.kit.widget.highlight_label-1.0.3] startup
[8.149s] [ext: omni.kit.widget.searchfield-1.1.8] startup
[8.150s] [ext: omni.kit.window.file_exporter-1.0.36] startup
[8.151s] [ext: omni.kit.widget.stage-4.4.0] startup
[8.158s] [ext: omni.kit.window.content_browser_registry-0.0.6] startup
[8.159s] [ext: omni.kit.window.file-2.0.10] startup
[8.161s] [ext: omni.kit.window.content_browser-3.1.8] startup
[8.169s] [ext: omni.kit.window.property-1.15.1] startup
[8.178s] [ext: omni.kit.property.usd-4.9.4] startup
[8.186s] [ext: omni.graph.scriptnode-2.10.2] startup
[8.193s] [ext: omni.kit.widget.searchable_combobox-1.0.7] startup
[8.194s] [ext: omni.kit.widget.settings-2.0.0] startup
[8.196s] [ext: omni.kit.window.preferences-1.8.3] startup
[8.200s] [ext: omni.kit.viewport.menubar.core-107.2.2] startup
[8.210s] [ext: omni.syntheticdata-0.6.15] startup
[8.232s] [ext: omni.replicator.nv-1.1.1] startup
[8.236s] [ext: omni.videoencoding-0.2.1] startup
[8.237s] [ext: omni.replicator.core-1.13.27] startup
2026-10-08T02:52:29Z [8,223ms] [Warning] [pxr.Semantics] pxr.Semantics is deprecated - please use Semantics instead
2026-10-08T02:52:29Z [8,286ms] [Warning] [omni.replicator.core.scripts.extension] No material configuration file, adding configuration to material settings directly.
[8.430s] [ext: isaacsim.core.nodes-5.10.5] startup
[8.455s] [ext: isaacsim.core.throttling-2.3.5] startup
[8.456s] [ext: omni.kit.manipulator.viewport-107.0.1] startup
[8.457s] [ext: omni.graph.visualization.nodes-2.1.4] startup
[8.469s] [ext: omni.kit.window.extensions-1.5.10] startup
[8.474s] [ext: isaacsim.gui.components-1.8.5] startup
[8.477s] [ext: isaacsim.robot.surface_gripper-3.6.2] startup
[8.487s] [ext: isaacsim.robot.manipulators-3.4.4] startup
[8.496s] [ext: isaacsim.robot_motion.lula-4.1.3] startup
[8.501s] [ext: isaacsim.robot_motion.motion_generation-8.2.9] startup
[8.505s] [ext: isaacsim.cortex.framework-1.0.18] startup
[8.506s] [ext: isaacsim.cortex.behaviors-2.0.17] startup
[8.508s] [ext: isaacsim.examples.base-1.3.2] startup
[8.509s] [ext: omni.kit.widget.zoombar-1.0.7] startup
[8.509s] [ext: omni.kit.browser.core-2.3.18] startup
[8.512s] [ext: omni.kit.browser.folder.core-2.0.2] startup
[8.515s] [ext: omni.kit.widget.stage_icons-1.0.8] startup
[8.516s] [ext: omni.kit.window.stage-2.6.1] startup
[8.519s] [ext: omni.kit.menu.stage-1.2.7] startup
[8.520s] [ext: omni.kit.usd.collect-3.0.6] startup
[8.522s] [ext: omni.kit.widget.prompt-1.0.7] startup
[8.522s] [ext: omni.kit.tool.collect-2.2.19] startup
[8.524s] [ext: isaacsim.examples.browser-0.3.2] startup
[8.526s] [ext: omni.kit.search.files-1.0.4] startup
[8.526s] [ext: omni.kit.widget.calendar-1.0.9] startup
[8.527s] [ext: omni.kit.widget.extended_searchfield-1.0.31] startup
[8.533s] [ext: omni.simready.content.browser-0.3.7] startup
[8.616s] [ext: isaacsim.gui.content_browser-0.4.3] startup
[8.618s] [ext: omni.kit.selection-0.1.6] startup
[8.619s] [ext: isaacsim.gui.menu-2.10.5] startup
[8.626s] [ext: isaacsim.gui.property-1.6.4] startup
[8.631s] [ext: omni.kit.viewport.actions-110.0.0] startup
[8.635s] [ext: omni.kit.viewport.menubar.display-107.1.3] startup
[8.636s] [ext: isaacsim.gui.sensors.icon-2.2.1] startup
[8.639s] [ext: omni.behavior.scripting.core-110.1.0] startup
[8.641s] [ext: isaacsim.replicator.behavior-1.5.4] startup
[8.642s] [ext: isaacsim.replicator.experimental.domain_randomization-1.2.5] startup
[8.654s] [ext: isaacsim.replicator.domain_randomization-1.2.2] startup
[8.718s] [ext: isaacsim.replicator.writers-1.5.4] startup
[8.739s] [ext: isaacsim.robot.experimental.wheeled_robots-0.2.11] startup
[8.757s] [ext: isaacsim.robot.policy.examples-5.2.12] startup
[8.774s] [ext: isaacsim.robot.wheeled_robots-5.2.4] startup
[8.777s] [ext: isaacsim.robot.wheeled_robots.nodes-0.1.5] startup
[8.792s] [ext: isaacsim.robot_motion.experimental.motion_generation-6.1.3] startup
[8.802s] [ext: isaacsim.robot_motion.cumotion-1.3.1] startup
[8.813s] [ext: omni.kit.numpy.common-0.1.3] startup
[8.815s] [ext: isaacsim.sensors.camera-1.7.9] startup
[8.842s] [ext: isaacsim.sensors.experimental.physics-3.0.2] startup
[8.849s] [ext: omni.sensors.net-1.0.1] startup
[8.851s] [ext: omni.sensors.nv.common-3.0.0] startup
[8.860s] [ext: omni.sensors.nv.materials-2.0.0] startup
[8.862s] [ext: omni.sensors.nv.acoustic-3.0.0] startup
[8.864s] [ext: omni.sensors.nv.ids-2.0.1] startup
[8.866s] [ext: omni.sensors.nv.lidar-3.0.0] startup
[8.869s] [ext: omni.sensors.nv.radar-3.0.0] startup
[8.871s] [ext: isaacsim.sensors.experimental.rtx-1.4.6] startup
[9.090s] [ext: isaacsim.sensors.physics.nodes-1.5.3] startup
[9.095s] [ext: isaacsim.util.debug_draw-3.2.3] startup
[9.099s] [ext: isaacsim.sensors.physx-2.5.5] startup
[9.105s] [ext: isaacsim.sensors.rtx-15.17.1] startup
[9.113s] [ext: isaacsim.simulation_app-2.18.4] startup
[9.114s] [ext: omni.anim.curve.core-1.6.0] startup
[9.122s] [ext: omni.graph.ui_nodes-2.11.1] startup
[9.141s] [ext: omni.hydra.scene_api-0.1.3] startup
[9.144s] [ext: omni.kit.manipulator.camera-110.0.0] startup
[9.147s] [ext: omni.kit.manipulator.selector-1.1.4] startup
[9.148s] [ext: omni.kit.manipulator.transform-107.0.0] startup
[9.152s] [ext: omni.kit.widget.toolbar-2.1.0] startup
[9.157s] [ext: omni.kit.manipulator.tool.snap-1.5.14] startup
[9.160s] [ext: omni.kit.viewport.manipulator.transform-107.0.4] startup
[9.161s] [ext: omni.kit.manipulator.prim.core-108.0.2] startup
[9.166s] [ext: omni.kit.manipulator.prim.usd-107.0.3] startup
[9.167s] [ext: omni.kit.manipulator.prim-108.0.0] startup
[9.167s] [ext: omni.kit.manipulator.selection-109.0.1] startup
[9.168s] [ext: omni.kit.menu.create-2.0.2] startup
[9.170s] [ext: omni.kit.property.audio-1.0.16] startup
[9.172s] [ext: omni.kit.property.camera-1.0.14] startup
[9.174s] [ext: omni.kit.property.geometry-2.1.2] startup
[9.176s] [ext: omni.kit.property.light-1.0.14] startup
2026-10-08T02:52:29Z [9,175ms] [Warning] [omni.usd] Encountered USD Warnings but USD Diagnostics are currently muted. To view USD Warnings, please set the '/persistent/app/usd/muteUsdDiagnostics' setting to false in Preferences page.
[9.201s] [ext: omni.kit.property.material-1.14.6] startup
[9.206s] [ext: omni.kit.property.render-1.2.2] startup
[9.207s] [ext: omni.kit.property.transform-1.6.9] startup
[9.209s] [ext: omni.kit.property.bundle-1.5.1] startup
[9.211s] [ext: omni.kit.usdz_export-1.1.0] startup
[9.213s] [ext: omni.kit.tool.asset_importer-6.0.1] startup
[9.217s] [ext: omni.kit.ui.actions-1.0.5] startup
[9.219s] [ext: omni.kit.viewport.menubar.camera-107.0.10] startup
[9.222s] [ext: omni.kit.viewport.menubar.lighting-107.3.2] startup
[9.225s] [ext: omni.kit.viewport.menubar.render-110.0.0] startup
[9.226s] [ext: omni.kit.viewport.menubar.settings-110.0.1] startup
[9.229s] [ext: omni.kit.window.console-1.1.9] startup
[9.232s] [ext: omni.kit.window.status_bar-0.1.11] startup
[9.234s] [ext: omni.kit.window.toolbar-3.0.3] startup
[9.236s] [ext: omni.ocio-0.1.1] startup
[9.237s] [ext: omni.physx.commands-110.1.13] startup
[9.240s] [ext: omni.replicator.replicator_yaml-2.0.12] startup
[9.248s] [ext: omni.rtx.window.settings-0.8.0] startup
[9.252s] [ext: omni.rtx.settings.core-0.7.1] startup
[9.254s] [ext: omni.usd.metrics.assembler.ui-110.1.1] startup
[9.260s] [ext: semantics.schema.editor-2.0.2] startup
[9.262s] [ext: semantics.schema.property-2.0.2] startup
[9.263s] [ext: omni.kit.menu.common-2.0.2] startup
[9.264s] [ext: isaacsim.exp.base-6.0.1] startup
[9.264s] [ext: isaacsim.exp.base.python-6.0.1] startup
[9.266s] Simulation App Starting
[10.319s] Simulation App Startup Complete
[10.323s] app ready
Starting kit application with the following args:  ['/home/starry/isaac-data/isaacsim/exts/isaacsim.simulation_app/isaacsim/simulation_app/simulation_app.py', '/home/starry/isaac-data/isaacsim/apps/isaacsim.exp.base.python.kit', '--/app/tokens/exe-path=/home/starry/isaac-data/isaacsim/kit', '--/persistent/app/viewport/displayOptions=3094', '--/rtx/materialDb/syncLoads=True', '--/rtx/hydra/materialSyncLoads=True', '--/omni/kit/plugin/syncUsdLoads=True', '--/app/renderer/resolution/width=1280', '--/app/renderer/resolution/height=720', '--/app/window/width=1440', '--/app/window/height=900', '--/renderer/multiGpu/enabled=False', '--/app/fastShutdown=True', '--/app/installSignalHandlers=0', '--ext-folder', '/home/starry/isaac-data/isaacsim/exts', '--ext-folder', '/home/starry/isaac-data/isaacsim/apps', '--/renderer/activeGpu=0', '--/physics/cudaDevice=0', '--/plugins/carb.tasking.plugin/threadCount=12', '--/plugins/omni.tbb.globalcontrol/maxThreadCount=12', '--portable', '--no-window', '--/app/window/hideUi=1']
Passing the following args to the base kit application:  []
Warp 1.13.0 initialized:
   CUDA Toolkit 12.9, Driver 13.0
   Devices:
     "cpu"      : "x86_64"
     "cuda:0"   : "NVIDIA GeForce RTX 5070" (11 GiB, sm_120, mempool enabled)
   Kernel cache:
     /home/starry/.cache/warp/1.13.0
[LIGHTING] sun=800.0 (1) dome=0.0 (1) ambient=0.05 constant_color=(0.6, 0.65, 0.7)
[RENDER] mode=MinimalRendering minimal_shading_mode=2 anti_aliasing=TAA
[DEPTH CAMERAS] count=4 resolution_each=320x240 horizontal_coverage=360deg
[ESDF] path=/home/starry/isaac-data/EGO1P5/scenes/ego_swarm_cloud/occupancy.bin shape=(400, 300, 50) resolution=0.40m
[depth_angular_controller-1] [INFO] [1791427953.452722871] [depth_angular_controller]: WAITING_VERIFIED_START_POSE
[NAV] t=0.0s position=(-64.00,-11.20,2.80) yaw=1.2deg command=(0.00,0.00,0.00) manual_active=0 collision_blocks=0
[depth_angular_controller-1] [INFO] [1791427953.854006359] [depth_angular_controller]: VERIFIED_FREE_SEED center=(-64.000,-11.200,2.800) radius=2.500 balls=1: verified fixed Cloud free ball; USD and occupancy SHA-256 matched
[depth_angular_controller-1] [INFO] [1791427953.854536966] [depth_angular_controller]: ZERO_INTENT
[depth_angular_controller-1] [INFO] [1791427955.550355629] [depth_angular_controller]: OMNI_DEPTH views=4 azimuth_bins=180 elevation_bins=37 valid=1 certificates=0 short=0 held=0 local_candidates=3 yaw=31.36
[depth_angular_controller-1] [INFO] [1791427955.550468321] [depth_angular_controller]: DEPTH_PROPOSAL_CERTIFIED
[depth_angular_controller-1] [INFO] [1791427955.550478881] [depth_angular_controller]: PAPER_BUILD reason=FULL_MOTION_CERTIFICATE required=0.0000 best=0.0000 free=0 refined=0 tubes=0 revoked_tubes=0 proofs=0
[depth_angular_controller-1] [INFO] [1791427955.550486726] [depth_angular_controller]: PAPER_EVIDENCE retained=8 balls=1 revoked_balls=0 expired_views=0 evicted_views=0 radius=0.580 clearance=0.000 best_prefix=0.000
[depth_angular_controller-1] [INFO] [1791427956.562260214] [depth_angular_controller]: OMNI_DEPTH views=4 azimuth_bins=180 elevation_bins=37 valid=1 certificates=0 short=0 held=0 local_candidates=3 yaw=21.27
[depth_angular_controller-1] [INFO] [1791427956.562362937] [depth_angular_controller]: PAPER_BUILD reason=FULL_MOTION_CERTIFICATE required=0.0000 best=0.0000 free=0 refined=0 tubes=1 revoked_tubes=0 proofs=52
[depth_angular_controller-1] [INFO] [1791427956.562370291] [depth_angular_controller]: PAPER_EVIDENCE retained=12 balls=4 revoked_balls=0 expired_views=0 evicted_views=0 radius=0.580 clearance=0.000 best_prefix=0.000
[10.855s] [ext: isaacsim.sensors.rtx.nodes-0.1.2] startup
[10.863s] [ext: isaacsim.ros2.core-1.9.4] startup
[10.876s] Attempting to load system rclpy
[10.877s] Could not import system rclpy: No module named 'rclpy'
[10.877s] Attempting to load internal rclpy for ROS Distro: humble
[10.888s] rclpy loaded
[10.891s] [ext: isaacsim.ros2.nodes-1.18.13] startup
[10.925s] [ext: isaacsim.ros2.examples-1.2.4] startup
[10.929s] [ext: isaacsim.ros2.ui-1.6.5] startup
[11.137s] [ext: isaacsim.ros2.bridge-5.1.2] startup
2026-10-08T02:52:33Z [13,060ms] [Warning] [omni.timeline.plugin] Deprecated: direct use of ITimeline callbacks is deprecated. Use ITimeline::getTimeline (Python: omni.timeline.get_timeline_interface) instead.
[depth_angular_controller-1] [INFO] [1791427957.581508831] [depth_angular_controller]: OMNI_DEPTH views=4 azimuth_bins=180 elevation_bins=37 valid=1 certificates=0 short=0 held=0 local_candidates=3 yaw=8.86
[depth_angular_controller-1] [INFO] [1791427957.582347618] [depth_angular_controller]: PAPER_BUILD reason=FULL_MOTION_CERTIFICATE required=0.0000 best=0.0000 free=0 refined=0 tubes=4 revoked_tubes=0 proofs=112
[depth_angular_controller-1] [INFO] [1791427957.582372735] [depth_angular_controller]: PAPER_EVIDENCE retained=16 balls=15 revoked_balls=0 expired_views=0 evicted_views=0 radius=0.580 clearance=0.000 best_prefix=0.000
[depth_angular_controller-1] [INFO] [1791427958.456277054] [depth_angular_controller]: [PERF CTRL] run=p5_retain_20261008_goal_baseline_ego1p5_3 elapsed=18.30s callbacks=297 commands=297 guidance=176 command_fps(ros/wall)=60.00/59.16 guidance_wall_fps=60.21 avoid_ms(mean/p50/p95/max)=1.240/0.997/2.783/4.926 cycle_ms(mean/p95/max)=16.904/19.853/364.400 depth_to_cmd_ms(mean/p95/max)=54.261/100.000/116.667 callback_to_publish_ms(mean/p95/max)=2.042/6.259/13.933
[depth_angular_controller-1] [INFO] [1791427958.456342427] [depth_angular_controller]: EVIDENCE_COST ingest(mean/p95/max)=1.221/4.985/13.478 record=0.013/0.016/0.607 ms
[depth_angular_controller-1] [INFO] [1791427958.456349801] [depth_angular_controller]: EVIDENCE_PHASE per_view_mean_ms balls=0.067 tubes=0.007 history=0.202 eviction=0.000
[position_cmd_to_twist-2] [INFO] [1791427958.462078797] [position_cmd_to_twist]: [PERF BRIDGE] run=p5_retain_20261008_goal_baseline_ego1p5_3 elapsed=18.19s received=296 published=296 fps(ros/wall)=60.00/59.14 controller_to_bridge_ms(mean/p50/p95/max)=0.000/0.000/0.000/0.000 bridge_process_ms(mean/p95/max)=0.089/0.118/0.579
[NAV] t=5.0s position=(-60.35,-10.16,2.95) yaw=9.7deg command=(1.97,0.35,-0.03) manual_active=1 collision_blocks=0
[depth_angular_controller-1] [INFO] [1791427958.534532080] [depth_angular_controller]: OMNI_DEPTH views=4 azimuth_bins=180 elevation_bins=37 valid=1 certificates=0 short=0 held=0 local_candidates=3 yaw=19.34
[depth_angular_controller-1] [INFO] [1791427958.535000290] [depth_angular_controller]: PAPER_BUILD reason=FULL_MOTION_CERTIFICATE required=0.0000 best=0.0000 free=0 refined=0 tubes=8 revoked_tubes=0 proofs=128
[depth_angular_controller-1] [INFO] [1791427958.535008104] [depth_angular_controller]: PAPER_EVIDENCE retained=16 balls=30 revoked_balls=0 expired_views=0 evicted_views=4 radius=0.580 clearance=0.000 best_prefix=0.000
[depth_angular_controller-1] [INFO] [1791427959.555046175] [depth_angular_controller]: OMNI_DEPTH views=4 azimuth_bins=180 elevation_bins=37 valid=1 certificates=0 short=0 held=0 local_candidates=1 yaw=9.70
[depth_angular_controller-1] [INFO] [1791427959.555278572] [depth_angular_controller]: PAPER_BUILD reason=FULL_MOTION_CERTIFICATE required=0.0000 best=0.0000 free=0 refined=0 tubes=12 revoked_tubes=0 proofs=128
[depth_angular_controller-1] [INFO] [1791427959.555291205] [depth_angular_controller]: PAPER_EVIDENCE retained=16 balls=32 revoked_balls=0 expired_views=0 evicted_views=8 radius=0.580 clearance=0.000 best_prefix=0.000
[depth_angular_controller-1] [INFO] [1791427960.527462369] [depth_angular_controller]: OMNI_DEPTH views=4 azimuth_bins=180 elevation_bins=37 valid=1 certificates=0 short=0 held=0 local_candidates=1 yaw=9.70
[depth_angular_controller-1] [INFO] [1791427960.527722127] [depth_angular_controller]: PAPER_BUILD reason=FULL_MOTION_CERTIFICATE required=0.0000 best=0.0000 free=0 refined=0 tubes=16 revoked_tubes=0 proofs=128
[depth_angular_controller-1] [INFO] [1791427960.527730763] [depth_angular_controller]: PAPER_EVIDENCE retained=16 balls=32 revoked_balls=0 expired_views=0 evicted_views=12 radius=0.580 clearance=0.000 best_prefix=0.000
[depth_angular_controller-1] [INFO] [1791427961.736432762] [depth_angular_controller]: OMNI_DEPTH views=4 azimuth_bins=180 elevation_bins=37 valid=1 certificates=0 short=0 held=0 local_candidates=3 yaw=9.93
[depth_angular_controller-1] [INFO] [1791427961.736724851] [depth_angular_controller]: PAPER_BUILD reason=FULL_MOTION_CERTIFICATE required=0.0000 best=0.0000 free=0 refined=0 tubes=20 revoked_tubes=0 proofs=128
[depth_angular_controller-1] [INFO] [1791427961.736733968] [depth_angular_controller]: PAPER_EVIDENCE retained=16 balls=32 revoked_balls=0 expired_views=0 evicted_views=16 radius=0.580 clearance=0.000 best_prefix=0.000
[depth_angular_controller-1] [INFO] [1791427962.823723081] [depth_angular_controller]: OMNI_DEPTH views=4 azimuth_bins=180 elevation_bins=37 valid=1 certificates=0 short=0 held=0 local_candidates=2 yaw=-1.35
[depth_angular_controller-1] [INFO] [1791427962.823962952] [depth_angular_controller]: PAPER_BUILD reason=FULL_MOTION_CERTIFICATE required=0.0000 best=0.0000 free=0 refined=0 tubes=24 revoked_tubes=0 proofs=128
[depth_angular_controller-1] [INFO] [1791427962.823969594] [depth_angular_controller]: PAPER_EVIDENCE retained=16 balls=32 revoked_balls=0 expired_views=0 evicted_views=20 radius=0.580 clearance=0.000 best_prefix=0.000
[depth_angular_controller-1] [INFO] [1791427963.460506927] [depth_angular_controller]: [PERF CTRL] run=p5_retain_20261008_goal_baseline_ego1p5_3 elapsed=23.31s callbacks=578 commands=578 guidance=457 command_fps(ros/wall)=60.00/57.66 guidance_wall_fps=57.64 avoid_ms(mean/p50/p95/max)=1.337/1.044/3.076/7.647 cycle_ms(mean/p95/max)=17.344/23.859/364.400 depth_to_cmd_ms(mean/p95/max)=48.833/83.333/116.667 callback_to_publish_ms(mean/p95/max)=2.844/8.391/13.933
[depth_angular_controller-1] [INFO] [1791427963.460585855] [depth_angular_controller]: EVIDENCE_COST ingest(mean/p95/max)=1.684/6.906/13.478 record=0.025/0.023/0.607 ms
[depth_angular_controller-1] [INFO] [1791427963.460593560] [depth_angular_controller]: EVIDENCE_PHASE per_view_mean_ms balls=0.077 tubes=0.040 history=0.277 eviction=0.000
[position_cmd_to_twist-2] [INFO] [1791427963.815130485] [position_cmd_to_twist]: [PERF BRIDGE] run=p5_retain_20261008_goal_baseline_ego1p5_3 elapsed=23.55s received=595 published=595 fps(ros/wall)=60.00/57.44 controller_to_bridge_ms(mean/p50/p95/max)=0.056/0.000/0.000/16.667 bridge_process_ms(mean/p95/max)=0.091/0.118/1.435
[NAV] t=10.0s position=(-50.54,-8.82,2.39) yaw=9.9deg command=(1.98,-0.17,-0.16) manual_active=1 collision_blocks=0
[depth_angular_controller-1] [INFO] [1791427963.897599621] [depth_angular_controller]: OMNI_DEPTH views=4 azimuth_bins=180 elevation_bins=37 valid=1 certificates=0 short=0 held=0 local_candidates=3 yaw=-6.54
[depth_angular_controller-1] [INFO] [1791427963.897834372] [depth_angular_controller]: PAPER_BUILD reason=FULL_MOTION_CERTIFICATE required=0.0000 best=0.0000 free=0 refined=0 tubes=28 revoked_tubes=0 proofs=128
[depth_angular_controller-1] [INFO] [1791427963.897841806] [depth_angular_controller]: PAPER_EVIDENCE retained=16 balls=32 revoked_balls=0 expired_views=0 evicted_views=24 radius=0.580 clearance=0.000 best_prefix=0.000
[depth_angular_controller-1] [INFO] [1791427964.913959258] [depth_angular_controller]: OMNI_DEPTH views=4 azimuth_bins=180 elevation_bins=37 valid=1 certificates=0 short=0 held=0 local_candidates=2 yaw=-8.21
[depth_angular_controller-1] [INFO] [1791427964.914212614] [depth_angular_controller]: PAPER_BUILD reason=FULL_MOTION_CERTIFICATE required=0.0000 best=0.0000 free=0 refined=0 tubes=32 revoked_tubes=0 proofs=128
[depth_angular_controller-1] [INFO] [1791427964.914219537] [depth_angular_controller]: PAPER_EVIDENCE retained=16 balls=32 revoked_balls=0 expired_views=0 evicted_views=28 radius=0.580 clearance=0.000 best_prefix=0.000
[depth_angular_controller-1] [INFO] [1791427965.875752889] [depth_angular_controller]: OMNI_DEPTH views=4 azimuth_bins=180 elevation_bins=37 valid=1 certificates=0 short=0 held=0 local_candidates=2 yaw=-19.14
[depth_angular_controller-1] [INFO] [1791427965.876051600] [depth_angular_controller]: PAPER_BUILD reason=FULL_MOTION_CERTIFICATE required=0.0000 best=0.0000 free=0 refined=0 tubes=36 revoked_tubes=0 proofs=128
[depth_angular_controller-1] [INFO] [1791427965.876058333] [depth_angular_controller]: PAPER_EVIDENCE retained=16 balls=32 revoked_balls=0 expired_views=0 evicted_views=32 radius=0.580 clearance=0.000 best_prefix=0.000
[depth_angular_controller-1] [INFO] [1791427966.976390191] [depth_angular_controller]: OMNI_DEPTH views=4 azimuth_bins=180 elevation_bins=37 valid=1 certificates=0 short=0 held=0 local_candidates=3 yaw=11.79
[depth_angular_controller-1] [INFO] [1791427966.976653105] [depth_angular_controller]: PAPER_BUILD reason=FULL_MOTION_CERTIFICATE required=0.0000 best=0.0000 free=0 refined=0 tubes=40 revoked_tubes=0 proofs=128
[depth_angular_controller-1] [INFO] [1791427966.976658505] [depth_angular_controller]: PAPER_EVIDENCE retained=16 balls=32 revoked_balls=0 expired_views=0 evicted_views=36 radius=0.580 clearance=0.000 best_prefix=0.000
[depth_angular_controller-1] [INFO] [1791427967.997673772] [depth_angular_controller]: OMNI_DEPTH views=4 azimuth_bins=180 elevation_bins=37 valid=1 certificates=0 short=0 held=0 local_candidates=3 yaw=32.03
[depth_angular_controller-1] [INFO] [1791427967.997979837] [depth_angular_controller]: PAPER_BUILD reason=FULL_MOTION_CERTIFICATE required=0.0000 best=0.0000 free=0 refined=0 tubes=45 revoked_tubes=0 proofs=128
[depth_angular_controller-1] [INFO] [1791427967.997992330] [depth_angular_controller]: PAPER_EVIDENCE retained=16 balls=32 revoked_balls=0 expired_views=0 evicted_views=40 radius=0.580 clearance=0.000 best_prefix=0.000
[depth_angular_controller-1] [INFO] [1791427968.468983280] [depth_angular_controller]: [PERF CTRL] run=p5_retain_20261008_goal_baseline_ego1p5_3 elapsed=28.32s callbacks=864 commands=864 guidance=743 command_fps(ros/wall)=60.00/57.47 guidance_wall_fps=57.44 avoid_ms(mean/p50/p95/max)=1.805/1.572/4.049/23.296 cycle_ms(mean/p95/max)=17.400/23.424/364.400 depth_to_cmd_ms(mean/p95/max)=44.998/83.333/116.667 callback_to_publish_ms(mean/p95/max)=3.510/9.184/28.429
[depth_angular_controller-1] [INFO] [1791427968.469079511] [depth_angular_controller]: EVIDENCE_COST ingest(mean/p95/max)=1.854/6.906/13.478 record=0.021/0.020/0.607 ms
[depth_angular_controller-1] [INFO] [1791427968.469085722] [depth_angular_controller]: EVIDENCE_PHASE per_view_mean_ms balls=0.085 tubes=0.060 history=0.293 eviction=0.001
[position_cmd_to_twist-2] [INFO] [1791427968.997456857] [position_cmd_to_twist]: [PERF BRIDGE] run=p5_retain_20261008_goal_baseline_ego1p5_3 elapsed=28.74s received=896 published=896 fps(ros/wall)=60.00/57.62 controller_to_bridge_ms(mean/p50/p95/max)=0.056/0.000/0.000/16.667 bridge_process_ms(mean/p95/max)=0.091/0.114/1.435
[NAV] t=15.0s position=(-41.10,-8.66,3.17) yaw=10.7deg command=(1.79,0.82,0.31) manual_active=1 collision_blocks=0
[depth_angular_controller-1] [INFO] [1791427969.081119174] [depth_angular_controller]: OMNI_DEPTH views=4 azimuth_bins=180 elevation_bins=37 valid=1 certificates=0 short=0 held=0 local_candidates=3 yaw=10.70
[depth_angular_controller-1] [INFO] [1791427969.081416133] [depth_angular_controller]: PAPER_BUILD reason=FULL_MOTION_CERTIFICATE required=0.0000 best=0.0000 free=0 refined=0 tubes=49 revoked_tubes=0 proofs=128
[depth_angular_controller-1] [INFO] [1791427969.081421412] [depth_angular_controller]: PAPER_EVIDENCE retained=16 balls=32 revoked_balls=0 expired_views=0 evicted_views=44 radius=0.580 clearance=0.000 best_prefix=0.000
[depth_angular_controller-1] [INFO] [1791427970.161475492] [depth_angular_controller]: OMNI_DEPTH views=4 azimuth_bins=180 elevation_bins=37 valid=1 certificates=0 short=0 held=0 local_candidates=3 yaw=41.68
[depth_angular_controller-1] [INFO] [1791427970.161811433] [depth_angular_controller]: PAPER_BUILD reason=FULL_MOTION_CERTIFICATE required=0.0000 best=0.0000 free=0 refined=0 tubes=53 revoked_tubes=0 proofs=128
[depth_angular_controller-1] [INFO] [1791427970.161818697] [depth_angular_controller]: PAPER_EVIDENCE retained=16 balls=32 revoked_balls=0 expired_views=0 evicted_views=47 radius=0.580 clearance=0.000 best_prefix=0.000
[depth_angular_controller-1] [INFO] [1791427971.189901866] [depth_angular_controller]: OMNI_DEPTH views=4 azimuth_bins=180 elevation_bins=37 valid=1 certificates=0 short=0 held=0 local_candidates=3 yaw=42.37
[depth_angular_controller-1] [INFO] [1791427971.190167546] [depth_angular_controller]: PAPER_BUILD reason=FULL_MOTION_CERTIFICATE required=0.0000 best=0.0000 free=0 refined=0 tubes=57 revoked_tubes=0 proofs=128
[depth_angular_controller-1] [INFO] [1791427971.190172896] [depth_angular_controller]: PAPER_EVIDENCE retained=16 balls=32 revoked_balls=0 expired_views=0 evicted_views=51 radius=0.580 clearance=0.000 best_prefix=0.000
[depth_angular_controller-1] [INFO] [1791427972.142891522] [depth_angular_controller]: OMNI_DEPTH views=4 azimuth_bins=180 elevation_bins=37 valid=1 certificates=0 short=0 held=0 local_candidates=3 yaw=38.00
[depth_angular_controller-1] [INFO] [1791427972.143168533] [depth_angular_controller]: PAPER_BUILD reason=FULL_MOTION_CERTIFICATE required=0.0000 best=0.0000 free=0 refined=0 tubes=61 revoked_tubes=0 proofs=128
[depth_angular_controller-1] [INFO] [1791427972.143175967] [depth_angular_controller]: PAPER_EVIDENCE retained=16 balls=32 revoked_balls=0 expired_views=0 evicted_views=55 radius=0.580 clearance=0.000 best_prefix=0.000
[depth_angular_controller-1] [INFO] [1791427973.163630951] [depth_angular_controller]: OMNI_DEPTH views=4 azimuth_bins=180 elevation_bins=37 valid=1 certificates=0 short=0 held=0 local_candidates=3 yaw=30.79
[depth_angular_controller-1] [INFO] [1791427973.163929301] [depth_angular_controller]: PAPER_BUILD reason=FULL_MOTION_CERTIFICATE required=0.0000 best=0.0000 free=0 refined=0 tubes=65 revoked_tubes=0 proofs=128
[depth_angular_controller-1] [INFO] [1791427973.163936354] [depth_angular_controller]: PAPER_EVIDENCE retained=16 balls=32 revoked_balls=0 expired_views=0 evicted_views=59 radius=0.580 clearance=0.000 best_prefix=0.000
[depth_angular_controller-1] [INFO] [1791427973.474326975] [depth_angular_controller]: [PERF CTRL] run=p5_retain_20261008_goal_baseline_ego1p5_3 elapsed=33.32s callbacks=1162 commands=1162 guidance=1041 command_fps(ros/wall)=60.00/57.99 guidance_wall_fps=58.02 avoid_ms(mean/p50/p95/max)=1.678/1.284/3.973/23.296 cycle_ms(mean/p95/max)=17.245/22.186/364.400 depth_to_cmd_ms(mean/p95/max)=43.324/83.333/116.667 callback_to_publish_ms(mean/p95/max)=3.429/8.625/28.429
[depth_angular_controller-1] [INFO] [1791427973.474446841] [depth_angular_controller]: EVIDENCE_COST ingest(mean/p95/max)=1.815/6.484/13.478 record=0.020/0.020/1.002 ms
[depth_angular_controller-1] [INFO] [1791427973.474454305] [depth_angular_controller]: EVIDENCE_PHASE per_view_mean_ms balls=0.082 tubes=0.050 history=0.295 eviction=0.001
[position_cmd_to_twist-2] [INFO] [1791427974.034537386] [position_cmd_to_twist]: [PERF BRIDGE] run=p5_retain_20261008_goal_baseline_ego1p5_3 elapsed=33.77s received=1196 published=1196 fps(ros/wall)=60.00/58.09 controller_to_bridge_ms(mean/p50/p95/max)=0.042/0.000/0.000/16.667 bridge_process_ms(mean/p95/max)=0.091/0.117/1.435
[NAV] t=20.0s position=(-32.90,-3.32,3.26) yaw=8.5deg command=(1.82,0.72,-0.21) manual_active=1 collision_blocks=0
[depth_angular_controller-1] [INFO] [1791427974.183791140] [depth_angular_controller]: OMNI_DEPTH views=4 azimuth_bins=180 elevation_bins=37 valid=1 certificates=0 short=0 held=0 local_candidates=2 yaw=7.64
[depth_angular_controller-1] [INFO] [1791427974.184084181] [depth_angular_controller]: PAPER_BUILD reason=FULL_MOTION_CERTIFICATE required=0.0000 best=0.0000 free=0 refined=0 tubes=69 revoked_tubes=0 proofs=128
[depth_angular_controller-1] [INFO] [1791427974.184089291] [depth_angular_controller]: PAPER_EVIDENCE retained=16 balls=32 revoked_balls=0 expired_views=0 evicted_views=63 radius=0.580 clearance=0.000 best_prefix=0.000
[depth_angular_controller-1] [INFO] [1791427975.212603050] [depth_angular_controller]: OMNI_DEPTH views=4 azimuth_bins=180 elevation_bins=37 valid=1 certificates=0 short=0 held=0 local_candidates=3 yaw=9.35
[depth_angular_controller-1] [INFO] [1791427975.212908363] [depth_angular_controller]: PAPER_BUILD reason=FULL_MOTION_CERTIFICATE required=0.0000 best=0.0000 free=0 refined=0 tubes=73 revoked_tubes=0 proofs=128
[depth_angular_controller-1] [INFO] [1791427975.212915597] [depth_angular_controller]: PAPER_EVIDENCE retained=16 balls=32 revoked_balls=0 expired_views=0 evicted_views=67 radius=0.580 clearance=0.000 best_prefix=0.000
[depth_angular_controller-1] [INFO] [1791427976.281393461] [depth_angular_controller]: OMNI_DEPTH views=4 azimuth_bins=180 elevation_bins=37 valid=1 certificates=0 short=0 held=0 local_candidates=1 yaw=8.46
[depth_angular_controller-1] [INFO] [1791427976.282144362] [depth_angular_controller]: PAPER_BUILD reason=FULL_MOTION_CERTIFICATE required=0.0000 best=0.0000 free=0 refined=0 tubes=77 revoked_tubes=0 proofs=128
[depth_angular_controller-1] [INFO] [1791427976.282161124] [depth_angular_controller]: PAPER_EVIDENCE retained=16 balls=32 revoked_balls=0 expired_views=0 evicted_views=71 radius=0.580 clearance=0.000 best_prefix=0.000
[depth_angular_controller-1] [INFO] [1791427977.418595119] [depth_angular_controller]: OMNI_DEPTH views=4 azimuth_bins=180 elevation_bins=37 valid=1 certificates=0 short=0 held=0 local_candidates=3 yaw=9.35
[depth_angular_controller-1] [INFO] [1791427977.419989880] [depth_angular_controller]: PAPER_BUILD reason=FULL_MOTION_CERTIFICATE required=0.0000 best=0.0000 free=0 refined=0 tubes=81 revoked_tubes=0 proofs=128
[depth_angular_controller-1] [INFO] [1791427977.419997594] [depth_angular_controller]: PAPER_EVIDENCE retained=16 balls=32 revoked_balls=0 expired_views=0 evicted_views=75 radius=0.580 clearance=0.000 best_prefix=0.000
[depth_angular_controller-1] [INFO] [1791427978.494687863] [depth_angular_controller]: OMNI_DEPTH views=4 azimuth_bins=180 elevation_bins=37 valid=1 certificates=0 short=0 held=0 local_candidates=1 yaw=8.46
[depth_angular_controller-1] [INFO] [1791427978.495134192] [depth_angular_controller]: [PERF CTRL] run=p5_retain_20261008_goal_baseline_ego1p5_3 elapsed=38.34s callbacks=1442 commands=1442 guidance=1321 command_fps(ros/wall)=60.00/57.54 guidance_wall_fps=57.53 avoid_ms(mean/p50/p95/max)=1.694/1.387/3.983/23.296 cycle_ms(mean/p95/max)=17.378/22.314/364.400 depth_to_cmd_ms(mean/p95/max)=42.342/83.333/116.667 callback_to_publish_ms(mean/p95/max)=3.528/8.623/28.429
[depth_angular_controller-1] [INFO] [1791427978.495237857] [depth_angular_controller]: EVIDENCE_COST ingest(mean/p95/max)=1.845/6.544/13.478 record=0.042/0.027/2.076 ms
[depth_angular_controller-1] [INFO] [1791427978.495243267] [depth_angular_controller]: EVIDENCE_PHASE per_view_mean_ms balls=0.084 tubes=0.049 history=0.302 eviction=0.001
[depth_angular_controller-1] [INFO] [1791427978.495248056] [depth_angular_controller]: PAPER_BUILD reason=FULL_MOTION_CERTIFICATE required=0.0000 best=0.0000 free=0 refined=0 tubes=85 revoked_tubes=0 proofs=128
[depth_angular_controller-1] [INFO] [1791427978.495252084] [depth_angular_controller]: PAPER_EVIDENCE retained=16 balls=32 revoked_balls=0 expired_views=0 evicted_views=79 radius=0.580 clearance=0.000 best_prefix=0.000
[position_cmd_to_twist-2] [INFO] [1791427979.423729212] [position_cmd_to_twist]: [PERF BRIDGE] run=p5_retain_20261008_goal_baseline_ego1p5_3 elapsed=39.16s received=1496 published=1496 fps(ros/wall)=60.00/57.59 controller_to_bridge_ms(mean/p50/p95/max)=0.033/0.000/0.000/16.667 bridge_process_ms(mean/p95/max)=0.089/0.114/1.435
[NAV] t=25.0s position=(-23.05,-1.75,3.09) yaw=8.5deg command=(1.98,0.29,-0.01) manual_active=1 collision_blocks=0
[depth_angular_controller-1] [INFO] [1791427979.508314104] [depth_angular_controller]: OMNI_DEPTH views=4 azimuth_bins=180 elevation_bins=37 valid=1 certificates=0 short=0 held=0 local_candidates=1 yaw=8.46
[depth_angular_controller-1] [INFO] [1791427979.508681013] [depth_angular_controller]: PAPER_BUILD reason=FULL_MOTION_CERTIFICATE required=0.0000 best=0.0000 free=0 refined=0 tubes=89 revoked_tubes=0 proofs=128
[depth_angular_controller-1] [INFO] [1791427979.508688397] [depth_angular_controller]: PAPER_EVIDENCE retained=16 balls=32 revoked_balls=0 expired_views=0 evicted_views=83 radius=0.580 clearance=0.000 best_prefix=0.000
[depth_angular_controller-1] [INFO] [1791427980.462615284] [depth_angular_controller]: OMNI_DEPTH views=4 azimuth_bins=180 elevation_bins=37 valid=1 certificates=0 short=0 held=0 local_candidates=1 yaw=8.46
[depth_angular_controller-1] [INFO] [1791427980.462907944] [depth_angular_controller]: PAPER_BUILD reason=FULL_MOTION_CERTIFICATE required=0.0000 best=0.0000 free=0 refined=0 tubes=93 revoked_tubes=0 proofs=128
[depth_angular_controller-1] [INFO] [1791427980.462914757] [depth_angular_controller]: PAPER_EVIDENCE retained=16 balls=32 revoked_balls=0 expired_views=0 evicted_views=87 radius=0.580 clearance=0.000 best_prefix=0.000
[depth_angular_controller-1] [INFO] [1791427981.399461040] [depth_angular_controller]: OMNI_DEPTH views=4 azimuth_bins=180 elevation_bins=37 valid=1 certificates=0 short=0 held=0 local_candidates=3 yaw=-11.41
[depth_angular_controller-1] [INFO] [1791427981.399726369] [depth_angular_controller]: PAPER_BUILD reason=FULL_MOTION_CERTIFICATE required=0.0000 best=0.0000 free=0 refined=0 tubes=97 revoked_tubes=0 proofs=128
[depth_angular_controller-1] [INFO] [1791427981.399731909] [depth_angular_controller]: PAPER_EVIDENCE retained=16 balls=32 revoked_balls=0 expired_views=0 evicted_views=91 radius=0.580 clearance=0.000 best_prefix=0.000
[depth_angular_controller-1] [INFO] [1791427982.414404877] [depth_angular_controller]: OMNI_DEPTH views=4 azimuth_bins=180 elevation_bins=37 valid=1 certificates=0 short=0 held=0 local_candidates=3 yaw=-21.26
[depth_angular_controller-1] [INFO] [1791427982.414721442] [depth_angular_controller]: PAPER_BUILD reason=FULL_MOTION_CERTIFICATE required=0.0000 best=0.0000 free=0 refined=0 tubes=101 revoked_tubes=0 proofs=128
[depth_angular_controller-1] [INFO] [1791427982.414727233] [depth_angular_controller]: PAPER_EVIDENCE retained=16 balls=32 revoked_balls=0 expired_views=0 evicted_views=95 radius=0.580 clearance=0.000 best_prefix=0.000
[depth_angular_controller-1] [INFO] [1791427983.441690668] [depth_angular_controller]: OMNI_DEPTH views=4 azimuth_bins=180 elevation_bins=37 valid=1 certificates=0 short=0 held=0 local_candidates=3 yaw=-10.59
[depth_angular_controller-1] [INFO] [1791427983.442006552] [depth_angular_controller]: PAPER_BUILD reason=FULL_MOTION_CERTIFICATE required=0.0000 best=0.0000 free=0 refined=0 tubes=105 revoked_tubes=0 proofs=128
[depth_angular_controller-1] [INFO] [1791427983.442014647] [depth_angular_controller]: PAPER_EVIDENCE retained=16 balls=32 revoked_balls=0 expired_views=0 evicted_views=99 radius=0.580 clearance=0.000 best_prefix=0.000
[depth_angular_controller-1] [INFO] [1791427983.502248355] [depth_angular_controller]: [PERF CTRL] run=p5_retain_20261008_goal_baseline_ego1p5_3 elapsed=43.35s callbacks=1746 commands=1746 guidance=1625 command_fps(ros/wall)=60.00/58.07 guidance_wall_fps=58.10 avoid_ms(mean/p50/p95/max)=1.516/1.138/3.764/23.296 cycle_ms(mean/p95/max)=17.220/21.941/364.400 depth_to_cmd_ms(mean/p95/max)=41.774/83.333/116.667 callback_to_publish_ms(mean/p95/max)=3.377/8.157/28.429
[depth_angular_controller-1] [INFO] [1791427983.502420038] [depth_angular_controller]: EVIDENCE_COST ingest(mean/p95/max)=1.829/6.428/13.478 record=0.046/0.116/2.076 ms
[depth_angular_controller-1] [INFO] [1791427983.502432371] [depth_angular_controller]: EVIDENCE_PHASE per_view_mean_ms balls=0.081 tubes=0.048 history=0.301 eviction=0.001
[position_cmd_to_twist-2] [INFO] [1791427984.444430059] [position_cmd_to_twist]: [PERF BRIDGE] run=p5_retain_20261008_goal_baseline_ego1p5_3 elapsed=44.18s received=1796 published=1796 fps(ros/wall)=60.00/57.94 controller_to_bridge_ms(mean/p50/p95/max)=0.028/0.000/0.000/16.667 bridge_process_ms(mean/p95/max)=0.090/0.116/1.599
[NAV] t=30.0s position=(-13.34,-2.18,3.77) yaw=9.8deg command=(1.97,-0.30,0.21) manual_active=1 collision_blocks=0
[depth_angular_controller-1] [INFO] [1791427984.527594832] [depth_angular_controller]: OMNI_DEPTH views=4 azimuth_bins=180 elevation_bins=37 valid=1 certificates=0 short=0 held=0 local_candidates=3 yaw=-8.11
[depth_angular_controller-1] [INFO] [1791427984.527896589] [depth_angular_controller]: PAPER_BUILD reason=FULL_MOTION_CERTIFICATE required=0.0000 best=0.0000 free=0 refined=0 tubes=109 revoked_tubes=0 proofs=128
[depth_angular_controller-1] [INFO] [1791427984.527922528] [depth_angular_controller]: PAPER_EVIDENCE retained=16 balls=32 revoked_balls=0 expired_views=0 evicted_views=103 radius=0.580 clearance=0.000 best_prefix=0.000
[depth_angular_controller-1] [INFO] [1791427985.667811906] [depth_angular_controller]: OMNI_DEPTH views=4 azimuth_bins=180 elevation_bins=37 valid=1 certificates=0 short=0 held=0 local_candidates=1 yaw=10.21
[depth_angular_controller-1] [INFO] [1791427985.668531599] [depth_angular_controller]: PAPER_BUILD reason=FULL_MOTION_CERTIFICATE required=0.0000 best=0.0000 free=0 refined=0 tubes=113 revoked_tubes=0 proofs=128
[depth_angular_controller-1] [INFO] [1791427985.668545685] [depth_angular_controller]: PAPER_EVIDENCE retained=16 balls=32 revoked_balls=0 expired_views=0 evicted_views=107 radius=0.580 clearance=0.000 best_prefix=0.000
[depth_angular_controller-1] [INFO] [1791427986.642102803] [depth_angular_controller]: OMNI_DEPTH views=4 azimuth_bins=180 elevation_bins=37 valid=1 certificates=0 short=0 held=0 local_candidates=2 yaw=-19.25
[depth_angular_controller-1] [INFO] [1791427986.642810654] [depth_angular_controller]: PAPER_BUILD reason=FULL_MOTION_CERTIFICATE required=0.0000 best=0.0000 free=0 refined=0 tubes=118 revoked_tubes=0 proofs=128
[depth_angular_controller-1] [INFO] [1791427986.642826133] [depth_angular_controller]: PAPER_EVIDENCE retained=16 balls=32 revoked_balls=0 expired_views=0 evicted_views=109 radius=0.580 clearance=0.000 best_prefix=0.000
[depth_angular_controller-1] [INFO] [1791427987.661087634] [depth_angular_controller]: OMNI_DEPTH views=4 azimuth_bins=180 elevation_bins=37 valid=1 certificates=0 short=0 held=0 local_candidates=3 yaw=-21.35
[depth_angular_controller-1] [INFO] [1791427987.661392628] [depth_angular_controller]: PAPER_BUILD reason=FULL_MOTION_CERTIFICATE required=0.0000 best=0.0000 free=0 refined=0 tubes=122 revoked_tubes=0 proofs=128
[depth_angular_controller-1] [INFO] [1791427987.661399490] [depth_angular_controller]: PAPER_EVIDENCE retained=16 balls=32 revoked_balls=0 expired_views=0 evicted_views=113 radius=0.580 clearance=0.000 best_prefix=0.000
[depth_angular_controller-1] [INFO] [1791427988.503668567] [depth_angular_controller]: [PERF CTRL] run=p5_retain_20261008_goal_baseline_ego1p5_3 elapsed=48.35s callbacks=2027 commands=2027 guidance=1906 command_fps(ros/wall)=60.00/57.80 guidance_wall_fps=57.81 avoid_ms(mean/p50/p95/max)=1.496/1.117/3.631/23.296 cycle_ms(mean/p95/max)=17.300/22.019/364.400 depth_to_cmd_ms(mean/p95/max)=41.369/66.667/116.667 callback_to_publish_ms(mean/p95/max)=3.364/8.065/28.429
[depth_angular_controller-1] [INFO] [1791427988.503853896] [depth_angular_controller]: EVIDENCE_COST ingest(mean/p95/max)=1.823/6.333/13.478 record=0.042/0.039/2.076 ms
[depth_angular_controller-1] [INFO] [1791427988.503861670] [depth_angular_controller]: EVIDENCE_PHASE per_view_mean_ms balls=0.078 tubes=0.051 history=0.299 eviction=0.001
[depth_angular_controller-1] [INFO] [1791427988.742840626] [depth_angular_controller]: OMNI_DEPTH views=4 azimuth_bins=180 elevation_bins=37 valid=1 certificates=0 short=0 held=0 local_candidates=3 yaw=-20.71
[depth_angular_controller-1] [INFO] [1791427988.743163724] [depth_angular_controller]: PAPER_BUILD reason=FULL_MOTION_CERTIFICATE required=0.0000 best=0.0000 free=0 refined=0 tubes=126 revoked_tubes=0 proofs=128
[depth_angular_controller-1] [INFO] [1791427988.743174604] [depth_angular_controller]: PAPER_EVIDENCE retained=16 balls=32 revoked_balls=0 expired_views=0 evicted_views=117 radius=0.580 clearance=0.000 best_prefix=0.000
[position_cmd_to_twist-2] [INFO] [1791427989.674879028] [position_cmd_to_twist]: [PERF BRIDGE] run=p5_retain_20261008_goal_baseline_ego1p5_3 elapsed=49.41s received=2096 published=2096 fps(ros/wall)=60.00/57.86 controller_to_bridge_ms(mean/p50/p95/max)=0.024/0.000/0.000/16.667 bridge_process_ms(mean/p95/max)=0.090/0.115/1.599
[NAV] t=35.0s position=(-3.76,-4.04,3.53) yaw=12.7deg command=(1.88,-0.50,-0.41) manual_active=1 collision_blocks=0
[depth_angular_controller-1] [INFO] [1791427989.758147325] [depth_angular_controller]: OMNI_DEPTH views=4 azimuth_bins=180 elevation_bins=37 valid=1 certificates=0 short=0 held=0 local_candidates=3 yaw=-7.34
[depth_angular_controller-1] [INFO] [1791427989.758501801] [depth_angular_controller]: PAPER_BUILD reason=FULL_MOTION_CERTIFICATE required=0.0000 best=0.0000 free=0 refined=0 tubes=130 revoked_tubes=0 proofs=128
[depth_angular_controller-1] [INFO] [1791427989.758515527] [depth_angular_controller]: PAPER_EVIDENCE retained=16 balls=32 revoked_balls=0 expired_views=0 evicted_views=121 radius=0.580 clearance=0.000 best_prefix=0.000
[depth_angular_controller-1] [INFO] [1791427990.727106132] [depth_angular_controller]: OMNI_DEPTH views=4 azimuth_bins=180 elevation_bins=37 valid=1 certificates=0 short=0 held=0 local_candidates=3 yaw=0.15
[depth_angular_controller-1] [INFO] [1791427990.727413049] [depth_angular_controller]: PAPER_BUILD reason=FULL_MOTION_CERTIFICATE required=0.0000 best=0.0000 free=0 refined=0 tubes=134 revoked_tubes=0 proofs=128
[depth_angular_controller-1] [INFO] [1791427990.727425582] [depth_angular_controller]: PAPER_EVIDENCE retained=16 balls=32 revoked_balls=0 expired_views=0 evicted_views=125 radius=0.580 clearance=0.000 best_prefix=0.000
[depth_angular_controller-1] [INFO] [1791427991.683987711] [depth_angular_controller]: OMNI_DEPTH views=4 azimuth_bins=180 elevation_bins=37 valid=1 certificates=0 short=0 held=0 local_candidates=2 yaw=3.99
[depth_angular_controller-1] [INFO] [1791427991.684320888] [depth_angular_controller]: PAPER_BUILD reason=FULL_MOTION_CERTIFICATE required=0.0000 best=0.0000 free=0 refined=0 tubes=138 revoked_tubes=0 proofs=128
[depth_angular_controller-1] [INFO] [1791427991.684326799] [depth_angular_controller]: PAPER_EVIDENCE retained=16 balls=32 revoked_balls=0 expired_views=0 evicted_views=129 radius=0.580 clearance=0.000 best_prefix=0.000
[depth_angular_controller-1] [INFO] [1791427992.707777803] [depth_angular_controller]: OMNI_DEPTH views=4 azimuth_bins=180 elevation_bins=37 valid=1 certificates=0 short=0 held=0 local_candidates=1 yaw=13.89
[depth_angular_controller-1] [INFO] [1791427992.708129093] [depth_angular_controller]: PAPER_BUILD reason=FULL_MOTION_CERTIFICATE required=0.0000 best=0.0000 free=0 refined=0 tubes=142 revoked_tubes=0 proofs=128
[depth_angular_controller-1] [INFO] [1791427992.708143060] [depth_angular_controller]: PAPER_EVIDENCE retained=16 balls=32 revoked_balls=0 expired_views=0 evicted_views=133 radius=0.580 clearance=0.000 best_prefix=0.000
[depth_angular_controller-1] [INFO] [1791427993.517088020] [depth_angular_controller]: [PERF CTRL] run=p5_retain_20261008_goal_baseline_ego1p5_3 elapsed=53.37s callbacks=2333 commands=2333 guidance=2212 command_fps(ros/wall)=60.00/58.21 guidance_wall_fps=58.23 avoid_ms(mean/p50/p95/max)=1.491/1.098/3.699/23.296 cycle_ms(mean/p95/max)=17.180/21.931/364.400 depth_to_cmd_ms(mean/p95/max)=41.079/66.667/116.667 callback_to_publish_ms(mean/p95/max)=3.381/7.961/28.429
[depth_angular_controller-1] [INFO] [1791427993.517285271] [depth_angular_controller]: EVIDENCE_COST ingest(mean/p95/max)=1.836/6.317/13.478 record=0.038/0.026/2.076 ms
[depth_angular_controller-1] [INFO] [1791427993.517292134] [depth_angular_controller]: EVIDENCE_PHASE per_view_mean_ms balls=0.078 tubes=0.054 history=0.299 eviction=0.001
[depth_angular_controller-1] [INFO] [1791427993.663575406] [depth_angular_controller]: OMNI_DEPTH views=4 azimuth_bins=180 elevation_bins=37 valid=1 certificates=0 short=0 held=0 local_candidates=1 yaw=13.90
[depth_angular_controller-1] [INFO] [1791427993.663924973] [depth_angular_controller]: PAPER_BUILD reason=FULL_MOTION_CERTIFICATE required=0.0000 best=0.0000 free=0 refined=0 tubes=146 revoked_tubes=0 proofs=128
[depth_angular_controller-1] [INFO] [1791427993.663938618] [depth_angular_controller]: PAPER_EVIDENCE retained=16 balls=32 revoked_balls=0 expired_views=0 evicted_views=137 radius=0.580 clearance=0.000 best_prefix=0.000
[position_cmd_to_twist-2] [INFO] [1791427994.654303984] [position_cmd_to_twist]: [PERF BRIDGE] run=p5_retain_20261008_goal_baseline_ego1p5_3 elapsed=54.39s received=2396 published=2396 fps(ros/wall)=60.00/58.14 controller_to_bridge_ms(mean/p50/p95/max)=0.021/0.000/0.000/16.667 bridge_process_ms(mean/p95/max)=0.089/0.114/1.599
[NAV] t=40.0s position=(5.99,-3.16,2.84) yaw=13.9deg command=(1.94,0.48,-0.00) manual_active=1 collision_blocks=0
[depth_angular_controller-1] [INFO] [1791427994.740291622] [depth_angular_controller]: OMNI_DEPTH views=4 azimuth_bins=180 elevation_bins=37 valid=1 certificates=0 short=0 held=0 local_candidates=1 yaw=13.90
[depth_angular_controller-1] [INFO] [1791427994.740606183] [depth_angular_controller]: PAPER_BUILD reason=FULL_MOTION_CERTIFICATE required=0.0000 best=0.0000 free=0 refined=0 tubes=150 revoked_tubes=0 proofs=128
[depth_angular_controller-1] [INFO] [1791427994.740620941] [depth_angular_controller]: PAPER_EVIDENCE retained=16 balls=32 revoked_balls=0 expired_views=0 evicted_views=141 radius=0.580 clearance=0.000 best_prefix=0.000
[depth_angular_controller-1] [INFO] [1791427995.747461579] [depth_angular_controller]: OMNI_DEPTH views=4 azimuth_bins=180 elevation_bins=37 valid=1 certificates=0 short=0 held=0 local_candidates=1 yaw=13.90
[depth_angular_controller-1] [INFO] [1791427995.747764849] [depth_angular_controller]: PAPER_BUILD reason=FULL_MOTION_CERTIFICATE required=0.0000 best=0.0000 free=0 refined=0 tubes=154 revoked_tubes=0 proofs=128
[depth_angular_controller-1] [INFO] [1791427995.747783815] [depth_angular_controller]: PAPER_EVIDENCE retained=16 balls=32 revoked_balls=0 expired_views=0 evicted_views=145 radius=0.580 clearance=0.000 best_prefix=0.000
[depth_angular_controller-1] [INFO] [1791427996.759944010] [depth_angular_controller]: OMNI_DEPTH views=4 azimuth_bins=180 elevation_bins=37 valid=1 certificates=0 short=0 held=0 local_candidates=1 yaw=13.90
[depth_angular_controller-1] [INFO] [1791427996.760269262] [depth_angular_controller]: PAPER_BUILD reason=FULL_MOTION_CERTIFICATE required=0.0000 best=0.0000 free=0 refined=0 tubes=158 revoked_tubes=0 proofs=128
[depth_angular_controller-1] [INFO] [1791427996.760276024] [depth_angular_controller]: PAPER_EVIDENCE retained=16 balls=32 revoked_balls=0 expired_views=0 evicted_views=149 radius=0.580 clearance=0.000 best_prefix=0.000
[depth_angular_controller-1] [INFO] [1791427997.712187854] [depth_angular_controller]: OMNI_DEPTH views=4 azimuth_bins=180 elevation_bins=37 valid=1 certificates=0 short=0 held=0 local_candidates=1 yaw=13.90
[depth_angular_controller-1] [INFO] [1791427997.712472309] [depth_angular_controller]: PAPER_BUILD reason=FULL_MOTION_CERTIFICATE required=0.0000 best=0.0000 free=0 refined=0 tubes=162 revoked_tubes=0 proofs=128
[depth_angular_controller-1] [INFO] [1791427997.712477448] [depth_angular_controller]: PAPER_EVIDENCE retained=16 balls=32 revoked_balls=0 expired_views=0 evicted_views=153 radius=0.580 clearance=0.000 best_prefix=0.000
[depth_angular_controller-1] [INFO] [1791427998.587278253] [depth_angular_controller]: [PERF CTRL] run=p5_retain_20261008_goal_baseline_ego1p5_3 elapsed=58.44s callbacks=2634 commands=2634 guidance=2513 command_fps(ros/wall)=60.00/58.34 guidance_wall_fps=58.37 avoid_ms(mean/p50/p95/max)=1.368/1.018/3.593/23.296 cycle_ms(mean/p95/max)=17.142/21.671/364.400 depth_to_cmd_ms(mean/p95/max)=40.848/66.667/116.667 callback_to_publish_ms(mean/p95/max)=3.271/7.818/28.429
[depth_angular_controller-1] [INFO] [1791427998.587509477] [depth_angular_controller]: EVIDENCE_COST ingest(mean/p95/max)=1.838/6.242/13.478 record=0.036/0.023/2.076 ms
[depth_angular_controller-1] [INFO] [1791427998.587517382] [depth_angular_controller]: EVIDENCE_PHASE per_view_mean_ms balls=0.077 tubes=0.053 history=0.301 eviction=0.001
[depth_angular_controller-1] [INFO] [1791427998.715874736] [depth_angular_controller]: OMNI_DEPTH views=4 azimuth_bins=180 elevation_bins=37 valid=1 certificates=0 short=0 held=0 local_candidates=1 yaw=13.90
[depth_angular_controller-1] [INFO] [1791427998.716183907] [depth_angular_controller]: PAPER_BUILD reason=FULL_MOTION_CERTIFICATE required=0.0000 best=0.0000 free=0 refined=0 tubes=166 revoked_tubes=0 proofs=128
[depth_angular_controller-1] [INFO] [1791427998.716189858] [depth_angular_controller]: PAPER_EVIDENCE retained=16 balls=32 revoked_balls=0 expired_views=0 evicted_views=157 radius=0.580 clearance=0.000 best_prefix=0.000
[position_cmd_to_twist-2] [INFO] [1791427999.577012112] [position_cmd_to_twist]: [PERF BRIDGE] run=p5_retain_20261008_goal_baseline_ego1p5_3 elapsed=59.32s received=2696 published=2696 fps(ros/wall)=60.00/58.44 controller_to_bridge_ms(mean/p50/p95/max)=0.019/0.000/0.000/16.667 bridge_process_ms(mean/p95/max)=0.089/0.113/1.599
[NAV] t=45.0s position=(15.70,-0.75,2.84) yaw=13.9deg command=(1.94,0.48,-0.00) manual_active=1 collision_blocks=0
[depth_angular_controller-1] [INFO] [1791427999.659168991] [depth_angular_controller]: OMNI_DEPTH views=4 azimuth_bins=180 elevation_bins=37 valid=1 certificates=0 short=0 held=0 local_candidates=1 yaw=13.90
[depth_angular_controller-1] [INFO] [1791427999.659698486] [depth_angular_controller]: PAPER_BUILD reason=FULL_MOTION_CERTIFICATE required=0.0000 best=0.0000 free=0 refined=0 tubes=170 revoked_tubes=0 proofs=128
[depth_angular_controller-1] [INFO] [1791427999.659706050] [depth_angular_controller]: PAPER_EVIDENCE retained=16 balls=32 revoked_balls=0 expired_views=0 evicted_views=161 radius=0.580 clearance=0.000 best_prefix=0.000
[depth_angular_controller-1] [INFO] [1791428000.740546928] [depth_angular_controller]: OMNI_DEPTH views=4 azimuth_bins=180 elevation_bins=37 valid=1 certificates=0 short=0 held=0 local_candidates=3 yaw=9.44
[depth_angular_controller-1] [INFO] [1791428000.740922664] [depth_angular_controller]: PAPER_BUILD reason=FULL_MOTION_CERTIFICATE required=0.0000 best=0.0000 free=0 refined=0 tubes=174 revoked_tubes=0 proofs=128
[depth_angular_controller-1] [INFO] [1791428000.740939496] [depth_angular_controller]: PAPER_EVIDENCE retained=16 balls=32 revoked_balls=0 expired_views=0 evicted_views=165 radius=0.580 clearance=0.000 best_prefix=0.000
[depth_angular_controller-1] [INFO] [1791428001.708798305] [depth_angular_controller]: OMNI_DEPTH views=4 azimuth_bins=180 elevation_bins=37 valid=1 certificates=0 short=0 held=0 local_candidates=2 yaw=14.88
[depth_angular_controller-1] [INFO] [1791428001.709115000] [depth_angular_controller]: PAPER_BUILD reason=FULL_MOTION_CERTIFICATE required=0.0000 best=0.0000 free=0 refined=0 tubes=178 revoked_tubes=0 proofs=128
[depth_angular_controller-1] [INFO] [1791428001.709121883] [depth_angular_controller]: PAPER_EVIDENCE retained=16 balls=32 revoked_balls=0 expired_views=0 evicted_views=169 radius=0.580 clearance=0.000 best_prefix=0.000
[depth_angular_controller-1] [INFO] [1791428002.668181987] [depth_angular_controller]: OMNI_DEPTH views=4 azimuth_bins=180 elevation_bins=37 valid=1 certificates=0 short=0 held=0 local_candidates=2 yaw=14.82
[depth_angular_controller-1] [INFO] [1791428002.668536643] [depth_angular_controller]: PAPER_BUILD reason=FULL_MOTION_CERTIFICATE required=0.0000 best=0.0000 free=0 refined=0 tubes=182 revoked_tubes=0 proofs=128
[depth_angular_controller-1] [INFO] [1791428002.668543446] [depth_angular_controller]: PAPER_EVIDENCE retained=16 balls=32 revoked_balls=0 expired_views=0 evicted_views=173 radius=0.580 clearance=0.000 best_prefix=0.000
[depth_angular_controller-1] [INFO] [1791428003.589173558] [depth_angular_controller]: [PERF CTRL] run=p5_retain_20261008_goal_baseline_ego1p5_3 elapsed=63.44s callbacks=2936 commands=2936 guidance=2815 command_fps(ros/wall)=59.92/58.54 guidance_wall_fps=58.58 avoid_ms(mean/p50/p95/max)=1.522/1.053/3.749/41.211 cycle_ms(mean/p95/max)=17.082/21.770/364.400 depth_to_cmd_ms(mean/p95/max)=40.634/66.667/116.667 callback_to_publish_ms(mean/p95/max)=3.477/8.116/47.688
[depth_angular_controller-1] [INFO] [1791428003.589414400] [depth_angular_controller]: EVIDENCE_COST ingest(mean/p95/max)=1.890/6.336/15.632 record=0.034/0.023/2.076 ms
[depth_angular_controller-1] [INFO] [1791428003.589421925] [depth_angular_controller]: EVIDENCE_PHASE per_view_mean_ms balls=0.079 tubes=0.058 history=0.307 eviction=0.001
[depth_angular_controller-1] [INFO] [1791428003.625184303] [depth_angular_controller]: OMNI_DEPTH views=4 azimuth_bins=180 elevation_bins=37 valid=1 certificates=0 short=0 held=0 local_candidates=3 yaw=15.57
[depth_angular_controller-1] [INFO] [1791428003.625477745] [depth_angular_controller]: PAPER_BUILD reason=FULL_MOTION_CERTIFICATE required=0.0000 best=0.0000 free=0 refined=0 tubes=186 revoked_tubes=0 proofs=128
[depth_angular_controller-1] [INFO] [1791428003.625483035] [depth_angular_controller]: PAPER_EVIDENCE retained=16 balls=32 revoked_balls=0 expired_views=0 evicted_views=177 radius=0.580 clearance=0.000 best_prefix=0.000
[position_cmd_to_twist-2] [INFO] [1791428004.504467912] [position_cmd_to_twist]: [PERF BRIDGE] run=p5_retain_20261008_goal_baseline_ego1p5_3 elapsed=64.24s received=2992 published=2992 fps(ros/wall)=59.92/58.60 controller_to_bridge_ms(mean/p50/p95/max)=0.167/0.000/0.000/50.000 bridge_process_ms(mean/p95/max)=0.088/0.111/1.599
[NAV] t=50.0s position=(25.25,1.74,1.46) yaw=13.7deg command=(1.90,0.60,-0.21) manual_active=1 collision_blocks=0
[depth_angular_controller-1] [INFO] [1791428004.584421851] [depth_angular_controller]: OMNI_DEPTH views=4 azimuth_bins=180 elevation_bins=37 valid=1 certificates=0 short=0 held=0 local_candidates=3 yaw=18.25
[depth_angular_controller-1] [INFO] [1791428004.584858301] [depth_angular_controller]: PAPER_BUILD reason=FULL_MOTION_CERTIFICATE required=0.0000 best=0.0000 free=0 refined=0 tubes=190 revoked_tubes=0 proofs=128
[depth_angular_controller-1] [INFO] [1791428004.584865584] [depth_angular_controller]: PAPER_EVIDENCE retained=16 balls=32 revoked_balls=0 expired_views=0 evicted_views=181 radius=0.580 clearance=0.000 best_prefix=0.000
[depth_angular_controller-1] [INFO] [1791428005.618374912] [depth_angular_controller]: OMNI_DEPTH views=4 azimuth_bins=180 elevation_bins=37 valid=1 certificates=0 short=0 held=0 local_candidates=1 yaw=13.60
[depth_angular_controller-1] [INFO] [1791428005.618711083] [depth_angular_controller]: PAPER_BUILD reason=FULL_MOTION_CERTIFICATE required=0.0000 best=0.0000 free=0 refined=0 tubes=194 revoked_tubes=0 proofs=128
[depth_angular_controller-1] [INFO] [1791428005.618727875] [depth_angular_controller]: PAPER_EVIDENCE retained=16 balls=32 revoked_balls=0 expired_views=0 evicted_views=185 radius=0.580 clearance=0.000 best_prefix=0.000
[depth_angular_controller-1] [INFO] [1791428006.582680764] [depth_angular_controller]: OMNI_DEPTH views=4 azimuth_bins=180 elevation_bins=37 valid=1 certificates=0 short=0 held=0 local_candidates=1 yaw=13.60
[depth_angular_controller-1] [INFO] [1791428006.582974135] [depth_angular_controller]: PAPER_BUILD reason=FULL_MOTION_CERTIFICATE required=0.0000 best=0.0000 free=0 refined=0 tubes=198 revoked_tubes=0 proofs=128
[depth_angular_controller-1] [INFO] [1791428006.582979636] [depth_angular_controller]: PAPER_EVIDENCE retained=16 balls=32 revoked_balls=0 expired_views=0 evicted_views=189 radius=0.580 clearance=0.000 best_prefix=0.000
[depth_angular_controller-1] [INFO] [1791428007.595160921] [depth_angular_controller]: OMNI_DEPTH views=4 azimuth_bins=180 elevation_bins=37 valid=1 certificates=0 short=0 held=0 local_candidates=1 yaw=13.60
[depth_angular_controller-1] [INFO] [1791428007.595908155] [depth_angular_controller]: PAPER_BUILD reason=FULL_MOTION_CERTIFICATE required=0.0000 best=0.0000 free=0 refined=0 tubes=202 revoked_tubes=0 proofs=128
[depth_angular_controller-1] [INFO] [1791428007.595919005] [depth_angular_controller]: PAPER_EVIDENCE retained=16 balls=32 revoked_balls=0 expired_views=0 evicted_views=193 radius=0.580 clearance=0.000 best_prefix=0.000
[depth_angular_controller-1] [INFO] [1791428008.603559547] [depth_angular_controller]: [PERF CTRL] run=p5_retain_20261008_goal_baseline_ego1p5_3 elapsed=68.45s callbacks=3237 commands=3237 guidance=3116 command_fps(ros/wall)=59.93/58.68 guidance_wall_fps=58.71 avoid_ms(mean/p50/p95/max)=1.582/1.030/4.051/41.211 cycle_ms(mean/p95/max)=17.043/21.878/364.400 depth_to_cmd_ms(mean/p95/max)=40.067/66.667/116.667 callback_to_publish_ms(mean/p95/max)=3.621/8.632/47.688
[depth_angular_controller-1] [INFO] [1791428008.604048576] [depth_angular_controller]: EVIDENCE_COST ingest(mean/p95/max)=1.963/6.382/15.632 record=0.041/0.025/2.927 ms
[depth_angular_controller-1] [INFO] [1791428008.604060037] [depth_angular_controller]: EVIDENCE_PHASE per_view_mean_ms balls=0.082 tubes=0.065 history=0.315 eviction=0.001
[depth_angular_controller-1] [INFO] [1791428008.618694460] [depth_angular_controller]: OMNI_DEPTH views=4 azimuth_bins=180 elevation_bins=37 valid=1 certificates=0 short=0 held=0 local_candidates=1 yaw=13.61
[depth_angular_controller-1] [INFO] [1791428008.619659614] [depth_angular_controller]: PAPER_BUILD reason=FULL_MOTION_CERTIFICATE required=0.0000 best=0.0000 free=0 refined=0 tubes=206 revoked_tubes=0 proofs=128
[depth_angular_controller-1] [INFO] [1791428008.619684811] [depth_angular_controller]: PAPER_EVIDENCE retained=16 balls=32 revoked_balls=0 expired_views=0 evicted_views=197 radius=0.580 clearance=0.000 best_prefix=0.000
[position_cmd_to_twist-2] [INFO] [1791428009.559916841] [position_cmd_to_twist]: [PERF BRIDGE] run=p5_retain_20261008_goal_baseline_ego1p5_3 elapsed=69.30s received=3292 published=3292 fps(ros/wall)=59.93/58.67 controller_to_bridge_ms(mean/p50/p95/max)=0.167/0.000/0.000/50.000 bridge_process_ms(mean/p95/max)=0.088/0.111/1.599
[NAV] t=55.0s position=(34.94,4.16,1.69) yaw=13.6deg command=(1.94,0.47,0.07) manual_active=1 collision_blocks=0
[depth_angular_controller-1] [INFO] [1791428009.646037499] [depth_angular_controller]: OMNI_DEPTH views=4 azimuth_bins=180 elevation_bins=37 valid=1 certificates=0 short=0 held=0 local_candidates=1 yaw=13.61
[depth_angular_controller-1] [INFO] [1791428009.646473418] [depth_angular_controller]: PAPER_BUILD reason=FULL_MOTION_CERTIFICATE required=0.0000 best=0.0000 free=0 refined=0 tubes=210 revoked_tubes=0 proofs=128
[depth_angular_controller-1] [INFO] [1791428009.646480982] [depth_angular_controller]: PAPER_EVIDENCE retained=16 balls=32 revoked_balls=0 expired_views=0 evicted_views=201 radius=0.580 clearance=0.000 best_prefix=0.000
[depth_angular_controller-1] [INFO] [1791428010.666237103] [depth_angular_controller]: OMNI_DEPTH views=4 azimuth_bins=180 elevation_bins=37 valid=1 certificates=0 short=0 held=0 local_candidates=1 yaw=13.61
[depth_angular_controller-1] [INFO] [1791428010.666978707] [depth_angular_controller]: PAPER_BUILD reason=FULL_MOTION_CERTIFICATE required=0.0000 best=0.0000 free=0 refined=0 tubes=214 revoked_tubes=0 proofs=128
[depth_angular_controller-1] [INFO] [1791428010.667142374] [depth_angular_controller]: PAPER_EVIDENCE retained=16 balls=32 revoked_balls=0 expired_views=0 evicted_views=205 radius=0.580 clearance=0.000 best_prefix=0.000
[depth_angular_controller-1] [INFO] [1791428011.622871278] [depth_angular_controller]: OMNI_DEPTH views=4 azimuth_bins=180 elevation_bins=37 valid=1 certificates=0 short=0 held=0 local_candidates=1 yaw=13.61
[depth_angular_controller-1] [INFO] [1791428011.623697851] [depth_angular_controller]: PAPER_BUILD reason=FULL_MOTION_CERTIFICATE required=0.0000 best=0.0000 free=0 refined=0 tubes=218 revoked_tubes=0 proofs=128
[depth_angular_controller-1] [INFO] [1791428011.623915179] [depth_angular_controller]: PAPER_EVIDENCE retained=16 balls=32 revoked_balls=0 expired_views=0 evicted_views=209 radius=0.580 clearance=0.000 best_prefix=0.000
[depth_angular_controller-1] [INFO] [1791428012.581538203] [depth_angular_controller]: OMNI_DEPTH views=4 azimuth_bins=180 elevation_bins=37 valid=1 certificates=0 short=0 held=0 local_candidates=1 yaw=13.61
[depth_angular_controller-1] [INFO] [1791428012.581924448] [depth_angular_controller]: PAPER_BUILD reason=FULL_MOTION_CERTIFICATE required=0.0000 best=0.0000 free=0 refined=0 tubes=222 revoked_tubes=0 proofs=128
[depth_angular_controller-1] [INFO] [1791428012.581932113] [depth_angular_controller]: PAPER_EVIDENCE retained=16 balls=32 revoked_balls=0 expired_views=0 evicted_views=213 radius=0.580 clearance=0.000 best_prefix=0.000
[depth_angular_controller-1] [INFO] [1791428013.614023896] [depth_angular_controller]: [PERF CTRL] run=p5_retain_20261008_goal_baseline_ego1p5_3 elapsed=73.46s callbacks=3535 commands=3535 guidance=3414 command_fps(ros/wall)=59.93/58.74 guidance_wall_fps=58.78 avoid_ms(mean/p50/p95/max)=1.495/0.968/3.898/41.211 cycle_ms(mean/p95/max)=17.023/21.701/364.400 depth_to_cmd_ms(mean/p95/max)=39.441/66.667/116.667 callback_to_publish_ms(mean/p95/max)=3.564/8.485/47.688
[depth_angular_controller-1] [INFO] [1791428013.614342194] [depth_angular_controller]: EVIDENCE_COST ingest(mean/p95/max)=1.988/6.245/15.632 record=0.039/0.023/2.927 ms
[depth_angular_controller-1] [INFO] [1791428013.614347965] [depth_angular_controller]: EVIDENCE_PHASE per_view_mean_ms balls=0.083 tubes=0.063 history=0.321 eviction=0.001
[depth_angular_controller-1] [INFO] [1791428013.661531868] [depth_angular_controller]: OMNI_DEPTH views=4 azimuth_bins=180 elevation_bins=37 valid=1 certificates=0 short=0 held=0 local_candidates=3 yaw=9.49
[depth_angular_controller-1] [INFO] [1791428013.661919106] [depth_angular_controller]: PAPER_BUILD reason=FULL_MOTION_CERTIFICATE required=0.0000 best=0.0000 free=0 refined=0 tubes=226 revoked_tubes=0 proofs=128
[depth_angular_controller-1] [INFO] [1791428013.661926750] [depth_angular_controller]: PAPER_EVIDENCE retained=16 balls=32 revoked_balls=0 expired_views=0 evicted_views=217 radius=0.580 clearance=0.000 best_prefix=0.000
[position_cmd_to_twist-2] [INFO] [1791428014.789703926] [position_cmd_to_twist]: [PERF BRIDGE] run=p5_retain_20261008_goal_baseline_ego1p5_3 elapsed=74.53s received=3592 published=3592 fps(ros/wall)=59.93/58.56 controller_to_bridge_ms(mean/p50/p95/max)=0.153/0.000/0.000/50.000 bridge_process_ms(mean/p95/max)=0.088/0.111/1.599
[NAV] t=60.0s position=(44.67,6.44,1.94) yaw=13.8deg command=(1.96,0.38,-0.14) manual_active=1 collision_blocks=0
[depth_angular_controller-1] [INFO] [1791428014.870278952] [depth_angular_controller]: OMNI_DEPTH views=4 azimuth_bins=180 elevation_bins=37 valid=1 certificates=0 short=0 held=0 local_candidates=3 yaw=13.67
[depth_angular_controller-1] [INFO] [1791428014.870653436] [depth_angular_controller]: PAPER_BUILD reason=FULL_MOTION_CERTIFICATE required=0.0000 best=0.0000 free=0 refined=0 tubes=230 revoked_tubes=0 proofs=128
[depth_angular_controller-1] [INFO] [1791428014.870667963] [depth_angular_controller]: PAPER_EVIDENCE retained=16 balls=32 revoked_balls=0 expired_views=0 evicted_views=221 radius=0.580 clearance=0.000 best_prefix=0.000
[depth_angular_controller-1] [INFO] [1791428015.957850028] [depth_angular_controller]: OMNI_DEPTH views=4 azimuth_bins=180 elevation_bins=37 valid=1 certificates=0 short=0 held=0 local_candidates=3 yaw=12.98
[depth_angular_controller-1] [INFO] [1791428015.958274596] [depth_angular_controller]: PAPER_BUILD reason=FULL_MOTION_CERTIFICATE required=0.0000 best=0.0000 free=0 refined=0 tubes=234 revoked_tubes=0 proofs=128
[depth_angular_controller-1] [INFO] [1791428015.958282341] [depth_angular_controller]: PAPER_EVIDENCE retained=16 balls=32 revoked_balls=0 expired_views=0 evicted_views=225 radius=0.580 clearance=0.000 best_prefix=0.000
[depth_angular_controller-1] [INFO] [1791428016.996891342] [depth_angular_controller]: OMNI_DEPTH views=4 azimuth_bins=180 elevation_bins=37 valid=1 certificates=0 short=0 held=0 local_candidates=1 yaw=13.68
[depth_angular_controller-1] [INFO] [1791428016.997747110] [depth_angular_controller]: PAPER_BUILD reason=FULL_MOTION_CERTIFICATE required=0.0000 best=0.0000 free=0 refined=0 tubes=238 revoked_tubes=0 proofs=128
[depth_angular_controller-1] [INFO] [1791428016.997756988] [depth_angular_controller]: PAPER_EVIDENCE retained=16 balls=32 revoked_balls=0 expired_views=0 evicted_views=229 radius=0.580 clearance=0.000 best_prefix=0.000
[depth_angular_controller-1] [INFO] [1791428017.966473850] [depth_angular_controller]: OMNI_DEPTH views=4 azimuth_bins=180 elevation_bins=37 valid=1 certificates=0 short=0 held=0 local_candidates=1 yaw=13.67
[depth_angular_controller-1] [INFO] [1791428017.966791688] [depth_angular_controller]: PAPER_BUILD reason=FULL_MOTION_CERTIFICATE required=0.0000 best=0.0000 free=0 refined=0 tubes=242 revoked_tubes=0 proofs=128
[depth_angular_controller-1] [INFO] [1791428017.966802418] [depth_angular_controller]: PAPER_EVIDENCE retained=16 balls=32 revoked_balls=0 expired_views=0 evicted_views=233 radius=0.580 clearance=0.000 best_prefix=0.000
[depth_angular_controller-1] [INFO] [1791428018.614372765] [depth_angular_controller]: [PERF CTRL] run=p5_retain_20261008_goal_baseline_ego1p5_3 elapsed=78.46s callbacks=3811 commands=3811 guidance=3690 command_fps(ros/wall)=59.89/58.47 guidance_wall_fps=58.50 avoid_ms(mean/p50/p95/max)=1.477/0.969/3.786/47.738 cycle_ms(mean/p95/max)=17.103/21.762/364.400 depth_to_cmd_ms(mean/p95/max)=39.390/66.667/116.667 callback_to_publish_ms(mean/p95/max)=3.558/8.278/50.086
[depth_angular_controller-1] [INFO] [1791428018.614667639] [depth_angular_controller]: EVIDENCE_COST ingest(mean/p95/max)=1.994/6.226/15.632 record=0.038/0.023/2.927 ms
[depth_angular_controller-1] [INFO] [1791428018.614678600] [depth_angular_controller]: EVIDENCE_PHASE per_view_mean_ms balls=0.082 tubes=0.062 history=0.324 eviction=0.001
[depth_angular_controller-1] [INFO] [1791428018.990112668] [depth_angular_controller]: OMNI_DEPTH views=4 azimuth_bins=180 elevation_bins=37 valid=1 certificates=0 short=0 held=0 local_candidates=1 yaw=13.67
[depth_angular_controller-1] [INFO] [1791428018.990457375] [depth_angular_controller]: PAPER_BUILD reason=FULL_MOTION_CERTIFICATE required=0.0000 best=0.0000 free=0 refined=0 tubes=246 revoked_tubes=0 proofs=128
[depth_angular_controller-1] [INFO] [1791428018.990463447] [depth_angular_controller]: PAPER_EVIDENCE retained=16 balls=32 revoked_balls=0 expired_views=0 evicted_views=237 radius=0.580 clearance=0.000 best_prefix=0.000
[position_cmd_to_twist-2] [INFO] [1791428019.857006853] [position_cmd_to_twist]: [PERF BRIDGE] run=p5_retain_20261008_goal_baseline_ego1p5_3 elapsed=79.60s received=3889 published=3889 fps(ros/wall)=59.89/58.56 controller_to_bridge_ms(mean/p50/p95/max)=0.167/0.000/0.000/50.000 bridge_process_ms(mean/p95/max)=0.088/0.111/1.599
[NAV] t=65.0s position=(54.34,8.85,2.17) yaw=13.7deg command=(1.94,0.47,0.13) manual_active=1 collision_blocks=0
[depth_angular_controller-1] [INFO] [1791428019.940046320] [depth_angular_controller]: OMNI_DEPTH views=4 azimuth_bins=180 elevation_bins=37 valid=1 certificates=0 short=0 held=0 local_candidates=1 yaw=13.67
[depth_angular_controller-1] [INFO] [1791428019.940396097] [depth_angular_controller]: PAPER_BUILD reason=FULL_MOTION_CERTIFICATE required=0.0000 best=0.0000 free=0 refined=0 tubes=250 revoked_tubes=0 proofs=128
[depth_angular_controller-1] [INFO] [1791428019.940403341] [depth_angular_controller]: PAPER_EVIDENCE retained=16 balls=32 revoked_balls=0 expired_views=0 evicted_views=241 radius=0.580 clearance=0.000 best_prefix=0.000
[depth_angular_controller-1] [INFO] [1791428021.022495601] [depth_angular_controller]: OMNI_DEPTH views=4 azimuth_bins=180 elevation_bins=37 valid=1 certificates=0 short=0 held=0 local_candidates=1 yaw=13.67
[depth_angular_controller-1] [INFO] [1791428021.022887347] [depth_angular_controller]: PAPER_BUILD reason=FULL_MOTION_CERTIFICATE required=0.0000 best=0.0000 free=0 refined=0 tubes=254 revoked_tubes=0 proofs=128
[depth_angular_controller-1] [INFO] [1791428021.022895372] [depth_angular_controller]: PAPER_EVIDENCE retained=16 balls=32 revoked_balls=0 expired_views=0 evicted_views=245 radius=0.580 clearance=0.000 best_prefix=0.000
[depth_angular_controller-1] [INFO] [1791428022.031518490] [depth_angular_controller]: OMNI_DEPTH views=4 azimuth_bins=180 elevation_bins=37 valid=1 certificates=0 short=0 held=0 local_candidates=1 yaw=13.67
[depth_angular_controller-1] [INFO] [1791428022.032721180] [depth_angular_controller]: PAPER_BUILD reason=FULL_MOTION_CERTIFICATE required=0.0000 best=0.0000 free=0 refined=0 tubes=256 revoked_tubes=0 proofs=128
[depth_angular_controller-1] [INFO] [1791428022.032749143] [depth_angular_controller]: PAPER_EVIDENCE retained=16 balls=32 revoked_balls=0 expired_views=0 evicted_views=249 radius=0.580 clearance=0.000 best_prefix=0.000
[depth_angular_controller-1] [INFO] [1791428023.057599748] [depth_angular_controller]: OMNI_DEPTH views=4 azimuth_bins=180 elevation_bins=37 valid=1 certificates=0 short=0 held=0 local_candidates=1 yaw=13.67
[depth_angular_controller-1] [INFO] [1791428023.057990251] [depth_angular_controller]: PAPER_BUILD reason=FULL_MOTION_CERTIFICATE required=0.0000 best=0.0000 free=0 refined=0 tubes=256 revoked_tubes=0 proofs=128
[depth_angular_controller-1] [INFO] [1791428023.057998457] [depth_angular_controller]: PAPER_EVIDENCE retained=16 balls=32 revoked_balls=0 expired_views=0 evicted_views=253 radius=0.580 clearance=0.000 best_prefix=0.000
[depth_angular_controller-1] [INFO] [1791428023.621152780] [depth_angular_controller]: [PERF CTRL] run=p5_retain_20261008_goal_baseline_ego1p5_3 elapsed=83.47s callbacks=4099 commands=4099 guidance=3978 command_fps(ros/wall)=59.90/58.40 guidance_wall_fps=58.43 avoid_ms(mean/p50/p95/max)=1.407/0.908/3.650/47.738 cycle_ms(mean/p95/max)=17.122/21.701/364.400 depth_to_cmd_ms(mean/p95/max)=39.371/66.667/116.667 callback_to_publish_ms(mean/p95/max)=3.497/8.092/50.086
[depth_angular_controller-1] [INFO] [1791428023.621485465] [depth_angular_controller]: EVIDENCE_COST ingest(mean/p95/max)=1.999/6.169/15.632 record=0.037/0.023/2.927 ms
[depth_angular_controller-1] [INFO] [1791428023.621490615] [depth_angular_controller]: EVIDENCE_PHASE per_view_mean_ms balls=0.082 tubes=0.062 history=0.325 eviction=0.001
[depth_angular_controller-1] [INFO] [1791428024.250734741] [depth_angular_controller]: OMNI_DEPTH views=4 azimuth_bins=180 elevation_bins=37 valid=1 certificates=0 short=0 held=0 local_candidates=1 yaw=13.67
[depth_angular_controller-1] [INFO] [1791428024.251109686] [depth_angular_controller]: PAPER_BUILD reason=FULL_MOTION_CERTIFICATE required=0.0000 best=0.0000 free=0 refined=0 tubes=256 revoked_tubes=0 proofs=128
[depth_angular_controller-1] [INFO] [1791428024.251129453] [depth_angular_controller]: PAPER_EVIDENCE retained=16 balls=32 revoked_balls=0 expired_views=0 evicted_views=257 radius=0.580 clearance=0.000 best_prefix=0.000
[position_cmd_to_twist-2] [INFO] [1791428025.117442216] [position_cmd_to_twist]: [PERF BRIDGE] run=p5_retain_20261008_goal_baseline_ego1p5_3 elapsed=84.86s received=4189 published=4189 fps(ros/wall)=59.90/58.45 controller_to_bridge_ms(mean/p50/p95/max)=0.155/0.000/0.000/50.000 bridge_process_ms(mean/p95/max)=0.088/0.112/1.599
[NAV] t=70.0s position=(63.46,11.07,2.76) yaw=13.7deg command=(0.95,0.23,0.06) manual_active=1 collision_blocks=0
[depth_angular_controller-1] [INFO] [1791428025.196984911] [depth_angular_controller]: OMNI_DEPTH views=4 azimuth_bins=180 elevation_bins=37 valid=1 certificates=0 short=0 held=0 local_candidates=1 yaw=13.67
[depth_angular_controller-1] [INFO] [1791428025.197180870] [depth_angular_controller]: PAPER_BUILD reason=FULL_MOTION_CERTIFICATE required=0.0000 best=0.0000 free=0 refined=0 tubes=256 revoked_tubes=0 proofs=128
[depth_angular_controller-1] [INFO] [1791428025.197188263] [depth_angular_controller]: PAPER_EVIDENCE retained=16 balls=32 revoked_balls=0 expired_views=0 evicted_views=261 radius=0.580 clearance=0.000 best_prefix=0.000
[depth_angular_controller-1] [INFO] [1791428025.338301379] [depth_angular_controller]: ZERO_INTENT
[BENCHMARK RESULT] ARRIVED sim=69.250s
[PERF ISAAC FINAL] run=p5_retain_20261008_goal_baseline_ego1p5_3 result=ARRIVED wall=73.08s sim_frames=4277 fps(sim/wall)=60.03/58.52 command_changes=3310 collision_blocks=0 frame_interval_ms(mean/p50/p95/max)=17.011/15.846/17.763/79.865
[86.003s] Simulation App Shutting Down
[depth_angular_controller-1] [INFO] [1791428027.196257139] [rclcpp]: signal_handler(SIGINT/SIGTERM)
[position_cmd_to_twist-2] [INFO] [1791428027.197244595] [position_cmd_to_twist]: [PERF BRIDGE FINAL] run=p5_retain_20261008_goal_baseline_ego1p5_3 elapsed=86.94s received=4269 published=4269 fps(ros/wall)=59.90/58.41 controller_to_bridge_ms(mean/p50/p95/max)=0.152/0.000/0.000/50.000 bridge_process_ms(mean/p95/max)=0.088/0.112/1.599
[position_cmd_to_twist-2] Failed to publish log message to rosout: publisher's context is invalid, at ./src/rcl/publisher.c:389
[depth_angular_controller-1] [INFO] [1791428027.197383365] [depth_angular_controller]: [PERF CTRL FINAL] run=p5_retain_20261008_goal_baseline_ego1p5_3 elapsed=87.05s callbacks=4269 commands=4269 guidance=4078 command_fps(ros/wall)=59.90/58.41 guidance_wall_fps=58.43 avoid_ms(mean/p50/p95/max)=1.384/0.883/3.631/47.738 cycle_ms(mean/p95/max)=17.120/21.671/364.400 depth_to_cmd_ms(mean/p95/max)=39.378/66.667/116.667 callback_to_publish_ms(mean/p95/max)=3.445/8.053/50.086
[depth_angular_controller-1] [INFO] [1791428027.197683750] [depth_angular_controller]: EVIDENCE_COST ingest(mean/p95/max)=1.992/6.139/15.632 record=0.036/0.023/2.927 ms
[depth_angular_controller-1] [INFO] [1791428027.197691605] [depth_angular_controller]: EVIDENCE_PHASE per_view_mean_ms balls=0.081 tubes=0.061 history=0.325 eviction=0.001
[INFO] [depth_angular_controller-1]: process has finished cleanly [pid 345403]
[INFO] [position_cmd_to_twist-2]: process has finished cleanly [pid 345405]
