[PERF] run=p5_retain_20261008_jitter_jitter_combined_3 log=/home/starry/isaac-data/EGO1P5/performance/retain_gains_20261008/closed_loop/p5_retain_20261008_jitter/p5_retain_20261008_jitter_jitter_combined_3_performance.md
[INPUT] mode=trace scene_mode=cloud
[LOCK] Waiting for shared Isaac navigation slot
[INFO] [launch]: All log files can be found below /tmp/fov_gvf_ego1p5_isaac_ros_log/2026-10-08-10-42-46-251876-starry-System-Product-Name-341920
[INFO] [launch]: Default logging verbosity is set to INFO
[INFO] [depth_angular_controller-1]: process started with pid [341922]
[INFO] [position_cmd_to_twist-2]: process started with pid [341924]
[depth_angular_controller-1] [INFO] [1791427366.292238621] [depth_angular_controller]: PROCESSING_RATES control=60.0 Hz depth_limit=10.0 Hz (0=unlimited)
[depth_angular_controller-1] [INFO] [1791427366.294488680] [depth_angular_controller]: C++ controller commands publish on /position_cmd; horizontal views=4
[ROS CHECK] ROS_DOMAIN_ID=42 /position_cmd publishers=1
Type: pc_gvf_msgs/msg/PositionCommand
Publisher count: 1
Subscription count: 1
/depth_angular_controller
/position_cmd_to_twist
WARNING: All log messages before absl::InitializeLog() is called are written to STDERR
E0000 00:00:1791427367.257776  341975 descriptor_database.cc:633] File already exists in database: grpc/health/v1/health.proto
W0000 00:00:1791427367.257798  341975 message.cc:301] Protobuf GeneratedMessageFactory: File is already registered: grpc/health/v1/health.proto
2026-10-08T02:42:46Z [Info] [carb] Logging to file: /home/starry/isaac-data/isaacsim/kit/logs/Kit/Isaac-Sim Python/6.0/kit_20261008_104246.log
[0.043s] [ext: omni.assets.plugins-0.0.0] startup
[0.044s] [ext: omni.blobkey-1.1.2] startup
[0.044s] [ext: omni.kit.async_engine-0.0.3] startup
[0.311s] [ext: omni.client.lib-1.1.1] startup
[0.319s] [ext: omni.client-1.3.0] startup
[0.321s] [ext: omni.protobuf.lib-1.0.0] startup
[0.322s] [ext: omni.grpc.lib-1.0.0] startup
[0.325s] [ext: omni.metrics.core-0.0.3] startup
[0.325s] [ext: omni.datastore-0.0.0] startup
[0.325s] [ext: omni.gpu_foundation.shadercache.vulkan-1.0.0] startup
[0.327s] [ext: omni.hsscclient-1.1.4] startup
[0.328s] [ext: omni.stats-1.0.1] startup
[0.328s] [ext: omni.ujitso.default-1.0.0] startup
[0.331s] [ext: omni.gpu_foundation-0.0.0] startup
[0.464s] [ext: carb.windowing.plugins-1.0.1] startup
[0.464s] [ext: omni.kit.renderer.init-1.0.1] startup
2026-10-08T02:42:47Z [663ms] [Warning] [omni.rtx] Skipping unsupported non-NVIDIA GPU: AMD Unknown (RADV RAPHAEL_MENDOCINO)
2026-10-08T02:42:47Z [663ms] [Warning] [omni.rtx] Skipping unsupported non-NVIDIA GPU: AMD Unknown (RADV RAPHAEL_MENDOCINO)

|---------------------------------------------------------------------------------------------|
| Driver Version: 580.178.04    | Graphics API: Vulkan
|=============================================================================================|
| GPU | Name                             | Active | LDA | GPU Memory | Vendor-ID | LUID       |
|     |                                  |        |     |            | Device-ID | UUID       |
|     |                                  |        |     |            | Bus-ID    |            |
|---------------------------------------------------------------------------------------------|
| 0   | NVIDIA GeForce RTX 5070          | Yes: 0 |     | 12227   MB | 10de      | 0          |
|     |                                  |        |     |            | 2f04      | 348d89fe.. |
|     |                                  |        |     |            | 1         |            |
|---------------------------------------------------------------------------------------------|
| 1   | AMD Unknown (RADV RAPHAEL_MEND.. |        |     | 10755   MB | 1002      | 0          |
|     |                                  |        |     |            | 13c0      | 00000000.. |
|     |                                  |        |     |            | c         |            |
|=============================================================================================|
| OS: 22.04.5 LTS (Jammy Jellyfish) ubuntu, Version: 22.04.5, Kernel: 6.8.0-138-generic
| XServer Vendor: The X.Org Foundation, XServer Version: 12101004 (1.21.1.4)
| Processor: AMD Ryzen 5 9600X 6-Core Processor
| Cores: 6 | Logical Cores: 12
|---------------------------------------------------------------------------------------------|
| Total Memory (MB): 31241 | Free Memory: 22076
| Total Page/Swap (MB): 15624 | Free Page/Swap: 15624
|---------------------------------------------------------------------------------------------|
2026-10-08T02:42:47Z [875ms] [Warning] [omni.rtx] CPU performance profile is set to powersave. This profile sets the CPU to the lowest frequency reducing performance.
2026-10-08T02:42:47Z [883ms] [Warning] [omni.rtx] IOMMU is enabled.
[0.986s] [ext: omni.kit.pipapi-0.0.0] startup
[0.987s] [ext: omni.kit.pip_archive-0.0.0] startup
[0.987s] [ext: isaacsim.pip.newton-0.6.1] startup
[0.988s] [ext: omni.pip.compute-1.9.2] startup
[0.988s] [ext: omni.isaac.core_archive-5.3.1] startup
[0.988s] [ext: omni.kit.telemetry-0.5.2] startup
[1.008s] [ext: omni.kit.loop-isaac-1.6.0] startup
[1.009s] [ext: omni.kit.test-2.0.7] startup
[1.061s] [ext: omni.materialx.libs-1.0.9] startup
[1.067s] [ext: omni.gpucompute.plugins-0.0.0] startup
[1.067s] [ext: omni.usd.config-1.0.7] startup
[1.070s] [ext: omni.usd.libs-1.0.3] startup
[1.125s] [ext: omni.iray.libs-0.0.1] startup
[1.128s] [ext: omni.mdl-57.0.3] startup
[1.189s] [ext: omni.mdl.neuraylib-0.2.20] startup
[1.191s] [ext: omni.kit.usd.mdl-1.1.9] startup
[1.276s] [ext: omni.appwindow-1.2.2] startup
[1.277s] [ext: omni.kit.renderer.core-1.2.2] startup
2026-10-08T02:42:53Z [6,487ms] [Warning] [carb.windowing-glfw.gamepad] Joystick with unknown remapping detected (will be ignored):  BEITONG BEITONG A2P3A BFM DONGLE [03000000bc2000001c51000011010000]
[6.518s] [ext: omni.kit.renderer.capture-2.0.1] startup
[6.520s] [ext: omni.kit.renderer.imgui-2.0.6] startup
[6.557s] [ext: omni.ui-3.2.0] startup
[6.564s] [ext: omni.kit.mainwindow-1.0.3] startup
[6.564s] [ext: carb.audio-0.1.0] startup
[6.566s] [ext: omni.uiaudio-1.0.0] startup
[6.567s] [ext: omni.kit.uiapp-0.0.0] startup
[6.567s] [ext: omni.usd.schema.metrics.assembler-110.1.0] startup
[6.569s] [ext: omni.usd.schema.audio-0.0.1] startup
[6.572s] [ext: omni.usd_resolver-1.0.0] startup
[6.574s] [ext: omni.usd.core-1.8.3] startup
[6.576s] [ext: omni.metropolis.schema-0.0.3] startup
[6.577s] [ext: isaacsim.anim.robot.schema-0.1.1] startup
[6.577s] [ext: omni.usd.schema.anim-0.0.1] startup
[6.590s] [ext: omni.usd.schema.geospatial-0.0.1] startup
[6.592s] [ext: omni.usd.schema.omnigraph-1.0.1] startup
[6.596s] [ext: omni.usd.schema.semantics-0.0.0] startup
[6.597s] [ext: omni.activity.core-1.0.3] startup
[6.598s] [ext: omni.cubric-0.1.0] startup
[6.598s] [ext: omni.graph.exec-0.9.6] startup
[6.599s] [ext: omni.hydra.scene_delegate-0.3.5] startup
[6.601s] [ext: usdrt.scenegraph-7.6.3] startup
[6.619s] [ext: omni.hydra.usdrt_delegate-7.5.2] startup
[6.623s] [ext: omni.inspect-1.0.2] startup
[6.624s] [ext: omni.kit.actions.core-1.0.0] startup
[6.625s] [ext: omni.kit.audiodeviceenum-1.0.2] startup
[6.626s] [ext: omni.kit.commands-1.5.0] startup
[6.628s] [ext: omni.kit.exec.core-0.13.5] startup
[6.629s] [ext: omni.kit.usd_undo-0.1.8] startup
[6.629s] [ext: omni.kit.window.popup_dialog-2.0.25] startup
[6.632s] [ext: omni.kit.widget.nucleus_connector-2.3.1] startup
[6.634s] [ext: omni.timeline-1.1.0] startup
[6.635s] [ext: omni.usd-1.16.0] startup
[6.660s] [ext: omni.graph.core-3.1.2] startup
[6.662s] [ext: omni.kit.notification_manager-1.0.11] startup
[6.664s] [ext: isaacsim.core.deprecation_manager-0.4.2] startup
[6.664s] [ext: isaacsim.replicator.agent.schema-0.1.1] startup
[6.665s] [ext: isaacsim.robot.schema-6.3.7] startup
[6.669s] [ext: isaacsim.robot_motion.schema-0.2.1] startup
[6.669s] [ext: omni.anim.behavior.schema-110.1.0] startup
[6.672s] [ext: omni.anim.graph.schema-110.1.1] startup
[6.677s] [ext: omni.anim.navigation.schema-110.1.0] startup
[6.679s] [ext: omni.behavior.tree.schema-110.1.0] startup
[6.679s] [ext: omni.isaac.ml_archive-3.3.0] startup
[6.680s] [ext: omni.kit.asset_converter-6.0.1] startup
[6.688s] [ext: omni.pip.cloud-1.5.4] startup
[6.690s] [ext: omni.usd.schema.flow-110.0.0] startup
[6.690s] [ext: omni.usd.schema.mujoco-1.1.1] startup
[6.691s] [ext: omni.usd.schema.newton-1.2.1] startup
[6.691s] [ext: omni.usd.schema.omni_lens_distortion-1.0.0] startup
[6.692s] [ext: omni.usd.schema.omni_projectors-1.0.0] startup
[6.692s] [ext: omni.usd.schema.omni_sensors-0.0.0] startup
[6.698s] [ext: omni.usd.schema.omniscripting-1.0.1] startup
[6.701s] [ext: omni.usd.schema.physical_lighting-0.1.0] startup
[6.704s] [ext: omni.usd.schema.physx-110.1.13] startup
[6.727s] [ext: omni.usd.schema.render_settings.rtx-1.0.2] startup
[6.729s] [ext: omni.usd.schema.usd_particle_field-1.0.0] startup
[6.730s] [ext: isaacsim.core.version-2.1.1] startup
[6.730s] [ext: omni.kit.menu.core-1.2.0] startup
[6.731s] [ext: omni.kit.menu.utils-2.2.4] startup
[6.736s] [ext: isaacsim.app.about-2.3.1] startup
[6.740s] [ext: isaacsim.asset.transformer-1.2.5] startup
[6.742s] [ext: omni.scene.optimizer.core-110.1.0] startup
[6.773s] [ext: isaacsim.asset.importer.utils-1.8.1] startup
[6.775s] [ext: omni.convexdecomposition-110.1.13] startup
[6.776s] [ext: omni.physics-110.1.13] startup
[6.779s] [ext: omni.physx.gpu-110.1.13] startup
[6.779s] [ext: omni.physx.foundation-110.1.13] startup
[6.780s] [ext: omni.usdphysics-110.1.13] startup
[6.781s] [ext: omni.physx.cooking-110.1.13] startup
[6.783s] [ext: omni.physx-110.1.13] startup
[6.789s] [ext: omni.physics.physx-110.1.13] startup
[6.790s] [ext: isaacsim.asset.exporter.urdf-2.0.5] startup
[6.797s] [ext: omni.kit.clipboard-1.1.1] startup
[6.797s] [ext: omni.kit.usd.layers-2.6.1] startup
[6.802s] [ext: omni.kit.widget.context_menu-1.4.0] startup
[6.804s] [ext: omni.kit.context_menu-1.9.0] startup
[6.805s] [ext: omni.kit.helper.file_utils-0.1.10] startup
[6.806s] [ext: omni.kit.widget.nucleus_info-2.0.2] startup
[6.806s] [ext: omni.kit.search_core-1.0.8] startup
[6.807s] [ext: omni.kit.widget.path_field-2.0.13] startup
[6.807s] [ext: omni.kit.widget.browser_bar-2.0.10] startup
[6.808s] [ext: omni.kit.widget.filebrowser-2.13.4] startup
[6.811s] [ext: omni.kit.widget.options_menu-1.1.6] startup
[6.813s] [ext: omni.kit.widget.options_button-1.0.3] startup
[6.813s] [ext: omni.kit.widget.search_delegate-1.0.9] startup
[6.814s] [ext: omni.ui.scene-2.0.3] startup
[6.817s] [ext: omni.kit.window.filepicker-2.15.5] startup
[6.827s] [ext: omni.kit.window.file_importer-1.1.21] startup
[6.828s] [ext: omni.kit.material.library-3.1.2] startup
[6.832s] [ext: isaacsim.asset.transformer.rules-1.7.10] startup
[6.840s] [ext: omni.usdex.libs-2.2.2] startup
[6.846s] [ext: isaacsim.asset.importer.mjcf-3.10.1] startup
[6.848s] [ext: isaacsim.asset.importer.urdf-3.11.2] startup
[6.851s] [ext: omni.kit.primitive.mesh-1.1.0] startup
[6.853s] [ext: omni.kit.stage_template.core-1.1.22] startup
[6.853s] [ext: omni.kit.stage_templates-2.0.2] startup
[6.854s] [ext: omni.usd.metrics.assembler-110.1.2] startup
[6.856s] [ext: omni.warp.core-1.13.0] startup
[7.043s] [ext: isaacsim.core.experimental.utils-0.17.2] startup
[7.044s] [ext: omni.physics.stageupdate-110.1.13] startup
[7.045s] [ext: omni.physics.tensors-110.1.13] startup
[7.049s] [ext: omni.physx.tensors-110.1.13] startup
[7.052s] [ext: isaacsim.core.simulation_manager-1.15.6] startup
[7.061s] [ext: isaacsim.storage.native-1.9.3] startup
[7.062s] [ext: omni.usd.metrics.assembler.physics-110.1.13] startup
[7.064s] [ext: isaacsim.core.utils-4.1.7] startup
[7.065s] [ext: isaacsim.core.prims-0.11.7] startup
[7.933s] [ext: isaacsim.core.api-5.2.13] startup
[7.939s] [ext: isaacsim.core.cloner-1.7.3] startup
[7.940s] [ext: isaacsim.test.docstring-1.3.2] startup
[7.942s] [ext: isaacsim.core.experimental.prims-1.8.9] startup
[7.961s] [ext: isaacsim.core.experimental.primdata-0.3.2] startup
[7.962s] [ext: omni.graph.tools-1.81.0] startup
[7.980s] [ext: omni.graph-1.142.5] startup
[8.011s] [ext: isaacsim.core.experimental.actuators-0.1.2] startup
[8.023s] [ext: isaacsim.core.experimental.materials-0.7.1] startup
[8.025s] [ext: isaacsim.core.experimental.objects-0.8.1] startup
[8.076s] [ext: omni.hydra.engine.stats-1.0.5] startup
[8.078s] [ext: omni.hydra.rtx.shadercache.vulkan-1.0.0] startup
[8.079s] [ext: omni.index.libs-387500.4413.0] startup
[8.079s] [ext: omni.index-1.0.1] startup
[8.080s] [ext: omni.ujitso.client-0.0.0] startup
[8.080s] [ext: omni.usd.schema.playback-1.0.0] startup
[8.083s] [ext: omni.volume-0.5.2] startup
[8.086s] [ext: omni.hydra.rtx-1.0.4] startup
2026-10-08T02:42:55Z [8,076ms] [Warning] [omni.log] Source: omni.hydra was already registered.
[8.107s] [ext: omni.kit.hydra_texture-1.6.0] startup
[8.110s] [ext: omni.kit.raycast.query-1.2.0] startup
[8.113s] [ext: omni.kit.viewport.legacy_gizmos-1.0.24] startup
[8.115s] [ext: omni.kit.viewport.registry-104.0.6] startup
[8.115s] [ext: omni.kit.viewport.scene_camera_model-1.0.7] startup
[8.118s] [ext: omni.kit.widget.viewport-109.2.0] startup
[8.121s] [ext: omni.kit.window.drop_support-1.0.8] startup
[8.122s] [ext: omni.kit.viewport.window-109.0.2] startup
[8.137s] [ext: omni.kit.viewport.utility-2.0.1] startup
[8.138s] [ext: isaacsim.core.rendering_manager-0.4.3] startup
[8.157s] [ext: omni.graph.action_core-1.1.9] startup
[8.159s] [ext: omni.graph.action_nodes_core-2.11.0] startup
[8.161s] [ext: omni.graph.action_nodes-2.11.0] startup
[8.177s] [ext: omni.graph.action-2.10.2] startup
[8.178s] [ext: omni.graph.image.core-0.6.1] startup
[8.178s] [ext: omni.graph.image.nodes-1.3.1] startup
[8.179s] [ext: omni.graph.nodes_core-2.11.0] startup
[8.183s] [ext: omni.graph.nodes-2.12.0] startup
[8.187s] [ext: omni.kit.hotkeys.core-1.3.12] startup
[8.188s] [ext: omni.kit.property.adapter.core-1.1.1] startup
[8.190s] [ext: omni.kit.property.adapter.usd-1.0.5] startup
[8.191s] [ext: omni.kit.widget.filter-1.1.5] startup
[8.192s] [ext: omni.kit.widget.highlight_label-1.0.3] startup
[8.193s] [ext: omni.kit.widget.searchfield-1.1.8] startup
[8.194s] [ext: omni.kit.window.file_exporter-1.0.36] startup
[8.195s] [ext: omni.kit.widget.stage-4.4.0] startup
[8.202s] [ext: omni.kit.window.content_browser_registry-0.0.6] startup
[8.203s] [ext: omni.kit.window.file-2.0.10] startup
[8.205s] [ext: omni.kit.window.content_browser-3.1.8] startup
[8.213s] [ext: omni.kit.window.property-1.15.1] startup
[8.223s] [ext: omni.kit.property.usd-4.9.4] startup
[8.231s] [ext: omni.graph.scriptnode-2.10.2] startup
[8.238s] [ext: omni.kit.widget.searchable_combobox-1.0.7] startup
[8.239s] [ext: omni.kit.widget.settings-2.0.0] startup
[8.241s] [ext: omni.kit.window.preferences-1.8.3] startup
[8.245s] [ext: omni.kit.viewport.menubar.core-107.2.2] startup
[8.255s] [ext: omni.syntheticdata-0.6.15] startup
[8.277s] [ext: omni.replicator.nv-1.1.1] startup
[8.281s] [ext: omni.videoencoding-0.2.1] startup
[8.283s] [ext: omni.replicator.core-1.13.27] startup
2026-10-08T02:42:55Z [8,268ms] [Warning] [pxr.Semantics] pxr.Semantics is deprecated - please use Semantics instead
2026-10-08T02:42:55Z [8,333ms] [Warning] [omni.replicator.core.scripts.extension] No material configuration file, adding configuration to material settings directly.
[8.479s] [ext: isaacsim.core.nodes-5.10.5] startup
[8.504s] [ext: isaacsim.core.throttling-2.3.5] startup
[8.505s] [ext: omni.kit.manipulator.viewport-107.0.1] startup
[8.506s] [ext: omni.graph.visualization.nodes-2.1.4] startup
[8.518s] [ext: omni.kit.window.extensions-1.5.10] startup
[8.522s] [ext: isaacsim.gui.components-1.8.5] startup
[8.526s] [ext: isaacsim.robot.surface_gripper-3.6.2] startup
[8.535s] [ext: isaacsim.robot.manipulators-3.4.4] startup
[8.544s] [ext: isaacsim.robot_motion.lula-4.1.3] startup
[8.549s] [ext: isaacsim.robot_motion.motion_generation-8.2.9] startup
[8.554s] [ext: isaacsim.cortex.framework-1.0.18] startup
[8.555s] [ext: isaacsim.cortex.behaviors-2.0.17] startup
[8.556s] [ext: isaacsim.examples.base-1.3.2] startup
[8.558s] [ext: omni.kit.widget.zoombar-1.0.7] startup
[8.558s] [ext: omni.kit.browser.core-2.3.18] startup
[8.561s] [ext: omni.kit.browser.folder.core-2.0.2] startup
[8.564s] [ext: omni.kit.widget.stage_icons-1.0.8] startup
[8.565s] [ext: omni.kit.window.stage-2.6.1] startup
[8.568s] [ext: omni.kit.menu.stage-1.2.7] startup
[8.569s] [ext: omni.kit.usd.collect-3.0.6] startup
[8.571s] [ext: omni.kit.widget.prompt-1.0.7] startup
[8.572s] [ext: omni.kit.tool.collect-2.2.19] startup
[8.573s] [ext: isaacsim.examples.browser-0.3.2] startup
[8.575s] [ext: omni.kit.search.files-1.0.4] startup
[8.576s] [ext: omni.kit.widget.calendar-1.0.9] startup
[8.577s] [ext: omni.kit.widget.extended_searchfield-1.0.31] startup
[8.583s] [ext: omni.simready.content.browser-0.3.7] startup
[8.667s] [ext: isaacsim.gui.content_browser-0.4.3] startup
[8.669s] [ext: omni.kit.selection-0.1.6] startup
[8.671s] [ext: isaacsim.gui.menu-2.10.5] startup
[8.677s] [ext: isaacsim.gui.property-1.6.4] startup
[8.683s] [ext: omni.kit.viewport.actions-110.0.0] startup
[8.686s] [ext: omni.kit.viewport.menubar.display-107.1.3] startup
[8.688s] [ext: isaacsim.gui.sensors.icon-2.2.1] startup
[8.690s] [ext: omni.behavior.scripting.core-110.1.0] startup
[8.693s] [ext: isaacsim.replicator.behavior-1.5.4] startup
[8.693s] [ext: isaacsim.replicator.experimental.domain_randomization-1.2.5] startup
[8.706s] [ext: isaacsim.replicator.domain_randomization-1.2.2] startup
[8.772s] [ext: isaacsim.replicator.writers-1.5.4] startup
[8.794s] [ext: isaacsim.robot.experimental.wheeled_robots-0.2.11] startup
[8.813s] [ext: isaacsim.robot.policy.examples-5.2.12] startup
[8.830s] [ext: isaacsim.robot.wheeled_robots-5.2.4] startup
[8.833s] [ext: isaacsim.robot.wheeled_robots.nodes-0.1.5] startup
[8.848s] [ext: isaacsim.robot_motion.experimental.motion_generation-6.1.3] startup
[8.858s] [ext: isaacsim.robot_motion.cumotion-1.3.1] startup
[8.870s] [ext: omni.kit.numpy.common-0.1.3] startup
[8.871s] [ext: isaacsim.sensors.camera-1.7.9] startup
[8.897s] [ext: isaacsim.sensors.experimental.physics-3.0.2] startup
[8.903s] [ext: omni.sensors.net-1.0.1] startup
[8.905s] [ext: omni.sensors.nv.common-3.0.0] startup
[8.914s] [ext: omni.sensors.nv.materials-2.0.0] startup
[8.916s] [ext: omni.sensors.nv.acoustic-3.0.0] startup
[8.918s] [ext: omni.sensors.nv.ids-2.0.1] startup
[8.920s] [ext: omni.sensors.nv.lidar-3.0.0] startup
[8.923s] [ext: omni.sensors.nv.radar-3.0.0] startup
[8.925s] [ext: isaacsim.sensors.experimental.rtx-1.4.6] startup
[9.143s] [ext: isaacsim.sensors.physics.nodes-1.5.3] startup
[9.149s] [ext: isaacsim.util.debug_draw-3.2.3] startup
[9.153s] [ext: isaacsim.sensors.physx-2.5.5] startup
[9.159s] [ext: isaacsim.sensors.rtx-15.17.1] startup
[9.167s] [ext: isaacsim.simulation_app-2.18.4] startup
[9.168s] [ext: omni.anim.curve.core-1.6.0] startup
[9.176s] [ext: omni.graph.ui_nodes-2.11.1] startup
[9.195s] [ext: omni.hydra.scene_api-0.1.3] startup
[9.199s] [ext: omni.kit.manipulator.camera-110.0.0] startup
[9.202s] [ext: omni.kit.manipulator.selector-1.1.4] startup
[9.203s] [ext: omni.kit.manipulator.transform-107.0.0] startup
[9.206s] [ext: omni.kit.widget.toolbar-2.1.0] startup
[9.211s] [ext: omni.kit.manipulator.tool.snap-1.5.14] startup
[9.215s] [ext: omni.kit.viewport.manipulator.transform-107.0.4] startup
[9.216s] [ext: omni.kit.manipulator.prim.core-108.0.2] startup
[9.221s] [ext: omni.kit.manipulator.prim.usd-107.0.3] startup
[9.222s] [ext: omni.kit.manipulator.prim-108.0.0] startup
[9.222s] [ext: omni.kit.manipulator.selection-109.0.1] startup
[9.223s] [ext: omni.kit.menu.create-2.0.2] startup
[9.224s] [ext: omni.kit.property.audio-1.0.16] startup
[9.227s] [ext: omni.kit.property.camera-1.0.14] startup
[9.228s] [ext: omni.kit.property.geometry-2.1.2] startup
[9.231s] [ext: omni.kit.property.light-1.0.14] startup
2026-10-08T02:42:56Z [9,230ms] [Warning] [omni.usd] Encountered USD Warnings but USD Diagnostics are currently muted. To view USD Warnings, please set the '/persistent/app/usd/muteUsdDiagnostics' setting to false in Preferences page.
[9.257s] [ext: omni.kit.property.material-1.14.6] startup
[9.262s] [ext: omni.kit.property.render-1.2.2] startup
[9.263s] [ext: omni.kit.property.transform-1.6.9] startup
[9.266s] [ext: omni.kit.property.bundle-1.5.1] startup
[9.267s] [ext: omni.kit.usdz_export-1.1.0] startup
[9.269s] [ext: omni.kit.tool.asset_importer-6.0.1] startup
[9.274s] [ext: omni.kit.ui.actions-1.0.5] startup
[9.275s] [ext: omni.kit.viewport.menubar.camera-107.0.10] startup
[9.279s] [ext: omni.kit.viewport.menubar.lighting-107.3.2] startup
[9.281s] [ext: omni.kit.viewport.menubar.render-110.0.0] startup
[9.283s] [ext: omni.kit.viewport.menubar.settings-110.0.1] startup
[9.286s] [ext: omni.kit.window.console-1.1.9] startup
[9.289s] [ext: omni.kit.window.status_bar-0.1.11] startup
[9.291s] [ext: omni.kit.window.toolbar-3.0.3] startup
[9.293s] [ext: omni.ocio-0.1.1] startup
[9.294s] [ext: omni.physx.commands-110.1.13] startup
[9.297s] [ext: omni.replicator.replicator_yaml-2.0.12] startup
[9.305s] [ext: omni.rtx.window.settings-0.8.0] startup
[9.309s] [ext: omni.rtx.settings.core-0.7.1] startup
[9.311s] [ext: omni.usd.metrics.assembler.ui-110.1.1] startup
[9.317s] [ext: semantics.schema.editor-2.0.2] startup
[9.319s] [ext: semantics.schema.property-2.0.2] startup
[9.321s] [ext: omni.kit.menu.common-2.0.2] startup
[9.322s] [ext: isaacsim.exp.base-6.0.1] startup
[9.322s] [ext: isaacsim.exp.base.python-6.0.1] startup
[9.323s] Simulation App Starting
[10.358s] Simulation App Startup Complete
[10.363s] app ready
Starting kit application with the following args:  ['/home/starry/isaac-data/isaacsim/exts/isaacsim.simulation_app/isaacsim/simulation_app/simulation_app.py', '/home/starry/isaac-data/isaacsim/apps/isaacsim.exp.base.python.kit', '--/app/tokens/exe-path=/home/starry/isaac-data/isaacsim/kit', '--/persistent/app/viewport/displayOptions=3094', '--/rtx/materialDb/syncLoads=True', '--/rtx/hydra/materialSyncLoads=True', '--/omni/kit/plugin/syncUsdLoads=True', '--/app/renderer/resolution/width=1280', '--/app/renderer/resolution/height=720', '--/app/window/width=1440', '--/app/window/height=900', '--/renderer/multiGpu/enabled=False', '--/app/fastShutdown=True', '--/app/installSignalHandlers=0', '--ext-folder', '/home/starry/isaac-data/isaacsim/exts', '--ext-folder', '/home/starry/isaac-data/isaacsim/apps', '--/renderer/activeGpu=0', '--/physics/cudaDevice=0', '--/plugins/carb.tasking.plugin/threadCount=12', '--/plugins/omni.tbb.globalcontrol/maxThreadCount=12', '--portable', '--no-window', '--/app/window/hideUi=1']
Passing the following args to the base kit application:  []
Warp 1.13.0 initialized:
   CUDA Toolkit 12.9, Driver 13.0
   Devices:
     "cpu"      : "x86_64"
     "cuda:0"   : "NVIDIA GeForce RTX 5070" (11 GiB, sm_120, mempool enabled)
   Kernel cache:
     /home/starry/.cache/warp/1.13.0
[LIGHTING] sun=800.0 (1) dome=0.0 (1) ambient=0.05 constant_color=(0.6, 0.65, 0.7)
[RENDER] mode=MinimalRendering minimal_shading_mode=2 anti_aliasing=TAA
[DEPTH CAMERAS] count=4 resolution_each=320x240 horizontal_coverage=360deg
[ESDF] path=/home/starry/isaac-data/EGO1P5/scenes/ego_swarm_cloud/occupancy.bin shape=(400, 300, 50) resolution=0.40m
[depth_angular_controller-1] [INFO] [1791427379.642935665] [depth_angular_controller]: WAITING_ODOMETRY
[NAV] t=0.0s position=(-64.00,-11.20,2.80) yaw=0.0deg command=(0.00,0.00,0.00) manual_active=0 collision_blocks=0
[depth_angular_controller-1] [INFO] [1791427380.026873534] [depth_angular_controller]: VERIFIED_FREE_SEED center=(-64.000,-11.200,2.800) radius=2.500 balls=1: verified fixed Cloud free ball; USD and occupancy SHA-256 matched
[depth_angular_controller-1] [INFO] [1791427380.027003819] [depth_angular_controller]: ZERO_INTENT
[depth_angular_controller-1] [INFO] [1791427380.935472155] [depth_angular_controller]: OMNI_DEPTH views=4 azimuth_bins=180 elevation_bins=37 valid=1 certificates=1 short=0 held=0 local_candidates=0 yaw=0.00
[depth_angular_controller-1] [INFO] [1791427380.935557556] [depth_angular_controller]: DEPTH_PROPOSAL_CERTIFIED
[depth_angular_controller-1] [INFO] [1791427380.935563988] [depth_angular_controller]: PAPER_BUILD reason=FULL_MOTION_CERTIFICATE required=0.0000 best=0.0000 free=0 refined=0 tubes=0 revoked_tubes=0 proofs=0
[depth_angular_controller-1] [INFO] [1791427380.935570731] [depth_angular_controller]: PAPER_EVIDENCE retained=4 balls=1 revoked_balls=0 expired_views=0 evicted_views=0 radius=0.580 clearance=0.000 best_prefix=0.000
[depth_angular_controller-1] [INFO] [1791427382.062148533] [depth_angular_controller]: OMNI_DEPTH views=4 azimuth_bins=180 elevation_bins=37 valid=1 certificates=1 short=0 held=0 local_candidates=0 yaw=-0.08
[depth_angular_controller-1] [INFO] [1791427382.062242950] [depth_angular_controller]: PAPER_BUILD reason=FULL_MOTION_CERTIFICATE required=0.0000 best=0.0000 free=0 refined=0 tubes=1 revoked_tubes=0 proofs=48
[depth_angular_controller-1] [INFO] [1791427382.062250875] [depth_angular_controller]: PAPER_EVIDENCE retained=8 balls=4 revoked_balls=0 expired_views=0 evicted_views=0 radius=0.580 clearance=0.000 best_prefix=0.000
[depth_angular_controller-1] [INFO] [1791427383.075871866] [depth_angular_controller]: OMNI_DEPTH views=4 azimuth_bins=180 elevation_bins=37 valid=1 certificates=1 short=0 held=0 local_candidates=0 yaw=0.16
[depth_angular_controller-1] [INFO] [1791427383.075961704] [depth_angular_controller]: PAPER_BUILD reason=FULL_MOTION_CERTIFICATE required=0.0000 best=0.0000 free=0 refined=0 tubes=3 revoked_tubes=0 proofs=103
[depth_angular_controller-1] [INFO] [1791427383.075968918] [depth_angular_controller]: PAPER_EVIDENCE retained=12 balls=9 revoked_balls=0 expired_views=0 evicted_views=0 radius=0.580 clearance=0.000 best_prefix=0.000
[10.887s] [ext: isaacsim.sensors.rtx.nodes-0.1.2] startup
[10.895s] [ext: isaacsim.ros2.core-1.9.4] startup
[10.909s] Attempting to load system rclpy
[10.909s] Could not import system rclpy: No module named 'rclpy'
[10.909s] Attempting to load internal rclpy for ROS Distro: humble
[10.920s] rclpy loaded
[10.923s] [ext: isaacsim.ros2.nodes-1.18.13] startup
[10.957s] [ext: isaacsim.ros2.examples-1.2.4] startup
[10.961s] [ext: isaacsim.ros2.ui-1.6.5] startup
[11.174s] [ext: isaacsim.ros2.bridge-5.1.2] startup
2026-10-08T02:43:00Z [13,095ms] [Warning] [omni.timeline.plugin] Deprecated: direct use of ITimeline callbacks is deprecated. Use ITimeline::getTimeline (Python: omni.timeline.get_timeline_interface) instead.
[depth_angular_controller-1] [INFO] [1791427384.234327546] [depth_angular_controller]: OMNI_DEPTH views=4 azimuth_bins=180 elevation_bins=37 valid=1 certificates=1 short=0 held=1 local_candidates=0 yaw=12.00
[depth_angular_controller-1] [INFO] [1791427384.234473601] [depth_angular_controller]: PAPER_BUILD reason=FULL_MOTION_CERTIFICATE required=0.0000 best=0.0000 free=0 refined=0 tubes=4 revoked_tubes=0 proofs=128
[depth_angular_controller-1] [INFO] [1791427384.234480754] [depth_angular_controller]: PAPER_EVIDENCE retained=16 balls=15 revoked_balls=0 expired_views=0 evicted_views=0 radius=0.580 clearance=0.000 best_prefix=0.000
[depth_angular_controller-1] [INFO] [1791427385.029196874] [depth_angular_controller]: [PERF CTRL] run=p5_retain_20261008_jitter_jitter_combined_3 elapsed=18.73s callbacks=292 commands=291 guidance=231 command_fps(ros/wall)=60.00/57.97 guidance_wall_fps=56.18 avoid_ms(mean/p50/p95/max)=0.214/0.160/0.248/2.385 cycle_ms(mean/p95/max)=17.249/20.887/78.442 depth_to_cmd_ms(mean/p95/max)=38.312/66.667/83.333 callback_to_publish_ms(mean/p95/max)=1.489/3.543/13.446
[depth_angular_controller-1] [INFO] [1791427385.029259842] [depth_angular_controller]: EVIDENCE_COST ingest(mean/p95/max)=1.208/3.067/13.380 record=0.011/0.016/0.034 ms
[depth_angular_controller-1] [INFO] [1791427385.029266866] [depth_angular_controller]: EVIDENCE_PHASE per_view_mean_ms balls=0.068 tubes=0.009 history=0.199 eviction=0.000
[position_cmd_to_twist-2] [INFO] [1791427385.118574082] [position_cmd_to_twist]: [PERF BRIDGE] run=p5_retain_20261008_jitter_jitter_combined_3 elapsed=18.70s received=295 published=295 fps(ros/wall)=60.00/58.02 controller_to_bridge_ms(mean/p50/p95/max)=0.000/0.000/0.000/0.000 bridge_process_ms(mean/p95/max)=0.091/0.127/0.269
[NAV] t=5.0s position=(-61.30,-11.10,2.70) yaw=34.5deg command=(0.76,0.15,-0.18) manual_active=1 collision_blocks=0
[depth_angular_controller-1] [INFO] [1791427385.195633140] [depth_angular_controller]: OMNI_DEPTH views=4 azimuth_bins=180 elevation_bins=37 valid=1 certificates=1 short=0 held=0 local_candidates=0 yaw=28.00
[depth_angular_controller-1] [INFO] [1791427385.195760940] [depth_angular_controller]: PAPER_BUILD reason=FULL_MOTION_CERTIFICATE required=0.0000 best=0.0000 free=0 refined=0 tubes=6 revoked_tubes=0 proofs=128
[depth_angular_controller-1] [INFO] [1791427385.195766551] [depth_angular_controller]: PAPER_EVIDENCE retained=16 balls=20 revoked_balls=0 expired_views=0 evicted_views=4 radius=0.580 clearance=0.000 best_prefix=0.000
[depth_angular_controller-1] [INFO] [1791427386.264920255] [depth_angular_controller]: OMNI_DEPTH views=4 azimuth_bins=180 elevation_bins=37 valid=1 certificates=1 short=0 held=1 local_candidates=0 yaw=30.00
[depth_angular_controller-1] [INFO] [1791427386.265054777] [depth_angular_controller]: PAPER_BUILD reason=FULL_MOTION_CERTIFICATE required=0.0000 best=0.0000 free=0 refined=0 tubes=8 revoked_tubes=0 proofs=128
[depth_angular_controller-1] [INFO] [1791427386.265061751] [depth_angular_controller]: PAPER_EVIDENCE retained=16 balls=26 revoked_balls=0 expired_views=0 evicted_views=8 radius=0.580 clearance=0.000 best_prefix=0.000
[depth_angular_controller-1] [INFO] [1791427387.302111191] [depth_angular_controller]: OMNI_DEPTH views=4 azimuth_bins=180 elevation_bins=37 valid=1 certificates=1 short=0 held=1 local_candidates=0 yaw=22.00
[depth_angular_controller-1] [INFO] [1791427387.302223642] [depth_angular_controller]: PAPER_BUILD reason=FULL_MOTION_CERTIFICATE required=0.0000 best=0.0000 free=0 refined=0 tubes=10 revoked_tubes=0 proofs=128
[depth_angular_controller-1] [INFO] [1791427387.302229273] [depth_angular_controller]: PAPER_EVIDENCE retained=16 balls=31 revoked_balls=0 expired_views=0 evicted_views=12 radius=0.580 clearance=0.000 best_prefix=0.000
[depth_angular_controller-1] [INFO] [1791427388.347482610] [depth_angular_controller]: OMNI_DEPTH views=4 azimuth_bins=180 elevation_bins=37 valid=1 certificates=1 short=0 held=0 local_candidates=0 yaw=-0.43
[depth_angular_controller-1] [INFO] [1791427388.347619478] [depth_angular_controller]: PAPER_BUILD reason=FULL_MOTION_CERTIFICATE required=0.0000 best=0.0000 free=0 refined=0 tubes=12 revoked_tubes=0 proofs=128
[depth_angular_controller-1] [INFO] [1791427388.347627763] [depth_angular_controller]: PAPER_EVIDENCE retained=16 balls=32 revoked_balls=0 expired_views=0 evicted_views=16 radius=0.580 clearance=0.000 best_prefix=0.000
[depth_angular_controller-1] [INFO] [1791427389.328776899] [depth_angular_controller]: OMNI_DEPTH views=4 azimuth_bins=180 elevation_bins=37 valid=1 certificates=1 short=0 held=0 local_candidates=0 yaw=0.45
[depth_angular_controller-1] [INFO] [1791427389.328929877] [depth_angular_controller]: PAPER_BUILD reason=FULL_MOTION_CERTIFICATE required=0.0000 best=0.0000 free=0 refined=0 tubes=14 revoked_tubes=0 proofs=128
[depth_angular_controller-1] [INFO] [1791427389.328937571] [depth_angular_controller]: PAPER_EVIDENCE retained=16 balls=32 revoked_balls=0 expired_views=0 evicted_views=20 radius=0.580 clearance=0.000 best_prefix=0.000
[depth_angular_controller-1] [INFO] [1791427390.035374808] [depth_angular_controller]: [PERF CTRL] run=p5_retain_20261008_jitter_jitter_combined_3 elapsed=23.74s callbacks=585 commands=584 guidance=524 command_fps(ros/wall)=60.00/58.25 guidance_wall_fps=57.47 avoid_ms(mean/p50/p95/max)=0.387/0.219/2.442/3.031 cycle_ms(mean/p95/max)=17.167/20.813/78.442 depth_to_cmd_ms(mean/p95/max)=38.454/66.667/83.333 callback_to_publish_ms(mean/p95/max)=2.046/4.963/13.446
[depth_angular_controller-1] [INFO] [1791427390.035460088] [depth_angular_controller]: EVIDENCE_COST ingest(mean/p95/max)=1.590/4.195/13.380 record=0.013/0.017/0.115 ms
[depth_angular_controller-1] [INFO] [1791427390.035467632] [depth_angular_controller]: EVIDENCE_PHASE per_view_mean_ms balls=0.072 tubes=0.011 history=0.290 eviction=0.001
[position_cmd_to_twist-2] [INFO] [1791427390.234317092] [position_cmd_to_twist]: [PERF BRIDGE] run=p5_retain_20261008_jitter_jitter_combined_3 elapsed=23.83s received=595 published=595 fps(ros/wall)=60.00/58.29 controller_to_bridge_ms(mean/p50/p95/max)=0.000/0.000/0.000/0.000 bridge_process_ms(mean/p95/max)=0.090/0.120/0.349
[NAV] t=10.0s position=(-57.52,-10.26,2.33) yaw=77.5deg command=(0.80,0.00,0.00) manual_active=1 collision_blocks=0
[depth_angular_controller-1] [INFO] [1791427390.318156523] [depth_angular_controller]: OMNI_DEPTH views=4 azimuth_bins=180 elevation_bins=37 valid=1 certificates=1 short=0 held=0 local_candidates=0 yaw=-0.46
[depth_angular_controller-1] [INFO] [1791427390.318285906] [depth_angular_controller]: PAPER_BUILD reason=FULL_MOTION_CERTIFICATE required=0.0000 best=0.0000 free=0 refined=0 tubes=15 revoked_tubes=0 proofs=128
[depth_angular_controller-1] [INFO] [1791427390.318291787] [depth_angular_controller]: PAPER_EVIDENCE retained=16 balls=32 revoked_balls=0 expired_views=0 evicted_views=24 radius=0.580 clearance=0.000 best_prefix=0.000
[depth_angular_controller-1] [INFO] [1791427391.439887496] [depth_angular_controller]: OMNI_DEPTH views=4 azimuth_bins=180 elevation_bins=37 valid=1 certificates=1 short=0 held=1 local_candidates=0 yaw=16.00
[depth_angular_controller-1] [INFO] [1791427391.440027399] [depth_angular_controller]: PAPER_BUILD reason=FULL_MOTION_CERTIFICATE required=0.0000 best=0.0000 free=0 refined=0 tubes=17 revoked_tubes=0 proofs=128
[depth_angular_controller-1] [INFO] [1791427391.440032569] [depth_angular_controller]: PAPER_EVIDENCE retained=16 balls=32 revoked_balls=0 expired_views=0 evicted_views=28 radius=0.580 clearance=0.000 best_prefix=0.000
[depth_angular_controller-1] [INFO] [1791427392.559128029] [depth_angular_controller]: OMNI_DEPTH views=4 azimuth_bins=180 elevation_bins=37 valid=1 certificates=1 short=0 held=0 local_candidates=0 yaw=26.00
[depth_angular_controller-1] [INFO] [1791427392.559269405] [depth_angular_controller]: PAPER_BUILD reason=FULL_MOTION_CERTIFICATE required=0.0000 best=0.0000 free=0 refined=0 tubes=19 revoked_tubes=0 proofs=128
[depth_angular_controller-1] [INFO] [1791427392.559275536] [depth_angular_controller]: PAPER_EVIDENCE retained=16 balls=32 revoked_balls=0 expired_views=0 evicted_views=32 radius=0.580 clearance=0.000 best_prefix=0.000
[depth_angular_controller-1] [INFO] [1791427393.759308473] [depth_angular_controller]: OMNI_DEPTH views=4 azimuth_bins=180 elevation_bins=37 valid=1 certificates=1 short=0 held=0 local_candidates=0 yaw=22.00
[depth_angular_controller-1] [INFO] [1791427393.759437496] [depth_angular_controller]: PAPER_BUILD reason=FULL_MOTION_CERTIFICATE required=0.0000 best=0.0000 free=0 refined=0 tubes=21 revoked_tubes=0 proofs=128
[depth_angular_controller-1] [INFO] [1791427393.759442726] [depth_angular_controller]: PAPER_EVIDENCE retained=16 balls=32 revoked_balls=0 expired_views=0 evicted_views=36 radius=0.580 clearance=0.000 best_prefix=0.000
[depth_angular_controller-1] [INFO] [1791427394.766223772] [depth_angular_controller]: OMNI_DEPTH views=4 azimuth_bins=180 elevation_bins=37 valid=1 certificates=1 short=0 held=0 local_candidates=0 yaw=-0.34
[depth_angular_controller-1] [INFO] [1791427394.766388692] [depth_angular_controller]: PAPER_BUILD reason=FULL_MOTION_CERTIFICATE required=0.0000 best=0.0000 free=0 refined=0 tubes=22 revoked_tubes=0 proofs=128
[depth_angular_controller-1] [INFO] [1791427394.766404802] [depth_angular_controller]: PAPER_EVIDENCE retained=16 balls=32 revoked_balls=0 expired_views=0 evicted_views=40 radius=0.580 clearance=0.000 best_prefix=0.000
[depth_angular_controller-1] [INFO] [1791427395.047716755] [depth_angular_controller]: [PERF CTRL] run=p5_retain_20261008_jitter_jitter_combined_3 elapsed=28.75s callbacks=859 commands=858 guidance=798 command_fps(ros/wall)=60.00/57.05 guidance_wall_fps=56.48 avoid_ms(mean/p50/p95/max)=0.533/0.225/2.389/3.031 cycle_ms(mean/p95/max)=17.527/21.613/81.999 depth_to_cmd_ms(mean/p95/max)=37.719/66.667/83.333 callback_to_publish_ms(mean/p95/max)=2.531/6.105/13.446
[depth_angular_controller-1] [INFO] [1791427395.047823566] [depth_angular_controller]: EVIDENCE_COST ingest(mean/p95/max)=1.926/4.668/13.380 record=0.018/0.022/0.225 ms
[depth_angular_controller-1] [INFO] [1791427395.047832593] [depth_angular_controller]: EVIDENCE_PHASE per_view_mean_ms balls=0.076 tubes=0.026 history=0.356 eviction=0.001
[position_cmd_to_twist-2] [INFO] [1791427395.693531994] [position_cmd_to_twist]: [PERF BRIDGE] run=p5_retain_20261008_jitter_jitter_combined_3 elapsed=29.29s received=895 published=895 fps(ros/wall)=60.00/57.11 controller_to_bridge_ms(mean/p50/p95/max)=0.000/0.000/0.000/0.000 bridge_process_ms(mean/p95/max)=0.088/0.115/0.349
[NAV] t=15.0s position=(-53.74,-9.36,1.94) yaw=120.3deg command=(0.78,0.01,-0.00) manual_active=0 collision_blocks=0
[depth_angular_controller-1] [INFO] [1791427395.785669159] [depth_angular_controller]: ZERO_INTENT
[depth_angular_controller-1] [INFO] [1791427397.684034641] [depth_angular_controller]: OMNI_DEPTH views=4 azimuth_bins=180 elevation_bins=37 valid=1 certificates=1 short=0 held=0 local_candidates=0 yaw=0.00
[depth_angular_controller-1] [INFO] [1791427397.684123798] [depth_angular_controller]: DEPTH_PROPOSAL_CERTIFIED
[depth_angular_controller-1] [INFO] [1791427397.684128908] [depth_angular_controller]: PAPER_BUILD reason=FULL_MOTION_CERTIFICATE required=0.0000 best=0.0000 free=0 refined=0 tubes=25 revoked_tubes=0 proofs=128
[depth_angular_controller-1] [INFO] [1791427397.684133216] [depth_angular_controller]: PAPER_EVIDENCE retained=16 balls=32 revoked_balls=0 expired_views=0 evicted_views=51 radius=0.580 clearance=0.000 best_prefix=0.000
[depth_angular_controller-1] [INFO] [1791427398.715461655] [depth_angular_controller]: OMNI_DEPTH views=4 azimuth_bins=180 elevation_bins=37 valid=1 certificates=1 short=0 held=0 local_candidates=0 yaw=5.73
[depth_angular_controller-1] [INFO] [1791427398.715592881] [depth_angular_controller]: PAPER_BUILD reason=FULL_MOTION_CERTIFICATE required=0.0000 best=0.0000 free=0 refined=0 tubes=25 revoked_tubes=0 proofs=128
[depth_angular_controller-1] [INFO] [1791427398.715598472] [depth_angular_controller]: PAPER_EVIDENCE retained=16 balls=32 revoked_balls=0 expired_views=0 evicted_views=55 radius=0.580 clearance=0.000 best_prefix=0.000
[depth_angular_controller-1] [INFO] [1791427399.925401039] [depth_angular_controller]: OMNI_DEPTH views=4 azimuth_bins=180 elevation_bins=37 valid=1 certificates=1 short=0 held=0 local_candidates=0 yaw=11.46
[depth_angular_controller-1] [INFO] [1791427399.925530593] [depth_angular_controller]: PAPER_BUILD reason=FULL_MOTION_CERTIFICATE required=0.0000 best=0.0000 free=0 refined=0 tubes=27 revoked_tubes=0 proofs=128
[depth_angular_controller-1] [INFO] [1791427399.925535692] [depth_angular_controller]: PAPER_EVIDENCE retained=16 balls=32 revoked_balls=0 expired_views=0 evicted_views=59 radius=0.580 clearance=0.000 best_prefix=0.000
[depth_angular_controller-1] [INFO] [1791427400.060940751] [depth_angular_controller]: [PERF CTRL] run=p5_retain_20261008_jitter_jitter_combined_3 elapsed=33.77s callbacks=1150 commands=1149 guidance=969 command_fps(ros/wall)=60.00/57.30 guidance_wall_fps=50.61 avoid_ms(mean/p50/p95/max)=0.475/0.224/2.331/3.031 cycle_ms(mean/p95/max)=17.451/21.937/81.999 depth_to_cmd_ms(mean/p95/max)=37.049/66.667/83.333 callback_to_publish_ms(mean/p95/max)=2.696/6.238/13.446
[depth_angular_controller-1] [INFO] [1791427400.061053923] [depth_angular_controller]: EVIDENCE_COST ingest(mean/p95/max)=2.195/5.438/13.380 record=0.017/0.018/0.225 ms
[depth_angular_controller-1] [INFO] [1791427400.061059273] [depth_angular_controller]: EVIDENCE_PHASE per_view_mean_ms balls=0.080 tubes=0.026 history=0.418 eviction=0.001
[position_cmd_to_twist-2] [INFO] [1791427400.866966635] [position_cmd_to_twist]: [PERF BRIDGE] run=p5_retain_20261008_jitter_jitter_combined_3 elapsed=34.46s received=1195 published=1195 fps(ros/wall)=60.00/57.33 controller_to_bridge_ms(mean/p50/p95/max)=0.000/0.000/0.000/0.000 bridge_process_ms(mean/p95/max)=0.087/0.113/0.351
[NAV] t=20.0s position=(-52.04,-9.16,1.94) yaw=94.4deg command=(0.58,0.15,0.00) manual_active=1 collision_blocks=0
[depth_angular_controller-1] [INFO] [1791427400.957209790] [depth_angular_controller]: OMNI_DEPTH views=4 azimuth_bins=180 elevation_bins=37 valid=1 certificates=1 short=0 held=0 local_candidates=0 yaw=17.19
[depth_angular_controller-1] [INFO] [1791427400.957352488] [depth_angular_controller]: PAPER_BUILD reason=FULL_MOTION_CERTIFICATE required=0.0000 best=0.0000 free=0 refined=0 tubes=28 revoked_tubes=0 proofs=128
[depth_angular_controller-1] [INFO] [1791427400.957359231] [depth_angular_controller]: PAPER_EVIDENCE retained=16 balls=32 revoked_balls=0 expired_views=0 evicted_views=63 radius=0.580 clearance=0.000 best_prefix=0.000
[depth_angular_controller-1] [INFO] [1791427401.996860780] [depth_angular_controller]: OMNI_DEPTH views=4 azimuth_bins=180 elevation_bins=37 valid=1 certificates=1 short=0 held=0 local_candidates=0 yaw=22.92
[depth_angular_controller-1] [INFO] [1791427401.997004600] [depth_angular_controller]: PAPER_BUILD reason=FULL_MOTION_CERTIFICATE required=0.0000 best=0.0000 free=0 refined=0 tubes=29 revoked_tubes=0 proofs=128
[depth_angular_controller-1] [INFO] [1791427401.997012004] [depth_angular_controller]: PAPER_EVIDENCE retained=16 balls=32 revoked_balls=0 expired_views=0 evicted_views=67 radius=0.580 clearance=0.000 best_prefix=0.000
[depth_angular_controller-1] [INFO] [1791427403.104150263] [depth_angular_controller]: OMNI_DEPTH views=4 azimuth_bins=180 elevation_bins=37 valid=1 certificates=1 short=0 held=0 local_candidates=0 yaw=28.65
[depth_angular_controller-1] [INFO] [1791427403.104265209] [depth_angular_controller]: PAPER_BUILD reason=FULL_MOTION_CERTIFICATE required=0.0000 best=0.0000 free=0 refined=0 tubes=30 revoked_tubes=0 proofs=128
[depth_angular_controller-1] [INFO] [1791427403.104269998] [depth_angular_controller]: PAPER_EVIDENCE retained=16 balls=32 revoked_balls=0 expired_views=0 evicted_views=71 radius=0.580 clearance=0.000 best_prefix=0.000
[depth_angular_controller-1] [INFO] [1791427404.223790707] [depth_angular_controller]: OMNI_DEPTH views=4 azimuth_bins=180 elevation_bins=37 valid=1 certificates=1 short=0 held=0 local_candidates=0 yaw=180.00
[depth_angular_controller-1] [INFO] [1791427404.223877250] [depth_angular_controller]: INTENT_REVERSAL_BRAKE
[depth_angular_controller-1] [INFO] [1791427404.223882259] [depth_angular_controller]: PAPER_BUILD reason= required=0.0000 best=0.0000 free=0 refined=0 tubes=31 revoked_tubes=0 proofs=128
[depth_angular_controller-1] [INFO] [1791427404.223886998] [depth_angular_controller]: PAPER_EVIDENCE retained=16 balls=32 revoked_balls=0 expired_views=0 evicted_views=75 radius=0.580 clearance=0.000 best_prefix=0.000
[depth_angular_controller-1] [INFO] [1791427404.922876027] [depth_angular_controller]: DEPTH_PROPOSAL_CERTIFIED
[depth_angular_controller-1] [INFO] [1791427405.072559349] [depth_angular_controller]: [PERF CTRL] run=p5_retain_20261008_jitter_jitter_combined_3 elapsed=38.78s callbacks=1421 commands=1420 guidance=1240 command_fps(ros/wall)=60.00/56.66 guidance_wall_fps=51.33 avoid_ms(mean/p50/p95/max)=0.414/0.219/2.205/3.031 cycle_ms(mean/p95/max)=17.650/22.274/83.484 depth_to_cmd_ms(mean/p95/max)=36.116/66.667/83.333 callback_to_publish_ms(mean/p95/max)=2.806/6.330/13.446
[depth_angular_controller-1] [INFO] [1791427405.072705493] [depth_angular_controller]: EVIDENCE_COST ingest(mean/p95/max)=2.347/5.787/13.380 record=0.016/0.018/0.225 ms
[depth_angular_controller-1] [INFO] [1791427405.072712637] [depth_angular_controller]: EVIDENCE_PHASE per_view_mean_ms balls=0.083 tubes=0.033 history=0.447 eviction=0.001
[depth_angular_controller-1] [INFO] [1791427405.443526492] [depth_angular_controller]: OMNI_DEPTH views=4 azimuth_bins=180 elevation_bins=37 valid=1 certificates=1 short=0 held=0 local_candidates=0 yaw=180.00
[depth_angular_controller-1] [INFO] [1791427405.443642841] [depth_angular_controller]: PAPER_BUILD reason=FULL_MOTION_CERTIFICATE required=0.0000 best=0.0000 free=0 refined=0 tubes=33 revoked_tubes=0 proofs=128
[depth_angular_controller-1] [INFO] [1791427405.443650455] [depth_angular_controller]: PAPER_EVIDENCE retained=16 balls=32 revoked_balls=0 expired_views=0 evicted_views=78 radius=0.580 clearance=0.000 best_prefix=0.000
[position_cmd_to_twist-2] [INFO] [1791427406.454549811] [position_cmd_to_twist]: [PERF BRIDGE] run=p5_retain_20261008_jitter_jitter_combined_3 elapsed=40.05s received=1495 published=1495 fps(ros/wall)=60.00/56.56 controller_to_bridge_ms(mean/p50/p95/max)=0.000/0.000/0.000/0.000 bridge_process_ms(mean/p95/max)=0.086/0.110/0.351
[NAV] t=25.0s position=(-50.84,-8.37,1.94) yaw=68.8deg command=(-0.59,-0.00,0.00) manual_active=1 collision_blocks=0
[depth_angular_controller-1] [INFO] [1791427406.546360662] [depth_angular_controller]: OMNI_DEPTH views=4 azimuth_bins=180 elevation_bins=37 valid=1 certificates=1 short=0 held=0 local_candidates=0 yaw=180.00
[depth_angular_controller-1] [INFO] [1791427406.546484515] [depth_angular_controller]: PAPER_BUILD reason=FULL_MOTION_CERTIFICATE required=0.0000 best=0.0000 free=0 refined=0 tubes=34 revoked_tubes=0 proofs=128
[depth_angular_controller-1] [INFO] [1791427406.546489855] [depth_angular_controller]: PAPER_EVIDENCE retained=16 balls=32 revoked_balls=0 expired_views=0 evicted_views=82 radius=0.580 clearance=0.000 best_prefix=0.000
[depth_angular_controller-1] [INFO] [1791427407.645693713] [depth_angular_controller]: ZERO_INTENT
[depth_angular_controller-1] [INFO] [1791427409.755012272] [depth_angular_controller]: OMNI_DEPTH views=4 azimuth_bins=180 elevation_bins=37 valid=1 certificates=1 short=0 held=0 local_candidates=0 yaw=0.00
[depth_angular_controller-1] [INFO] [1791427409.755136315] [depth_angular_controller]: DEPTH_PROPOSAL_CERTIFIED
[depth_angular_controller-1] [INFO] [1791427409.755145302] [depth_angular_controller]: PAPER_BUILD reason=FULL_MOTION_CERTIFICATE required=0.0000 best=0.0000 free=0 refined=0 tubes=35 revoked_tubes=0 proofs=128
[depth_angular_controller-1] [INFO] [1791427409.755151794] [depth_angular_controller]: PAPER_EVIDENCE retained=16 balls=32 revoked_balls=0 expired_views=0 evicted_views=93 radius=0.580 clearance=0.000 best_prefix=0.000
[depth_angular_controller-1] [INFO] [1791427410.073007374] [depth_angular_controller]: [PERF CTRL] run=p5_retain_20261008_jitter_jitter_combined_3 elapsed=43.78s callbacks=1700 commands=1699 guidance=1399 command_fps(ros/wall)=60.00/56.51 guidance_wall_fps=47.98 avoid_ms(mean/p50/p95/max)=0.389/0.216/2.166/3.031 cycle_ms(mean/p95/max)=17.695/22.339/83.484 depth_to_cmd_ms(mean/p95/max)=35.752/50.000/83.333 callback_to_publish_ms(mean/p95/max)=2.819/6.246/13.446
[depth_angular_controller-1] [INFO] [1791427410.073154230] [depth_angular_controller]: EVIDENCE_COST ingest(mean/p95/max)=2.405/5.783/13.380 record=0.016/0.018/0.225 ms
[depth_angular_controller-1] [INFO] [1791427410.073159530] [depth_angular_controller]: EVIDENCE_PHASE per_view_mean_ms balls=0.082 tubes=0.037 history=0.458 eviction=0.001
[depth_angular_controller-1] [INFO] [1791427410.796046931] [depth_angular_controller]: OMNI_DEPTH views=4 azimuth_bins=180 elevation_bins=37 valid=1 certificates=1 short=0 held=0 local_candidates=0 yaw=0.00
[depth_angular_controller-1] [INFO] [1791427410.796166065] [depth_angular_controller]: PAPER_BUILD reason=FULL_MOTION_CERTIFICATE required=0.0000 best=0.0000 free=0 refined=0 tubes=36 revoked_tubes=0 proofs=128
[depth_angular_controller-1] [INFO] [1791427410.796171255] [depth_angular_controller]: PAPER_EVIDENCE retained=16 balls=32 revoked_balls=0 expired_views=0 evicted_views=96 radius=0.580 clearance=0.000 best_prefix=0.000
[position_cmd_to_twist-2] [INFO] [1791427411.751074036] [position_cmd_to_twist]: [PERF BRIDGE] run=p5_retain_20261008_jitter_jitter_combined_3 elapsed=45.35s received=1795 published=1795 fps(ros/wall)=60.00/56.57 controller_to_bridge_ms(mean/p50/p95/max)=0.000/0.000/0.000/0.000 bridge_process_ms(mean/p95/max)=0.086/0.110/1.036
[NAV] t=30.0s position=(-50.85,-8.37,2.37) yaw=68.8deg command=(0.50,0.00,0.30) manual_active=1 collision_blocks=0
[depth_angular_controller-1] [INFO] [1791427411.842407680] [depth_angular_controller]: OMNI_DEPTH views=4 azimuth_bins=180 elevation_bins=37 valid=1 certificates=1 short=0 held=0 local_candidates=0 yaw=0.00
[depth_angular_controller-1] [INFO] [1791427411.842534709] [depth_angular_controller]: PAPER_BUILD reason=FULL_MOTION_CERTIFICATE required=0.0000 best=0.0000 free=0 refined=0 tubes=37 revoked_tubes=0 proofs=128
[depth_angular_controller-1] [INFO] [1791427411.842541111] [depth_angular_controller]: PAPER_EVIDENCE retained=16 balls=32 revoked_balls=0 expired_views=0 evicted_views=100 radius=0.580 clearance=0.000 best_prefix=0.000
[depth_angular_controller-1] [INFO] [1791427413.005694811] [depth_angular_controller]: OMNI_DEPTH views=4 azimuth_bins=180 elevation_bins=37 valid=1 certificates=1 short=0 held=0 local_candidates=0 yaw=0.00
[depth_angular_controller-1] [INFO] [1791427413.005845664] [depth_angular_controller]: PAPER_BUILD reason=FULL_MOTION_CERTIFICATE required=0.0000 best=0.0000 free=0 refined=0 tubes=38 revoked_tubes=0 proofs=128
[depth_angular_controller-1] [INFO] [1791427413.005851645] [depth_angular_controller]: PAPER_EVIDENCE retained=16 balls=32 revoked_balls=0 expired_views=0 evicted_views=104 radius=0.580 clearance=0.000 best_prefix=0.000
[depth_angular_controller-1] [INFO] [1791427414.043209074] [depth_angular_controller]: ZERO_INTENT
[depth_angular_controller-1] [INFO] [1791427415.090204156] [depth_angular_controller]: [PERF CTRL] run=p5_retain_20261008_jitter_jitter_combined_3 elapsed=48.80s callbacks=1978 commands=1977 guidance=1620 command_fps(ros/wall)=60.00/56.36 guidance_wall_fps=48.93 avoid_ms(mean/p50/p95/max)=0.364/0.213/2.110/3.031 cycle_ms(mean/p95/max)=17.744/22.339/83.484 depth_to_cmd_ms(mean/p95/max)=35.350/50.000/83.333 callback_to_publish_ms(mean/p95/max)=2.814/6.130/13.446
[depth_angular_controller-1] [INFO] [1791427415.090395896] [depth_angular_controller]: EVIDENCE_COST ingest(mean/p95/max)=2.423/5.682/13.380 record=0.016/0.018/0.225 ms
[depth_angular_controller-1] [INFO] [1791427415.090404752] [depth_angular_controller]: EVIDENCE_PHASE per_view_mean_ms balls=0.082 tubes=0.036 history=0.464 eviction=0.001
[MANUAL RESULT] TIMEOUT position=(-49.741,-8.375,3.040)
[PERF ISAAC FINAL] run=p5_retain_20261008_jitter_jitter_combined_3 result=MANUAL_TIMEOUT wall=36.48s sim_frames=2043 fps(sim/wall)=60.06/56.00 command_changes=1584 collision_blocks=0 frame_interval_ms(mean/p50/p95/max)=17.694/16.655/18.792/79.684
[49.439s] Simulation App Shutting Down
[depth_angular_controller-1] [INFO] [1791427416.710693001] [rclcpp]: signal_handler(SIGINT/SIGTERM)
[position_cmd_to_twist-2] [INFO] [1791427416.711270817] [position_cmd_to_twist]: [PERF BRIDGE FINAL] run=p5_retain_20261008_jitter_jitter_combined_3 elapsed=50.31s received=2041 published=2041 fps(ros/wall)=60.00/56.54 controller_to_bridge_ms(mean/p50/p95/max)=0.000/0.000/0.000/0.000 bridge_process_ms(mean/p95/max)=0.086/0.109/1.036
[position_cmd_to_twist-2] Failed to publish log message to rosout: publisher's context is invalid, at ./src/rcl/publisher.c:389
[depth_angular_controller-1] [INFO] [1791427416.711432621] [depth_angular_controller]: [PERF CTRL FINAL] run=p5_retain_20261008_jitter_jitter_combined_3 elapsed=50.42s callbacks=2042 commands=2041 guidance=1620 command_fps(ros/wall)=60.00/56.54 guidance_wall_fps=48.93 avoid_ms(mean/p50/p95/max)=0.364/0.213/2.110/3.031 cycle_ms(mean/p95/max)=17.688/22.274/83.484 depth_to_cmd_ms(mean/p95/max)=35.350/50.000/83.333 callback_to_publish_ms(mean/p95/max)=2.804/6.105/13.446
[depth_angular_controller-1] [INFO] [1791427416.711568406] [depth_angular_controller]: EVIDENCE_COST ingest(mean/p95/max)=2.423/5.635/13.380 record=0.015/0.017/0.225 ms
[depth_angular_controller-1] [INFO] [1791427416.711571151] [depth_angular_controller]: EVIDENCE_PHASE per_view_mean_ms balls=0.082 tubes=0.035 history=0.464 eviction=0.001
[INFO] [depth_angular_controller-1]: process has finished cleanly [pid 341922]
[INFO] [position_cmd_to_twist-2]: process has finished cleanly [pid 341924]
