[PERF] run=envelope_horizon05 log=/home/starry/isaac-data/EGO1P1/performance/envelope_20260928/performance.md
[INPUT] mode=trace scene_mode=cloud
[INFO] [launch]: All log files can be found below /tmp/fov_gvf_ego1p1_isaac_ros_log/2026-09-28-12-59-55-300534-starry-System-Product-Name-21572
[INFO] [launch]: Default logging verbosity is set to INFO
[INFO] [depth_angular_controller-1]: process started with pid [21574]
[INFO] [position_cmd_to_twist-2]: process started with pid [21576]
[depth_angular_controller-1] [INFO] [1790571595.334607936] [depth_angular_controller]: C++ controller commands publish on /position_cmd; horizontal views=4
[ROS CHECK] ROS_DOMAIN_ID=84 /position_cmd publishers=1
Type: pc_gvf_msgs/msg/PositionCommand
Publisher count: 1
Subscription count: 1
/depth_angular_controller
/position_cmd_to_twist
WARNING: All log messages before absl::InitializeLog() is called are written to STDERR
E0000 00:00:1790571596.298376   21618 descriptor_database.cc:633] File already exists in database: grpc/health/v1/health.proto
W0000 00:00:1790571596.298397   21618 message.cc:301] Protobuf GeneratedMessageFactory: File is already registered: grpc/health/v1/health.proto
2026-09-28T04:59:55Z [Info] [carb] Logging to file: /home/starry/isaac-data/isaacsim/kit/logs/Kit/Isaac-Sim Python/6.0/kit_20260928_125955.log
[0.044s] [ext: omni.assets.plugins-0.0.0] startup
[0.045s] [ext: omni.blobkey-1.1.2] startup
[0.045s] [ext: omni.kit.async_engine-0.0.3] startup
[0.308s] [ext: omni.client.lib-1.1.1] startup
[0.316s] [ext: omni.client-1.3.0] startup
[0.318s] [ext: omni.protobuf.lib-1.0.0] startup
[0.319s] [ext: omni.grpc.lib-1.0.0] startup
[0.322s] [ext: omni.metrics.core-0.0.3] startup
[0.322s] [ext: omni.datastore-0.0.0] startup
[0.322s] [ext: omni.gpu_foundation.shadercache.vulkan-1.0.0] startup
[0.324s] [ext: omni.hsscclient-1.1.4] startup
[0.325s] [ext: omni.stats-1.0.1] startup
[0.325s] [ext: omni.ujitso.default-1.0.0] startup
[0.328s] [ext: omni.gpu_foundation-0.0.0] startup
[0.450s] [ext: carb.windowing.plugins-1.0.1] startup
[0.451s] [ext: omni.kit.renderer.init-1.0.1] startup
2026-09-28T04:59:56Z [664ms] [Warning] [omni.rtx] Skipping unsupported non-NVIDIA GPU: AMD Unknown (RADV RAPHAEL_MENDOCINO)
2026-09-28T04:59:56Z [665ms] [Warning] [omni.rtx] Skipping unsupported non-NVIDIA GPU: AMD Unknown (RADV RAPHAEL_MENDOCINO)

|---------------------------------------------------------------------------------------------|
| Driver Version: 580.178.04    | Graphics API: Vulkan
|=============================================================================================|
| GPU | Name                             | Active | LDA | GPU Memory | Vendor-ID | LUID       |
|     |                                  |        |     |            | Device-ID | UUID       |
|     |                                  |        |     |            | Bus-ID    |            |
|---------------------------------------------------------------------------------------------|
| 0   | NVIDIA GeForce RTX 5070          | Yes: 0 |     | 12227   MB | 10de      | 0          |
|     |                                  |        |     |            | 2f04      | 348d89fe.. |
|     |                                  |        |     |            | 1         |            |
|---------------------------------------------------------------------------------------------|
| 1   | AMD Unknown (RADV RAPHAEL_MEND.. |        |     | 10755   MB | 1002      | 0          |
|     |                                  |        |     |            | 13c0      | 00000000.. |
|     |                                  |        |     |            | c         |            |
|=============================================================================================|
| OS: 22.04.5 LTS (Jammy Jellyfish) ubuntu, Version: 22.04.5, Kernel: 6.8.0-138-generic
| XServer Vendor: The X.Org Foundation, XServer Version: 12101004 (1.21.1.4)
| Processor: AMD Ryzen 5 9600X 6-Core Processor
| Cores: 6 | Logical Cores: 12
|---------------------------------------------------------------------------------------------|
| Total Memory (MB): 31241 | Free Memory: 24700
| Total Page/Swap (MB): 15624 | Free Page/Swap: 15624
|---------------------------------------------------------------------------------------------|
2026-09-28T04:59:56Z [872ms] [Warning] [omni.rtx] CPU performance profile is set to powersave. This profile sets the CPU to the lowest frequency reducing performance.
2026-09-28T04:59:56Z [881ms] [Warning] [omni.rtx] IOMMU is enabled.
[0.982s] [ext: omni.kit.pipapi-0.0.0] startup
[0.983s] [ext: omni.kit.pip_archive-0.0.0] startup
[0.983s] [ext: isaacsim.pip.newton-0.6.1] startup
[0.983s] [ext: omni.pip.compute-1.9.2] startup
[0.983s] [ext: omni.isaac.core_archive-5.3.1] startup
[0.983s] [ext: omni.kit.telemetry-0.5.2] startup
[1.002s] [ext: omni.kit.loop-isaac-1.6.0] startup
[1.003s] [ext: omni.kit.test-2.0.7] startup
[1.057s] [ext: omni.materialx.libs-1.0.9] startup
[1.063s] [ext: omni.gpucompute.plugins-0.0.0] startup
[1.064s] [ext: omni.usd.config-1.0.7] startup
[1.066s] [ext: omni.usd.libs-1.0.3] startup
[1.121s] [ext: omni.iray.libs-0.0.1] startup
[1.124s] [ext: omni.mdl-57.0.3] startup
[1.183s] [ext: omni.mdl.neuraylib-0.2.20] startup
[1.185s] [ext: omni.kit.usd.mdl-1.1.9] startup
[1.268s] [ext: omni.appwindow-1.2.2] startup
[1.270s] [ext: omni.kit.renderer.core-1.2.2] startup
2026-09-28T05:00:02Z [6,485ms] [Warning] [carb.windowing-glfw.gamepad] Joystick with unknown remapping detected (will be ignored):  BEITONG BEITONG A2P3A BFM DONGLE [03000000bc2000001c51000011010000]
[6.515s] [ext: omni.kit.renderer.capture-2.0.1] startup
[6.517s] [ext: omni.kit.renderer.imgui-2.0.6] startup
[6.552s] [ext: omni.ui-3.2.0] startup
[6.559s] [ext: omni.kit.mainwindow-1.0.3] startup
[6.560s] [ext: carb.audio-0.1.0] startup
[6.562s] [ext: omni.uiaudio-1.0.0] startup
[6.562s] [ext: omni.kit.uiapp-0.0.0] startup
[6.562s] [ext: omni.usd.schema.metrics.assembler-110.1.0] startup
[6.564s] [ext: omni.usd.schema.audio-0.0.1] startup
[6.567s] [ext: omni.usd_resolver-1.0.0] startup
[6.569s] [ext: omni.usd.core-1.8.3] startup
[6.571s] [ext: omni.metropolis.schema-0.0.3] startup
[6.572s] [ext: isaacsim.anim.robot.schema-0.1.1] startup
[6.572s] [ext: omni.usd.schema.anim-0.0.1] startup
[6.585s] [ext: omni.usd.schema.geospatial-0.0.1] startup
[6.587s] [ext: omni.usd.schema.omnigraph-1.0.1] startup
[6.591s] [ext: omni.usd.schema.semantics-0.0.0] startup
[6.593s] [ext: omni.activity.core-1.0.3] startup
[6.594s] [ext: omni.cubric-0.1.0] startup
[6.594s] [ext: omni.graph.exec-0.9.6] startup
[6.594s] [ext: omni.hydra.scene_delegate-0.3.5] startup
[6.596s] [ext: usdrt.scenegraph-7.6.3] startup
[6.615s] [ext: omni.hydra.usdrt_delegate-7.5.2] startup
[6.619s] [ext: omni.inspect-1.0.2] startup
[6.620s] [ext: omni.kit.actions.core-1.0.0] startup
[6.621s] [ext: omni.kit.audiodeviceenum-1.0.2] startup
[6.622s] [ext: omni.kit.commands-1.5.0] startup
[6.624s] [ext: omni.kit.exec.core-0.13.5] startup
[6.625s] [ext: omni.kit.usd_undo-0.1.8] startup
[6.626s] [ext: omni.kit.window.popup_dialog-2.0.25] startup
[6.628s] [ext: omni.kit.widget.nucleus_connector-2.3.1] startup
[6.630s] [ext: omni.timeline-1.1.0] startup
[6.632s] [ext: omni.usd-1.16.0] startup
[6.658s] [ext: omni.graph.core-3.1.2] startup
[6.660s] [ext: omni.kit.notification_manager-1.0.11] startup
[6.661s] [ext: isaacsim.core.deprecation_manager-0.4.2] startup
[6.662s] [ext: isaacsim.replicator.agent.schema-0.1.1] startup
[6.663s] [ext: isaacsim.robot.schema-6.3.7] startup
[6.667s] [ext: isaacsim.robot_motion.schema-0.2.1] startup
[6.667s] [ext: omni.anim.behavior.schema-110.1.0] startup
[6.670s] [ext: omni.anim.graph.schema-110.1.1] startup
[6.674s] [ext: omni.anim.navigation.schema-110.1.0] startup
[6.677s] [ext: omni.behavior.tree.schema-110.1.0] startup
[6.677s] [ext: omni.isaac.ml_archive-3.3.0] startup
[6.678s] [ext: omni.kit.asset_converter-6.0.1] startup
[6.686s] [ext: omni.pip.cloud-1.5.4] startup
[6.688s] [ext: omni.usd.schema.flow-110.0.0] startup
[6.689s] [ext: omni.usd.schema.mujoco-1.1.1] startup
[6.689s] [ext: omni.usd.schema.newton-1.2.1] startup
[6.689s] [ext: omni.usd.schema.omni_lens_distortion-1.0.0] startup
[6.690s] [ext: omni.usd.schema.omni_projectors-1.0.0] startup
[6.690s] [ext: omni.usd.schema.omni_sensors-0.0.0] startup
[6.697s] [ext: omni.usd.schema.omniscripting-1.0.1] startup
[6.699s] [ext: omni.usd.schema.physical_lighting-0.1.0] startup
[6.702s] [ext: omni.usd.schema.physx-110.1.13] startup
[6.725s] [ext: omni.usd.schema.render_settings.rtx-1.0.2] startup
[6.728s] [ext: omni.usd.schema.usd_particle_field-1.0.0] startup
[6.728s] [ext: isaacsim.core.version-2.1.1] startup
[6.729s] [ext: omni.kit.menu.core-1.2.0] startup
[6.729s] [ext: omni.kit.menu.utils-2.2.4] startup
[6.735s] [ext: isaacsim.app.about-2.3.1] startup
[6.738s] [ext: isaacsim.asset.transformer-1.2.5] startup
[6.741s] [ext: omni.scene.optimizer.core-110.1.0] startup
[6.770s] [ext: isaacsim.asset.importer.utils-1.8.1] startup
[6.771s] [ext: omni.convexdecomposition-110.1.13] startup
[6.773s] [ext: omni.physics-110.1.13] startup
[6.775s] [ext: omni.physx.gpu-110.1.13] startup
[6.775s] [ext: omni.physx.foundation-110.1.13] startup
[6.776s] [ext: omni.usdphysics-110.1.13] startup
[6.778s] [ext: omni.physx.cooking-110.1.13] startup
[6.779s] [ext: omni.physx-110.1.13] startup
[6.786s] [ext: omni.physics.physx-110.1.13] startup
[6.787s] [ext: isaacsim.asset.exporter.urdf-2.0.5] startup
[6.793s] [ext: omni.kit.clipboard-1.1.1] startup
[6.794s] [ext: omni.kit.usd.layers-2.6.1] startup
[6.799s] [ext: omni.kit.widget.context_menu-1.4.0] startup
[6.800s] [ext: omni.kit.context_menu-1.9.0] startup
[6.801s] [ext: omni.kit.helper.file_utils-0.1.10] startup
[6.802s] [ext: omni.kit.widget.nucleus_info-2.0.2] startup
[6.803s] [ext: omni.kit.search_core-1.0.8] startup
[6.803s] [ext: omni.kit.widget.path_field-2.0.13] startup
[6.804s] [ext: omni.kit.widget.browser_bar-2.0.10] startup
[6.804s] [ext: omni.kit.widget.filebrowser-2.13.4] startup
[6.808s] [ext: omni.kit.widget.options_menu-1.1.6] startup
[6.809s] [ext: omni.kit.widget.options_button-1.0.3] startup
[6.810s] [ext: omni.kit.widget.search_delegate-1.0.9] startup
[6.811s] [ext: omni.ui.scene-2.0.3] startup
[6.814s] [ext: omni.kit.window.filepicker-2.15.5] startup
[6.824s] [ext: omni.kit.window.file_importer-1.1.21] startup
[6.825s] [ext: omni.kit.material.library-3.1.2] startup
[6.829s] [ext: isaacsim.asset.transformer.rules-1.7.10] startup
[6.837s] [ext: omni.usdex.libs-2.2.2] startup
[6.842s] [ext: isaacsim.asset.importer.mjcf-3.10.1] startup
[6.844s] [ext: isaacsim.asset.importer.urdf-3.11.2] startup
[6.847s] [ext: omni.kit.primitive.mesh-1.1.0] startup
[6.849s] [ext: omni.kit.stage_template.core-1.1.22] startup
[6.849s] [ext: omni.kit.stage_templates-2.0.2] startup
[6.850s] [ext: omni.usd.metrics.assembler-110.1.2] startup
[6.852s] [ext: omni.warp.core-1.13.0] startup
[7.033s] [ext: isaacsim.core.experimental.utils-0.17.2] startup
[7.034s] [ext: omni.physics.stageupdate-110.1.13] startup
[7.036s] [ext: omni.physics.tensors-110.1.13] startup
[7.039s] [ext: omni.physx.tensors-110.1.13] startup
[7.042s] [ext: isaacsim.core.simulation_manager-1.15.6] startup
[7.052s] [ext: isaacsim.storage.native-1.9.3] startup
[7.053s] [ext: omni.usd.metrics.assembler.physics-110.1.13] startup
[7.054s] [ext: isaacsim.core.utils-4.1.7] startup
[7.055s] [ext: isaacsim.core.prims-0.11.7] startup
[7.902s] [ext: isaacsim.core.api-5.2.13] startup
[7.907s] [ext: isaacsim.core.cloner-1.7.3] startup
[7.908s] [ext: isaacsim.test.docstring-1.3.2] startup
[7.910s] [ext: isaacsim.core.experimental.prims-1.8.9] startup
[7.927s] [ext: isaacsim.core.experimental.primdata-0.3.2] startup
[7.929s] [ext: omni.graph.tools-1.81.0] startup
[7.947s] [ext: omni.graph-1.142.5] startup
[7.977s] [ext: isaacsim.core.experimental.actuators-0.1.2] startup
[7.989s] [ext: isaacsim.core.experimental.materials-0.7.1] startup
[7.992s] [ext: isaacsim.core.experimental.objects-0.8.1] startup
[8.048s] [ext: omni.hydra.engine.stats-1.0.5] startup
[8.050s] [ext: omni.hydra.rtx.shadercache.vulkan-1.0.0] startup
[8.051s] [ext: omni.index.libs-387500.4413.0] startup
[8.051s] [ext: omni.index-1.0.1] startup
[8.052s] [ext: omni.ujitso.client-0.0.0] startup
[8.052s] [ext: omni.usd.schema.playback-1.0.0] startup
[8.055s] [ext: omni.volume-0.5.2] startup
[8.059s] [ext: omni.hydra.rtx-1.0.4] startup
2026-09-28T05:00:04Z [8,049ms] [Warning] [omni.log] Source: omni.hydra was already registered.
[8.081s] [ext: omni.kit.hydra_texture-1.6.0] startup
[8.084s] [ext: omni.kit.raycast.query-1.2.0] startup
[8.087s] [ext: omni.kit.viewport.legacy_gizmos-1.0.24] startup
[8.089s] [ext: omni.kit.viewport.registry-104.0.6] startup
[8.090s] [ext: omni.kit.viewport.scene_camera_model-1.0.7] startup
[8.093s] [ext: omni.kit.widget.viewport-109.2.0] startup
[8.096s] [ext: omni.kit.window.drop_support-1.0.8] startup
[8.097s] [ext: omni.kit.viewport.window-109.0.2] startup
[8.111s] [ext: omni.kit.viewport.utility-2.0.1] startup
[8.112s] [ext: isaacsim.core.rendering_manager-0.4.3] startup
[8.133s] [ext: omni.graph.action_core-1.1.9] startup
[8.134s] [ext: omni.graph.action_nodes_core-2.11.0] startup
[8.136s] [ext: omni.graph.action_nodes-2.11.0] startup
[8.152s] [ext: omni.graph.action-2.10.2] startup
[8.153s] [ext: omni.graph.image.core-0.6.1] startup
[8.154s] [ext: omni.graph.image.nodes-1.3.1] startup
[8.154s] [ext: omni.graph.nodes_core-2.11.0] startup
[8.158s] [ext: omni.graph.nodes-2.12.0] startup
[8.163s] [ext: omni.kit.hotkeys.core-1.3.12] startup
[8.164s] [ext: omni.kit.property.adapter.core-1.1.1] startup
[8.166s] [ext: omni.kit.property.adapter.usd-1.0.5] startup
[8.167s] [ext: omni.kit.widget.filter-1.1.5] startup
[8.167s] [ext: omni.kit.widget.highlight_label-1.0.3] startup
[8.168s] [ext: omni.kit.widget.searchfield-1.1.8] startup
[8.169s] [ext: omni.kit.window.file_exporter-1.0.36] startup
[8.170s] [ext: omni.kit.widget.stage-4.4.0] startup
[8.178s] [ext: omni.kit.window.content_browser_registry-0.0.6] startup
[8.178s] [ext: omni.kit.window.file-2.0.10] startup
[8.181s] [ext: omni.kit.window.content_browser-3.1.8] startup
[8.190s] [ext: omni.kit.window.property-1.15.1] startup
[8.199s] [ext: omni.kit.property.usd-4.9.4] startup
[8.207s] [ext: omni.graph.scriptnode-2.10.2] startup
[8.214s] [ext: omni.kit.widget.searchable_combobox-1.0.7] startup
[8.215s] [ext: omni.kit.widget.settings-2.0.0] startup
[8.217s] [ext: omni.kit.window.preferences-1.8.3] startup
[8.221s] [ext: omni.kit.viewport.menubar.core-107.2.2] startup
[8.231s] [ext: omni.syntheticdata-0.6.15] startup
[8.253s] [ext: omni.replicator.nv-1.1.1] startup
[8.258s] [ext: omni.videoencoding-0.2.1] startup
[8.259s] [ext: omni.replicator.core-1.13.27] startup
2026-09-28T05:00:04Z [8,245ms] [Warning] [pxr.Semantics] pxr.Semantics is deprecated - please use Semantics instead
2026-09-28T05:00:04Z [8,311ms] [Warning] [omni.replicator.core.scripts.extension] No material configuration file, adding configuration to material settings directly.
[8.458s] [ext: isaacsim.core.nodes-5.10.5] startup
[8.484s] [ext: isaacsim.core.throttling-2.3.5] startup
[8.485s] [ext: omni.kit.manipulator.viewport-107.0.1] startup
[8.486s] [ext: omni.graph.visualization.nodes-2.1.4] startup
[8.497s] [ext: omni.kit.window.extensions-1.5.10] startup
[8.502s] [ext: isaacsim.gui.components-1.8.5] startup
[8.506s] [ext: isaacsim.robot.surface_gripper-3.6.2] startup
[8.515s] [ext: isaacsim.robot.manipulators-3.4.4] startup
[8.524s] [ext: isaacsim.robot_motion.lula-4.1.3] startup
[8.529s] [ext: isaacsim.robot_motion.motion_generation-8.2.9] startup
[8.534s] [ext: isaacsim.cortex.framework-1.0.18] startup
[8.535s] [ext: isaacsim.cortex.behaviors-2.0.17] startup
[8.536s] [ext: isaacsim.examples.base-1.3.2] startup
[8.537s] [ext: omni.kit.widget.zoombar-1.0.7] startup
[8.538s] [ext: omni.kit.browser.core-2.3.18] startup
[8.541s] [ext: omni.kit.browser.folder.core-2.0.2] startup
[8.544s] [ext: omni.kit.widget.stage_icons-1.0.8] startup
[8.545s] [ext: omni.kit.window.stage-2.6.1] startup
[8.548s] [ext: omni.kit.menu.stage-1.2.7] startup
[8.549s] [ext: omni.kit.usd.collect-3.0.6] startup
[8.551s] [ext: omni.kit.widget.prompt-1.0.7] startup
[8.551s] [ext: omni.kit.tool.collect-2.2.19] startup
[8.553s] [ext: isaacsim.examples.browser-0.3.2] startup
[8.555s] [ext: omni.kit.search.files-1.0.4] startup
[8.555s] [ext: omni.kit.widget.calendar-1.0.9] startup
[8.557s] [ext: omni.kit.widget.extended_searchfield-1.0.31] startup
[8.563s] [ext: omni.simready.content.browser-0.3.7] startup
[8.647s] [ext: isaacsim.gui.content_browser-0.4.3] startup
[8.649s] [ext: omni.kit.selection-0.1.6] startup
[8.650s] [ext: isaacsim.gui.menu-2.10.5] startup
[8.657s] [ext: isaacsim.gui.property-1.6.4] startup
[8.662s] [ext: omni.kit.viewport.actions-110.0.0] startup
[8.666s] [ext: omni.kit.viewport.menubar.display-107.1.3] startup
[8.667s] [ext: isaacsim.gui.sensors.icon-2.2.1] startup
[8.670s] [ext: omni.behavior.scripting.core-110.1.0] startup
[8.672s] [ext: isaacsim.replicator.behavior-1.5.4] startup
[8.673s] [ext: isaacsim.replicator.experimental.domain_randomization-1.2.5] startup
[8.686s] [ext: isaacsim.replicator.domain_randomization-1.2.2] startup
[8.753s] [ext: isaacsim.replicator.writers-1.5.4] startup
[8.774s] [ext: isaacsim.robot.experimental.wheeled_robots-0.2.11] startup
[8.793s] [ext: isaacsim.robot.policy.examples-5.2.12] startup
[8.810s] [ext: isaacsim.robot.wheeled_robots-5.2.4] startup
[8.813s] [ext: isaacsim.robot.wheeled_robots.nodes-0.1.5] startup
[8.829s] [ext: isaacsim.robot_motion.experimental.motion_generation-6.1.3] startup
[8.838s] [ext: isaacsim.robot_motion.cumotion-1.3.1] startup
[8.850s] [ext: omni.kit.numpy.common-0.1.3] startup
[8.851s] [ext: isaacsim.sensors.camera-1.7.9] startup
[8.880s] [ext: isaacsim.sensors.experimental.physics-3.0.2] startup
[8.887s] [ext: omni.sensors.net-1.0.1] startup
[8.889s] [ext: omni.sensors.nv.common-3.0.0] startup
[8.898s] [ext: omni.sensors.nv.materials-2.0.0] startup
[8.900s] [ext: omni.sensors.nv.acoustic-3.0.0] startup
[8.903s] [ext: omni.sensors.nv.ids-2.0.1] startup
[8.904s] [ext: omni.sensors.nv.lidar-3.0.0] startup
[8.907s] [ext: omni.sensors.nv.radar-3.0.0] startup
[8.909s] [ext: isaacsim.sensors.experimental.rtx-1.4.6] startup
[9.129s] [ext: isaacsim.sensors.physics.nodes-1.5.3] startup
[9.134s] [ext: isaacsim.util.debug_draw-3.2.3] startup
[9.138s] [ext: isaacsim.sensors.physx-2.5.5] startup
[9.144s] [ext: isaacsim.sensors.rtx-15.17.1] startup
[9.152s] [ext: isaacsim.simulation_app-2.18.4] startup
[9.152s] [ext: omni.anim.curve.core-1.6.0] startup
[9.160s] [ext: omni.graph.ui_nodes-2.11.1] startup
[9.179s] [ext: omni.hydra.scene_api-0.1.3] startup
[9.182s] [ext: omni.kit.manipulator.camera-110.0.0] startup
[9.186s] [ext: omni.kit.manipulator.selector-1.1.4] startup
[9.187s] [ext: omni.kit.manipulator.transform-107.0.0] startup
[9.190s] [ext: omni.kit.widget.toolbar-2.1.0] startup
[9.195s] [ext: omni.kit.manipulator.tool.snap-1.5.14] startup
[9.198s] [ext: omni.kit.viewport.manipulator.transform-107.0.4] startup
[9.200s] [ext: omni.kit.manipulator.prim.core-108.0.2] startup
[9.204s] [ext: omni.kit.manipulator.prim.usd-107.0.3] startup
[9.205s] [ext: omni.kit.manipulator.prim-108.0.0] startup
[9.205s] [ext: omni.kit.manipulator.selection-109.0.1] startup
[9.206s] [ext: omni.kit.menu.create-2.0.2] startup
[9.208s] [ext: omni.kit.property.audio-1.0.16] startup
[9.211s] [ext: omni.kit.property.camera-1.0.14] startup
[9.212s] [ext: omni.kit.property.geometry-2.1.2] startup
[9.214s] [ext: omni.kit.property.light-1.0.14] startup
2026-09-28T05:00:05Z [9,212ms] [Warning] [omni.usd] Encountered USD Warnings but USD Diagnostics are currently muted. To view USD Warnings, please set the '/persistent/app/usd/muteUsdDiagnostics' setting to false in Preferences page.
[9.239s] [ext: omni.kit.property.material-1.14.6] startup
[9.244s] [ext: omni.kit.property.render-1.2.2] startup
[9.245s] [ext: omni.kit.property.transform-1.6.9] startup
[9.248s] [ext: omni.kit.property.bundle-1.5.1] startup
[9.249s] [ext: omni.kit.usdz_export-1.1.0] startup
[9.251s] [ext: omni.kit.tool.asset_importer-6.0.1] startup
[9.255s] [ext: omni.kit.ui.actions-1.0.5] startup
[9.257s] [ext: omni.kit.viewport.menubar.camera-107.0.10] startup
[9.260s] [ext: omni.kit.viewport.menubar.lighting-107.3.2] startup
[9.263s] [ext: omni.kit.viewport.menubar.render-110.0.0] startup
[9.264s] [ext: omni.kit.viewport.menubar.settings-110.0.1] startup
[9.267s] [ext: omni.kit.window.console-1.1.9] startup
[9.270s] [ext: omni.kit.window.status_bar-0.1.11] startup
[9.272s] [ext: omni.kit.window.toolbar-3.0.3] startup
[9.274s] [ext: omni.ocio-0.1.1] startup
[9.275s] [ext: omni.physx.commands-110.1.13] startup
[9.278s] [ext: omni.replicator.replicator_yaml-2.0.12] startup
[9.286s] [ext: omni.rtx.window.settings-0.8.0] startup
[9.290s] [ext: omni.rtx.settings.core-0.7.1] startup
[9.292s] [ext: omni.usd.metrics.assembler.ui-110.1.1] startup
[9.298s] [ext: semantics.schema.editor-2.0.2] startup
[9.301s] [ext: semantics.schema.property-2.0.2] startup
[9.302s] [ext: omni.kit.menu.common-2.0.2] startup
[9.303s] [ext: isaacsim.exp.base-6.0.1] startup
[9.303s] [ext: isaacsim.exp.base.python-6.0.1] startup
[9.304s] Simulation App Starting
[10.344s] Simulation App Startup Complete
[10.349s] app ready
Starting kit application with the following args:  ['/home/starry/isaac-data/isaacsim/exts/isaacsim.simulation_app/isaacsim/simulation_app/simulation_app.py', '/home/starry/isaac-data/isaacsim/apps/isaacsim.exp.base.python.kit', '--/app/tokens/exe-path=/home/starry/isaac-data/isaacsim/kit', '--/persistent/app/viewport/displayOptions=3094', '--/rtx/materialDb/syncLoads=True', '--/rtx/hydra/materialSyncLoads=True', '--/omni/kit/plugin/syncUsdLoads=True', '--/app/renderer/resolution/width=1280', '--/app/renderer/resolution/height=720', '--/app/window/width=1440', '--/app/window/height=900', '--/renderer/multiGpu/enabled=False', '--/app/fastShutdown=True', '--/app/installSignalHandlers=0', '--ext-folder', '/home/starry/isaac-data/isaacsim/exts', '--ext-folder', '/home/starry/isaac-data/isaacsim/apps', '--/renderer/activeGpu=0', '--/physics/cudaDevice=0', '--/plugins/carb.tasking.plugin/threadCount=12', '--/plugins/omni.tbb.globalcontrol/maxThreadCount=12', '--portable', '--no-window', '--/app/window/hideUi=1']
Passing the following args to the base kit application:  []
Warp 1.13.0 initialized:
   CUDA Toolkit 12.9, Driver 13.0
   Devices:
     "cpu"      : "x86_64"
     "cuda:0"   : "NVIDIA GeForce RTX 5070" (11 GiB, sm_120, mempool enabled)
   Kernel cache:
     /home/starry/.cache/warp/1.13.0
[LIGHTING] sun=800.0 (1) dome=0.0 (1) ambient=0.05 constant_color=(0.6, 0.65, 0.7)
[RENDER] mode=MinimalRendering minimal_shading_mode=2 anti_aliasing=TAA
[DEPTH CAMERAS] count=4 resolution_each=320x240 horizontal_coverage=360deg
[ESDF] path=/home/starry/isaac-data/EGO1P1/scenes/ego_swarm_cloud/occupancy.bin shape=(400, 300, 50) resolution=0.40m
[depth_angular_controller-1] [INFO] [1790571608.477265728] [depth_angular_controller]: WAITING_ODOMETRY
[NAV] t=0.0s position=(-64.00,-11.20,2.80) yaw=0.0deg command=(0.00,0.00,0.00) manual_active=0 collision_blocks=0
[depth_angular_controller-1] [INFO] [1790571609.123712449] [depth_angular_controller]: WAITING_VERIFIED_START_POSE
[depth_angular_controller-1] [INFO] [1790571609.156864784] [depth_angular_controller]: VERIFIED_FREE_SEED center=(-64.000,-11.200,2.800) radius=2.500 balls=1: verified fixed Cloud free ball; USD and occupancy SHA-256 matched
[depth_angular_controller-1] [INFO] [1790571609.156971979] [depth_angular_controller]: ZERO_INTENT
[depth_angular_controller-1] [INFO] [1790571610.021236903] [depth_angular_controller]: 3D guidance switched to view 0
[depth_angular_controller-1] [INFO] [1790571610.024912198] [depth_angular_controller]: TARGET_HOLD
[depth_angular_controller-1] [INFO] [1790571610.024934851] [depth_angular_controller]: PAPER_EVIDENCE retained=4 balls=1 revoked_balls=0 expired_views=0 evicted_views=0 radius=0.570 clearance=0.667 best_prefix=3.667
[depth_angular_controller-1] [INFO] [1790571610.993556241] [depth_angular_controller]: PAPER_EVIDENCE retained=8 balls=5 revoked_balls=0 expired_views=0 evicted_views=0 radius=0.570 clearance=0.667 best_prefix=3.667
[depth_angular_controller-1] [INFO] [1790571611.390086685] [depth_angular_controller]: ANGULAR_STEP_BLOCKED
[depth_angular_controller-1] [INFO] [1790571611.703532441] [depth_angular_controller]: TARGET_HOLD
[depth_angular_controller-1] [INFO] [1790571611.934062562] [depth_angular_controller]: PAPER_EVIDENCE retained=12 balls=11 revoked_balls=0 expired_views=0 evicted_views=0 radius=0.570 clearance=0.667 best_prefix=3.667
[10.879s] [ext: isaacsim.sensors.rtx.nodes-0.1.2] startup
[10.887s] [ext: isaacsim.ros2.core-1.9.4] startup
[10.902s] Attempting to load system rclpy
[10.902s] Could not import system rclpy: No module named 'rclpy'
[10.902s] Attempting to load internal rclpy for ROS Distro: humble
[10.914s] rclpy loaded
[10.917s] [ext: isaacsim.ros2.nodes-1.18.13] startup
[10.954s] [ext: isaacsim.ros2.examples-1.2.4] startup
[10.958s] [ext: isaacsim.ros2.ui-1.6.5] startup
[11.170s] [ext: isaacsim.ros2.bridge-5.1.2] startup
2026-09-28T05:00:09Z [13,160ms] [Warning] [omni.timeline.plugin] Deprecated: direct use of ITimeline callbacks is deprecated. Use ITimeline::getTimeline (Python: omni.timeline.get_timeline_interface) instead.
[depth_angular_controller-1] [INFO] [1790571612.994376254] [depth_angular_controller]: PAPER_EVIDENCE retained=16 balls=18 revoked_balls=0 expired_views=0 evicted_views=0 radius=0.570 clearance=0.667 best_prefix=3.667
[position_cmd_to_twist-2] [INFO] [1790571613.851878368] [position_cmd_to_twist]: [PERF BRIDGE] run=envelope_horizon05 elapsed=18.40s received=246 published=246 fps(ros/wall)=50.00/52.02 controller_to_bridge_ms(mean/p50/p95/max)=0.203/0.000/0.000/16.667 bridge_process_ms(mean/p95/max)=0.097/0.119/0.273
[NAV] t=5.0s position=(-60.61,-11.20,2.80) yaw=0.0deg command=(1.00,0.00,0.00) manual_active=1 collision_blocks=0
[depth_angular_controller-1] [INFO] [1790571613.929109963] [depth_angular_controller]: PAPER_EVIDENCE retained=20 balls=25 revoked_balls=0 expired_views=0 evicted_views=0 radius=0.570 clearance=0.667 best_prefix=3.667
[depth_angular_controller-1] [INFO] [1790571614.156958615] [depth_angular_controller]: [PERF CTRL] run=envelope_horizon05 elapsed=18.82s callbacks=260 commands=259 guidance=209 command_fps(ros/wall)=49.94/51.26 guidance_wall_fps=50.29 avoid_ms(mean/p50/p95/max)=1.257/0.020/8.671/12.437 cycle_ms(mean/p95/max)=19.509/33.261/89.110 depth_to_cmd_ms(mean/p95/max)=17.863/33.333/33.333 callback_to_publish_ms(mean/p95/max)=5.792/13.174/19.833
[depth_angular_controller-1] [INFO] [1790571614.915150405] [depth_angular_controller]: PAPER_EVIDENCE retained=24 balls=31 revoked_balls=0 expired_views=0 evicted_views=0 radius=0.570 clearance=0.560 best_prefix=3.667
[depth_angular_controller-1] [INFO] [1790571615.108494341] [depth_angular_controller]: NO_REGULAR_FIELD
[depth_angular_controller-1] [INFO] [1790571615.642921998] [depth_angular_controller]: TARGET_HOLD
[depth_angular_controller-1] [INFO] [1790571615.735089786] [depth_angular_controller]: ANGULAR_STEP_BLOCKED
[depth_angular_controller-1] [INFO] [1790571615.744629260] [depth_angular_controller]: TARGET_HOLD
[depth_angular_controller-1] [INFO] [1790571615.844099710] [depth_angular_controller]: ANGULAR_STEP_BLOCKED
[depth_angular_controller-1] [INFO] [1790571615.853497141] [depth_angular_controller]: TARGET_HOLD
[depth_angular_controller-1] [INFO] [1790571615.922493366] [depth_angular_controller]: PAPER_EVIDENCE retained=28 balls=32 revoked_balls=0 expired_views=0 evicted_views=0 radius=0.570 clearance=0.667 best_prefix=3.667
[depth_angular_controller-1] [INFO] [1790571615.959092463] [depth_angular_controller]: ANGULAR_STEP_BLOCKED
[depth_angular_controller-1] [INFO] [1790571615.973185601] [depth_angular_controller]: TARGET_HOLD
[depth_angular_controller-1] [INFO] [1790571616.053591532] [depth_angular_controller]: ANGULAR_STEP_BLOCKED
[depth_angular_controller-1] [INFO] [1790571616.064867076] [depth_angular_controller]: TARGET_HOLD
[depth_angular_controller-1] [INFO] [1790571616.236387440] [depth_angular_controller]: ANGULAR_STEP_BLOCKED
[depth_angular_controller-1] [INFO] [1790571616.249026602] [depth_angular_controller]: TARGET_HOLD
[depth_angular_controller-1] [INFO] [1790571616.334474450] [depth_angular_controller]: ANGULAR_STEP_BLOCKED
[depth_angular_controller-1] [INFO] [1790571616.343069719] [depth_angular_controller]: TARGET_HOLD
[depth_angular_controller-1] [INFO] [1790571616.449859148] [depth_angular_controller]: ANGULAR_STEP_BLOCKED
[depth_angular_controller-1] [INFO] [1790571616.461791428] [depth_angular_controller]: TARGET_HOLD
[depth_angular_controller-1] [INFO] [1790571616.547576883] [depth_angular_controller]: ANGULAR_STEP_BLOCKED
[depth_angular_controller-1] [INFO] [1790571616.556804181] [depth_angular_controller]: TARGET_HOLD
[depth_angular_controller-1] [INFO] [1790571616.659758130] [depth_angular_controller]: ANGULAR_STEP_BLOCKED
[depth_angular_controller-1] [INFO] [1790571616.671458552] [depth_angular_controller]: TARGET_HOLD
[depth_angular_controller-1] [INFO] [1790571616.749878916] [depth_angular_controller]: ANGULAR_STEP_BLOCKED
[depth_angular_controller-1] [INFO] [1790571616.756300270] [depth_angular_controller]: TARGET_HOLD
[depth_angular_controller-1] [INFO] [1790571616.861726792] [depth_angular_controller]: ANGULAR_STEP_BLOCKED
[depth_angular_controller-1] [INFO] [1790571616.874136770] [depth_angular_controller]: REFERENCE_INITIALIZATION
[depth_angular_controller-1] [INFO] [1790571616.961209909] [depth_angular_controller]: ANGULAR_STEP_BLOCKED
[depth_angular_controller-1] [INFO] [1790571616.961246724] [depth_angular_controller]: PAPER_EVIDENCE retained=32 balls=32 revoked_balls=0 expired_views=0 evicted_views=0 radius=0.570 clearance=0.000 best_prefix=3.457
[depth_angular_controller-1] [INFO] [1790571616.972803180] [depth_angular_controller]: STATE_OUTSIDE_FREE_DOMAIN
[depth_angular_controller-1] [INFO] [1790571617.151685287] [depth_angular_controller]: ANGULAR_STEP_BLOCKED
[depth_angular_controller-1] [INFO] [1790571617.353175551] [depth_angular_controller]: STATE_OUTSIDE_FREE_DOMAIN
[depth_angular_controller-1] [INFO] [1790571617.433610484] [depth_angular_controller]: ANGULAR_STEP_BLOCKED
[depth_angular_controller-1] [INFO] [1790571617.640832419] [depth_angular_controller]: TARGET_HOLD
[depth_angular_controller-1] [INFO] [1790571617.731995314] [depth_angular_controller]: TRACKING
[depth_angular_controller-1] [INFO] [1790571617.845916829] [depth_angular_controller]: TARGET_HOLD
[depth_angular_controller-1] [INFO] [1790571618.041938346] [depth_angular_controller]: PAPER_EVIDENCE retained=32 balls=32 revoked_balls=0 expired_views=0 evicted_views=4 radius=0.570 clearance=0.667 best_prefix=3.298
[depth_angular_controller-1] [INFO] [1790571618.777385485] [depth_angular_controller]: ANGULAR_STEP_BLOCKED
[depth_angular_controller-1] [INFO] [1790571618.797949785] [depth_angular_controller]: TARGET_HOLD
[position_cmd_to_twist-2] [INFO] [1790571618.947545288] [position_cmd_to_twist]: [PERF BRIDGE] run=envelope_horizon05 elapsed=23.50s received=492 published=492 fps(ros/wall)=49.60/50.04 controller_to_bridge_ms(mean/p50/p95/max)=3.252/0.000/16.667/33.333 bridge_process_ms(mean/p95/max)=0.099/0.125/0.771
[NAV] t=10.0s position=(-57.64,-10.38,1.82) yaw=19.9deg command=(0.85,0.31,-0.41) manual_active=1 collision_blocks=0
[depth_angular_controller-1] [INFO] [1790571619.052832673] [depth_angular_controller]: PAPER_EVIDENCE retained=32 balls=32 revoked_balls=0 expired_views=0 evicted_views=8 radius=0.570 clearance=0.641 best_prefix=3.667
[depth_angular_controller-1] [INFO] [1790571619.119283072] [depth_angular_controller]: ANGULAR_STEP_BLOCKED
[depth_angular_controller-1] [INFO] [1790571619.132708161] [depth_angular_controller]: TARGET_HOLD
[depth_angular_controller-1] [INFO] [1790571619.206175283] [depth_angular_controller]: [PERF CTRL] run=envelope_horizon05 elapsed=23.87s callbacks=504 commands=503 guidance=453 command_fps(ros/wall)=49.62/49.79 guidance_wall_fps=49.21 avoid_ms(mean/p50/p95/max)=2.698/0.121/15.482/19.101 cycle_ms(mean/p95/max)=20.084/36.173/108.277 depth_to_cmd_ms(mean/p95/max)=17.770/33.333/33.333 callback_to_publish_ms(mean/p95/max)=8.653/24.098/28.813
[depth_angular_controller-1] [INFO] [1790571619.344253781] [depth_angular_controller]: NO_REGULAR_FIELD
[depth_angular_controller-1] [INFO] [1790571620.007312106] [depth_angular_controller]: TARGET_HOLD
[depth_angular_controller-1] [INFO] [1790571620.112915558] [depth_angular_controller]: PAPER_EVIDENCE retained=32 balls=32 revoked_balls=0 expired_views=0 evicted_views=12 radius=0.570 clearance=0.667 best_prefix=3.667
[depth_angular_controller-1] [INFO] [1790571621.076675535] [depth_angular_controller]: PAPER_EVIDENCE retained=32 balls=32 revoked_balls=0 expired_views=0 evicted_views=16 radius=0.570 clearance=0.667 best_prefix=3.667
[depth_angular_controller-1] [INFO] [1790571622.095186558] [depth_angular_controller]: PAPER_EVIDENCE retained=32 balls=32 revoked_balls=0 expired_views=0 evicted_views=20 radius=0.570 clearance=0.667 best_prefix=3.667
[depth_angular_controller-1] [INFO] [1790571623.282357180] [depth_angular_controller]: PAPER_EVIDENCE retained=32 balls=32 revoked_balls=0 expired_views=0 evicted_views=24 radius=0.570 clearance=0.667 best_prefix=3.667
[depth_angular_controller-1] [INFO] [1790571623.678769552] [depth_angular_controller]: NO_REGULAR_FIELD
[position_cmd_to_twist-2] [INFO] [1790571624.180333759] [position_cmd_to_twist]: [PERF BRIDGE] run=envelope_horizon05 elapsed=28.74s received=723 published=723 fps(ros/wall)=48.62/48.01 controller_to_bridge_ms(mean/p50/p95/max)=5.118/0.000/33.333/50.000 bridge_process_ms(mean/p95/max)=0.102/0.129/1.177
[depth_angular_controller-1] [INFO] [1790571624.229863378] [depth_angular_controller]: [PERF CTRL] run=envelope_horizon05 elapsed=28.89s callbacks=726 commands=725 guidance=675 command_fps(ros/wall)=48.48/47.93 guidance_wall_fps=47.44 avoid_ms(mean/p50/p95/max)=3.854/0.155/18.442/33.229 cycle_ms(mean/p95/max)=20.864/39.854/108.277 depth_to_cmd_ms(mean/p95/max)=17.728/33.333/50.000 callback_to_publish_ms(mean/p95/max)=10.534/27.203/42.300
[NAV] t=15.0s position=(-54.08,-10.03,1.95) yaw=0.2deg command=(0.00,0.00,0.00) manual_active=1 collision_blocks=0
[depth_angular_controller-1] [INFO] [1790571624.261946534] [depth_angular_controller]: TARGET_HOLD
[depth_angular_controller-1] [INFO] [1790571624.273828303] [depth_angular_controller]: PAPER_EVIDENCE retained=32 balls=32 revoked_balls=0 expired_views=0 evicted_views=28 radius=0.570 clearance=0.667 best_prefix=3.667
[depth_angular_controller-1] [INFO] [1790571624.360533315] [depth_angular_controller]: ANGULAR_STEP_BLOCKED
[depth_angular_controller-1] [INFO] [1790571624.372316250] [depth_angular_controller]: TARGET_HOLD
[depth_angular_controller-1] [INFO] [1790571625.433233532] [depth_angular_controller]: PAPER_EVIDENCE retained=30 balls=32 revoked_balls=0 expired_views=0 evicted_views=32 radius=0.570 clearance=0.667 best_prefix=3.667
[depth_angular_controller-1] [INFO] [1790571625.680007235] [depth_angular_controller]: ANGULAR_STEP_BLOCKED
[depth_angular_controller-1] [INFO] [1790571625.690929361] [depth_angular_controller]: TARGET_HOLD
[depth_angular_controller-1] [INFO] [1790571626.474716914] [depth_angular_controller]: PAPER_EVIDENCE retained=32 balls=32 revoked_balls=0 expired_views=0 evicted_views=35 radius=0.570 clearance=0.667 best_prefix=3.667
[depth_angular_controller-1] [INFO] [1790571627.505503445] [depth_angular_controller]: PAPER_EVIDENCE retained=32 balls=32 revoked_balls=0 expired_views=0 evicted_views=39 radius=0.570 clearance=0.667 best_prefix=3.667
[depth_angular_controller-1] [INFO] [1790571628.587693374] [depth_angular_controller]: PAPER_EVIDENCE retained=32 balls=32 revoked_balls=0 expired_views=0 evicted_views=43 radius=0.570 clearance=0.667 best_prefix=3.667
[depth_angular_controller-1] [INFO] [1790571629.236241446] [depth_angular_controller]: [PERF CTRL] run=envelope_horizon05 elapsed=33.90s callbacks=948 commands=947 guidance=897 command_fps(ros/wall)=48.31/47.04 guidance_wall_fps=46.63 avoid_ms(mean/p50/p95/max)=3.973/0.149/21.229/33.229 cycle_ms(mean/p95/max)=21.261/45.297/111.313 depth_to_cmd_ms(mean/p95/max)=17.819/33.333/50.000 callback_to_publish_ms(mean/p95/max)=11.268/30.034/42.942
[position_cmd_to_twist-2] [INFO] [1790571629.671116641] [position_cmd_to_twist]: [PERF BRIDGE] run=envelope_horizon05 elapsed=34.23s received=963 published=963 fps(ros/wall)=48.34/46.84 controller_to_bridge_ms(mean/p50/p95/max)=5.659/0.000/33.333/50.000 bridge_process_ms(mean/p95/max)=0.102/0.129/1.177
[NAV] t=20.0s position=(-49.82,-8.94,1.07) yaw=4.7deg command=(0.99,0.08,-0.08) manual_active=1 collision_blocks=0
[depth_angular_controller-1] [INFO] [1790571629.804749557] [depth_angular_controller]: PAPER_EVIDENCE retained=32 balls=32 revoked_balls=0 expired_views=0 evicted_views=47 radius=0.570 clearance=0.667 best_prefix=3.667
[depth_angular_controller-1] [INFO] [1790571629.920578984] [depth_angular_controller]: ANGULAR_STEP_BLOCKED
[depth_angular_controller-1] [INFO] [1790571629.932568165] [depth_angular_controller]: TARGET_HOLD
[depth_angular_controller-1] [INFO] [1790571630.028528028] [depth_angular_controller]: OUTSIDE_FLOW_BOX
[depth_angular_controller-1] [INFO] [1790571630.039982178] [depth_angular_controller]: TARGET_HOLD
[depth_angular_controller-1] [INFO] [1790571630.142103794] [depth_angular_controller]: OUTSIDE_FLOW_BOX
[depth_angular_controller-1] [INFO] [1790571630.153087453] [depth_angular_controller]: STATE_OUTSIDE_FREE_DOMAIN
[depth_angular_controller-1] [INFO] [1790571630.231851953] [depth_angular_controller]: TARGET_HOLD
[depth_angular_controller-1] [INFO] [1790571630.767837576] [depth_angular_controller]: PAPER_EVIDENCE retained=32 balls=32 revoked_balls=0 expired_views=0 evicted_views=50 radius=0.570 clearance=0.667 best_prefix=3.667
[depth_angular_controller-1] [INFO] [1790571631.779705693] [depth_angular_controller]: PAPER_EVIDENCE retained=32 balls=32 revoked_balls=0 expired_views=0 evicted_views=54 radius=0.570 clearance=0.667 best_prefix=3.667
[depth_angular_controller-1] [INFO] [1790571632.801141644] [depth_angular_controller]: PAPER_EVIDENCE retained=32 balls=32 revoked_balls=0 expired_views=0 evicted_views=58 radius=0.570 clearance=0.667 best_prefix=3.667
[depth_angular_controller-1] [INFO] [1790571633.398986074] [depth_angular_controller]: NO_REGULAR_FIELD
[depth_angular_controller-1] [INFO] [1790571633.901459101] [depth_angular_controller]: PAPER_EVIDENCE retained=32 balls=32 revoked_balls=0 expired_views=0 evicted_views=62 radius=0.570 clearance=0.000 best_prefix=3.667
[depth_angular_controller-1] [INFO] [1790571634.025398190] [depth_angular_controller]: TARGET_HOLD
[depth_angular_controller-1] [INFO] [1790571634.124569986] [depth_angular_controller]: ANGULAR_STEP_BLOCKED
[depth_angular_controller-1] [INFO] [1790571634.134644850] [depth_angular_controller]: TARGET_HOLD
[depth_angular_controller-1] [INFO] [1790571634.234944354] [depth_angular_controller]: ANGULAR_STEP_BLOCKED
[depth_angular_controller-1] [INFO] [1790571634.246469698] [depth_angular_controller]: [PERF CTRL] run=envelope_horizon05 elapsed=38.91s callbacks=1176 commands=1175 guidance=1125 command_fps(ros/wall)=48.05/46.73 guidance_wall_fps=46.40 avoid_ms(mean/p50/p95/max)=4.335/0.138/22.807/34.455 cycle_ms(mean/p95/max)=21.399/45.690/111.313 depth_to_cmd_ms(mean/p95/max)=17.822/33.333/50.000 callback_to_publish_ms(mean/p95/max)=12.002/32.677/57.610
[depth_angular_controller-1] [INFO] [1790571634.246880183] [depth_angular_controller]: TARGET_HOLD
[position_cmd_to_twist-2] [INFO] [1790571634.809516984] [position_cmd_to_twist]: [PERF BRIDGE] run=envelope_horizon05 elapsed=39.36s received=1195 published=1195 fps(ros/wall)=48.02/46.56 controller_to_bridge_ms(mean/p50/p95/max)=6.402/0.000/33.333/50.000 bridge_process_ms(mean/p95/max)=0.103/0.130/2.692
[NAV] t=25.0s position=(-45.87,-9.09,1.02) yaw=-40.8deg command=(0.62,-0.54,0.00) manual_active=1 collision_blocks=0
[depth_angular_controller-1] [INFO] [1790571635.059806675] [depth_angular_controller]: PAPER_EVIDENCE retained=32 balls=32 revoked_balls=0 expired_views=0 evicted_views=66 radius=0.570 clearance=0.667 best_prefix=3.667
[depth_angular_controller-1] [INFO] [1790571636.123878323] [depth_angular_controller]: PAPER_EVIDENCE retained=32 balls=32 revoked_balls=0 expired_views=0 evicted_views=70 radius=0.570 clearance=0.667 best_prefix=3.667
[depth_angular_controller-1] [INFO] [1790571637.249057475] [depth_angular_controller]: PAPER_EVIDENCE retained=32 balls=32 revoked_balls=0 expired_views=0 evicted_views=74 radius=0.570 clearance=0.667 best_prefix=3.667
[depth_angular_controller-1] [INFO] [1790571638.265883590] [depth_angular_controller]: PAPER_EVIDENCE retained=32 balls=32 revoked_balls=0 expired_views=0 evicted_views=78 radius=0.570 clearance=0.667 best_prefix=3.667
[depth_angular_controller-1] [INFO] [1790571639.276345787] [depth_angular_controller]: [PERF CTRL] run=envelope_horizon05 elapsed=43.94s callbacks=1404 commands=1403 guidance=1353 command_fps(ros/wall)=48.18/46.50 guidance_wall_fps=46.21 avoid_ms(mean/p50/p95/max)=4.314/0.134/23.192/37.502 cycle_ms(mean/p95/max)=21.507/47.710/113.020 depth_to_cmd_ms(mean/p95/max)=17.812/33.333/50.000 callback_to_publish_ms(mean/p95/max)=12.211/33.010/57.610
[depth_angular_controller-1] [INFO] [1790571639.276404463] [depth_angular_controller]: PAPER_EVIDENCE retained=32 balls=32 revoked_balls=0 expired_views=0 evicted_views=82 radius=0.570 clearance=0.667 best_prefix=3.667
[position_cmd_to_twist-2] [INFO] [1790571640.176239298] [position_cmd_to_twist]: [PERF BRIDGE] run=envelope_horizon05 elapsed=44.73s received=1439 published=1439 fps(ros/wall)=48.15/46.36 controller_to_bridge_ms(mean/p50/p95/max)=6.463/0.000/33.333/50.000 bridge_process_ms(mean/p95/max)=0.103/0.131/2.692
[NAV] t=30.0s position=(-41.46,-11.26,1.02) yaw=-13.1deg command=(0.95,-0.22,0.00) manual_active=0 collision_blocks=0
[depth_angular_controller-1] [INFO] [1790571640.280851608] [depth_angular_controller]: ZERO_INTENT
[depth_angular_controller-1] [INFO] [1790571643.971386414] [depth_angular_controller]: 3D guidance switched to view 1
[depth_angular_controller-1] [INFO] [1790571643.984628943] [depth_angular_controller]: TARGET_HOLD
[depth_angular_controller-1] [INFO] [1790571643.984661878] [depth_angular_controller]: PAPER_EVIDENCE retained=32 balls=32 revoked_balls=0 expired_views=0 evicted_views=86 radius=0.570 clearance=0.667 best_prefix=3.667
[depth_angular_controller-1] [INFO] [1790571644.285678319] [depth_angular_controller]: [PERF CTRL] run=envelope_horizon05 elapsed=48.95s callbacks=1660 commands=1659 guidance=1409 command_fps(ros/wall)=48.39/47.15 guidance_wall_fps=41.09 avoid_ms(mean/p50/p95/max)=4.317/0.132/23.378/37.502 cycle_ms(mean/p95/max)=21.207/46.473/113.020 depth_to_cmd_ms(mean/p95/max)=17.932/33.333/50.000 callback_to_publish_ms(mean/p95/max)=11.792/32.398/57.610
[depth_angular_controller-1] [INFO] [1790571644.932096117] [depth_angular_controller]: 3D guidance switched to view 0
[position_cmd_to_twist-2] [INFO] [1790571644.962595521] [position_cmd_to_twist]: [PERF BRIDGE] run=envelope_horizon05 elapsed=49.52s received=1691 published=1691 fps(ros/wall)=48.42/47.17 controller_to_bridge_ms(mean/p50/p95/max)=5.717/0.000/33.333/50.000 bridge_process_ms(mean/p95/max)=0.104/0.134/2.692
[NAV] t=35.0s position=(-41.10,-10.81,1.02) yaw=58.1deg command=(-0.04,0.95,0.00) manual_active=1 collision_blocks=0
[depth_angular_controller-1] [INFO] [1790571645.123230662] [depth_angular_controller]: PAPER_EVIDENCE retained=24 balls=32 revoked_balls=0 expired_views=0 evicted_views=90 radius=0.570 clearance=0.667 best_prefix=3.667
[depth_angular_controller-1] [INFO] [1790571645.270945202] [depth_angular_controller]: OUTSIDE_FLOW_BOX
[depth_angular_controller-1] [INFO] [1790571645.280373901] [depth_angular_controller]: STATE_OUTSIDE_FREE_DOMAIN
[depth_angular_controller-1] [INFO] [1790571645.377636004] [depth_angular_controller]: TARGET_HOLD
[depth_angular_controller-1] [INFO] [1790571646.161204065] [depth_angular_controller]: PAPER_EVIDENCE retained=26 balls=32 revoked_balls=0 expired_views=0 evicted_views=90 radius=0.570 clearance=0.667 best_prefix=3.667
[depth_angular_controller-1] [INFO] [1790571647.100063594] [depth_angular_controller]: PAPER_EVIDENCE retained=30 balls=32 revoked_balls=0 expired_views=0 evicted_views=90 radius=0.570 clearance=0.667 best_prefix=3.667
[depth_angular_controller-1] [INFO] [1790571648.126043421] [depth_angular_controller]: PAPER_EVIDENCE retained=32 balls=32 revoked_balls=0 expired_views=0 evicted_views=92 radius=0.570 clearance=0.667 best_prefix=3.667
[depth_angular_controller-1] [INFO] [1790571649.126412077] [depth_angular_controller]: PAPER_EVIDENCE retained=32 balls=32 revoked_balls=0 expired_views=0 evicted_views=96 radius=0.570 clearance=0.667 best_prefix=3.667
[depth_angular_controller-1] [INFO] [1790571649.310795670] [depth_angular_controller]: [PERF CTRL] run=envelope_horizon05 elapsed=53.98s callbacks=1896 commands=1895 guidance=1645 command_fps(ros/wall)=48.25/47.13 guidance_wall_fps=41.84 avoid_ms(mean/p50/p95/max)=4.340/0.126/23.618/47.824 cycle_ms(mean/p95/max)=21.218/48.300/113.020 depth_to_cmd_ms(mean/p95/max)=18.186/33.333/50.000 callback_to_publish_ms(mean/p95/max)=11.857/32.413/57.610
[position_cmd_to_twist-2] [INFO] [1790571650.031532331] [position_cmd_to_twist]: [PERF BRIDGE] run=envelope_horizon05 elapsed=54.59s received=1927 published=1927 fps(ros/wall)=48.29/47.09 controller_to_bridge_ms(mean/p50/p95/max)=5.890/0.000/33.333/50.000 bridge_process_ms(mean/p95/max)=0.104/0.133/2.692
[NAV] t=40.0s position=(-41.15,-5.85,1.02) yaw=90.0deg command=(-0.00,1.00,0.00) manual_active=1 collision_blocks=0
[depth_angular_controller-1] [INFO] [1790571650.182369451] [depth_angular_controller]: PAPER_EVIDENCE retained=32 balls=32 revoked_balls=0 expired_views=0 evicted_views=100 radius=0.570 clearance=0.667 best_prefix=3.667
[depth_angular_controller-1] [INFO] [1790571651.154646708] [depth_angular_controller]: PAPER_EVIDENCE retained=32 balls=32 revoked_balls=0 expired_views=0 evicted_views=104 radius=0.570 clearance=0.667 best_prefix=3.667
[depth_angular_controller-1] [INFO] [1790571652.090563717] [depth_angular_controller]: PAPER_EVIDENCE retained=32 balls=32 revoked_balls=0 expired_views=0 evicted_views=108 radius=0.570 clearance=0.667 best_prefix=3.667
[depth_angular_controller-1] [INFO] [1790571653.206379791] [depth_angular_controller]: PAPER_EVIDENCE retained=32 balls=32 revoked_balls=0 expired_views=0 evicted_views=112 radius=0.570 clearance=0.667 best_prefix=3.667
[depth_angular_controller-1] [INFO] [1790571654.173876619] [depth_angular_controller]: ZERO_INTENT
[depth_angular_controller-1] [INFO] [1790571654.315983207] [depth_angular_controller]: [PERF CTRL] run=envelope_horizon05 elapsed=58.98s callbacks=2117 commands=2116 guidance=1857 command_fps(ros/wall)=47.90/46.80 guidance_wall_fps=42.05 avoid_ms(mean/p50/p95/max)=4.534/0.116/24.459/60.046 cycle_ms(mean/p95/max)=21.367/50.780/118.580 depth_to_cmd_ms(mean/p95/max)=18.166/33.333/50.000 callback_to_publish_ms(mean/p95/max)=12.062/33.118/67.000
[position_cmd_to_twist-2] [INFO] [1790571655.148238009] [position_cmd_to_twist]: [PERF BRIDGE] run=envelope_horizon05 elapsed=59.70s received=2154 published=2154 fps(ros/wall)=47.95/46.79 controller_to_bridge_ms(mean/p50/p95/max)=6.058/0.000/33.333/66.667 bridge_process_ms(mean/p95/max)=0.104/0.132/2.692
[NAV] t=45.0s position=(-41.15,-1.46,1.02) yaw=90.0deg command=(0.00,0.00,0.00) manual_active=0 collision_blocks=0
[depth_angular_controller-1] [INFO] [1790571657.029832125] [depth_angular_controller]: 3D guidance switched to view 1
[depth_angular_controller-1] [INFO] [1790571657.055609583] [depth_angular_controller]: TARGET_HOLD
[depth_angular_controller-1] [INFO] [1790571657.055642390] [depth_angular_controller]: PAPER_EVIDENCE retained=32 balls=32 revoked_balls=0 expired_views=0 evicted_views=121 radius=0.570 clearance=0.667 best_prefix=3.667
[depth_angular_controller-1] [INFO] [1790571657.965452231] [depth_angular_controller]: 3D guidance switched to view 0
[depth_angular_controller-1] [INFO] [1790571658.362566283] [depth_angular_controller]: PAPER_EVIDENCE retained=32 balls=32 revoked_balls=0 expired_views=0 evicted_views=125 radius=0.570 clearance=0.667 best_prefix=3.667
[depth_angular_controller-1] [INFO] [1790571659.312155345] [depth_angular_controller]: PAPER_EVIDENCE retained=32 balls=32 revoked_balls=0 expired_views=0 evicted_views=129 radius=0.570 clearance=0.667 best_prefix=3.667
[depth_angular_controller-1] [INFO] [1790571659.330563447] [depth_angular_controller]: [PERF CTRL] run=envelope_horizon05 elapsed=64.00s callbacks=2364 commands=2363 guidance=1962 command_fps(ros/wall)=48.12/47.05 guidance_wall_fps=39.77 avoid_ms(mean/p50/p95/max)=4.475/0.111/24.139/60.046 cycle_ms(mean/p95/max)=21.256/50.153/118.580 depth_to_cmd_ms(mean/p95/max)=18.383/33.333/50.000 callback_to_publish_ms(mean/p95/max)=11.828/32.641/67.000
[position_cmd_to_twist-2] [INFO] [1790571660.179993695] [position_cmd_to_twist]: [PERF BRIDGE] run=envelope_horizon05 elapsed=64.74s received=2404 published=2404 fps(ros/wall)=48.16/47.08 controller_to_bridge_ms(mean/p50/p95/max)=5.747/0.000/33.333/66.667 bridge_process_ms(mean/p95/max)=0.104/0.132/2.692
[NAV] t=50.0s position=(-43.66,-1.50,1.02) yaw=180.0deg command=(-1.00,-0.00,0.00) manual_active=1 collision_blocks=0
[depth_angular_controller-1] [INFO] [1790571660.386031070] [depth_angular_controller]: PAPER_EVIDENCE retained=32 balls=32 revoked_balls=0 expired_views=0 evicted_views=133 radius=0.570 clearance=0.667 best_prefix=3.667
[depth_angular_controller-1] [INFO] [1790571661.247333032] [depth_angular_controller]: NO_REGULAR_FIELD
[depth_angular_controller-1] [INFO] [1790571661.348271434] [depth_angular_controller]: PAPER_EVIDENCE retained=32 balls=32 revoked_balls=0 expired_views=0 evicted_views=137 radius=0.570 clearance=0.000 best_prefix=3.667
[depth_angular_controller-1] [INFO] [1790571661.808503303] [depth_angular_controller]: TARGET_HOLD
[depth_angular_controller-1] [INFO] [1790571662.075348359] [depth_angular_controller]: NO_REGULAR_FIELD
[depth_angular_controller-1] [INFO] [1790571662.277242138] [depth_angular_controller]: TARGET_HOLD
[depth_angular_controller-1] [INFO] [1790571662.369725534] [depth_angular_controller]: NO_REGULAR_FIELD
[depth_angular_controller-1] [INFO] [1790571662.369761778] [depth_angular_controller]: PAPER_EVIDENCE retained=17 balls=32 revoked_balls=0 expired_views=0 evicted_views=141 radius=0.570 clearance=0.000 best_prefix=3.667
[depth_angular_controller-1] [INFO] [1790571662.481757323] [depth_angular_controller]: TARGET_HOLD
[depth_angular_controller-1] [INFO] [1790571662.566168970] [depth_angular_controller]: NO_REGULAR_FIELD
[depth_angular_controller-1] [INFO] [1790571662.693199854] [depth_angular_controller]: TARGET_HOLD
[depth_angular_controller-1] [INFO] [1790571662.782329805] [depth_angular_controller]: NO_REGULAR_FIELD
[depth_angular_controller-1] [INFO] [1790571662.893193721] [depth_angular_controller]: TARGET_HOLD
[depth_angular_controller-1] [INFO] [1790571662.993482289] [depth_angular_controller]: NO_REGULAR_FIELD
[depth_angular_controller-1] [INFO] [1790571663.145373480] [depth_angular_controller]: TARGET_HOLD
[depth_angular_controller-1] [INFO] [1790571663.202347733] [depth_angular_controller]: 3D guidance switched to view 1
[depth_angular_controller-1] [INFO] [1790571663.222765290] [depth_angular_controller]: TRACKING
[depth_angular_controller-1] [INFO] [1790571663.295893146] [depth_angular_controller]: PAPER_EVIDENCE retained=19 balls=32 revoked_balls=0 expired_views=0 evicted_views=141 radius=0.570 clearance=0.667 best_prefix=3.667
[depth_angular_controller-1] [INFO] [1790571663.320776511] [depth_angular_controller]: TARGET_HOLD
[depth_angular_controller-1] [INFO] [1790571663.410444728] [depth_angular_controller]: TRACKING
[depth_angular_controller-1] [INFO] [1790571663.504895599] [depth_angular_controller]: TARGET_HOLD
[depth_angular_controller-1] [INFO] [1790571663.592799574] [depth_angular_controller]: 3D guidance switched to view 0
[depth_angular_controller-1] [INFO] [1790571664.193624447] [depth_angular_controller]: ANGULAR_STEP_BLOCKED
[depth_angular_controller-1] [INFO] [1790571664.202487474] [depth_angular_controller]: TARGET_HOLD
[depth_angular_controller-1] [INFO] [1790571664.217454290] [depth_angular_controller]: STATE_OUTSIDE_FREE_DOMAIN
[depth_angular_controller-1] [INFO] [1790571664.292111655] [depth_angular_controller]: TARGET_HOLD
[depth_angular_controller-1] [INFO] [1790571664.307272091] [depth_angular_controller]: PAPER_EVIDENCE retained=23 balls=32 revoked_balls=0 expired_views=0 evicted_views=141 radius=0.570 clearance=0.667 best_prefix=3.667
[depth_angular_controller-1] [INFO] [1790571664.342583581] [depth_angular_controller]: [PERF CTRL] run=envelope_horizon05 elapsed=69.01s callbacks=2614 commands=2613 guidance=2212 command_fps(ros/wall)=48.27/47.30 guidance_wall_fps=40.70 avoid_ms(mean/p50/p95/max)=4.487/0.117/23.311/60.046 cycle_ms(mean/p95/max)=21.140/49.160/118.580 depth_to_cmd_ms(mean/p95/max)=18.505/33.333/50.000 callback_to_publish_ms(mean/p95/max)=11.863/31.714/67.000
[depth_angular_controller-1] [INFO] [1790571664.814244198] [depth_angular_controller]: TRACKING
[depth_angular_controller-1] [INFO] [1790571664.909329530] [depth_angular_controller]: TARGET_HOLD
[position_cmd_to_twist-2] [INFO] [1790571665.101694633] [position_cmd_to_twist]: [PERF BRIDGE] run=envelope_horizon05 elapsed=69.66s received=2652 published=2652 fps(ros/wall)=48.29/47.37 controller_to_bridge_ms(mean/p50/p95/max)=5.901/0.000/33.333/66.667 bridge_process_ms(mean/p95/max)=0.104/0.132/2.692
[depth_angular_controller-1] [INFO] [1790571665.116859551] [depth_angular_controller]: TRACKING
[NAV] t=55.0s position=(-45.14,-3.05,1.24) yaw=254.2deg command=(-0.27,-0.96,0.10) manual_active=1 collision_blocks=0
[depth_angular_controller-1] [INFO] [1790571665.266874787] [depth_angular_controller]: PAPER_EVIDENCE retained=27 balls=32 revoked_balls=0 expired_views=0 evicted_views=141 radius=0.570 clearance=0.667 best_prefix=3.667
[depth_angular_controller-1] [INFO] [1790571665.732231080] [depth_angular_controller]: TARGET_HOLD
[depth_angular_controller-1] [INFO] [1790571665.842491994] [depth_angular_controller]: TRACKING
[depth_angular_controller-1] [INFO] [1790571666.139531662] [depth_angular_controller]: ANGULAR_STEP_BLOCKED
[depth_angular_controller-1] [INFO] [1790571666.148739588] [depth_angular_controller]: REFERENCE_INITIALIZATION
[depth_angular_controller-1] [INFO] [1790571666.225440988] [depth_angular_controller]: PAPER_EVIDENCE retained=31 balls=32 revoked_balls=0 expired_views=0 evicted_views=141 radius=0.570 clearance=0.667 best_prefix=3.667
[depth_angular_controller-1] [INFO] [1790571666.261893916] [depth_angular_controller]: TARGET_HOLD
[depth_angular_controller-1] [INFO] [1790571667.270558380] [depth_angular_controller]: ANGULAR_STEP_BLOCKED
[depth_angular_controller-1] [INFO] [1790571667.283023082] [depth_angular_controller]: TARGET_HOLD
[depth_angular_controller-1] [INFO] [1790571667.390311182] [depth_angular_controller]: PAPER_EVIDENCE retained=32 balls=32 revoked_balls=0 expired_views=0 evicted_views=144 radius=0.570 clearance=0.667 best_prefix=3.667
[depth_angular_controller-1] [INFO] [1790571667.701499840] [depth_angular_controller]: ANGULAR_STEP_BLOCKED
[depth_angular_controller-1] [INFO] [1790571667.712665537] [depth_angular_controller]: TARGET_HOLD
[depth_angular_controller-1] [INFO] [1790571667.814416675] [depth_angular_controller]: NO_REGULAR_FIELD
[depth_angular_controller-1] [INFO] [1790571668.389836198] [depth_angular_controller]: PAPER_EVIDENCE retained=32 balls=32 revoked_balls=0 expired_views=0 evicted_views=146 radius=0.570 clearance=0.000 best_prefix=3.667
[depth_angular_controller-1] [INFO] [1790571668.469168574] [depth_angular_controller]: 3D guidance switched to view 3
[depth_angular_controller-1] [INFO] [1790571668.512246826] [depth_angular_controller]: TARGET_HOLD
[depth_angular_controller-1] [INFO] [1790571668.856958879] [depth_angular_controller]: 3D guidance switched to view 0
[depth_angular_controller-1] [INFO] [1790571669.349777259] [depth_angular_controller]: [PERF CTRL] run=envelope_horizon05 elapsed=74.01s callbacks=2832 commands=2831 guidance=2430 command_fps(ros/wall)=48.01/46.99 guidance_wall_fps=40.94 avoid_ms(mean/p50/p95/max)=4.586/0.122/23.336/60.046 cycle_ms(mean/p95/max)=21.281/49.565/129.348 depth_to_cmd_ms(mean/p95/max)=18.477/33.333/50.000 callback_to_publish_ms(mean/p95/max)=12.086/32.413/67.000
[depth_angular_controller-1] [INFO] [1790571669.417692991] [depth_angular_controller]: ZERO_INTENT
[position_cmd_to_twist-2] [INFO] [1790571670.308082746] [position_cmd_to_twist]: [PERF BRIDGE] run=envelope_horizon05 elapsed=74.86s received=2879 published=2879 fps(ros/wall)=48.05/47.04 controller_to_bridge_ms(mean/p50/p95/max)=6.125/0.000/33.333/66.667 bridge_process_ms(mean/p95/max)=0.105/0.132/2.692
[NAV] t=60.0s position=(-46.82,-5.46,1.40) yaw=177.0deg command=(0.00,0.00,0.00) manual_active=0 collision_blocks=0
[depth_angular_controller-1] [INFO] [1790571672.100166506] [depth_angular_controller]: 3D guidance switched to view 1
[depth_angular_controller-1] [INFO] [1790571672.125127652] [depth_angular_controller]: TRACKING
[depth_angular_controller-1] [INFO] [1790571672.125164237] [depth_angular_controller]: PAPER_EVIDENCE retained=32 balls=32 revoked_balls=0 expired_views=0 evicted_views=154 radius=0.570 clearance=0.667 best_prefix=3.667
[depth_angular_controller-1] [INFO] [1790571672.138483145] [depth_angular_controller]: OUTSIDE_FLOW_BOX
[depth_angular_controller-1] [INFO] [1790571672.167444463] [depth_angular_controller]: TARGET_HOLD
[depth_angular_controller-1] [INFO] [1790571672.229732583] [depth_angular_controller]: 3D guidance switched to view 2
[depth_angular_controller-1] [INFO] [1790571672.561762274] [depth_angular_controller]: TRACKING
[depth_angular_controller-1] [INFO] [1790571672.578322952] [depth_angular_controller]: REFERENCE_INITIALIZATION
[depth_angular_controller-1] [INFO] [1790571672.626332433] [depth_angular_controller]: TRACKING
[depth_angular_controller-1] [INFO] [1790571672.777732100] [depth_angular_controller]: 3D guidance switched to view 3
[depth_angular_controller-1] [INFO] [1790571673.078797141] [depth_angular_controller]: PAPER_EVIDENCE retained=32 balls=32 revoked_balls=0 expired_views=0 evicted_views=158 radius=0.570 clearance=0.667 best_prefix=3.667
[depth_angular_controller-1] [INFO] [1790571673.229732057] [depth_angular_controller]: NO_REGULAR_FIELD
[depth_angular_controller-1] [INFO] [1790571674.232271739] [depth_angular_controller]: TARGET_HOLD
[depth_angular_controller-1] [INFO] [1790571674.306924164] [depth_angular_controller]: 3D guidance switched to view 0
[depth_angular_controller-1] [INFO] [1790571674.307178539] [depth_angular_controller]: PAPER_EVIDENCE retained=32 balls=32 revoked_balls=0 expired_views=0 evicted_views=162 radius=0.570 clearance=0.667 best_prefix=3.667
[depth_angular_controller-1] [INFO] [1790571674.358031984] [depth_angular_controller]: [PERF CTRL] run=envelope_horizon05 elapsed=79.02s callbacks=3083 commands=3082 guidance=2531 command_fps(ros/wall)=48.08/47.23 guidance_wall_fps=39.32 avoid_ms(mean/p50/p95/max)=4.674/0.127/23.127/60.046 cycle_ms(mean/p95/max)=21.173/48.300/129.348 depth_to_cmd_ms(mean/p95/max)=18.734/33.333/50.000 callback_to_publish_ms(mean/p95/max)=12.094/31.971/67.000
[depth_angular_controller-1] [INFO] [1790571674.427792638] [depth_angular_controller]: NO_REGULAR_FIELD
[depth_angular_controller-1] [INFO] [1790571674.666895672] [depth_angular_controller]: 3D guidance switched to view 3
[depth_angular_controller-1] [INFO] [1790571674.697913398] [depth_angular_controller]: REFERENCE_INITIALIZATION
[depth_angular_controller-1] [INFO] [1790571674.710244500] [depth_angular_controller]: TRACKING
[depth_angular_controller-1] [INFO] [1790571674.717250175] [depth_angular_controller]: REFERENCE_INITIALIZATION
[depth_angular_controller-1] [INFO] [1790571674.821426373] [depth_angular_controller]: 3D guidance switched to view 0
[depth_angular_controller-1] [INFO] [1790571674.834274190] [depth_angular_controller]: NO_REGULAR_FIELD
[depth_angular_controller-1] [INFO] [1790571674.939408532] [depth_angular_controller]: 3D guidance switched to view 3
[depth_angular_controller-1] [INFO] [1790571674.971535784] [depth_angular_controller]: TARGET_HOLD
[depth_angular_controller-1] [INFO] [1790571675.038346600] [depth_angular_controller]: 3D guidance switched to view 0
[depth_angular_controller-1] [INFO] [1790571675.193618163] [depth_angular_controller]: NO_REGULAR_FIELD
[position_cmd_to_twist-2] [INFO] [1790571675.220411391] [position_cmd_to_twist]: [PERF BRIDGE] run=envelope_horizon05 elapsed=79.78s received=3118 published=3118 fps(ros/wall)=48.05/47.18 controller_to_bridge_ms(mean/p50/p95/max)=6.168/0.000/33.333/66.667 bridge_process_ms(mean/p95/max)=0.105/0.133/2.692
[NAV] t=65.0s position=(-45.76,-5.53,1.57) yaw=3.0deg command=(0.16,0.01,0.00) manual_active=1 collision_blocks=0
[depth_angular_controller-1] [INFO] [1790571675.349684992] [depth_angular_controller]: TRACKING
[depth_angular_controller-1] [INFO] [1790571675.349716448] [depth_angular_controller]: PAPER_EVIDENCE retained=32 balls=32 revoked_balls=0 expired_views=0 evicted_views=166 radius=0.570 clearance=0.667 best_prefix=3.667
[depth_angular_controller-1] [INFO] [1790571675.464068386] [depth_angular_controller]: REFERENCE_INITIALIZATION
[depth_angular_controller-1] [INFO] [1790571675.526044057] [depth_angular_controller]: TRACKING
[depth_angular_controller-1] [INFO] [1790571675.636617454] [depth_angular_controller]: NO_REGULAR_FIELD
[depth_angular_controller-1] [INFO] [1790571675.983454865] [depth_angular_controller]: 3D guidance switched to view 3
[depth_angular_controller-1] [INFO] [1790571676.312293862] [depth_angular_controller]: PAPER_EVIDENCE retained=32 balls=32 revoked_balls=0 expired_views=0 evicted_views=170 radius=0.570 clearance=0.000 best_prefix=0.000
[depth_angular_controller-1] [INFO] [1790571677.240386817] [depth_angular_controller]: PAPER_EVIDENCE retained=32 balls=32 revoked_balls=0 expired_views=0 evicted_views=170 radius=0.570 clearance=0.000 best_prefix=0.000
[depth_angular_controller-1] [INFO] [1790571678.107967534] [depth_angular_controller]: PAPER_EVIDENCE retained=32 balls=32 revoked_balls=0 expired_views=0 evicted_views=170 radius=0.570 clearance=0.000 best_prefix=0.000
[depth_angular_controller-1] [INFO] [1790571678.956790750] [depth_angular_controller]: PAPER_EVIDENCE retained=32 balls=32 revoked_balls=0 expired_views=0 evicted_views=170 radius=0.570 clearance=0.000 best_prefix=0.000
[depth_angular_controller-1] [INFO] [1790571679.363608689] [depth_angular_controller]: [PERF CTRL] run=envelope_horizon05 elapsed=84.03s callbacks=3278 commands=3277 guidance=2726 command_fps(ros/wall)=47.18/46.64 guidance_wall_fps=39.30 avoid_ms(mean/p50/p95/max)=5.256/0.142/22.713/60.046 cycle_ms(mean/p95/max)=21.441/47.659/129.348 depth_to_cmd_ms(mean/p95/max)=18.703/33.333/50.000 callback_to_publish_ms(mean/p95/max)=12.740/31.733/67.000
[position_cmd_to_twist-2] [INFO] [1790571679.813621082] [position_cmd_to_twist]: [PERF BRIDGE] run=envelope_horizon05 elapsed=84.37s received=3293 published=3293 fps(ros/wall)=47.10/46.60 controller_to_bridge_ms(mean/p50/p95/max)=7.273/0.000/33.333/66.667 bridge_process_ms(mean/p95/max)=0.105/0.133/2.692
[NAV] t=70.0s position=(-45.63,-5.52,1.57) yaw=2.5deg command=(0.00,0.00,0.00) manual_active=1 collision_blocks=0
[depth_angular_controller-1] [INFO] [1790571680.016605447] [depth_angular_controller]: PAPER_EVIDENCE retained=32 balls=32 revoked_balls=0 expired_views=0 evicted_views=170 radius=0.570 clearance=0.000 best_prefix=0.000
[depth_angular_controller-1] [INFO] [1790571680.918701636] [depth_angular_controller]: PAPER_EVIDENCE retained=32 balls=32 revoked_balls=0 expired_views=0 evicted_views=170 radius=0.570 clearance=0.000 best_prefix=0.000
[depth_angular_controller-1] [INFO] [1790571681.836790604] [depth_angular_controller]: PAPER_EVIDENCE retained=32 balls=32 revoked_balls=0 expired_views=0 evicted_views=170 radius=0.570 clearance=0.000 best_prefix=0.000
[depth_angular_controller-1] [INFO] [1790571682.748382543] [depth_angular_controller]: PAPER_EVIDENCE retained=32 balls=32 revoked_balls=0 expired_views=0 evicted_views=170 radius=0.570 clearance=0.000 best_prefix=0.000
[depth_angular_controller-1] [INFO] [1790571683.649326218] [depth_angular_controller]: ZERO_INTENT
[depth_angular_controller-1] [INFO] [1790571684.376530086] [depth_angular_controller]: [PERF CTRL] run=envelope_horizon05 elapsed=89.04s callbacks=3472 commands=3471 guidance=2883 command_fps(ros/wall)=46.45/46.11 guidance_wall_fps=39.15 avoid_ms(mean/p50/p95/max)=5.788/0.155/22.333/60.046 cycle_ms(mean/p95/max)=21.687/47.659/129.348 depth_to_cmd_ms(mean/p95/max)=18.684/33.333/50.000 callback_to_publish_ms(mean/p95/max)=13.252/31.511/67.000
[position_cmd_to_twist-2] [INFO] [1790571684.549777781] [position_cmd_to_twist]: [PERF BRIDGE] run=envelope_horizon05 elapsed=89.10s received=3481 published=3481 fps(ros/wall)=46.46/46.14 controller_to_bridge_ms(mean/p50/p95/max)=8.025/0.000/33.333/66.667 bridge_process_ms(mean/p95/max)=0.106/0.133/2.751
[NAV] t=75.0s position=(-45.63,-5.52,1.57) yaw=2.5deg command=(0.00,0.00,0.00) manual_active=0 collision_blocks=0
[depth_angular_controller-1] [INFO] [1790571687.296686374] [depth_angular_controller]: 3D guidance switched to view 0
[depth_angular_controller-1] [INFO] [1790571687.310709874] [depth_angular_controller]: NO_REGULAR_FIELD
[depth_angular_controller-1] [INFO] [1790571687.310736533] [depth_angular_controller]: PAPER_EVIDENCE retained=32 balls=32 revoked_balls=0 expired_views=0 evicted_views=170 radius=0.570 clearance=0.000 best_prefix=0.000
[depth_angular_controller-1] [INFO] [1790571688.244764792] [depth_angular_controller]: PAPER_EVIDENCE retained=32 balls=32 revoked_balls=0 expired_views=0 evicted_views=170 radius=0.570 clearance=0.000 best_prefix=0.000
[position_cmd_to_twist-2] [INFO] [1790571689.101172562] [position_cmd_to_twist]: [PERF BRIDGE] run=envelope_horizon05 elapsed=93.66s received=3702 published=3702 fps(ros/wall)=46.33/46.28 controller_to_bridge_ms(mean/p50/p95/max)=8.045/0.000/33.333/66.667 bridge_process_ms(mean/p95/max)=0.106/0.135/2.751
[NAV] t=80.0s position=(-45.63,-5.52,1.57) yaw=2.5deg command=(0.00,0.00,0.00) manual_active=1 collision_blocks=0
[depth_angular_controller-1] [INFO] [1790571689.279630458] [depth_angular_controller]: PAPER_EVIDENCE retained=32 balls=32 revoked_balls=0 expired_views=0 evicted_views=170 radius=0.570 clearance=0.000 best_prefix=0.000
[depth_angular_controller-1] [INFO] [1790571689.384207287] [depth_angular_controller]: [PERF CTRL] run=envelope_horizon05 elapsed=94.05s callbacks=3713 commands=3712 guidance=2960 command_fps(ros/wall)=46.31/46.24 guidance_wall_fps=37.28 avoid_ms(mean/p50/p95/max)=6.026/0.160/22.139/60.046 cycle_ms(mean/p95/max)=21.628/47.109/129.348 depth_to_cmd_ms(mean/p95/max)=18.620/33.333/50.000 callback_to_publish_ms(mean/p95/max)=13.310/30.981/67.000
[depth_angular_controller-1] [INFO] [1790571690.266711038] [depth_angular_controller]: PAPER_EVIDENCE retained=32 balls=32 revoked_balls=0 expired_views=0 evicted_views=170 radius=0.570 clearance=0.000 best_prefix=0.000
[depth_angular_controller-1] [INFO] [1790571691.178077535] [depth_angular_controller]: PAPER_EVIDENCE retained=32 balls=32 revoked_balls=0 expired_views=0 evicted_views=170 radius=0.570 clearance=0.000 best_prefix=0.000
[depth_angular_controller-1] [INFO] [1790571692.052390276] [depth_angular_controller]: PAPER_EVIDENCE retained=32 balls=32 revoked_balls=0 expired_views=0 evicted_views=170 radius=0.570 clearance=0.000 best_prefix=0.000
[depth_angular_controller-1] [INFO] [1790571692.905354611] [depth_angular_controller]: PAPER_EVIDENCE retained=32 balls=32 revoked_balls=0 expired_views=0 evicted_views=170 radius=0.570 clearance=0.000 best_prefix=0.000
[position_cmd_to_twist-2] [INFO] [1790571693.653001791] [position_cmd_to_twist]: [PERF BRIDGE] run=envelope_horizon05 elapsed=98.21s received=3872 published=3872 fps(ros/wall)=45.61/45.80 controller_to_bridge_ms(mean/p50/p95/max)=8.953/0.000/33.333/66.667 bridge_process_ms(mean/p95/max)=0.107/0.135/2.751
[NAV] t=85.0s position=(-45.63,-5.52,1.57) yaw=2.5deg command=(0.00,0.00,0.00) manual_active=1 collision_blocks=0
[depth_angular_controller-1] [INFO] [1790571693.891298821] [depth_angular_controller]: PAPER_EVIDENCE retained=32 balls=32 revoked_balls=0 expired_views=0 evicted_views=170 radius=0.570 clearance=0.000 best_prefix=0.000
[depth_angular_controller-1] [INFO] [1790571694.401396643] [depth_angular_controller]: [PERF CTRL] run=envelope_horizon05 elapsed=99.07s callbacks=3902 commands=3901 guidance=3149 command_fps(ros/wall)=45.52/45.73 guidance_wall_fps=37.31 avoid_ms(mean/p50/p95/max)=6.564/0.179/21.923/60.046 cycle_ms(mean/p95/max)=21.866/46.960/129.348 depth_to_cmd_ms(mean/p95/max)=18.498/33.333/50.000 callback_to_publish_ms(mean/p95/max)=13.879/30.721/67.000
[depth_angular_controller-1] [INFO] [1790571694.742737534] [depth_angular_controller]: PAPER_EVIDENCE retained=32 balls=32 revoked_balls=0 expired_views=0 evicted_views=170 radius=0.570 clearance=0.000 best_prefix=0.000
[depth_angular_controller-1] [INFO] [1790571695.814905725] [depth_angular_controller]: PAPER_EVIDENCE retained=32 balls=32 revoked_balls=0 expired_views=0 evicted_views=170 radius=0.570 clearance=0.000 best_prefix=0.000
[depth_angular_controller-1] [INFO] [1790571696.847634403] [depth_angular_controller]: PAPER_EVIDENCE retained=32 balls=32 revoked_balls=0 expired_views=0 evicted_views=170 radius=0.570 clearance=0.000 best_prefix=0.000
[depth_angular_controller-1] [INFO] [1790571697.764299197] [depth_angular_controller]: PAPER_EVIDENCE retained=32 balls=32 revoked_balls=0 expired_views=0 evicted_views=170 radius=0.570 clearance=0.000 best_prefix=0.000
[position_cmd_to_twist-2] [INFO] [1790571698.682443719] [position_cmd_to_twist]: [PERF BRIDGE] run=envelope_horizon05 elapsed=103.24s received=4051 published=4051 fps(ros/wall)=45.07/45.22 controller_to_bridge_ms(mean/p50/p95/max)=9.726/0.000/33.333/66.667 bridge_process_ms(mean/p95/max)=0.106/0.135/2.751
[NAV] t=90.0s position=(-45.63,-5.52,1.57) yaw=2.5deg command=(0.00,0.00,0.00) manual_active=0 collision_blocks=0
[depth_angular_controller-1] [INFO] [1790571698.765641271] [depth_angular_controller]: ZERO_INTENT
[depth_angular_controller-1] [INFO] [1790571699.411370359] [depth_angular_controller]: [PERF CTRL] run=envelope_horizon05 elapsed=104.08s callbacks=4094 commands=4093 guidance=3302 command_fps(ros/wall)=45.08/45.32 guidance_wall_fps=37.20 avoid_ms(mean/p50/p95/max)=6.945/0.197/21.608/60.046 cycle_ms(mean/p95/max)=22.064/46.970/129.348 depth_to_cmd_ms(mean/p95/max)=18.418/33.333/50.000 callback_to_publish_ms(mean/p95/max)=14.237/30.594/67.000
[MANUAL RESULT] TIMEOUT position=(-45.628,-5.522,1.568)
[PERF ISAAC FINAL] run=envelope_horizon05 result=MANUAL_TIMEOUT wall=94.00s sim_frames=5643 fps(sim/wall)=60.02/60.03 command_changes=1632 collision_blocks=0 frame_interval_ms(mean/p50/p95/max)=16.551/15.191/18.198/82.844
[106.760s] Simulation App Shutting Down
[depth_angular_controller-1] [INFO] [1790571703.071085318] [rclcpp]: signal_handler(SIGINT/SIGTERM)
[depth_angular_controller-1] [INFO] [1790571703.072123549] [depth_angular_controller]: [PERF CTRL FINAL] run=envelope_horizon05 elapsed=107.74s callbacks=4256 commands=4255 guidance=3302 command_fps(ros/wall)=45.26/45.57 guidance_wall_fps=37.20 avoid_ms(mean/p50/p95/max)=6.945/0.197/21.608/60.046 cycle_ms(mean/p95/max)=21.944/46.645/129.348 depth_to_cmd_ms(mean/p95/max)=18.418/33.333/50.000 callback_to_publish_ms(mean/p95/max)=14.050/30.447/67.000
[position_cmd_to_twist-2] [INFO] [1790571703.072198548] [position_cmd_to_twist]: [PERF BRIDGE FINAL] run=envelope_horizon05 elapsed=107.63s received=4255 published=4255 fps(ros/wall)=45.26/45.57 controller_to_bridge_ms(mean/p50/p95/max)=9.299/0.000/33.333/66.667 bridge_process_ms(mean/p95/max)=0.107/0.136/2.751
[position_cmd_to_twist-2] Failed to publish log message to rosout: publisher's context is invalid, at ./src/rcl/publisher.c:389
[INFO] [depth_angular_controller-1]: process has finished cleanly [pid 21574]
[INFO] [position_cmd_to_twist-2]: process has finished cleanly [pid 21576]
