[PERF] run=envelope_optimized_no_seed log=/home/starry/isaac-data/EGO1P1/performance/envelope_20260928/performance.md
[INPUT] mode=trace scene_mode=cloud
[INFO] [launch]: All log files can be found below /tmp/fov_gvf_ego1p1_isaac_ros_log/2026-09-28-13-21-59-861566-starry-System-Product-Name-29019
[INFO] [launch]: Default logging verbosity is set to INFO
[INFO] [depth_angular_controller-1]: process started with pid [29021]
[INFO] [position_cmd_to_twist-2]: process started with pid [29023]
[depth_angular_controller-1] [INFO] [1790572919.894619650] [depth_angular_controller]: C++ controller commands publish on /position_cmd; horizontal views=4
[ROS CHECK] ROS_DOMAIN_ID=84 /position_cmd publishers=1
Type: pc_gvf_msgs/msg/PositionCommand
Publisher count: 1
Subscription count: 1
/depth_angular_controller
/position_cmd_to_twist
WARNING: All log messages before absl::InitializeLog() is called are written to STDERR
E0000 00:00:1790572920.852934   29062 descriptor_database.cc:633] File already exists in database: grpc/health/v1/health.proto
W0000 00:00:1790572920.852956   29062 message.cc:301] Protobuf GeneratedMessageFactory: File is already registered: grpc/health/v1/health.proto
2026-09-28T05:22:00Z [Info] [carb] Logging to file: /home/starry/isaac-data/isaacsim/kit/logs/Kit/Isaac-Sim Python/6.0/kit_20260928_132200.log
[0.043s] [ext: omni.assets.plugins-0.0.0] startup
[0.044s] [ext: omni.blobkey-1.1.2] startup
[0.044s] [ext: omni.kit.async_engine-0.0.3] startup
[0.315s] [ext: omni.client.lib-1.1.1] startup
[0.322s] [ext: omni.client-1.3.0] startup
[0.324s] [ext: omni.protobuf.lib-1.0.0] startup
[0.325s] [ext: omni.grpc.lib-1.0.0] startup
[0.328s] [ext: omni.metrics.core-0.0.3] startup
[0.328s] [ext: omni.datastore-0.0.0] startup
[0.329s] [ext: omni.gpu_foundation.shadercache.vulkan-1.0.0] startup
[0.331s] [ext: omni.hsscclient-1.1.4] startup
[0.331s] [ext: omni.stats-1.0.1] startup
[0.331s] [ext: omni.ujitso.default-1.0.0] startup
[0.334s] [ext: omni.gpu_foundation-0.0.0] startup
[0.464s] [ext: carb.windowing.plugins-1.0.1] startup
[0.464s] [ext: omni.kit.renderer.init-1.0.1] startup
2026-09-28T05:22:01Z [669ms] [Warning] [omni.rtx] Skipping unsupported non-NVIDIA GPU: AMD Unknown (RADV RAPHAEL_MENDOCINO)
2026-09-28T05:22:01Z [669ms] [Warning] [omni.rtx] Skipping unsupported non-NVIDIA GPU: AMD Unknown (RADV RAPHAEL_MENDOCINO)

|---------------------------------------------------------------------------------------------|
| Driver Version: 580.178.04    | Graphics API: Vulkan
|=============================================================================================|
| GPU | Name                             | Active | LDA | GPU Memory | Vendor-ID | LUID       |
|     |                                  |        |     |            | Device-ID | UUID       |
|     |                                  |        |     |            | Bus-ID    |            |
|---------------------------------------------------------------------------------------------|
| 0   | NVIDIA GeForce RTX 5070          | Yes: 0 |     | 12227   MB | 10de      | 0          |
|     |                                  |        |     |            | 2f04      | 348d89fe.. |
|     |                                  |        |     |            | 1         |            |
|---------------------------------------------------------------------------------------------|
| 1   | AMD Unknown (RADV RAPHAEL_MEND.. |        |     | 10755   MB | 1002      | 0          |
|     |                                  |        |     |            | 13c0      | 00000000.. |
|     |                                  |        |     |            | c         |            |
|=============================================================================================|
| OS: 22.04.5 LTS (Jammy Jellyfish) ubuntu, Version: 22.04.5, Kernel: 6.8.0-138-generic
| XServer Vendor: The X.Org Foundation, XServer Version: 12101004 (1.21.1.4)
| Processor: AMD Ryzen 5 9600X 6-Core Processor
| Cores: 6 | Logical Cores: 12
|---------------------------------------------------------------------------------------------|
| Total Memory (MB): 31241 | Free Memory: 24702
| Total Page/Swap (MB): 15624 | Free Page/Swap: 15624
|---------------------------------------------------------------------------------------------|
2026-09-28T05:22:01Z [883ms] [Warning] [omni.rtx] CPU performance profile is set to powersave. This profile sets the CPU to the lowest frequency reducing performance.
2026-09-28T05:22:01Z [892ms] [Warning] [omni.rtx] IOMMU is enabled.
[0.992s] [ext: omni.kit.pipapi-0.0.0] startup
[0.993s] [ext: omni.kit.pip_archive-0.0.0] startup
[0.994s] [ext: isaacsim.pip.newton-0.6.1] startup
[0.994s] [ext: omni.pip.compute-1.9.2] startup
[0.994s] [ext: omni.isaac.core_archive-5.3.1] startup
[0.994s] [ext: omni.kit.telemetry-0.5.2] startup
[1.013s] [ext: omni.kit.loop-isaac-1.6.0] startup
[1.014s] [ext: omni.kit.test-2.0.7] startup
[1.081s] [ext: omni.materialx.libs-1.0.9] startup
[1.086s] [ext: omni.gpucompute.plugins-0.0.0] startup
[1.087s] [ext: omni.usd.config-1.0.7] startup
[1.089s] [ext: omni.usd.libs-1.0.3] startup
[1.143s] [ext: omni.iray.libs-0.0.1] startup
[1.146s] [ext: omni.mdl-57.0.3] startup
[1.206s] [ext: omni.mdl.neuraylib-0.2.20] startup
[1.207s] [ext: omni.kit.usd.mdl-1.1.9] startup
[1.291s] [ext: omni.appwindow-1.2.2] startup
[1.292s] [ext: omni.kit.renderer.core-1.2.2] startup
2026-09-28T05:22:07Z [6,511ms] [Warning] [carb.windowing-glfw.gamepad] Joystick with unknown remapping detected (will be ignored):  BEITONG BEITONG A2P3A BFM DONGLE [03000000bc2000001c51000011010000]
[6.541s] [ext: omni.kit.renderer.capture-2.0.1] startup
[6.542s] [ext: omni.kit.renderer.imgui-2.0.6] startup
[6.579s] [ext: omni.ui-3.2.0] startup
[6.586s] [ext: omni.kit.mainwindow-1.0.3] startup
[6.587s] [ext: carb.audio-0.1.0] startup
[6.589s] [ext: omni.uiaudio-1.0.0] startup
[6.589s] [ext: omni.kit.uiapp-0.0.0] startup
[6.589s] [ext: omni.usd.schema.metrics.assembler-110.1.0] startup
[6.591s] [ext: omni.usd.schema.audio-0.0.1] startup
[6.594s] [ext: omni.usd_resolver-1.0.0] startup
[6.596s] [ext: omni.usd.core-1.8.3] startup
[6.598s] [ext: omni.metropolis.schema-0.0.3] startup
[6.599s] [ext: isaacsim.anim.robot.schema-0.1.1] startup
[6.599s] [ext: omni.usd.schema.anim-0.0.1] startup
[6.612s] [ext: omni.usd.schema.geospatial-0.0.1] startup
[6.613s] [ext: omni.usd.schema.omnigraph-1.0.1] startup
[6.618s] [ext: omni.usd.schema.semantics-0.0.0] startup
[6.619s] [ext: omni.activity.core-1.0.3] startup
[6.620s] [ext: omni.cubric-0.1.0] startup
[6.620s] [ext: omni.graph.exec-0.9.6] startup
[6.621s] [ext: omni.hydra.scene_delegate-0.3.5] startup
[6.623s] [ext: usdrt.scenegraph-7.6.3] startup
[6.641s] [ext: omni.hydra.usdrt_delegate-7.5.2] startup
[6.645s] [ext: omni.inspect-1.0.2] startup
[6.646s] [ext: omni.kit.actions.core-1.0.0] startup
[6.647s] [ext: omni.kit.audiodeviceenum-1.0.2] startup
[6.648s] [ext: omni.kit.commands-1.5.0] startup
[6.650s] [ext: omni.kit.exec.core-0.13.5] startup
[6.651s] [ext: omni.kit.usd_undo-0.1.8] startup
[6.652s] [ext: omni.kit.window.popup_dialog-2.0.25] startup
[6.654s] [ext: omni.kit.widget.nucleus_connector-2.3.1] startup
[6.657s] [ext: omni.timeline-1.1.0] startup
[6.658s] [ext: omni.usd-1.16.0] startup
[6.684s] [ext: omni.graph.core-3.1.2] startup
[6.686s] [ext: omni.kit.notification_manager-1.0.11] startup
[6.687s] [ext: isaacsim.core.deprecation_manager-0.4.2] startup
[6.688s] [ext: isaacsim.replicator.agent.schema-0.1.1] startup
[6.689s] [ext: isaacsim.robot.schema-6.3.7] startup
[6.693s] [ext: isaacsim.robot_motion.schema-0.2.1] startup
[6.694s] [ext: omni.anim.behavior.schema-110.1.0] startup
[6.697s] [ext: omni.anim.graph.schema-110.1.1] startup
[6.701s] [ext: omni.anim.navigation.schema-110.1.0] startup
[6.704s] [ext: omni.behavior.tree.schema-110.1.0] startup
[6.705s] [ext: omni.isaac.ml_archive-3.3.0] startup
[6.705s] [ext: omni.kit.asset_converter-6.0.1] startup
[6.714s] [ext: omni.pip.cloud-1.5.4] startup
[6.716s] [ext: omni.usd.schema.flow-110.0.0] startup
[6.716s] [ext: omni.usd.schema.mujoco-1.1.1] startup
[6.716s] [ext: omni.usd.schema.newton-1.2.1] startup
[6.717s] [ext: omni.usd.schema.omni_lens_distortion-1.0.0] startup
[6.717s] [ext: omni.usd.schema.omni_projectors-1.0.0] startup
[6.718s] [ext: omni.usd.schema.omni_sensors-0.0.0] startup
[6.724s] [ext: omni.usd.schema.omniscripting-1.0.1] startup
[6.727s] [ext: omni.usd.schema.physical_lighting-0.1.0] startup
[6.730s] [ext: omni.usd.schema.physx-110.1.13] startup
[6.753s] [ext: omni.usd.schema.render_settings.rtx-1.0.2] startup
[6.756s] [ext: omni.usd.schema.usd_particle_field-1.0.0] startup
[6.756s] [ext: isaacsim.core.version-2.1.1] startup
[6.757s] [ext: omni.kit.menu.core-1.2.0] startup
[6.758s] [ext: omni.kit.menu.utils-2.2.4] startup
[6.763s] [ext: isaacsim.app.about-2.3.1] startup
[6.767s] [ext: isaacsim.asset.transformer-1.2.5] startup
[6.769s] [ext: omni.scene.optimizer.core-110.1.0] startup
[6.799s] [ext: isaacsim.asset.importer.utils-1.8.1] startup
[6.801s] [ext: omni.convexdecomposition-110.1.13] startup
[6.802s] [ext: omni.physics-110.1.13] startup
[6.805s] [ext: omni.physx.gpu-110.1.13] startup
[6.805s] [ext: omni.physx.foundation-110.1.13] startup
[6.806s] [ext: omni.usdphysics-110.1.13] startup
[6.807s] [ext: omni.physx.cooking-110.1.13] startup
[6.809s] [ext: omni.physx-110.1.13] startup
[6.816s] [ext: omni.physics.physx-110.1.13] startup
[6.817s] [ext: isaacsim.asset.exporter.urdf-2.0.5] startup
[6.823s] [ext: omni.kit.clipboard-1.1.1] startup
[6.824s] [ext: omni.kit.usd.layers-2.6.1] startup
[6.829s] [ext: omni.kit.widget.context_menu-1.4.0] startup
[6.830s] [ext: omni.kit.context_menu-1.9.0] startup
[6.831s] [ext: omni.kit.helper.file_utils-0.1.10] startup
[6.832s] [ext: omni.kit.widget.nucleus_info-2.0.2] startup
[6.833s] [ext: omni.kit.search_core-1.0.8] startup
[6.833s] [ext: omni.kit.widget.path_field-2.0.13] startup
[6.834s] [ext: omni.kit.widget.browser_bar-2.0.10] startup
[6.834s] [ext: omni.kit.widget.filebrowser-2.13.4] startup
[6.838s] [ext: omni.kit.widget.options_menu-1.1.6] startup
[6.840s] [ext: omni.kit.widget.options_button-1.0.3] startup
[6.840s] [ext: omni.kit.widget.search_delegate-1.0.9] startup
[6.841s] [ext: omni.ui.scene-2.0.3] startup
[6.844s] [ext: omni.kit.window.filepicker-2.15.5] startup
[6.854s] [ext: omni.kit.window.file_importer-1.1.21] startup
[6.856s] [ext: omni.kit.material.library-3.1.2] startup
[6.859s] [ext: isaacsim.asset.transformer.rules-1.7.10] startup
[6.867s] [ext: omni.usdex.libs-2.2.2] startup
[6.873s] [ext: isaacsim.asset.importer.mjcf-3.10.1] startup
[6.875s] [ext: isaacsim.asset.importer.urdf-3.11.2] startup
[6.878s] [ext: omni.kit.primitive.mesh-1.1.0] startup
[6.880s] [ext: omni.kit.stage_template.core-1.1.22] startup
[6.880s] [ext: omni.kit.stage_templates-2.0.2] startup
[6.881s] [ext: omni.usd.metrics.assembler-110.1.2] startup
[6.883s] [ext: omni.warp.core-1.13.0] startup
[7.066s] [ext: isaacsim.core.experimental.utils-0.17.2] startup
[7.067s] [ext: omni.physics.stageupdate-110.1.13] startup
[7.069s] [ext: omni.physics.tensors-110.1.13] startup
[7.072s] [ext: omni.physx.tensors-110.1.13] startup
[7.075s] [ext: isaacsim.core.simulation_manager-1.15.6] startup
[7.085s] [ext: isaacsim.storage.native-1.9.3] startup
[7.086s] [ext: omni.usd.metrics.assembler.physics-110.1.13] startup
[7.087s] [ext: isaacsim.core.utils-4.1.7] startup
[7.089s] [ext: isaacsim.core.prims-0.11.7] startup
[7.977s] [ext: isaacsim.core.api-5.2.13] startup
[7.982s] [ext: isaacsim.core.cloner-1.7.3] startup
[7.983s] [ext: isaacsim.test.docstring-1.3.2] startup
[7.985s] [ext: isaacsim.core.experimental.prims-1.8.9] startup
[8.003s] [ext: isaacsim.core.experimental.primdata-0.3.2] startup
[8.004s] [ext: omni.graph.tools-1.81.0] startup
[8.023s] [ext: omni.graph-1.142.5] startup
[8.055s] [ext: isaacsim.core.experimental.actuators-0.1.2] startup
[8.068s] [ext: isaacsim.core.experimental.materials-0.7.1] startup
[8.070s] [ext: isaacsim.core.experimental.objects-0.8.1] startup
[8.123s] [ext: omni.hydra.engine.stats-1.0.5] startup
[8.126s] [ext: omni.hydra.rtx.shadercache.vulkan-1.0.0] startup
[8.126s] [ext: omni.index.libs-387500.4413.0] startup
[8.126s] [ext: omni.index-1.0.1] startup
[8.127s] [ext: omni.ujitso.client-0.0.0] startup
[8.127s] [ext: omni.usd.schema.playback-1.0.0] startup
[8.130s] [ext: omni.volume-0.5.2] startup
[8.133s] [ext: omni.hydra.rtx-1.0.4] startup
2026-09-28T05:22:08Z [8,124ms] [Warning] [omni.log] Source: omni.hydra was already registered.
[8.154s] [ext: omni.kit.hydra_texture-1.6.0] startup
[8.157s] [ext: omni.kit.raycast.query-1.2.0] startup
[8.160s] [ext: omni.kit.viewport.legacy_gizmos-1.0.24] startup
[8.162s] [ext: omni.kit.viewport.registry-104.0.6] startup
[8.163s] [ext: omni.kit.viewport.scene_camera_model-1.0.7] startup
[8.165s] [ext: omni.kit.widget.viewport-109.2.0] startup
[8.169s] [ext: omni.kit.window.drop_support-1.0.8] startup
[8.169s] [ext: omni.kit.viewport.window-109.0.2] startup
[8.183s] [ext: omni.kit.viewport.utility-2.0.1] startup
[8.184s] [ext: isaacsim.core.rendering_manager-0.4.3] startup
[8.204s] [ext: omni.graph.action_core-1.1.9] startup
[8.206s] [ext: omni.graph.action_nodes_core-2.11.0] startup
[8.208s] [ext: omni.graph.action_nodes-2.11.0] startup
[8.223s] [ext: omni.graph.action-2.10.2] startup
[8.224s] [ext: omni.graph.image.core-0.6.1] startup
[8.225s] [ext: omni.graph.image.nodes-1.3.1] startup
[8.225s] [ext: omni.graph.nodes_core-2.11.0] startup
[8.229s] [ext: omni.graph.nodes-2.12.0] startup
[8.233s] [ext: omni.kit.hotkeys.core-1.3.12] startup
[8.234s] [ext: omni.kit.property.adapter.core-1.1.1] startup
[8.236s] [ext: omni.kit.property.adapter.usd-1.0.5] startup
[8.237s] [ext: omni.kit.widget.filter-1.1.5] startup
[8.238s] [ext: omni.kit.widget.highlight_label-1.0.3] startup
[8.239s] [ext: omni.kit.widget.searchfield-1.1.8] startup
[8.240s] [ext: omni.kit.window.file_exporter-1.0.36] startup
[8.241s] [ext: omni.kit.widget.stage-4.4.0] startup
[8.248s] [ext: omni.kit.window.content_browser_registry-0.0.6] startup
[8.249s] [ext: omni.kit.window.file-2.0.10] startup
[8.251s] [ext: omni.kit.window.content_browser-3.1.8] startup
[8.260s] [ext: omni.kit.window.property-1.15.1] startup
[8.269s] [ext: omni.kit.property.usd-4.9.4] startup
[8.278s] [ext: omni.graph.scriptnode-2.10.2] startup
[8.285s] [ext: omni.kit.widget.searchable_combobox-1.0.7] startup
[8.286s] [ext: omni.kit.widget.settings-2.0.0] startup
[8.288s] [ext: omni.kit.window.preferences-1.8.3] startup
[8.292s] [ext: omni.kit.viewport.menubar.core-107.2.2] startup
[8.302s] [ext: omni.syntheticdata-0.6.15] startup
[8.324s] [ext: omni.replicator.nv-1.1.1] startup
[8.328s] [ext: omni.videoencoding-0.2.1] startup
[8.330s] [ext: omni.replicator.core-1.13.27] startup
2026-09-28T05:22:08Z [8,316ms] [Warning] [pxr.Semantics] pxr.Semantics is deprecated - please use Semantics instead
2026-09-28T05:22:08Z [8,380ms] [Warning] [omni.replicator.core.scripts.extension] No material configuration file, adding configuration to material settings directly.
[8.528s] [ext: isaacsim.core.nodes-5.10.5] startup
[8.553s] [ext: isaacsim.core.throttling-2.3.5] startup
[8.555s] [ext: omni.kit.manipulator.viewport-107.0.1] startup
[8.556s] [ext: omni.graph.visualization.nodes-2.1.4] startup
[8.567s] [ext: omni.kit.window.extensions-1.5.10] startup
[8.572s] [ext: isaacsim.gui.components-1.8.5] startup
[8.576s] [ext: isaacsim.robot.surface_gripper-3.6.2] startup
[8.585s] [ext: isaacsim.robot.manipulators-3.4.4] startup
[8.594s] [ext: isaacsim.robot_motion.lula-4.1.3] startup
[8.599s] [ext: isaacsim.robot_motion.motion_generation-8.2.9] startup
[8.604s] [ext: isaacsim.cortex.framework-1.0.18] startup
[8.605s] [ext: isaacsim.cortex.behaviors-2.0.17] startup
[8.606s] [ext: isaacsim.examples.base-1.3.2] startup
[8.607s] [ext: omni.kit.widget.zoombar-1.0.7] startup
[8.608s] [ext: omni.kit.browser.core-2.3.18] startup
[8.611s] [ext: omni.kit.browser.folder.core-2.0.2] startup
[8.614s] [ext: omni.kit.widget.stage_icons-1.0.8] startup
[8.615s] [ext: omni.kit.window.stage-2.6.1] startup
[8.618s] [ext: omni.kit.menu.stage-1.2.7] startup
[8.619s] [ext: omni.kit.usd.collect-3.0.6] startup
[8.621s] [ext: omni.kit.widget.prompt-1.0.7] startup
[8.622s] [ext: omni.kit.tool.collect-2.2.19] startup
[8.624s] [ext: isaacsim.examples.browser-0.3.2] startup
[8.625s] [ext: omni.kit.search.files-1.0.4] startup
[8.626s] [ext: omni.kit.widget.calendar-1.0.9] startup
[8.627s] [ext: omni.kit.widget.extended_searchfield-1.0.31] startup
[8.633s] [ext: omni.simready.content.browser-0.3.7] startup
[8.716s] [ext: isaacsim.gui.content_browser-0.4.3] startup
[8.718s] [ext: omni.kit.selection-0.1.6] startup
[8.719s] [ext: isaacsim.gui.menu-2.10.5] startup
[8.726s] [ext: isaacsim.gui.property-1.6.4] startup
[8.732s] [ext: omni.kit.viewport.actions-110.0.0] startup
[8.735s] [ext: omni.kit.viewport.menubar.display-107.1.3] startup
[8.737s] [ext: isaacsim.gui.sensors.icon-2.2.1] startup
[8.739s] [ext: omni.behavior.scripting.core-110.1.0] startup
[8.741s] [ext: isaacsim.replicator.behavior-1.5.4] startup
[8.742s] [ext: isaacsim.replicator.experimental.domain_randomization-1.2.5] startup
[8.755s] [ext: isaacsim.replicator.domain_randomization-1.2.2] startup
[8.821s] [ext: isaacsim.replicator.writers-1.5.4] startup
[8.842s] [ext: isaacsim.robot.experimental.wheeled_robots-0.2.11] startup
[8.861s] [ext: isaacsim.robot.policy.examples-5.2.12] startup
[8.878s] [ext: isaacsim.robot.wheeled_robots-5.2.4] startup
[8.881s] [ext: isaacsim.robot.wheeled_robots.nodes-0.1.5] startup
[8.897s] [ext: isaacsim.robot_motion.experimental.motion_generation-6.1.3] startup
[8.908s] [ext: isaacsim.robot_motion.cumotion-1.3.1] startup
[8.919s] [ext: omni.kit.numpy.common-0.1.3] startup
[8.920s] [ext: isaacsim.sensors.camera-1.7.9] startup
[8.947s] [ext: isaacsim.sensors.experimental.physics-3.0.2] startup
[8.953s] [ext: omni.sensors.net-1.0.1] startup
[8.955s] [ext: omni.sensors.nv.common-3.0.0] startup
[8.964s] [ext: omni.sensors.nv.materials-2.0.0] startup
[8.967s] [ext: omni.sensors.nv.acoustic-3.0.0] startup
[8.969s] [ext: omni.sensors.nv.ids-2.0.1] startup
[8.970s] [ext: omni.sensors.nv.lidar-3.0.0] startup
[8.973s] [ext: omni.sensors.nv.radar-3.0.0] startup
[8.975s] [ext: isaacsim.sensors.experimental.rtx-1.4.6] startup
[9.202s] [ext: isaacsim.sensors.physics.nodes-1.5.3] startup
[9.207s] [ext: isaacsim.util.debug_draw-3.2.3] startup
[9.211s] [ext: isaacsim.sensors.physx-2.5.5] startup
[9.218s] [ext: isaacsim.sensors.rtx-15.17.1] startup
[9.226s] [ext: isaacsim.simulation_app-2.18.4] startup
[9.227s] [ext: omni.anim.curve.core-1.6.0] startup
[9.235s] [ext: omni.graph.ui_nodes-2.11.1] startup
[9.254s] [ext: omni.hydra.scene_api-0.1.3] startup
[9.257s] [ext: omni.kit.manipulator.camera-110.0.0] startup
[9.260s] [ext: omni.kit.manipulator.selector-1.1.4] startup
[9.261s] [ext: omni.kit.manipulator.transform-107.0.0] startup
[9.265s] [ext: omni.kit.widget.toolbar-2.1.0] startup
[9.270s] [ext: omni.kit.manipulator.tool.snap-1.5.14] startup
[9.273s] [ext: omni.kit.viewport.manipulator.transform-107.0.4] startup
[9.275s] [ext: omni.kit.manipulator.prim.core-108.0.2] startup
[9.279s] [ext: omni.kit.manipulator.prim.usd-107.0.3] startup
[9.280s] [ext: omni.kit.manipulator.prim-108.0.0] startup
[9.280s] [ext: omni.kit.manipulator.selection-109.0.1] startup
[9.281s] [ext: omni.kit.menu.create-2.0.2] startup
[9.283s] [ext: omni.kit.property.audio-1.0.16] startup
[9.286s] [ext: omni.kit.property.camera-1.0.14] startup
[9.287s] [ext: omni.kit.property.geometry-2.1.2] startup
[9.289s] [ext: omni.kit.property.light-1.0.14] startup
2026-09-28T05:22:09Z [9,291ms] [Warning] [omni.usd] Encountered USD Warnings but USD Diagnostics are currently muted. To view USD Warnings, please set the '/persistent/app/usd/muteUsdDiagnostics' setting to false in Preferences page.
[9.316s] [ext: omni.kit.property.material-1.14.6] startup
[9.321s] [ext: omni.kit.property.render-1.2.2] startup
[9.322s] [ext: omni.kit.property.transform-1.6.9] startup
[9.325s] [ext: omni.kit.property.bundle-1.5.1] startup
[9.326s] [ext: omni.kit.usdz_export-1.1.0] startup
[9.328s] [ext: omni.kit.tool.asset_importer-6.0.1] startup
[9.333s] [ext: omni.kit.ui.actions-1.0.5] startup
[9.334s] [ext: omni.kit.viewport.menubar.camera-107.0.10] startup
[9.338s] [ext: omni.kit.viewport.menubar.lighting-107.3.2] startup
[9.341s] [ext: omni.kit.viewport.menubar.render-110.0.0] startup
[9.343s] [ext: omni.kit.viewport.menubar.settings-110.0.1] startup
[9.346s] [ext: omni.kit.window.console-1.1.9] startup
[9.349s] [ext: omni.kit.window.status_bar-0.1.11] startup
[9.351s] [ext: omni.kit.window.toolbar-3.0.3] startup
[9.353s] [ext: omni.ocio-0.1.1] startup
[9.353s] [ext: omni.physx.commands-110.1.13] startup
[9.356s] [ext: omni.replicator.replicator_yaml-2.0.12] startup
[9.365s] [ext: omni.rtx.window.settings-0.8.0] startup
[9.369s] [ext: omni.rtx.settings.core-0.7.1] startup
[9.372s] [ext: omni.usd.metrics.assembler.ui-110.1.1] startup
[9.378s] [ext: semantics.schema.editor-2.0.2] startup
[9.380s] [ext: semantics.schema.property-2.0.2] startup
[9.381s] [ext: omni.kit.menu.common-2.0.2] startup
[9.382s] [ext: isaacsim.exp.base-6.0.1] startup
[9.383s] [ext: isaacsim.exp.base.python-6.0.1] startup
[9.384s] Simulation App Starting
[10.431s] Simulation App Startup Complete
[10.436s] app ready
Starting kit application with the following args:  ['/home/starry/isaac-data/isaacsim/exts/isaacsim.simulation_app/isaacsim/simulation_app/simulation_app.py', '/home/starry/isaac-data/isaacsim/apps/isaacsim.exp.base.python.kit', '--/app/tokens/exe-path=/home/starry/isaac-data/isaacsim/kit', '--/persistent/app/viewport/displayOptions=3094', '--/rtx/materialDb/syncLoads=True', '--/rtx/hydra/materialSyncLoads=True', '--/omni/kit/plugin/syncUsdLoads=True', '--/app/renderer/resolution/width=1280', '--/app/renderer/resolution/height=720', '--/app/window/width=1440', '--/app/window/height=900', '--/renderer/multiGpu/enabled=False', '--/app/fastShutdown=True', '--/app/installSignalHandlers=0', '--ext-folder', '/home/starry/isaac-data/isaacsim/exts', '--ext-folder', '/home/starry/isaac-data/isaacsim/apps', '--/renderer/activeGpu=0', '--/physics/cudaDevice=0', '--/plugins/carb.tasking.plugin/threadCount=12', '--/plugins/omni.tbb.globalcontrol/maxThreadCount=12', '--portable', '--no-window', '--/app/window/hideUi=1']
Passing the following args to the base kit application:  []
Warp 1.13.0 initialized:
   CUDA Toolkit 12.9, Driver 13.0
   Devices:
     "cpu"      : "x86_64"
     "cuda:0"   : "NVIDIA GeForce RTX 5070" (11 GiB, sm_120, mempool enabled)
   Kernel cache:
     /home/starry/.cache/warp/1.13.0
[LIGHTING] sun=800.0 (1) dome=0.0 (1) ambient=0.05 constant_color=(0.6, 0.65, 0.7)
[RENDER] mode=MinimalRendering minimal_shading_mode=2 anti_aliasing=TAA
[DEPTH CAMERAS] count=4 resolution_each=320x240 horizontal_coverage=360deg
[ESDF] path=/home/starry/isaac-data/EGO1P1/scenes/ego_swarm_cloud/occupancy.bin shape=(400, 300, 50) resolution=0.40m
[depth_angular_controller-1] [INFO] [1790572933.434996204] [depth_angular_controller]: WAITING_ODOMETRY
[NAV] t=0.0s position=(-64.00,-11.20,2.80) yaw=0.0deg command=(0.00,0.00,0.00) manual_active=0 collision_blocks=0
[depth_angular_controller-1] [INFO] [1790572934.017791559] [depth_angular_controller]: ZERO_INTENT
[depth_angular_controller-1] [INFO] [1790572934.841630081] [depth_angular_controller]: 3D guidance switched to view 0
[depth_angular_controller-1] [INFO] [1790572934.841721268] [depth_angular_controller]: UNOBSERVED_BODY_ENVELOPE
[depth_angular_controller-1] [INFO] [1790572934.841728752] [depth_angular_controller]: PAPER_EVIDENCE retained=4 balls=0 revoked_balls=0 expired_views=0 evicted_views=0 radius=0.580 clearance=0.000 best_prefix=0.000
[depth_angular_controller-1] [INFO] [1790572935.694985198] [depth_angular_controller]: PAPER_EVIDENCE retained=4 balls=0 revoked_balls=0 expired_views=0 evicted_views=0 radius=0.580 clearance=0.000 best_prefix=0.000
[depth_angular_controller-1] [INFO] [1790572936.503339564] [depth_angular_controller]: 3D guidance switched to view 1
[depth_angular_controller-1] [INFO] [1790572936.503429658] [depth_angular_controller]: PAPER_EVIDENCE retained=4 balls=0 revoked_balls=0 expired_views=0 evicted_views=0 radius=0.580 clearance=0.000 best_prefix=0.000
[10.956s] [ext: isaacsim.sensors.rtx.nodes-0.1.2] startup
[10.963s] [ext: isaacsim.ros2.core-1.9.4] startup
[10.977s] Attempting to load system rclpy
[10.977s] Could not import system rclpy: No module named 'rclpy'
[10.977s] Attempting to load internal rclpy for ROS Distro: humble
[10.988s] rclpy loaded
[10.992s] [ext: isaacsim.ros2.nodes-1.18.13] startup
[11.025s] [ext: isaacsim.ros2.examples-1.2.4] startup
[11.029s] [ext: isaacsim.ros2.ui-1.6.5] startup
[11.239s] [ext: isaacsim.ros2.bridge-5.1.2] startup
2026-09-28T05:22:14Z [13,504ms] [Warning] [omni.timeline.plugin] Deprecated: direct use of ITimeline callbacks is deprecated. Use ITimeline::getTimeline (Python: omni.timeline.get_timeline_interface) instead.
[depth_angular_controller-1] [INFO] [1790572937.314545572] [depth_angular_controller]: PAPER_EVIDENCE retained=4 balls=0 revoked_balls=0 expired_views=0 evicted_views=0 radius=0.580 clearance=0.000 best_prefix=0.000
[position_cmd_to_twist-2] [INFO] [1790572938.116859461] [position_cmd_to_twist]: [PERF BRIDGE] run=envelope_optimized_no_seed elapsed=18.11s received=245 published=245 fps(ros/wall)=49.80/59.79 controller_to_bridge_ms(mean/p50/p95/max)=0.000/0.000/0.000/0.000 bridge_process_ms(mean/p95/max)=0.086/0.106/0.164
[NAV] t=5.0s position=(-64.00,-11.20,2.80) yaw=0.0deg command=(0.00,0.00,0.00) manual_active=0 collision_blocks=0
[depth_angular_controller-1] [INFO] [1790572938.181095472] [depth_angular_controller]: ZERO_INTENT
[MANUAL RESULT] TIMEOUT position=(-64.000,-11.200,2.800)
[PERF ISAAC FINAL] run=envelope_optimized_no_seed result=MANUAL_TIMEOUT wall=5.58s sim_frames=363 fps(sim/wall)=60.33/65.01 command_changes=1 collision_blocks=0 frame_interval_ms(mean/p50/p95/max)=13.876/13.373/15.296/75.974
[18.747s] Simulation App Shutting Down
[depth_angular_controller-1] [INFO] [1790572939.688970642] [rclcpp]: signal_handler(SIGINT/SIGTERM)
[position_cmd_to_twist-2] [INFO] [1790572939.689480854] [position_cmd_to_twist]: [PERF BRIDGE FINAL] run=envelope_optimized_no_seed elapsed=19.69s received=300 published=300 fps(ros/wall)=49.83/59.88 controller_to_bridge_ms(mean/p50/p95/max)=0.000/0.000/0.000/0.000 bridge_process_ms(mean/p95/max)=0.086/0.109/0.164
[position_cmd_to_twist-2] Failed to publish log message to rosout: publisher's context is invalid, at ./src/rcl/publisher.c:389
[depth_angular_controller-1] [INFO] [1790572939.689573294] [depth_angular_controller]: [PERF CTRL FINAL] run=envelope_optimized_no_seed elapsed=19.79s callbacks=301 commands=300 guidance=199 command_fps(ros/wall)=49.83/59.88 guidance_wall_fps=59.55 avoid_ms(mean/p50/p95/max)=0.005/0.005/0.006/0.009 cycle_ms(mean/p95/max)=16.699/27.974/76.003 depth_to_cmd_ms(mean/p95/max)=26.214/33.333/50.000 callback_to_publish_ms(mean/p95/max)=3.747/4.603/5.801
[INFO] [depth_angular_controller-1]: process has finished cleanly [pid 29021]
[INFO] [position_cmd_to_twist-2]: process has finished cleanly [pid 29023]
