[PERF] run=envelope_optimized_wide log=/home/starry/isaac-data/EGO1P1/performance/envelope_20260928/performance.md
[INPUT] mode=trace scene_mode=cloud
[INFO] [launch]: All log files can be found below /tmp/fov_gvf_ego1p1_isaac_ros_log/2026-09-28-13-17-48-397610-starry-System-Product-Name-27642
[INFO] [launch]: Default logging verbosity is set to INFO
[INFO] [depth_angular_controller-1]: process started with pid [27644]
[INFO] [position_cmd_to_twist-2]: process started with pid [27646]
[depth_angular_controller-1] [INFO] [1790572668.430598226] [depth_angular_controller]: C++ controller commands publish on /position_cmd; horizontal views=4
[ROS CHECK] ROS_DOMAIN_ID=84 /position_cmd publishers=1
Type: pc_gvf_msgs/msg/PositionCommand
Publisher count: 1
Subscription count: 0
/depth_angular_controller
/position_cmd_to_twist
WARNING: All log messages before absl::InitializeLog() is called are written to STDERR
E0000 00:00:1790572669.389785   27685 descriptor_database.cc:633] File already exists in database: grpc/health/v1/health.proto
W0000 00:00:1790572669.389807   27685 message.cc:301] Protobuf GeneratedMessageFactory: File is already registered: grpc/health/v1/health.proto
2026-09-28T05:17:49Z [Info] [carb] Logging to file: /home/starry/isaac-data/isaacsim/kit/logs/Kit/Isaac-Sim Python/6.0/kit_20260928_131749.log
[0.044s] [ext: omni.assets.plugins-0.0.0] startup
[0.045s] [ext: omni.blobkey-1.1.2] startup
[0.045s] [ext: omni.kit.async_engine-0.0.3] startup
[0.315s] [ext: omni.client.lib-1.1.1] startup
[0.322s] [ext: omni.client-1.3.0] startup
[0.325s] [ext: omni.protobuf.lib-1.0.0] startup
[0.325s] [ext: omni.grpc.lib-1.0.0] startup
[0.328s] [ext: omni.metrics.core-0.0.3] startup
[0.329s] [ext: omni.datastore-0.0.0] startup
[0.329s] [ext: omni.gpu_foundation.shadercache.vulkan-1.0.0] startup
[0.331s] [ext: omni.hsscclient-1.1.4] startup
[0.331s] [ext: omni.stats-1.0.1] startup
[0.332s] [ext: omni.ujitso.default-1.0.0] startup
[0.335s] [ext: omni.gpu_foundation-0.0.0] startup
[0.462s] [ext: carb.windowing.plugins-1.0.1] startup
[0.463s] [ext: omni.kit.renderer.init-1.0.1] startup
2026-09-28T05:17:49Z [667ms] [Warning] [omni.rtx] Skipping unsupported non-NVIDIA GPU: AMD Unknown (RADV RAPHAEL_MENDOCINO)
2026-09-28T05:17:49Z [667ms] [Warning] [omni.rtx] Skipping unsupported non-NVIDIA GPU: AMD Unknown (RADV RAPHAEL_MENDOCINO)

|---------------------------------------------------------------------------------------------|
| Driver Version: 580.178.04    | Graphics API: Vulkan
|=============================================================================================|
| GPU | Name                             | Active | LDA | GPU Memory | Vendor-ID | LUID       |
|     |                                  |        |     |            | Device-ID | UUID       |
|     |                                  |        |     |            | Bus-ID    |            |
|---------------------------------------------------------------------------------------------|
| 0   | NVIDIA GeForce RTX 5070          | Yes: 0 |     | 12227   MB | 10de      | 0          |
|     |                                  |        |     |            | 2f04      | 348d89fe.. |
|     |                                  |        |     |            | 1         |            |
|---------------------------------------------------------------------------------------------|
| 1   | AMD Unknown (RADV RAPHAEL_MEND.. |        |     | 10755   MB | 1002      | 0          |
|     |                                  |        |     |            | 13c0      | 00000000.. |
|     |                                  |        |     |            | c         |            |
|=============================================================================================|
| OS: 22.04.5 LTS (Jammy Jellyfish) ubuntu, Version: 22.04.5, Kernel: 6.8.0-138-generic
| XServer Vendor: The X.Org Foundation, XServer Version: 12101004 (1.21.1.4)
| Processor: AMD Ryzen 5 9600X 6-Core Processor
| Cores: 6 | Logical Cores: 12
|---------------------------------------------------------------------------------------------|
| Total Memory (MB): 31241 | Free Memory: 24710
| Total Page/Swap (MB): 15624 | Free Page/Swap: 15624
|---------------------------------------------------------------------------------------------|
2026-09-28T05:17:49Z [879ms] [Warning] [omni.rtx] CPU performance profile is set to powersave. This profile sets the CPU to the lowest frequency reducing performance.
2026-09-28T05:17:49Z [887ms] [Warning] [omni.rtx] IOMMU is enabled.
[0.988s] [ext: omni.kit.pipapi-0.0.0] startup
[0.990s] [ext: omni.kit.pip_archive-0.0.0] startup
[0.990s] [ext: isaacsim.pip.newton-0.6.1] startup
[0.990s] [ext: omni.pip.compute-1.9.2] startup
[0.990s] [ext: omni.isaac.core_archive-5.3.1] startup
[0.990s] [ext: omni.kit.telemetry-0.5.2] startup
[1.009s] [ext: omni.kit.loop-isaac-1.6.0] startup
[1.010s] [ext: omni.kit.test-2.0.7] startup
[1.061s] [ext: omni.materialx.libs-1.0.9] startup
[1.068s] [ext: omni.gpucompute.plugins-0.0.0] startup
[1.068s] [ext: omni.usd.config-1.0.7] startup
[1.071s] [ext: omni.usd.libs-1.0.3] startup
[1.126s] [ext: omni.iray.libs-0.0.1] startup
[1.129s] [ext: omni.mdl-57.0.3] startup
[1.189s] [ext: omni.mdl.neuraylib-0.2.20] startup
[1.191s] [ext: omni.kit.usd.mdl-1.1.9] startup
[1.275s] [ext: omni.appwindow-1.2.2] startup
[1.277s] [ext: omni.kit.renderer.core-1.2.2] startup
2026-09-28T05:17:55Z [6,502ms] [Warning] [carb.windowing-glfw.gamepad] Joystick with unknown remapping detected (will be ignored):  BEITONG BEITONG A2P3A BFM DONGLE [03000000bc2000001c51000011010000]
[6.532s] [ext: omni.kit.renderer.capture-2.0.1] startup
[6.534s] [ext: omni.kit.renderer.imgui-2.0.6] startup
[6.569s] [ext: omni.ui-3.2.0] startup
[6.576s] [ext: omni.kit.mainwindow-1.0.3] startup
[6.577s] [ext: carb.audio-0.1.0] startup
[6.579s] [ext: omni.uiaudio-1.0.0] startup
[6.579s] [ext: omni.kit.uiapp-0.0.0] startup
[6.579s] [ext: omni.usd.schema.metrics.assembler-110.1.0] startup
[6.581s] [ext: omni.usd.schema.audio-0.0.1] startup
[6.584s] [ext: omni.usd_resolver-1.0.0] startup
[6.586s] [ext: omni.usd.core-1.8.3] startup
[6.588s] [ext: omni.metropolis.schema-0.0.3] startup
[6.589s] [ext: isaacsim.anim.robot.schema-0.1.1] startup
[6.589s] [ext: omni.usd.schema.anim-0.0.1] startup
[6.602s] [ext: omni.usd.schema.geospatial-0.0.1] startup
[6.604s] [ext: omni.usd.schema.omnigraph-1.0.1] startup
[6.608s] [ext: omni.usd.schema.semantics-0.0.0] startup
[6.610s] [ext: omni.activity.core-1.0.3] startup
[6.611s] [ext: omni.cubric-0.1.0] startup
[6.611s] [ext: omni.graph.exec-0.9.6] startup
[6.611s] [ext: omni.hydra.scene_delegate-0.3.5] startup
[6.614s] [ext: usdrt.scenegraph-7.6.3] startup
[6.632s] [ext: omni.hydra.usdrt_delegate-7.5.2] startup
[6.636s] [ext: omni.inspect-1.0.2] startup
[6.637s] [ext: omni.kit.actions.core-1.0.0] startup
[6.638s] [ext: omni.kit.audiodeviceenum-1.0.2] startup
[6.639s] [ext: omni.kit.commands-1.5.0] startup
[6.641s] [ext: omni.kit.exec.core-0.13.5] startup
[6.642s] [ext: omni.kit.usd_undo-0.1.8] startup
[6.643s] [ext: omni.kit.window.popup_dialog-2.0.25] startup
[6.645s] [ext: omni.kit.widget.nucleus_connector-2.3.1] startup
[6.647s] [ext: omni.timeline-1.1.0] startup
[6.649s] [ext: omni.usd-1.16.0] startup
[6.674s] [ext: omni.graph.core-3.1.2] startup
[6.677s] [ext: omni.kit.notification_manager-1.0.11] startup
[6.678s] [ext: isaacsim.core.deprecation_manager-0.4.2] startup
[6.679s] [ext: isaacsim.replicator.agent.schema-0.1.1] startup
[6.680s] [ext: isaacsim.robot.schema-6.3.7] startup
[6.684s] [ext: isaacsim.robot_motion.schema-0.2.1] startup
[6.684s] [ext: omni.anim.behavior.schema-110.1.0] startup
[6.687s] [ext: omni.anim.graph.schema-110.1.1] startup
[6.692s] [ext: omni.anim.navigation.schema-110.1.0] startup
[6.694s] [ext: omni.behavior.tree.schema-110.1.0] startup
[6.695s] [ext: omni.isaac.ml_archive-3.3.0] startup
[6.695s] [ext: omni.kit.asset_converter-6.0.1] startup
[6.703s] [ext: omni.pip.cloud-1.5.4] startup
[6.705s] [ext: omni.usd.schema.flow-110.0.0] startup
[6.706s] [ext: omni.usd.schema.mujoco-1.1.1] startup
[6.706s] [ext: omni.usd.schema.newton-1.2.1] startup
[6.707s] [ext: omni.usd.schema.omni_lens_distortion-1.0.0] startup
[6.707s] [ext: omni.usd.schema.omni_projectors-1.0.0] startup
[6.708s] [ext: omni.usd.schema.omni_sensors-0.0.0] startup
[6.714s] [ext: omni.usd.schema.omniscripting-1.0.1] startup
[6.717s] [ext: omni.usd.schema.physical_lighting-0.1.0] startup
[6.719s] [ext: omni.usd.schema.physx-110.1.13] startup
[6.742s] [ext: omni.usd.schema.render_settings.rtx-1.0.2] startup
[6.745s] [ext: omni.usd.schema.usd_particle_field-1.0.0] startup
[6.745s] [ext: isaacsim.core.version-2.1.1] startup
[6.746s] [ext: omni.kit.menu.core-1.2.0] startup
[6.746s] [ext: omni.kit.menu.utils-2.2.4] startup
[6.752s] [ext: isaacsim.app.about-2.3.1] startup
[6.755s] [ext: isaacsim.asset.transformer-1.2.5] startup
[6.758s] [ext: omni.scene.optimizer.core-110.1.0] startup
[6.787s] [ext: isaacsim.asset.importer.utils-1.8.1] startup
[6.789s] [ext: omni.convexdecomposition-110.1.13] startup
[6.791s] [ext: omni.physics-110.1.13] startup
[6.793s] [ext: omni.physx.gpu-110.1.13] startup
[6.793s] [ext: omni.physx.foundation-110.1.13] startup
[6.794s] [ext: omni.usdphysics-110.1.13] startup
[6.795s] [ext: omni.physx.cooking-110.1.13] startup
[6.797s] [ext: omni.physx-110.1.13] startup
[6.804s] [ext: omni.physics.physx-110.1.13] startup
[6.805s] [ext: isaacsim.asset.exporter.urdf-2.0.5] startup
[6.811s] [ext: omni.kit.clipboard-1.1.1] startup
[6.812s] [ext: omni.kit.usd.layers-2.6.1] startup
[6.817s] [ext: omni.kit.widget.context_menu-1.4.0] startup
[6.818s] [ext: omni.kit.context_menu-1.9.0] startup
[6.819s] [ext: omni.kit.helper.file_utils-0.1.10] startup
[6.820s] [ext: omni.kit.widget.nucleus_info-2.0.2] startup
[6.821s] [ext: omni.kit.search_core-1.0.8] startup
[6.821s] [ext: omni.kit.widget.path_field-2.0.13] startup
[6.822s] [ext: omni.kit.widget.browser_bar-2.0.10] startup
[6.822s] [ext: omni.kit.widget.filebrowser-2.13.4] startup
[6.826s] [ext: omni.kit.widget.options_menu-1.1.6] startup
[6.827s] [ext: omni.kit.widget.options_button-1.0.3] startup
[6.828s] [ext: omni.kit.widget.search_delegate-1.0.9] startup
[6.829s] [ext: omni.ui.scene-2.0.3] startup
[6.832s] [ext: omni.kit.window.filepicker-2.15.5] startup
[6.841s] [ext: omni.kit.window.file_importer-1.1.21] startup
[6.843s] [ext: omni.kit.material.library-3.1.2] startup
[6.847s] [ext: isaacsim.asset.transformer.rules-1.7.10] startup
[6.854s] [ext: omni.usdex.libs-2.2.2] startup
[6.860s] [ext: isaacsim.asset.importer.mjcf-3.10.1] startup
[6.862s] [ext: isaacsim.asset.importer.urdf-3.11.2] startup
[6.865s] [ext: omni.kit.primitive.mesh-1.1.0] startup
[6.867s] [ext: omni.kit.stage_template.core-1.1.22] startup
[6.867s] [ext: omni.kit.stage_templates-2.0.2] startup
[6.868s] [ext: omni.usd.metrics.assembler-110.1.2] startup
[6.870s] [ext: omni.warp.core-1.13.0] startup
[7.051s] [ext: isaacsim.core.experimental.utils-0.17.2] startup
[7.052s] [ext: omni.physics.stageupdate-110.1.13] startup
[7.053s] [ext: omni.physics.tensors-110.1.13] startup
[7.057s] [ext: omni.physx.tensors-110.1.13] startup
[7.060s] [ext: isaacsim.core.simulation_manager-1.15.6] startup
[7.069s] [ext: isaacsim.storage.native-1.9.3] startup
[7.070s] [ext: omni.usd.metrics.assembler.physics-110.1.13] startup
[7.071s] [ext: isaacsim.core.utils-4.1.7] startup
[7.073s] [ext: isaacsim.core.prims-0.11.7] startup
[7.946s] [ext: isaacsim.core.api-5.2.13] startup
[7.951s] [ext: isaacsim.core.cloner-1.7.3] startup
[7.952s] [ext: isaacsim.test.docstring-1.3.2] startup
[7.954s] [ext: isaacsim.core.experimental.prims-1.8.9] startup
[7.973s] [ext: isaacsim.core.experimental.primdata-0.3.2] startup
[7.974s] [ext: omni.graph.tools-1.81.0] startup
[7.993s] [ext: omni.graph-1.142.5] startup
[8.024s] [ext: isaacsim.core.experimental.actuators-0.1.2] startup
[8.036s] [ext: isaacsim.core.experimental.materials-0.7.1] startup
[8.039s] [ext: isaacsim.core.experimental.objects-0.8.1] startup
[8.092s] [ext: omni.hydra.engine.stats-1.0.5] startup
[8.094s] [ext: omni.hydra.rtx.shadercache.vulkan-1.0.0] startup
[8.095s] [ext: omni.index.libs-387500.4413.0] startup
[8.095s] [ext: omni.index-1.0.1] startup
[8.095s] [ext: omni.ujitso.client-0.0.0] startup
[8.095s] [ext: omni.usd.schema.playback-1.0.0] startup
[8.098s] [ext: omni.volume-0.5.2] startup
[8.102s] [ext: omni.hydra.rtx-1.0.4] startup
2026-09-28T05:17:57Z [8,093ms] [Warning] [omni.log] Source: omni.hydra was already registered.
[8.123s] [ext: omni.kit.hydra_texture-1.6.0] startup
[8.126s] [ext: omni.kit.raycast.query-1.2.0] startup
[8.129s] [ext: omni.kit.viewport.legacy_gizmos-1.0.24] startup
[8.130s] [ext: omni.kit.viewport.registry-104.0.6] startup
[8.131s] [ext: omni.kit.viewport.scene_camera_model-1.0.7] startup
[8.134s] [ext: omni.kit.widget.viewport-109.2.0] startup
[8.137s] [ext: omni.kit.window.drop_support-1.0.8] startup
[8.138s] [ext: omni.kit.viewport.window-109.0.2] startup
[8.151s] [ext: omni.kit.viewport.utility-2.0.1] startup
[8.152s] [ext: isaacsim.core.rendering_manager-0.4.3] startup
[8.172s] [ext: omni.graph.action_core-1.1.9] startup
[8.174s] [ext: omni.graph.action_nodes_core-2.11.0] startup
[8.176s] [ext: omni.graph.action_nodes-2.11.0] startup
[8.191s] [ext: omni.graph.action-2.10.2] startup
[8.192s] [ext: omni.graph.image.core-0.6.1] startup
[8.193s] [ext: omni.graph.image.nodes-1.3.1] startup
[8.194s] [ext: omni.graph.nodes_core-2.11.0] startup
[8.197s] [ext: omni.graph.nodes-2.12.0] startup
[8.202s] [ext: omni.kit.hotkeys.core-1.3.12] startup
[8.202s] [ext: omni.kit.property.adapter.core-1.1.1] startup
[8.204s] [ext: omni.kit.property.adapter.usd-1.0.5] startup
[8.205s] [ext: omni.kit.widget.filter-1.1.5] startup
[8.206s] [ext: omni.kit.widget.highlight_label-1.0.3] startup
[8.207s] [ext: omni.kit.widget.searchfield-1.1.8] startup
[8.208s] [ext: omni.kit.window.file_exporter-1.0.36] startup
[8.209s] [ext: omni.kit.widget.stage-4.4.0] startup
[8.216s] [ext: omni.kit.window.content_browser_registry-0.0.6] startup
[8.217s] [ext: omni.kit.window.file-2.0.10] startup
[8.219s] [ext: omni.kit.window.content_browser-3.1.8] startup
[8.227s] [ext: omni.kit.window.property-1.15.1] startup
[8.236s] [ext: omni.kit.property.usd-4.9.4] startup
[8.245s] [ext: omni.graph.scriptnode-2.10.2] startup
[8.252s] [ext: omni.kit.widget.searchable_combobox-1.0.7] startup
[8.253s] [ext: omni.kit.widget.settings-2.0.0] startup
[8.254s] [ext: omni.kit.window.preferences-1.8.3] startup
[8.258s] [ext: omni.kit.viewport.menubar.core-107.2.2] startup
[8.268s] [ext: omni.syntheticdata-0.6.15] startup
[8.292s] [ext: omni.replicator.nv-1.1.1] startup
[8.297s] [ext: omni.videoencoding-0.2.1] startup
[8.298s] [ext: omni.replicator.core-1.13.27] startup
2026-09-28T05:17:57Z [8,285ms] [Warning] [pxr.Semantics] pxr.Semantics is deprecated - please use Semantics instead
2026-09-28T05:17:57Z [8,351ms] [Warning] [omni.replicator.core.scripts.extension] No material configuration file, adding configuration to material settings directly.
[8.496s] [ext: isaacsim.core.nodes-5.10.5] startup
[8.521s] [ext: isaacsim.core.throttling-2.3.5] startup
[8.522s] [ext: omni.kit.manipulator.viewport-107.0.1] startup
[8.523s] [ext: omni.graph.visualization.nodes-2.1.4] startup
[8.535s] [ext: omni.kit.window.extensions-1.5.10] startup
[8.539s] [ext: isaacsim.gui.components-1.8.5] startup
[8.543s] [ext: isaacsim.robot.surface_gripper-3.6.2] startup
[8.552s] [ext: isaacsim.robot.manipulators-3.4.4] startup
[8.561s] [ext: isaacsim.robot_motion.lula-4.1.3] startup
[8.566s] [ext: isaacsim.robot_motion.motion_generation-8.2.9] startup
[8.571s] [ext: isaacsim.cortex.framework-1.0.18] startup
[8.572s] [ext: isaacsim.cortex.behaviors-2.0.17] startup
[8.573s] [ext: isaacsim.examples.base-1.3.2] startup
[8.575s] [ext: omni.kit.widget.zoombar-1.0.7] startup
[8.575s] [ext: omni.kit.browser.core-2.3.18] startup
[8.578s] [ext: omni.kit.browser.folder.core-2.0.2] startup
[8.581s] [ext: omni.kit.widget.stage_icons-1.0.8] startup
[8.582s] [ext: omni.kit.window.stage-2.6.1] startup
[8.585s] [ext: omni.kit.menu.stage-1.2.7] startup
[8.586s] [ext: omni.kit.usd.collect-3.0.6] startup
[8.588s] [ext: omni.kit.widget.prompt-1.0.7] startup
[8.589s] [ext: omni.kit.tool.collect-2.2.19] startup
[8.590s] [ext: isaacsim.examples.browser-0.3.2] startup
[8.592s] [ext: omni.kit.search.files-1.0.4] startup
[8.593s] [ext: omni.kit.widget.calendar-1.0.9] startup
[8.594s] [ext: omni.kit.widget.extended_searchfield-1.0.31] startup
[8.600s] [ext: omni.simready.content.browser-0.3.7] startup
[8.687s] [ext: isaacsim.gui.content_browser-0.4.3] startup
[8.690s] [ext: omni.kit.selection-0.1.6] startup
[8.691s] [ext: isaacsim.gui.menu-2.10.5] startup
[8.698s] [ext: isaacsim.gui.property-1.6.4] startup
[8.703s] [ext: omni.kit.viewport.actions-110.0.0] startup
[8.707s] [ext: omni.kit.viewport.menubar.display-107.1.3] startup
[8.708s] [ext: isaacsim.gui.sensors.icon-2.2.1] startup
[8.711s] [ext: omni.behavior.scripting.core-110.1.0] startup
[8.713s] [ext: isaacsim.replicator.behavior-1.5.4] startup
[8.714s] [ext: isaacsim.replicator.experimental.domain_randomization-1.2.5] startup
[8.727s] [ext: isaacsim.replicator.domain_randomization-1.2.2] startup
[8.794s] [ext: isaacsim.replicator.writers-1.5.4] startup
[8.816s] [ext: isaacsim.robot.experimental.wheeled_robots-0.2.11] startup
[8.835s] [ext: isaacsim.robot.policy.examples-5.2.12] startup
[8.852s] [ext: isaacsim.robot.wheeled_robots-5.2.4] startup
[8.856s] [ext: isaacsim.robot.wheeled_robots.nodes-0.1.5] startup
[8.871s] [ext: isaacsim.robot_motion.experimental.motion_generation-6.1.3] startup
[8.882s] [ext: isaacsim.robot_motion.cumotion-1.3.1] startup
[8.894s] [ext: omni.kit.numpy.common-0.1.3] startup
[8.895s] [ext: isaacsim.sensors.camera-1.7.9] startup
[8.923s] [ext: isaacsim.sensors.experimental.physics-3.0.2] startup
[8.929s] [ext: omni.sensors.net-1.0.1] startup
[8.931s] [ext: omni.sensors.nv.common-3.0.0] startup
[8.940s] [ext: omni.sensors.nv.materials-2.0.0] startup
[8.943s] [ext: omni.sensors.nv.acoustic-3.0.0] startup
[8.945s] [ext: omni.sensors.nv.ids-2.0.1] startup
[8.946s] [ext: omni.sensors.nv.lidar-3.0.0] startup
[8.949s] [ext: omni.sensors.nv.radar-3.0.0] startup
[8.951s] [ext: isaacsim.sensors.experimental.rtx-1.4.6] startup
[9.180s] [ext: isaacsim.sensors.physics.nodes-1.5.3] startup
[9.185s] [ext: isaacsim.util.debug_draw-3.2.3] startup
[9.189s] [ext: isaacsim.sensors.physx-2.5.5] startup
[9.195s] [ext: isaacsim.sensors.rtx-15.17.1] startup
[9.203s] [ext: isaacsim.simulation_app-2.18.4] startup
[9.204s] [ext: omni.anim.curve.core-1.6.0] startup
[9.212s] [ext: omni.graph.ui_nodes-2.11.1] startup
[9.231s] [ext: omni.hydra.scene_api-0.1.3] startup
[9.234s] [ext: omni.kit.manipulator.camera-110.0.0] startup
[9.238s] [ext: omni.kit.manipulator.selector-1.1.4] startup
[9.239s] [ext: omni.kit.manipulator.transform-107.0.0] startup
[9.242s] [ext: omni.kit.widget.toolbar-2.1.0] startup
[9.247s] [ext: omni.kit.manipulator.tool.snap-1.5.14] startup
[9.251s] [ext: omni.kit.viewport.manipulator.transform-107.0.4] startup
[9.252s] [ext: omni.kit.manipulator.prim.core-108.0.2] startup
[9.257s] [ext: omni.kit.manipulator.prim.usd-107.0.3] startup
[9.258s] [ext: omni.kit.manipulator.prim-108.0.0] startup
[9.258s] [ext: omni.kit.manipulator.selection-109.0.1] startup
[9.259s] [ext: omni.kit.menu.create-2.0.2] startup
[9.260s] [ext: omni.kit.property.audio-1.0.16] startup
[9.263s] [ext: omni.kit.property.camera-1.0.14] startup
[9.264s] [ext: omni.kit.property.geometry-2.1.2] startup
[9.267s] [ext: omni.kit.property.light-1.0.14] startup
2026-09-28T05:17:58Z [9,268ms] [Warning] [omni.usd] Encountered USD Warnings but USD Diagnostics are currently muted. To view USD Warnings, please set the '/persistent/app/usd/muteUsdDiagnostics' setting to false in Preferences page.
[9.292s] [ext: omni.kit.property.material-1.14.6] startup
[9.297s] [ext: omni.kit.property.render-1.2.2] startup
[9.298s] [ext: omni.kit.property.transform-1.6.9] startup
[9.301s] [ext: omni.kit.property.bundle-1.5.1] startup
[9.302s] [ext: omni.kit.usdz_export-1.1.0] startup
[9.304s] [ext: omni.kit.tool.asset_importer-6.0.1] startup
[9.309s] [ext: omni.kit.ui.actions-1.0.5] startup
[9.310s] [ext: omni.kit.viewport.menubar.camera-107.0.10] startup
[9.314s] [ext: omni.kit.viewport.menubar.lighting-107.3.2] startup
[9.316s] [ext: omni.kit.viewport.menubar.render-110.0.0] startup
[9.318s] [ext: omni.kit.viewport.menubar.settings-110.0.1] startup
[9.321s] [ext: omni.kit.window.console-1.1.9] startup
[9.324s] [ext: omni.kit.window.status_bar-0.1.11] startup
[9.326s] [ext: omni.kit.window.toolbar-3.0.3] startup
[9.328s] [ext: omni.ocio-0.1.1] startup
[9.329s] [ext: omni.physx.commands-110.1.13] startup
[9.332s] [ext: omni.replicator.replicator_yaml-2.0.12] startup
[9.341s] [ext: omni.rtx.window.settings-0.8.0] startup
[9.344s] [ext: omni.rtx.settings.core-0.7.1] startup
[9.347s] [ext: omni.usd.metrics.assembler.ui-110.1.1] startup
[9.352s] [ext: semantics.schema.editor-2.0.2] startup
[9.355s] [ext: semantics.schema.property-2.0.2] startup
[9.356s] [ext: omni.kit.menu.common-2.0.2] startup
[9.357s] [ext: isaacsim.exp.base-6.0.1] startup
[9.357s] [ext: isaacsim.exp.base.python-6.0.1] startup
[9.358s] Simulation App Starting
[10.399s] Simulation App Startup Complete
[10.404s] app ready
Starting kit application with the following args:  ['/home/starry/isaac-data/isaacsim/exts/isaacsim.simulation_app/isaacsim/simulation_app/simulation_app.py', '/home/starry/isaac-data/isaacsim/apps/isaacsim.exp.base.python.kit', '--/app/tokens/exe-path=/home/starry/isaac-data/isaacsim/kit', '--/persistent/app/viewport/displayOptions=3094', '--/rtx/materialDb/syncLoads=True', '--/rtx/hydra/materialSyncLoads=True', '--/omni/kit/plugin/syncUsdLoads=True', '--/app/renderer/resolution/width=1280', '--/app/renderer/resolution/height=720', '--/app/window/width=1440', '--/app/window/height=900', '--/renderer/multiGpu/enabled=False', '--/app/fastShutdown=True', '--/app/installSignalHandlers=0', '--ext-folder', '/home/starry/isaac-data/isaacsim/exts', '--ext-folder', '/home/starry/isaac-data/isaacsim/apps', '--/renderer/activeGpu=0', '--/physics/cudaDevice=0', '--/plugins/carb.tasking.plugin/threadCount=12', '--/plugins/omni.tbb.globalcontrol/maxThreadCount=12', '--portable', '--no-window', '--/app/window/hideUi=1']
Passing the following args to the base kit application:  []
Warp 1.13.0 initialized:
   CUDA Toolkit 12.9, Driver 13.0
   Devices:
     "cpu"      : "x86_64"
     "cuda:0"   : "NVIDIA GeForce RTX 5070" (11 GiB, sm_120, mempool enabled)
   Kernel cache:
     /home/starry/.cache/warp/1.13.0
[LIGHTING] sun=800.0 (1) dome=0.0 (1) ambient=0.05 constant_color=(0.6, 0.65, 0.7)
[RENDER] mode=MinimalRendering minimal_shading_mode=2 anti_aliasing=TAA
[DEPTH CAMERAS] count=4 resolution_each=320x240 horizontal_coverage=360deg
[ESDF] path=/home/starry/isaac-data/EGO1P1/scenes/ego_swarm_cloud/occupancy.bin shape=(400, 300, 50) resolution=0.40m
[depth_angular_controller-1] [INFO] [1790572681.934962228] [depth_angular_controller]: WAITING_ODOMETRY
[NAV] t=0.0s position=(-64.00,-11.20,2.80) yaw=0.0deg command=(0.00,0.00,0.00) manual_active=0 collision_blocks=0
[depth_angular_controller-1] [INFO] [1790572682.523705554] [depth_angular_controller]: WAITING_VERIFIED_START_POSE
[depth_angular_controller-1] [INFO] [1790572682.556008797] [depth_angular_controller]: VERIFIED_FREE_SEED center=(-64.000,-11.200,2.800) radius=2.500 balls=1: verified fixed Cloud free ball; USD and occupancy SHA-256 matched
[depth_angular_controller-1] [INFO] [1790572682.556105494] [depth_angular_controller]: ZERO_INTENT
[depth_angular_controller-1] [INFO] [1790572683.359153934] [depth_angular_controller]: 3D guidance switched to view 0
[depth_angular_controller-1] [INFO] [1790572683.362363359] [depth_angular_controller]: TARGET_HOLD
[depth_angular_controller-1] [INFO] [1790572683.362388102] [depth_angular_controller]: PAPER_EVIDENCE retained=4 balls=1 revoked_balls=0 expired_views=0 evicted_views=0 radius=0.840 clearance=0.667 best_prefix=3.667
[depth_angular_controller-1] [INFO] [1790572684.458856326] [depth_angular_controller]: PAPER_EVIDENCE retained=8 balls=5 revoked_balls=0 expired_views=0 evicted_views=0 radius=0.840 clearance=0.667 best_prefix=3.667
[depth_angular_controller-1] [INFO] [1790572684.554061909] [depth_angular_controller]: ANGULAR_STEP_BLOCKED
[depth_angular_controller-1] [INFO] [1790572684.812167126] [depth_angular_controller]: TARGET_HOLD
[10.941s] [ext: isaacsim.sensors.rtx.nodes-0.1.2] startup
[10.949s] [ext: isaacsim.ros2.core-1.9.4] startup
[10.963s] Attempting to load system rclpy
[10.963s] Could not import system rclpy: No module named 'rclpy'
[10.963s] Attempting to load internal rclpy for ROS Distro: humble
[10.974s] rclpy loaded
[10.978s] [ext: isaacsim.ros2.nodes-1.18.13] startup
[11.012s] [ext: isaacsim.ros2.examples-1.2.4] startup
[11.016s] [ext: isaacsim.ros2.ui-1.6.5] startup
[11.227s] [ext: isaacsim.ros2.bridge-5.1.2] startup
2026-09-28T05:18:02Z [13,476ms] [Warning] [omni.timeline.plugin] Deprecated: direct use of ITimeline callbacks is deprecated. Use ITimeline::getTimeline (Python: omni.timeline.get_timeline_interface) instead.
[depth_angular_controller-1] [INFO] [1790572685.489179036] [depth_angular_controller]: PAPER_EVIDENCE retained=12 balls=12 revoked_balls=0 expired_views=0 evicted_views=0 radius=0.840 clearance=0.667 best_prefix=3.667
[depth_angular_controller-1] [INFO] [1790572686.419943437] [depth_angular_controller]: PAPER_EVIDENCE retained=16 balls=18 revoked_balls=0 expired_views=0 evicted_views=0 radius=0.840 clearance=0.667 best_prefix=3.667
[position_cmd_to_twist-2] [INFO] [1790572687.330643847] [position_cmd_to_twist]: [PERF BRIDGE] run=envelope_optimized_wide elapsed=18.45s received=246 published=246 fps(ros/wall)=50.00/51.16 controller_to_bridge_ms(mean/p50/p95/max)=0.813/0.000/0.000/16.667 bridge_process_ms(mean/p95/max)=0.094/0.115/0.975
[NAV] t=5.0s position=(-60.54,-11.20,2.80) yaw=0.0deg command=(1.00,0.00,0.00) manual_active=1 collision_blocks=0
[depth_angular_controller-1] [INFO] [1790572687.409571894] [depth_angular_controller]: PAPER_EVIDENCE retained=20 balls=25 revoked_balls=0 expired_views=0 evicted_views=0 radius=0.840 clearance=0.667 best_prefix=3.667
[depth_angular_controller-1] [INFO] [1790572687.466098906] [depth_angular_controller]: ANGULAR_STEP_BLOCKED
[depth_angular_controller-1] [INFO] [1790572687.541349040] [depth_angular_controller]: [PERF CTRL] run=envelope_optimized_wide elapsed=19.11s callbacks=259 commands=258 guidance=208 command_fps(ros/wall)=49.90/51.22 guidance_wall_fps=49.50 avoid_ms(mean/p50/p95/max)=1.593/0.040/10.945/15.757 cycle_ms(mean/p95/max)=19.524/32.886/91.494 depth_to_cmd_ms(mean/p95/max)=32.051/33.333/50.000 callback_to_publish_ms(mean/p95/max)=6.216/16.042/22.135
[depth_angular_controller-1] [INFO] [1790572687.570837049] [depth_angular_controller]: TARGET_HOLD
[depth_angular_controller-1] [INFO] [1790572687.989967126] [depth_angular_controller]: ANGULAR_STEP_BLOCKED
[depth_angular_controller-1] [INFO] [1790572688.114914843] [depth_angular_controller]: TARGET_HOLD
[depth_angular_controller-1] [INFO] [1790572688.333675105] [depth_angular_controller]: PAPER_EVIDENCE retained=24 balls=31 revoked_balls=0 expired_views=0 evicted_views=0 radius=0.840 clearance=0.269 best_prefix=2.498
[depth_angular_controller-1] [INFO] [1790572688.889192708] [depth_angular_controller]: NO_REGULAR_FIELD
[depth_angular_controller-1] [INFO] [1790572689.081652635] [depth_angular_controller]: TARGET_HOLD
[depth_angular_controller-1] [INFO] [1790572689.329106552] [depth_angular_controller]: PAPER_EVIDENCE retained=28 balls=32 revoked_balls=0 expired_views=0 evicted_views=0 radius=0.840 clearance=0.140 best_prefix=3.667
[depth_angular_controller-1] [INFO] [1790572689.391503636] [depth_angular_controller]: ANGULAR_STEP_BLOCKED
[depth_angular_controller-1] [INFO] [1790572689.401855323] [depth_angular_controller]: TARGET_HOLD
[depth_angular_controller-1] [INFO] [1790572689.499575759] [depth_angular_controller]: ANGULAR_STEP_BLOCKED
[depth_angular_controller-1] [INFO] [1790572689.507933809] [depth_angular_controller]: TARGET_HOLD
[depth_angular_controller-1] [INFO] [1790572689.614243519] [depth_angular_controller]: NO_REGULAR_FIELD
[depth_angular_controller-1] [INFO] [1790572689.867002608] [depth_angular_controller]: TARGET_HOLD
[depth_angular_controller-1] [INFO] [1790572689.928703883] [depth_angular_controller]: 3D guidance switched to view 1
[depth_angular_controller-1] [INFO] [1790572690.020485206] [depth_angular_controller]: 3D guidance switched to view 0
[depth_angular_controller-1] [INFO] [1790572690.329434498] [depth_angular_controller]: PAPER_EVIDENCE retained=32 balls=32 revoked_balls=0 expired_views=0 evicted_views=0 radius=0.840 clearance=0.667 best_prefix=3.667
[depth_angular_controller-1] [INFO] [1790572690.873386890] [depth_angular_controller]: TRACKING
[depth_angular_controller-1] [INFO] [1790572691.076644779] [depth_angular_controller]: TARGET_HOLD
[depth_angular_controller-1] [INFO] [1790572691.327883358] [depth_angular_controller]: PAPER_EVIDENCE retained=28 balls=32 revoked_balls=0 expired_views=0 evicted_views=0 radius=0.840 clearance=0.667 best_prefix=3.667
[position_cmd_to_twist-2] [INFO] [1790572692.160526332] [position_cmd_to_twist]: [PERF BRIDGE] run=envelope_optimized_wide elapsed=23.29s received=493 published=493 fps(ros/wall)=49.70/51.10 controller_to_bridge_ms(mean/p50/p95/max)=3.076/0.000/16.667/33.333 bridge_process_ms(mean/p95/max)=0.094/0.115/0.975
[NAV] t=10.0s position=(-59.08,-9.26,2.48) yaw=71.3deg command=(0.32,0.94,-0.13) manual_active=1 collision_blocks=0
[depth_angular_controller-1] [INFO] [1790572692.256237458] [depth_angular_controller]: PAPER_EVIDENCE retained=32 balls=32 revoked_balls=0 expired_views=0 evicted_views=0 radius=0.840 clearance=0.667 best_prefix=3.667
[depth_angular_controller-1] [INFO] [1790572692.437411712] [depth_angular_controller]: TRACKING
[depth_angular_controller-1] [INFO] [1790572692.546621579] [depth_angular_controller]: [PERF CTRL] run=envelope_optimized_wide elapsed=24.12s callbacks=514 commands=513 guidance=463 command_fps(ros/wall)=49.71/51.08 guidance_wall_fps=50.29 avoid_ms(mean/p50/p95/max)=2.625/0.113/13.971/18.657 cycle_ms(mean/p95/max)=19.576/34.153/91.494 depth_to_cmd_ms(mean/p95/max)=30.598/33.333/50.000 callback_to_publish_ms(mean/p95/max)=8.625/22.037/26.943
[depth_angular_controller-1] [INFO] [1790572692.546674606] [depth_angular_controller]: TARGET_HOLD
[depth_angular_controller-1] [INFO] [1790572693.194805208] [depth_angular_controller]: PAPER_EVIDENCE retained=32 balls=32 revoked_balls=0 expired_views=0 evicted_views=4 radius=0.840 clearance=0.667 best_prefix=3.667
[depth_angular_controller-1] [INFO] [1790572693.302493945] [depth_angular_controller]: TRACKING
[depth_angular_controller-1] [INFO] [1790572693.402080522] [depth_angular_controller]: TARGET_HOLD
[depth_angular_controller-1] [INFO] [1790572693.833190855] [depth_angular_controller]: TRACKING
[depth_angular_controller-1] [INFO] [1790572693.946674512] [depth_angular_controller]: TARGET_HOLD
[depth_angular_controller-1] [INFO] [1790572694.137590024] [depth_angular_controller]: PAPER_EVIDENCE retained=32 balls=32 revoked_balls=0 expired_views=0 evicted_views=8 radius=0.840 clearance=0.286 best_prefix=0.713
[depth_angular_controller-1] [INFO] [1790572694.713145923] [depth_angular_controller]: NO_REGULAR_FIELD
[depth_angular_controller-1] [INFO] [1790572694.870348979] [depth_angular_controller]: 3D guidance switched to view 3
[depth_angular_controller-1] [INFO] [1790572694.882974530] [depth_angular_controller]: TARGET_HOLD
[depth_angular_controller-1] [INFO] [1790572694.984211464] [depth_angular_controller]: ANGULAR_STEP_BLOCKED
[depth_angular_controller-1] [INFO] [1790572695.002836891] [depth_angular_controller]: TARGET_HOLD
[depth_angular_controller-1] [INFO] [1790572695.127731093] [depth_angular_controller]: PAPER_EVIDENCE retained=32 balls=32 revoked_balls=0 expired_views=0 evicted_views=12 radius=0.840 clearance=0.667 best_prefix=3.667
[depth_angular_controller-1] [INFO] [1790572695.231649055] [depth_angular_controller]: ANGULAR_STEP_BLOCKED
[depth_angular_controller-1] [INFO] [1790572695.246354686] [depth_angular_controller]: TARGET_HOLD
[depth_angular_controller-1] [INFO] [1790572695.334663826] [depth_angular_controller]: ANGULAR_STEP_BLOCKED
[depth_angular_controller-1] [INFO] [1790572695.343354512] [depth_angular_controller]: TARGET_HOLD
[depth_angular_controller-1] [INFO] [1790572695.441679962] [depth_angular_controller]: ANGULAR_STEP_BLOCKED
[depth_angular_controller-1] [INFO] [1790572695.449582559] [depth_angular_controller]: TARGET_HOLD
[depth_angular_controller-1] [INFO] [1790572695.773456055] [depth_angular_controller]: ANGULAR_STEP_BLOCKED
[depth_angular_controller-1] [INFO] [1790572695.781933791] [depth_angular_controller]: STATE_OUTSIDE_FREE_DOMAIN
[depth_angular_controller-1] [INFO] [1790572695.821112192] [depth_angular_controller]: 3D guidance switched to view 0
[depth_angular_controller-1] [INFO] [1790572695.876356093] [depth_angular_controller]: ANGULAR_STEP_BLOCKED
[depth_angular_controller-1] [INFO] [1790572696.257828895] [depth_angular_controller]: PAPER_EVIDENCE retained=32 balls=32 revoked_balls=0 expired_views=0 evicted_views=16 radius=0.840 clearance=0.000 best_prefix=3.667
[depth_angular_controller-1] [INFO] [1790572696.286123164] [depth_angular_controller]: TARGET_HOLD
[position_cmd_to_twist-2] [INFO] [1790572697.233678475] [position_cmd_to_twist]: [PERF BRIDGE] run=envelope_optimized_wide elapsed=28.36s received=741 published=741 fps(ros/wall)=49.66/50.31 controller_to_bridge_ms(mean/p50/p95/max)=3.666/0.000/16.667/33.333 bridge_process_ms(mean/p95/max)=0.094/0.117/0.975
[NAV] t=15.0s position=(-57.59,-7.97,2.45) yaw=-33.0deg command=(0.77,-0.50,0.19) manual_active=1 collision_blocks=0
[depth_angular_controller-1] [INFO] [1790572697.327548552] [depth_angular_controller]: PAPER_EVIDENCE retained=32 balls=32 revoked_balls=0 expired_views=0 evicted_views=20 radius=0.840 clearance=0.667 best_prefix=3.667
[depth_angular_controller-1] [INFO] [1790572697.553462858] [depth_angular_controller]: [PERF CTRL] run=envelope_optimized_wide elapsed=29.12s callbacks=759 commands=758 guidance=708 command_fps(ros/wall)=49.64/50.37 guidance_wall_fps=49.81 avoid_ms(mean/p50/p95/max)=2.675/0.181/14.457/18.657 cycle_ms(mean/p95/max)=19.854/36.559/103.905 depth_to_cmd_ms(mean/p95/max)=29.685/33.333/50.000 callback_to_publish_ms(mean/p95/max)=9.528/23.236/27.911
[depth_angular_controller-1] [INFO] [1790572698.604771990] [depth_angular_controller]: PAPER_EVIDENCE retained=32 balls=32 revoked_balls=0 expired_views=0 evicted_views=24 radius=0.840 clearance=0.667 best_prefix=3.667
[depth_angular_controller-1] [INFO] [1790572698.727227810] [depth_angular_controller]: NO_REGULAR_FIELD
[depth_angular_controller-1] [INFO] [1790572698.961290004] [depth_angular_controller]: TRACKING
[depth_angular_controller-1] [INFO] [1790572699.632799285] [depth_angular_controller]: PAPER_EVIDENCE retained=32 balls=32 revoked_balls=0 expired_views=0 evicted_views=28 radius=0.840 clearance=0.667 best_prefix=3.667
[depth_angular_controller-1] [INFO] [1790572700.705028985] [depth_angular_controller]: PAPER_EVIDENCE retained=32 balls=32 revoked_balls=0 expired_views=0 evicted_views=32 radius=0.840 clearance=0.667 best_prefix=3.667
[depth_angular_controller-1] [INFO] [1790572701.706291062] [depth_angular_controller]: PAPER_EVIDENCE retained=32 balls=32 revoked_balls=0 expired_views=0 evicted_views=36 radius=0.840 clearance=0.409 best_prefix=3.667
[depth_angular_controller-1] [INFO] [1790572702.581213999] [depth_angular_controller]: [PERF CTRL] run=envelope_optimized_wide elapsed=34.15s callbacks=989 commands=988 guidance=938 command_fps(ros/wall)=49.72/49.21 guidance_wall_fps=48.75 avoid_ms(mean/p50/p95/max)=2.525/0.172/13.867/18.657 cycle_ms(mean/p95/max)=20.322/39.088/103.905 depth_to_cmd_ms(mean/p95/max)=29.922/33.333/50.000 callback_to_publish_ms(mean/p95/max)=9.760/22.328/27.911
[depth_angular_controller-1] [INFO] [1790572702.618625220] [depth_angular_controller]: NO_REGULAR_FIELD
[position_cmd_to_twist-2] [INFO] [1790572702.633168434] [position_cmd_to_twist]: [PERF BRIDGE] run=envelope_optimized_wide elapsed=33.76s received=990 published=990 fps(ros/wall)=49.74/49.22 controller_to_bridge_ms(mean/p50/p95/max)=3.552/0.000/16.667/33.333 bridge_process_ms(mean/p95/max)=0.095/0.120/0.975
[NAV] t=20.0s position=(-54.25,-10.28,3.19) yaw=-48.3deg command=(0.06,-0.07,0.02) manual_active=1 collision_blocks=0
[depth_angular_controller-1] [INFO] [1790572702.772949310] [depth_angular_controller]: PAPER_EVIDENCE retained=32 balls=32 revoked_balls=0 expired_views=0 evicted_views=40 radius=0.840 clearance=0.000 best_prefix=0.148
[depth_angular_controller-1] [INFO] [1790572702.781219052] [depth_angular_controller]: 3D guidance switched to view 1
[depth_angular_controller-1] [INFO] [1790572702.789225678] [depth_angular_controller]: TARGET_HOLD
[depth_angular_controller-1] [INFO] [1790572702.878497825] [depth_angular_controller]: NO_REGULAR_FIELD
[depth_angular_controller-1] [INFO] [1790572703.011309705] [depth_angular_controller]: 3D guidance switched to view 0
[depth_angular_controller-1] [INFO] [1790572703.020478274] [depth_angular_controller]: TARGET_HOLD
[depth_angular_controller-1] [INFO] [1790572703.101526537] [depth_angular_controller]: 3D guidance switched to view 1
[depth_angular_controller-1] [INFO] [1790572703.109644297] [depth_angular_controller]: NO_REGULAR_FIELD
[depth_angular_controller-1] [INFO] [1790572703.211653750] [depth_angular_controller]: 3D guidance switched to view 0
[depth_angular_controller-1] [INFO] [1790572703.245641336] [depth_angular_controller]: TARGET_HOLD
[depth_angular_controller-1] [INFO] [1790572703.315896193] [depth_angular_controller]: 3D guidance switched to view 1
[depth_angular_controller-1] [INFO] [1790572703.769242207] [depth_angular_controller]: PAPER_EVIDENCE retained=32 balls=32 revoked_balls=0 expired_views=0 evicted_views=44 radius=0.840 clearance=0.667 best_prefix=3.667
[depth_angular_controller-1] [INFO] [1790572703.863309280] [depth_angular_controller]: TRACKING
[depth_angular_controller-1] [INFO] [1790572703.886158101] [depth_angular_controller]: 3D guidance switched to view 0
[depth_angular_controller-1] [INFO] [1790572703.972821113] [depth_angular_controller]: TARGET_HOLD
[depth_angular_controller-1] [INFO] [1790572704.174023257] [depth_angular_controller]: TRACKING
[depth_angular_controller-1] [INFO] [1790572704.268067058] [depth_angular_controller]: TARGET_HOLD
[depth_angular_controller-1] [INFO] [1790572704.831514716] [depth_angular_controller]: PAPER_EVIDENCE retained=31 balls=32 revoked_balls=0 expired_views=0 evicted_views=47 radius=0.840 clearance=0.667 best_prefix=3.667
[depth_angular_controller-1] [INFO] [1790572705.819665479] [depth_angular_controller]: PAPER_EVIDENCE retained=32 balls=32 revoked_balls=0 expired_views=0 evicted_views=50 radius=0.840 clearance=0.667 best_prefix=3.667
[depth_angular_controller-1] [INFO] [1790572706.736020910] [depth_angular_controller]: PAPER_EVIDENCE retained=32 balls=32 revoked_balls=0 expired_views=0 evicted_views=54 radius=0.840 clearance=0.667 best_prefix=3.667
[depth_angular_controller-1] [INFO] [1790572707.300758765] [depth_angular_controller]: TRACKING
[depth_angular_controller-1] [INFO] [1790572707.586173362] [depth_angular_controller]: [PERF CTRL] run=envelope_optimized_wide elapsed=39.16s callbacks=1242 commands=1241 guidance=1191 command_fps(ros/wall)=49.80/49.48 guidance_wall_fps=49.12 avoid_ms(mean/p50/p95/max)=2.529/0.162/13.867/20.214 cycle_ms(mean/p95/max)=20.212/38.345/103.905 depth_to_cmd_ms(mean/p95/max)=30.031/33.333/50.000 callback_to_publish_ms(mean/p95/max)=10.127/22.578/30.513
[position_cmd_to_twist-2] [INFO] [1790572707.595471735] [position_cmd_to_twist]: [PERF BRIDGE] run=envelope_optimized_wide elapsed=38.72s received=1241 published=1241 fps(ros/wall)=49.80/49.48 controller_to_bridge_ms(mean/p50/p95/max)=3.801/0.000/16.667/33.333 bridge_process_ms(mean/p95/max)=0.095/0.123/0.975
[NAV] t=25.0s position=(-51.91,-7.01,3.17) yaw=44.0deg command=(0.72,0.69,-0.05) manual_active=1 collision_blocks=0
[depth_angular_controller-1] [INFO] [1790572707.807803021] [depth_angular_controller]: PAPER_EVIDENCE retained=32 balls=32 revoked_balls=0 expired_views=0 evicted_views=58 radius=0.840 clearance=0.667 best_prefix=3.667
[depth_angular_controller-1] [INFO] [1790572708.280652984] [depth_angular_controller]: OUTSIDE_FLOW_BOX
[depth_angular_controller-1] [INFO] [1790572708.371382654] [depth_angular_controller]: TARGET_HOLD
[depth_angular_controller-1] [INFO] [1790572708.861628423] [depth_angular_controller]: PAPER_EVIDENCE retained=32 balls=32 revoked_balls=0 expired_views=0 evicted_views=62 radius=0.840 clearance=0.667 best_prefix=3.667
[depth_angular_controller-1] [INFO] [1790572709.728037871] [depth_angular_controller]: TRACKING
[depth_angular_controller-1] [INFO] [1790572709.850132843] [depth_angular_controller]: PAPER_EVIDENCE retained=32 balls=32 revoked_balls=0 expired_views=0 evicted_views=66 radius=0.840 clearance=0.667 best_prefix=3.667
[depth_angular_controller-1] [INFO] [1790572709.950344107] [depth_angular_controller]: TARGET_HOLD
[depth_angular_controller-1] [INFO] [1790572710.922418229] [depth_angular_controller]: PAPER_EVIDENCE retained=32 balls=32 revoked_balls=0 expired_views=0 evicted_views=70 radius=0.840 clearance=0.667 best_prefix=3.667
[depth_angular_controller-1] [INFO] [1790572711.141125713] [depth_angular_controller]: TRACKING
[depth_angular_controller-1] [INFO] [1790572711.415697505] [depth_angular_controller]: TARGET_HOLD
[depth_angular_controller-1] [INFO] [1790572711.979087256] [depth_angular_controller]: PAPER_EVIDENCE retained=32 balls=32 revoked_balls=0 expired_views=0 evicted_views=74 radius=0.840 clearance=0.193 best_prefix=0.481
[depth_angular_controller-1] [INFO] [1790572712.354251730] [depth_angular_controller]: TRACKING
[depth_angular_controller-1] [INFO] [1790572712.448331930] [depth_angular_controller]: NO_REGULAR_FIELD
[depth_angular_controller-1] [INFO] [1790572712.595222857] [depth_angular_controller]: [PERF CTRL] run=envelope_optimized_wide elapsed=44.16s callbacks=1466 commands=1465 guidance=1415 command_fps(ros/wall)=49.43/48.68 guidance_wall_fps=48.37 avoid_ms(mean/p50/p95/max)=2.921/0.160/15.231/43.842 cycle_ms(mean/p95/max)=20.541/41.729/103.905 depth_to_cmd_ms(mean/p95/max)=29.894/33.333/50.000 callback_to_publish_ms(mean/p95/max)=10.581/23.886/52.498
[depth_angular_controller-1] [INFO] [1790572712.638535474] [depth_angular_controller]: TARGET_HOLD
[depth_angular_controller-1] [INFO] [1790572712.700132198] [depth_angular_controller]: 3D guidance switched to view 1
[depth_angular_controller-1] [INFO] [1790572712.827592121] [depth_angular_controller]: SINGULAR_FIELD
[position_cmd_to_twist-2] [INFO] [1790572712.838540590] [position_cmd_to_twist]: [PERF BRIDGE] run=envelope_optimized_wide elapsed=43.96s received=1477 published=1477 fps(ros/wall)=49.39/48.71 controller_to_bridge_ms(mean/p50/p95/max)=4.367/0.000/16.667/50.000 bridge_process_ms(mean/p95/max)=0.095/0.123/0.975
[NAV] t=30.0s position=(-48.83,-4.80,2.86) yaw=44.2deg command=(-0.05,0.12,0.04) manual_active=0 collision_blocks=0
[depth_angular_controller-1] [INFO] [1790572712.923617447] [depth_angular_controller]: TARGET_HOLD
[depth_angular_controller-1] [INFO] [1790572712.935107789] [depth_angular_controller]: ZERO_INTENT
[depth_angular_controller-1] [INFO] [1790572716.416870732] [depth_angular_controller]: 3D guidance switched to view 0
[depth_angular_controller-1] [INFO] [1790572716.433044928] [depth_angular_controller]: TARGET_HOLD
[depth_angular_controller-1] [INFO] [1790572716.433073838] [depth_angular_controller]: PAPER_EVIDENCE retained=32 balls=32 revoked_balls=0 expired_views=0 evicted_views=82 radius=0.840 clearance=0.667 best_prefix=3.667
[depth_angular_controller-1] [INFO] [1790572716.489397542] [depth_angular_controller]: 3D guidance switched to view 1
[depth_angular_controller-1] [INFO] [1790572716.786589203] [depth_angular_controller]: 3D guidance switched to view 0
[depth_angular_controller-1] [INFO] [1790572717.257580769] [depth_angular_controller]: OUTSIDE_FLOW_BOX
[depth_angular_controller-1] [INFO] [1790572717.280802930] [depth_angular_controller]: TARGET_HOLD
[depth_angular_controller-1] [INFO] [1790572717.351655197] [depth_angular_controller]: OUTSIDE_FLOW_BOX
[depth_angular_controller-1] [INFO] [1790572717.358294193] [depth_angular_controller]: TARGET_HOLD
[position_cmd_to_twist-2] [INFO] [1790572717.399287517] [position_cmd_to_twist]: [PERF BRIDGE] run=envelope_optimized_wide elapsed=48.52s received=1728 published=1728 fps(ros/wall)=49.48/49.53 controller_to_bridge_ms(mean/p50/p95/max)=3.887/0.000/16.667/50.000 bridge_process_ms(mean/p95/max)=0.095/0.122/2.280
[depth_angular_controller-1] [INFO] [1790572717.450796420] [depth_angular_controller]: OUTSIDE_FLOW_BOX
[depth_angular_controller-1] [INFO] [1790572717.459312680] [depth_angular_controller]: TARGET_HOLD
[NAV] t=35.0s position=(-49.05,-4.33,2.71) yaw=115.1deg command=(-0.36,0.78,-0.25) manual_active=1 collision_blocks=0
[depth_angular_controller-1] [INFO] [1790572717.506480097] [depth_angular_controller]: PAPER_EVIDENCE retained=32 balls=32 revoked_balls=0 expired_views=0 evicted_views=86 radius=0.840 clearance=0.667 best_prefix=3.667
[depth_angular_controller-1] [INFO] [1790572717.545222002] [depth_angular_controller]: OUTSIDE_FLOW_BOX
[depth_angular_controller-1] [INFO] [1790572717.554366822] [depth_angular_controller]: TARGET_HOLD
[depth_angular_controller-1] [INFO] [1790572717.600842839] [depth_angular_controller]: [PERF CTRL] run=envelope_optimized_wide elapsed=49.17s callbacks=1740 commands=1739 guidance=1489 command_fps(ros/wall)=49.49/49.55 guidance_wall_fps=43.46 avoid_ms(mean/p50/p95/max)=2.938/0.165/15.411/43.842 cycle_ms(mean/p95/max)=20.182/40.401/103.905 depth_to_cmd_ms(mean/p95/max)=29.908/33.333/50.000 callback_to_publish_ms(mean/p95/max)=10.370/23.740/52.498
[depth_angular_controller-1] [INFO] [1790572717.656180350] [depth_angular_controller]: TRACKING
[depth_angular_controller-1] [INFO] [1790572717.750576090] [depth_angular_controller]: TARGET_HOLD
[depth_angular_controller-1] [INFO] [1790572717.844920180] [depth_angular_controller]: OUTSIDE_FLOW_BOX
[depth_angular_controller-1] [INFO] [1790572717.857295101] [depth_angular_controller]: TARGET_HOLD
[depth_angular_controller-1] [INFO] [1790572717.950782422] [depth_angular_controller]: OUTSIDE_FLOW_BOX
[depth_angular_controller-1] [INFO] [1790572717.960528564] [depth_angular_controller]: TARGET_HOLD
[depth_angular_controller-1] [INFO] [1790572718.069964072] [depth_angular_controller]: OUTSIDE_FLOW_BOX
[depth_angular_controller-1] [INFO] [1790572718.080653214] [depth_angular_controller]: TARGET_HOLD
[depth_angular_controller-1] [INFO] [1790572718.162519606] [depth_angular_controller]: OUTSIDE_FLOW_BOX
[depth_angular_controller-1] [INFO] [1790572718.170300358] [depth_angular_controller]: TRACKING
[depth_angular_controller-1] [INFO] [1790572718.528900830] [depth_angular_controller]: PAPER_EVIDENCE retained=32 balls=32 revoked_balls=0 expired_views=0 evicted_views=90 radius=0.840 clearance=0.667 best_prefix=3.667
[depth_angular_controller-1] [INFO] [1790572718.796456112] [depth_angular_controller]: NO_REGULAR_FIELD
[depth_angular_controller-1] [INFO] [1790572719.556211113] [depth_angular_controller]: PAPER_EVIDENCE retained=32 balls=32 revoked_balls=0 expired_views=0 evicted_views=94 radius=0.840 clearance=0.000 best_prefix=0.026
[depth_angular_controller-1] [INFO] [1790572720.404551756] [depth_angular_controller]: PAPER_EVIDENCE retained=32 balls=32 revoked_balls=0 expired_views=0 evicted_views=98 radius=0.840 clearance=0.000 best_prefix=0.028
[depth_angular_controller-1] [INFO] [1790572721.328925340] [depth_angular_controller]: PAPER_EVIDENCE retained=32 balls=32 revoked_balls=0 expired_views=0 evicted_views=98 radius=0.840 clearance=0.000 best_prefix=0.028
[position_cmd_to_twist-2] [INFO] [1790572722.153128220] [position_cmd_to_twist]: [PERF BRIDGE] run=envelope_optimized_wide elapsed=53.28s received=1978 published=1978 fps(ros/wall)=49.55/49.89 controller_to_bridge_ms(mean/p50/p95/max)=3.615/0.000/16.667/50.000 bridge_process_ms(mean/p95/max)=0.098/0.123/3.242
[NAV] t=40.0s position=(-49.61,-2.86,2.28) yaw=108.3deg command=(0.00,0.00,0.00) manual_active=1 collision_blocks=0
[depth_angular_controller-1] [INFO] [1790572722.345066644] [depth_angular_controller]: PAPER_EVIDENCE retained=32 balls=32 revoked_balls=0 expired_views=0 evicted_views=98 radius=0.840 clearance=0.000 best_prefix=0.028
[depth_angular_controller-1] [INFO] [1790572722.605733635] [depth_angular_controller]: [PERF CTRL] run=envelope_optimized_wide elapsed=54.17s callbacks=2001 commands=2000 guidance=1750 command_fps(ros/wall)=49.54/49.87 guidance_wall_fps=44.56 avoid_ms(mean/p50/p95/max)=2.878/0.205/15.190/43.842 cycle_ms(mean/p95/max)=20.051/38.845/103.905 depth_to_cmd_ms(mean/p95/max)=30.267/33.333/50.000 callback_to_publish_ms(mean/p95/max)=10.448/23.464/52.498
[depth_angular_controller-1] [INFO] [1790572723.266829289] [depth_angular_controller]: PAPER_EVIDENCE retained=32 balls=32 revoked_balls=0 expired_views=0 evicted_views=98 radius=0.840 clearance=0.000 best_prefix=0.028
[depth_angular_controller-1] [INFO] [1790572724.175322248] [depth_angular_controller]: PAPER_EVIDENCE retained=32 balls=32 revoked_balls=0 expired_views=0 evicted_views=98 radius=0.840 clearance=0.000 best_prefix=0.028
[depth_angular_controller-1] [INFO] [1790572725.037464089] [depth_angular_controller]: PAPER_EVIDENCE retained=32 balls=32 revoked_balls=0 expired_views=0 evicted_views=98 radius=0.840 clearance=0.000 best_prefix=0.028
[depth_angular_controller-1] [INFO] [1790572725.817986842] [depth_angular_controller]: ZERO_INTENT
[position_cmd_to_twist-2] [INFO] [1790572726.768606092] [position_cmd_to_twist]: [PERF BRIDGE] run=envelope_optimized_wide elapsed=57.89s received=2228 published=2228 fps(ros/wall)=49.60/50.34 controller_to_bridge_ms(mean/p50/p95/max)=3.344/0.000/16.667/50.000 bridge_process_ms(mean/p95/max)=0.098/0.122/3.242
[NAV] t=45.0s position=(-49.61,-2.86,2.28) yaw=108.3deg command=(0.00,0.00,0.00) manual_active=0 collision_blocks=0
[depth_angular_controller-1] [INFO] [1790572727.622209809] [depth_angular_controller]: [PERF CTRL] run=envelope_optimized_wide elapsed=59.19s callbacks=2276 commands=2275 guidance=1932 command_fps(ros/wall)=49.60/50.42 guidance_wall_fps=45.49 avoid_ms(mean/p50/p95/max)=2.845/0.270/14.616/43.842 cycle_ms(mean/p95/max)=19.832/38.013/103.905 depth_to_cmd_ms(mean/p95/max)=30.452/33.333/50.000 callback_to_publish_ms(mean/p95/max)=10.407/22.876/52.498
[depth_angular_controller-1] [INFO] [1790572728.644557095] [depth_angular_controller]: 3D guidance switched to view 1
[depth_angular_controller-1] [INFO] [1790572728.647180120] [depth_angular_controller]: NO_REGULAR_FIELD
[depth_angular_controller-1] [INFO] [1790572728.647197202] [depth_angular_controller]: PAPER_EVIDENCE retained=32 balls=32 revoked_balls=0 expired_views=0 evicted_views=98 radius=0.840 clearance=0.000 best_prefix=0.028
[depth_angular_controller-1] [INFO] [1790572729.496832855] [depth_angular_controller]: PAPER_EVIDENCE retained=32 balls=32 revoked_balls=0 expired_views=0 evicted_views=98 radius=0.840 clearance=0.000 best_prefix=0.028
[depth_angular_controller-1] [INFO] [1790572730.402253903] [depth_angular_controller]: PAPER_EVIDENCE retained=32 balls=32 revoked_balls=0 expired_views=0 evicted_views=98 radius=0.840 clearance=0.000 best_prefix=0.028
[position_cmd_to_twist-2] [INFO] [1790572731.177607757] [position_cmd_to_twist]: [PERF BRIDGE] run=envelope_optimized_wide elapsed=62.30s received=2478 published=2478 fps(ros/wall)=49.64/50.91 controller_to_bridge_ms(mean/p50/p95/max)=3.128/0.000/16.667/50.000 bridge_process_ms(mean/p95/max)=0.098/0.122/3.242
[NAV] t=50.0s position=(-49.61,-2.86,2.28) yaw=108.3deg command=(0.00,0.00,0.00) manual_active=1 collision_blocks=0
[depth_angular_controller-1] [INFO] [1790572731.260517704] [depth_angular_controller]: PAPER_EVIDENCE retained=32 balls=32 revoked_balls=0 expired_views=0 evicted_views=98 radius=0.840 clearance=0.000 best_prefix=0.028
[depth_angular_controller-1] [INFO] [1790572732.102536244] [depth_angular_controller]: PAPER_EVIDENCE retained=32 balls=32 revoked_balls=0 expired_views=0 evicted_views=98 radius=0.840 clearance=0.000 best_prefix=0.028
[depth_angular_controller-1] [INFO] [1790572732.633676879] [depth_angular_controller]: [PERF CTRL] run=envelope_optimized_wide elapsed=64.20s callbacks=2561 commands=2560 guidance=2160 command_fps(ros/wall)=49.64/51.07 guidance_wall_fps=43.82 avoid_ms(mean/p50/p95/max)=2.816/0.412/14.108/43.842 cycle_ms(mean/p95/max)=19.582/36.567/103.905 depth_to_cmd_ms(mean/p95/max)=30.764/33.333/50.000 callback_to_publish_ms(mean/p95/max)=10.413/22.031/52.498
[depth_angular_controller-1] [INFO] [1790572733.012367547] [depth_angular_controller]: PAPER_EVIDENCE retained=32 balls=32 revoked_balls=0 expired_views=0 evicted_views=98 radius=0.840 clearance=0.000 best_prefix=0.028
[depth_angular_controller-1] [INFO] [1790572733.866531516] [depth_angular_controller]: PAPER_EVIDENCE retained=32 balls=32 revoked_balls=0 expired_views=0 evicted_views=98 radius=0.840 clearance=0.000 best_prefix=0.028
[depth_angular_controller-1] [INFO] [1790572734.824660243] [depth_angular_controller]: PAPER_EVIDENCE retained=32 balls=32 revoked_balls=0 expired_views=0 evicted_views=98 radius=0.840 clearance=0.000 best_prefix=0.028
[position_cmd_to_twist-2] [INFO] [1790572735.588582268] [position_cmd_to_twist]: [PERF BRIDGE] run=envelope_optimized_wide elapsed=66.71s received=2728 published=2728 fps(ros/wall)=49.67/51.40 controller_to_bridge_ms(mean/p50/p95/max)=2.969/0.000/16.667/50.000 bridge_process_ms(mean/p95/max)=0.099/0.122/3.242
[NAV] t=55.0s position=(-49.61,-2.86,2.28) yaw=108.3deg command=(0.00,0.00,0.00) manual_active=1 collision_blocks=0
[depth_angular_controller-1] [INFO] [1790572735.672128429] [depth_angular_controller]: PAPER_EVIDENCE retained=32 balls=32 revoked_balls=0 expired_views=0 evicted_views=98 radius=0.840 clearance=0.000 best_prefix=0.028
[depth_angular_controller-1] [INFO] [1790572736.644200075] [depth_angular_controller]: PAPER_EVIDENCE retained=32 balls=32 revoked_balls=0 expired_views=0 evicted_views=98 radius=0.840 clearance=0.000 best_prefix=0.028
[depth_angular_controller-1] [INFO] [1790572737.545940946] [depth_angular_controller]: PAPER_EVIDENCE retained=32 balls=32 revoked_balls=0 expired_views=0 evicted_views=98 radius=0.840 clearance=0.000 best_prefix=0.028
[depth_angular_controller-1] [INFO] [1790572737.640276091] [depth_angular_controller]: [PERF CTRL] run=envelope_optimized_wide elapsed=69.21s callbacks=2840 commands=2839 guidance=2439 command_fps(ros/wall)=49.69/51.49 guidance_wall_fps=44.92 avoid_ms(mean/p50/p95/max)=2.791/1.764/13.669/43.842 cycle_ms(mean/p95/max)=19.421/36.078/103.905 depth_to_cmd_ms(mean/p95/max)=31.085/33.333/50.000 callback_to_publish_ms(mean/p95/max)=10.492/21.364/52.498
[depth_angular_controller-1] [INFO] [1790572738.526875230] [depth_angular_controller]: PAPER_EVIDENCE retained=32 balls=32 revoked_balls=0 expired_views=0 evicted_views=98 radius=0.840 clearance=0.000 best_prefix=0.028
[depth_angular_controller-1] [INFO] [1790572739.431960340] [depth_angular_controller]: ZERO_INTENT
[position_cmd_to_twist-2] [INFO] [1790572740.218629976] [position_cmd_to_twist]: [PERF BRIDGE] run=envelope_optimized_wide elapsed=71.34s received=2978 published=2978 fps(ros/wall)=49.70/51.61 controller_to_bridge_ms(mean/p50/p95/max)=2.849/0.000/16.667/50.000 bridge_process_ms(mean/p95/max)=0.100/0.125/3.242
[NAV] t=60.0s position=(-49.61,-2.86,2.28) yaw=108.3deg command=(0.00,0.00,0.00) manual_active=0 collision_blocks=0
[depth_angular_controller-1] [INFO] [1790572742.169812936] [depth_angular_controller]: 3D guidance switched to view 2
[depth_angular_controller-1] [INFO] [1790572742.172771508] [depth_angular_controller]: NO_REGULAR_FIELD
[depth_angular_controller-1] [INFO] [1790572742.172787009] [depth_angular_controller]: PAPER_EVIDENCE retained=32 balls=32 revoked_balls=0 expired_views=0 evicted_views=98 radius=0.840 clearance=0.000 best_prefix=0.028
[depth_angular_controller-1] [INFO] [1790572742.648397201] [depth_angular_controller]: [PERF CTRL] run=envelope_optimized_wide elapsed=74.22s callbacks=3112 commands=3111 guidance=2561 command_fps(ros/wall)=49.71/51.73 guidance_wall_fps=43.18 avoid_ms(mean/p50/p95/max)=2.780/2.023/13.398/43.842 cycle_ms(mean/p95/max)=19.333/35.499/103.905 depth_to_cmd_ms(mean/p95/max)=31.205/33.333/50.000 callback_to_publish_ms(mean/p95/max)=10.429/20.821/52.498
[depth_angular_controller-1] [INFO] [1790572743.058237304] [depth_angular_controller]: PAPER_EVIDENCE retained=32 balls=32 revoked_balls=0 expired_views=0 evicted_views=98 radius=0.840 clearance=0.000 best_prefix=0.028
[depth_angular_controller-1] [INFO] [1790572743.909963142] [depth_angular_controller]: PAPER_EVIDENCE retained=32 balls=32 revoked_balls=0 expired_views=0 evicted_views=98 radius=0.840 clearance=0.000 best_prefix=0.028
[position_cmd_to_twist-2] [INFO] [1790572744.817335520] [position_cmd_to_twist]: [PERF BRIDGE] run=envelope_optimized_wide elapsed=75.94s received=3228 published=3228 fps(ros/wall)=49.72/51.80 controller_to_bridge_ms(mean/p50/p95/max)=2.680/0.000/16.667/50.000 bridge_process_ms(mean/p95/max)=0.100/0.126/3.242
[NAV] t=65.0s position=(-49.61,-2.86,2.28) yaw=108.3deg command=(0.00,0.00,0.00) manual_active=1 collision_blocks=0
[depth_angular_controller-1] [INFO] [1790572744.896987370] [depth_angular_controller]: PAPER_EVIDENCE retained=32 balls=32 revoked_balls=0 expired_views=0 evicted_views=98 radius=0.840 clearance=0.000 best_prefix=0.028
[depth_angular_controller-1] [INFO] [1790572745.795942457] [depth_angular_controller]: PAPER_EVIDENCE retained=32 balls=32 revoked_balls=0 expired_views=0 evicted_views=98 radius=0.840 clearance=0.000 best_prefix=0.028
[depth_angular_controller-1] [INFO] [1790572746.771278333] [depth_angular_controller]: PAPER_EVIDENCE retained=32 balls=32 revoked_balls=0 expired_views=0 evicted_views=98 radius=0.840 clearance=0.000 best_prefix=0.028
[depth_angular_controller-1] [INFO] [1790572747.673882711] [depth_angular_controller]: [PERF CTRL] run=envelope_optimized_wide elapsed=79.24s callbacks=3376 commands=3375 guidance=2825 command_fps(ros/wall)=49.73/51.79 guidance_wall_fps=43.91 avoid_ms(mean/p50/p95/max)=2.760/2.276/12.859/43.842 cycle_ms(mean/p95/max)=19.309/35.072/103.905 depth_to_cmd_ms(mean/p95/max)=31.440/33.333/50.000 callback_to_publish_ms(mean/p95/max)=10.471/20.337/52.498
[depth_angular_controller-1] [INFO] [1790572747.793747575] [depth_angular_controller]: PAPER_EVIDENCE retained=32 balls=32 revoked_balls=0 expired_views=0 evicted_views=98 radius=0.840 clearance=0.000 best_prefix=0.028
[depth_angular_controller-1] [INFO] [1790572748.772728416] [depth_angular_controller]: PAPER_EVIDENCE retained=32 balls=32 revoked_balls=0 expired_views=0 evicted_views=98 radius=0.840 clearance=0.000 best_prefix=0.028
[position_cmd_to_twist-2] [INFO] [1790572749.654500558] [position_cmd_to_twist]: [PERF BRIDGE] run=envelope_optimized_wide elapsed=80.78s received=3478 published=3478 fps(ros/wall)=49.74/51.80 controller_to_bridge_ms(mean/p50/p95/max)=2.621/0.000/16.667/50.000 bridge_process_ms(mean/p95/max)=0.101/0.127/3.242
[NAV] t=70.0s position=(-49.61,-2.86,2.28) yaw=108.3deg command=(0.00,0.00,0.00) manual_active=1 collision_blocks=0
[depth_angular_controller-1] [INFO] [1790572749.739474628] [depth_angular_controller]: PAPER_EVIDENCE retained=32 balls=32 revoked_balls=0 expired_views=0 evicted_views=98 radius=0.840 clearance=0.000 best_prefix=0.028
[depth_angular_controller-1] [INFO] [1790572750.692381603] [depth_angular_controller]: PAPER_EVIDENCE retained=32 balls=32 revoked_balls=0 expired_views=0 evicted_views=98 radius=0.840 clearance=0.000 best_prefix=0.028
[depth_angular_controller-1] [INFO] [1790572751.605410697] [depth_angular_controller]: PAPER_EVIDENCE retained=32 balls=32 revoked_balls=0 expired_views=0 evicted_views=98 radius=0.840 clearance=0.000 best_prefix=0.028
[depth_angular_controller-1] [INFO] [1790572752.680535697] [depth_angular_controller]: [PERF CTRL] run=envelope_optimized_wide elapsed=84.25s callbacks=3633 commands=3632 guidance=3082 command_fps(ros/wall)=49.75/51.76 guidance_wall_fps=44.45 avoid_ms(mean/p50/p95/max)=2.745/2.385/12.359/43.842 cycle_ms(mean/p95/max)=19.321/35.048/103.905 depth_to_cmd_ms(mean/p95/max)=31.587/33.333/50.000 callback_to_publish_ms(mean/p95/max)=10.515/19.802/52.498
[depth_angular_controller-1] [INFO] [1790572752.693868568] [depth_angular_controller]: PAPER_EVIDENCE retained=32 balls=32 revoked_balls=0 expired_views=0 evicted_views=98 radius=0.840 clearance=0.000 best_prefix=0.028
[depth_angular_controller-1] [INFO] [1790572753.719392724] [depth_angular_controller]: ZERO_INTENT
[position_cmd_to_twist-2] [INFO] [1790572754.539488962] [position_cmd_to_twist]: [PERF BRIDGE] run=envelope_optimized_wide elapsed=85.66s received=3728 published=3728 fps(ros/wall)=49.76/51.76 controller_to_bridge_ms(mean/p50/p95/max)=2.530/0.000/16.667/50.000 bridge_process_ms(mean/p95/max)=0.101/0.128/3.242
[NAV] t=75.0s position=(-49.61,-2.86,2.28) yaw=108.3deg command=(0.00,0.00,0.00) manual_active=0 collision_blocks=0
[depth_angular_controller-1] [INFO] [1790572757.331235938] [depth_angular_controller]: 3D guidance switched to view 3
[depth_angular_controller-1] [INFO] [1790572757.334306398] [depth_angular_controller]: NO_REGULAR_FIELD
[depth_angular_controller-1] [INFO] [1790572757.334332502] [depth_angular_controller]: PAPER_EVIDENCE retained=32 balls=32 revoked_balls=0 expired_views=0 evicted_views=98 radius=0.840 clearance=0.000 best_prefix=0.028
[depth_angular_controller-1] [INFO] [1790572757.684151364] [depth_angular_controller]: [PERF CTRL] run=envelope_optimized_wide elapsed=89.25s callbacks=3905 commands=3904 guidance=3154 command_fps(ros/wall)=49.77/51.93 guidance_wall_fps=42.42 avoid_ms(mean/p50/p95/max)=2.741/2.404/12.139/43.842 cycle_ms(mean/p95/max)=19.257/34.776/103.905 depth_to_cmd_ms(mean/p95/max)=31.521/33.333/50.000 callback_to_publish_ms(mean/p95/max)=10.436/19.454/52.498
[depth_angular_controller-1] [INFO] [1790572758.229406382] [depth_angular_controller]: PAPER_EVIDENCE retained=32 balls=32 revoked_balls=0 expired_views=0 evicted_views=98 radius=0.840 clearance=0.000 best_prefix=0.028
[position_cmd_to_twist-2] [INFO] [1790572759.043854248] [position_cmd_to_twist]: [PERF BRIDGE] run=envelope_optimized_wide elapsed=90.17s received=3978 published=3978 fps(ros/wall)=49.77/51.98 controller_to_bridge_ms(mean/p50/p95/max)=2.397/0.000/16.667/50.000 bridge_process_ms(mean/p95/max)=0.101/0.128/3.242
[NAV] t=80.0s position=(-49.61,-2.86,2.28) yaw=108.3deg command=(0.00,0.00,0.00) manual_active=1 collision_blocks=0
[depth_angular_controller-1] [INFO] [1790572759.122354452] [depth_angular_controller]: PAPER_EVIDENCE retained=32 balls=32 revoked_balls=0 expired_views=0 evicted_views=98 radius=0.840 clearance=0.000 best_prefix=0.028
[depth_angular_controller-1] [INFO] [1790572759.977333530] [depth_angular_controller]: PAPER_EVIDENCE retained=32 balls=32 revoked_balls=0 expired_views=0 evicted_views=98 radius=0.840 clearance=0.000 best_prefix=0.028
[depth_angular_controller-1] [INFO] [1790572760.876476866] [depth_angular_controller]: PAPER_EVIDENCE retained=32 balls=32 revoked_balls=0 expired_views=0 evicted_views=98 radius=0.840 clearance=0.000 best_prefix=0.028
[depth_angular_controller-1] [INFO] [1790572761.788832682] [depth_angular_controller]: PAPER_EVIDENCE retained=32 balls=32 revoked_balls=0 expired_views=0 evicted_views=98 radius=0.840 clearance=0.000 best_prefix=0.028
[depth_angular_controller-1] [INFO] [1790572762.741167382] [depth_angular_controller]: [PERF CTRL] run=envelope_optimized_wide elapsed=94.31s callbacks=4182 commands=4181 guidance=3431 command_fps(ros/wall)=49.78/52.11 guidance_wall_fps=43.21 avoid_ms(mean/p50/p95/max)=2.727/2.428/11.636/43.842 cycle_ms(mean/p95/max)=19.191/34.414/103.905 depth_to_cmd_ms(mean/p95/max)=30.540/33.333/50.000 callback_to_publish_ms(mean/p95/max)=10.479/18.986/52.498
[depth_angular_controller-1] [INFO] [1790572762.764582456] [depth_angular_controller]: PAPER_EVIDENCE retained=32 balls=32 revoked_balls=0 expired_views=0 evicted_views=98 radius=0.840 clearance=0.000 best_prefix=0.028
[position_cmd_to_twist-2] [INFO] [1790572763.527793325] [position_cmd_to_twist]: [PERF BRIDGE] run=envelope_optimized_wide elapsed=94.65s received=4228 published=4228 fps(ros/wall)=49.79/52.18 controller_to_bridge_ms(mean/p50/p95/max)=2.365/0.000/16.667/50.000 bridge_process_ms(mean/p95/max)=0.103/0.128/3.242
[NAV] t=85.0s position=(-49.61,-2.86,2.28) yaw=108.3deg command=(0.00,0.00,0.00) manual_active=1 collision_blocks=0
[depth_angular_controller-1] [INFO] [1790572763.613767166] [depth_angular_controller]: PAPER_EVIDENCE retained=32 balls=32 revoked_balls=0 expired_views=0 evicted_views=98 radius=0.840 clearance=0.000 best_prefix=0.028
[depth_angular_controller-1] [INFO] [1790572764.447044709] [depth_angular_controller]: PAPER_EVIDENCE retained=32 balls=32 revoked_balls=0 expired_views=0 evicted_views=98 radius=0.840 clearance=0.000 best_prefix=0.028
[depth_angular_controller-1] [INFO] [1790572765.284293701] [depth_angular_controller]: PAPER_EVIDENCE retained=32 balls=32 revoked_balls=0 expired_views=0 evicted_views=98 radius=0.840 clearance=0.000 best_prefix=0.028
[depth_angular_controller-1] [INFO] [1790572766.131221071] [depth_angular_controller]: PAPER_EVIDENCE retained=28 balls=32 revoked_balls=0 expired_views=4 evicted_views=98 radius=0.840 clearance=0.000 best_prefix=0.028
[depth_angular_controller-1] [INFO] [1790572766.967969132] [depth_angular_controller]: PAPER_EVIDENCE retained=24 balls=32 revoked_balls=0 expired_views=8 evicted_views=98 radius=0.840 clearance=0.000 best_prefix=0.028
[position_cmd_to_twist-2] [INFO] [1790572767.731864865] [position_cmd_to_twist]: [PERF BRIDGE] run=envelope_optimized_wide elapsed=98.86s received=4478 published=4478 fps(ros/wall)=49.80/52.54 controller_to_bridge_ms(mean/p50/p95/max)=2.296/0.000/16.667/50.000 bridge_process_ms(mean/p95/max)=0.102/0.128/3.242
[depth_angular_controller-1] [INFO] [1790572767.741504782] [depth_angular_controller]: [PERF CTRL] run=envelope_optimized_wide elapsed=99.31s callbacks=4480 commands=4479 guidance=3729 command_fps(ros/wall)=49.80/52.55 guidance_wall_fps=44.18 avoid_ms(mean/p50/p95/max)=2.705/2.430/11.245/43.842 cycle_ms(mean/p95/max)=19.030/33.867/103.905 depth_to_cmd_ms(mean/p95/max)=29.673/33.333/50.000 callback_to_publish_ms(mean/p95/max)=10.485/18.232/52.498
[NAV] t=90.0s position=(-49.61,-2.86,2.28) yaw=108.3deg command=(0.00,0.00,0.00) manual_active=0 collision_blocks=0
[depth_angular_controller-1] [INFO] [1790572767.808616803] [depth_angular_controller]: ZERO_INTENT
[MANUAL RESULT] TIMEOUT position=(-49.609,-2.857,2.284)
[PERF ISAAC FINAL] run=envelope_optimized_wide result=MANUAL_TIMEOUT wall=89.39s sim_frames=5643 fps(sim/wall)=60.02/63.13 command_changes=1112 collision_blocks=0 frame_interval_ms(mean/p50/p95/max)=15.743/14.551/17.243/78.384
[102.508s] Simulation App Shutting Down
[depth_angular_controller-1] [INFO] [1790572771.924793387] [rclcpp]: signal_handler(SIGINT/SIGTERM)
[position_cmd_to_twist-2] [INFO] [1790572771.925903306] [position_cmd_to_twist]: [PERF BRIDGE FINAL] run=envelope_optimized_wide elapsed=103.05s received=4683 published=4683 fps(ros/wall)=49.81/52.73 controller_to_bridge_ms(mean/p50/p95/max)=2.196/0.000/16.667/50.000 bridge_process_ms(mean/p95/max)=0.102/0.127/3.242
[position_cmd_to_twist-2] Failed to publish log message to rosout: publisher's context is invalid, at ./src/rcl/publisher.c:389
[depth_angular_controller-1] [INFO] [1790572771.925921905] [depth_angular_controller]: [PERF CTRL FINAL] run=envelope_optimized_wide elapsed=103.49s callbacks=4684 commands=4683 guidance=3732 command_fps(ros/wall)=49.81/52.73 guidance_wall_fps=44.19 avoid_ms(mean/p50/p95/max)=2.704/2.430/11.222/43.842 cycle_ms(mean/p95/max)=18.965/33.730/103.905 depth_to_cmd_ms(mean/p95/max)=29.662/33.333/50.000 callback_to_publish_ms(mean/p95/max)=10.291/17.932/52.498
[INFO] [depth_angular_controller-1]: process has finished cleanly [pid 27644]
[INFO] [position_cmd_to_twist-2]: process has finished cleanly [pid 27646]
