{
  "front_up": {
    "velocity": [
      0.0,
      0.0,
      0.0
    ],
    "status": "UNOBSERVED_BODY_ENVELOPE"
  },
  "left_up": {
    "velocity": [
      0.0,
      0.0,
      0.0
    ],
    "status": "UNOBSERVED_BODY_ENVELOPE"
  },
  "back_down": {
    "velocity": [
      0.0,
      0.0,
      0.0
    ],
    "status": "UNOBSERVED_BODY_ENVELOPE"
  },
  "right_down": {
    "velocity": [
      0.0,
      0.0,
      0.0
    ],
    "status": "UNOBSERVED_BODY_ENVELOPE"
  },
  "diagonal": {
    "velocity": [
      0.0,
      0.0,
      0.0
    ],
    "status": "UNOBSERVED_BODY_ENVELOPE"
  },
  "obstacle_velocity": [
    0.0,
    0.0,
    0.0
  ],
  "pure_up": "UNOBSERVED_BODY_ENVELOPE",
  "pure_down": "UNOBSERVED_BODY_ENVELOPE",
  "stale_depth": "STALE_DEPTH",
  "stale_intent": "STALE_INTENT",
  "released": "ZERO_INTENT",
  "strict_observation_refusal": "PASS; navigation acceptance remains NOT PASS",
  "matched_command_rays": 0,
  "controller_log": "/tmp/ego1p1-vector-controller-3jgo4672.log"
}
