[INFO] [1791362630.902394155] [probe_b]: PROCESSING_RATES control=50.0 Hz depth_limit=0.0 Hz (0=unlimited)
[INFO] [1791362630.905283625] [probe_b]: C++ controller commands publish on /probe_b/position_cmd; horizontal views=1
[INFO] [1791362630.925351319] [probe_b]: WAITING_ODOMETRY
[INFO] [1791362630.966711547] [probe_b]: OMNI_DEPTH views=1 azimuth_bins=180 elevation_bins=37 valid=0 certificates=64 short=0 held=0 local_candidates=0 yaw=0.00
[INFO] [1791362630.966764307] [probe_b]: UNOBSERVED_BODY_ENVELOPE
[INFO] [1791362630.966769977] [probe_b]: PAPER_BUILD reason= required=0.0000 best=0.0000 free=0 refined=0 tubes=0 revoked_tubes=0 proofs=0
[INFO] [1791362630.966775237] [probe_b]: PAPER_EVIDENCE retained=0 balls=0 revoked_balls=0 expired_views=0 evicted_views=0 radius=0.605 clearance=0.000 best_prefix=0.000
[INFO] [1791362631.986572906] [probe_b]: OMNI_DEPTH views=1 azimuth_bins=180 elevation_bins=37 valid=0 certificates=64 short=0 held=0 local_candidates=0 yaw=0.00
[INFO] [1791362631.986642747] [probe_b]: PAPER_BUILD reason= required=0.0000 best=0.0000 free=0 refined=0 tubes=0 revoked_tubes=0 proofs=0
[INFO] [1791362631.986649510] [probe_b]: PAPER_EVIDENCE retained=0 balls=0 revoked_balls=0 expired_views=0 evicted_views=0 radius=0.605 clearance=0.000 best_prefix=0.000
[INFO] [1791362632.986577908] [probe_b]: OMNI_DEPTH views=1 azimuth_bins=180 elevation_bins=37 valid=0 certificates=64 short=0 held=0 local_candidates=0 yaw=0.00
[INFO] [1791362632.986655273] [probe_b]: PAPER_BUILD reason= required=0.0000 best=0.0000 free=0 refined=0 tubes=0 revoked_tubes=0 proofs=0
[INFO] [1791362632.986668699] [probe_b]: PAPER_EVIDENCE retained=0 balls=0 revoked_balls=0 expired_views=0 evicted_views=0 radius=0.605 clearance=0.000 best_prefix=0.000
[INFO] [1791362633.986948036] [probe_b]: OMNI_DEPTH views=1 azimuth_bins=180 elevation_bins=37 valid=0 certificates=64 short=0 held=0 local_candidates=0 yaw=0.00
[INFO] [1791362633.987022917] [probe_b]: PAPER_BUILD reason= required=0.0000 best=0.0000 free=0 refined=0 tubes=0 revoked_tubes=0 proofs=0
[INFO] [1791362633.987029619] [probe_b]: PAPER_EVIDENCE retained=0 balls=0 revoked_balls=0 expired_views=0 evicted_views=0 radius=0.605 clearance=0.000 best_prefix=0.000
[INFO] [1791362634.987175957] [probe_b]: OMNI_DEPTH views=1 azimuth_bins=180 elevation_bins=37 valid=0 certificates=64 short=0 held=0 local_candidates=0 yaw=0.00
[INFO] [1791362634.987248514] [probe_b]: PAPER_BUILD reason= required=0.0000 best=0.0000 free=0 refined=0 tubes=0 revoked_tubes=0 proofs=0
[INFO] [1791362634.987256719] [probe_b]: PAPER_EVIDENCE retained=0 balls=0 revoked_balls=0 expired_views=0 evicted_views=0 radius=0.605 clearance=0.000 best_prefix=0.000
[INFO] [1791362635.897465526] [rclcpp]: signal_handler(SIGINT/SIGTERM)
[INFO] [1791362635.898013736] [probe_b]: [PERF CTRL FINAL] run=unspecified elapsed=4.99s callbacks=249 commands=247 guidance=247 command_fps(ros/wall)=50.00/50.00 guidance_wall_fps=49.98 avoid_ms(mean/p50/p95/max)=1.300/1.214/1.734/2.016 cycle_ms(mean/p95/max)=20.001/20.458/20.685 depth_to_cmd_ms(mean/p95/max)=27.806/53.023/53.447 callback_to_publish_ms(mean/p95/max)=1.343/1.798/2.055
[INFO] [1791362635.898046778] [probe_b]: EVIDENCE_COST ingest(mean/p95/max)=0.023/0.074/0.109 record=0.001/0.002/0.007 ms
[INFO] [1791362635.898050986] [probe_b]: EVIDENCE_PHASE per_view_mean_ms balls=0.000 tubes=0.000 history=0.000 eviction=0.000
